2026-02-08 19:38:01,118 : INFO : root : Loading config.
2026-02-08 19:38:01,202 : INFO : ConfigProcessor : Config spec file cache created: /var/folders/np/pd6clpgx1xs_0sdwz71m1gyh0000gn/T/config_spec.mpf_cache
2026-02-08 19:38:01,202 : INFO : YamlMultifileConfigLoader : Machine config file #1: config.yaml
2026-02-08 19:38:01,202 : INFO : ConfigProcessor : Loading config from file /Library/Frameworks/Python.framework/Versions/3.13/lib/python3.13/site-packages/mpf/mpfconfig.yaml.
2026-02-08 19:38:01,221 : INFO : ConfigProcessor : Loading config: /Library/Frameworks/Python.framework/Versions/3.13/lib/python3.13/site-packages/mpf/mpfconfig.yaml
2026-02-08 19:38:01,221 : INFO : ConfigProcessor : Loading config from file /Users/andre/NapoleonDynamite/config/config.yaml.
2026-02-08 19:38:01,222 : INFO : ConfigProcessor : Loading config: /Users/andre/NapoleonDynamite/config/config.yaml
2026-02-08 19:38:01,222 : INFO : ConfigProcessor : Config file cache created: /var/folders/np/pd6clpgx1xs_0sdwz71m1gyh0000gn/T/00addb5eaaf19e366a8bc2e537dfc5e2.mpf_cache
2026-02-08 19:38:01,239 : INFO : ConfigProcessor : Loading config from file /Library/Frameworks/Python.framework/Versions/3.13/lib/python3.13/site-packages/mpf/modes/attract/config/attract.yaml.
2026-02-08 19:38:01,240 : INFO : ConfigProcessor : Loading config: /Library/Frameworks/Python.framework/Versions/3.13/lib/python3.13/site-packages/mpf/modes/attract/config/attract.yaml
2026-02-08 19:38:01,240 : INFO : ConfigProcessor : Loading config from file /Users/andre/NapoleonDynamite/modes/attract/config/attract.yaml.
2026-02-08 19:38:01,240 : INFO : ConfigProcessor : Loading config: /Users/andre/NapoleonDynamite/modes/attract/config/attract.yaml
2026-02-08 19:38:01,240 : INFO : ConfigProcessor : Config file cache created: /var/folders/np/pd6clpgx1xs_0sdwz71m1gyh0000gn/T/17249d28c5038822300153ccd16b5450.mpf_cache
2026-02-08 19:38:01,241 : INFO : ConfigProcessor : Loading config from file /Library/Frameworks/Python.framework/Versions/3.13/lib/python3.13/site-packages/mpf/modes/game/config/game.yaml.
2026-02-08 19:38:01,241 : INFO : ConfigProcessor : Loading config: /Library/Frameworks/Python.framework/Versions/3.13/lib/python3.13/site-packages/mpf/modes/game/config/game.yaml
2026-02-08 19:38:01,241 : INFO : ConfigProcessor : Config file cache created: /var/folders/np/pd6clpgx1xs_0sdwz71m1gyh0000gn/T/786e273e12b38b2b1133a8d0aa2f17ad.mpf_cache
2026-02-08 19:38:01,241 : INFO : ConfigProcessor : Loading config from cache: /var/folders/np/pd6clpgx1xs_0sdwz71m1gyh0000gn/T/17249d28c5038822300153ccd16b5450.mpf_cache
2026-02-08 19:38:01,242 : WARNING : ConfigProcessor : Config file in cache changed: /Users/andre/NapoleonDynamite/modes/base/config/base.yaml
2026-02-08 19:38:01,242 : INFO : ConfigProcessor : Loading config from file /Users/andre/NapoleonDynamite/modes/base/config/base.yaml.
2026-02-08 19:38:01,242 : INFO : ConfigProcessor : Loading config: /Users/andre/NapoleonDynamite/modes/base/config/base.yaml
2026-02-08 19:38:01,242 : INFO : ConfigProcessor : Config file cache created: /var/folders/np/pd6clpgx1xs_0sdwz71m1gyh0000gn/T/128730e328aaa296072fe140e2e7dc9c.mpf_cache
2026-02-08 19:38:01,242 : INFO : Machine : Mission Pinball Framework Core Engine v0.80.0.dev12
2026-02-08 19:38:01,243 : INFO : Machine : Command line arguments: {'no_load_cache': False, 'create_config_cache': True, 'bcp': False, 'configfile': ['config.yaml'], 'force_assets_load': False, 'platform_integration_test': False, 'jsonlogging': False, 'logfile': 'logs/2026-02-08-19-38-01-mpf-ANDREs-MacBook-Pro-2.local.log', 'pause': False, 'production': False, 'text_ui': False, 'loglevel': 15, 'consoleloglevel': 20, 'force_platform': 'virtual', 'syslog_address': None, 'full_logfile_path': '/Users/andre/NapoleonDynamite/logs/2026-02-08-19-38-01-mpf-ANDREs-MacBook-Pro-2.local.log'}
2026-02-08 19:38:01,243 : INFO : Machine : MPF path: /Library/Frameworks/Python.framework/Versions/3.13/lib/python3.13/site-packages/mpf
2026-02-08 19:38:01,243 : INFO : Machine : Machine path: /Users/andre/NapoleonDynamite
2026-02-08 19:38:01,243 : INFO : Machine : Platform: darwin
2026-02-08 19:38:01,243 : INFO : Machine : Python executable location: /Library/Frameworks/Python.framework/Versions/3.13/bin/python3.13
2026-02-08 19:38:01,243 : INFO : Machine : Python version: 3.13.12 (64-bit)
2026-02-08 19:38:01,243 : INFO : Machine : Initializing MPF...
2026-02-08 19:38:01,362 : INFO : EventManager : Event: ======'machine_var_credits_string'====== Args={'value': 'FREE PLAY', 'prev_value': None, 'change': True}
2026-02-08 19:38:01,367 : INFO : EventManager : Event: ======'machine_var_master_volume'====== Args={'value': 0.5, 'prev_value': None, 'change': True}
2026-02-08 19:38:01,367 : INFO : EventManager : Event: ======'machine_var_mpf_version'====== Args={'value': 'Mission Pinball Framework v0.80.0.dev12', 'prev_value': None, 'change': True}
2026-02-08 19:38:01,367 : INFO : EventManager : Event: ======'machine_var_mpf_extended_version'====== Args={'value': 'Mission Pinball Framework v0.80.0.dev12, Config version:6, Show version: 6, BCP version:1.1', 'prev_value': None, 'change': True}
2026-02-08 19:38:01,367 : INFO : EventManager : Event: ======'machine_var_python_version'====== Args={'value': '3.13.12', 'prev_value': None, 'change': True}
2026-02-08 19:38:01,379 : INFO : EventManager : Event: ======'machine_var_platform'====== Args={'value': 'macOS-26.2-arm64-arm-64bit-Mach-O', 'prev_value': None, 'change': True}
2026-02-08 19:38:01,379 : INFO : EventManager : Event: ======'machine_var_platform_system'====== Args={'value': 'Darwin', 'prev_value': None, 'change': True}
2026-02-08 19:38:01,379 : INFO : EventManager : Event: ======'machine_var_platform_release'====== Args={'value': '25.2.0', 'prev_value': None, 'change': True}
2026-02-08 19:38:01,379 : INFO : EventManager : Event: ======'machine_var_platform_version'====== Args={'value': 'Darwin Kernel Version 25.2.0: Tue Nov 18 21:07:05 PST 2025; root:xnu-12377.61.12~1/RELEASE_ARM64_T6020', 'prev_value': None, 'change': True}
2026-02-08 19:38:01,379 : INFO : EventManager : Event: ======'machine_var_platform_machine'====== Args={'value': 'arm64', 'prev_value': None, 'change': True}
2026-02-08 19:38:01,379 : INFO : EventManager : Event: ======'machine_var_log_file_path'====== Args={'value': '/Users/andre/NapoleonDynamite/logs/2026-02-08-19-38-01-mpf-ANDREs-MacBook-Pro-2.local.log', 'prev_value': None, 'change': True}
2026-02-08 19:38:01,379 : INFO : EventManager : Event: ======'init_phase_1'====== Args={}
2026-02-08 19:38:01,385 : INFO : EventManager : Event: ======'init_phase_2'====== Args={}
2026-02-08 19:38:01,387 : INFO : EventManager : Event: ======'init_phase_3'====== Args={}
2026-02-08 19:38:01,387 : INFO : EventManager : Event: ======'init_phase_4'====== Args={}
2026-02-08 19:38:01,388 : INFO : EventManager : Event: ======'machine_var_audits_events_game_started'====== Args={'value': 0, 'prev_value': None, 'change': True}
2026-02-08 19:38:01,388 : INFO : EventManager : Event: ======'machine_var_audits_events_game_ended'====== Args={'value': 0, 'prev_value': None, 'change': True}
2026-02-08 19:38:01,388 : INFO : EventManager : Event: ======'machine_var_audits_player_score'====== Args={'value': {'top': [], 'average': 0, 'total': 0}, 'prev_value': None, 'change': True}
2026-02-08 19:38:01,388 : INFO : EventManager : Event: ======'init_phase_5'====== Args={}
2026-02-08 19:38:01,388 : INFO : EventManager : Event: ======'init_done'====== Args={}
2026-02-08 19:38:01,388 : INFO : EventManager : Event: ======'machine_reset_phase_1'====== Args={}
2026-02-08 19:38:01,388 : INFO : EventManager : Event: ======'machine_reset_phase_2'====== Args={}
2026-02-08 19:38:01,388 : INFO : EventManager : Event: ======'machine_reset_phase_3'====== Args={}
2026-02-08 19:38:01,388 : INFO : EventManager : Event: ======'reset_complete'====== Args={}
2026-02-08 19:38:01,388 : INFO : EventManager : Event: ======'mode_attract_will_start'====== Args={}
2026-02-08 19:38:01,389 : INFO : EventManager : Event: ======'mode_attract_starting'====== Args={}
2026-02-08 19:38:01,389 : INFO : Mode.attract : Started. Priority: 10
2026-02-08 19:38:01,389 : INFO : EventManager : Event: ======'modes_active_modes_changed'====== Args={}
2026-02-08 19:38:01,389 : INFO : EventManager : Event: ======'mode_attract_started'====== Args={}
2026-02-08 19:38:01,389 : INFO : EventManager : Event: ======'collecting_balls_complete'====== Args={}
2026-02-08 19:38:01,389 : INFO : Machine : Starting the main run loop with active modes: [<Mode.attract>]
2026-02-08 19:38:20,202 : INFO : Machine : Shutting down...
2026-02-08 19:38:20,202 : INFO : EventManager : Event: ======'shutdown'====== Args={}
2026-02-08 19:38:20,205 : INFO : root : MPF run loop ended.
