2026-02-28 16:44:48,302 : INFO : root : Loading config.
2026-02-28 16:44:48,304 : INFO : YamlMultifileConfigLoader : Machine config file #1: config.yaml
2026-02-28 16:44:48,304 : INFO : ConfigProcessor : Loading config from cache: /var/folders/np/pd6clpgx1xs_0sdwz71m1gyh0000gn/T/00addb5eaaf19e366a8bc2e537dfc5e2.mpf_cache
2026-02-28 16:44:48,323 : INFO : ConfigProcessor : Loading config from cache: /var/folders/np/pd6clpgx1xs_0sdwz71m1gyh0000gn/T/17249d28c5038822300153ccd16b5450.mpf_cache
2026-02-28 16:44:48,324 : INFO : ConfigProcessor : Loading config from cache: /var/folders/np/pd6clpgx1xs_0sdwz71m1gyh0000gn/T/786e273e12b38b2b1133a8d0aa2f17ad.mpf_cache
2026-02-28 16:44:48,324 : INFO : ConfigProcessor : Loading config from cache: /var/folders/np/pd6clpgx1xs_0sdwz71m1gyh0000gn/T/17249d28c5038822300153ccd16b5450.mpf_cache
2026-02-28 16:44:48,324 : INFO : ConfigProcessor : Loading config from cache: /var/folders/np/pd6clpgx1xs_0sdwz71m1gyh0000gn/T/128730e328aaa296072fe140e2e7dc9c.mpf_cache
2026-02-28 16:44:48,324 : INFO : ConfigProcessor : Loading config from cache: /var/folders/np/pd6clpgx1xs_0sdwz71m1gyh0000gn/T/6361db87863b427e5d069bbf0c807c9d.mpf_cache
2026-02-28 16:44:48,324 : INFO : Machine : Mission Pinball Framework Core Engine v0.80.0.dev12
2026-02-28 16:44:48,324 : INFO : Machine : Command line arguments: {'no_load_cache': False, 'create_config_cache': True, 'bcp': True, 'configfile': ['config.yaml'], 'force_assets_load': False, 'platform_integration_test': False, 'jsonlogging': False, 'logfile': 'logs/2026-02-28-16-44-48-mpf-ANDREs-MacBook-Pro-2.local.log', 'pause': False, 'production': False, 'text_ui': False, 'loglevel': 15, 'consoleloglevel': 20, 'force_platform': 'virtual', 'syslog_address': None, 'full_logfile_path': '/Users/andre/NapoleonDynamite/logs/2026-02-28-16-44-48-mpf-ANDREs-MacBook-Pro-2.local.log'}
2026-02-28 16:44:48,324 : INFO : Machine : MPF path: /Library/Frameworks/Python.framework/Versions/3.13/lib/python3.13/site-packages/mpf
2026-02-28 16:44:48,324 : INFO : Machine : Machine path: /Users/andre/NapoleonDynamite
2026-02-28 16:44:48,324 : INFO : Machine : Platform: darwin
2026-02-28 16:44:48,324 : INFO : Machine : Python executable location: /Library/Frameworks/Python.framework/Versions/3.13/bin/python3.13
2026-02-28 16:44:48,324 : INFO : Machine : Python version: 3.13.12 (64-bit)
2026-02-28 16:44:48,325 : INFO : Machine : Initializing MPF...
2026-02-28 16:44:48,346 : INFO : EventManager : Event: ======'machine_var_credits_string'====== Args={'value': 'FREE PLAY', 'prev_value': None, 'change': True}
2026-02-28 16:44:48,350 : INFO : EventManager : Event: ======'machine_var_master_volume'====== Args={'value': 0.5, 'prev_value': None, 'change': True}
2026-02-28 16:44:48,350 : INFO : EventManager : Event: ======'machine_var_mpf_version'====== Args={'value': 'Mission Pinball Framework v0.80.0.dev12', 'prev_value': None, 'change': True}
2026-02-28 16:44:48,350 : INFO : EventManager : Event: ======'machine_var_mpf_extended_version'====== Args={'value': 'Mission Pinball Framework v0.80.0.dev12, Config version:6, Show version: 6, BCP version:1.1', 'prev_value': None, 'change': True}
2026-02-28 16:44:48,350 : INFO : EventManager : Event: ======'machine_var_python_version'====== Args={'value': '3.13.12', 'prev_value': None, 'change': True}
2026-02-28 16:44:48,358 : INFO : EventManager : Event: ======'machine_var_platform'====== Args={'value': 'macOS-26.3-arm64-arm-64bit-Mach-O', 'prev_value': None, 'change': True}
2026-02-28 16:44:48,359 : INFO : EventManager : Event: ======'machine_var_platform_system'====== Args={'value': 'Darwin', 'prev_value': None, 'change': True}
2026-02-28 16:44:48,359 : INFO : EventManager : Event: ======'machine_var_platform_release'====== Args={'value': '25.3.0', 'prev_value': None, 'change': True}
2026-02-28 16:44:48,359 : INFO : EventManager : Event: ======'machine_var_platform_version'====== Args={'value': 'Darwin Kernel Version 25.3.0: Wed Jan 28 20:53:05 PST 2026; root:xnu-12377.81.4~5/RELEASE_ARM64_T6020', 'prev_value': None, 'change': True}
2026-02-28 16:44:48,359 : INFO : EventManager : Event: ======'machine_var_platform_machine'====== Args={'value': 'arm64', 'prev_value': None, 'change': True}
2026-02-28 16:44:48,359 : INFO : EventManager : Event: ======'machine_var_log_file_path'====== Args={'value': '/Users/andre/NapoleonDynamite/logs/2026-02-28-16-44-48-mpf-ANDREs-MacBook-Pro-2.local.log', 'prev_value': None, 'change': True}
2026-02-28 16:44:48,359 : INFO : EventManager : Event: ======'init_phase_1'====== Args={}
2026-02-28 16:44:48,364 : INFO : EventManager : Event: ======'init_phase_2'====== Args={}
2026-02-28 16:44:48,365 : INFO : SwitchController : Found active switch: (1004, <Platform.Virtual>) <switch.s_trough_1>
2026-02-28 16:44:48,365 : INFO : SwitchController : Found active switch: (1005, <Platform.Virtual>) <switch.s_trough_2>
2026-02-28 16:44:48,365 : INFO : SwitchController : Found active switch: (1006, <Platform.Virtual>) <switch.s_trough_3>
2026-02-28 16:44:48,365 : INFO : SwitchController : Found active switch: (1007, <Platform.Virtual>) <switch.s_trough_4>
2026-02-28 16:44:48,365 : INFO : SwitchController : Found active switch: (1008, <Platform.Virtual>) <switch.s_trough_5>
2026-02-28 16:44:48,365 : INFO : SwitchController : Found active switch: (1009, <Platform.Virtual>) <switch.s_trough_6>
2026-02-28 16:44:48,365 : INFO : SwitchController : Found active switch: (1010, <Platform.Virtual>) <switch.s_trough_7>
2026-02-28 16:44:48,365 : INFO : EventManager : Event: ======'bcp_connection_attempt'====== Args={'name': 'local_display', 'host': 'localhost', 'port': 5050}
2026-02-28 16:44:48,366 : INFO : BCPClientSocket : Connecting BCP to 'local_display' at localhost:5050...
2026-02-28 16:44:48,369 : INFO : BCPClientSocket : Connected BCP to 'local_display' localhost:5050
2026-02-28 16:44:48,370 : INFO : EventManager : Event: ======'bcp_clients_connected'====== Args={}
2026-02-28 16:44:48,370 : INFO : ball_device.bd_trough : BCH: Initial count: 7
2026-02-28 16:44:48,370 : INFO : ball_device.bd_trough : State: idle
2026-02-28 16:44:48,370 : INFO : ball_device.bd_plunger : BCH: Initial count: 0
2026-02-28 16:44:48,370 : INFO : ball_device.bd_plunger : State: idle
2026-02-28 16:44:48,374 : INFO : EventManager : Event: ======'init_phase_3'====== Args={}
2026-02-28 16:44:48,375 : INFO : EventManager : Event: ======'init_phase_4'====== Args={}
2026-02-28 16:44:48,375 : INFO : BallController : Initial balls found: 7
2026-02-28 16:44:48,376 : INFO : EventManager : Event: ======'machine_var_audits_events_game_ended'====== Args={'value': 0, 'prev_value': None, 'change': True}
2026-02-28 16:44:48,376 : INFO : EventManager : Event: ======'machine_var_audits_events_game_started'====== Args={'value': 1, 'prev_value': None, 'change': True}
2026-02-28 16:44:48,376 : INFO : EventManager : Event: ======'machine_var_audits_missing_switches_s_flipper_left'====== Args={'value': 1, 'prev_value': None, 'change': True}
2026-02-28 16:44:48,376 : INFO : EventManager : Event: ======'machine_var_audits_missing_switches_s_flipper_right_lower'====== Args={'value': 1, 'prev_value': None, 'change': True}
2026-02-28 16:44:48,376 : INFO : EventManager : Event: ======'machine_var_audits_missing_switches_s_flipper_right_upper'====== Args={'value': 1, 'prev_value': None, 'change': True}
2026-02-28 16:44:48,376 : INFO : EventManager : Event: ======'machine_var_audits_missing_switches_s_plunger_lane'====== Args={'value': 1, 'prev_value': None, 'change': True}
2026-02-28 16:44:48,376 : INFO : EventManager : Event: ======'machine_var_audits_missing_switches_s_sling_left'====== Args={'value': 1, 'prev_value': None, 'change': True}
2026-02-28 16:44:48,376 : INFO : EventManager : Event: ======'machine_var_audits_missing_switches_s_sling_right'====== Args={'value': 1, 'prev_value': None, 'change': True}
2026-02-28 16:44:48,376 : INFO : EventManager : Event: ======'machine_var_audits_missing_switches_s_start'====== Args={'value': 1, 'prev_value': None, 'change': True}
2026-02-28 16:44:48,376 : INFO : EventManager : Event: ======'machine_var_audits_missing_switches_s_trough_1'====== Args={'value': 1, 'prev_value': None, 'change': True}
2026-02-28 16:44:48,376 : INFO : EventManager : Event: ======'machine_var_audits_missing_switches_s_trough_2'====== Args={'value': 1, 'prev_value': None, 'change': True}
2026-02-28 16:44:48,376 : INFO : EventManager : Event: ======'machine_var_audits_missing_switches_s_trough_3'====== Args={'value': 1, 'prev_value': None, 'change': True}
2026-02-28 16:44:48,376 : INFO : EventManager : Event: ======'machine_var_audits_missing_switches_s_trough_4'====== Args={'value': 1, 'prev_value': None, 'change': True}
2026-02-28 16:44:48,376 : INFO : EventManager : Event: ======'machine_var_audits_missing_switches_s_trough_5'====== Args={'value': 1, 'prev_value': None, 'change': True}
2026-02-28 16:44:48,376 : INFO : EventManager : Event: ======'machine_var_audits_missing_switches_s_trough_6'====== Args={'value': 1, 'prev_value': None, 'change': True}
2026-02-28 16:44:48,376 : INFO : EventManager : Event: ======'machine_var_audits_missing_switches_s_trough_7'====== Args={'value': 1, 'prev_value': None, 'change': True}
2026-02-28 16:44:48,376 : INFO : EventManager : Event: ======'machine_var_audits_player_score'====== Args={'value': {'average': 0, 'top': [], 'total': 0}, 'prev_value': None, 'change': True}
2026-02-28 16:44:48,376 : INFO : EventManager : Event: ======'machine_var_audits_shots_bumper_lower'====== Args={'value': 49, 'prev_value': None, 'change': True}
2026-02-28 16:44:48,376 : INFO : EventManager : Event: ======'machine_var_audits_shots_bumper_upper'====== Args={'value': 59, 'prev_value': None, 'change': True}
2026-02-28 16:44:48,376 : INFO : EventManager : Event: ======'machine_var_audits_switches_s_bumper_lower'====== Args={'value': 49, 'prev_value': None, 'change': True}
2026-02-28 16:44:48,376 : INFO : EventManager : Event: ======'machine_var_audits_switches_s_bumper_upper'====== Args={'value': 59, 'prev_value': None, 'change': True}
2026-02-28 16:44:48,376 : INFO : EventManager : Event: ======'machine_var_audits_switches_s_flipper_left'====== Args={'value': 0, 'prev_value': None, 'change': True}
2026-02-28 16:44:48,376 : INFO : EventManager : Event: ======'machine_var_audits_switches_s_flipper_right_lower'====== Args={'value': 0, 'prev_value': None, 'change': True}
2026-02-28 16:44:48,376 : INFO : EventManager : Event: ======'machine_var_audits_switches_s_flipper_right_upper'====== Args={'value': 0, 'prev_value': None, 'change': True}
2026-02-28 16:44:48,376 : INFO : EventManager : Event: ======'machine_var_audits_switches_s_inlane_left'====== Args={'value': 2, 'prev_value': None, 'change': True}
2026-02-28 16:44:48,376 : INFO : EventManager : Event: ======'machine_var_audits_switches_s_inlane_right_1'====== Args={'value': 2, 'prev_value': None, 'change': True}
2026-02-28 16:44:48,376 : INFO : EventManager : Event: ======'machine_var_audits_switches_s_inlane_right_2'====== Args={'value': 2, 'prev_value': None, 'change': True}
2026-02-28 16:44:48,376 : INFO : EventManager : Event: ======'machine_var_audits_switches_s_plunger_lane'====== Args={'value': 0, 'prev_value': None, 'change': True}
2026-02-28 16:44:48,376 : INFO : EventManager : Event: ======'machine_var_audits_switches_s_sling_left'====== Args={'value': 0, 'prev_value': None, 'change': True}
2026-02-28 16:44:48,376 : INFO : EventManager : Event: ======'machine_var_audits_switches_s_sling_right'====== Args={'value': 0, 'prev_value': None, 'change': True}
2026-02-28 16:44:48,376 : INFO : EventManager : Event: ======'machine_var_audits_switches_s_start'====== Args={'value': 0, 'prev_value': None, 'change': True}
2026-02-28 16:44:48,376 : INFO : EventManager : Event: ======'machine_var_audits_switches_s_trough_1'====== Args={'value': 0, 'prev_value': None, 'change': True}
2026-02-28 16:44:48,376 : INFO : EventManager : Event: ======'machine_var_audits_switches_s_trough_2'====== Args={'value': 0, 'prev_value': None, 'change': True}
2026-02-28 16:44:48,376 : INFO : EventManager : Event: ======'machine_var_audits_switches_s_trough_3'====== Args={'value': 0, 'prev_value': None, 'change': True}
2026-02-28 16:44:48,376 : INFO : EventManager : Event: ======'machine_var_audits_switches_s_trough_4'====== Args={'value': 0, 'prev_value': None, 'change': True}
2026-02-28 16:44:48,376 : INFO : EventManager : Event: ======'machine_var_audits_switches_s_trough_5'====== Args={'value': 0, 'prev_value': None, 'change': True}
2026-02-28 16:44:48,376 : INFO : EventManager : Event: ======'machine_var_audits_switches_s_trough_6'====== Args={'value': 0, 'prev_value': None, 'change': True}
2026-02-28 16:44:48,376 : INFO : EventManager : Event: ======'machine_var_audits_switches_s_trough_7'====== Args={'value': 0, 'prev_value': None, 'change': True}
2026-02-28 16:44:48,376 : INFO : EventManager : Event: ======'init_phase_5'====== Args={}
2026-02-28 16:44:48,376 : INFO : EventManager : Event: ======'init_done'====== Args={}
2026-02-28 16:44:48,376 : INFO : EventManager : Event: ======'machine_reset_phase_1'====== Args={}
2026-02-28 16:44:48,379 : INFO : EventManager : Event: ======'machine_reset_phase_2'====== Args={}
2026-02-28 16:44:48,379 : INFO : EventManager : Event: ======'machine_reset_phase_3'====== Args={}
2026-02-28 16:44:48,379 : INFO : EventManager : Event: ======'reset_complete'====== Args={}
2026-02-28 16:44:48,379 : INFO : EventManager : Event: ======'mode_attract_will_start'====== Args={}
2026-02-28 16:44:48,379 : INFO : Timer.attract_carousel_timer : Starting Timer.
2026-02-28 16:44:48,379 : INFO : EventManager : Event: ======'timer_attract_carousel_timer_started'====== Args={'ticks': 0, 'ticks_remaining': 1}
2026-02-28 16:44:48,379 : INFO : EventManager : Event: ======'timer_attract_carousel_timer_tick'====== Args={'ticks': 0, 'ticks_remaining': 1}
2026-02-28 16:44:48,379 : INFO : EventManager : Event: ======'mode_attract_starting'====== Args={}
2026-02-28 16:44:48,379 : INFO : Mode.attract : Started. Priority: 10
2026-02-28 16:44:48,379 : INFO : EventManager : Event: ======'modes_active_modes_changed'====== Args={}
2026-02-28 16:44:48,379 : INFO : EventManager : Event: ======'mode_attract_started'====== Args={}
2026-02-28 16:44:48,380 : INFO : EventManager : Event: ======'collecting_balls_complete'====== Args={}
2026-02-28 16:44:48,380 : INFO : EventManager : Event: ======'carousel_item_highlighted'====== Args={'carousel': 'attract', 'direction': None, 'item': 'title'}
2026-02-28 16:44:48,380 : INFO : EventManager : Event: ======'timer_attract_carousel_timer_tick'====== Args={'ticks': 0, 'ticks_remaining': 1}
2026-02-28 16:44:48,380 : INFO : Machine : Starting the main run loop with active modes: [<Mode.attract>]
2026-02-28 16:44:48,537 : INFO : EventManager : Event: ======'slide_attract_created'====== Args={'_from_bcp': True}
2026-02-28 16:44:48,537 : INFO : EventManager : Event: ======'slide__removed'====== Args={'_from_bcp': True}
2026-02-28 16:44:48,537 : INFO : EventManager : Event: ======'slide_attract_active'====== Args={'original_context': 'attract', 'original_calling_context': 'mode_attract_started', 'priority': 10.0, 'cmd': 'slides_play', '_from_bcp': True}
2026-02-28 16:44:51,551 : INFO : SwitchController : <<<<<<< 's_flipper_right_lower' active >>>>>>>
2026-02-28 16:44:51,552 : INFO : EventManager : Event: ======'s_flipper_right_lower_active'====== Args={}
2026-02-28 16:44:51,552 : INFO : EventManager : Event: ======'carousel_item_highlighted'====== Args={'carousel': 'attract', 'direction': 'forwards', 'item': 'credits'}
2026-02-28 16:44:51,553 : INFO : EventManager : Event: ======'timer_attract_carousel_timer_tick'====== Args={'ticks': 0, 'ticks_remaining': 1}
2026-02-28 16:44:51,701 : INFO : SwitchController : <<<<<<< 's_flipper_right_lower' inactive >>>>>>>
2026-02-28 16:44:52,011 : INFO : SwitchController : <<<<<<< 's_flipper_left' active >>>>>>>
2026-02-28 16:44:52,011 : INFO : EventManager : Event: ======'s_flipper_left_active'====== Args={}
2026-02-28 16:44:52,012 : INFO : EventManager : Event: ======'carousel_item_highlighted'====== Args={'carousel': 'attract', 'direction': 'backwards', 'item': 'title'}
2026-02-28 16:44:52,012 : INFO : EventManager : Event: ======'timer_attract_carousel_timer_tick'====== Args={'ticks': 0, 'ticks_remaining': 1}
2026-02-28 16:44:52,186 : INFO : SwitchController : <<<<<<< 's_flipper_left' inactive >>>>>>>
2026-02-28 16:44:52,369 : INFO : SwitchController : <<<<<<< 's_flipper_right_lower' active >>>>>>>
2026-02-28 16:44:52,369 : INFO : EventManager : Event: ======'s_flipper_right_lower_active'====== Args={}
2026-02-28 16:44:52,369 : INFO : EventManager : Event: ======'carousel_item_highlighted'====== Args={'carousel': 'attract', 'direction': 'forwards', 'item': 'credits'}
2026-02-28 16:44:52,370 : INFO : EventManager : Event: ======'timer_attract_carousel_timer_tick'====== Args={'ticks': 0, 'ticks_remaining': 1}
2026-02-28 16:44:52,535 : INFO : SwitchController : <<<<<<< 's_flipper_right_lower' inactive >>>>>>>
2026-02-28 16:44:52,828 : INFO : SwitchController : <<<<<<< 's_flipper_left' active >>>>>>>
2026-02-28 16:44:52,829 : INFO : EventManager : Event: ======'s_flipper_left_active'====== Args={}
2026-02-28 16:44:52,830 : INFO : EventManager : Event: ======'carousel_item_highlighted'====== Args={'carousel': 'attract', 'direction': 'backwards', 'item': 'title'}
2026-02-28 16:44:52,831 : INFO : EventManager : Event: ======'timer_attract_carousel_timer_tick'====== Args={'ticks': 0, 'ticks_remaining': 1}
2026-02-28 16:44:52,994 : INFO : SwitchController : <<<<<<< 's_flipper_left' inactive >>>>>>>
2026-02-28 16:44:53,093 : INFO : SwitchController : <<<<<<< 's_flipper_right_lower' active >>>>>>>
2026-02-28 16:44:53,093 : INFO : EventManager : Event: ======'s_flipper_right_lower_active'====== Args={}
2026-02-28 16:44:53,094 : INFO : EventManager : Event: ======'carousel_item_highlighted'====== Args={'carousel': 'attract', 'direction': 'forwards', 'item': 'credits'}
2026-02-28 16:44:53,094 : INFO : EventManager : Event: ======'timer_attract_carousel_timer_tick'====== Args={'ticks': 0, 'ticks_remaining': 1}
2026-02-28 16:44:53,219 : INFO : SwitchController : <<<<<<< 's_flipper_right_lower' inactive >>>>>>>
2026-02-28 16:44:55,561 : INFO : SwitchController : <<<<<<< 's_start' active >>>>>>>
2026-02-28 16:44:55,669 : INFO : SwitchController : <<<<<<< 's_start' inactive >>>>>>>
2026-02-28 16:44:55,670 : INFO : EventManager : Event: ======'request_to_start_game'====== Args={}
2026-02-28 16:44:55,670 : INFO : EventManager : Event: ======'game_start'====== Args={'buttons': [], 'hold_time': 0.10802162502659485}
2026-02-28 16:44:55,671 : INFO : EventManager : Event: ======'mode_game_will_start'====== Args={'buttons': [], 'hold_time': 0.10802162502659485}
2026-02-28 16:44:55,672 : INFO : EventManager : Event: ======'mode_game_starting'====== Args={'buttons': [], 'hold_time': 0.10802162502659485}
2026-02-28 16:44:55,672 : INFO : EventManager : Event: ======'mode_attract_will_stop'====== Args={}
2026-02-28 16:44:55,674 : INFO : EventManager : Event: ======'mode_attract_stopping'====== Args={}
2026-02-28 16:44:55,675 : INFO : Mode.attract : Stopped.
2026-02-28 16:44:55,675 : INFO : EventManager : Event: ======'modes_active_modes_changed'====== Args={}
2026-02-28 16:44:55,677 : INFO : EventManager : Event: ======'mode_attract_stopped'====== Args={}
2026-02-28 16:44:55,677 : INFO : EventManager : Event: ======'clear'====== Args={'key': 'attract'}
2026-02-28 16:44:55,678 : INFO : Timer.attract_carousel_timer : Stopping Timer
2026-02-28 16:44:55,678 : INFO : EventManager : Event: ======'timer_attract_carousel_timer_stopped'====== Args={'ticks': 0, 'ticks_remaining': 1}
2026-02-28 16:44:55,678 : INFO : Mode.game : Started. Priority: 20
2026-02-28 16:44:55,678 : INFO : EventManager : Event: ======'modes_active_modes_changed'====== Args={}
2026-02-28 16:44:55,678 : INFO : EventManager : Event: ======'mode_game_started'====== Args={'buttons': [], 'hold_time': 0.10802162502659485}
2026-02-28 16:44:55,680 : INFO : EventManager : Event: ======'game_will_start'====== Args={}
2026-02-28 16:44:55,680 : INFO : EventManager : Event: ======'game_starting'====== Args={'game': <Mode.game>}
2026-02-28 16:44:55,682 : INFO : EventManager : Unordered handler for class <Auditor> on event game_ended with priority 1. Handlers: [RegisteredHandler(callback=<bound method Auditor.disable of <Auditor>>, priority=1, kwargs={}, key=UUID('c11584a7-31b6-44a5-a0ed-380765ab0504'), condition=None, blocking_facility=None), RegisteredHandler(callback=<bound method Auditor._save_audits of <Auditor>>, priority=1, kwargs={}, key=UUID('81892fe1-d982-4f25-a7d9-b32f3cef6542'), condition=None, blocking_facility=None)]. The order of those handlers is not defined and they will be executed in random order. This might lead to race conditions and potential bugs.
2026-02-28 16:44:55,682 : INFO : EventManager : Event: ======'player_add_request'====== Args={}
2026-02-28 16:44:55,682 : INFO : EventManager : Event: ======'player_will_add'====== Args={'number': 1}
2026-02-28 16:44:55,682 : INFO : EventManager : Event: ======'player_adding'====== Args={'player': <Player 1>, 'number': 1}
2026-02-28 16:44:55,683 : INFO : EventManager : Event: ======'player_added'====== Args={'player': <Player 1>, 'num': 1}
2026-02-28 16:44:55,683 : INFO : Mode.game : Player added successfully. Total players: 1
2026-02-28 16:44:55,683 : INFO : EventManager : Event: ======'player_index'====== Args={'value': 0, 'prev_value': 0, 'change': 0, 'player_num': 1}
2026-02-28 16:44:55,683 : INFO : EventManager : Event: ======'player_number'====== Args={'value': 1, 'prev_value': 1, 'change': 0, 'player_num': 1}
2026-02-28 16:44:55,684 : INFO : EventManager : Event: ======'player_score'====== Args={'value': 0, 'prev_value': 0, 'change': 0, 'player_num': 1}
2026-02-28 16:44:55,685 : INFO : EventManager : Event: ======'game_started'====== Args={}
2026-02-28 16:44:55,685 : INFO : EventManager : Event: ======'player_turn_will_start'====== Args={'player': <Player 1>, 'number': 1}
2026-02-28 16:44:55,686 : INFO : EventManager : Event: ======'player_turn_starting'====== Args={'player': <Player 1>, 'number': 1}
2026-02-28 16:44:55,692 : INFO : EventManager : Event: ======'player_ball'====== Args={'value': 1, 'prev_value': 0, 'change': 1, 'player_num': 1}
2026-02-28 16:44:55,693 : INFO : EventManager : Event: ======'player_turn_started'====== Args={'player': <Player 1>, 'number': 1}
2026-02-28 16:44:55,694 : INFO : EventManager : Event: ======'ball_will_start'====== Args={'player': 1, 'ball': 1, 'balls_remaining': 2, 'is_extra_ball': False}
2026-02-28 16:44:55,695 : INFO : EventManager : Event: ======'ball_starting'====== Args={'player': 1, 'ball': 1, 'balls_remaining': 2, 'is_extra_ball': False}
2026-02-28 16:44:55,695 : INFO : EventManager : Event: ======'mode_base_will_start'====== Args={'queue': <QueuedEvent>, 'player': 1, 'ball': 1, 'balls_remaining': 2, 'is_extra_ball': False}
2026-02-28 16:44:55,696 : INFO : EventManager : Event: ======'mode_base_starting'====== Args={'queue': <QueuedEvent>, 'player': 1, 'ball': 1, 'balls_remaining': 2, 'is_extra_ball': False}
2026-02-28 16:44:55,696 : INFO : Mode.base : Started. Priority: 100
2026-02-28 16:44:55,696 : INFO : EventManager : Event: ======'modes_active_modes_changed'====== Args={}
2026-02-28 16:44:55,696 : INFO : EventManager : Event: ======'mode_base_started'====== Args={'queue': <QueuedEvent>, 'player': 1, 'ball': 1, 'balls_remaining': 2, 'is_extra_ball': False}
2026-02-28 16:44:55,696 : INFO : EventManager : Event: ======'start_mode_bumpers'====== Args={'priority': 0}
2026-02-28 16:44:55,697 : INFO : EventManager : Event: ======'mode_bumpers_will_start'====== Args={'priority': 0}
2026-02-28 16:44:55,697 : INFO : EventManager : Event: ======'player_shot_bumper_lower_enabled'====== Args={'value': True, 'prev_value': 0, 'change': 1, 'player_num': 1}
2026-02-28 16:44:55,698 : INFO : EventManager : Event: ======'player_shot_bumper_upper_enabled'====== Args={'value': True, 'prev_value': 0, 'change': 1, 'player_num': 1}
2026-02-28 16:44:55,698 : INFO : EventManager : Event: ======'bumpers_complete'====== Args={'state': 'unlit'}
2026-02-28 16:44:55,698 : INFO : EventManager : Event: ======'bumpers_unlit_complete'====== Args={}
2026-02-28 16:44:55,699 : INFO : EventManager : Event: ======'mode_bumpers_starting'====== Args={'priority': 0}
2026-02-28 16:44:55,699 : INFO : Mode.bumpers : Started. Priority: 200
2026-02-28 16:44:55,699 : INFO : EventManager : Event: ======'modes_active_modes_changed'====== Args={}
2026-02-28 16:44:55,699 : INFO : EventManager : Event: ======'mode_bumpers_started'====== Args={'priority': 0}
2026-02-28 16:44:55,699 : INFO : EventManager : Event: ======'balls_in_play'====== Args={'balls': 1}
2026-02-28 16:44:55,699 : INFO : EventManager : Event: ======'ball_started'====== Args={'player': 1, 'ball': 1, 'balls_remaining': 2, 'is_extra_ball': False}
2026-02-28 16:44:55,699 : INFO : EventManager : Event: ======'single_player_ball_started'====== Args={}
2026-02-28 16:44:55,700 : INFO : EventManager : Event: ======'ball_start_target'====== Args={'target': 'playfield'}
2026-02-28 16:44:55,700 : INFO : ball_device.bd_trough : Setting up player-controlled eject. Balls: 1, Target: <playfield.playfield>, player_controlled_eject_event: None
2026-02-28 16:44:55,700 : INFO : ball_device.bd_trough : Adding 1 ball(s) to the eject_queue with target <playfield.playfield>.
2026-02-28 16:44:55,700 : INFO : EventManager : Event: ======'balldevice_balls_available'====== Args={}
2026-02-28 16:44:55,700 : INFO : ball_device.bd_trough : State: waiting_for_target_ready
2026-02-28 16:44:55,700 : INFO : EventManager : Event: ======'balldevice_bd_trough_ball_eject_attempt'====== Args={'balls': 1, 'target': <ball_device.bd_plunger>, 'source': <ball_device.bd_trough>, 'mechanical_eject': False, 'num_attempts': 0}
2026-02-28 16:44:55,701 : INFO : ball_device.bd_plunger : State: waiting_for_ball
2026-02-28 16:44:55,701 : INFO : ball_device.bd_trough : State: ejecting
2026-02-28 16:44:55,701 : INFO : ball_device.bd_trough : Ejecting ball to <ball_device.bd_plunger>
2026-02-28 16:44:55,701 : INFO : EventManager : Event: ======'balldevice_bd_trough_ejecting_ball'====== Args={'balls': 1, 'target': <ball_device.bd_plunger>, 'source': <ball_device.bd_trough>, 'mechanical_eject': False, 'num_attempts': 0}
2026-02-28 16:44:55,702 : INFO : ball_device.bd_trough : Wait for ball to leave device
2026-02-28 16:44:55,702 : INFO : coil.c_trough_eject : Pulsing Driver for 10ms (1.0 pulse_power)
2026-02-28 16:44:55,727 : INFO : EventManager : Event: ======'slide_base_slide_created'====== Args={'_from_bcp': True}
2026-02-28 16:44:55,728 : INFO : EventManager : Event: ======'slide_attract_inactive'====== Args={'is_removing': True, '_from_bcp': True}
2026-02-28 16:44:55,728 : INFO : EventManager : Event: ======'slide_base_slide_active'====== Args={'original_context': 'base', 'original_calling_context': 'mode_base_started', 'priority': 100.0, 'queue': '<QueuedEvent>', 'player': 1.0, 'ball': 1.0, 'balls_remaining': 2.0, 'is_extra_ball': False, 'cmd': 'slides_play', '_from_bcp': True}
2026-02-28 16:44:55,729 : INFO : EventManager : Event: ======'slide_attract_removed'====== Args={'_from_bcp': True}
2026-02-28 16:44:57,536 : INFO : SwitchController : <<<<<<< 's_bumper_lower' active >>>>>>>
2026-02-28 16:44:57,536 : INFO : EventManager : Event: ======'playfield_active'====== Args={'source': 'bumper_lower'}
2026-02-28 16:44:57,536 : INFO : EventManager : Event: ======'unexpected_ball_on_playfield'====== Args={}
2026-02-28 16:44:57,537 : INFO : EventManager : Event: ======'s_bumper_lower_active'====== Args={}
2026-02-28 16:44:57,537 : INFO : EventManager : Event: ======'machine_var_audits_switches_s_bumper_lower'====== Args={'value': 50, 'prev_value': 49, 'change': 1}
2026-02-28 16:44:57,538 : INFO : EventManager : Event: ======'player_shot_bumper_lower'====== Args={'value': 1, 'prev_value': 0, 'change': 1, 'player_num': 1}
2026-02-28 16:44:57,539 : INFO : EventManager : Event: ======'machine_var_audits_shots_bumper_lower'====== Args={'value': 50, 'prev_value': 49, 'change': 1}
2026-02-28 16:44:57,539 : INFO : EventManager : Event: ======'bumper_lower_hit'====== Args={'profile': 'default', 'state': 'unlit', 'advancing': True}
2026-02-28 16:44:57,539 : INFO : EventManager : Event: ======'bumper_lower_default_hit'====== Args={'profile': 'default', 'state': 'unlit', 'advancing': True}
2026-02-28 16:44:57,539 : INFO : EventManager : Event: ======'bumper_lower_default_unlit_hit'====== Args={'profile': 'default', 'state': 'unlit', 'advancing': True}
2026-02-28 16:44:57,539 : INFO : EventManager : Event: ======'bumper_lower_unlit_hit'====== Args={'profile': 'default', 'state': 'unlit', 'advancing': True}
2026-02-28 16:44:57,539 : INFO : EventManager : Event: ======'bumpers_hit'====== Args={'shot': 'bumper_lower'}
2026-02-28 16:44:57,539 : INFO : EventManager : Event: ======'bumpers_unlit_hit'====== Args={'shot': 'bumper_lower'}
2026-02-28 16:44:57,539 : INFO : EventManager : Event: ======'player_initial_value'====== Args={'value': 0, 'prev_value': 0, 'change': 0, 'player_num': 1, 'source': 'bumpers'}
2026-02-28 16:44:57,540 : INFO : EventManager : Event: ======'player_score'====== Args={'value': 1000, 'prev_value': 0, 'change': 1000, 'player_num': 1, 'source': 'bumpers'}
2026-02-28 16:44:57,669 : INFO : SwitchController : <<<<<<< 's_bumper_lower' inactive >>>>>>>
2026-02-28 16:44:57,827 : INFO : SwitchController : <<<<<<< 's_bumper_upper' active >>>>>>>
2026-02-28 16:44:57,828 : INFO : EventManager : Event: ======'playfield_active'====== Args={'source': 'bumper_upper'}
2026-02-28 16:44:57,828 : INFO : EventManager : Event: ======'unexpected_ball_on_playfield'====== Args={}
2026-02-28 16:44:57,828 : INFO : EventManager : Event: ======'s_bumper_upper_active'====== Args={}
2026-02-28 16:44:57,828 : INFO : EventManager : Event: ======'machine_var_audits_switches_s_bumper_upper'====== Args={'value': 60, 'prev_value': 59, 'change': 1}
2026-02-28 16:44:57,829 : INFO : EventManager : Event: ======'player_shot_bumper_upper'====== Args={'value': 1, 'prev_value': 0, 'change': 1, 'player_num': 1}
2026-02-28 16:44:57,830 : INFO : EventManager : Event: ======'machine_var_audits_shots_bumper_upper'====== Args={'value': 60, 'prev_value': 59, 'change': 1}
2026-02-28 16:44:57,830 : INFO : EventManager : Event: ======'bumper_upper_hit'====== Args={'profile': 'default', 'state': 'unlit', 'advancing': True}
2026-02-28 16:44:57,831 : INFO : EventManager : Event: ======'bumper_upper_default_hit'====== Args={'profile': 'default', 'state': 'unlit', 'advancing': True}
2026-02-28 16:44:57,831 : INFO : EventManager : Event: ======'bumper_upper_default_unlit_hit'====== Args={'profile': 'default', 'state': 'unlit', 'advancing': True}
2026-02-28 16:44:57,831 : INFO : EventManager : Event: ======'bumper_upper_unlit_hit'====== Args={'profile': 'default', 'state': 'unlit', 'advancing': True}
2026-02-28 16:44:57,831 : INFO : EventManager : Event: ======'bumpers_complete'====== Args={'state': 'lit'}
2026-02-28 16:44:57,831 : INFO : EventManager : Event: ======'bumpers_lit_complete'====== Args={}
2026-02-28 16:44:57,831 : INFO : EventManager : Event: ======'bumpers_hit'====== Args={'shot': 'bumper_upper'}
2026-02-28 16:44:57,831 : INFO : EventManager : Event: ======'bumpers_unlit_hit'====== Args={'shot': 'bumper_upper'}
2026-02-28 16:44:57,832 : INFO : EventManager : Event: ======'player_score'====== Args={'value': 2000, 'prev_value': 1000, 'change': 1000, 'player_num': 1, 'source': 'bumpers'}
2026-02-28 16:44:57,936 : INFO : SwitchController : <<<<<<< 's_bumper_upper' inactive >>>>>>>
2026-02-28 16:44:58,044 : INFO : SwitchController : <<<<<<< 's_bumper_lower' active >>>>>>>
2026-02-28 16:44:58,045 : INFO : EventManager : Event: ======'playfield_active'====== Args={'source': 'bumper_lower'}
2026-02-28 16:44:58,045 : INFO : EventManager : Event: ======'unexpected_ball_on_playfield'====== Args={}
2026-02-28 16:44:58,045 : INFO : EventManager : Event: ======'s_bumper_lower_active'====== Args={}
2026-02-28 16:44:58,045 : INFO : EventManager : Event: ======'machine_var_audits_switches_s_bumper_lower'====== Args={'value': 51, 'prev_value': 50, 'change': 1}
2026-02-28 16:44:58,047 : INFO : EventManager : Event: ======'machine_var_audits_shots_bumper_lower'====== Args={'value': 51, 'prev_value': 50, 'change': 1}
2026-02-28 16:44:58,048 : INFO : EventManager : Event: ======'bumper_lower_hit'====== Args={'profile': 'default', 'state': 'lit', 'advancing': False}
2026-02-28 16:44:58,048 : INFO : EventManager : Event: ======'bumper_lower_default_hit'====== Args={'profile': 'default', 'state': 'lit', 'advancing': False}
2026-02-28 16:44:58,048 : INFO : EventManager : Event: ======'bumper_lower_default_lit_hit'====== Args={'profile': 'default', 'state': 'lit', 'advancing': False}
2026-02-28 16:44:58,048 : INFO : EventManager : Event: ======'bumper_lower_lit_hit'====== Args={'profile': 'default', 'state': 'lit', 'advancing': False}
2026-02-28 16:44:58,048 : INFO : EventManager : Event: ======'bumpers_hit'====== Args={'shot': 'bumper_lower'}
2026-02-28 16:44:58,048 : INFO : EventManager : Event: ======'bumpers_lit_hit'====== Args={'shot': 'bumper_lower'}
2026-02-28 16:44:58,048 : INFO : EventManager : Event: ======'player_score'====== Args={'value': 3000, 'prev_value': 2000, 'change': 1000, 'player_num': 1, 'source': 'bumpers'}
2026-02-28 16:44:58,152 : INFO : SwitchController : <<<<<<< 's_bumper_lower' inactive >>>>>>>
2026-02-28 16:44:58,194 : INFO : SwitchController : <<<<<<< 's_bumper_upper' active >>>>>>>
2026-02-28 16:44:58,194 : INFO : EventManager : Event: ======'playfield_active'====== Args={'source': 'bumper_upper'}
2026-02-28 16:44:58,194 : INFO : EventManager : Event: ======'unexpected_ball_on_playfield'====== Args={}
2026-02-28 16:44:58,195 : INFO : EventManager : Event: ======'s_bumper_upper_active'====== Args={}
2026-02-28 16:44:58,195 : INFO : EventManager : Event: ======'machine_var_audits_switches_s_bumper_upper'====== Args={'value': 61, 'prev_value': 60, 'change': 1}
2026-02-28 16:44:58,196 : INFO : EventManager : Event: ======'machine_var_audits_shots_bumper_upper'====== Args={'value': 61, 'prev_value': 60, 'change': 1}
2026-02-28 16:44:58,196 : INFO : EventManager : Event: ======'bumper_upper_hit'====== Args={'profile': 'default', 'state': 'lit', 'advancing': False}
2026-02-28 16:44:58,196 : INFO : EventManager : Event: ======'bumper_upper_default_hit'====== Args={'profile': 'default', 'state': 'lit', 'advancing': False}
2026-02-28 16:44:58,196 : INFO : EventManager : Event: ======'bumper_upper_default_lit_hit'====== Args={'profile': 'default', 'state': 'lit', 'advancing': False}
2026-02-28 16:44:58,197 : INFO : EventManager : Event: ======'bumper_upper_lit_hit'====== Args={'profile': 'default', 'state': 'lit', 'advancing': False}
2026-02-28 16:44:58,197 : INFO : EventManager : Event: ======'bumpers_hit'====== Args={'shot': 'bumper_upper'}
2026-02-28 16:44:58,197 : INFO : EventManager : Event: ======'bumpers_lit_hit'====== Args={'shot': 'bumper_upper'}
2026-02-28 16:44:58,197 : INFO : EventManager : Event: ======'player_score'====== Args={'value': 4000, 'prev_value': 3000, 'change': 1000, 'player_num': 1, 'source': 'bumpers'}
2026-02-28 16:44:58,311 : INFO : SwitchController : <<<<<<< 's_bumper_upper' inactive >>>>>>>
2026-02-28 16:44:58,394 : INFO : SwitchController : <<<<<<< 's_bumper_lower' active >>>>>>>
2026-02-28 16:44:58,394 : INFO : EventManager : Event: ======'playfield_active'====== Args={'source': 'bumper_lower'}
2026-02-28 16:44:58,394 : INFO : EventManager : Event: ======'unexpected_ball_on_playfield'====== Args={}
2026-02-28 16:44:58,395 : INFO : EventManager : Event: ======'s_bumper_lower_active'====== Args={}
2026-02-28 16:44:58,395 : INFO : EventManager : Event: ======'machine_var_audits_switches_s_bumper_lower'====== Args={'value': 52, 'prev_value': 51, 'change': 1}
2026-02-28 16:44:58,396 : INFO : EventManager : Event: ======'machine_var_audits_shots_bumper_lower'====== Args={'value': 52, 'prev_value': 51, 'change': 1}
2026-02-28 16:44:58,396 : INFO : EventManager : Event: ======'bumper_lower_hit'====== Args={'profile': 'default', 'state': 'lit', 'advancing': False}
2026-02-28 16:44:58,396 : INFO : EventManager : Event: ======'bumper_lower_default_hit'====== Args={'profile': 'default', 'state': 'lit', 'advancing': False}
2026-02-28 16:44:58,397 : INFO : EventManager : Event: ======'bumper_lower_default_lit_hit'====== Args={'profile': 'default', 'state': 'lit', 'advancing': False}
2026-02-28 16:44:58,397 : INFO : EventManager : Event: ======'bumper_lower_lit_hit'====== Args={'profile': 'default', 'state': 'lit', 'advancing': False}
2026-02-28 16:44:58,397 : INFO : EventManager : Event: ======'bumpers_hit'====== Args={'shot': 'bumper_lower'}
2026-02-28 16:44:58,397 : INFO : EventManager : Event: ======'bumpers_lit_hit'====== Args={'shot': 'bumper_lower'}
2026-02-28 16:44:58,397 : INFO : EventManager : Event: ======'player_score'====== Args={'value': 5000, 'prev_value': 4000, 'change': 1000, 'player_num': 1, 'source': 'bumpers'}
2026-02-28 16:44:58,469 : INFO : SwitchController : <<<<<<< 's_bumper_lower' inactive >>>>>>>
2026-02-28 16:44:58,552 : INFO : SwitchController : <<<<<<< 's_bumper_upper' active >>>>>>>
2026-02-28 16:44:58,553 : INFO : EventManager : Event: ======'playfield_active'====== Args={'source': 'bumper_upper'}
2026-02-28 16:44:58,553 : INFO : EventManager : Event: ======'unexpected_ball_on_playfield'====== Args={}
2026-02-28 16:44:58,553 : INFO : EventManager : Event: ======'s_bumper_upper_active'====== Args={}
2026-02-28 16:44:58,553 : INFO : EventManager : Event: ======'machine_var_audits_switches_s_bumper_upper'====== Args={'value': 62, 'prev_value': 61, 'change': 1}
2026-02-28 16:44:58,554 : INFO : EventManager : Event: ======'machine_var_audits_shots_bumper_upper'====== Args={'value': 62, 'prev_value': 61, 'change': 1}
2026-02-28 16:44:58,555 : INFO : EventManager : Event: ======'bumper_upper_hit'====== Args={'profile': 'default', 'state': 'lit', 'advancing': False}
2026-02-28 16:44:58,555 : INFO : EventManager : Event: ======'bumper_upper_default_hit'====== Args={'profile': 'default', 'state': 'lit', 'advancing': False}
2026-02-28 16:44:58,555 : INFO : EventManager : Event: ======'bumper_upper_default_lit_hit'====== Args={'profile': 'default', 'state': 'lit', 'advancing': False}
2026-02-28 16:44:58,555 : INFO : EventManager : Event: ======'bumper_upper_lit_hit'====== Args={'profile': 'default', 'state': 'lit', 'advancing': False}
2026-02-28 16:44:58,556 : INFO : EventManager : Event: ======'bumpers_hit'====== Args={'shot': 'bumper_upper'}
2026-02-28 16:44:58,556 : INFO : EventManager : Event: ======'bumpers_lit_hit'====== Args={'shot': 'bumper_upper'}
2026-02-28 16:44:58,556 : INFO : EventManager : Event: ======'player_score'====== Args={'value': 6000, 'prev_value': 5000, 'change': 1000, 'player_num': 1, 'source': 'bumpers'}
2026-02-28 16:44:58,636 : INFO : SwitchController : <<<<<<< 's_bumper_upper' inactive >>>>>>>
2026-02-28 16:44:58,693 : INFO : SwitchController : <<<<<<< 's_bumper_lower' active >>>>>>>
2026-02-28 16:44:58,694 : INFO : EventManager : Event: ======'playfield_active'====== Args={'source': 'bumper_lower'}
2026-02-28 16:44:58,694 : INFO : EventManager : Event: ======'unexpected_ball_on_playfield'====== Args={}
2026-02-28 16:44:58,694 : INFO : EventManager : Event: ======'s_bumper_lower_active'====== Args={}
2026-02-28 16:44:58,694 : INFO : EventManager : Event: ======'machine_var_audits_switches_s_bumper_lower'====== Args={'value': 53, 'prev_value': 52, 'change': 1}
2026-02-28 16:44:58,694 : INFO : EventManager : Event: ======'machine_var_audits_shots_bumper_lower'====== Args={'value': 53, 'prev_value': 52, 'change': 1}
2026-02-28 16:44:58,695 : INFO : EventManager : Event: ======'bumper_lower_hit'====== Args={'profile': 'default', 'state': 'lit', 'advancing': False}
2026-02-28 16:44:58,695 : INFO : EventManager : Event: ======'bumper_lower_default_hit'====== Args={'profile': 'default', 'state': 'lit', 'advancing': False}
2026-02-28 16:44:58,695 : INFO : EventManager : Event: ======'bumper_lower_default_lit_hit'====== Args={'profile': 'default', 'state': 'lit', 'advancing': False}
2026-02-28 16:44:58,695 : INFO : EventManager : Event: ======'bumper_lower_lit_hit'====== Args={'profile': 'default', 'state': 'lit', 'advancing': False}
2026-02-28 16:44:58,695 : INFO : EventManager : Event: ======'bumpers_hit'====== Args={'shot': 'bumper_lower'}
2026-02-28 16:44:58,695 : INFO : EventManager : Event: ======'bumpers_lit_hit'====== Args={'shot': 'bumper_lower'}
2026-02-28 16:44:58,695 : INFO : EventManager : Event: ======'player_score'====== Args={'value': 7000, 'prev_value': 6000, 'change': 1000, 'player_num': 1, 'source': 'bumpers'}
2026-02-28 16:44:58,785 : INFO : SwitchController : <<<<<<< 's_bumper_lower' inactive >>>>>>>
2026-02-28 16:44:58,877 : INFO : SwitchController : <<<<<<< 's_bumper_upper' active >>>>>>>
2026-02-28 16:44:58,877 : INFO : EventManager : Event: ======'playfield_active'====== Args={'source': 'bumper_upper'}
2026-02-28 16:44:58,877 : INFO : EventManager : Event: ======'unexpected_ball_on_playfield'====== Args={}
2026-02-28 16:44:58,877 : INFO : EventManager : Event: ======'s_bumper_upper_active'====== Args={}
2026-02-28 16:44:58,878 : INFO : EventManager : Event: ======'machine_var_audits_switches_s_bumper_upper'====== Args={'value': 63, 'prev_value': 62, 'change': 1}
2026-02-28 16:44:58,879 : INFO : EventManager : Event: ======'machine_var_audits_shots_bumper_upper'====== Args={'value': 63, 'prev_value': 62, 'change': 1}
2026-02-28 16:44:58,879 : INFO : EventManager : Event: ======'bumper_upper_hit'====== Args={'profile': 'default', 'state': 'lit', 'advancing': False}
2026-02-28 16:44:58,879 : INFO : EventManager : Event: ======'bumper_upper_default_hit'====== Args={'profile': 'default', 'state': 'lit', 'advancing': False}
2026-02-28 16:44:58,879 : INFO : EventManager : Event: ======'bumper_upper_default_lit_hit'====== Args={'profile': 'default', 'state': 'lit', 'advancing': False}
2026-02-28 16:44:58,879 : INFO : EventManager : Event: ======'bumper_upper_lit_hit'====== Args={'profile': 'default', 'state': 'lit', 'advancing': False}
2026-02-28 16:44:58,880 : INFO : EventManager : Event: ======'bumpers_hit'====== Args={'shot': 'bumper_upper'}
2026-02-28 16:44:58,880 : INFO : EventManager : Event: ======'bumpers_lit_hit'====== Args={'shot': 'bumper_upper'}
2026-02-28 16:44:58,880 : INFO : EventManager : Event: ======'player_score'====== Args={'value': 8000, 'prev_value': 7000, 'change': 1000, 'player_num': 1, 'source': 'bumpers'}
2026-02-28 16:44:58,969 : INFO : SwitchController : <<<<<<< 's_bumper_upper' inactive >>>>>>>
2026-02-28 16:44:59,059 : INFO : SwitchController : <<<<<<< 's_bumper_lower' active >>>>>>>
2026-02-28 16:44:59,060 : INFO : EventManager : Event: ======'playfield_active'====== Args={'source': 'bumper_lower'}
2026-02-28 16:44:59,060 : INFO : EventManager : Event: ======'unexpected_ball_on_playfield'====== Args={}
2026-02-28 16:44:59,060 : INFO : EventManager : Event: ======'s_bumper_lower_active'====== Args={}
2026-02-28 16:44:59,060 : INFO : EventManager : Event: ======'machine_var_audits_switches_s_bumper_lower'====== Args={'value': 54, 'prev_value': 53, 'change': 1}
2026-02-28 16:44:59,060 : INFO : EventManager : Event: ======'machine_var_audits_shots_bumper_lower'====== Args={'value': 54, 'prev_value': 53, 'change': 1}
2026-02-28 16:44:59,061 : INFO : EventManager : Event: ======'bumper_lower_hit'====== Args={'profile': 'default', 'state': 'lit', 'advancing': False}
2026-02-28 16:44:59,061 : INFO : EventManager : Event: ======'bumper_lower_default_hit'====== Args={'profile': 'default', 'state': 'lit', 'advancing': False}
2026-02-28 16:44:59,061 : INFO : EventManager : Event: ======'bumper_lower_default_lit_hit'====== Args={'profile': 'default', 'state': 'lit', 'advancing': False}
2026-02-28 16:44:59,061 : INFO : EventManager : Event: ======'bumper_lower_lit_hit'====== Args={'profile': 'default', 'state': 'lit', 'advancing': False}
2026-02-28 16:44:59,061 : INFO : EventManager : Event: ======'bumpers_hit'====== Args={'shot': 'bumper_lower'}
2026-02-28 16:44:59,061 : INFO : EventManager : Event: ======'bumpers_lit_hit'====== Args={'shot': 'bumper_lower'}
2026-02-28 16:44:59,061 : INFO : EventManager : Event: ======'player_score'====== Args={'value': 9000, 'prev_value': 8000, 'change': 1000, 'player_num': 1, 'source': 'bumpers'}
2026-02-28 16:44:59,160 : INFO : SwitchController : <<<<<<< 's_bumper_lower' inactive >>>>>>>
2026-02-28 16:44:59,278 : INFO : SwitchController : <<<<<<< 's_bumper_upper' active >>>>>>>
2026-02-28 16:44:59,278 : INFO : EventManager : Event: ======'playfield_active'====== Args={'source': 'bumper_upper'}
2026-02-28 16:44:59,278 : INFO : EventManager : Event: ======'unexpected_ball_on_playfield'====== Args={}
2026-02-28 16:44:59,278 : INFO : EventManager : Event: ======'s_bumper_upper_active'====== Args={}
2026-02-28 16:44:59,278 : INFO : EventManager : Event: ======'machine_var_audits_switches_s_bumper_upper'====== Args={'value': 64, 'prev_value': 63, 'change': 1}
2026-02-28 16:44:59,279 : INFO : EventManager : Event: ======'machine_var_audits_shots_bumper_upper'====== Args={'value': 64, 'prev_value': 63, 'change': 1}
2026-02-28 16:44:59,280 : INFO : EventManager : Event: ======'bumper_upper_hit'====== Args={'profile': 'default', 'state': 'lit', 'advancing': False}
2026-02-28 16:44:59,280 : INFO : EventManager : Event: ======'bumper_upper_default_hit'====== Args={'profile': 'default', 'state': 'lit', 'advancing': False}
2026-02-28 16:44:59,280 : INFO : EventManager : Event: ======'bumper_upper_default_lit_hit'====== Args={'profile': 'default', 'state': 'lit', 'advancing': False}
2026-02-28 16:44:59,280 : INFO : EventManager : Event: ======'bumper_upper_lit_hit'====== Args={'profile': 'default', 'state': 'lit', 'advancing': False}
2026-02-28 16:44:59,280 : INFO : EventManager : Event: ======'bumpers_hit'====== Args={'shot': 'bumper_upper'}
2026-02-28 16:44:59,281 : INFO : EventManager : Event: ======'bumpers_lit_hit'====== Args={'shot': 'bumper_upper'}
2026-02-28 16:44:59,281 : INFO : EventManager : Event: ======'player_score'====== Args={'value': 10000, 'prev_value': 9000, 'change': 1000, 'player_num': 1, 'source': 'bumpers'}
2026-02-28 16:44:59,369 : INFO : SwitchController : <<<<<<< 's_bumper_upper' inactive >>>>>>>
2026-02-28 16:44:59,519 : INFO : SwitchController : <<<<<<< 's_bumper_lower' active >>>>>>>
2026-02-28 16:44:59,519 : INFO : EventManager : Event: ======'playfield_active'====== Args={'source': 'bumper_lower'}
2026-02-28 16:44:59,520 : INFO : EventManager : Event: ======'unexpected_ball_on_playfield'====== Args={}
2026-02-28 16:44:59,520 : INFO : EventManager : Event: ======'s_bumper_lower_active'====== Args={}
2026-02-28 16:44:59,520 : INFO : EventManager : Event: ======'machine_var_audits_switches_s_bumper_lower'====== Args={'value': 55, 'prev_value': 54, 'change': 1}
2026-02-28 16:44:59,521 : INFO : EventManager : Event: ======'machine_var_audits_shots_bumper_lower'====== Args={'value': 55, 'prev_value': 54, 'change': 1}
2026-02-28 16:44:59,521 : INFO : EventManager : Event: ======'bumper_lower_hit'====== Args={'profile': 'default', 'state': 'lit', 'advancing': False}
2026-02-28 16:44:59,522 : INFO : EventManager : Event: ======'bumper_lower_default_hit'====== Args={'profile': 'default', 'state': 'lit', 'advancing': False}
2026-02-28 16:44:59,522 : INFO : EventManager : Event: ======'bumper_lower_default_lit_hit'====== Args={'profile': 'default', 'state': 'lit', 'advancing': False}
2026-02-28 16:44:59,522 : INFO : EventManager : Event: ======'bumper_lower_lit_hit'====== Args={'profile': 'default', 'state': 'lit', 'advancing': False}
2026-02-28 16:44:59,522 : INFO : EventManager : Event: ======'bumpers_hit'====== Args={'shot': 'bumper_lower'}
2026-02-28 16:44:59,522 : INFO : EventManager : Event: ======'bumpers_lit_hit'====== Args={'shot': 'bumper_lower'}
2026-02-28 16:44:59,522 : INFO : EventManager : Event: ======'player_score'====== Args={'value': 11000, 'prev_value': 10000, 'change': 1000, 'player_num': 1, 'source': 'bumpers'}
2026-02-28 16:44:59,585 : INFO : SwitchController : <<<<<<< 's_bumper_lower' inactive >>>>>>>
2026-02-28 16:45:00,485 : INFO : SwitchController : <<<<<<< 's_start' active >>>>>>>
2026-02-28 16:45:00,486 : INFO : EventManager : Event: ======'sw_start'====== Args={}
2026-02-28 16:45:00,486 : INFO : EventManager : Event: ======'machine_var_audits_switches_s_start'====== Args={'value': 1, 'prev_value': 0, 'change': 1}
2026-02-28 16:45:00,487 : INFO : EventManager : Event: ======'player_add_request'====== Args={}
2026-02-28 16:45:00,487 : INFO : EventManager : Event: ======'player_will_add'====== Args={'number': 2}
2026-02-28 16:45:00,487 : INFO : EventManager : Event: ======'player_adding'====== Args={'player': <Player 2>, 'number': 2}
2026-02-28 16:45:00,488 : INFO : EventManager : Event: ======'player_added'====== Args={'player': <Player 2>, 'num': 2}
2026-02-28 16:45:00,488 : INFO : Mode.game : Player added successfully. Total players: 2
2026-02-28 16:45:00,488 : INFO : EventManager : Event: ======'multiplayer_game'====== Args={}
2026-02-28 16:45:00,488 : INFO : EventManager : Event: ======'player_index'====== Args={'value': 1, 'prev_value': 1, 'change': 0, 'player_num': 2}
2026-02-28 16:45:00,489 : INFO : EventManager : Event: ======'player_number'====== Args={'value': 2, 'prev_value': 2, 'change': 0, 'player_num': 2}
2026-02-28 16:45:00,490 : INFO : EventManager : Event: ======'player_score'====== Args={'value': 0, 'prev_value': 0, 'change': 0, 'player_num': 2}
2026-02-28 16:45:00,619 : INFO : SwitchController : <<<<<<< 's_start' inactive >>>>>>>
2026-02-28 16:45:05,703 : INFO : EventManager : Event: ======'balldevice_bd_trough_ball_eject_failed'====== Args={'target': <ball_device.bd_plunger>, 'balls': 1, 'retry': True, 'num_attempts': 1}
2026-02-28 16:45:05,706 : INFO : ball_device.bd_trough : State: waiting_for_target_ready
2026-02-28 16:45:05,706 : INFO : EventManager : Event: ======'balldevice_bd_trough_ball_eject_attempt'====== Args={'balls': 1, 'target': <ball_device.bd_plunger>, 'source': <ball_device.bd_trough>, 'mechanical_eject': False, 'num_attempts': 1}
2026-02-28 16:45:05,707 : INFO : ball_device.bd_trough : State: ejecting
2026-02-28 16:45:05,707 : INFO : ball_device.bd_trough : Ejecting ball to <ball_device.bd_plunger>
2026-02-28 16:45:05,707 : INFO : EventManager : Event: ======'balldevice_bd_trough_ejecting_ball'====== Args={'balls': 1, 'target': <ball_device.bd_plunger>, 'source': <ball_device.bd_trough>, 'mechanical_eject': False, 'num_attempts': 1}
2026-02-28 16:45:05,709 : INFO : ball_device.bd_trough : Wait for ball to leave device
2026-02-28 16:45:05,709 : INFO : coil.c_trough_eject : Pulsing Driver for 10ms (1.0 pulse_power)
2026-02-28 16:45:05,910 : INFO : SwitchController : <<<<<<< 's_bumper_lower' active >>>>>>>
2026-02-28 16:45:05,911 : INFO : EventManager : Event: ======'playfield_active'====== Args={'source': 'bumper_lower'}
2026-02-28 16:45:05,911 : INFO : EventManager : Event: ======'unexpected_ball_on_playfield'====== Args={}
2026-02-28 16:45:05,911 : INFO : EventManager : Event: ======'s_bumper_lower_active'====== Args={}
2026-02-28 16:45:05,911 : INFO : EventManager : Event: ======'machine_var_audits_switches_s_bumper_lower'====== Args={'value': 56, 'prev_value': 55, 'change': 1}
2026-02-28 16:45:05,912 : INFO : EventManager : Event: ======'machine_var_audits_shots_bumper_lower'====== Args={'value': 56, 'prev_value': 55, 'change': 1}
2026-02-28 16:45:05,913 : INFO : EventManager : Event: ======'bumper_lower_hit'====== Args={'profile': 'default', 'state': 'lit', 'advancing': False}
2026-02-28 16:45:05,913 : INFO : EventManager : Event: ======'bumper_lower_default_hit'====== Args={'profile': 'default', 'state': 'lit', 'advancing': False}
2026-02-28 16:45:05,913 : INFO : EventManager : Event: ======'bumper_lower_default_lit_hit'====== Args={'profile': 'default', 'state': 'lit', 'advancing': False}
2026-02-28 16:45:05,913 : INFO : EventManager : Event: ======'bumper_lower_lit_hit'====== Args={'profile': 'default', 'state': 'lit', 'advancing': False}
2026-02-28 16:45:05,913 : INFO : EventManager : Event: ======'bumpers_hit'====== Args={'shot': 'bumper_lower'}
2026-02-28 16:45:05,913 : INFO : EventManager : Event: ======'bumpers_lit_hit'====== Args={'shot': 'bumper_lower'}
2026-02-28 16:45:05,914 : INFO : EventManager : Event: ======'player_score'====== Args={'value': 12000, 'prev_value': 11000, 'change': 1000, 'player_num': 1, 'source': 'bumpers'}
2026-02-28 16:45:06,019 : INFO : SwitchController : <<<<<<< 's_bumper_upper' active >>>>>>>
2026-02-28 16:45:06,020 : INFO : EventManager : Event: ======'playfield_active'====== Args={'source': 'bumper_upper'}
2026-02-28 16:45:06,020 : INFO : EventManager : Event: ======'unexpected_ball_on_playfield'====== Args={}
2026-02-28 16:45:06,020 : INFO : EventManager : Event: ======'s_bumper_upper_active'====== Args={}
2026-02-28 16:45:06,020 : INFO : EventManager : Event: ======'machine_var_audits_switches_s_bumper_upper'====== Args={'value': 65, 'prev_value': 64, 'change': 1}
2026-02-28 16:45:06,021 : INFO : EventManager : Event: ======'machine_var_audits_shots_bumper_upper'====== Args={'value': 65, 'prev_value': 64, 'change': 1}
2026-02-28 16:45:06,021 : INFO : EventManager : Event: ======'bumper_upper_hit'====== Args={'profile': 'default', 'state': 'lit', 'advancing': False}
2026-02-28 16:45:06,021 : INFO : EventManager : Event: ======'bumper_upper_default_hit'====== Args={'profile': 'default', 'state': 'lit', 'advancing': False}
2026-02-28 16:45:06,021 : INFO : EventManager : Event: ======'bumper_upper_default_lit_hit'====== Args={'profile': 'default', 'state': 'lit', 'advancing': False}
2026-02-28 16:45:06,021 : INFO : EventManager : Event: ======'bumper_upper_lit_hit'====== Args={'profile': 'default', 'state': 'lit', 'advancing': False}
2026-02-28 16:45:06,022 : INFO : EventManager : Event: ======'bumpers_hit'====== Args={'shot': 'bumper_upper'}
2026-02-28 16:45:06,022 : INFO : EventManager : Event: ======'bumpers_lit_hit'====== Args={'shot': 'bumper_upper'}
2026-02-28 16:45:06,022 : INFO : EventManager : Event: ======'player_score'====== Args={'value': 13000, 'prev_value': 12000, 'change': 1000, 'player_num': 1, 'source': 'bumpers'}
2026-02-28 16:45:06,102 : INFO : SwitchController : <<<<<<< 's_bumper_lower' inactive >>>>>>>
2026-02-28 16:45:06,168 : INFO : SwitchController : <<<<<<< 's_bumper_upper' inactive >>>>>>>
2026-02-28 16:45:06,177 : INFO : SwitchController : <<<<<<< 's_bumper_lower' active >>>>>>>
2026-02-28 16:45:06,177 : INFO : EventManager : Event: ======'playfield_active'====== Args={'source': 'bumper_lower'}
2026-02-28 16:45:06,177 : INFO : EventManager : Event: ======'unexpected_ball_on_playfield'====== Args={}
2026-02-28 16:45:06,177 : INFO : EventManager : Event: ======'s_bumper_lower_active'====== Args={}
2026-02-28 16:45:06,177 : INFO : EventManager : Event: ======'machine_var_audits_switches_s_bumper_lower'====== Args={'value': 57, 'prev_value': 56, 'change': 1}
2026-02-28 16:45:06,178 : INFO : EventManager : Event: ======'machine_var_audits_shots_bumper_lower'====== Args={'value': 57, 'prev_value': 56, 'change': 1}
2026-02-28 16:45:06,179 : INFO : EventManager : Event: ======'bumper_lower_hit'====== Args={'profile': 'default', 'state': 'lit', 'advancing': False}
2026-02-28 16:45:06,179 : INFO : EventManager : Event: ======'bumper_lower_default_hit'====== Args={'profile': 'default', 'state': 'lit', 'advancing': False}
2026-02-28 16:45:06,179 : INFO : EventManager : Event: ======'bumper_lower_default_lit_hit'====== Args={'profile': 'default', 'state': 'lit', 'advancing': False}
2026-02-28 16:45:06,179 : INFO : EventManager : Event: ======'bumper_lower_lit_hit'====== Args={'profile': 'default', 'state': 'lit', 'advancing': False}
2026-02-28 16:45:06,179 : INFO : EventManager : Event: ======'bumpers_hit'====== Args={'shot': 'bumper_lower'}
2026-02-28 16:45:06,179 : INFO : EventManager : Event: ======'bumpers_lit_hit'====== Args={'shot': 'bumper_lower'}
2026-02-28 16:45:06,179 : INFO : EventManager : Event: ======'player_score'====== Args={'value': 14000, 'prev_value': 13000, 'change': 1000, 'player_num': 1, 'source': 'bumpers'}
2026-02-28 16:45:06,252 : INFO : SwitchController : <<<<<<< 's_bumper_upper' active >>>>>>>
2026-02-28 16:45:06,253 : INFO : EventManager : Event: ======'playfield_active'====== Args={'source': 'bumper_upper'}
2026-02-28 16:45:06,253 : INFO : EventManager : Event: ======'unexpected_ball_on_playfield'====== Args={}
2026-02-28 16:45:06,253 : INFO : EventManager : Event: ======'s_bumper_upper_active'====== Args={}
2026-02-28 16:45:06,253 : INFO : EventManager : Event: ======'machine_var_audits_switches_s_bumper_upper'====== Args={'value': 66, 'prev_value': 65, 'change': 1}
2026-02-28 16:45:06,254 : INFO : EventManager : Event: ======'machine_var_audits_shots_bumper_upper'====== Args={'value': 66, 'prev_value': 65, 'change': 1}
2026-02-28 16:45:06,255 : INFO : EventManager : Event: ======'bumper_upper_hit'====== Args={'profile': 'default', 'state': 'lit', 'advancing': False}
2026-02-28 16:45:06,255 : INFO : EventManager : Event: ======'bumper_upper_default_hit'====== Args={'profile': 'default', 'state': 'lit', 'advancing': False}
2026-02-28 16:45:06,255 : INFO : EventManager : Event: ======'bumper_upper_default_lit_hit'====== Args={'profile': 'default', 'state': 'lit', 'advancing': False}
2026-02-28 16:45:06,255 : INFO : EventManager : Event: ======'bumper_upper_lit_hit'====== Args={'profile': 'default', 'state': 'lit', 'advancing': False}
2026-02-28 16:45:06,255 : INFO : EventManager : Event: ======'bumpers_hit'====== Args={'shot': 'bumper_upper'}
2026-02-28 16:45:06,255 : INFO : EventManager : Event: ======'bumpers_lit_hit'====== Args={'shot': 'bumper_upper'}
2026-02-28 16:45:06,255 : INFO : EventManager : Event: ======'player_score'====== Args={'value': 15000, 'prev_value': 14000, 'change': 1000, 'player_num': 1, 'source': 'bumpers'}
2026-02-28 16:45:06,303 : INFO : SwitchController : <<<<<<< 's_bumper_lower' inactive >>>>>>>
2026-02-28 16:45:06,377 : INFO : SwitchController : <<<<<<< 's_bumper_lower' active >>>>>>>
2026-02-28 16:45:06,377 : INFO : EventManager : Event: ======'playfield_active'====== Args={'source': 'bumper_lower'}
2026-02-28 16:45:06,377 : INFO : EventManager : Event: ======'unexpected_ball_on_playfield'====== Args={}
2026-02-28 16:45:06,377 : INFO : EventManager : Event: ======'s_bumper_lower_active'====== Args={}
2026-02-28 16:45:06,378 : INFO : EventManager : Event: ======'machine_var_audits_switches_s_bumper_lower'====== Args={'value': 58, 'prev_value': 57, 'change': 1}
2026-02-28 16:45:06,378 : INFO : EventManager : Event: ======'machine_var_audits_shots_bumper_lower'====== Args={'value': 58, 'prev_value': 57, 'change': 1}
2026-02-28 16:45:06,379 : INFO : EventManager : Event: ======'bumper_lower_hit'====== Args={'profile': 'default', 'state': 'lit', 'advancing': False}
2026-02-28 16:45:06,379 : INFO : EventManager : Event: ======'bumper_lower_default_hit'====== Args={'profile': 'default', 'state': 'lit', 'advancing': False}
2026-02-28 16:45:06,379 : INFO : EventManager : Event: ======'bumper_lower_default_lit_hit'====== Args={'profile': 'default', 'state': 'lit', 'advancing': False}
2026-02-28 16:45:06,379 : INFO : EventManager : Event: ======'bumper_lower_lit_hit'====== Args={'profile': 'default', 'state': 'lit', 'advancing': False}
2026-02-28 16:45:06,379 : INFO : EventManager : Event: ======'bumpers_hit'====== Args={'shot': 'bumper_lower'}
2026-02-28 16:45:06,379 : INFO : EventManager : Event: ======'bumpers_lit_hit'====== Args={'shot': 'bumper_lower'}
2026-02-28 16:45:06,379 : INFO : EventManager : Event: ======'player_score'====== Args={'value': 16000, 'prev_value': 15000, 'change': 1000, 'player_num': 1, 'source': 'bumpers'}
2026-02-28 16:45:06,380 : INFO : SwitchController : <<<<<<< 's_bumper_upper' inactive >>>>>>>
2026-02-28 16:45:06,461 : INFO : SwitchController : <<<<<<< 's_bumper_upper' active >>>>>>>
2026-02-28 16:45:06,462 : INFO : EventManager : Event: ======'playfield_active'====== Args={'source': 'bumper_upper'}
2026-02-28 16:45:06,462 : INFO : EventManager : Event: ======'unexpected_ball_on_playfield'====== Args={}
2026-02-28 16:45:06,462 : INFO : EventManager : Event: ======'s_bumper_upper_active'====== Args={}
2026-02-28 16:45:06,462 : INFO : EventManager : Event: ======'machine_var_audits_switches_s_bumper_upper'====== Args={'value': 67, 'prev_value': 66, 'change': 1}
2026-02-28 16:45:06,463 : INFO : EventManager : Event: ======'machine_var_audits_shots_bumper_upper'====== Args={'value': 67, 'prev_value': 66, 'change': 1}
2026-02-28 16:45:06,464 : INFO : EventManager : Event: ======'bumper_upper_hit'====== Args={'profile': 'default', 'state': 'lit', 'advancing': False}
2026-02-28 16:45:06,464 : INFO : EventManager : Event: ======'bumper_upper_default_hit'====== Args={'profile': 'default', 'state': 'lit', 'advancing': False}
2026-02-28 16:45:06,464 : INFO : EventManager : Event: ======'bumper_upper_default_lit_hit'====== Args={'profile': 'default', 'state': 'lit', 'advancing': False}
2026-02-28 16:45:06,464 : INFO : EventManager : Event: ======'bumper_upper_lit_hit'====== Args={'profile': 'default', 'state': 'lit', 'advancing': False}
2026-02-28 16:45:06,464 : INFO : EventManager : Event: ======'bumpers_hit'====== Args={'shot': 'bumper_upper'}
2026-02-28 16:45:06,464 : INFO : EventManager : Event: ======'bumpers_lit_hit'====== Args={'shot': 'bumper_upper'}
2026-02-28 16:45:06,465 : INFO : EventManager : Event: ======'player_score'====== Args={'value': 17000, 'prev_value': 16000, 'change': 1000, 'player_num': 1, 'source': 'bumpers'}
2026-02-28 16:45:06,570 : INFO : SwitchController : <<<<<<< 's_bumper_upper' inactive >>>>>>>
2026-02-28 16:45:06,628 : INFO : SwitchController : <<<<<<< 's_bumper_upper' active >>>>>>>
2026-02-28 16:45:06,628 : INFO : EventManager : Event: ======'playfield_active'====== Args={'source': 'bumper_upper'}
2026-02-28 16:45:06,628 : INFO : EventManager : Event: ======'unexpected_ball_on_playfield'====== Args={}
2026-02-28 16:45:06,628 : INFO : EventManager : Event: ======'s_bumper_upper_active'====== Args={}
2026-02-28 16:45:06,628 : INFO : EventManager : Event: ======'machine_var_audits_switches_s_bumper_upper'====== Args={'value': 68, 'prev_value': 67, 'change': 1}
2026-02-28 16:45:06,629 : INFO : EventManager : Event: ======'machine_var_audits_shots_bumper_upper'====== Args={'value': 68, 'prev_value': 67, 'change': 1}
2026-02-28 16:45:06,629 : INFO : EventManager : Event: ======'bumper_upper_hit'====== Args={'profile': 'default', 'state': 'lit', 'advancing': False}
2026-02-28 16:45:06,629 : INFO : EventManager : Event: ======'bumper_upper_default_hit'====== Args={'profile': 'default', 'state': 'lit', 'advancing': False}
2026-02-28 16:45:06,629 : INFO : EventManager : Event: ======'bumper_upper_default_lit_hit'====== Args={'profile': 'default', 'state': 'lit', 'advancing': False}
2026-02-28 16:45:06,629 : INFO : EventManager : Event: ======'bumper_upper_lit_hit'====== Args={'profile': 'default', 'state': 'lit', 'advancing': False}
2026-02-28 16:45:06,629 : INFO : EventManager : Event: ======'bumpers_hit'====== Args={'shot': 'bumper_upper'}
2026-02-28 16:45:06,629 : INFO : EventManager : Event: ======'bumpers_lit_hit'====== Args={'shot': 'bumper_upper'}
2026-02-28 16:45:06,630 : INFO : EventManager : Event: ======'player_score'====== Args={'value': 18000, 'prev_value': 17000, 'change': 1000, 'player_num': 1, 'source': 'bumpers'}
2026-02-28 16:45:06,711 : INFO : SwitchController : <<<<<<< 's_bumper_lower' inactive >>>>>>>
2026-02-28 16:45:06,761 : INFO : SwitchController : <<<<<<< 's_bumper_lower' active >>>>>>>
2026-02-28 16:45:06,761 : INFO : EventManager : Event: ======'playfield_active'====== Args={'source': 'bumper_lower'}
2026-02-28 16:45:06,761 : INFO : EventManager : Event: ======'unexpected_ball_on_playfield'====== Args={}
2026-02-28 16:45:06,761 : INFO : EventManager : Event: ======'s_bumper_lower_active'====== Args={}
2026-02-28 16:45:06,762 : INFO : EventManager : Event: ======'machine_var_audits_switches_s_bumper_lower'====== Args={'value': 59, 'prev_value': 58, 'change': 1}
2026-02-28 16:45:06,763 : INFO : EventManager : Event: ======'machine_var_audits_shots_bumper_lower'====== Args={'value': 59, 'prev_value': 58, 'change': 1}
2026-02-28 16:45:06,763 : INFO : EventManager : Event: ======'bumper_lower_hit'====== Args={'profile': 'default', 'state': 'lit', 'advancing': False}
2026-02-28 16:45:06,763 : INFO : EventManager : Event: ======'bumper_lower_default_hit'====== Args={'profile': 'default', 'state': 'lit', 'advancing': False}
2026-02-28 16:45:06,763 : INFO : EventManager : Event: ======'bumper_lower_default_lit_hit'====== Args={'profile': 'default', 'state': 'lit', 'advancing': False}
2026-02-28 16:45:06,764 : INFO : EventManager : Event: ======'bumper_lower_lit_hit'====== Args={'profile': 'default', 'state': 'lit', 'advancing': False}
2026-02-28 16:45:06,764 : INFO : EventManager : Event: ======'bumpers_hit'====== Args={'shot': 'bumper_lower'}
2026-02-28 16:45:06,764 : INFO : EventManager : Event: ======'bumpers_lit_hit'====== Args={'shot': 'bumper_lower'}
2026-02-28 16:45:06,764 : INFO : EventManager : Event: ======'player_score'====== Args={'value': 19000, 'prev_value': 18000, 'change': 1000, 'player_num': 1, 'source': 'bumpers'}
2026-02-28 16:45:06,768 : INFO : SwitchController : <<<<<<< 's_bumper_upper' inactive >>>>>>>
2026-02-28 16:45:06,835 : INFO : SwitchController : <<<<<<< 's_bumper_upper' active >>>>>>>
2026-02-28 16:45:06,836 : INFO : EventManager : Event: ======'playfield_active'====== Args={'source': 'bumper_upper'}
2026-02-28 16:45:06,836 : INFO : EventManager : Event: ======'unexpected_ball_on_playfield'====== Args={}
2026-02-28 16:45:06,836 : INFO : EventManager : Event: ======'s_bumper_upper_active'====== Args={}
2026-02-28 16:45:06,836 : INFO : EventManager : Event: ======'machine_var_audits_switches_s_bumper_upper'====== Args={'value': 69, 'prev_value': 68, 'change': 1}
2026-02-28 16:45:06,837 : INFO : EventManager : Event: ======'machine_var_audits_shots_bumper_upper'====== Args={'value': 69, 'prev_value': 68, 'change': 1}
2026-02-28 16:45:06,838 : INFO : EventManager : Event: ======'bumper_upper_hit'====== Args={'profile': 'default', 'state': 'lit', 'advancing': False}
2026-02-28 16:45:06,838 : INFO : EventManager : Event: ======'bumper_upper_default_hit'====== Args={'profile': 'default', 'state': 'lit', 'advancing': False}
2026-02-28 16:45:06,838 : INFO : EventManager : Event: ======'bumper_upper_default_lit_hit'====== Args={'profile': 'default', 'state': 'lit', 'advancing': False}
2026-02-28 16:45:06,838 : INFO : EventManager : Event: ======'bumper_upper_lit_hit'====== Args={'profile': 'default', 'state': 'lit', 'advancing': False}
2026-02-28 16:45:06,838 : INFO : EventManager : Event: ======'bumpers_hit'====== Args={'shot': 'bumper_upper'}
2026-02-28 16:45:06,838 : INFO : EventManager : Event: ======'bumpers_lit_hit'====== Args={'shot': 'bumper_upper'}
2026-02-28 16:45:06,839 : INFO : EventManager : Event: ======'player_score'====== Args={'value': 20000, 'prev_value': 19000, 'change': 1000, 'player_num': 1, 'source': 'bumpers'}
2026-02-28 16:45:06,919 : INFO : SwitchController : <<<<<<< 's_bumper_lower' inactive >>>>>>>
2026-02-28 16:45:06,952 : INFO : SwitchController : <<<<<<< 's_bumper_upper' inactive >>>>>>>
2026-02-28 16:45:07,827 : INFO : SwitchController : <<<<<<< 's_start' active >>>>>>>
2026-02-28 16:45:07,828 : INFO : EventManager : Event: ======'sw_start'====== Args={}
2026-02-28 16:45:07,828 : INFO : EventManager : Event: ======'machine_var_audits_switches_s_start'====== Args={'value': 2, 'prev_value': 1, 'change': 1}
2026-02-28 16:45:07,829 : INFO : EventManager : Event: ======'player_add_request'====== Args={}
2026-02-28 16:45:07,829 : INFO : EventManager : Event: ======'player_will_add'====== Args={'number': 3}
2026-02-28 16:45:07,829 : INFO : EventManager : Event: ======'player_adding'====== Args={'player': <Player 3>, 'number': 3}
2026-02-28 16:45:07,829 : INFO : EventManager : Event: ======'player_added'====== Args={'player': <Player 3>, 'num': 3}
2026-02-28 16:45:07,829 : INFO : Mode.game : Player added successfully. Total players: 3
2026-02-28 16:45:07,830 : INFO : EventManager : Event: ======'player_index'====== Args={'value': 2, 'prev_value': 2, 'change': 0, 'player_num': 3}
2026-02-28 16:45:07,830 : INFO : EventManager : Event: ======'player_number'====== Args={'value': 3, 'prev_value': 3, 'change': 0, 'player_num': 3}
2026-02-28 16:45:07,831 : INFO : EventManager : Event: ======'player_score'====== Args={'value': 0, 'prev_value': 0, 'change': 0, 'player_num': 3}
2026-02-28 16:45:07,994 : INFO : SwitchController : <<<<<<< 's_start' inactive >>>>>>>
2026-02-28 16:45:09,027 : INFO : SwitchController : <<<<<<< 's_bumper_lower' active >>>>>>>
2026-02-28 16:45:09,028 : INFO : EventManager : Event: ======'playfield_active'====== Args={'source': 'bumper_lower'}
2026-02-28 16:45:09,028 : INFO : EventManager : Event: ======'unexpected_ball_on_playfield'====== Args={}
2026-02-28 16:45:09,028 : INFO : EventManager : Event: ======'s_bumper_lower_active'====== Args={}
2026-02-28 16:45:09,028 : INFO : EventManager : Event: ======'machine_var_audits_switches_s_bumper_lower'====== Args={'value': 60, 'prev_value': 59, 'change': 1}
2026-02-28 16:45:09,029 : INFO : EventManager : Event: ======'machine_var_audits_shots_bumper_lower'====== Args={'value': 60, 'prev_value': 59, 'change': 1}
2026-02-28 16:45:09,030 : INFO : EventManager : Event: ======'bumper_lower_hit'====== Args={'profile': 'default', 'state': 'lit', 'advancing': False}
2026-02-28 16:45:09,030 : INFO : EventManager : Event: ======'bumper_lower_default_hit'====== Args={'profile': 'default', 'state': 'lit', 'advancing': False}
2026-02-28 16:45:09,030 : INFO : EventManager : Event: ======'bumper_lower_default_lit_hit'====== Args={'profile': 'default', 'state': 'lit', 'advancing': False}
2026-02-28 16:45:09,030 : INFO : EventManager : Event: ======'bumper_lower_lit_hit'====== Args={'profile': 'default', 'state': 'lit', 'advancing': False}
2026-02-28 16:45:09,030 : INFO : EventManager : Event: ======'bumpers_hit'====== Args={'shot': 'bumper_lower'}
2026-02-28 16:45:09,031 : INFO : EventManager : Event: ======'bumpers_lit_hit'====== Args={'shot': 'bumper_lower'}
2026-02-28 16:45:09,031 : INFO : EventManager : Event: ======'player_score'====== Args={'value': 21000, 'prev_value': 20000, 'change': 1000, 'player_num': 1, 'source': 'bumpers'}
2026-02-28 16:45:09,119 : INFO : SwitchController : <<<<<<< 's_bumper_upper' active >>>>>>>
2026-02-28 16:45:09,119 : INFO : EventManager : Event: ======'playfield_active'====== Args={'source': 'bumper_upper'}
2026-02-28 16:45:09,119 : INFO : EventManager : Event: ======'unexpected_ball_on_playfield'====== Args={}
2026-02-28 16:45:09,119 : INFO : EventManager : Event: ======'s_bumper_upper_active'====== Args={}
2026-02-28 16:45:09,120 : INFO : EventManager : Event: ======'machine_var_audits_switches_s_bumper_upper'====== Args={'value': 70, 'prev_value': 69, 'change': 1}
2026-02-28 16:45:09,121 : INFO : EventManager : Event: ======'machine_var_audits_shots_bumper_upper'====== Args={'value': 70, 'prev_value': 69, 'change': 1}
2026-02-28 16:45:09,121 : INFO : EventManager : Event: ======'bumper_upper_hit'====== Args={'profile': 'default', 'state': 'lit', 'advancing': False}
2026-02-28 16:45:09,121 : INFO : EventManager : Event: ======'bumper_upper_default_hit'====== Args={'profile': 'default', 'state': 'lit', 'advancing': False}
2026-02-28 16:45:09,121 : INFO : EventManager : Event: ======'bumper_upper_default_lit_hit'====== Args={'profile': 'default', 'state': 'lit', 'advancing': False}
2026-02-28 16:45:09,121 : INFO : EventManager : Event: ======'bumper_upper_lit_hit'====== Args={'profile': 'default', 'state': 'lit', 'advancing': False}
2026-02-28 16:45:09,122 : INFO : EventManager : Event: ======'bumpers_hit'====== Args={'shot': 'bumper_upper'}
2026-02-28 16:45:09,122 : INFO : EventManager : Event: ======'bumpers_lit_hit'====== Args={'shot': 'bumper_upper'}
2026-02-28 16:45:09,122 : INFO : EventManager : Event: ======'player_score'====== Args={'value': 22000, 'prev_value': 21000, 'change': 1000, 'player_num': 1, 'source': 'bumpers'}
2026-02-28 16:45:09,210 : INFO : SwitchController : <<<<<<< 's_bumper_lower' inactive >>>>>>>
2026-02-28 16:45:09,302 : INFO : SwitchController : <<<<<<< 's_bumper_upper' inactive >>>>>>>
2026-02-28 16:45:09,311 : INFO : SwitchController : <<<<<<< 's_bumper_lower' active >>>>>>>
2026-02-28 16:45:09,311 : INFO : EventManager : Event: ======'playfield_active'====== Args={'source': 'bumper_lower'}
2026-02-28 16:45:09,311 : INFO : EventManager : Event: ======'unexpected_ball_on_playfield'====== Args={}
2026-02-28 16:45:09,311 : INFO : EventManager : Event: ======'s_bumper_lower_active'====== Args={}
2026-02-28 16:45:09,311 : INFO : EventManager : Event: ======'machine_var_audits_switches_s_bumper_lower'====== Args={'value': 61, 'prev_value': 60, 'change': 1}
2026-02-28 16:45:09,312 : INFO : EventManager : Event: ======'machine_var_audits_shots_bumper_lower'====== Args={'value': 61, 'prev_value': 60, 'change': 1}
2026-02-28 16:45:09,313 : INFO : EventManager : Event: ======'bumper_lower_hit'====== Args={'profile': 'default', 'state': 'lit', 'advancing': False}
2026-02-28 16:45:09,313 : INFO : EventManager : Event: ======'bumper_lower_default_hit'====== Args={'profile': 'default', 'state': 'lit', 'advancing': False}
2026-02-28 16:45:09,313 : INFO : EventManager : Event: ======'bumper_lower_default_lit_hit'====== Args={'profile': 'default', 'state': 'lit', 'advancing': False}
2026-02-28 16:45:09,313 : INFO : EventManager : Event: ======'bumper_lower_lit_hit'====== Args={'profile': 'default', 'state': 'lit', 'advancing': False}
2026-02-28 16:45:09,313 : INFO : EventManager : Event: ======'bumpers_hit'====== Args={'shot': 'bumper_lower'}
2026-02-28 16:45:09,313 : INFO : EventManager : Event: ======'bumpers_lit_hit'====== Args={'shot': 'bumper_lower'}
2026-02-28 16:45:09,313 : INFO : EventManager : Event: ======'player_score'====== Args={'value': 23000, 'prev_value': 22000, 'change': 1000, 'player_num': 1, 'source': 'bumpers'}
2026-02-28 16:45:09,394 : INFO : SwitchController : <<<<<<< 's_bumper_upper' active >>>>>>>
2026-02-28 16:45:09,395 : INFO : EventManager : Event: ======'playfield_active'====== Args={'source': 'bumper_upper'}
2026-02-28 16:45:09,395 : INFO : EventManager : Event: ======'unexpected_ball_on_playfield'====== Args={}
2026-02-28 16:45:09,395 : INFO : EventManager : Event: ======'s_bumper_upper_active'====== Args={}
2026-02-28 16:45:09,395 : INFO : EventManager : Event: ======'machine_var_audits_switches_s_bumper_upper'====== Args={'value': 71, 'prev_value': 70, 'change': 1}
2026-02-28 16:45:09,396 : INFO : EventManager : Event: ======'machine_var_audits_shots_bumper_upper'====== Args={'value': 71, 'prev_value': 70, 'change': 1}
2026-02-28 16:45:09,397 : INFO : EventManager : Event: ======'bumper_upper_hit'====== Args={'profile': 'default', 'state': 'lit', 'advancing': False}
2026-02-28 16:45:09,397 : INFO : EventManager : Event: ======'bumper_upper_default_hit'====== Args={'profile': 'default', 'state': 'lit', 'advancing': False}
2026-02-28 16:45:09,397 : INFO : EventManager : Event: ======'bumper_upper_default_lit_hit'====== Args={'profile': 'default', 'state': 'lit', 'advancing': False}
2026-02-28 16:45:09,397 : INFO : EventManager : Event: ======'bumper_upper_lit_hit'====== Args={'profile': 'default', 'state': 'lit', 'advancing': False}
2026-02-28 16:45:09,397 : INFO : EventManager : Event: ======'bumpers_hit'====== Args={'shot': 'bumper_upper'}
2026-02-28 16:45:09,398 : INFO : EventManager : Event: ======'bumpers_lit_hit'====== Args={'shot': 'bumper_upper'}
2026-02-28 16:45:09,398 : INFO : EventManager : Event: ======'player_score'====== Args={'value': 24000, 'prev_value': 23000, 'change': 1000, 'player_num': 1, 'source': 'bumpers'}
2026-02-28 16:45:09,470 : INFO : SwitchController : <<<<<<< 's_bumper_lower' inactive >>>>>>>
2026-02-28 16:45:09,519 : INFO : SwitchController : <<<<<<< 's_bumper_lower' active >>>>>>>
2026-02-28 16:45:09,520 : INFO : EventManager : Event: ======'playfield_active'====== Args={'source': 'bumper_lower'}
2026-02-28 16:45:09,520 : INFO : EventManager : Event: ======'unexpected_ball_on_playfield'====== Args={}
2026-02-28 16:45:09,520 : INFO : EventManager : Event: ======'s_bumper_lower_active'====== Args={}
2026-02-28 16:45:09,520 : INFO : EventManager : Event: ======'machine_var_audits_switches_s_bumper_lower'====== Args={'value': 62, 'prev_value': 61, 'change': 1}
2026-02-28 16:45:09,524 : INFO : EventManager : Event: ======'machine_var_audits_shots_bumper_lower'====== Args={'value': 62, 'prev_value': 61, 'change': 1}
2026-02-28 16:45:09,524 : INFO : EventManager : Event: ======'bumper_lower_hit'====== Args={'profile': 'default', 'state': 'lit', 'advancing': False}
2026-02-28 16:45:09,524 : INFO : EventManager : Event: ======'bumper_lower_default_hit'====== Args={'profile': 'default', 'state': 'lit', 'advancing': False}
2026-02-28 16:45:09,525 : INFO : EventManager : Event: ======'bumper_lower_default_lit_hit'====== Args={'profile': 'default', 'state': 'lit', 'advancing': False}
2026-02-28 16:45:09,525 : INFO : EventManager : Event: ======'bumper_lower_lit_hit'====== Args={'profile': 'default', 'state': 'lit', 'advancing': False}
2026-02-28 16:45:09,525 : INFO : EventManager : Event: ======'bumpers_hit'====== Args={'shot': 'bumper_lower'}
2026-02-28 16:45:09,525 : INFO : EventManager : Event: ======'bumpers_lit_hit'====== Args={'shot': 'bumper_lower'}
2026-02-28 16:45:09,525 : INFO : EventManager : Event: ======'player_score'====== Args={'value': 25000, 'prev_value': 24000, 'change': 1000, 'player_num': 1, 'source': 'bumpers'}
2026-02-28 16:45:09,552 : INFO : SwitchController : <<<<<<< 's_bumper_upper' inactive >>>>>>>
2026-02-28 16:45:09,586 : INFO : SwitchController : <<<<<<< 's_bumper_upper' active >>>>>>>
2026-02-28 16:45:09,586 : INFO : EventManager : Event: ======'playfield_active'====== Args={'source': 'bumper_upper'}
2026-02-28 16:45:09,587 : INFO : EventManager : Event: ======'unexpected_ball_on_playfield'====== Args={}
2026-02-28 16:45:09,587 : INFO : EventManager : Event: ======'s_bumper_upper_active'====== Args={}
2026-02-28 16:45:09,587 : INFO : EventManager : Event: ======'machine_var_audits_switches_s_bumper_upper'====== Args={'value': 72, 'prev_value': 71, 'change': 1}
2026-02-28 16:45:09,589 : INFO : EventManager : Event: ======'machine_var_audits_shots_bumper_upper'====== Args={'value': 72, 'prev_value': 71, 'change': 1}
2026-02-28 16:45:09,589 : INFO : EventManager : Event: ======'bumper_upper_hit'====== Args={'profile': 'default', 'state': 'lit', 'advancing': False}
2026-02-28 16:45:09,589 : INFO : EventManager : Event: ======'bumper_upper_default_hit'====== Args={'profile': 'default', 'state': 'lit', 'advancing': False}
2026-02-28 16:45:09,589 : INFO : EventManager : Event: ======'bumper_upper_default_lit_hit'====== Args={'profile': 'default', 'state': 'lit', 'advancing': False}
2026-02-28 16:45:09,589 : INFO : EventManager : Event: ======'bumper_upper_lit_hit'====== Args={'profile': 'default', 'state': 'lit', 'advancing': False}
2026-02-28 16:45:09,590 : INFO : EventManager : Event: ======'bumpers_hit'====== Args={'shot': 'bumper_upper'}
2026-02-28 16:45:09,590 : INFO : EventManager : Event: ======'bumpers_lit_hit'====== Args={'shot': 'bumper_upper'}
2026-02-28 16:45:09,590 : INFO : EventManager : Event: ======'player_score'====== Args={'value': 26000, 'prev_value': 25000, 'change': 1000, 'player_num': 1, 'source': 'bumpers'}
2026-02-28 16:45:09,628 : INFO : SwitchController : <<<<<<< 's_bumper_lower' inactive >>>>>>>
2026-02-28 16:45:09,678 : INFO : SwitchController : <<<<<<< 's_bumper_lower' active >>>>>>>
2026-02-28 16:45:09,678 : INFO : EventManager : Event: ======'playfield_active'====== Args={'source': 'bumper_lower'}
2026-02-28 16:45:09,678 : INFO : EventManager : Event: ======'unexpected_ball_on_playfield'====== Args={}
2026-02-28 16:45:09,678 : INFO : EventManager : Event: ======'s_bumper_lower_active'====== Args={}
2026-02-28 16:45:09,678 : INFO : EventManager : Event: ======'machine_var_audits_switches_s_bumper_lower'====== Args={'value': 63, 'prev_value': 62, 'change': 1}
2026-02-28 16:45:09,679 : INFO : EventManager : Event: ======'machine_var_audits_shots_bumper_lower'====== Args={'value': 63, 'prev_value': 62, 'change': 1}
2026-02-28 16:45:09,680 : INFO : EventManager : Event: ======'bumper_lower_hit'====== Args={'profile': 'default', 'state': 'lit', 'advancing': False}
2026-02-28 16:45:09,680 : INFO : EventManager : Event: ======'bumper_lower_default_hit'====== Args={'profile': 'default', 'state': 'lit', 'advancing': False}
2026-02-28 16:45:09,680 : INFO : EventManager : Event: ======'bumper_lower_default_lit_hit'====== Args={'profile': 'default', 'state': 'lit', 'advancing': False}
2026-02-28 16:45:09,680 : INFO : EventManager : Event: ======'bumper_lower_lit_hit'====== Args={'profile': 'default', 'state': 'lit', 'advancing': False}
2026-02-28 16:45:09,680 : INFO : EventManager : Event: ======'bumpers_hit'====== Args={'shot': 'bumper_lower'}
2026-02-28 16:45:09,681 : INFO : EventManager : Event: ======'bumpers_lit_hit'====== Args={'shot': 'bumper_lower'}
2026-02-28 16:45:09,681 : INFO : EventManager : Event: ======'player_score'====== Args={'value': 27000, 'prev_value': 26000, 'change': 1000, 'player_num': 1, 'source': 'bumpers'}
2026-02-28 16:45:09,719 : INFO : SwitchController : <<<<<<< 's_bumper_upper' inactive >>>>>>>
2026-02-28 16:45:09,786 : INFO : SwitchController : <<<<<<< 's_bumper_upper' active >>>>>>>
2026-02-28 16:45:09,786 : INFO : EventManager : Event: ======'playfield_active'====== Args={'source': 'bumper_upper'}
2026-02-28 16:45:09,786 : INFO : EventManager : Event: ======'unexpected_ball_on_playfield'====== Args={}
2026-02-28 16:45:09,787 : INFO : EventManager : Event: ======'s_bumper_upper_active'====== Args={}
2026-02-28 16:45:09,787 : INFO : EventManager : Event: ======'machine_var_audits_switches_s_bumper_upper'====== Args={'value': 73, 'prev_value': 72, 'change': 1}
2026-02-28 16:45:09,788 : INFO : EventManager : Event: ======'machine_var_audits_shots_bumper_upper'====== Args={'value': 73, 'prev_value': 72, 'change': 1}
2026-02-28 16:45:09,788 : INFO : EventManager : Event: ======'bumper_upper_hit'====== Args={'profile': 'default', 'state': 'lit', 'advancing': False}
2026-02-28 16:45:09,789 : INFO : EventManager : Event: ======'bumper_upper_default_hit'====== Args={'profile': 'default', 'state': 'lit', 'advancing': False}
2026-02-28 16:45:09,789 : INFO : EventManager : Event: ======'bumper_upper_default_lit_hit'====== Args={'profile': 'default', 'state': 'lit', 'advancing': False}
2026-02-28 16:45:09,789 : INFO : EventManager : Event: ======'bumper_upper_lit_hit'====== Args={'profile': 'default', 'state': 'lit', 'advancing': False}
2026-02-28 16:45:09,789 : INFO : EventManager : Event: ======'bumpers_hit'====== Args={'shot': 'bumper_upper'}
2026-02-28 16:45:09,789 : INFO : EventManager : Event: ======'bumpers_lit_hit'====== Args={'shot': 'bumper_upper'}
2026-02-28 16:45:09,789 : INFO : EventManager : Event: ======'player_score'====== Args={'value': 28000, 'prev_value': 27000, 'change': 1000, 'player_num': 1, 'source': 'bumpers'}
2026-02-28 16:45:09,836 : INFO : SwitchController : <<<<<<< 's_bumper_lower' inactive >>>>>>>
2026-02-28 16:45:09,869 : INFO : SwitchController : <<<<<<< 's_bumper_upper' inactive >>>>>>>
2026-02-28 16:45:15,711 : INFO : EventManager : Event: ======'balldevice_bd_trough_ball_eject_failed'====== Args={'target': <ball_device.bd_plunger>, 'balls': 1, 'retry': True, 'num_attempts': 2}
2026-02-28 16:45:15,713 : INFO : ball_device.bd_trough : State: waiting_for_target_ready
2026-02-28 16:45:15,713 : INFO : EventManager : Event: ======'balldevice_bd_trough_ball_eject_attempt'====== Args={'balls': 1, 'target': <ball_device.bd_plunger>, 'source': <ball_device.bd_trough>, 'mechanical_eject': False, 'num_attempts': 2}
2026-02-28 16:45:15,714 : INFO : ball_device.bd_trough : State: ejecting
2026-02-28 16:45:15,714 : INFO : ball_device.bd_trough : Ejecting ball to <ball_device.bd_plunger>
2026-02-28 16:45:15,714 : INFO : EventManager : Event: ======'balldevice_bd_trough_ejecting_ball'====== Args={'balls': 1, 'target': <ball_device.bd_plunger>, 'source': <ball_device.bd_trough>, 'mechanical_eject': False, 'num_attempts': 2}
2026-02-28 16:45:15,716 : INFO : ball_device.bd_trough : Wait for ball to leave device
2026-02-28 16:45:15,716 : INFO : coil.c_trough_eject : Pulsing Driver for 10ms (1.0 pulse_power)
2026-02-28 16:45:20,500 : INFO : Machine : Shutting down...
2026-02-28 16:45:20,501 : INFO : EventManager : Event: ======'shutdown'====== Args={}
2026-02-28 16:45:20,502 : INFO : EventManager : Event: ======'mode_game_will_stop'====== Args={}
2026-02-28 16:45:20,502 : INFO : EventManager : Event: ======'mode_game_stopping'====== Args={}
2026-02-28 16:45:20,502 : INFO : EventManager : Event: ======'mode_base_will_stop'====== Args={}
2026-02-28 16:45:20,502 : INFO : EventManager : Event: ======'mode_base_stopping'====== Args={}
2026-02-28 16:45:20,502 : INFO : EventManager : Event: ======'mode_bumpers_will_stop'====== Args={}
2026-02-28 16:45:20,502 : INFO : EventManager : Event: ======'mode_bumpers_stopping'====== Args={}
2026-02-28 16:45:20,503 : INFO : EventManager : Event: ======'stop_mode_bumpers'====== Args={'priority': 0}
2026-02-28 16:45:20,503 : INFO : Mode.bumpers : Stopped.
2026-02-28 16:45:20,503 : INFO : EventManager : Event: ======'modes_active_modes_changed'====== Args={}
2026-02-28 16:45:20,503 : INFO : EventManager : Event: ======'mode_bumpers_stopped'====== Args={}
2026-02-28 16:45:20,503 : INFO : EventManager : Event: ======'clear'====== Args={'key': 'bumpers'}
2026-02-28 16:45:20,503 : INFO : Mode.base : Stopped.
2026-02-28 16:45:20,503 : INFO : EventManager : Event: ======'modes_active_modes_changed'====== Args={}
2026-02-28 16:45:20,503 : INFO : EventManager : Event: ======'mode_base_stopped'====== Args={}
2026-02-28 16:45:20,503 : INFO : EventManager : Event: ======'clear'====== Args={'key': 'base'}
2026-02-28 16:45:20,504 : INFO : Mode.game : Stopped.
2026-02-28 16:45:20,504 : INFO : EventManager : Event: ======'modes_active_modes_changed'====== Args={}
2026-02-28 16:45:20,504 : INFO : EventManager : Event: ======'mode_game_stopped'====== Args={}
2026-02-28 16:45:20,504 : INFO : EventManager : Event: ======'clear'====== Args={'key': 'game'}
2026-02-28 16:45:20,505 : INFO : root : MPF run loop ended.
