2026-03-01 19:42:45,937 : INFO : root : Loading config.
2026-03-01 19:42:45,938 : INFO : YamlMultifileConfigLoader : Machine config file #1: config.yaml
2026-03-01 19:42:45,938 : INFO : ConfigProcessor : Loading config from cache: /var/folders/np/pd6clpgx1xs_0sdwz71m1gyh0000gn/T/be743be5f71a26736512bc9b8989a341.mpf_cache
2026-03-01 19:42:45,954 : INFO : ConfigProcessor : Loading config from cache: /var/folders/np/pd6clpgx1xs_0sdwz71m1gyh0000gn/T/84cf549c59d2d394dc6f5889ffe6a1f1.mpf_cache
2026-03-01 19:42:45,954 : INFO : ConfigProcessor : Loading config from cache: /var/folders/np/pd6clpgx1xs_0sdwz71m1gyh0000gn/T/a5f85595fa0cbfb236c892eef8a78354.mpf_cache
2026-03-01 19:42:45,954 : INFO : ConfigProcessor : Loading config from cache: /var/folders/np/pd6clpgx1xs_0sdwz71m1gyh0000gn/T/84cf549c59d2d394dc6f5889ffe6a1f1.mpf_cache
2026-03-01 19:42:45,954 : INFO : ConfigProcessor : Loading config from cache: /var/folders/np/pd6clpgx1xs_0sdwz71m1gyh0000gn/T/128730e328aaa296072fe140e2e7dc9c.mpf_cache
2026-03-01 19:42:45,954 : INFO : ConfigProcessor : Loading config from cache: /var/folders/np/pd6clpgx1xs_0sdwz71m1gyh0000gn/T/6361db87863b427e5d069bbf0c807c9d.mpf_cache
2026-03-01 19:42:45,955 : INFO : ConfigProcessor : Loading config from cache: /var/folders/np/pd6clpgx1xs_0sdwz71m1gyh0000gn/T/43cb4b195f935f38e5e859c83c67061c.mpf_cache
2026-03-01 19:42:45,955 : INFO : Machine : Mission Pinball Framework Core Engine v0.80.0.dev13
2026-03-01 19:42:45,955 : INFO : Machine : Command line arguments: {'no_load_cache': False, 'create_config_cache': True, 'bcp': True, 'configfile': ['config.yaml'], 'force_assets_load': False, 'platform_integration_test': False, 'jsonlogging': False, 'logfile': 'logs/2026-03-01-19-42-45-mpf-ANDREs-MacBook-Pro-2.local.log', 'pause': False, 'production': False, 'text_ui': True, 'loglevel': 15, 'consoleloglevel': 20, 'force_platform': 'virtual', 'syslog_address': None, 'full_logfile_path': '/Users/andre/NapoleonDynamite/logs/2026-03-01-19-42-45-mpf-ANDREs-MacBook-Pro-2.local.log'}
2026-03-01 19:42:45,955 : INFO : Machine : MPF path: /Users/andre/mpf/lib/python3.13/site-packages/mpf
2026-03-01 19:42:45,955 : INFO : Machine : Machine path: /Users/andre/NapoleonDynamite
2026-03-01 19:42:45,955 : INFO : Machine : Platform: darwin
2026-03-01 19:42:45,955 : INFO : Machine : Python executable location: /Users/andre/mpf/bin/python3.13
2026-03-01 19:42:45,955 : INFO : Machine : Python version: 3.13.12 (64-bit)
2026-03-01 19:42:45,955 : INFO : Machine : Initializing MPF...
2026-03-01 19:42:45,981 : INFO : EventManager : Event: ======'machine_var_credits_string'====== Args={'value': 'FREE PLAY', 'prev_value': None, 'change': True}
2026-03-01 19:42:45,984 : INFO : EventManager : Event: ======'machine_var_master_volume'====== Args={'value': 0.5, 'prev_value': None, 'change': True}
2026-03-01 19:42:45,984 : INFO : EventManager : Event: ======'machine_var_mpf_version'====== Args={'value': 'Mission Pinball Framework v0.80.0.dev13', 'prev_value': None, 'change': True}
2026-03-01 19:42:45,984 : INFO : EventManager : Event: ======'machine_var_mpf_extended_version'====== Args={'value': 'Mission Pinball Framework v0.80.0.dev13, Config version:6, Show version: 6, BCP version:1.1', 'prev_value': None, 'change': True}
2026-03-01 19:42:45,984 : INFO : EventManager : Event: ======'machine_var_python_version'====== Args={'value': '3.13.12', 'prev_value': None, 'change': True}
2026-03-01 19:42:45,992 : INFO : EventManager : Event: ======'machine_var_platform'====== Args={'value': 'macOS-26.3-arm64-arm-64bit-Mach-O', 'prev_value': None, 'change': True}
2026-03-01 19:42:45,992 : INFO : EventManager : Event: ======'machine_var_platform_system'====== Args={'value': 'Darwin', 'prev_value': None, 'change': True}
2026-03-01 19:42:45,992 : INFO : EventManager : Event: ======'machine_var_platform_release'====== Args={'value': '25.3.0', 'prev_value': None, 'change': True}
2026-03-01 19:42:45,992 : INFO : EventManager : Event: ======'machine_var_platform_version'====== Args={'value': 'Darwin Kernel Version 25.3.0: Wed Jan 28 20:53:05 PST 2026; root:xnu-12377.81.4~5/RELEASE_ARM64_T6020', 'prev_value': None, 'change': True}
2026-03-01 19:42:45,992 : INFO : EventManager : Event: ======'machine_var_platform_machine'====== Args={'value': 'arm64', 'prev_value': None, 'change': True}
2026-03-01 19:42:45,992 : INFO : EventManager : Event: ======'machine_var_log_file_path'====== Args={'value': '/Users/andre/NapoleonDynamite/logs/2026-03-01-19-42-45-mpf-ANDREs-MacBook-Pro-2.local.log', 'prev_value': None, 'change': True}
2026-03-01 19:42:45,992 : INFO : EventManager : Event: ======'init_phase_1'====== Args={}
2026-03-01 19:42:45,998 : INFO : EventManager : Event: ======'init_phase_2'====== Args={}
2026-03-01 19:42:45,998 : INFO : SwitchController : Found active switch: ('3208_middle-0', <Platform.Virtual>) <switch.s_trough_1>
2026-03-01 19:42:45,999 : INFO : SwitchController : Found active switch: ('3208_middle-1', <Platform.Virtual>) <switch.s_trough_2>
2026-03-01 19:42:45,999 : INFO : SwitchController : Found active switch: ('3208_middle-2', <Platform.Virtual>) <switch.s_trough_3>
2026-03-01 19:42:45,999 : INFO : SwitchController : Found active switch: ('3208_middle-3', <Platform.Virtual>) <switch.s_trough_4>
2026-03-01 19:42:45,999 : INFO : SwitchController : Found active switch: ('3208_middle-4', <Platform.Virtual>) <switch.s_trough_5>
2026-03-01 19:42:45,999 : INFO : SwitchController : Found active switch: ('3208_middle-5', <Platform.Virtual>) <switch.s_trough_6>
2026-03-01 19:42:45,999 : INFO : SwitchController : Found active switch: ('3208_middle-6', <Platform.Virtual>) <switch.s_trough_7>
2026-03-01 19:42:46,000 : INFO : EventManager : Event: ======'bcp_connection_attempt'====== Args={'name': 'local_display', 'host': 'localhost', 'port': 5050}
2026-03-01 19:42:46,000 : INFO : BCPClientSocket : Connecting BCP to 'local_display' at localhost:5050...
2026-03-01 19:42:46,003 : INFO : BCPClientSocket : Connected BCP to 'local_display' localhost:5050
2026-03-01 19:42:46,003 : INFO : EventManager : Event: ======'bcp_clients_connected'====== Args={}
2026-03-01 19:42:46,005 : INFO : ball_device.bd_trough : BCH: Initial count: 7
2026-03-01 19:42:46,005 : INFO : ball_device.bd_trough : State: idle
2026-03-01 19:42:46,005 : INFO : ball_device.bd_plunger : BCH: Initial count: 0
2026-03-01 19:42:46,005 : INFO : ball_device.bd_plunger : State: idle
2026-03-01 19:42:46,010 : INFO : EventManager : Event: ======'init_phase_3'====== Args={}
2026-03-01 19:42:46,016 : INFO : EventManager : Event: ======'init_phase_4'====== Args={}
2026-03-01 19:42:46,016 : INFO : BallController : Initial balls found: 7
2026-03-01 19:42:46,016 : INFO : EventManager : Event: ======'machine_var_audits_events_game_ended'====== Args={'value': 0, 'prev_value': None, 'change': True}
2026-03-01 19:42:46,016 : INFO : EventManager : Event: ======'machine_var_audits_events_game_started'====== Args={'value': 34, 'prev_value': None, 'change': True}
2026-03-01 19:42:46,016 : INFO : EventManager : Event: ======'machine_var_audits_missing_switches_s_flipper_left'====== Args={'value': 1, 'prev_value': None, 'change': True}
2026-03-01 19:42:46,016 : INFO : EventManager : Event: ======'machine_var_audits_missing_switches_s_flipper_left_eos'====== Args={'value': 8, 'prev_value': None, 'change': True}
2026-03-01 19:42:46,016 : INFO : EventManager : Event: ======'machine_var_audits_missing_switches_s_flipper_right_lower'====== Args={'value': 1, 'prev_value': None, 'change': True}
2026-03-01 19:42:46,016 : INFO : EventManager : Event: ======'machine_var_audits_missing_switches_s_flipper_right_lower_eos'====== Args={'value': 16, 'prev_value': None, 'change': True}
2026-03-01 19:42:46,016 : INFO : EventManager : Event: ======'machine_var_audits_missing_switches_s_flipper_right_upper'====== Args={'value': 1, 'prev_value': None, 'change': True}
2026-03-01 19:42:46,016 : INFO : EventManager : Event: ======'machine_var_audits_missing_switches_s_flipper_right_upper_eos'====== Args={'value': 20, 'prev_value': None, 'change': True}
2026-03-01 19:42:46,016 : INFO : EventManager : Event: ======'machine_var_audits_missing_switches_s_plunger'====== Args={'value': 1, 'prev_value': None, 'change': True}
2026-03-01 19:42:46,016 : INFO : EventManager : Event: ======'machine_var_audits_missing_switches_s_scoop_tina'====== Args={'value': 3, 'prev_value': None, 'change': True}
2026-03-01 19:42:46,016 : INFO : EventManager : Event: ======'machine_var_audits_missing_switches_s_start'====== Args={'value': 6, 'prev_value': None, 'change': True}
2026-03-01 19:42:46,016 : INFO : EventManager : Event: ======'machine_var_audits_missing_switches_s_trough_1'====== Args={'value': 1, 'prev_value': None, 'change': True}
2026-03-01 19:42:46,016 : INFO : EventManager : Event: ======'machine_var_audits_missing_switches_s_trough_2'====== Args={'value': 1, 'prev_value': None, 'change': True}
2026-03-01 19:42:46,016 : INFO : EventManager : Event: ======'machine_var_audits_missing_switches_s_trough_3'====== Args={'value': 1, 'prev_value': None, 'change': True}
2026-03-01 19:42:46,016 : INFO : EventManager : Event: ======'machine_var_audits_missing_switches_s_trough_4'====== Args={'value': 1, 'prev_value': None, 'change': True}
2026-03-01 19:42:46,016 : INFO : EventManager : Event: ======'machine_var_audits_missing_switches_s_trough_5'====== Args={'value': 1, 'prev_value': None, 'change': True}
2026-03-01 19:42:46,016 : INFO : EventManager : Event: ======'machine_var_audits_missing_switches_s_trough_6'====== Args={'value': 1, 'prev_value': None, 'change': True}
2026-03-01 19:42:46,016 : INFO : EventManager : Event: ======'machine_var_audits_missing_switches_s_trough_7'====== Args={'value': 1, 'prev_value': None, 'change': True}
2026-03-01 19:42:46,017 : INFO : EventManager : Event: ======'machine_var_audits_player_score'====== Args={'value': {'average': 0, 'top': [], 'total': 0}, 'prev_value': None, 'change': True}
2026-03-01 19:42:46,017 : INFO : EventManager : Event: ======'machine_var_audits_shots_bumper_lower'====== Args={'value': 76, 'prev_value': None, 'change': True}
2026-03-01 19:42:46,017 : INFO : EventManager : Event: ======'machine_var_audits_shots_bumper_upper'====== Args={'value': 81, 'prev_value': None, 'change': True}
2026-03-01 19:42:46,017 : INFO : EventManager : Event: ======'machine_var_audits_shots_hurryup'====== Args={'value': 6, 'prev_value': None, 'change': True}
2026-03-01 19:42:46,017 : INFO : EventManager : Event: ======'machine_var_audits_shots_inlane_left'====== Args={'value': 17, 'prev_value': None, 'change': True}
2026-03-01 19:42:46,017 : INFO : EventManager : Event: ======'machine_var_audits_shots_left_lane'====== Args={'value': 17, 'prev_value': None, 'change': True}
2026-03-01 19:42:46,017 : INFO : EventManager : Event: ======'machine_var_audits_shots_sling_left'====== Args={'value': 11, 'prev_value': None, 'change': True}
2026-03-01 19:42:46,017 : INFO : EventManager : Event: ======'machine_var_audits_shots_sling_right'====== Args={'value': 21, 'prev_value': None, 'change': True}
2026-03-01 19:42:46,017 : INFO : EventManager : Event: ======'machine_var_audits_switches_s_bumper_lower'====== Args={'value': 82, 'prev_value': None, 'change': True}
2026-03-01 19:42:46,017 : INFO : EventManager : Event: ======'machine_var_audits_switches_s_bumper_upper'====== Args={'value': 85, 'prev_value': None, 'change': True}
2026-03-01 19:42:46,017 : INFO : EventManager : Event: ======'machine_var_audits_switches_s_flipper_left'====== Args={'value': 452, 'prev_value': None, 'change': True}
2026-03-01 19:42:46,017 : INFO : EventManager : Event: ======'machine_var_audits_switches_s_flipper_left_eos'====== Args={'value': 181, 'prev_value': None, 'change': True}
2026-03-01 19:42:46,017 : INFO : EventManager : Event: ======'machine_var_audits_switches_s_flipper_right_lower'====== Args={'value': 453, 'prev_value': None, 'change': True}
2026-03-01 19:42:46,017 : INFO : EventManager : Event: ======'machine_var_audits_switches_s_flipper_right_lower_eos'====== Args={'value': 161, 'prev_value': None, 'change': True}
2026-03-01 19:42:46,017 : INFO : EventManager : Event: ======'machine_var_audits_switches_s_flipper_right_upper'====== Args={'value': 469, 'prev_value': None, 'change': True}
2026-03-01 19:42:46,017 : INFO : EventManager : Event: ======'machine_var_audits_switches_s_flipper_right_upper_eos'====== Args={'value': 43, 'prev_value': None, 'change': True}
2026-03-01 19:42:46,017 : INFO : EventManager : Event: ======'machine_var_audits_switches_s_inlane_left'====== Args={'value': 36, 'prev_value': None, 'change': True}
2026-03-01 19:42:46,017 : INFO : EventManager : Event: ======'machine_var_audits_switches_s_inlane_right_1'====== Args={'value': 24, 'prev_value': None, 'change': True}
2026-03-01 19:42:46,017 : INFO : EventManager : Event: ======'machine_var_audits_switches_s_inlane_right_2'====== Args={'value': 7, 'prev_value': None, 'change': True}
2026-03-01 19:42:46,017 : INFO : EventManager : Event: ======'machine_var_audits_switches_s_plunger'====== Args={'value': 13, 'prev_value': None, 'change': True}
2026-03-01 19:42:46,017 : INFO : EventManager : Event: ======'machine_var_audits_switches_s_plunger_lane'====== Args={'value': 29, 'prev_value': None, 'change': True}
2026-03-01 19:42:46,017 : INFO : EventManager : Event: ======'machine_var_audits_switches_s_scoop_tina'====== Args={'value': 11, 'prev_value': None, 'change': True}
2026-03-01 19:42:46,017 : INFO : EventManager : Event: ======'machine_var_audits_switches_s_sling_left'====== Args={'value': 206, 'prev_value': None, 'change': True}
2026-03-01 19:42:46,017 : INFO : EventManager : Event: ======'machine_var_audits_switches_s_sling_right'====== Args={'value': 53, 'prev_value': None, 'change': True}
2026-03-01 19:42:46,017 : INFO : EventManager : Event: ======'machine_var_audits_switches_s_start'====== Args={'value': 31, 'prev_value': None, 'change': True}
2026-03-01 19:42:46,017 : INFO : EventManager : Event: ======'machine_var_audits_switches_s_trough_1'====== Args={'value': 128, 'prev_value': None, 'change': True}
2026-03-01 19:42:46,017 : INFO : EventManager : Event: ======'machine_var_audits_switches_s_trough_2'====== Args={'value': 116, 'prev_value': None, 'change': True}
2026-03-01 19:42:46,017 : INFO : EventManager : Event: ======'machine_var_audits_switches_s_trough_3'====== Args={'value': 142, 'prev_value': None, 'change': True}
2026-03-01 19:42:46,017 : INFO : EventManager : Event: ======'machine_var_audits_switches_s_trough_4'====== Args={'value': 197, 'prev_value': None, 'change': True}
2026-03-01 19:42:46,017 : INFO : EventManager : Event: ======'machine_var_audits_switches_s_trough_5'====== Args={'value': 215, 'prev_value': None, 'change': True}
2026-03-01 19:42:46,017 : INFO : EventManager : Event: ======'machine_var_audits_switches_s_trough_6'====== Args={'value': 211, 'prev_value': None, 'change': True}
2026-03-01 19:42:46,017 : INFO : EventManager : Event: ======'machine_var_audits_switches_s_trough_7'====== Args={'value': 175, 'prev_value': None, 'change': True}
2026-03-01 19:42:46,017 : INFO : EventManager : Event: ======'init_phase_5'====== Args={}
2026-03-01 19:42:46,017 : INFO : ball_device.bd_trough : BCH: Count is unstable. Trying to reorder balls.
2026-03-01 19:42:46,017 : WARNING : ball_device.bd_trough : Cannot reorder device because eject_coil_reorder_pulse is not configured
2026-03-01 19:42:46,018 : INFO : ball_device.bd_trough : BCH: Repulse done. Waiting for balls to settle.
2026-03-01 19:42:46,018 : INFO : ball_device.bd_trough : BCH: Reordered count: 7
2026-03-01 19:42:46,018 : INFO : EventManager : Event: ======'init_done'====== Args={}
2026-03-01 19:42:46,018 : INFO : EventManager : Event: ======'machine_reset_phase_1'====== Args={}
2026-03-01 19:42:46,046 : INFO : EventManager : Event: ======'machine_reset_phase_2'====== Args={}
2026-03-01 19:42:46,046 : INFO : EventManager : Event: ======'machine_reset_phase_3'====== Args={}
2026-03-01 19:42:46,046 : INFO : EventManager : Event: ======'reset_complete'====== Args={}
2026-03-01 19:42:46,046 : INFO : EventManager : Event: ======'mode_attract_will_start'====== Args={}
2026-03-01 19:42:46,046 : INFO : Timer.attract_carousel_timer : Starting Timer.
2026-03-01 19:42:46,046 : INFO : EventManager : Event: ======'timer_attract_carousel_timer_started'====== Args={'ticks': 0, 'ticks_remaining': 1}
2026-03-01 19:42:46,046 : INFO : EventManager : Event: ======'timer_attract_carousel_timer_tick'====== Args={'ticks': 0, 'ticks_remaining': 1}
2026-03-01 19:42:46,046 : INFO : EventManager : Event: ======'mode_attract_starting'====== Args={}
2026-03-01 19:42:46,047 : INFO : Mode.attract : Started. Priority: 10
2026-03-01 19:42:46,047 : INFO : EventManager : Event: ======'modes_active_modes_changed'====== Args={}
2026-03-01 19:42:46,047 : INFO : EventManager : Event: ======'mode_attract_started'====== Args={}
2026-03-01 19:42:46,047 : INFO : EventManager : Event: ======'collecting_balls_complete'====== Args={}
2026-03-01 19:42:46,047 : INFO : EventManager : Event: ======'carousel_item_highlighted'====== Args={'carousel': 'attract', 'direction': None, 'item': 'title'}
2026-03-01 19:42:46,047 : INFO : EventManager : Event: ======'timer_attract_carousel_timer_tick'====== Args={'ticks': 0, 'ticks_remaining': 1}
2026-03-01 19:42:46,047 : INFO : Machine : Starting the main run loop with active modes: [<Mode.attract>]
2026-03-01 19:42:46,197 : INFO : EventManager : Event: ======'slide_attract_created'====== Args={'_from_bcp': True}
2026-03-01 19:42:46,198 : INFO : EventManager : Event: ======'slide__removed'====== Args={'_from_bcp': True}
2026-03-01 19:42:46,198 : INFO : EventManager : Event: ======'slide_attract_active'====== Args={'original_context': 'attract', 'original_calling_context': 'mode_attract_started', 'priority': 10.0, 'cmd': 'slides_play', '_from_bcp': True}
2026-03-01 19:42:49,669 : INFO : SwitchController : <<<<<<< 's_flipper_right_lower' active >>>>>>>
2026-03-01 19:42:49,669 : INFO : EventManager : Event: ======'s_flipper_right_lower_active'====== Args={}
2026-03-01 19:42:49,669 : INFO : EventManager : Event: ======'carousel_item_highlighted'====== Args={'carousel': 'attract', 'direction': 'forwards', 'item': 'credits'}
2026-03-01 19:42:49,669 : INFO : EventManager : Event: ======'timer_attract_carousel_timer_tick'====== Args={'ticks': 0, 'ticks_remaining': 1}
2026-03-01 19:42:49,725 : INFO : SwitchController : <<<<<<< 's_flipper_right_lower' inactive >>>>>>>
2026-03-01 19:42:49,844 : INFO : SwitchController : <<<<<<< 's_flipper_right_lower' active >>>>>>>
2026-03-01 19:42:49,844 : INFO : EventManager : Event: ======'s_flipper_right_lower_active'====== Args={}
2026-03-01 19:42:49,845 : INFO : EventManager : Event: ======'carousel_item_highlighted'====== Args={'carousel': 'attract', 'direction': 'forwards', 'item': 'logo'}
2026-03-01 19:42:49,845 : INFO : EventManager : Event: ======'timer_attract_carousel_timer_tick'====== Args={'ticks': 0, 'ticks_remaining': 1}
2026-03-01 19:42:49,885 : INFO : SwitchController : <<<<<<< 's_flipper_right_lower' inactive >>>>>>>
2026-03-01 19:42:50,001 : INFO : SwitchController : <<<<<<< 's_flipper_right_lower' active >>>>>>>
2026-03-01 19:42:50,001 : INFO : EventManager : Event: ======'s_flipper_right_lower_active'====== Args={}
2026-03-01 19:42:50,001 : INFO : EventManager : Event: ======'carousel_item_highlighted'====== Args={'carousel': 'attract', 'direction': 'forwards', 'item': 'title'}
2026-03-01 19:42:50,002 : INFO : EventManager : Event: ======'timer_attract_carousel_timer_tick'====== Args={'ticks': 0, 'ticks_remaining': 1}
2026-03-01 19:42:50,083 : INFO : SwitchController : <<<<<<< 's_flipper_right_lower' inactive >>>>>>>
2026-03-01 19:42:52,602 : INFO : SwitchController : <<<<<<< 's_start' active >>>>>>>
2026-03-01 19:42:52,702 : INFO : SwitchController : <<<<<<< 's_start' inactive >>>>>>>
2026-03-01 19:42:52,702 : INFO : EventManager : Event: ======'request_to_start_game'====== Args={}
2026-03-01 19:42:52,702 : INFO : EventManager : Event: ======'game_start'====== Args={'buttons': [], 'hold_time': 0.09965895803179592}
2026-03-01 19:42:52,703 : INFO : EventManager : Event: ======'mode_game_will_start'====== Args={'buttons': [], 'hold_time': 0.09965895803179592}
2026-03-01 19:42:52,703 : INFO : EventManager : Event: ======'mode_game_starting'====== Args={'buttons': [], 'hold_time': 0.09965895803179592}
2026-03-01 19:42:52,704 : INFO : EventManager : Event: ======'mode_attract_will_stop'====== Args={}
2026-03-01 19:42:52,704 : INFO : EventManager : Event: ======'mode_attract_stopping'====== Args={}
2026-03-01 19:42:52,704 : INFO : Mode.attract : Stopped.
2026-03-01 19:42:52,704 : INFO : EventManager : Event: ======'modes_active_modes_changed'====== Args={}
2026-03-01 19:42:52,704 : INFO : EventManager : Event: ======'mode_attract_stopped'====== Args={}
2026-03-01 19:42:52,704 : INFO : EventManager : Event: ======'clear'====== Args={'key': 'attract'}
2026-03-01 19:42:52,704 : INFO : Timer.attract_carousel_timer : Stopping Timer
2026-03-01 19:42:52,704 : INFO : EventManager : Event: ======'timer_attract_carousel_timer_stopped'====== Args={'ticks': 0, 'ticks_remaining': 1}
2026-03-01 19:42:52,705 : INFO : Mode.game : Started. Priority: 20
2026-03-01 19:42:52,705 : INFO : EventManager : Event: ======'modes_active_modes_changed'====== Args={}
2026-03-01 19:42:52,705 : INFO : EventManager : Event: ======'mode_game_started'====== Args={'buttons': [], 'hold_time': 0.09965895803179592}
2026-03-01 19:42:52,705 : INFO : EventManager : Event: ======'game_will_start'====== Args={}
2026-03-01 19:42:52,705 : INFO : EventManager : Event: ======'game_starting'====== Args={'game': <Mode.game>}
2026-03-01 19:42:52,706 : INFO : EventManager : Unordered handler for class <Auditor> on event game_ended with priority 1. Handlers: [RegisteredHandler(callback=<bound method Auditor.disable of <Auditor>>, priority=1, kwargs={}, key=UUID('64f61698-56c3-41aa-b604-f5d223a21188'), condition=None, blocking_facility=None), RegisteredHandler(callback=<bound method Auditor._save_audits of <Auditor>>, priority=1, kwargs={}, key=UUID('309276e5-d5de-4efc-9d54-e82959585994'), condition=None, blocking_facility=None)]. The order of those handlers is not defined and they will be executed in random order. This might lead to race conditions and potential bugs.
2026-03-01 19:42:52,706 : INFO : EventManager : Event: ======'player_add_request'====== Args={}
2026-03-01 19:42:52,707 : INFO : EventManager : Event: ======'player_will_add'====== Args={'number': 1}
2026-03-01 19:42:52,707 : INFO : EventManager : Event: ======'player_adding'====== Args={'player': <Player 1>, 'number': 1}
2026-03-01 19:42:52,707 : INFO : EventManager : Event: ======'player_added'====== Args={'player': <Player 1>, 'num': 1}
2026-03-01 19:42:52,707 : INFO : Mode.game : Player added successfully. Total players: 1
2026-03-01 19:42:52,707 : INFO : EventManager : Event: ======'player_index'====== Args={'value': 0, 'prev_value': 0, 'change': 0, 'player_num': 1}
2026-03-01 19:42:52,708 : INFO : EventManager : Event: ======'player_number'====== Args={'value': 1, 'prev_value': 1, 'change': 0, 'player_num': 1}
2026-03-01 19:42:52,708 : INFO : EventManager : Event: ======'player_score'====== Args={'value': 0, 'prev_value': 0, 'change': 0, 'player_num': 1}
2026-03-01 19:42:52,708 : INFO : EventManager : Event: ======'game_started'====== Args={}
2026-03-01 19:42:52,709 : INFO : EventManager : Event: ======'player_turn_will_start'====== Args={'player': <Player 1>, 'number': 1}
2026-03-01 19:42:52,710 : INFO : EventManager : Event: ======'player_turn_starting'====== Args={'player': <Player 1>, 'number': 1}
2026-03-01 19:42:52,725 : INFO : EventManager : Event: ======'player_ball'====== Args={'value': 1, 'prev_value': 0, 'change': 1, 'player_num': 1}
2026-03-01 19:42:52,725 : INFO : EventManager : Event: ======'player_turn_started'====== Args={'player': <Player 1>, 'number': 1}
2026-03-01 19:42:52,727 : INFO : EventManager : Event: ======'ball_will_start'====== Args={'player': 1, 'ball': 1, 'balls_remaining': 2, 'is_extra_ball': False}
2026-03-01 19:42:52,727 : INFO : EventManager : Event: ======'ball_starting'====== Args={'player': 1, 'ball': 1, 'balls_remaining': 2, 'is_extra_ball': False}
2026-03-01 19:42:52,728 : INFO : EventManager : Event: ======'mode_base_will_start'====== Args={'queue': <QueuedEvent>, 'player': 1, 'ball': 1, 'balls_remaining': 2, 'is_extra_ball': False}
2026-03-01 19:42:52,728 : INFO : EventManager : Event: ======'player_shot_left_lane_enabled'====== Args={'value': True, 'prev_value': 0, 'change': 1, 'player_num': 1}
2026-03-01 19:42:52,729 : INFO : EventManager : Event: ======'mode_base_starting'====== Args={'queue': <QueuedEvent>, 'player': 1, 'ball': 1, 'balls_remaining': 2, 'is_extra_ball': False}
2026-03-01 19:42:52,729 : INFO : Mode.base : Started. Priority: 100
2026-03-01 19:42:52,729 : INFO : EventManager : Event: ======'modes_active_modes_changed'====== Args={}
2026-03-01 19:42:52,729 : INFO : EventManager : Event: ======'mode_base_started'====== Args={'queue': <QueuedEvent>, 'player': 1, 'ball': 1, 'balls_remaining': 2, 'is_extra_ball': False}
2026-03-01 19:42:52,729 : INFO : EventManager : Event: ======'start_mode_bumpers'====== Args={'priority': 0}
2026-03-01 19:42:52,730 : INFO : EventManager : Event: ======'mode_bumpers_will_start'====== Args={'priority': 0}
2026-03-01 19:42:52,731 : INFO : EventManager : Event: ======'player_shot_sling_left_enabled'====== Args={'value': True, 'prev_value': 0, 'change': 1, 'player_num': 1}
2026-03-01 19:42:52,731 : INFO : EventManager : Event: ======'player_shot_sling_right_enabled'====== Args={'value': True, 'prev_value': 0, 'change': 1, 'player_num': 1}
2026-03-01 19:42:52,731 : INFO : EventManager : Event: ======'slings_complete'====== Args={'state': 'unlit'}
2026-03-01 19:42:52,731 : INFO : EventManager : Event: ======'slings_unlit_complete'====== Args={}
2026-03-01 19:42:52,731 : INFO : EventManager : Event: ======'mode_bumpers_starting'====== Args={'priority': 0}
2026-03-01 19:42:52,731 : INFO : Mode.bumpers : Started. Priority: 200
2026-03-01 19:42:52,731 : INFO : EventManager : Event: ======'modes_active_modes_changed'====== Args={}
2026-03-01 19:42:52,732 : INFO : EventManager : Event: ======'mode_bumpers_started'====== Args={'priority': 0}
2026-03-01 19:42:52,732 : INFO : EventManager : Event: ======'balls_in_play'====== Args={'balls': 1}
2026-03-01 19:42:52,732 : INFO : EventManager : Event: ======'ball_started'====== Args={'player': 1, 'ball': 1, 'balls_remaining': 2, 'is_extra_ball': False}
2026-03-01 19:42:52,732 : INFO : EventManager : Event: ======'single_player_ball_started'====== Args={}
2026-03-01 19:42:52,732 : INFO : EventManager : Event: ======'ball_start_target'====== Args={'target': 'playfield'}
2026-03-01 19:42:52,732 : INFO : ball_device.bd_plunger : Setting up player-controlled eject. Balls: 1, Target: <playfield.playfield>, player_controlled_eject_event: None
2026-03-01 19:42:52,732 : INFO : EventManager : Event: ======'balldevice_balls_available'====== Args={}
2026-03-01 19:42:52,733 : INFO : ball_device.bd_trough : State: waiting_for_target_ready
2026-03-01 19:42:52,733 : INFO : EventManager : Event: ======'balldevice_bd_trough_ball_eject_attempt'====== Args={'balls': 1, 'target': <ball_device.bd_plunger>, 'source': <ball_device.bd_trough>, 'mechanical_eject': True, 'num_attempts': 0}
2026-03-01 19:42:52,733 : INFO : ball_device.bd_plunger : State: waiting_for_ball
2026-03-01 19:42:52,733 : INFO : ball_device.bd_trough : State: ejecting
2026-03-01 19:42:52,733 : INFO : ball_device.bd_trough : Ejecting ball to <ball_device.bd_plunger>
2026-03-01 19:42:52,733 : INFO : EventManager : Event: ======'balldevice_bd_trough_ejecting_ball'====== Args={'balls': 1, 'target': <ball_device.bd_plunger>, 'source': <ball_device.bd_trough>, 'mechanical_eject': True, 'num_attempts': 0}
2026-03-01 19:42:52,733 : INFO : ball_device.bd_trough : Wait for ball to leave device
2026-03-01 19:42:52,733 : INFO : coil.c_trough_eject : Pulsing Driver for 15ms (1.0 pulse_power)
2026-03-01 19:42:52,754 : INFO : EventManager : Event: ======'slide_base_slide_created'====== Args={'_from_bcp': True}
2026-03-01 19:42:52,754 : INFO : EventManager : Event: ======'slide_attract_inactive'====== Args={'is_removing': True, '_from_bcp': True}
2026-03-01 19:42:52,754 : INFO : EventManager : Event: ======'slide_base_slide_active'====== Args={'original_context': 'base', 'original_calling_context': 'mode_base_started', 'priority': 100.0, 'queue': '<QueuedEvent>', 'player': 1.0, 'ball': 1.0, 'balls_remaining': 2.0, 'is_extra_ball': False, 'cmd': 'slides_play', '_from_bcp': True}
2026-03-01 19:42:52,754 : INFO : EventManager : Event: ======'slide_attract_removed'====== Args={'_from_bcp': True}
2026-03-01 19:42:53,936 : INFO : SwitchController : <<<<<<< 's_plunger' active >>>>>>>
2026-03-01 19:42:53,936 : INFO : EventManager : Event: ======'machine_var_audits_switches_s_plunger'====== Args={'value': 14, 'prev_value': 13, 'change': 1}
2026-03-01 19:42:54,059 : INFO : SwitchController : <<<<<<< 's_plunger' inactive >>>>>>>
2026-03-01 19:42:54,661 : INFO : SwitchController : <<<<<<< 's_plunger' active >>>>>>>
2026-03-01 19:42:54,661 : INFO : EventManager : Event: ======'machine_var_audits_switches_s_plunger'====== Args={'value': 15, 'prev_value': 14, 'change': 1}
2026-03-01 19:42:55,162 : INFO : ball_device.bd_plunger : Received unexpected ball
2026-03-01 19:42:55,163 : INFO : EventManager : Event: ======'balldevice_captured_from_playfield'====== Args={'balls': 1}
2026-03-01 19:42:55,163 : INFO : EventManager : Event: ======'sw_playfield_active'====== Args={'balls': 1}
2026-03-01 19:42:55,163 : INFO : EventManager : Event: ======'playfield_active'====== Args={'source': None}
2026-03-01 19:42:55,163 : INFO : EventManager : Event: ======'unexpected_ball_on_playfield'====== Args={}
2026-03-01 19:42:55,163 : INFO : EventManager : Event: ======'playfield_ball_count_change'====== Args={'balls': -1, 'change': -1}
2026-03-01 19:42:55,164 : INFO : EventManager : Event: ======'balldevice_playfield_ball_enter'====== Args={'new_balls': 1, 'unclaimed_balls': 1, 'device': <playfield.playfield>}
2026-03-01 19:42:55,164 : INFO : EventManager : Event: ======'playfield_ball_count_change'====== Args={'balls': 0, 'change': 1}
2026-03-01 19:42:55,164 : INFO : BallController : Found a new ball which was captured from playfield. Known balls: 8
2026-03-01 19:42:55,164 : INFO : EventManager : Event: ======'found_new_ball'====== Args={}
2026-03-01 19:42:55,164 : INFO : EventManager : Event: ======'balldevice_bd_plunger_ball_enter'====== Args={'new_balls': 1, 'unclaimed_balls': 1, 'new_available_balls': 1, 'device': <ball_device.bd_plunger>}
2026-03-01 19:42:55,164 : INFO : ball_device.bd_plunger : Ejecting 1 unexpected balls using path deque([<ball_device.bd_plunger>, <playfield.playfield>])
2026-03-01 19:42:55,164 : INFO : EventManager : Event: ======'balldevice_balls_available'====== Args={}
2026-03-01 19:42:55,164 : INFO : EventManager : Event: ======'balldevice_balls_available'====== Args={}
2026-03-01 19:42:55,164 : INFO : EventManager : Event: ======'balldevice_bd_plunger_ball_entered'====== Args={'new_balls': 1, 'device': <ball_device.bd_plunger>}
2026-03-01 19:42:55,164 : INFO : EventManager : Event: ======'balldevice_bd_plunger_ball_count_changed'====== Args={'balls': 1}
2026-03-01 19:42:55,165 : INFO : ball_device.bd_plunger : State: waiting_for_target_ready
2026-03-01 19:42:55,165 : INFO : EventManager : Event: ======'balldevice_bd_plunger_ball_eject_attempt'====== Args={'balls': 1, 'target': <playfield.playfield>, 'source': <ball_device.bd_plunger>, 'mechanical_eject': True, 'num_attempts': 0}
2026-03-01 19:42:55,165 : INFO : ball_device.bd_plunger : State: ejecting
2026-03-01 19:42:55,165 : INFO : ball_device.bd_plunger : Ejecting ball to <playfield.playfield>
2026-03-01 19:42:55,165 : INFO : EventManager : Event: ======'balldevice_bd_plunger_ejecting_ball'====== Args={'balls': 1, 'target': <playfield.playfield>, 'source': <ball_device.bd_plunger>, 'mechanical_eject': True, 'num_attempts': 0}
2026-03-01 19:42:55,165 : INFO : ball_device.bd_plunger : Wait for ball to leave device
2026-03-01 19:42:55,368 : INFO : SwitchController : <<<<<<< 's_plunger' inactive >>>>>>>
2026-03-01 19:42:55,369 : INFO : ball_device.bd_plunger : State: ball_left
2026-03-01 19:42:55,369 : INFO : ball_device.bd_plunger : Ball left
2026-03-01 19:42:55,369 : INFO : ball_device.bd_plunger : Wait for confirm with timeout 5.0
2026-03-01 19:42:55,543 : INFO : SwitchController : <<<<<<< 's_plunger' active >>>>>>>
2026-03-01 19:42:55,543 : INFO : EventManager : Event: ======'machine_var_audits_switches_s_plunger'====== Args={'value': 16, 'prev_value': 15, 'change': 1}
2026-03-01 19:42:55,643 : INFO : SwitchController : <<<<<<< 's_plunger' inactive >>>>>>>
2026-03-01 19:42:55,734 : INFO : SwitchController : <<<<<<< 's_plunger' active >>>>>>>
2026-03-01 19:42:55,735 : INFO : EventManager : Event: ======'machine_var_audits_switches_s_plunger'====== Args={'value': 17, 'prev_value': 16, 'change': 1}
2026-03-01 19:42:55,735 : INFO : EventManager : Event: ======'balldevice_bd_trough_ball_eject_failed'====== Args={'target': <ball_device.bd_plunger>, 'balls': 1, 'retry': True, 'num_attempts': 1}
2026-03-01 19:42:55,736 : INFO : ball_device.bd_trough : State: waiting_for_target_ready
2026-03-01 19:42:55,736 : INFO : EventManager : Event: ======'balldevice_bd_trough_ball_eject_attempt'====== Args={'balls': 1, 'target': <ball_device.bd_plunger>, 'source': <ball_device.bd_trough>, 'mechanical_eject': True, 'num_attempts': 1}
2026-03-01 19:42:55,817 : INFO : SwitchController : <<<<<<< 's_plunger' inactive >>>>>>>
2026-03-01 19:42:55,917 : INFO : SwitchController : <<<<<<< 's_plunger' active >>>>>>>
2026-03-01 19:42:55,917 : INFO : EventManager : Event: ======'machine_var_audits_switches_s_plunger'====== Args={'value': 18, 'prev_value': 17, 'change': 1}
2026-03-01 19:42:55,989 : INFO : SwitchController : <<<<<<< 's_plunger' inactive >>>>>>>
2026-03-01 19:42:56,084 : INFO : SwitchController : <<<<<<< 's_plunger' active >>>>>>>
2026-03-01 19:42:56,084 : INFO : EventManager : Event: ======'machine_var_audits_switches_s_plunger'====== Args={'value': 19, 'prev_value': 18, 'change': 1}
2026-03-01 19:42:56,200 : INFO : SwitchController : <<<<<<< 's_plunger' inactive >>>>>>>
2026-03-01 19:42:56,610 : INFO : SwitchController : <<<<<<< 's_plunger' active >>>>>>>
2026-03-01 19:42:56,611 : INFO : EventManager : Event: ======'machine_var_audits_switches_s_plunger'====== Args={'value': 20, 'prev_value': 19, 'change': 1}
2026-03-01 19:42:56,760 : INFO : SwitchController : <<<<<<< 's_plunger' inactive >>>>>>>
2026-03-01 19:42:57,743 : INFO : SwitchController : <<<<<<< 's_sling_right' active >>>>>>>
2026-03-01 19:42:57,743 : INFO : EventManager : Event: ======'playfield_active'====== Args={'source': 'sling_right'}
2026-03-01 19:42:57,743 : INFO : EventManager : Event: ======'s_sling_right_active'====== Args={}
2026-03-01 19:42:57,744 : INFO : EventManager : Event: ======'playfield_active'====== Args={'source': 'right_sling'}
2026-03-01 19:42:57,744 : INFO : EventManager : Event: ======'machine_var_audits_switches_s_sling_right'====== Args={'value': 54, 'prev_value': 53, 'change': 1}
2026-03-01 19:42:57,744 : INFO : EventManager : Event: ======'player_shot_sling_right'====== Args={'value': 1, 'prev_value': 0, 'change': 1, 'player_num': 1}
2026-03-01 19:42:57,745 : INFO : EventManager : Event: ======'machine_var_audits_shots_sling_right'====== Args={'value': 22, 'prev_value': 21, 'change': 1}
2026-03-01 19:42:57,745 : INFO : EventManager : Event: ======'sling_right_hit'====== Args={'profile': 'default', 'state': 'unlit', 'advancing': True}
2026-03-01 19:42:57,745 : INFO : EventManager : Event: ======'sling_right_default_hit'====== Args={'profile': 'default', 'state': 'unlit', 'advancing': True}
2026-03-01 19:42:57,745 : INFO : EventManager : Event: ======'sling_right_default_unlit_hit'====== Args={'profile': 'default', 'state': 'unlit', 'advancing': True}
2026-03-01 19:42:57,745 : INFO : EventManager : Event: ======'sling_right_unlit_hit'====== Args={'profile': 'default', 'state': 'unlit', 'advancing': True}
2026-03-01 19:42:57,745 : INFO : EventManager : Event: ======'slings_hit'====== Args={'shot': 'sling_right'}
2026-03-01 19:42:57,745 : INFO : EventManager : Event: ======'slings_unlit_hit'====== Args={'shot': 'sling_right'}
2026-03-01 19:42:57,745 : INFO : EventManager : Event: ======'player_initial_value'====== Args={'value': 0, 'prev_value': 0, 'change': 0, 'player_num': 1, 'source': 'bumpers'}
2026-03-01 19:42:57,746 : INFO : EventManager : Event: ======'player_score'====== Args={'value': 100, 'prev_value': 0, 'change': 100, 'player_num': 1, 'source': 'bumpers'}
2026-03-01 19:42:57,747 : INFO : ball_device.bd_plunger : Got eject confirm
2026-03-01 19:42:57,747 : INFO : ball_device.bd_plunger : Eject successful
2026-03-01 19:42:57,747 : INFO : EventManager : Event: ======'balldevice_bd_plunger_ball_eject_success'====== Args={'balls': 1, 'target': <playfield.playfield>}
2026-03-01 19:42:57,747 : INFO : EventManager : Event: ======'balldevice_playfield_ball_enter'====== Args={'new_balls': 1, 'unclaimed_balls': 1, 'device': <playfield.playfield>}
2026-03-01 19:42:57,747 : INFO : EventManager : Event: ======'playfield_ball_count_change'====== Args={'balls': 1, 'change': 1}
2026-03-01 19:42:57,747 : INFO : EventManager : Event: ======'balldevice_bd_plunger_ball_count_changed'====== Args={'balls': 0}
2026-03-01 19:42:57,747 : INFO : ball_device.bd_plunger : State: idle
2026-03-01 19:42:57,748 : INFO : ball_device.bd_trough : State: ejecting
2026-03-01 19:42:57,748 : INFO : ball_device.bd_trough : Ejecting ball to <ball_device.bd_plunger>
2026-03-01 19:42:57,748 : INFO : EventManager : Event: ======'balldevice_bd_trough_ejecting_ball'====== Args={'balls': 1, 'target': <ball_device.bd_plunger>, 'source': <ball_device.bd_trough>, 'mechanical_eject': True, 'num_attempts': 1}
2026-03-01 19:42:57,748 : INFO : ball_device.bd_trough : Wait for ball to leave device
2026-03-01 19:42:57,749 : INFO : ball_device.bd_plunger : State: waiting_for_ball
2026-03-01 19:42:57,764 : INFO : coil.c_trough_eject : Pulsing Driver for 15ms (1.0 pulse_power)
2026-03-01 19:42:57,859 : INFO : SwitchController : <<<<<<< 's_sling_right' inactive >>>>>>>
2026-03-01 19:42:58,068 : INFO : SwitchController : <<<<<<< 's_sling_left' active >>>>>>>
2026-03-01 19:42:58,068 : INFO : EventManager : Event: ======'s_sling_left_active'====== Args={}
2026-03-01 19:42:58,069 : INFO : EventManager : Event: ======'machine_var_audits_switches_s_sling_left'====== Args={'value': 207, 'prev_value': 206, 'change': 1}
2026-03-01 19:42:58,069 : INFO : EventManager : Event: ======'player_shot_sling_left'====== Args={'value': 1, 'prev_value': 0, 'change': 1, 'player_num': 1}
2026-03-01 19:42:58,070 : INFO : EventManager : Event: ======'machine_var_audits_shots_sling_left'====== Args={'value': 12, 'prev_value': 11, 'change': 1}
2026-03-01 19:42:58,070 : INFO : EventManager : Event: ======'sling_left_hit'====== Args={'profile': 'default', 'state': 'unlit', 'advancing': True}
2026-03-01 19:42:58,070 : INFO : EventManager : Event: ======'sling_left_default_hit'====== Args={'profile': 'default', 'state': 'unlit', 'advancing': True}
2026-03-01 19:42:58,070 : INFO : EventManager : Event: ======'sling_left_default_unlit_hit'====== Args={'profile': 'default', 'state': 'unlit', 'advancing': True}
2026-03-01 19:42:58,070 : INFO : EventManager : Event: ======'sling_left_unlit_hit'====== Args={'profile': 'default', 'state': 'unlit', 'advancing': True}
2026-03-01 19:42:58,070 : INFO : EventManager : Event: ======'slings_complete'====== Args={'state': 'lit'}
2026-03-01 19:42:58,070 : INFO : EventManager : Event: ======'slings_lit_complete'====== Args={}
2026-03-01 19:42:58,070 : INFO : EventManager : Event: ======'slings_hit'====== Args={'shot': 'sling_left'}
2026-03-01 19:42:58,070 : INFO : EventManager : Event: ======'slings_unlit_hit'====== Args={'shot': 'sling_left'}
2026-03-01 19:42:58,070 : INFO : EventManager : Event: ======'player_score'====== Args={'value': 200, 'prev_value': 100, 'change': 100, 'player_num': 1, 'source': 'bumpers'}
2026-03-01 19:42:58,210 : INFO : SwitchController : <<<<<<< 's_sling_left' inactive >>>>>>>
2026-03-01 19:42:58,343 : INFO : SwitchController : <<<<<<< 's_sling_right' active >>>>>>>
2026-03-01 19:42:58,344 : INFO : EventManager : Event: ======'s_sling_right_active'====== Args={}
2026-03-01 19:42:58,344 : INFO : EventManager : Event: ======'machine_var_audits_switches_s_sling_right'====== Args={'value': 55, 'prev_value': 54, 'change': 1}
2026-03-01 19:42:58,345 : INFO : EventManager : Event: ======'machine_var_audits_shots_sling_right'====== Args={'value': 23, 'prev_value': 22, 'change': 1}
2026-03-01 19:42:58,345 : INFO : EventManager : Event: ======'sling_right_hit'====== Args={'profile': 'default', 'state': 'lit', 'advancing': False}
2026-03-01 19:42:58,345 : INFO : EventManager : Event: ======'sling_right_default_hit'====== Args={'profile': 'default', 'state': 'lit', 'advancing': False}
2026-03-01 19:42:58,345 : INFO : EventManager : Event: ======'sling_right_default_lit_hit'====== Args={'profile': 'default', 'state': 'lit', 'advancing': False}
2026-03-01 19:42:58,345 : INFO : EventManager : Event: ======'sling_right_lit_hit'====== Args={'profile': 'default', 'state': 'lit', 'advancing': False}
2026-03-01 19:42:58,345 : INFO : EventManager : Event: ======'slings_hit'====== Args={'shot': 'sling_right'}
2026-03-01 19:42:58,345 : INFO : EventManager : Event: ======'slings_lit_hit'====== Args={'shot': 'sling_right'}
2026-03-01 19:42:58,345 : INFO : EventManager : Event: ======'player_score'====== Args={'value': 300, 'prev_value': 200, 'change': 100, 'player_num': 1, 'source': 'bumpers'}
2026-03-01 19:42:58,511 : INFO : SwitchController : <<<<<<< 's_sling_left' active >>>>>>>
2026-03-01 19:42:58,511 : INFO : EventManager : Event: ======'s_sling_left_active'====== Args={}
2026-03-01 19:42:58,511 : INFO : EventManager : Event: ======'machine_var_audits_switches_s_sling_left'====== Args={'value': 208, 'prev_value': 207, 'change': 1}
2026-03-01 19:42:58,512 : INFO : EventManager : Event: ======'machine_var_audits_shots_sling_left'====== Args={'value': 13, 'prev_value': 12, 'change': 1}
2026-03-01 19:42:58,512 : INFO : EventManager : Event: ======'sling_left_hit'====== Args={'profile': 'default', 'state': 'lit', 'advancing': False}
2026-03-01 19:42:58,512 : INFO : EventManager : Event: ======'sling_left_default_hit'====== Args={'profile': 'default', 'state': 'lit', 'advancing': False}
2026-03-01 19:42:58,512 : INFO : EventManager : Event: ======'sling_left_default_lit_hit'====== Args={'profile': 'default', 'state': 'lit', 'advancing': False}
2026-03-01 19:42:58,512 : INFO : EventManager : Event: ======'sling_left_lit_hit'====== Args={'profile': 'default', 'state': 'lit', 'advancing': False}
2026-03-01 19:42:58,512 : INFO : EventManager : Event: ======'slings_hit'====== Args={'shot': 'sling_left'}
2026-03-01 19:42:58,513 : INFO : EventManager : Event: ======'slings_lit_hit'====== Args={'shot': 'sling_left'}
2026-03-01 19:42:58,513 : INFO : EventManager : Event: ======'player_score'====== Args={'value': 400, 'prev_value': 300, 'change': 100, 'player_num': 1, 'source': 'bumpers'}
2026-03-01 19:42:58,536 : INFO : SwitchController : <<<<<<< 's_sling_right' inactive >>>>>>>
2026-03-01 19:42:58,651 : INFO : SwitchController : <<<<<<< 's_sling_left' inactive >>>>>>>
2026-03-01 19:42:58,710 : INFO : SwitchController : <<<<<<< 's_sling_right' active >>>>>>>
2026-03-01 19:42:58,710 : INFO : EventManager : Event: ======'s_sling_right_active'====== Args={}
2026-03-01 19:42:58,710 : INFO : EventManager : Event: ======'machine_var_audits_switches_s_sling_right'====== Args={'value': 56, 'prev_value': 55, 'change': 1}
2026-03-01 19:42:58,711 : INFO : EventManager : Event: ======'machine_var_audits_shots_sling_right'====== Args={'value': 24, 'prev_value': 23, 'change': 1}
2026-03-01 19:42:58,711 : INFO : EventManager : Event: ======'sling_right_hit'====== Args={'profile': 'default', 'state': 'lit', 'advancing': False}
2026-03-01 19:42:58,711 : INFO : EventManager : Event: ======'sling_right_default_hit'====== Args={'profile': 'default', 'state': 'lit', 'advancing': False}
2026-03-01 19:42:58,711 : INFO : EventManager : Event: ======'sling_right_default_lit_hit'====== Args={'profile': 'default', 'state': 'lit', 'advancing': False}
2026-03-01 19:42:58,711 : INFO : EventManager : Event: ======'sling_right_lit_hit'====== Args={'profile': 'default', 'state': 'lit', 'advancing': False}
2026-03-01 19:42:58,711 : INFO : EventManager : Event: ======'slings_hit'====== Args={'shot': 'sling_right'}
2026-03-01 19:42:58,711 : INFO : EventManager : Event: ======'slings_lit_hit'====== Args={'shot': 'sling_right'}
2026-03-01 19:42:58,711 : INFO : EventManager : Event: ======'player_score'====== Args={'value': 500, 'prev_value': 400, 'change': 100, 'player_num': 1, 'source': 'bumpers'}
2026-03-01 19:42:58,835 : INFO : SwitchController : <<<<<<< 's_sling_left' active >>>>>>>
2026-03-01 19:42:58,835 : INFO : EventManager : Event: ======'s_sling_left_active'====== Args={}
2026-03-01 19:42:58,835 : INFO : EventManager : Event: ======'machine_var_audits_switches_s_sling_left'====== Args={'value': 209, 'prev_value': 208, 'change': 1}
2026-03-01 19:42:58,836 : INFO : EventManager : Event: ======'machine_var_audits_shots_sling_left'====== Args={'value': 14, 'prev_value': 13, 'change': 1}
2026-03-01 19:42:58,836 : INFO : EventManager : Event: ======'sling_left_hit'====== Args={'profile': 'default', 'state': 'lit', 'advancing': False}
2026-03-01 19:42:58,836 : INFO : EventManager : Event: ======'sling_left_default_hit'====== Args={'profile': 'default', 'state': 'lit', 'advancing': False}
2026-03-01 19:42:58,836 : INFO : EventManager : Event: ======'sling_left_default_lit_hit'====== Args={'profile': 'default', 'state': 'lit', 'advancing': False}
2026-03-01 19:42:58,836 : INFO : EventManager : Event: ======'sling_left_lit_hit'====== Args={'profile': 'default', 'state': 'lit', 'advancing': False}
2026-03-01 19:42:58,836 : INFO : EventManager : Event: ======'slings_hit'====== Args={'shot': 'sling_left'}
2026-03-01 19:42:58,836 : INFO : EventManager : Event: ======'slings_lit_hit'====== Args={'shot': 'sling_left'}
2026-03-01 19:42:58,836 : INFO : EventManager : Event: ======'player_score'====== Args={'value': 600, 'prev_value': 500, 'change': 100, 'player_num': 1, 'source': 'bumpers'}
2026-03-01 19:42:58,860 : INFO : SwitchController : <<<<<<< 's_sling_right' inactive >>>>>>>
2026-03-01 19:42:58,951 : INFO : SwitchController : <<<<<<< 's_sling_left' inactive >>>>>>>
2026-03-01 19:42:59,026 : INFO : SwitchController : <<<<<<< 's_sling_right' active >>>>>>>
2026-03-01 19:42:59,026 : INFO : EventManager : Event: ======'s_sling_right_active'====== Args={}
2026-03-01 19:42:59,026 : INFO : EventManager : Event: ======'machine_var_audits_switches_s_sling_right'====== Args={'value': 57, 'prev_value': 56, 'change': 1}
2026-03-01 19:42:59,027 : INFO : EventManager : Event: ======'machine_var_audits_shots_sling_right'====== Args={'value': 25, 'prev_value': 24, 'change': 1}
2026-03-01 19:42:59,027 : INFO : EventManager : Event: ======'sling_right_hit'====== Args={'profile': 'default', 'state': 'lit', 'advancing': False}
2026-03-01 19:42:59,027 : INFO : EventManager : Event: ======'sling_right_default_hit'====== Args={'profile': 'default', 'state': 'lit', 'advancing': False}
2026-03-01 19:42:59,027 : INFO : EventManager : Event: ======'sling_right_default_lit_hit'====== Args={'profile': 'default', 'state': 'lit', 'advancing': False}
2026-03-01 19:42:59,027 : INFO : EventManager : Event: ======'sling_right_lit_hit'====== Args={'profile': 'default', 'state': 'lit', 'advancing': False}
2026-03-01 19:42:59,027 : INFO : EventManager : Event: ======'slings_hit'====== Args={'shot': 'sling_right'}
2026-03-01 19:42:59,027 : INFO : EventManager : Event: ======'slings_lit_hit'====== Args={'shot': 'sling_right'}
2026-03-01 19:42:59,027 : INFO : EventManager : Event: ======'player_score'====== Args={'value': 700, 'prev_value': 600, 'change': 100, 'player_num': 1, 'source': 'bumpers'}
2026-03-01 19:42:59,169 : INFO : SwitchController : <<<<<<< 's_sling_left' active >>>>>>>
2026-03-01 19:42:59,169 : INFO : EventManager : Event: ======'s_sling_left_active'====== Args={}
2026-03-01 19:42:59,169 : INFO : EventManager : Event: ======'machine_var_audits_switches_s_sling_left'====== Args={'value': 210, 'prev_value': 209, 'change': 1}
2026-03-01 19:42:59,170 : INFO : EventManager : Event: ======'machine_var_audits_shots_sling_left'====== Args={'value': 15, 'prev_value': 14, 'change': 1}
2026-03-01 19:42:59,170 : INFO : EventManager : Event: ======'sling_left_hit'====== Args={'profile': 'default', 'state': 'lit', 'advancing': False}
2026-03-01 19:42:59,170 : INFO : EventManager : Event: ======'sling_left_default_hit'====== Args={'profile': 'default', 'state': 'lit', 'advancing': False}
2026-03-01 19:42:59,170 : INFO : EventManager : Event: ======'sling_left_default_lit_hit'====== Args={'profile': 'default', 'state': 'lit', 'advancing': False}
2026-03-01 19:42:59,170 : INFO : EventManager : Event: ======'sling_left_lit_hit'====== Args={'profile': 'default', 'state': 'lit', 'advancing': False}
2026-03-01 19:42:59,170 : INFO : EventManager : Event: ======'slings_hit'====== Args={'shot': 'sling_left'}
2026-03-01 19:42:59,170 : INFO : EventManager : Event: ======'slings_lit_hit'====== Args={'shot': 'sling_left'}
2026-03-01 19:42:59,170 : INFO : EventManager : Event: ======'player_score'====== Args={'value': 800, 'prev_value': 700, 'change': 100, 'player_num': 1, 'source': 'bumpers'}
2026-03-01 19:42:59,194 : INFO : SwitchController : <<<<<<< 's_sling_right' inactive >>>>>>>
2026-03-01 19:42:59,310 : INFO : SwitchController : <<<<<<< 's_sling_left' inactive >>>>>>>
2026-03-01 19:42:59,534 : INFO : SwitchController : <<<<<<< 's_plunger' active >>>>>>>
2026-03-01 19:42:59,534 : INFO : EventManager : Event: ======'machine_var_audits_switches_s_plunger'====== Args={'value': 21, 'prev_value': 20, 'change': 1}
2026-03-01 19:42:59,668 : INFO : SwitchController : <<<<<<< 's_plunger' inactive >>>>>>>
2026-03-01 19:42:59,868 : INFO : SwitchController : <<<<<<< 's_plunger' active >>>>>>>
2026-03-01 19:42:59,869 : INFO : EventManager : Event: ======'machine_var_audits_switches_s_plunger'====== Args={'value': 22, 'prev_value': 21, 'change': 1}
2026-03-01 19:42:59,951 : INFO : SwitchController : <<<<<<< 's_plunger' inactive >>>>>>>
2026-03-01 19:43:00,087 : INFO : SwitchController : <<<<<<< 's_plunger' active >>>>>>>
2026-03-01 19:43:00,087 : INFO : EventManager : Event: ======'machine_var_audits_switches_s_plunger'====== Args={'value': 23, 'prev_value': 22, 'change': 1}
2026-03-01 19:43:00,177 : INFO : SwitchController : <<<<<<< 's_plunger' inactive >>>>>>>
2026-03-01 19:43:00,293 : INFO : SwitchController : <<<<<<< 's_plunger' active >>>>>>>
2026-03-01 19:43:00,294 : INFO : EventManager : Event: ======'machine_var_audits_switches_s_plunger'====== Args={'value': 24, 'prev_value': 23, 'change': 1}
2026-03-01 19:43:00,385 : INFO : SwitchController : <<<<<<< 's_plunger' inactive >>>>>>>
2026-03-01 19:43:00,644 : INFO : SwitchController : <<<<<<< 's_sling_right' active >>>>>>>
2026-03-01 19:43:00,644 : INFO : EventManager : Event: ======'s_sling_right_active'====== Args={}
2026-03-01 19:43:00,644 : INFO : EventManager : Event: ======'machine_var_audits_switches_s_sling_right'====== Args={'value': 58, 'prev_value': 57, 'change': 1}
2026-03-01 19:43:00,645 : INFO : EventManager : Event: ======'machine_var_audits_shots_sling_right'====== Args={'value': 26, 'prev_value': 25, 'change': 1}
2026-03-01 19:43:00,645 : INFO : EventManager : Event: ======'sling_right_hit'====== Args={'profile': 'default', 'state': 'lit', 'advancing': False}
2026-03-01 19:43:00,645 : INFO : EventManager : Event: ======'sling_right_default_hit'====== Args={'profile': 'default', 'state': 'lit', 'advancing': False}
2026-03-01 19:43:00,645 : INFO : EventManager : Event: ======'sling_right_default_lit_hit'====== Args={'profile': 'default', 'state': 'lit', 'advancing': False}
2026-03-01 19:43:00,645 : INFO : EventManager : Event: ======'sling_right_lit_hit'====== Args={'profile': 'default', 'state': 'lit', 'advancing': False}
2026-03-01 19:43:00,645 : INFO : EventManager : Event: ======'slings_hit'====== Args={'shot': 'sling_right'}
2026-03-01 19:43:00,645 : INFO : EventManager : Event: ======'slings_lit_hit'====== Args={'shot': 'sling_right'}
2026-03-01 19:43:00,645 : INFO : EventManager : Event: ======'player_score'====== Args={'value': 900, 'prev_value': 800, 'change': 100, 'player_num': 1, 'source': 'bumpers'}
2026-03-01 19:43:00,750 : INFO : EventManager : Event: ======'balldevice_bd_trough_ball_eject_failed'====== Args={'target': <ball_device.bd_plunger>, 'balls': 1, 'retry': True, 'num_attempts': 2}
2026-03-01 19:43:00,751 : INFO : ball_device.bd_trough : State: waiting_for_target_ready
2026-03-01 19:43:00,751 : INFO : EventManager : Event: ======'balldevice_bd_trough_ball_eject_attempt'====== Args={'balls': 1, 'target': <ball_device.bd_plunger>, 'source': <ball_device.bd_trough>, 'mechanical_eject': True, 'num_attempts': 2}
2026-03-01 19:43:00,785 : INFO : SwitchController : <<<<<<< 's_sling_left' active >>>>>>>
2026-03-01 19:43:00,785 : INFO : EventManager : Event: ======'s_sling_left_active'====== Args={}
2026-03-01 19:43:00,785 : INFO : EventManager : Event: ======'machine_var_audits_switches_s_sling_left'====== Args={'value': 211, 'prev_value': 210, 'change': 1}
2026-03-01 19:43:00,785 : INFO : EventManager : Event: ======'machine_var_audits_shots_sling_left'====== Args={'value': 16, 'prev_value': 15, 'change': 1}
2026-03-01 19:43:00,786 : INFO : EventManager : Event: ======'sling_left_hit'====== Args={'profile': 'default', 'state': 'lit', 'advancing': False}
2026-03-01 19:43:00,786 : INFO : EventManager : Event: ======'sling_left_default_hit'====== Args={'profile': 'default', 'state': 'lit', 'advancing': False}
2026-03-01 19:43:00,786 : INFO : EventManager : Event: ======'sling_left_default_lit_hit'====== Args={'profile': 'default', 'state': 'lit', 'advancing': False}
2026-03-01 19:43:00,786 : INFO : EventManager : Event: ======'sling_left_lit_hit'====== Args={'profile': 'default', 'state': 'lit', 'advancing': False}
2026-03-01 19:43:00,786 : INFO : EventManager : Event: ======'slings_hit'====== Args={'shot': 'sling_left'}
2026-03-01 19:43:00,786 : INFO : EventManager : Event: ======'slings_lit_hit'====== Args={'shot': 'sling_left'}
2026-03-01 19:43:00,786 : INFO : EventManager : Event: ======'player_score'====== Args={'value': 1000, 'prev_value': 900, 'change': 100, 'player_num': 1, 'source': 'bumpers'}
2026-03-01 19:43:00,842 : INFO : SwitchController : <<<<<<< 's_sling_right' inactive >>>>>>>
2026-03-01 19:43:00,886 : INFO : ball_device.bd_trough : State: ejecting
2026-03-01 19:43:00,886 : INFO : ball_device.bd_trough : Ejecting ball to <ball_device.bd_plunger>
2026-03-01 19:43:00,886 : INFO : EventManager : Event: ======'balldevice_bd_trough_ejecting_ball'====== Args={'balls': 1, 'target': <ball_device.bd_plunger>, 'source': <ball_device.bd_trough>, 'mechanical_eject': True, 'num_attempts': 2}
2026-03-01 19:43:00,887 : INFO : ball_device.bd_trough : Wait for ball to leave device
2026-03-01 19:43:00,887 : INFO : coil.c_trough_eject : Pulsing Driver for 15ms (1.0 pulse_power)
2026-03-01 19:43:00,925 : INFO : SwitchController : <<<<<<< 's_sling_left' inactive >>>>>>>
2026-03-01 19:43:00,967 : INFO : SwitchController : <<<<<<< 's_sling_right' active >>>>>>>
2026-03-01 19:43:00,968 : INFO : EventManager : Event: ======'s_sling_right_active'====== Args={}
2026-03-01 19:43:00,968 : INFO : EventManager : Event: ======'machine_var_audits_switches_s_sling_right'====== Args={'value': 59, 'prev_value': 58, 'change': 1}
2026-03-01 19:43:00,968 : INFO : EventManager : Event: ======'machine_var_audits_shots_sling_right'====== Args={'value': 27, 'prev_value': 26, 'change': 1}
2026-03-01 19:43:00,968 : INFO : EventManager : Event: ======'sling_right_hit'====== Args={'profile': 'default', 'state': 'lit', 'advancing': False}
2026-03-01 19:43:00,969 : INFO : EventManager : Event: ======'sling_right_default_hit'====== Args={'profile': 'default', 'state': 'lit', 'advancing': False}
2026-03-01 19:43:00,969 : INFO : EventManager : Event: ======'sling_right_default_lit_hit'====== Args={'profile': 'default', 'state': 'lit', 'advancing': False}
2026-03-01 19:43:00,969 : INFO : EventManager : Event: ======'sling_right_lit_hit'====== Args={'profile': 'default', 'state': 'lit', 'advancing': False}
2026-03-01 19:43:00,969 : INFO : EventManager : Event: ======'slings_hit'====== Args={'shot': 'sling_right'}
2026-03-01 19:43:00,969 : INFO : EventManager : Event: ======'slings_lit_hit'====== Args={'shot': 'sling_right'}
2026-03-01 19:43:00,969 : INFO : EventManager : Event: ======'player_score'====== Args={'value': 1100, 'prev_value': 1000, 'change': 100, 'player_num': 1, 'source': 'bumpers'}
2026-03-01 19:43:01,110 : INFO : SwitchController : <<<<<<< 's_sling_left' active >>>>>>>
2026-03-01 19:43:01,111 : INFO : EventManager : Event: ======'s_sling_left_active'====== Args={}
2026-03-01 19:43:01,111 : INFO : EventManager : Event: ======'machine_var_audits_switches_s_sling_left'====== Args={'value': 212, 'prev_value': 211, 'change': 1}
2026-03-01 19:43:01,111 : INFO : EventManager : Event: ======'machine_var_audits_shots_sling_left'====== Args={'value': 17, 'prev_value': 16, 'change': 1}
2026-03-01 19:43:01,112 : INFO : EventManager : Event: ======'sling_left_hit'====== Args={'profile': 'default', 'state': 'lit', 'advancing': False}
2026-03-01 19:43:01,112 : INFO : EventManager : Event: ======'sling_left_default_hit'====== Args={'profile': 'default', 'state': 'lit', 'advancing': False}
2026-03-01 19:43:01,112 : INFO : EventManager : Event: ======'sling_left_default_lit_hit'====== Args={'profile': 'default', 'state': 'lit', 'advancing': False}
2026-03-01 19:43:01,112 : INFO : EventManager : Event: ======'sling_left_lit_hit'====== Args={'profile': 'default', 'state': 'lit', 'advancing': False}
2026-03-01 19:43:01,112 : INFO : EventManager : Event: ======'slings_hit'====== Args={'shot': 'sling_left'}
2026-03-01 19:43:01,112 : INFO : EventManager : Event: ======'slings_lit_hit'====== Args={'shot': 'sling_left'}
2026-03-01 19:43:01,112 : INFO : EventManager : Event: ======'player_score'====== Args={'value': 1200, 'prev_value': 1100, 'change': 100, 'player_num': 1, 'source': 'bumpers'}
2026-03-01 19:43:01,142 : INFO : SwitchController : <<<<<<< 's_sling_right' inactive >>>>>>>
2026-03-01 19:43:01,243 : INFO : SwitchController : <<<<<<< 's_sling_left' inactive >>>>>>>
2026-03-01 19:43:01,302 : INFO : SwitchController : <<<<<<< 's_sling_right' active >>>>>>>
2026-03-01 19:43:01,302 : INFO : EventManager : Event: ======'s_sling_right_active'====== Args={}
2026-03-01 19:43:01,302 : INFO : EventManager : Event: ======'machine_var_audits_switches_s_sling_right'====== Args={'value': 60, 'prev_value': 59, 'change': 1}
2026-03-01 19:43:01,303 : INFO : EventManager : Event: ======'machine_var_audits_shots_sling_right'====== Args={'value': 28, 'prev_value': 27, 'change': 1}
2026-03-01 19:43:01,303 : INFO : EventManager : Event: ======'sling_right_hit'====== Args={'profile': 'default', 'state': 'lit', 'advancing': False}
2026-03-01 19:43:01,303 : INFO : EventManager : Event: ======'sling_right_default_hit'====== Args={'profile': 'default', 'state': 'lit', 'advancing': False}
2026-03-01 19:43:01,303 : INFO : EventManager : Event: ======'sling_right_default_lit_hit'====== Args={'profile': 'default', 'state': 'lit', 'advancing': False}
2026-03-01 19:43:01,304 : INFO : EventManager : Event: ======'sling_right_lit_hit'====== Args={'profile': 'default', 'state': 'lit', 'advancing': False}
2026-03-01 19:43:01,304 : INFO : EventManager : Event: ======'slings_hit'====== Args={'shot': 'sling_right'}
2026-03-01 19:43:01,304 : INFO : EventManager : Event: ======'slings_lit_hit'====== Args={'shot': 'sling_right'}
2026-03-01 19:43:01,304 : INFO : EventManager : Event: ======'player_score'====== Args={'value': 1300, 'prev_value': 1200, 'change': 100, 'player_num': 1, 'source': 'bumpers'}
2026-03-01 19:43:01,427 : INFO : SwitchController : <<<<<<< 's_sling_left' active >>>>>>>
2026-03-01 19:43:01,427 : INFO : EventManager : Event: ======'s_sling_left_active'====== Args={}
2026-03-01 19:43:01,427 : INFO : EventManager : Event: ======'machine_var_audits_switches_s_sling_left'====== Args={'value': 213, 'prev_value': 212, 'change': 1}
2026-03-01 19:43:01,428 : INFO : EventManager : Event: ======'machine_var_audits_shots_sling_left'====== Args={'value': 18, 'prev_value': 17, 'change': 1}
2026-03-01 19:43:01,428 : INFO : EventManager : Event: ======'sling_left_hit'====== Args={'profile': 'default', 'state': 'lit', 'advancing': False}
2026-03-01 19:43:01,428 : INFO : EventManager : Event: ======'sling_left_default_hit'====== Args={'profile': 'default', 'state': 'lit', 'advancing': False}
2026-03-01 19:43:01,428 : INFO : EventManager : Event: ======'sling_left_default_lit_hit'====== Args={'profile': 'default', 'state': 'lit', 'advancing': False}
2026-03-01 19:43:01,428 : INFO : EventManager : Event: ======'sling_left_lit_hit'====== Args={'profile': 'default', 'state': 'lit', 'advancing': False}
2026-03-01 19:43:01,428 : INFO : EventManager : Event: ======'slings_hit'====== Args={'shot': 'sling_left'}
2026-03-01 19:43:01,428 : INFO : EventManager : Event: ======'slings_lit_hit'====== Args={'shot': 'sling_left'}
2026-03-01 19:43:01,428 : INFO : EventManager : Event: ======'player_score'====== Args={'value': 1400, 'prev_value': 1300, 'change': 100, 'player_num': 1, 'source': 'bumpers'}
2026-03-01 19:43:01,501 : INFO : SwitchController : <<<<<<< 's_sling_right' inactive >>>>>>>
2026-03-01 19:43:01,568 : INFO : SwitchController : <<<<<<< 's_sling_left' inactive >>>>>>>
2026-03-01 19:43:01,627 : INFO : SwitchController : <<<<<<< 's_sling_right' active >>>>>>>
2026-03-01 19:43:01,628 : INFO : EventManager : Event: ======'s_sling_right_active'====== Args={}
2026-03-01 19:43:01,628 : INFO : EventManager : Event: ======'machine_var_audits_switches_s_sling_right'====== Args={'value': 61, 'prev_value': 60, 'change': 1}
2026-03-01 19:43:01,628 : INFO : EventManager : Event: ======'machine_var_audits_shots_sling_right'====== Args={'value': 29, 'prev_value': 28, 'change': 1}
2026-03-01 19:43:01,628 : INFO : EventManager : Event: ======'sling_right_hit'====== Args={'profile': 'default', 'state': 'lit', 'advancing': False}
2026-03-01 19:43:01,629 : INFO : EventManager : Event: ======'sling_right_default_hit'====== Args={'profile': 'default', 'state': 'lit', 'advancing': False}
2026-03-01 19:43:01,629 : INFO : EventManager : Event: ======'sling_right_default_lit_hit'====== Args={'profile': 'default', 'state': 'lit', 'advancing': False}
2026-03-01 19:43:01,629 : INFO : EventManager : Event: ======'sling_right_lit_hit'====== Args={'profile': 'default', 'state': 'lit', 'advancing': False}
2026-03-01 19:43:01,629 : INFO : EventManager : Event: ======'slings_hit'====== Args={'shot': 'sling_right'}
2026-03-01 19:43:01,629 : INFO : EventManager : Event: ======'slings_lit_hit'====== Args={'shot': 'sling_right'}
2026-03-01 19:43:01,629 : INFO : EventManager : Event: ======'player_score'====== Args={'value': 1500, 'prev_value': 1400, 'change': 100, 'player_num': 1, 'source': 'bumpers'}
2026-03-01 19:43:01,793 : INFO : SwitchController : <<<<<<< 's_sling_right' inactive >>>>>>>
2026-03-01 19:43:02,075 : INFO : SwitchController : <<<<<<< 's_sling_left' active >>>>>>>
2026-03-01 19:43:02,075 : INFO : EventManager : Event: ======'s_sling_left_active'====== Args={}
2026-03-01 19:43:02,076 : INFO : EventManager : Event: ======'machine_var_audits_switches_s_sling_left'====== Args={'value': 214, 'prev_value': 213, 'change': 1}
2026-03-01 19:43:02,076 : INFO : EventManager : Event: ======'machine_var_audits_shots_sling_left'====== Args={'value': 19, 'prev_value': 18, 'change': 1}
2026-03-01 19:43:02,076 : INFO : EventManager : Event: ======'sling_left_hit'====== Args={'profile': 'default', 'state': 'lit', 'advancing': False}
2026-03-01 19:43:02,076 : INFO : EventManager : Event: ======'sling_left_default_hit'====== Args={'profile': 'default', 'state': 'lit', 'advancing': False}
2026-03-01 19:43:02,076 : INFO : EventManager : Event: ======'sling_left_default_lit_hit'====== Args={'profile': 'default', 'state': 'lit', 'advancing': False}
2026-03-01 19:43:02,076 : INFO : EventManager : Event: ======'sling_left_lit_hit'====== Args={'profile': 'default', 'state': 'lit', 'advancing': False}
2026-03-01 19:43:02,076 : INFO : EventManager : Event: ======'slings_hit'====== Args={'shot': 'sling_left'}
2026-03-01 19:43:02,076 : INFO : EventManager : Event: ======'slings_lit_hit'====== Args={'shot': 'sling_left'}
2026-03-01 19:43:02,076 : INFO : EventManager : Event: ======'player_score'====== Args={'value': 1600, 'prev_value': 1500, 'change': 100, 'player_num': 1, 'source': 'bumpers'}
2026-03-01 19:43:02,183 : INFO : SwitchController : <<<<<<< 's_sling_left' inactive >>>>>>>
2026-03-01 19:43:02,334 : INFO : SwitchController : <<<<<<< 's_bumper_lower' active >>>>>>>
2026-03-01 19:43:02,335 : INFO : EventManager : Event: ======'machine_var_audits_switches_s_bumper_lower'====== Args={'value': 83, 'prev_value': 82, 'change': 1}
2026-03-01 19:43:02,418 : INFO : SwitchController : <<<<<<< 's_bumper_lower' inactive >>>>>>>
2026-03-01 19:43:02,569 : INFO : SwitchController : <<<<<<< 's_bumper_upper' active >>>>>>>
2026-03-01 19:43:02,569 : INFO : EventManager : Event: ======'machine_var_audits_switches_s_bumper_upper'====== Args={'value': 86, 'prev_value': 85, 'change': 1}
2026-03-01 19:43:02,634 : INFO : SwitchController : <<<<<<< 's_bumper_upper' inactive >>>>>>>
2026-03-01 19:43:02,802 : INFO : SwitchController : <<<<<<< 's_bumper_lower' active >>>>>>>
2026-03-01 19:43:02,802 : INFO : EventManager : Event: ======'machine_var_audits_switches_s_bumper_lower'====== Args={'value': 84, 'prev_value': 83, 'change': 1}
2026-03-01 19:43:02,909 : INFO : SwitchController : <<<<<<< 's_bumper_lower' inactive >>>>>>>
2026-03-01 19:43:03,226 : INFO : SwitchController : <<<<<<< 's_sling_right' active >>>>>>>
2026-03-01 19:43:03,226 : INFO : EventManager : Event: ======'s_sling_right_active'====== Args={}
2026-03-01 19:43:03,227 : INFO : EventManager : Event: ======'machine_var_audits_switches_s_sling_right'====== Args={'value': 62, 'prev_value': 61, 'change': 1}
2026-03-01 19:43:03,227 : INFO : EventManager : Event: ======'machine_var_audits_shots_sling_right'====== Args={'value': 30, 'prev_value': 29, 'change': 1}
2026-03-01 19:43:03,227 : INFO : EventManager : Event: ======'sling_right_hit'====== Args={'profile': 'default', 'state': 'lit', 'advancing': False}
2026-03-01 19:43:03,227 : INFO : EventManager : Event: ======'sling_right_default_hit'====== Args={'profile': 'default', 'state': 'lit', 'advancing': False}
2026-03-01 19:43:03,227 : INFO : EventManager : Event: ======'sling_right_default_lit_hit'====== Args={'profile': 'default', 'state': 'lit', 'advancing': False}
2026-03-01 19:43:03,227 : INFO : EventManager : Event: ======'sling_right_lit_hit'====== Args={'profile': 'default', 'state': 'lit', 'advancing': False}
2026-03-01 19:43:03,228 : INFO : EventManager : Event: ======'slings_hit'====== Args={'shot': 'sling_right'}
2026-03-01 19:43:03,228 : INFO : EventManager : Event: ======'slings_lit_hit'====== Args={'shot': 'sling_right'}
2026-03-01 19:43:03,228 : INFO : EventManager : Event: ======'player_score'====== Args={'value': 1700, 'prev_value': 1600, 'change': 100, 'player_num': 1, 'source': 'bumpers'}
2026-03-01 19:43:03,343 : INFO : SwitchController : <<<<<<< 's_sling_right' inactive >>>>>>>
2026-03-01 19:43:03,468 : INFO : SwitchController : <<<<<<< 's_sling_left' active >>>>>>>
2026-03-01 19:43:03,468 : INFO : EventManager : Event: ======'s_sling_left_active'====== Args={}
2026-03-01 19:43:03,469 : INFO : EventManager : Event: ======'machine_var_audits_switches_s_sling_left'====== Args={'value': 215, 'prev_value': 214, 'change': 1}
2026-03-01 19:43:03,469 : INFO : EventManager : Event: ======'machine_var_audits_shots_sling_left'====== Args={'value': 20, 'prev_value': 19, 'change': 1}
2026-03-01 19:43:03,469 : INFO : EventManager : Event: ======'sling_left_hit'====== Args={'profile': 'default', 'state': 'lit', 'advancing': False}
2026-03-01 19:43:03,469 : INFO : EventManager : Event: ======'sling_left_default_hit'====== Args={'profile': 'default', 'state': 'lit', 'advancing': False}
2026-03-01 19:43:03,469 : INFO : EventManager : Event: ======'sling_left_default_lit_hit'====== Args={'profile': 'default', 'state': 'lit', 'advancing': False}
2026-03-01 19:43:03,470 : INFO : EventManager : Event: ======'sling_left_lit_hit'====== Args={'profile': 'default', 'state': 'lit', 'advancing': False}
2026-03-01 19:43:03,470 : INFO : EventManager : Event: ======'slings_hit'====== Args={'shot': 'sling_left'}
2026-03-01 19:43:03,470 : INFO : EventManager : Event: ======'slings_lit_hit'====== Args={'shot': 'sling_left'}
2026-03-01 19:43:03,470 : INFO : EventManager : Event: ======'player_score'====== Args={'value': 1800, 'prev_value': 1700, 'change': 100, 'player_num': 1, 'source': 'bumpers'}
2026-03-01 19:43:03,685 : INFO : SwitchController : <<<<<<< 's_sling_left' inactive >>>>>>>
2026-03-01 19:43:03,704 : INFO : SwitchController : <<<<<<< 's_sling_right' active >>>>>>>
2026-03-01 19:43:03,705 : INFO : EventManager : Event: ======'s_sling_right_active'====== Args={}
2026-03-01 19:43:03,705 : INFO : EventManager : Event: ======'machine_var_audits_switches_s_sling_right'====== Args={'value': 63, 'prev_value': 62, 'change': 1}
2026-03-01 19:43:03,705 : INFO : EventManager : Event: ======'machine_var_audits_shots_sling_right'====== Args={'value': 31, 'prev_value': 30, 'change': 1}
2026-03-01 19:43:03,705 : INFO : EventManager : Event: ======'sling_right_hit'====== Args={'profile': 'default', 'state': 'lit', 'advancing': False}
2026-03-01 19:43:03,705 : INFO : EventManager : Event: ======'sling_right_default_hit'====== Args={'profile': 'default', 'state': 'lit', 'advancing': False}
2026-03-01 19:43:03,705 : INFO : EventManager : Event: ======'sling_right_default_lit_hit'====== Args={'profile': 'default', 'state': 'lit', 'advancing': False}
2026-03-01 19:43:03,706 : INFO : EventManager : Event: ======'sling_right_lit_hit'====== Args={'profile': 'default', 'state': 'lit', 'advancing': False}
2026-03-01 19:43:03,706 : INFO : EventManager : Event: ======'slings_hit'====== Args={'shot': 'sling_right'}
2026-03-01 19:43:03,706 : INFO : EventManager : Event: ======'slings_lit_hit'====== Args={'shot': 'sling_right'}
2026-03-01 19:43:03,706 : INFO : EventManager : Event: ======'player_score'====== Args={'value': 1900, 'prev_value': 1800, 'change': 100, 'player_num': 1, 'source': 'bumpers'}
2026-03-01 19:43:03,889 : INFO : EventManager : Event: ======'balldevice_bd_trough_ball_eject_failed'====== Args={'target': <ball_device.bd_plunger>, 'balls': 1, 'retry': True, 'num_attempts': 3}
2026-03-01 19:43:03,890 : INFO : ball_device.bd_trough : State: waiting_for_target_ready
2026-03-01 19:43:03,890 : INFO : EventManager : Event: ======'balldevice_bd_trough_ball_eject_attempt'====== Args={'balls': 1, 'target': <ball_device.bd_plunger>, 'source': <ball_device.bd_trough>, 'mechanical_eject': True, 'num_attempts': 3}
2026-03-01 19:43:03,890 : INFO : ball_device.bd_trough : State: ejecting
2026-03-01 19:43:03,890 : INFO : ball_device.bd_trough : Ejecting ball to <ball_device.bd_plunger>
2026-03-01 19:43:03,890 : INFO : EventManager : Event: ======'balldevice_bd_trough_ejecting_ball'====== Args={'balls': 1, 'target': <ball_device.bd_plunger>, 'source': <ball_device.bd_trough>, 'mechanical_eject': True, 'num_attempts': 3}
2026-03-01 19:43:03,891 : INFO : ball_device.bd_trough : Wait for ball to leave device
2026-03-01 19:43:03,891 : INFO : coil.c_trough_eject : Pulsing Driver for 20ms (1.0 pulse_power)
2026-03-01 19:43:03,893 : INFO : SwitchController : <<<<<<< 's_sling_right' inactive >>>>>>>
2026-03-01 19:43:03,900 : INFO : SwitchController : <<<<<<< 's_sling_left' active >>>>>>>
2026-03-01 19:43:03,901 : INFO : EventManager : Event: ======'s_sling_left_active'====== Args={}
2026-03-01 19:43:03,901 : INFO : EventManager : Event: ======'machine_var_audits_switches_s_sling_left'====== Args={'value': 216, 'prev_value': 215, 'change': 1}
2026-03-01 19:43:03,901 : INFO : EventManager : Event: ======'machine_var_audits_shots_sling_left'====== Args={'value': 21, 'prev_value': 20, 'change': 1}
2026-03-01 19:43:03,901 : INFO : EventManager : Event: ======'sling_left_hit'====== Args={'profile': 'default', 'state': 'lit', 'advancing': False}
2026-03-01 19:43:03,901 : INFO : EventManager : Event: ======'sling_left_default_hit'====== Args={'profile': 'default', 'state': 'lit', 'advancing': False}
2026-03-01 19:43:03,901 : INFO : EventManager : Event: ======'sling_left_default_lit_hit'====== Args={'profile': 'default', 'state': 'lit', 'advancing': False}
2026-03-01 19:43:03,901 : INFO : EventManager : Event: ======'sling_left_lit_hit'====== Args={'profile': 'default', 'state': 'lit', 'advancing': False}
2026-03-01 19:43:03,901 : INFO : EventManager : Event: ======'slings_hit'====== Args={'shot': 'sling_left'}
2026-03-01 19:43:03,902 : INFO : EventManager : Event: ======'slings_lit_hit'====== Args={'shot': 'sling_left'}
2026-03-01 19:43:03,902 : INFO : EventManager : Event: ======'player_score'====== Args={'value': 2000, 'prev_value': 1900, 'change': 100, 'player_num': 1, 'source': 'bumpers'}
2026-03-01 19:43:04,017 : INFO : SwitchController : <<<<<<< 's_sling_left' inactive >>>>>>>
2026-03-01 19:43:04,093 : INFO : SwitchController : <<<<<<< 's_sling_right' active >>>>>>>
2026-03-01 19:43:04,093 : INFO : EventManager : Event: ======'s_sling_right_active'====== Args={}
2026-03-01 19:43:04,094 : INFO : EventManager : Event: ======'machine_var_audits_switches_s_sling_right'====== Args={'value': 64, 'prev_value': 63, 'change': 1}
2026-03-01 19:43:04,094 : INFO : EventManager : Event: ======'machine_var_audits_shots_sling_right'====== Args={'value': 32, 'prev_value': 31, 'change': 1}
2026-03-01 19:43:04,094 : INFO : EventManager : Event: ======'sling_right_hit'====== Args={'profile': 'default', 'state': 'lit', 'advancing': False}
2026-03-01 19:43:04,094 : INFO : EventManager : Event: ======'sling_right_default_hit'====== Args={'profile': 'default', 'state': 'lit', 'advancing': False}
2026-03-01 19:43:04,094 : INFO : EventManager : Event: ======'sling_right_default_lit_hit'====== Args={'profile': 'default', 'state': 'lit', 'advancing': False}
2026-03-01 19:43:04,094 : INFO : EventManager : Event: ======'sling_right_lit_hit'====== Args={'profile': 'default', 'state': 'lit', 'advancing': False}
2026-03-01 19:43:04,094 : INFO : EventManager : Event: ======'slings_hit'====== Args={'shot': 'sling_right'}
2026-03-01 19:43:04,094 : INFO : EventManager : Event: ======'slings_lit_hit'====== Args={'shot': 'sling_right'}
2026-03-01 19:43:04,095 : INFO : EventManager : Event: ======'player_score'====== Args={'value': 2100, 'prev_value': 2000, 'change': 100, 'player_num': 1, 'source': 'bumpers'}
2026-03-01 19:43:04,302 : INFO : SwitchController : <<<<<<< 's_sling_right' inactive >>>>>>>
2026-03-01 19:43:04,335 : INFO : SwitchController : <<<<<<< 's_sling_left' active >>>>>>>
2026-03-01 19:43:04,335 : INFO : EventManager : Event: ======'s_sling_left_active'====== Args={}
2026-03-01 19:43:04,336 : INFO : EventManager : Event: ======'machine_var_audits_switches_s_sling_left'====== Args={'value': 217, 'prev_value': 216, 'change': 1}
2026-03-01 19:43:04,336 : INFO : EventManager : Event: ======'machine_var_audits_shots_sling_left'====== Args={'value': 22, 'prev_value': 21, 'change': 1}
2026-03-01 19:43:04,336 : INFO : EventManager : Event: ======'sling_left_hit'====== Args={'profile': 'default', 'state': 'lit', 'advancing': False}
2026-03-01 19:43:04,336 : INFO : EventManager : Event: ======'sling_left_default_hit'====== Args={'profile': 'default', 'state': 'lit', 'advancing': False}
2026-03-01 19:43:04,336 : INFO : EventManager : Event: ======'sling_left_default_lit_hit'====== Args={'profile': 'default', 'state': 'lit', 'advancing': False}
2026-03-01 19:43:04,336 : INFO : EventManager : Event: ======'sling_left_lit_hit'====== Args={'profile': 'default', 'state': 'lit', 'advancing': False}
2026-03-01 19:43:04,337 : INFO : EventManager : Event: ======'slings_hit'====== Args={'shot': 'sling_left'}
2026-03-01 19:43:04,337 : INFO : EventManager : Event: ======'slings_lit_hit'====== Args={'shot': 'sling_left'}
2026-03-01 19:43:04,337 : INFO : EventManager : Event: ======'player_score'====== Args={'value': 2200, 'prev_value': 2100, 'change': 100, 'player_num': 1, 'source': 'bumpers'}
2026-03-01 19:43:04,435 : INFO : SwitchController : <<<<<<< 's_sling_left' inactive >>>>>>>
2026-03-01 19:43:04,585 : INFO : SwitchController : <<<<<<< 's_sling_right' active >>>>>>>
2026-03-01 19:43:04,585 : INFO : EventManager : Event: ======'s_sling_right_active'====== Args={}
2026-03-01 19:43:04,585 : INFO : EventManager : Event: ======'machine_var_audits_switches_s_sling_right'====== Args={'value': 65, 'prev_value': 64, 'change': 1}
2026-03-01 19:43:04,586 : INFO : EventManager : Event: ======'machine_var_audits_shots_sling_right'====== Args={'value': 33, 'prev_value': 32, 'change': 1}
2026-03-01 19:43:04,586 : INFO : EventManager : Event: ======'sling_right_hit'====== Args={'profile': 'default', 'state': 'lit', 'advancing': False}
2026-03-01 19:43:04,586 : INFO : EventManager : Event: ======'sling_right_default_hit'====== Args={'profile': 'default', 'state': 'lit', 'advancing': False}
2026-03-01 19:43:04,586 : INFO : EventManager : Event: ======'sling_right_default_lit_hit'====== Args={'profile': 'default', 'state': 'lit', 'advancing': False}
2026-03-01 19:43:04,586 : INFO : EventManager : Event: ======'sling_right_lit_hit'====== Args={'profile': 'default', 'state': 'lit', 'advancing': False}
2026-03-01 19:43:04,586 : INFO : EventManager : Event: ======'slings_hit'====== Args={'shot': 'sling_right'}
2026-03-01 19:43:04,586 : INFO : EventManager : Event: ======'slings_lit_hit'====== Args={'shot': 'sling_right'}
2026-03-01 19:43:04,586 : INFO : EventManager : Event: ======'player_score'====== Args={'value': 2300, 'prev_value': 2200, 'change': 100, 'player_num': 1, 'source': 'bumpers'}
2026-03-01 19:43:04,752 : INFO : SwitchController : <<<<<<< 's_sling_right' inactive >>>>>>>
2026-03-01 19:43:04,868 : INFO : SwitchController : <<<<<<< 's_plunger' active >>>>>>>
2026-03-01 19:43:04,869 : INFO : EventManager : Event: ======'machine_var_audits_switches_s_plunger'====== Args={'value': 25, 'prev_value': 24, 'change': 1}
2026-03-01 19:43:04,959 : INFO : SwitchController : <<<<<<< 's_plunger' inactive >>>>>>>
2026-03-01 19:43:05,094 : INFO : SwitchController : <<<<<<< 's_plunger' active >>>>>>>
2026-03-01 19:43:05,095 : INFO : EventManager : Event: ======'machine_var_audits_switches_s_plunger'====== Args={'value': 26, 'prev_value': 25, 'change': 1}
2026-03-01 19:43:05,167 : INFO : SwitchController : <<<<<<< 's_plunger' inactive >>>>>>>
2026-03-01 19:43:05,292 : INFO : SwitchController : <<<<<<< 's_plunger' active >>>>>>>
2026-03-01 19:43:05,293 : INFO : EventManager : Event: ======'machine_var_audits_switches_s_plunger'====== Args={'value': 27, 'prev_value': 26, 'change': 1}
2026-03-01 19:43:05,402 : INFO : SwitchController : <<<<<<< 's_plunger' inactive >>>>>>>
2026-03-01 19:43:05,869 : INFO : SwitchController : <<<<<<< 's_bumper_upper' active >>>>>>>
2026-03-01 19:43:05,869 : INFO : EventManager : Event: ======'machine_var_audits_switches_s_bumper_upper'====== Args={'value': 87, 'prev_value': 86, 'change': 1}
2026-03-01 19:43:05,991 : INFO : SwitchController : <<<<<<< 's_bumper_upper' inactive >>>>>>>
2026-03-01 19:43:06,268 : INFO : SwitchController : <<<<<<< 's_inlane_right_1' active >>>>>>>
2026-03-01 19:43:06,268 : INFO : EventManager : Event: ======'sw_playfield_active'====== Args={}
2026-03-01 19:43:06,268 : INFO : EventManager : Event: ======'machine_var_audits_switches_s_inlane_right_1'====== Args={'value': 25, 'prev_value': 24, 'change': 1}
2026-03-01 19:43:06,393 : INFO : SwitchController : <<<<<<< 's_inlane_right_1' inactive >>>>>>>
2026-03-01 19:43:06,702 : INFO : SwitchController : <<<<<<< 's_inlane_right_2' active >>>>>>>
2026-03-01 19:43:06,702 : INFO : EventManager : Event: ======'sw_playfield_active'====== Args={}
2026-03-01 19:43:06,703 : INFO : EventManager : Event: ======'machine_var_audits_switches_s_inlane_right_2'====== Args={'value': 8, 'prev_value': 7, 'change': 1}
2026-03-01 19:43:06,811 : INFO : SwitchController : <<<<<<< 's_inlane_right_2' inactive >>>>>>>
2026-03-01 19:43:06,892 : INFO : EventManager : Event: ======'balldevice_bd_trough_ball_eject_failed'====== Args={'target': <ball_device.bd_plunger>, 'balls': 1, 'retry': True, 'num_attempts': 4}
2026-03-01 19:43:06,893 : INFO : ball_device.bd_trough : State: waiting_for_target_ready
2026-03-01 19:43:06,894 : INFO : EventManager : Event: ======'balldevice_bd_trough_ball_eject_attempt'====== Args={'balls': 1, 'target': <ball_device.bd_plunger>, 'source': <ball_device.bd_trough>, 'mechanical_eject': True, 'num_attempts': 4}
2026-03-01 19:43:06,894 : INFO : ball_device.bd_trough : State: ejecting
2026-03-01 19:43:06,894 : INFO : ball_device.bd_trough : Ejecting ball to <ball_device.bd_plunger>
2026-03-01 19:43:06,894 : INFO : EventManager : Event: ======'balldevice_bd_trough_ejecting_ball'====== Args={'balls': 1, 'target': <ball_device.bd_plunger>, 'source': <ball_device.bd_trough>, 'mechanical_eject': True, 'num_attempts': 4}
2026-03-01 19:43:06,894 : INFO : ball_device.bd_trough : Wait for ball to leave device
2026-03-01 19:43:06,895 : INFO : coil.c_trough_eject : Pulsing Driver for 20ms (1.0 pulse_power)
2026-03-01 19:43:07,235 : INFO : SwitchController : <<<<<<< 's_inlane_left' active >>>>>>>
2026-03-01 19:43:07,235 : INFO : EventManager : Event: ======'s_inlane_left_active'====== Args={}
2026-03-01 19:43:07,235 : INFO : EventManager : Event: ======'sw_playfield_active'====== Args={}
2026-03-01 19:43:07,235 : INFO : EventManager : Event: ======'machine_var_audits_switches_s_inlane_left'====== Args={'value': 37, 'prev_value': 36, 'change': 1}
2026-03-01 19:43:07,236 : INFO : EventManager : Event: ======'player_shot_left_lane'====== Args={'value': 1, 'prev_value': 0, 'change': 1, 'player_num': 1}
2026-03-01 19:43:07,236 : INFO : EventManager : Event: ======'machine_var_audits_shots_left_lane'====== Args={'value': 18, 'prev_value': 17, 'change': 1}
2026-03-01 19:43:07,236 : INFO : EventManager : Event: ======'left_lane_hit'====== Args={'profile': 'default', 'state': 'unlit', 'advancing': True}
2026-03-01 19:43:07,236 : INFO : EventManager : Event: ======'left_lane_default_hit'====== Args={'profile': 'default', 'state': 'unlit', 'advancing': True}
2026-03-01 19:43:07,236 : INFO : EventManager : Event: ======'left_lane_default_unlit_hit'====== Args={'profile': 'default', 'state': 'unlit', 'advancing': True}
2026-03-01 19:43:07,236 : INFO : EventManager : Event: ======'left_lane_unlit_hit'====== Args={'profile': 'default', 'state': 'unlit', 'advancing': True}
2026-03-01 19:43:07,236 : INFO : EventManager : Event: ======'start_mode_hurryup'====== Args={'priority': 0}
2026-03-01 19:43:07,236 : INFO : EventManager : Event: ======'mode_hurryup_will_start'====== Args={'priority': 0}
2026-03-01 19:43:07,237 : INFO : EventManager : Event: ======'player_shot_hurryup_enabled'====== Args={'value': True, 'prev_value': 0, 'change': 1, 'player_num': 1}
2026-03-01 19:43:07,237 : INFO : EventManager : Event: ======'player_hurryup_hurryup_timer_tick'====== Args={'value': 0, 'prev_value': 0, 'change': 0, 'player_num': 1}
2026-03-01 19:43:07,237 : INFO : Timer.hurryup_timer : Starting Timer.
2026-03-01 19:43:07,237 : INFO : EventManager : Event: ======'timer_hurryup_timer_started'====== Args={'ticks': 0, 'ticks_remaining': 25}
2026-03-01 19:43:07,237 : INFO : EventManager : Event: ======'timer_hurryup_timer_tick'====== Args={'ticks': 0, 'ticks_remaining': 25}
2026-03-01 19:43:07,238 : INFO : EventManager : Event: ======'mode_hurryup_starting'====== Args={'priority': 0}
2026-03-01 19:43:07,238 : INFO : Mode.hurryup : Started. Priority: 1000
2026-03-01 19:43:07,238 : INFO : EventManager : Event: ======'modes_active_modes_changed'====== Args={}
2026-03-01 19:43:07,238 : INFO : EventManager : Event: ======'mode_hurryup_started'====== Args={'priority': 0}
2026-03-01 19:43:07,258 : INFO : EventManager : Event: ======'slide_hurryup_created'====== Args={'_from_bcp': True}
2026-03-01 19:43:07,259 : INFO : EventManager : Event: ======'slide_base_slide_inactive'====== Args={'is_removing': False, '_from_bcp': True}
2026-03-01 19:43:07,260 : INFO : EventManager : Event: ======'slide_hurryup_active'====== Args={'original_context': 'hurryup', 'original_calling_context': 'mode_hurryup_started', 'priority': 1000.0, 'cmd': 'slides_play', '_from_bcp': True}
2026-03-01 19:43:07,439 : INFO : EventManager : Event: ======'player_hurryup_hurryup_timer_tick'====== Args={'value': 1, 'prev_value': 0, 'change': 1, 'player_num': 1}
2026-03-01 19:43:07,440 : INFO : EventManager : Event: ======'timer_hurryup_timer_tick'====== Args={'ticks': 1, 'ticks_remaining': 24}
2026-03-01 19:43:07,443 : INFO : EventManager : Event: ======'hurryup_value'====== Args={'priority': 0, 'current_hurryup': 98000}
2026-03-01 19:43:07,444 : INFO : SwitchController : <<<<<<< 's_inlane_left' inactive >>>>>>>
2026-03-01 19:43:07,638 : INFO : EventManager : Event: ======'player_hurryup_hurryup_timer_tick'====== Args={'value': 2, 'prev_value': 1, 'change': 1, 'player_num': 1}
2026-03-01 19:43:07,639 : INFO : EventManager : Event: ======'timer_hurryup_timer_tick'====== Args={'ticks': 2, 'ticks_remaining': 23}
2026-03-01 19:43:07,639 : INFO : EventManager : Event: ======'hurryup_value'====== Args={'priority': 0, 'current_hurryup': 96000}
2026-03-01 19:43:07,839 : INFO : EventManager : Event: ======'player_hurryup_hurryup_timer_tick'====== Args={'value': 3, 'prev_value': 2, 'change': 1, 'player_num': 1}
2026-03-01 19:43:07,839 : INFO : EventManager : Event: ======'timer_hurryup_timer_tick'====== Args={'ticks': 3, 'ticks_remaining': 22}
2026-03-01 19:43:07,840 : INFO : EventManager : Event: ======'hurryup_value'====== Args={'priority': 0, 'current_hurryup': 94000}
2026-03-01 19:43:08,039 : INFO : EventManager : Event: ======'player_hurryup_hurryup_timer_tick'====== Args={'value': 4, 'prev_value': 3, 'change': 1, 'player_num': 1}
2026-03-01 19:43:08,040 : INFO : EventManager : Event: ======'timer_hurryup_timer_tick'====== Args={'ticks': 4, 'ticks_remaining': 21}
2026-03-01 19:43:08,040 : INFO : EventManager : Event: ======'hurryup_value'====== Args={'priority': 0, 'current_hurryup': 92000}
2026-03-01 19:43:08,239 : INFO : EventManager : Event: ======'player_hurryup_hurryup_timer_tick'====== Args={'value': 5, 'prev_value': 4, 'change': 1, 'player_num': 1}
2026-03-01 19:43:08,239 : INFO : EventManager : Event: ======'timer_hurryup_timer_tick'====== Args={'ticks': 5, 'ticks_remaining': 20}
2026-03-01 19:43:08,240 : INFO : EventManager : Event: ======'hurryup_value'====== Args={'priority': 0, 'current_hurryup': 90000}
2026-03-01 19:43:08,438 : INFO : EventManager : Event: ======'player_hurryup_hurryup_timer_tick'====== Args={'value': 6, 'prev_value': 5, 'change': 1, 'player_num': 1}
2026-03-01 19:43:08,439 : INFO : EventManager : Event: ======'timer_hurryup_timer_tick'====== Args={'ticks': 6, 'ticks_remaining': 19}
2026-03-01 19:43:08,439 : INFO : EventManager : Event: ======'hurryup_value'====== Args={'priority': 0, 'current_hurryup': 88000}
2026-03-01 19:43:08,639 : INFO : EventManager : Event: ======'player_hurryup_hurryup_timer_tick'====== Args={'value': 7, 'prev_value': 6, 'change': 1, 'player_num': 1}
2026-03-01 19:43:08,639 : INFO : EventManager : Event: ======'timer_hurryup_timer_tick'====== Args={'ticks': 7, 'ticks_remaining': 18}
2026-03-01 19:43:08,640 : INFO : EventManager : Event: ======'hurryup_value'====== Args={'priority': 0, 'current_hurryup': 86000}
2026-03-01 19:43:08,710 : INFO : SwitchController : <<<<<<< 's_inlane_left' active >>>>>>>
2026-03-01 19:43:08,710 : INFO : EventManager : Event: ======'s_inlane_left_active'====== Args={}
2026-03-01 19:43:08,710 : INFO : EventManager : Event: ======'sw_playfield_active'====== Args={}
2026-03-01 19:43:08,710 : INFO : EventManager : Event: ======'machine_var_audits_switches_s_inlane_left'====== Args={'value': 38, 'prev_value': 37, 'change': 1}
2026-03-01 19:43:08,711 : INFO : EventManager : Event: ======'player_shot_hurryup'====== Args={'value': 1, 'prev_value': 0, 'change': 1, 'player_num': 1}
2026-03-01 19:43:08,711 : INFO : EventManager : Event: ======'machine_var_audits_shots_hurryup'====== Args={'value': 7, 'prev_value': 6, 'change': 1}
2026-03-01 19:43:08,712 : INFO : EventManager : Event: ======'hurryup_hit'====== Args={'profile': 'default', 'state': 'unlit', 'advancing': True}
2026-03-01 19:43:08,712 : INFO : EventManager : Event: ======'hurryup_default_hit'====== Args={'profile': 'default', 'state': 'unlit', 'advancing': True}
2026-03-01 19:43:08,712 : INFO : EventManager : Event: ======'hurryup_default_unlit_hit'====== Args={'profile': 'default', 'state': 'unlit', 'advancing': True}
2026-03-01 19:43:08,712 : INFO : EventManager : Event: ======'hurryup_unlit_hit'====== Args={'profile': 'default', 'state': 'unlit', 'advancing': True}
2026-03-01 19:43:08,712 : INFO : EventManager : Event: ======'machine_var_audits_shots_left_lane'====== Args={'value': 19, 'prev_value': 18, 'change': 1}
2026-03-01 19:43:08,712 : INFO : EventManager : Event: ======'left_lane_hit'====== Args={'profile': 'default', 'state': 'lit', 'advancing': False}
2026-03-01 19:43:08,712 : INFO : EventManager : Event: ======'left_lane_default_hit'====== Args={'profile': 'default', 'state': 'lit', 'advancing': False}
2026-03-01 19:43:08,712 : INFO : EventManager : Event: ======'left_lane_default_lit_hit'====== Args={'profile': 'default', 'state': 'lit', 'advancing': False}
2026-03-01 19:43:08,712 : INFO : EventManager : Event: ======'left_lane_lit_hit'====== Args={'profile': 'default', 'state': 'lit', 'advancing': False}
2026-03-01 19:43:08,712 : INFO : EventManager : Event: ======'stop_mode_hurryup'====== Args={'priority': 0}
2026-03-01 19:43:08,712 : INFO : EventManager : Event: ======'player_score'====== Args={'value': 88300, 'prev_value': 2300, 'change': 86000, 'player_num': 1, 'source': 'hurryup'}
2026-03-01 19:43:08,713 : INFO : EventManager : Event: ======'mode_hurryup_will_stop'====== Args={}
2026-03-01 19:43:08,713 : INFO : EventManager : Event: ======'mode_hurryup_stopping'====== Args={}
2026-03-01 19:43:08,714 : INFO : EventManager : Event: ======'start_mode_hurryup'====== Args={'priority': 0}
2026-03-01 19:43:08,714 : INFO : Mode.hurryup : Stopped.
2026-03-01 19:43:08,714 : INFO : EventManager : Event: ======'modes_active_modes_changed'====== Args={}
2026-03-01 19:43:08,714 : INFO : EventManager : Event: ======'mode_hurryup_stopped'====== Args={}
2026-03-01 19:43:08,714 : INFO : EventManager : Event: ======'clear'====== Args={'key': 'hurryup'}
2026-03-01 19:43:08,715 : INFO : Timer.hurryup_timer : Stopping Timer
2026-03-01 19:43:08,715 : INFO : EventManager : Event: ======'timer_hurryup_timer_stopped'====== Args={'ticks': 7, 'ticks_remaining': 18}
2026-03-01 19:43:08,751 : INFO : EventManager : Event: ======'slide_hurryup_inactive'====== Args={'is_removing': True, '_from_bcp': True}
2026-03-01 19:43:08,751 : INFO : EventManager : Event: ======'slide_base_slide_active'====== Args={'_from_bcp': True}
2026-03-01 19:43:08,752 : INFO : EventManager : Event: ======'slide_hurryup_removed'====== Args={'_from_bcp': True}
2026-03-01 19:43:08,768 : INFO : SwitchController : <<<<<<< 's_inlane_left' inactive >>>>>>>
2026-03-01 19:43:09,896 : INFO : EventManager : Event: ======'balldevice_bd_trough_ball_eject_failed'====== Args={'target': <ball_device.bd_plunger>, 'balls': 1, 'retry': True, 'num_attempts': 5}
2026-03-01 19:43:09,897 : INFO : ball_device.bd_trough : State: waiting_for_target_ready
2026-03-01 19:43:09,897 : INFO : EventManager : Event: ======'balldevice_bd_trough_ball_eject_attempt'====== Args={'balls': 1, 'target': <ball_device.bd_plunger>, 'source': <ball_device.bd_trough>, 'mechanical_eject': True, 'num_attempts': 5}
2026-03-01 19:43:09,897 : INFO : ball_device.bd_trough : State: ejecting
2026-03-01 19:43:09,897 : INFO : ball_device.bd_trough : Ejecting ball to <ball_device.bd_plunger>
2026-03-01 19:43:09,897 : INFO : EventManager : Event: ======'balldevice_bd_trough_ejecting_ball'====== Args={'balls': 1, 'target': <ball_device.bd_plunger>, 'source': <ball_device.bd_trough>, 'mechanical_eject': True, 'num_attempts': 5}
2026-03-01 19:43:09,898 : INFO : ball_device.bd_trough : Wait for ball to leave device
2026-03-01 19:43:09,898 : INFO : coil.c_trough_eject : Pulsing Driver for 20ms (1.0 pulse_power)
2026-03-01 19:43:12,900 : INFO : EventManager : Event: ======'balldevice_bd_trough_ball_eject_failed'====== Args={'target': <ball_device.bd_plunger>, 'balls': 1, 'retry': True, 'num_attempts': 6}
2026-03-01 19:43:12,901 : INFO : ball_device.bd_trough : State: waiting_for_target_ready
2026-03-01 19:43:12,901 : INFO : EventManager : Event: ======'balldevice_bd_trough_ball_eject_attempt'====== Args={'balls': 1, 'target': <ball_device.bd_plunger>, 'source': <ball_device.bd_trough>, 'mechanical_eject': True, 'num_attempts': 6}
2026-03-01 19:43:12,901 : INFO : ball_device.bd_trough : State: ejecting
2026-03-01 19:43:12,902 : INFO : ball_device.bd_trough : Ejecting ball to <ball_device.bd_plunger>
2026-03-01 19:43:12,902 : INFO : EventManager : Event: ======'balldevice_bd_trough_ejecting_ball'====== Args={'balls': 1, 'target': <ball_device.bd_plunger>, 'source': <ball_device.bd_trough>, 'mechanical_eject': True, 'num_attempts': 6}
2026-03-01 19:43:12,902 : INFO : ball_device.bd_trough : Wait for ball to leave device
2026-03-01 19:43:12,903 : INFO : coil.c_trough_eject : Pulsing Driver for 20ms (1.0 pulse_power)
2026-03-01 19:43:14,090 : INFO : Machine : Shutting down...
2026-03-01 19:43:14,091 : INFO : EventManager : Event: ======'shutdown'====== Args={}
2026-03-01 19:43:14,096 : INFO : EventManager : Event: ======'mode_game_will_stop'====== Args={}
2026-03-01 19:43:14,096 : INFO : EventManager : Event: ======'mode_game_stopping'====== Args={}
2026-03-01 19:43:14,096 : INFO : EventManager : Event: ======'mode_bumpers_will_stop'====== Args={}
2026-03-01 19:43:14,096 : INFO : EventManager : Event: ======'mode_bumpers_stopping'====== Args={}
2026-03-01 19:43:14,096 : INFO : EventManager : Event: ======'mode_base_will_stop'====== Args={}
2026-03-01 19:43:14,096 : INFO : EventManager : Event: ======'mode_base_stopping'====== Args={}
2026-03-01 19:43:14,096 : INFO : EventManager : Event: ======'stop_mode_bumpers'====== Args={'priority': 0}
2026-03-01 19:43:14,096 : INFO : Mode.base : Stopped.
2026-03-01 19:43:14,096 : INFO : EventManager : Event: ======'modes_active_modes_changed'====== Args={}
2026-03-01 19:43:14,096 : INFO : EventManager : Event: ======'mode_base_stopped'====== Args={}
2026-03-01 19:43:14,096 : INFO : EventManager : Event: ======'clear'====== Args={'key': 'base'}
2026-03-01 19:43:14,096 : INFO : Mode.bumpers : Stopped.
2026-03-01 19:43:14,096 : INFO : EventManager : Event: ======'modes_active_modes_changed'====== Args={}
2026-03-01 19:43:14,096 : INFO : EventManager : Event: ======'mode_bumpers_stopped'====== Args={}
2026-03-01 19:43:14,096 : INFO : EventManager : Event: ======'clear'====== Args={'key': 'bumpers'}
2026-03-01 19:43:14,097 : INFO : Mode.game : Stopped.
2026-03-01 19:43:14,097 : INFO : EventManager : Event: ======'modes_active_modes_changed'====== Args={}
2026-03-01 19:43:14,097 : INFO : EventManager : Event: ======'mode_game_stopped'====== Args={}
2026-03-01 19:43:14,097 : INFO : EventManager : Event: ======'clear'====== Args={'key': 'game'}
2026-03-01 19:43:14,097 : INFO : root : MPF run loop ended.
