2026-03-01 12:08:12,288 : INFO : root : Loading config.
2026-03-01 12:08:12,657 : INFO : ConfigProcessor : Config spec file cache created: /var/folders/1s/015t8n3n70gcr2ch4xflj4yr0000gn/T/config_spec.mpf_cache
2026-03-01 12:08:12,658 : INFO : YamlMultifileConfigLoader : Machine config file #1: config.yaml
2026-03-01 12:08:12,658 : INFO : ConfigProcessor : Loading config from cache: /var/folders/1s/015t8n3n70gcr2ch4xflj4yr0000gn/T/954ddabc670342668a09b03520c7eb79.mpf_cache
2026-03-01 12:08:12,721 : INFO : ConfigProcessor : Loading config from cache: /var/folders/1s/015t8n3n70gcr2ch4xflj4yr0000gn/T/64218df07edc412f774c53ffb33c812d.mpf_cache
2026-03-01 12:08:12,722 : INFO : ConfigProcessor : Loading config from cache: /var/folders/1s/015t8n3n70gcr2ch4xflj4yr0000gn/T/767518d75df2d86a4d35c1fb94c70abd.mpf_cache
2026-03-01 12:08:12,722 : INFO : ConfigProcessor : Loading config from cache: /var/folders/1s/015t8n3n70gcr2ch4xflj4yr0000gn/T/64218df07edc412f774c53ffb33c812d.mpf_cache
2026-03-01 12:08:12,723 : INFO : ConfigProcessor : Loading config from cache: /var/folders/1s/015t8n3n70gcr2ch4xflj4yr0000gn/T/73548cb541cc3751ae5711fe0817282a.mpf_cache
2026-03-01 12:08:12,723 : INFO : ConfigProcessor : Loading config from cache: /var/folders/1s/015t8n3n70gcr2ch4xflj4yr0000gn/T/57f006170cd447d443f971cd8b826597.mpf_cache
2026-03-01 12:08:12,724 : INFO : ConfigProcessor : Loading config from cache: /var/folders/1s/015t8n3n70gcr2ch4xflj4yr0000gn/T/adb0ea3e4ccf2dafa758999a39c1d676.mpf_cache
2026-03-01 12:08:12,724 : INFO : Machine : Mission Pinball Framework Core Engine v0.80.0.dev13
2026-03-01 12:08:12,725 : INFO : Machine : Command line arguments: {'no_load_cache': False, 'create_config_cache': True, 'bcp': True, 'configfile': ['config.yaml'], 'force_assets_load': False, 'platform_integration_test': False, 'jsonlogging': False, 'logfile': 'logs/2026-03-01-12-08-12-mpf-ANDREs-Mac-mini.local.log', 'pause': False, 'production': False, 'text_ui': True, 'loglevel': 15, 'consoleloglevel': 20, 'force_platform': None, 'syslog_address': None, 'full_logfile_path': '/Users/pinball/NapoleonDynamite/logs/2026-03-01-12-08-12-mpf-ANDREs-Mac-mini.local.log'}
2026-03-01 12:08:12,725 : INFO : Machine : MPF path: /Users/pinball/mpf/lib/python3.14/site-packages/mpf
2026-03-01 12:08:12,725 : INFO : Machine : Machine path: /Users/pinball/NapoleonDynamite
2026-03-01 12:08:12,725 : INFO : Machine : Platform: darwin
2026-03-01 12:08:12,725 : INFO : Machine : Python executable location: /Users/pinball/mpf/bin/python3.14
2026-03-01 12:08:12,725 : INFO : Machine : Python version: 3.14.3 (64-bit)
2026-03-01 12:08:12,726 : INFO : Machine : Initializing MPF...
2026-03-01 12:08:12,810 : INFO : FAST : Auto-detecting ports for the following connections: ['net', 'exp']
2026-03-01 12:08:12,828 : INFO : FAST : Detected NET on port /dev/cu.usbmodem14101
2026-03-01 12:08:12,836 : INFO : FAST : Detected EXP on port /dev/cu.usbmodem14103
2026-03-01 12:08:12,940 : INFO : FAST [NET] : Trying to connect to /dev/cu.usbmodem14101 at 921600bps
2026-03-01 12:08:12,944 : INFO : FAST [NET] : Connected to /dev/cu.usbmodem14101 at 921600bps
2026-03-01 12:08:12,947 : INFO : FAST [NET] : Connected to FP-CPU-2000 with firmware v02.26
2026-03-01 12:08:12,949 : INFO : FAST [NET] : Registered I/O Board 0: Model: FP-I/O-0024, Firmware: 01.10, Switches: 24, Drivers: 8
2026-03-01 12:08:12,951 : INFO : FAST [NET] : Registered I/O Board 1: Model: FP-I/O-3208, Firmware: 01.10, Switches: 32, Drivers: 8
2026-03-01 12:08:12,952 : INFO : FAST [NET] : Registered I/O Board 2: Model: FP-I/O-0804, Firmware: 01.10, Switches: 8, Drivers: 4
2026-03-01 12:08:12,954 : INFO : FAST [EXP] : Trying to connect to /dev/cu.usbmodem14103 at 921600bps
2026-03-01 12:08:12,957 : INFO : FAST [EXP] : Connected to /dev/cu.usbmodem14103 at 921600bps
2026-03-01 12:08:12,959 : INFO : FAST [EXP] : Verifying hardware for EXP "neuron" (FP-EXP-2000, @48) with ID string "EXP FP-EXP-2000  0.34", board address 48
2026-03-01 12:08:12,960 : INFO : FAST [EXP] : Verifying hardware for EXP "neuron" (FP-EXP-2000, @48) with ID string "LED FP-BRK-0001  0.8", board address 480
2026-03-01 12:08:12,961 : INFO : EventManager : Event: ======'machine_var_credits_string'====== Args={'value': 'FREE PLAY', 'prev_value': None, 'change': True}
2026-03-01 12:08:12,978 : INFO : EventManager : Event: ======'machine_var_master_volume'====== Args={'value': 0.5, 'prev_value': None, 'change': True}
2026-03-01 12:08:12,978 : INFO : EventManager : Event: ======'machine_var_mpf_version'====== Args={'value': 'Mission Pinball Framework v0.80.0.dev13', 'prev_value': None, 'change': True}
2026-03-01 12:08:12,978 : INFO : EventManager : Event: ======'machine_var_mpf_extended_version'====== Args={'value': 'Mission Pinball Framework v0.80.0.dev13, Config version:6, Show version: 6, BCP version:1.1', 'prev_value': None, 'change': True}
2026-03-01 12:08:12,979 : INFO : EventManager : Event: ======'machine_var_python_version'====== Args={'value': '3.14.3', 'prev_value': None, 'change': True}
2026-03-01 12:08:12,997 : INFO : EventManager : Event: ======'machine_var_platform'====== Args={'value': 'macOS-14.8.4-x86_64-i386-64bit-Mach-O', 'prev_value': None, 'change': True}
2026-03-01 12:08:12,998 : INFO : EventManager : Event: ======'machine_var_platform_system'====== Args={'value': 'Darwin', 'prev_value': None, 'change': True}
2026-03-01 12:08:12,998 : INFO : EventManager : Event: ======'machine_var_platform_release'====== Args={'value': '23.6.0', 'prev_value': None, 'change': True}
2026-03-01 12:08:12,998 : INFO : EventManager : Event: ======'machine_var_platform_version'====== Args={'value': 'Darwin Kernel Version 23.6.0: Mon Jan 19 22:02:22 PST 2026; root:xnu-10063.141.1.710.3~1/RELEASE_X86_64', 'prev_value': None, 'change': True}
2026-03-01 12:08:12,998 : INFO : EventManager : Event: ======'machine_var_platform_machine'====== Args={'value': 'x86_64', 'prev_value': None, 'change': True}
2026-03-01 12:08:12,998 : INFO : EventManager : Event: ======'machine_var_log_file_path'====== Args={'value': '/Users/pinball/NapoleonDynamite/logs/2026-03-01-12-08-12-mpf-ANDREs-Mac-mini.local.log', 'prev_value': None, 'change': True}
2026-03-01 12:08:12,998 : INFO : EventManager : Event: ======'init_phase_1'====== Args={}
2026-03-01 12:08:13,169 : INFO : SwitchController : <<<<<<< 's_flipper_left_eos' active >>>>>>>
2026-03-01 12:08:13,169 : INFO : SwitchController : <<<<<<< 's_flipper_right_lower_eos' active >>>>>>>
2026-03-01 12:08:13,169 : INFO : SwitchController : <<<<<<< 's_trough_7' active >>>>>>>
2026-03-01 12:08:13,170 : INFO : SwitchController : <<<<<<< 's_bumper_lower' active >>>>>>>
2026-03-01 12:08:13,170 : INFO : SwitchController : <<<<<<< 's_bumper_upper' active >>>>>>>
2026-03-01 12:08:13,170 : INFO : SwitchController : <<<<<<< 's_inlane_right_2' active >>>>>>>
2026-03-01 12:08:13,170 : INFO : SwitchController : <<<<<<< 's_inlane_left' active >>>>>>>
2026-03-01 12:08:13,202 : INFO : EventManager : Event: ======'init_phase_2'====== Args={}
2026-03-01 12:08:13,202 : INFO : SwitchController : Found active switch: (37, [FAST Platform Interface]) <switch.s_flipper_left_eos>
2026-03-01 12:08:13,202 : INFO : SwitchController : Found active switch: (32, [FAST Platform Interface]) <switch.s_flipper_right_lower_eos>
2026-03-01 12:08:13,202 : INFO : SwitchController : Found active switch: (30, [FAST Platform Interface]) <switch.s_trough_7>
2026-03-01 12:08:13,202 : INFO : SwitchController : Found active switch: (41, [FAST Platform Interface]) <switch.s_bumper_lower>
2026-03-01 12:08:13,202 : INFO : SwitchController : Found active switch: (42, [FAST Platform Interface]) <switch.s_bumper_upper>
2026-03-01 12:08:13,203 : INFO : SwitchController : Found active switch: (36, [FAST Platform Interface]) <switch.s_inlane_right_2>
2026-03-01 12:08:13,203 : INFO : SwitchController : Found active switch: (39, [FAST Platform Interface]) <switch.s_inlane_left>
2026-03-01 12:08:13,207 : INFO : EventManager : Event: ======'bcp_connection_attempt'====== Args={'name': 'local_display', 'host': 'localhost', 'port': 5050}
2026-03-01 12:08:13,209 : INFO : BCPClientSocket : Connecting BCP to 'local_display' at localhost:5050...
2026-03-01 12:08:13,217 : INFO : BCPClientSocket : Connected BCP to 'local_display' localhost:5050
2026-03-01 12:08:13,218 : INFO : EventManager : Event: ======'bcp_clients_connected'====== Args={}
2026-03-01 12:08:13,671 : INFO : ball_device.bd_trough : BCH: Initial count: 1
2026-03-01 12:08:13,672 : INFO : ball_device.bd_trough : State: idle
2026-03-01 12:08:13,672 : INFO : ball_device.bd_plunger : BCH: Initial count: 0
2026-03-01 12:08:13,673 : INFO : ball_device.bd_plunger : State: idle
2026-03-01 12:08:13,690 : INFO : EventManager : Event: ======'init_phase_3'====== Args={}
2026-03-01 12:08:13,693 : INFO : EventManager : Event: ======'init_phase_4'====== Args={}
2026-03-01 12:08:13,694 : INFO : BallController : Initial balls found: 1
2026-03-01 12:08:13,695 : ERROR : asyncio : Task exception was never retrieved
future: <Task finished name='Task-90' coro=<BcpServer.start() done, defined at /Users/pinball/mpf/lib/python3.14/site-packages/mpf/core/bcp/bcp_server.py:23> exception=MpfRuntimeError('Failed to bind BCP Socket to 127.0.0.1 on port 5051. Is there another application running on that port?')>
Traceback (most recent call last):
  File "/Users/pinball/mpf/lib/python3.14/site-packages/mpf/core/bcp/bcp_server.py", line 26, in start
    self._server = await self.machine.clock.start_server(
                   ^^^^^^^^^^^^^^^^^^^^^^^^^^^^^^^^^^^^^^
        self._accept_client, self._ip, self._port)
        ^^^^^^^^^^^^^^^^^^^^^^^^^^^^^^^^^^^^^^^^^^
  File "/Library/Frameworks/Python.framework/Versions/3.14/lib/python3.14/asyncio/streams.py", line 84, in start_server
    return await loop.create_server(factory, host, port, **kwds)
           ^^^^^^^^^^^^^^^^^^^^^^^^^^^^^^^^^^^^^^^^^^^^^^^^^^^^^
  File "/Library/Frameworks/Python.framework/Versions/3.14/lib/python3.14/asyncio/base_events.py", line 1627, in create_server
    raise OSError(err.errno, msg) from None
OSError: [Errno 48] error while attempting to bind on address ('127.0.0.1', 5051): [errno 48] address already in use

The above exception was the direct cause of the following exception:

Traceback (most recent call last):
  File "/Users/pinball/mpf/lib/python3.14/site-packages/mpf/core/bcp/bcp_server.py", line 29, in start
    raise MpfRuntimeError("Failed to bind BCP Socket to {} on port {}. "
                          "Is there another application running on that port?".format(self._ip, self._port), 1,
                          "MPF BCP Server") from e
mpf.exceptions.runtime_error.MpfRuntimeError: Runtime Error in MPF BCP Server: Failed to bind BCP Socket to 127.0.0.1 on port 5051. Is there another application running on that port? Error Code: RE-MPF_BCP_Server-1 (https://missionpinball.org/latest/logs)
2026-03-01 12:08:13,698 : INFO : EventManager : Event: ======'machine_var_audits_events_game_ended'====== Args={'value': 0, 'prev_value': None, 'change': True}
2026-03-01 12:08:13,698 : INFO : EventManager : Event: ======'machine_var_audits_events_game_started'====== Args={'value': 18, 'prev_value': None, 'change': True}
2026-03-01 12:08:13,698 : INFO : EventManager : Event: ======'machine_var_audits_missing_switches_s_bumper_lower'====== Args={'value': 9, 'prev_value': None, 'change': True}
2026-03-01 12:08:13,698 : INFO : EventManager : Event: ======'machine_var_audits_missing_switches_s_bumper_upper'====== Args={'value': 10, 'prev_value': None, 'change': True}
2026-03-01 12:08:13,698 : INFO : EventManager : Event: ======'machine_var_audits_missing_switches_s_flipper_right_upper_eos'====== Args={'value': 4, 'prev_value': None, 'change': True}
2026-03-01 12:08:13,698 : INFO : EventManager : Event: ======'machine_var_audits_missing_switches_s_inlane_left'====== Args={'value': 9, 'prev_value': None, 'change': True}
2026-03-01 12:08:13,698 : INFO : EventManager : Event: ======'machine_var_audits_missing_switches_s_inlane_right_1'====== Args={'value': 1, 'prev_value': None, 'change': True}
2026-03-01 12:08:13,699 : INFO : EventManager : Event: ======'machine_var_audits_missing_switches_s_inlane_right_2'====== Args={'value': 9, 'prev_value': None, 'change': True}
2026-03-01 12:08:13,699 : INFO : EventManager : Event: ======'machine_var_audits_missing_switches_s_scoop_tina'====== Args={'value': 6, 'prev_value': None, 'change': True}
2026-03-01 12:08:13,699 : INFO : EventManager : Event: ======'machine_var_audits_missing_switches_s_start'====== Args={'value': 3, 'prev_value': None, 'change': True}
2026-03-01 12:08:13,699 : INFO : EventManager : Event: ======'machine_var_audits_player_score'====== Args={'value': {'average': 0, 'top': [], 'total': 0}, 'prev_value': None, 'change': True}
2026-03-01 12:08:13,699 : INFO : EventManager : Event: ======'machine_var_audits_shots_bumper_lower'====== Args={'value': 76, 'prev_value': None, 'change': True}
2026-03-01 12:08:13,699 : INFO : EventManager : Event: ======'machine_var_audits_shots_bumper_upper'====== Args={'value': 81, 'prev_value': None, 'change': True}
2026-03-01 12:08:13,699 : INFO : EventManager : Event: ======'machine_var_audits_shots_hurryup'====== Args={'value': 3, 'prev_value': None, 'change': True}
2026-03-01 12:08:13,699 : INFO : EventManager : Event: ======'machine_var_audits_shots_inlane_left'====== Args={'value': 17, 'prev_value': None, 'change': True}
2026-03-01 12:08:13,699 : INFO : EventManager : Event: ======'machine_var_audits_shots_left_lane'====== Args={'value': 8, 'prev_value': None, 'change': True}
2026-03-01 12:08:13,699 : INFO : EventManager : Event: ======'machine_var_audits_switches_s_bumper_lower'====== Args={'value': 76, 'prev_value': None, 'change': True}
2026-03-01 12:08:13,699 : INFO : EventManager : Event: ======'machine_var_audits_switches_s_bumper_upper'====== Args={'value': 81, 'prev_value': None, 'change': True}
2026-03-01 12:08:13,699 : INFO : EventManager : Event: ======'machine_var_audits_switches_s_flipper_left'====== Args={'value': 303, 'prev_value': None, 'change': True}
2026-03-01 12:08:13,699 : INFO : EventManager : Event: ======'machine_var_audits_switches_s_flipper_left_eos'====== Args={'value': 180, 'prev_value': None, 'change': True}
2026-03-01 12:08:13,700 : INFO : EventManager : Event: ======'machine_var_audits_switches_s_flipper_right_lower'====== Args={'value': 287, 'prev_value': None, 'change': True}
2026-03-01 12:08:13,700 : INFO : EventManager : Event: ======'machine_var_audits_switches_s_flipper_right_lower_eos'====== Args={'value': 161, 'prev_value': None, 'change': True}
2026-03-01 12:08:13,700 : INFO : EventManager : Event: ======'machine_var_audits_switches_s_flipper_right_upper'====== Args={'value': 303, 'prev_value': None, 'change': True}
2026-03-01 12:08:13,700 : INFO : EventManager : Event: ======'machine_var_audits_switches_s_flipper_right_upper_eos'====== Args={'value': 43, 'prev_value': None, 'change': True}
2026-03-01 12:08:13,700 : INFO : EventManager : Event: ======'machine_var_audits_switches_s_inlane_left'====== Args={'value': 27, 'prev_value': None, 'change': True}
2026-03-01 12:08:13,700 : INFO : EventManager : Event: ======'machine_var_audits_switches_s_inlane_right_1'====== Args={'value': 14, 'prev_value': None, 'change': True}
2026-03-01 12:08:13,700 : INFO : EventManager : Event: ======'machine_var_audits_switches_s_inlane_right_2'====== Args={'value': 3, 'prev_value': None, 'change': True}
2026-03-01 12:08:13,700 : INFO : EventManager : Event: ======'machine_var_audits_switches_s_plunger_lane'====== Args={'value': 18, 'prev_value': None, 'change': True}
2026-03-01 12:08:13,700 : INFO : EventManager : Event: ======'machine_var_audits_switches_s_scoop_tina'====== Args={'value': 1, 'prev_value': None, 'change': True}
2026-03-01 12:08:13,700 : INFO : EventManager : Event: ======'machine_var_audits_switches_s_sling_left'====== Args={'value': 182, 'prev_value': None, 'change': True}
2026-03-01 12:08:13,700 : INFO : EventManager : Event: ======'machine_var_audits_switches_s_sling_right'====== Args={'value': 21, 'prev_value': None, 'change': True}
2026-03-01 12:08:13,701 : INFO : EventManager : Event: ======'machine_var_audits_switches_s_start'====== Args={'value': 25, 'prev_value': None, 'change': True}
2026-03-01 12:08:13,701 : INFO : EventManager : Event: ======'machine_var_audits_switches_s_trough_1'====== Args={'value': 42, 'prev_value': None, 'change': True}
2026-03-01 12:08:13,701 : INFO : EventManager : Event: ======'machine_var_audits_switches_s_trough_2'====== Args={'value': 50, 'prev_value': None, 'change': True}
2026-03-01 12:08:13,701 : INFO : EventManager : Event: ======'machine_var_audits_switches_s_trough_3'====== Args={'value': 59, 'prev_value': None, 'change': True}
2026-03-01 12:08:13,701 : INFO : EventManager : Event: ======'machine_var_audits_switches_s_trough_4'====== Args={'value': 75, 'prev_value': None, 'change': True}
2026-03-01 12:08:13,701 : INFO : EventManager : Event: ======'machine_var_audits_switches_s_trough_5'====== Args={'value': 82, 'prev_value': None, 'change': True}
2026-03-01 12:08:13,701 : INFO : EventManager : Event: ======'machine_var_audits_switches_s_trough_6'====== Args={'value': 88, 'prev_value': None, 'change': True}
2026-03-01 12:08:13,701 : INFO : EventManager : Event: ======'machine_var_audits_switches_s_trough_7'====== Args={'value': 50, 'prev_value': None, 'change': True}
2026-03-01 12:08:13,702 : INFO : EventManager : Event: ======'init_phase_5'====== Args={}
2026-03-01 12:08:13,703 : INFO : Machine : Starting the main run loop with active modes: []
2026-03-01 12:08:13,703 : WARNING : Machine : Attract mode is not active, game will not be playable. Please check your attract mode configuration.
2026-03-01 12:08:13,703 : INFO : ball_device.bd_trough : BCH: Count is unstable. Trying to reorder balls.
2026-03-01 12:08:13,703 : WARNING : ball_device.bd_trough : Cannot reorder device because eject_coil_reorder_pulse is not configured
2026-03-01 12:08:13,703 : INFO : ball_device.bd_trough : BCH: Repulse done. Waiting for balls to settle.
2026-03-01 12:08:13,703 : INFO : ball_device.bd_trough : BCH: Reordered count: 1
2026-03-01 12:08:13,704 : INFO : Machine : Shutting down...
2026-03-01 12:08:13,704 : INFO : EventManager : Event: ======'shutdown'====== Args={}
2026-03-01 12:08:13,705 : INFO : EventManager : Event: ======'init_done'====== Args={}
2026-03-01 12:08:13,705 : INFO : EventManager : Event: ======'machine_reset_phase_1'====== Args={}
2026-03-01 12:08:13,706 : INFO : EventManager : Event: ======'machine_reset_phase_2'====== Args={}
2026-03-01 12:08:13,706 : INFO : EventManager : Event: ======'machine_reset_phase_3'====== Args={}
2026-03-01 12:08:13,708 : INFO : EventManager : Event: ======'reset_complete'====== Args={}
2026-03-01 12:08:13,709 : INFO : EventManager : Event: ======'mode_attract_will_start'====== Args={}
2026-03-01 12:08:13,710 : INFO : Timer.attract_carousel_timer : Starting Timer.
2026-03-01 12:08:13,710 : INFO : EventManager : Event: ======'timer_attract_carousel_timer_started'====== Args={'ticks': 0, 'ticks_remaining': 1}
2026-03-01 12:08:13,711 : INFO : EventManager : Event: ======'timer_attract_carousel_timer_tick'====== Args={'ticks': 0, 'ticks_remaining': 1}
2026-03-01 12:08:13,712 : INFO : EventManager : Event: ======'mode_attract_starting'====== Args={}
2026-03-01 12:08:13,712 : INFO : Mode.attract : Will not start because machine is shutting down.
2026-03-01 12:08:13,810 : ERROR : Machine : Runtime Exception
Traceback (most recent call last):
  File "/Users/pinball/mpf/lib/python3.14/site-packages/mpf/core/bcp/bcp_server.py", line 26, in start
    self._server = await self.machine.clock.start_server(
                   ^^^^^^^^^^^^^^^^^^^^^^^^^^^^^^^^^^^^^^
        self._accept_client, self._ip, self._port)
        ^^^^^^^^^^^^^^^^^^^^^^^^^^^^^^^^^^^^^^^^^^
  File "/Library/Frameworks/Python.framework/Versions/3.14/lib/python3.14/asyncio/streams.py", line 84, in start_server
    return await loop.create_server(factory, host, port, **kwds)
           ^^^^^^^^^^^^^^^^^^^^^^^^^^^^^^^^^^^^^^^^^^^^^^^^^^^^^
  File "/Library/Frameworks/Python.framework/Versions/3.14/lib/python3.14/asyncio/base_events.py", line 1627, in create_server
    raise OSError(err.errno, msg) from None
OSError: [Errno 48] error while attempting to bind on address ('127.0.0.1', 5051): [errno 48] address already in use

The above exception was the direct cause of the following exception:

Traceback (most recent call last):
  File "/Users/pinball/mpf/lib/python3.14/site-packages/mpf/core/machine.py", line 810, in _run_loop
    raise self._exception['exception']
  File "/Users/pinball/mpf/lib/python3.14/site-packages/mpf/core/bcp/bcp_server.py", line 29, in start
    raise MpfRuntimeError("Failed to bind BCP Socket to {} on port {}. "
                          "Is there another application running on that port?".format(self._ip, self._port), 1,
                          "MPF BCP Server") from e
mpf.exceptions.runtime_error.MpfRuntimeError: Runtime Error in MPF BCP Server: Failed to bind BCP Socket to 127.0.0.1 on port 5051. Is there another application running on that port? Error Code: RE-MPF_BCP_Server-1 (https://missionpinball.org/latest/logs)
2026-03-01 12:08:13,813 : INFO : root : MPF run loop ended.
