2026-03-01 18:52:39,718 : INFO : root : Loading config.
2026-03-01 18:52:39,720 : INFO : YamlMultifileConfigLoader : Machine config file #1: config.yaml
2026-03-01 18:52:39,720 : WARNING : ConfigProcessor : Config file in cache changed: /Users/andre/NapoleonDynamite/config/config.yaml
2026-03-01 18:52:39,720 : INFO : ConfigProcessor : Loading config from file /Users/andre/mpf/lib/python3.13/site-packages/mpf/mpfconfig.yaml.
2026-03-01 18:52:39,738 : INFO : ConfigProcessor : Loading config: /Users/andre/mpf/lib/python3.13/site-packages/mpf/mpfconfig.yaml
2026-03-01 18:52:39,739 : INFO : ConfigProcessor : Loading config from file /Users/andre/NapoleonDynamite/config/config.yaml.
2026-03-01 18:52:39,741 : INFO : ConfigProcessor : Loading config: /Users/andre/NapoleonDynamite/config/config.yaml
2026-03-01 18:52:39,742 : INFO : ConfigProcessor : Loading config: /Users/andre/NapoleonDynamite/config/config_ball_devices.yaml
2026-03-01 18:52:39,744 : INFO : ConfigProcessor : Loading config: /Users/andre/NapoleonDynamite/config/config_coils.yaml
2026-03-01 18:52:39,747 : INFO : ConfigProcessor : Loading config: /Users/andre/NapoleonDynamite/config/config_switches.yaml
2026-03-01 18:52:39,748 : INFO : ConfigProcessor : Config file cache created: /var/folders/np/pd6clpgx1xs_0sdwz71m1gyh0000gn/T/be743be5f71a26736512bc9b8989a341.mpf_cache
2026-03-01 18:52:39,777 : INFO : ConfigProcessor : Loading config from cache: /var/folders/np/pd6clpgx1xs_0sdwz71m1gyh0000gn/T/84cf549c59d2d394dc6f5889ffe6a1f1.mpf_cache
2026-03-01 18:52:39,777 : INFO : ConfigProcessor : Loading config from cache: /var/folders/np/pd6clpgx1xs_0sdwz71m1gyh0000gn/T/a5f85595fa0cbfb236c892eef8a78354.mpf_cache
2026-03-01 18:52:39,777 : INFO : ConfigProcessor : Loading config from cache: /var/folders/np/pd6clpgx1xs_0sdwz71m1gyh0000gn/T/84cf549c59d2d394dc6f5889ffe6a1f1.mpf_cache
2026-03-01 18:52:39,778 : INFO : ConfigProcessor : Loading config from cache: /var/folders/np/pd6clpgx1xs_0sdwz71m1gyh0000gn/T/128730e328aaa296072fe140e2e7dc9c.mpf_cache
2026-03-01 18:52:39,778 : INFO : Machine : Mission Pinball Framework Core Engine v0.80.0.dev13
2026-03-01 18:52:39,778 : INFO : Machine : Command line arguments: {'no_load_cache': False, 'create_config_cache': True, 'bcp': False, 'configfile': ['config.yaml'], 'force_assets_load': False, 'platform_integration_test': False, 'jsonlogging': False, 'logfile': 'logs/2026-03-01-18-52-39-mpf-ANDREs-MacBook-Pro-2.local.log', 'pause': False, 'production': False, 'text_ui': True, 'loglevel': 15, 'consoleloglevel': 20, 'force_platform': 'virtual', 'syslog_address': None, 'full_logfile_path': '/Users/andre/NapoleonDynamite/logs/2026-03-01-18-52-39-mpf-ANDREs-MacBook-Pro-2.local.log'}
2026-03-01 18:52:39,778 : INFO : Machine : MPF path: /Users/andre/mpf/lib/python3.13/site-packages/mpf
2026-03-01 18:52:39,778 : INFO : Machine : Machine path: /Users/andre/NapoleonDynamite
2026-03-01 18:52:39,778 : INFO : Machine : Platform: darwin
2026-03-01 18:52:39,778 : INFO : Machine : Python executable location: /Users/andre/mpf/bin/python3.13
2026-03-01 18:52:39,778 : INFO : Machine : Python version: 3.13.12 (64-bit)
2026-03-01 18:52:39,778 : INFO : Machine : Initializing MPF...
2026-03-01 18:52:39,817 : INFO : EventManager : Event: ======'machine_var_credits_string'====== Args={'value': 'FREE PLAY', 'prev_value': None, 'change': True}
2026-03-01 18:52:39,822 : INFO : EventManager : Event: ======'machine_var_master_volume'====== Args={'value': 0.5, 'prev_value': None, 'change': True}
2026-03-01 18:52:39,822 : INFO : EventManager : Event: ======'machine_var_mpf_version'====== Args={'value': 'Mission Pinball Framework v0.80.0.dev13', 'prev_value': None, 'change': True}
2026-03-01 18:52:39,822 : INFO : EventManager : Event: ======'machine_var_mpf_extended_version'====== Args={'value': 'Mission Pinball Framework v0.80.0.dev13, Config version:6, Show version: 6, BCP version:1.1', 'prev_value': None, 'change': True}
2026-03-01 18:52:39,822 : INFO : EventManager : Event: ======'machine_var_python_version'====== Args={'value': '3.13.12', 'prev_value': None, 'change': True}
2026-03-01 18:52:39,832 : INFO : EventManager : Event: ======'machine_var_platform'====== Args={'value': 'macOS-26.3-arm64-arm-64bit-Mach-O', 'prev_value': None, 'change': True}
2026-03-01 18:52:39,832 : INFO : EventManager : Event: ======'machine_var_platform_system'====== Args={'value': 'Darwin', 'prev_value': None, 'change': True}
2026-03-01 18:52:39,832 : INFO : EventManager : Event: ======'machine_var_platform_release'====== Args={'value': '25.3.0', 'prev_value': None, 'change': True}
2026-03-01 18:52:39,832 : INFO : EventManager : Event: ======'machine_var_platform_version'====== Args={'value': 'Darwin Kernel Version 25.3.0: Wed Jan 28 20:53:05 PST 2026; root:xnu-12377.81.4~5/RELEASE_ARM64_T6020', 'prev_value': None, 'change': True}
2026-03-01 18:52:39,833 : INFO : EventManager : Event: ======'machine_var_platform_machine'====== Args={'value': 'arm64', 'prev_value': None, 'change': True}
2026-03-01 18:52:39,833 : INFO : EventManager : Event: ======'machine_var_log_file_path'====== Args={'value': '/Users/andre/NapoleonDynamite/logs/2026-03-01-18-52-39-mpf-ANDREs-MacBook-Pro-2.local.log', 'prev_value': None, 'change': True}
2026-03-01 18:52:39,833 : INFO : EventManager : Event: ======'init_phase_1'====== Args={}
2026-03-01 18:52:39,839 : INFO : EventManager : Event: ======'init_phase_2'====== Args={}
2026-03-01 18:52:39,840 : INFO : SwitchController : Found active switch: ('3208_middle-0', <Platform.Virtual>) <switch.s_trough_1>
2026-03-01 18:52:39,840 : INFO : SwitchController : Found active switch: ('3208_middle-1', <Platform.Virtual>) <switch.s_trough_2>
2026-03-01 18:52:39,840 : INFO : SwitchController : Found active switch: ('3208_middle-2', <Platform.Virtual>) <switch.s_trough_3>
2026-03-01 18:52:39,840 : INFO : SwitchController : Found active switch: ('3208_middle-3', <Platform.Virtual>) <switch.s_trough_4>
2026-03-01 18:52:39,840 : INFO : SwitchController : Found active switch: ('3208_middle-4', <Platform.Virtual>) <switch.s_trough_5>
2026-03-01 18:52:39,840 : INFO : SwitchController : Found active switch: ('3208_middle-5', <Platform.Virtual>) <switch.s_trough_6>
2026-03-01 18:52:39,840 : INFO : SwitchController : Found active switch: ('3208_middle-6', <Platform.Virtual>) <switch.s_trough_7>
2026-03-01 18:52:39,841 : INFO : ball_device.bd_trough : BCH: Initial count: 7
2026-03-01 18:52:39,841 : INFO : ball_device.bd_trough : State: idle
2026-03-01 18:52:39,841 : INFO : ball_device.bd_plunger : BCH: Initial count: 0
2026-03-01 18:52:39,841 : INFO : ball_device.bd_plunger : State: idle
2026-03-01 18:52:39,846 : INFO : EventManager : Event: ======'init_phase_3'====== Args={}
2026-03-01 18:52:39,846 : INFO : EventManager : Event: ======'init_phase_4'====== Args={}
2026-03-01 18:52:39,847 : INFO : BallController : Initial balls found: 7
2026-03-01 18:52:39,847 : INFO : EventManager : Event: ======'machine_var_audits_events_game_ended'====== Args={'value': 0, 'prev_value': None, 'change': True}
2026-03-01 18:52:39,847 : INFO : EventManager : Event: ======'machine_var_audits_events_game_started'====== Args={'value': 30, 'prev_value': None, 'change': True}
2026-03-01 18:52:39,847 : INFO : EventManager : Event: ======'machine_var_audits_missing_switches_s_bumper_lower'====== Args={'value': 21, 'prev_value': None, 'change': True}
2026-03-01 18:52:39,847 : INFO : EventManager : Event: ======'machine_var_audits_missing_switches_s_bumper_upper'====== Args={'value': 22, 'prev_value': None, 'change': True}
2026-03-01 18:52:39,847 : INFO : EventManager : Event: ======'machine_var_audits_missing_switches_s_flipper_left_eos'====== Args={'value': 4, 'prev_value': None, 'change': True}
2026-03-01 18:52:39,847 : INFO : EventManager : Event: ======'machine_var_audits_missing_switches_s_flipper_right_lower_eos'====== Args={'value': 12, 'prev_value': None, 'change': True}
2026-03-01 18:52:39,847 : INFO : EventManager : Event: ======'machine_var_audits_missing_switches_s_flipper_right_upper_eos'====== Args={'value': 16, 'prev_value': None, 'change': True}
2026-03-01 18:52:39,847 : INFO : EventManager : Event: ======'machine_var_audits_missing_switches_s_inlane_left'====== Args={'value': 21, 'prev_value': None, 'change': True}
2026-03-01 18:52:39,847 : INFO : EventManager : Event: ======'machine_var_audits_missing_switches_s_inlane_right_1'====== Args={'value': 3, 'prev_value': None, 'change': True}
2026-03-01 18:52:39,847 : INFO : EventManager : Event: ======'machine_var_audits_missing_switches_s_inlane_right_2'====== Args={'value': 21, 'prev_value': None, 'change': True}
2026-03-01 18:52:39,847 : INFO : EventManager : Event: ======'machine_var_audits_missing_switches_s_scoop_tina'====== Args={'value': 3, 'prev_value': None, 'change': True}
2026-03-01 18:52:39,847 : INFO : EventManager : Event: ======'machine_var_audits_missing_switches_s_sling_left'====== Args={'value': 3, 'prev_value': None, 'change': True}
2026-03-01 18:52:39,847 : INFO : EventManager : Event: ======'machine_var_audits_missing_switches_s_sling_right'====== Args={'value': 3, 'prev_value': None, 'change': True}
2026-03-01 18:52:39,847 : INFO : EventManager : Event: ======'machine_var_audits_missing_switches_s_start'====== Args={'value': 2, 'prev_value': None, 'change': True}
2026-03-01 18:52:39,847 : INFO : EventManager : Event: ======'machine_var_audits_player_score'====== Args={'value': {'average': 0, 'top': [], 'total': 0}, 'prev_value': None, 'change': True}
2026-03-01 18:52:39,847 : INFO : EventManager : Event: ======'machine_var_audits_shots_bumper_lower'====== Args={'value': 76, 'prev_value': None, 'change': True}
2026-03-01 18:52:39,847 : INFO : EventManager : Event: ======'machine_var_audits_shots_bumper_upper'====== Args={'value': 81, 'prev_value': None, 'change': True}
2026-03-01 18:52:39,847 : INFO : EventManager : Event: ======'machine_var_audits_shots_hurryup'====== Args={'value': 3, 'prev_value': None, 'change': True}
2026-03-01 18:52:39,847 : INFO : EventManager : Event: ======'machine_var_audits_shots_inlane_left'====== Args={'value': 17, 'prev_value': None, 'change': True}
2026-03-01 18:52:39,847 : INFO : EventManager : Event: ======'machine_var_audits_shots_left_lane'====== Args={'value': 8, 'prev_value': None, 'change': True}
2026-03-01 18:52:39,847 : INFO : EventManager : Event: ======'machine_var_audits_switches_s_bumper_lower'====== Args={'value': 76, 'prev_value': None, 'change': True}
2026-03-01 18:52:39,847 : INFO : EventManager : Event: ======'machine_var_audits_switches_s_bumper_upper'====== Args={'value': 81, 'prev_value': None, 'change': True}
2026-03-01 18:52:39,847 : INFO : EventManager : Event: ======'machine_var_audits_switches_s_flipper_left'====== Args={'value': 437, 'prev_value': None, 'change': True}
2026-03-01 18:52:39,847 : INFO : EventManager : Event: ======'machine_var_audits_switches_s_flipper_left_eos'====== Args={'value': 181, 'prev_value': None, 'change': True}
2026-03-01 18:52:39,847 : INFO : EventManager : Event: ======'machine_var_audits_switches_s_flipper_right_lower'====== Args={'value': 448, 'prev_value': None, 'change': True}
2026-03-01 18:52:39,847 : INFO : EventManager : Event: ======'machine_var_audits_switches_s_flipper_right_lower_eos'====== Args={'value': 161, 'prev_value': None, 'change': True}
2026-03-01 18:52:39,847 : INFO : EventManager : Event: ======'machine_var_audits_switches_s_flipper_right_upper'====== Args={'value': 464, 'prev_value': None, 'change': True}
2026-03-01 18:52:39,847 : INFO : EventManager : Event: ======'machine_var_audits_switches_s_flipper_right_upper_eos'====== Args={'value': 43, 'prev_value': None, 'change': True}
2026-03-01 18:52:39,847 : INFO : EventManager : Event: ======'machine_var_audits_switches_s_inlane_left'====== Args={'value': 27, 'prev_value': None, 'change': True}
2026-03-01 18:52:39,847 : INFO : EventManager : Event: ======'machine_var_audits_switches_s_inlane_right_1'====== Args={'value': 18, 'prev_value': None, 'change': True}
2026-03-01 18:52:39,847 : INFO : EventManager : Event: ======'machine_var_audits_switches_s_inlane_right_2'====== Args={'value': 3, 'prev_value': None, 'change': True}
2026-03-01 18:52:39,847 : INFO : EventManager : Event: ======'machine_var_audits_switches_s_plunger'====== Args={'value': 12, 'prev_value': None, 'change': True}
2026-03-01 18:52:39,847 : INFO : EventManager : Event: ======'machine_var_audits_switches_s_plunger_lane'====== Args={'value': 29, 'prev_value': None, 'change': True}
2026-03-01 18:52:39,847 : INFO : EventManager : Event: ======'machine_var_audits_switches_s_scoop_tina'====== Args={'value': 11, 'prev_value': None, 'change': True}
2026-03-01 18:52:39,848 : INFO : EventManager : Event: ======'machine_var_audits_switches_s_sling_left'====== Args={'value': 193, 'prev_value': None, 'change': True}
2026-03-01 18:52:39,848 : INFO : EventManager : Event: ======'machine_var_audits_switches_s_sling_right'====== Args={'value': 30, 'prev_value': None, 'change': True}
2026-03-01 18:52:39,848 : INFO : EventManager : Event: ======'machine_var_audits_switches_s_start'====== Args={'value': 31, 'prev_value': None, 'change': True}
2026-03-01 18:52:39,848 : INFO : EventManager : Event: ======'machine_var_audits_switches_s_trough_1'====== Args={'value': 127, 'prev_value': None, 'change': True}
2026-03-01 18:52:39,848 : INFO : EventManager : Event: ======'machine_var_audits_switches_s_trough_2'====== Args={'value': 115, 'prev_value': None, 'change': True}
2026-03-01 18:52:39,848 : INFO : EventManager : Event: ======'machine_var_audits_switches_s_trough_3'====== Args={'value': 141, 'prev_value': None, 'change': True}
2026-03-01 18:52:39,848 : INFO : EventManager : Event: ======'machine_var_audits_switches_s_trough_4'====== Args={'value': 196, 'prev_value': None, 'change': True}
2026-03-01 18:52:39,848 : INFO : EventManager : Event: ======'machine_var_audits_switches_s_trough_5'====== Args={'value': 214, 'prev_value': None, 'change': True}
2026-03-01 18:52:39,848 : INFO : EventManager : Event: ======'machine_var_audits_switches_s_trough_6'====== Args={'value': 210, 'prev_value': None, 'change': True}
2026-03-01 18:52:39,848 : INFO : EventManager : Event: ======'machine_var_audits_switches_s_trough_7'====== Args={'value': 174, 'prev_value': None, 'change': True}
2026-03-01 18:52:39,848 : INFO : EventManager : Event: ======'init_phase_5'====== Args={}
2026-03-01 18:52:39,848 : INFO : ball_device.bd_trough : BCH: Count is unstable. Trying to reorder balls.
2026-03-01 18:52:39,848 : WARNING : ball_device.bd_trough : Cannot reorder device because eject_coil_reorder_pulse is not configured
2026-03-01 18:52:39,848 : INFO : ball_device.bd_trough : BCH: Repulse done. Waiting for balls to settle.
2026-03-01 18:52:39,848 : INFO : ball_device.bd_trough : BCH: Reordered count: 7
2026-03-01 18:52:39,848 : INFO : EventManager : Event: ======'init_done'====== Args={}
2026-03-01 18:52:39,848 : INFO : EventManager : Event: ======'machine_reset_phase_1'====== Args={}
2026-03-01 18:52:39,848 : INFO : EventManager : Event: ======'machine_reset_phase_2'====== Args={}
2026-03-01 18:52:39,848 : INFO : EventManager : Event: ======'machine_reset_phase_3'====== Args={}
2026-03-01 18:52:39,848 : INFO : EventManager : Event: ======'reset_complete'====== Args={}
2026-03-01 18:52:39,848 : INFO : EventManager : Event: ======'mode_attract_will_start'====== Args={}
2026-03-01 18:52:39,849 : INFO : Timer.attract_carousel_timer : Starting Timer.
2026-03-01 18:52:39,849 : INFO : EventManager : Event: ======'timer_attract_carousel_timer_started'====== Args={'ticks': 0, 'ticks_remaining': 1}
2026-03-01 18:52:39,849 : INFO : EventManager : Event: ======'timer_attract_carousel_timer_tick'====== Args={'ticks': 0, 'ticks_remaining': 1}
2026-03-01 18:52:39,849 : INFO : EventManager : Event: ======'mode_attract_starting'====== Args={}
2026-03-01 18:52:39,849 : INFO : Mode.attract : Started. Priority: 10
2026-03-01 18:52:39,849 : INFO : EventManager : Event: ======'modes_active_modes_changed'====== Args={}
2026-03-01 18:52:39,849 : INFO : EventManager : Event: ======'mode_attract_started'====== Args={}
2026-03-01 18:52:39,849 : INFO : EventManager : Event: ======'collecting_balls_complete'====== Args={}
2026-03-01 18:52:39,849 : INFO : EventManager : Event: ======'carousel_item_highlighted'====== Args={'carousel': 'attract', 'direction': None, 'item': 'title'}
2026-03-01 18:52:39,849 : INFO : EventManager : Event: ======'timer_attract_carousel_timer_tick'====== Args={'ticks': 0, 'ticks_remaining': 1}
2026-03-01 18:52:39,849 : INFO : Machine : Starting the main run loop with active modes: [<Mode.attract>]
2026-03-01 18:52:44,850 : INFO : Timer.attract_carousel_timer : Timer Complete
2026-03-01 18:52:44,850 : INFO : Timer.attract_carousel_timer : Stopping Timer
2026-03-01 18:52:44,850 : INFO : EventManager : Event: ======'timer_attract_carousel_timer_stopped'====== Args={'ticks': 1, 'ticks_remaining': 1}
2026-03-01 18:52:44,850 : INFO : EventManager : Event: ======'timer_attract_carousel_timer_complete'====== Args={'ticks': 1, 'ticks_remaining': 1}
2026-03-01 18:52:44,851 : INFO : EventManager : Event: ======'carousel_item_highlighted'====== Args={'carousel': 'attract', 'direction': 'forwards', 'item': 'credits'}
2026-03-01 18:52:44,851 : INFO : Timer.attract_carousel_timer : Starting Timer.
2026-03-01 18:52:44,851 : INFO : EventManager : Event: ======'timer_attract_carousel_timer_started'====== Args={'ticks': 0, 'ticks_remaining': 1}
2026-03-01 18:52:44,851 : INFO : EventManager : Event: ======'timer_attract_carousel_timer_tick'====== Args={'ticks': 0, 'ticks_remaining': 1}
2026-03-01 18:52:49,852 : INFO : Timer.attract_carousel_timer : Timer Complete
2026-03-01 18:52:49,852 : INFO : Timer.attract_carousel_timer : Stopping Timer
2026-03-01 18:52:49,852 : INFO : EventManager : Event: ======'timer_attract_carousel_timer_stopped'====== Args={'ticks': 1, 'ticks_remaining': 1}
2026-03-01 18:52:49,853 : INFO : EventManager : Event: ======'timer_attract_carousel_timer_complete'====== Args={'ticks': 1, 'ticks_remaining': 1}
2026-03-01 18:52:49,853 : INFO : EventManager : Event: ======'carousel_item_highlighted'====== Args={'carousel': 'attract', 'direction': 'forwards', 'item': 'logo'}
2026-03-01 18:52:49,853 : INFO : Timer.attract_carousel_timer : Starting Timer.
2026-03-01 18:52:49,854 : INFO : EventManager : Event: ======'timer_attract_carousel_timer_started'====== Args={'ticks': 0, 'ticks_remaining': 1}
2026-03-01 18:52:49,854 : INFO : EventManager : Event: ======'timer_attract_carousel_timer_tick'====== Args={'ticks': 0, 'ticks_remaining': 1}
2026-03-01 18:52:54,855 : INFO : Timer.attract_carousel_timer : Timer Complete
2026-03-01 18:52:54,855 : INFO : Timer.attract_carousel_timer : Stopping Timer
2026-03-01 18:52:54,855 : INFO : EventManager : Event: ======'timer_attract_carousel_timer_stopped'====== Args={'ticks': 1, 'ticks_remaining': 1}
2026-03-01 18:52:54,855 : INFO : EventManager : Event: ======'timer_attract_carousel_timer_complete'====== Args={'ticks': 1, 'ticks_remaining': 1}
2026-03-01 18:52:54,856 : INFO : EventManager : Event: ======'carousel_item_highlighted'====== Args={'carousel': 'attract', 'direction': 'forwards', 'item': 'title'}
2026-03-01 18:52:54,856 : INFO : Timer.attract_carousel_timer : Starting Timer.
2026-03-01 18:52:54,856 : INFO : EventManager : Event: ======'timer_attract_carousel_timer_started'====== Args={'ticks': 0, 'ticks_remaining': 1}
2026-03-01 18:52:54,856 : INFO : EventManager : Event: ======'timer_attract_carousel_timer_tick'====== Args={'ticks': 0, 'ticks_remaining': 1}
2026-03-01 18:52:57,505 : INFO : Machine : Shutting down...
2026-03-01 18:52:57,506 : INFO : EventManager : Event: ======'shutdown'====== Args={}
2026-03-01 18:52:57,509 : INFO : root : MPF run loop ended.
