2026-02-08 21:38:20,568 : INFO : root : Loading config.
2026-02-08 21:38:20,569 : INFO : YamlMultifileConfigLoader : Machine config file #1: config.yaml
2026-02-08 21:38:20,569 : INFO : ConfigProcessor : Loading config from cache: /var/folders/np/pd6clpgx1xs_0sdwz71m1gyh0000gn/T/00addb5eaaf19e366a8bc2e537dfc5e2.mpf_cache
2026-02-08 21:38:20,599 : WARNING : ConfigProcessor : Config file in cache changed: /Users/andre/NapoleonDynamite/modes/attract/config/attract.yaml
2026-02-08 21:38:20,599 : INFO : ConfigProcessor : Loading config from file /Library/Frameworks/Python.framework/Versions/3.13/lib/python3.13/site-packages/mpf/modes/attract/config/attract.yaml.
2026-02-08 21:38:20,600 : INFO : ConfigProcessor : Loading config: /Library/Frameworks/Python.framework/Versions/3.13/lib/python3.13/site-packages/mpf/modes/attract/config/attract.yaml
2026-02-08 21:38:20,600 : INFO : ConfigProcessor : Loading config from file /Users/andre/NapoleonDynamite/modes/attract/config/attract.yaml.
2026-02-08 21:38:20,601 : INFO : ConfigProcessor : Loading config: /Users/andre/NapoleonDynamite/modes/attract/config/attract.yaml
2026-02-08 21:38:20,601 : INFO : ConfigProcessor : Config file cache created: /var/folders/np/pd6clpgx1xs_0sdwz71m1gyh0000gn/T/17249d28c5038822300153ccd16b5450.mpf_cache
2026-02-08 21:38:20,601 : INFO : ConfigProcessor : Loading config from cache: /var/folders/np/pd6clpgx1xs_0sdwz71m1gyh0000gn/T/786e273e12b38b2b1133a8d0aa2f17ad.mpf_cache
2026-02-08 21:38:20,602 : INFO : ConfigProcessor : Loading config from cache: /var/folders/np/pd6clpgx1xs_0sdwz71m1gyh0000gn/T/17249d28c5038822300153ccd16b5450.mpf_cache
2026-02-08 21:38:20,602 : INFO : ConfigProcessor : Loading config from cache: /var/folders/np/pd6clpgx1xs_0sdwz71m1gyh0000gn/T/128730e328aaa296072fe140e2e7dc9c.mpf_cache
2026-02-08 21:38:20,602 : INFO : Machine : Mission Pinball Framework Core Engine v0.80.0.dev12
2026-02-08 21:38:20,602 : INFO : Machine : Command line arguments: {'no_load_cache': False, 'create_config_cache': True, 'bcp': True, 'configfile': ['config.yaml'], 'force_assets_load': False, 'platform_integration_test': False, 'jsonlogging': False, 'logfile': 'logs/2026-02-08-21-38-20-mpf-ANDREs-MacBook-Pro-2.local.log', 'pause': False, 'production': False, 'text_ui': False, 'loglevel': 15, 'consoleloglevel': 20, 'force_platform': 'virtual', 'syslog_address': None, 'full_logfile_path': '/Users/andre/NapoleonDynamite/logs/2026-02-08-21-38-20-mpf-ANDREs-MacBook-Pro-2.local.log'}
2026-02-08 21:38:20,602 : INFO : Machine : MPF path: /Library/Frameworks/Python.framework/Versions/3.13/lib/python3.13/site-packages/mpf
2026-02-08 21:38:20,602 : INFO : Machine : Machine path: /Users/andre/NapoleonDynamite
2026-02-08 21:38:20,602 : INFO : Machine : Platform: darwin
2026-02-08 21:38:20,602 : INFO : Machine : Python executable location: /Library/Frameworks/Python.framework/Versions/3.13/bin/python3.13
2026-02-08 21:38:20,602 : INFO : Machine : Python version: 3.13.12 (64-bit)
2026-02-08 21:38:20,602 : INFO : Machine : Initializing MPF...
2026-02-08 21:38:20,636 : INFO : EventManager : Event: ======'machine_var_credits_string'====== Args={'value': 'FREE PLAY', 'prev_value': None, 'change': True}
2026-02-08 21:38:20,642 : INFO : EventManager : Event: ======'machine_var_master_volume'====== Args={'value': 0.5, 'prev_value': None, 'change': True}
2026-02-08 21:38:20,642 : INFO : EventManager : Event: ======'machine_var_mpf_version'====== Args={'value': 'Mission Pinball Framework v0.80.0.dev12', 'prev_value': None, 'change': True}
2026-02-08 21:38:20,642 : INFO : EventManager : Event: ======'machine_var_mpf_extended_version'====== Args={'value': 'Mission Pinball Framework v0.80.0.dev12, Config version:6, Show version: 6, BCP version:1.1', 'prev_value': None, 'change': True}
2026-02-08 21:38:20,643 : INFO : EventManager : Event: ======'machine_var_python_version'====== Args={'value': '3.13.12', 'prev_value': None, 'change': True}
2026-02-08 21:38:20,651 : INFO : EventManager : Event: ======'machine_var_platform'====== Args={'value': 'macOS-26.2-arm64-arm-64bit-Mach-O', 'prev_value': None, 'change': True}
2026-02-08 21:38:20,651 : INFO : EventManager : Event: ======'machine_var_platform_system'====== Args={'value': 'Darwin', 'prev_value': None, 'change': True}
2026-02-08 21:38:20,651 : INFO : EventManager : Event: ======'machine_var_platform_release'====== Args={'value': '25.2.0', 'prev_value': None, 'change': True}
2026-02-08 21:38:20,651 : INFO : EventManager : Event: ======'machine_var_platform_version'====== Args={'value': 'Darwin Kernel Version 25.2.0: Tue Nov 18 21:07:05 PST 2025; root:xnu-12377.61.12~1/RELEASE_ARM64_T6020', 'prev_value': None, 'change': True}
2026-02-08 21:38:20,651 : INFO : EventManager : Event: ======'machine_var_platform_machine'====== Args={'value': 'arm64', 'prev_value': None, 'change': True}
2026-02-08 21:38:20,651 : INFO : EventManager : Event: ======'machine_var_log_file_path'====== Args={'value': '/Users/andre/NapoleonDynamite/logs/2026-02-08-21-38-20-mpf-ANDREs-MacBook-Pro-2.local.log', 'prev_value': None, 'change': True}
2026-02-08 21:38:20,651 : INFO : EventManager : Event: ======'init_phase_1'====== Args={}
2026-02-08 21:38:20,658 : INFO : EventManager : Event: ======'init_phase_2'====== Args={}
2026-02-08 21:38:20,659 : INFO : EventManager : Event: ======'bcp_connection_attempt'====== Args={'name': 'local_display', 'host': 'localhost', 'port': 5050}
2026-02-08 21:38:20,659 : INFO : BCPClientSocket : Connecting BCP to 'local_display' at localhost:5050...
2026-02-08 21:38:20,662 : INFO : BCPClientSocket : Connected BCP to 'local_display' localhost:5050
2026-02-08 21:38:20,662 : INFO : EventManager : Event: ======'bcp_clients_connected'====== Args={}
2026-02-08 21:38:20,663 : INFO : ball_device.bd_plunger : BCH: Initial count: 0
2026-02-08 21:38:20,663 : INFO : ball_device.bd_plunger : State: idle
2026-02-08 21:38:20,663 : INFO : ball_device.bd_trough : BCH: Initial count: 0
2026-02-08 21:38:20,663 : INFO : ball_device.bd_trough : State: idle
2026-02-08 21:38:20,665 : INFO : EventManager : Event: ======'init_phase_3'====== Args={}
2026-02-08 21:38:20,665 : INFO : EventManager : Event: ======'init_phase_4'====== Args={}
2026-02-08 21:38:20,666 : INFO : BallController : Initial balls found: 0
2026-02-08 21:38:20,666 : INFO : EventManager : Event: ======'machine_var_audits_switches_s_trough_6'====== Args={'value': 0, 'prev_value': None, 'change': True}
2026-02-08 21:38:20,666 : INFO : EventManager : Event: ======'machine_var_audits_switches_s_trough_4'====== Args={'value': 0, 'prev_value': None, 'change': True}
2026-02-08 21:38:20,666 : INFO : EventManager : Event: ======'machine_var_audits_switches_s_flipper_right'====== Args={'value': 0, 'prev_value': None, 'change': True}
2026-02-08 21:38:20,666 : INFO : EventManager : Event: ======'machine_var_audits_switches_s_plunger_lane'====== Args={'value': 0, 'prev_value': None, 'change': True}
2026-02-08 21:38:20,666 : INFO : EventManager : Event: ======'machine_var_audits_switches_s_trough_2'====== Args={'value': 0, 'prev_value': None, 'change': True}
2026-02-08 21:38:20,666 : INFO : EventManager : Event: ======'machine_var_audits_switches_s_trough_5'====== Args={'value': 0, 'prev_value': None, 'change': True}
2026-02-08 21:38:20,666 : INFO : EventManager : Event: ======'machine_var_audits_switches_s_trough_3'====== Args={'value': 0, 'prev_value': None, 'change': True}
2026-02-08 21:38:20,666 : INFO : EventManager : Event: ======'machine_var_audits_switches_s_trough_1'====== Args={'value': 0, 'prev_value': None, 'change': True}
2026-02-08 21:38:20,666 : INFO : EventManager : Event: ======'machine_var_audits_switches_s_flipper_left'====== Args={'value': 0, 'prev_value': None, 'change': True}
2026-02-08 21:38:20,666 : INFO : EventManager : Event: ======'machine_var_audits_events_game_started'====== Args={'value': 0, 'prev_value': None, 'change': True}
2026-02-08 21:38:20,666 : INFO : EventManager : Event: ======'machine_var_audits_events_game_ended'====== Args={'value': 0, 'prev_value': None, 'change': True}
2026-02-08 21:38:20,666 : INFO : EventManager : Event: ======'machine_var_audits_player_score'====== Args={'value': {'top': [], 'average': 0, 'total': 0}, 'prev_value': None, 'change': True}
2026-02-08 21:38:20,666 : INFO : EventManager : Event: ======'init_phase_5'====== Args={}
2026-02-08 21:38:20,666 : INFO : EventManager : Event: ======'init_done'====== Args={}
2026-02-08 21:38:20,666 : INFO : EventManager : Event: ======'machine_reset_phase_1'====== Args={}
2026-02-08 21:38:20,667 : INFO : EventManager : Event: ======'machine_reset_phase_2'====== Args={}
2026-02-08 21:38:20,668 : INFO : EventManager : Event: ======'machine_reset_phase_3'====== Args={}
2026-02-08 21:38:20,668 : INFO : EventManager : Event: ======'reset_complete'====== Args={}
2026-02-08 21:38:20,668 : INFO : EventManager : Event: ======'mode_attract_will_start'====== Args={}
2026-02-08 21:38:20,668 : INFO : EventManager : Event: ======'mode_attract_starting'====== Args={}
2026-02-08 21:38:20,668 : INFO : Mode.attract : Started. Priority: 10
2026-02-08 21:38:20,668 : INFO : EventManager : Event: ======'modes_active_modes_changed'====== Args={}
2026-02-08 21:38:20,668 : INFO : EventManager : Event: ======'mode_attract_started'====== Args={}
2026-02-08 21:38:20,669 : INFO : EventManager : Event: ======'collecting_balls_complete'====== Args={}
2026-02-08 21:38:20,669 : INFO : EventManager : Event: ======'carousel_item_highlighted'====== Args={'carousel': 'attract', 'direction': None, 'item': 'title'}
2026-02-08 21:38:20,669 : INFO : Machine : Starting the main run loop with active modes: [<Mode.attract>]
2026-02-08 21:38:20,816 : INFO : EventManager : Event: ======'slide_attract_created'====== Args={'_from_bcp': True}
2026-02-08 21:38:20,816 : INFO : EventManager : Event: ======'slide__removed'====== Args={'_from_bcp': True}
2026-02-08 21:38:20,816 : INFO : EventManager : Event: ======'slide_attract_active'====== Args={'original_context': 'attract', 'original_calling_context': 'mode_attract_started', 'priority': 10.0, 'cmd': 'slides_play', '_from_bcp': True}
2026-02-08 21:38:23,660 : INFO : SwitchController : <<<<<<< 's_flipper_right' active >>>>>>>
2026-02-08 21:38:23,661 : INFO : EventManager : Event: ======'s_flipper_right_active'====== Args={}
2026-02-08 21:38:23,661 : INFO : EventManager : Event: ======'carousel_item_highlighted'====== Args={'carousel': 'attract', 'direction': 'forwards', 'item': 'credits'}
2026-02-08 21:38:23,792 : INFO : SwitchController : <<<<<<< 's_flipper_right' inactive >>>>>>>
2026-02-08 21:38:24,242 : INFO : SwitchController : <<<<<<< 's_flipper_right' active >>>>>>>
2026-02-08 21:38:24,243 : INFO : EventManager : Event: ======'s_flipper_right_active'====== Args={}
2026-02-08 21:38:24,244 : INFO : EventManager : Event: ======'carousel_item_highlighted'====== Args={'carousel': 'attract', 'direction': 'forwards', 'item': 'title'}
2026-02-08 21:38:24,343 : INFO : SwitchController : <<<<<<< 's_flipper_right' inactive >>>>>>>
2026-02-08 21:38:25,069 : INFO : SwitchController : <<<<<<< 's_flipper_right' active >>>>>>>
2026-02-08 21:38:25,069 : INFO : EventManager : Event: ======'s_flipper_right_active'====== Args={}
2026-02-08 21:38:25,069 : INFO : EventManager : Event: ======'carousel_item_highlighted'====== Args={'carousel': 'attract', 'direction': 'forwards', 'item': 'credits'}
2026-02-08 21:38:25,159 : INFO : SwitchController : <<<<<<< 's_flipper_right' inactive >>>>>>>
2026-02-08 21:38:25,534 : INFO : SwitchController : <<<<<<< 's_flipper_right' active >>>>>>>
2026-02-08 21:38:25,535 : INFO : EventManager : Event: ======'s_flipper_right_active'====== Args={}
2026-02-08 21:38:25,535 : INFO : EventManager : Event: ======'carousel_item_highlighted'====== Args={'carousel': 'attract', 'direction': 'forwards', 'item': 'title'}
2026-02-08 21:38:25,667 : INFO : SwitchController : <<<<<<< 's_flipper_right' inactive >>>>>>>
2026-02-08 21:38:26,235 : INFO : SwitchController : <<<<<<< 's_flipper_right' active >>>>>>>
2026-02-08 21:38:26,235 : INFO : EventManager : Event: ======'s_flipper_right_active'====== Args={}
2026-02-08 21:38:26,235 : INFO : EventManager : Event: ======'carousel_item_highlighted'====== Args={'carousel': 'attract', 'direction': 'forwards', 'item': 'credits'}
2026-02-08 21:38:26,359 : INFO : SwitchController : <<<<<<< 's_flipper_right' inactive >>>>>>>
2026-02-08 21:38:26,668 : INFO : SwitchController : <<<<<<< 's_flipper_right' active >>>>>>>
2026-02-08 21:38:26,668 : INFO : EventManager : Event: ======'s_flipper_right_active'====== Args={}
2026-02-08 21:38:26,669 : INFO : EventManager : Event: ======'carousel_item_highlighted'====== Args={'carousel': 'attract', 'direction': 'forwards', 'item': 'title'}
2026-02-08 21:38:26,817 : INFO : SwitchController : <<<<<<< 's_flipper_right' inactive >>>>>>>
2026-02-08 21:38:27,401 : INFO : SwitchController : <<<<<<< 's_flipper_right' active >>>>>>>
2026-02-08 21:38:27,402 : INFO : EventManager : Event: ======'s_flipper_right_active'====== Args={}
2026-02-08 21:38:27,402 : INFO : EventManager : Event: ======'carousel_item_highlighted'====== Args={'carousel': 'attract', 'direction': 'forwards', 'item': 'credits'}
2026-02-08 21:38:27,551 : INFO : SwitchController : <<<<<<< 's_flipper_right' inactive >>>>>>>
2026-02-08 21:38:28,034 : INFO : SwitchController : <<<<<<< 's_flipper_right' active >>>>>>>
2026-02-08 21:38:28,034 : INFO : EventManager : Event: ======'s_flipper_right_active'====== Args={}
2026-02-08 21:38:28,035 : INFO : EventManager : Event: ======'carousel_item_highlighted'====== Args={'carousel': 'attract', 'direction': 'forwards', 'item': 'title'}
2026-02-08 21:38:28,201 : INFO : SwitchController : <<<<<<< 's_flipper_right' inactive >>>>>>>
2026-02-08 21:38:28,643 : INFO : SwitchController : <<<<<<< 's_flipper_left' active >>>>>>>
2026-02-08 21:38:28,643 : INFO : EventManager : Event: ======'s_flipper_left_active'====== Args={}
2026-02-08 21:38:28,644 : INFO : EventManager : Event: ======'carousel_item_highlighted'====== Args={'carousel': 'attract', 'direction': 'backwards', 'item': 'credits'}
2026-02-08 21:38:28,801 : INFO : SwitchController : <<<<<<< 's_flipper_left' inactive >>>>>>>
2026-02-08 21:38:29,084 : INFO : SwitchController : <<<<<<< 's_flipper_left' active >>>>>>>
2026-02-08 21:38:29,085 : INFO : EventManager : Event: ======'s_flipper_left_active'====== Args={}
2026-02-08 21:38:29,085 : INFO : EventManager : Event: ======'carousel_item_highlighted'====== Args={'carousel': 'attract', 'direction': 'backwards', 'item': 'title'}
2026-02-08 21:38:29,217 : INFO : SwitchController : <<<<<<< 's_flipper_left' inactive >>>>>>>
2026-02-08 21:38:29,509 : INFO : SwitchController : <<<<<<< 's_flipper_right' active >>>>>>>
2026-02-08 21:38:29,509 : INFO : EventManager : Event: ======'s_flipper_right_active'====== Args={}
2026-02-08 21:38:29,509 : INFO : EventManager : Event: ======'carousel_item_highlighted'====== Args={'carousel': 'attract', 'direction': 'forwards', 'item': 'credits'}
2026-02-08 21:38:29,584 : INFO : SwitchController : <<<<<<< 's_flipper_right' inactive >>>>>>>
2026-02-08 21:38:29,727 : INFO : SwitchController : <<<<<<< 's_flipper_right' active >>>>>>>
2026-02-08 21:38:29,727 : INFO : EventManager : Event: ======'s_flipper_right_active'====== Args={}
2026-02-08 21:38:29,728 : INFO : EventManager : Event: ======'carousel_item_highlighted'====== Args={'carousel': 'attract', 'direction': 'forwards', 'item': 'title'}
2026-02-08 21:38:29,842 : INFO : SwitchController : <<<<<<< 's_flipper_right' inactive >>>>>>>
2026-02-08 21:38:30,334 : INFO : SwitchController : <<<<<<< 's_flipper_left' active >>>>>>>
2026-02-08 21:38:30,334 : INFO : EventManager : Event: ======'s_flipper_left_active'====== Args={}
2026-02-08 21:38:30,335 : INFO : EventManager : Event: ======'carousel_item_highlighted'====== Args={'carousel': 'attract', 'direction': 'backwards', 'item': 'credits'}
2026-02-08 21:38:30,476 : INFO : SwitchController : <<<<<<< 's_flipper_left' inactive >>>>>>>
2026-02-08 21:38:30,892 : INFO : SwitchController : <<<<<<< 's_flipper_left' active >>>>>>>
2026-02-08 21:38:30,892 : INFO : EventManager : Event: ======'s_flipper_left_active'====== Args={}
2026-02-08 21:38:30,892 : INFO : EventManager : Event: ======'carousel_item_highlighted'====== Args={'carousel': 'attract', 'direction': 'backwards', 'item': 'title'}
2026-02-08 21:38:31,051 : INFO : SwitchController : <<<<<<< 's_flipper_left' inactive >>>>>>>
2026-02-08 21:38:31,376 : INFO : SwitchController : <<<<<<< 's_flipper_right' active >>>>>>>
2026-02-08 21:38:31,376 : INFO : EventManager : Event: ======'s_flipper_right_active'====== Args={}
2026-02-08 21:38:31,377 : INFO : EventManager : Event: ======'carousel_item_highlighted'====== Args={'carousel': 'attract', 'direction': 'forwards', 'item': 'credits'}
2026-02-08 21:38:31,468 : INFO : SwitchController : <<<<<<< 's_flipper_right' inactive >>>>>>>
2026-02-08 21:38:32,427 : INFO : SwitchController : <<<<<<< 's_flipper_right' active >>>>>>>
2026-02-08 21:38:32,428 : INFO : EventManager : Event: ======'s_flipper_right_active'====== Args={}
2026-02-08 21:38:32,428 : INFO : EventManager : Event: ======'carousel_item_highlighted'====== Args={'carousel': 'attract', 'direction': 'forwards', 'item': 'title'}
2026-02-08 21:38:32,577 : INFO : SwitchController : <<<<<<< 's_flipper_right' inactive >>>>>>>
2026-02-08 21:38:33,377 : INFO : SwitchController : <<<<<<< 's_flipper_left' active >>>>>>>
2026-02-08 21:38:33,378 : INFO : EventManager : Event: ======'s_flipper_left_active'====== Args={}
2026-02-08 21:38:33,378 : INFO : EventManager : Event: ======'carousel_item_highlighted'====== Args={'carousel': 'attract', 'direction': 'backwards', 'item': 'credits'}
2026-02-08 21:38:33,452 : INFO : SwitchController : <<<<<<< 's_flipper_left' inactive >>>>>>>
2026-02-08 21:38:33,577 : INFO : SwitchController : <<<<<<< 's_flipper_left' active >>>>>>>
2026-02-08 21:38:33,578 : INFO : EventManager : Event: ======'s_flipper_left_active'====== Args={}
2026-02-08 21:38:33,578 : INFO : EventManager : Event: ======'carousel_item_highlighted'====== Args={'carousel': 'attract', 'direction': 'backwards', 'item': 'title'}
2026-02-08 21:38:33,726 : INFO : SwitchController : <<<<<<< 's_flipper_left' inactive >>>>>>>
2026-02-08 21:38:35,667 : INFO : SwitchController : <<<<<<< 's_flipper_right' active >>>>>>>
2026-02-08 21:38:35,668 : INFO : EventManager : Event: ======'s_flipper_right_active'====== Args={}
2026-02-08 21:38:35,668 : INFO : EventManager : Event: ======'carousel_item_highlighted'====== Args={'carousel': 'attract', 'direction': 'forwards', 'item': 'credits'}
2026-02-08 21:38:35,775 : INFO : SwitchController : <<<<<<< 's_flipper_right' inactive >>>>>>>
2026-02-08 21:38:35,951 : INFO : SwitchController : <<<<<<< 's_flipper_right' active >>>>>>>
2026-02-08 21:38:35,951 : INFO : EventManager : Event: ======'s_flipper_right_active'====== Args={}
2026-02-08 21:38:35,952 : INFO : EventManager : Event: ======'carousel_item_highlighted'====== Args={'carousel': 'attract', 'direction': 'forwards', 'item': 'title'}
2026-02-08 21:38:36,068 : INFO : SwitchController : <<<<<<< 's_flipper_right' inactive >>>>>>>
2026-02-08 21:38:36,525 : INFO : SwitchController : <<<<<<< 's_flipper_left' active >>>>>>>
2026-02-08 21:38:36,526 : INFO : EventManager : Event: ======'s_flipper_left_active'====== Args={}
2026-02-08 21:38:36,526 : INFO : EventManager : Event: ======'carousel_item_highlighted'====== Args={'carousel': 'attract', 'direction': 'backwards', 'item': 'credits'}
2026-02-08 21:38:36,668 : INFO : SwitchController : <<<<<<< 's_flipper_left' inactive >>>>>>>
2026-02-08 21:38:36,943 : INFO : SwitchController : <<<<<<< 's_flipper_left' active >>>>>>>
2026-02-08 21:38:36,943 : INFO : EventManager : Event: ======'s_flipper_left_active'====== Args={}
2026-02-08 21:38:36,944 : INFO : EventManager : Event: ======'carousel_item_highlighted'====== Args={'carousel': 'attract', 'direction': 'backwards', 'item': 'title'}
2026-02-08 21:38:37,110 : INFO : SwitchController : <<<<<<< 's_flipper_left' inactive >>>>>>>
2026-02-08 21:38:37,509 : INFO : SwitchController : <<<<<<< 's_flipper_right' active >>>>>>>
2026-02-08 21:38:37,510 : INFO : EventManager : Event: ======'s_flipper_right_active'====== Args={}
2026-02-08 21:38:37,510 : INFO : EventManager : Event: ======'carousel_item_highlighted'====== Args={'carousel': 'attract', 'direction': 'forwards', 'item': 'credits'}
2026-02-08 21:38:37,576 : INFO : SwitchController : <<<<<<< 's_flipper_right' inactive >>>>>>>
2026-02-08 21:38:37,717 : INFO : SwitchController : <<<<<<< 's_flipper_right' active >>>>>>>
2026-02-08 21:38:37,718 : INFO : EventManager : Event: ======'s_flipper_right_active'====== Args={}
2026-02-08 21:38:37,718 : INFO : EventManager : Event: ======'carousel_item_highlighted'====== Args={'carousel': 'attract', 'direction': 'forwards', 'item': 'title'}
2026-02-08 21:38:37,834 : INFO : SwitchController : <<<<<<< 's_flipper_right' inactive >>>>>>>
2026-02-08 21:39:10,077 : INFO : Machine : Shutting down...
2026-02-08 21:39:10,077 : INFO : EventManager : Event: ======'shutdown'====== Args={}
2026-02-08 21:39:10,081 : INFO : root : MPF run loop ended.
