2026-03-01 16:02:32,955 : INFO : root : Loading config.
2026-03-01 16:02:33,334 : INFO : ConfigProcessor : Config spec file cache created: /var/folders/1s/015t8n3n70gcr2ch4xflj4yr0000gn/T/config_spec.mpf_cache
2026-03-01 16:02:33,334 : INFO : YamlMultifileConfigLoader : Machine config file #1: config.yaml
2026-03-01 16:02:33,335 : INFO : ConfigProcessor : Loading config from cache: /var/folders/1s/015t8n3n70gcr2ch4xflj4yr0000gn/T/954ddabc670342668a09b03520c7eb79.mpf_cache
2026-03-01 16:02:33,426 : INFO : ConfigProcessor : Loading config from cache: /var/folders/1s/015t8n3n70gcr2ch4xflj4yr0000gn/T/64218df07edc412f774c53ffb33c812d.mpf_cache
2026-03-01 16:02:33,427 : INFO : ConfigProcessor : Loading config from cache: /var/folders/1s/015t8n3n70gcr2ch4xflj4yr0000gn/T/767518d75df2d86a4d35c1fb94c70abd.mpf_cache
2026-03-01 16:02:33,428 : INFO : ConfigProcessor : Loading config from cache: /var/folders/1s/015t8n3n70gcr2ch4xflj4yr0000gn/T/64218df07edc412f774c53ffb33c812d.mpf_cache
2026-03-01 16:02:33,428 : INFO : ConfigProcessor : Loading config from cache: /var/folders/1s/015t8n3n70gcr2ch4xflj4yr0000gn/T/73548cb541cc3751ae5711fe0817282a.mpf_cache
2026-03-01 16:02:33,429 : INFO : ConfigProcessor : Loading config from cache: /var/folders/1s/015t8n3n70gcr2ch4xflj4yr0000gn/T/57f006170cd447d443f971cd8b826597.mpf_cache
2026-03-01 16:02:33,430 : INFO : ConfigProcessor : Loading config from cache: /var/folders/1s/015t8n3n70gcr2ch4xflj4yr0000gn/T/adb0ea3e4ccf2dafa758999a39c1d676.mpf_cache
2026-03-01 16:02:33,430 : INFO : Machine : Mission Pinball Framework Core Engine v0.80.0.dev13
2026-03-01 16:02:33,430 : INFO : Machine : Command line arguments: {'no_load_cache': False, 'create_config_cache': True, 'bcp': True, 'configfile': ['config.yaml'], 'force_assets_load': False, 'platform_integration_test': False, 'jsonlogging': False, 'logfile': 'logs/2026-03-01-16-02-32-mpf-ANDREs-Mac-mini.local.log', 'pause': False, 'production': False, 'text_ui': True, 'loglevel': 15, 'consoleloglevel': 20, 'force_platform': None, 'syslog_address': None, 'full_logfile_path': '/Users/pinball/NapoleonDynamite/logs/2026-03-01-16-02-32-mpf-ANDREs-Mac-mini.local.log'}
2026-03-01 16:02:33,431 : INFO : Machine : MPF path: /Users/pinball/mpf/lib/python3.14/site-packages/mpf
2026-03-01 16:02:33,431 : INFO : Machine : Machine path: /Users/pinball/NapoleonDynamite
2026-03-01 16:02:33,431 : INFO : Machine : Platform: darwin
2026-03-01 16:02:33,431 : INFO : Machine : Python executable location: /Users/pinball/mpf/bin/python3.14
2026-03-01 16:02:33,431 : INFO : Machine : Python version: 3.14.3 (64-bit)
2026-03-01 16:02:33,433 : INFO : Machine : Initializing MPF...
2026-03-01 16:02:33,582 : INFO : FAST : Auto-detecting ports for the following connections: ['net', 'exp']
2026-03-01 16:02:33,609 : INFO : FAST : Detected NET on port /dev/cu.usbmodem14101
2026-03-01 16:02:33,618 : INFO : FAST : Detected EXP on port /dev/cu.usbmodem14103
2026-03-01 16:02:33,722 : INFO : FAST [NET] : Trying to connect to /dev/cu.usbmodem14101 at 921600bps
2026-03-01 16:02:33,727 : INFO : FAST [NET] : Connected to /dev/cu.usbmodem14101 at 921600bps
2026-03-01 16:02:33,730 : INFO : FAST [NET] : Connected to FP-CPU-2000 with firmware v02.26
2026-03-01 16:02:33,732 : INFO : FAST [NET] : Registered I/O Board 0: Model: FP-I/O-0024, Firmware: 01.10, Switches: 24, Drivers: 8
2026-03-01 16:02:33,734 : INFO : FAST [NET] : Registered I/O Board 1: Model: FP-I/O-3208, Firmware: 01.10, Switches: 32, Drivers: 8
2026-03-01 16:02:33,735 : INFO : FAST [NET] : Registered I/O Board 2: Model: FP-I/O-0804, Firmware: 01.10, Switches: 8, Drivers: 4
2026-03-01 16:02:33,737 : INFO : FAST [EXP] : Trying to connect to /dev/cu.usbmodem14103 at 921600bps
2026-03-01 16:02:33,742 : INFO : FAST [EXP] : Connected to /dev/cu.usbmodem14103 at 921600bps
2026-03-01 16:02:33,743 : INFO : FAST [EXP] : Verifying hardware for EXP "neuron" (FP-EXP-2000, @48) with ID string "EXP FP-EXP-2000  0.34", board address 48
2026-03-01 16:02:33,745 : INFO : FAST [EXP] : Verifying hardware for EXP "neuron" (FP-EXP-2000, @48) with ID string "LED FP-BRK-0001  0.8", board address 480
2026-03-01 16:02:33,746 : INFO : EventManager : Event: ======'machine_var_credits_string'====== Args={'value': 'FREE PLAY', 'prev_value': None, 'change': True}
2026-03-01 16:02:33,768 : INFO : EventManager : Event: ======'machine_var_master_volume'====== Args={'value': 0.5, 'prev_value': None, 'change': True}
2026-03-01 16:02:33,768 : INFO : EventManager : Event: ======'machine_var_mpf_version'====== Args={'value': 'Mission Pinball Framework v0.80.0.dev13', 'prev_value': None, 'change': True}
2026-03-01 16:02:33,769 : INFO : EventManager : Event: ======'machine_var_mpf_extended_version'====== Args={'value': 'Mission Pinball Framework v0.80.0.dev13, Config version:6, Show version: 6, BCP version:1.1', 'prev_value': None, 'change': True}
2026-03-01 16:02:33,769 : INFO : EventManager : Event: ======'machine_var_python_version'====== Args={'value': '3.14.3', 'prev_value': None, 'change': True}
2026-03-01 16:02:33,801 : INFO : EventManager : Event: ======'machine_var_platform'====== Args={'value': 'macOS-14.8.4-x86_64-i386-64bit-Mach-O', 'prev_value': None, 'change': True}
2026-03-01 16:02:33,802 : INFO : EventManager : Event: ======'machine_var_platform_system'====== Args={'value': 'Darwin', 'prev_value': None, 'change': True}
2026-03-01 16:02:33,802 : INFO : EventManager : Event: ======'machine_var_platform_release'====== Args={'value': '23.6.0', 'prev_value': None, 'change': True}
2026-03-01 16:02:33,802 : INFO : EventManager : Event: ======'machine_var_platform_version'====== Args={'value': 'Darwin Kernel Version 23.6.0: Mon Jan 19 22:02:22 PST 2026; root:xnu-10063.141.1.710.3~1/RELEASE_X86_64', 'prev_value': None, 'change': True}
2026-03-01 16:02:33,802 : INFO : EventManager : Event: ======'machine_var_platform_machine'====== Args={'value': 'x86_64', 'prev_value': None, 'change': True}
2026-03-01 16:02:33,802 : INFO : EventManager : Event: ======'machine_var_log_file_path'====== Args={'value': '/Users/pinball/NapoleonDynamite/logs/2026-03-01-16-02-32-mpf-ANDREs-Mac-mini.local.log', 'prev_value': None, 'change': True}
2026-03-01 16:02:33,802 : INFO : EventManager : Event: ======'init_phase_1'====== Args={}
2026-03-01 16:02:33,988 : INFO : SwitchController : <<<<<<< 's_flipper_left_eos' active >>>>>>>
2026-03-01 16:02:33,988 : INFO : SwitchController : <<<<<<< 's_flipper_right_lower_eos' active >>>>>>>
2026-03-01 16:02:33,988 : INFO : SwitchController : <<<<<<< 's_trough_7' active >>>>>>>
2026-03-01 16:02:33,988 : INFO : SwitchController : <<<<<<< 's_inlane_right_2' active >>>>>>>
2026-03-01 16:02:33,988 : INFO : SwitchController : <<<<<<< 's_inlane_left' active >>>>>>>
2026-03-01 16:02:34,020 : INFO : EventManager : Event: ======'init_phase_2'====== Args={}
2026-03-01 16:02:34,020 : INFO : SwitchController : Found active switch: (37, [FAST Platform Interface]) <switch.s_flipper_left_eos>
2026-03-01 16:02:34,020 : INFO : SwitchController : Found active switch: (32, [FAST Platform Interface]) <switch.s_flipper_right_lower_eos>
2026-03-01 16:02:34,020 : INFO : SwitchController : Found active switch: (30, [FAST Platform Interface]) <switch.s_trough_7>
2026-03-01 16:02:34,020 : INFO : SwitchController : Found active switch: (36, [FAST Platform Interface]) <switch.s_inlane_right_2>
2026-03-01 16:02:34,020 : INFO : SwitchController : Found active switch: (39, [FAST Platform Interface]) <switch.s_inlane_left>
2026-03-01 16:02:34,026 : INFO : EventManager : Event: ======'bcp_connection_attempt'====== Args={'name': 'local_display', 'host': 'localhost', 'port': 5050}
2026-03-01 16:02:34,028 : INFO : BCPClientSocket : Connecting BCP to 'local_display' at localhost:5050...
2026-03-01 16:02:34,038 : INFO : BCPClientSocket : Connected BCP to 'local_display' localhost:5050
2026-03-01 16:02:34,039 : INFO : EventManager : Event: ======'bcp_clients_connected'====== Args={}
2026-03-01 16:02:34,490 : INFO : ball_device.bd_trough : BCH: Initial count: 1
2026-03-01 16:02:34,490 : INFO : ball_device.bd_trough : State: idle
2026-03-01 16:02:34,491 : INFO : ball_device.bd_plunger : BCH: Initial count: 0
2026-03-01 16:02:34,491 : INFO : ball_device.bd_plunger : State: idle
2026-03-01 16:02:34,506 : INFO : EventManager : Event: ======'init_phase_3'====== Args={}
2026-03-01 16:02:34,509 : INFO : EventManager : Event: ======'init_phase_4'====== Args={}
2026-03-01 16:02:34,509 : INFO : BallController : Initial balls found: 1
2026-03-01 16:02:34,511 : INFO : EventManager : Event: ======'machine_var_audits_events_game_ended'====== Args={'value': 0, 'prev_value': None, 'change': True}
2026-03-01 16:02:34,511 : INFO : EventManager : Event: ======'machine_var_audits_events_game_started'====== Args={'value': 38, 'prev_value': None, 'change': True}
2026-03-01 16:02:34,511 : INFO : EventManager : Event: ======'machine_var_audits_missing_switches_s_bumper_lower'====== Args={'value': 28, 'prev_value': None, 'change': True}
2026-03-01 16:02:34,511 : INFO : EventManager : Event: ======'machine_var_audits_missing_switches_s_bumper_upper'====== Args={'value': 29, 'prev_value': None, 'change': True}
2026-03-01 16:02:34,511 : INFO : EventManager : Event: ======'machine_var_audits_missing_switches_s_flipper_left'====== Args={'value': 1, 'prev_value': None, 'change': True}
2026-03-01 16:02:34,511 : INFO : EventManager : Event: ======'machine_var_audits_missing_switches_s_flipper_left_eos'====== Args={'value': 7, 'prev_value': None, 'change': True}
2026-03-01 16:02:34,511 : INFO : EventManager : Event: ======'machine_var_audits_missing_switches_s_flipper_right_lower_eos'====== Args={'value': 6, 'prev_value': None, 'change': True}
2026-03-01 16:02:34,511 : INFO : EventManager : Event: ======'machine_var_audits_missing_switches_s_flipper_right_upper_eos'====== Args={'value': 24, 'prev_value': None, 'change': True}
2026-03-01 16:02:34,511 : INFO : EventManager : Event: ======'machine_var_audits_missing_switches_s_inlane_left'====== Args={'value': 29, 'prev_value': None, 'change': True}
2026-03-01 16:02:34,511 : INFO : EventManager : Event: ======'machine_var_audits_missing_switches_s_inlane_right_1'====== Args={'value': 11, 'prev_value': None, 'change': True}
2026-03-01 16:02:34,511 : INFO : EventManager : Event: ======'machine_var_audits_missing_switches_s_inlane_right_2'====== Args={'value': 29, 'prev_value': None, 'change': True}
2026-03-01 16:02:34,512 : INFO : EventManager : Event: ======'machine_var_audits_missing_switches_s_scoop_tina'====== Args={'value': 10, 'prev_value': None, 'change': True}
2026-03-01 16:02:34,512 : INFO : EventManager : Event: ======'machine_var_audits_missing_switches_s_sling_left'====== Args={'value': 5, 'prev_value': None, 'change': True}
2026-03-01 16:02:34,512 : INFO : EventManager : Event: ======'machine_var_audits_missing_switches_s_sling_right'====== Args={'value': 1, 'prev_value': None, 'change': True}
2026-03-01 16:02:34,512 : INFO : EventManager : Event: ======'machine_var_audits_missing_switches_s_start'====== Args={'value': 1, 'prev_value': None, 'change': True}
2026-03-01 16:02:34,512 : INFO : EventManager : Event: ======'machine_var_audits_player_score'====== Args={'value': {'average': 0, 'top': [], 'total': 0}, 'prev_value': None, 'change': True}
2026-03-01 16:02:34,512 : INFO : EventManager : Event: ======'machine_var_audits_shots_bumper_lower'====== Args={'value': 76, 'prev_value': None, 'change': True}
2026-03-01 16:02:34,512 : INFO : EventManager : Event: ======'machine_var_audits_shots_bumper_upper'====== Args={'value': 81, 'prev_value': None, 'change': True}
2026-03-01 16:02:34,512 : INFO : EventManager : Event: ======'machine_var_audits_shots_hurryup'====== Args={'value': 3, 'prev_value': None, 'change': True}
2026-03-01 16:02:34,512 : INFO : EventManager : Event: ======'machine_var_audits_shots_inlane_left'====== Args={'value': 17, 'prev_value': None, 'change': True}
2026-03-01 16:02:34,512 : INFO : EventManager : Event: ======'machine_var_audits_shots_left_lane'====== Args={'value': 8, 'prev_value': None, 'change': True}
2026-03-01 16:02:34,512 : INFO : EventManager : Event: ======'machine_var_audits_switches_s_bumper_lower'====== Args={'value': 76, 'prev_value': None, 'change': True}
2026-03-01 16:02:34,512 : INFO : EventManager : Event: ======'machine_var_audits_switches_s_bumper_upper'====== Args={'value': 81, 'prev_value': None, 'change': True}
2026-03-01 16:02:34,512 : INFO : EventManager : Event: ======'machine_var_audits_switches_s_flipper_left'====== Args={'value': 494, 'prev_value': None, 'change': True}
2026-03-01 16:02:34,513 : INFO : EventManager : Event: ======'machine_var_audits_switches_s_flipper_left_eos'====== Args={'value': 182, 'prev_value': None, 'change': True}
2026-03-01 16:02:34,513 : INFO : EventManager : Event: ======'machine_var_audits_switches_s_flipper_right_lower'====== Args={'value': 537, 'prev_value': None, 'change': True}
2026-03-01 16:02:34,513 : INFO : EventManager : Event: ======'machine_var_audits_switches_s_flipper_right_lower_eos'====== Args={'value': 167, 'prev_value': None, 'change': True}
2026-03-01 16:02:34,513 : INFO : EventManager : Event: ======'machine_var_audits_switches_s_flipper_right_upper'====== Args={'value': 552, 'prev_value': None, 'change': True}
2026-03-01 16:02:34,513 : INFO : EventManager : Event: ======'machine_var_audits_switches_s_flipper_right_upper_eos'====== Args={'value': 43, 'prev_value': None, 'change': True}
2026-03-01 16:02:34,513 : INFO : EventManager : Event: ======'machine_var_audits_switches_s_inlane_left'====== Args={'value': 27, 'prev_value': None, 'change': True}
2026-03-01 16:02:34,513 : INFO : EventManager : Event: ======'machine_var_audits_switches_s_inlane_right_1'====== Args={'value': 18, 'prev_value': None, 'change': True}
2026-03-01 16:02:34,513 : INFO : EventManager : Event: ======'machine_var_audits_switches_s_inlane_right_2'====== Args={'value': 3, 'prev_value': None, 'change': True}
2026-03-01 16:02:34,513 : INFO : EventManager : Event: ======'machine_var_audits_switches_s_plunger'====== Args={'value': 24, 'prev_value': None, 'change': True}
2026-03-01 16:02:34,513 : INFO : EventManager : Event: ======'machine_var_audits_switches_s_plunger_lane'====== Args={'value': 29, 'prev_value': None, 'change': True}
2026-03-01 16:02:34,513 : INFO : EventManager : Event: ======'machine_var_audits_switches_s_scoop_tina'====== Args={'value': 11, 'prev_value': None, 'change': True}
2026-03-01 16:02:34,513 : INFO : EventManager : Event: ======'machine_var_audits_switches_s_sling_left'====== Args={'value': 195, 'prev_value': None, 'change': True}
2026-03-01 16:02:34,514 : INFO : EventManager : Event: ======'machine_var_audits_switches_s_sling_right'====== Args={'value': 37, 'prev_value': None, 'change': True}
2026-03-01 16:02:34,514 : INFO : EventManager : Event: ======'machine_var_audits_switches_s_start'====== Args={'value': 37, 'prev_value': None, 'change': True}
2026-03-01 16:02:34,514 : INFO : EventManager : Event: ======'machine_var_audits_switches_s_trough_1'====== Args={'value': 135, 'prev_value': None, 'change': True}
2026-03-01 16:02:34,514 : INFO : EventManager : Event: ======'machine_var_audits_switches_s_trough_2'====== Args={'value': 123, 'prev_value': None, 'change': True}
2026-03-01 16:02:34,514 : INFO : EventManager : Event: ======'machine_var_audits_switches_s_trough_3'====== Args={'value': 149, 'prev_value': None, 'change': True}
2026-03-01 16:02:34,514 : INFO : EventManager : Event: ======'machine_var_audits_switches_s_trough_4'====== Args={'value': 204, 'prev_value': None, 'change': True}
2026-03-01 16:02:34,514 : INFO : EventManager : Event: ======'machine_var_audits_switches_s_trough_5'====== Args={'value': 222, 'prev_value': None, 'change': True}
2026-03-01 16:02:34,514 : INFO : EventManager : Event: ======'machine_var_audits_switches_s_trough_6'====== Args={'value': 218, 'prev_value': None, 'change': True}
2026-03-01 16:02:34,514 : INFO : EventManager : Event: ======'machine_var_audits_switches_s_trough_7'====== Args={'value': 182, 'prev_value': None, 'change': True}
2026-03-01 16:02:34,515 : INFO : EventManager : Event: ======'init_phase_5'====== Args={}
2026-03-01 16:02:34,515 : INFO : ball_device.bd_trough : BCH: Count is unstable. Trying to reorder balls.
2026-03-01 16:02:34,515 : WARNING : ball_device.bd_trough : Cannot reorder device because eject_coil_reorder_pulse is not configured
2026-03-01 16:02:34,515 : INFO : ball_device.bd_trough : BCH: Repulse done. Waiting for balls to settle.
2026-03-01 16:02:34,516 : INFO : ball_device.bd_trough : BCH: Reordered count: 1
2026-03-01 16:02:34,516 : INFO : EventManager : Event: ======'init_done'====== Args={}
2026-03-01 16:02:34,517 : INFO : EventManager : Event: ======'machine_reset_phase_1'====== Args={}
2026-03-01 16:02:34,558 : INFO : EventManager : Event: ======'machine_reset_phase_2'====== Args={}
2026-03-01 16:02:34,558 : INFO : EventManager : Event: ======'machine_reset_phase_3'====== Args={}
2026-03-01 16:02:34,559 : INFO : EventManager : Event: ======'reset_complete'====== Args={}
2026-03-01 16:02:34,559 : INFO : EventManager : Event: ======'mode_attract_will_start'====== Args={}
2026-03-01 16:02:34,559 : INFO : Timer.attract_carousel_timer : Starting Timer.
2026-03-01 16:02:34,559 : INFO : EventManager : Event: ======'timer_attract_carousel_timer_started'====== Args={'ticks': 0, 'ticks_remaining': 1}
2026-03-01 16:02:34,559 : INFO : EventManager : Event: ======'timer_attract_carousel_timer_tick'====== Args={'ticks': 0, 'ticks_remaining': 1}
2026-03-01 16:02:34,560 : INFO : EventManager : Event: ======'mode_attract_starting'====== Args={}
2026-03-01 16:02:34,561 : INFO : Mode.attract : Started. Priority: 10
2026-03-01 16:02:34,561 : INFO : EventManager : Event: ======'modes_active_modes_changed'====== Args={}
2026-03-01 16:02:34,561 : INFO : EventManager : Event: ======'mode_attract_started'====== Args={}
2026-03-01 16:02:34,561 : INFO : EventManager : Event: ======'collecting_balls_complete'====== Args={}
2026-03-01 16:02:34,562 : INFO : EventManager : Event: ======'carousel_item_highlighted'====== Args={'carousel': 'attract', 'direction': None, 'item': 'title'}
2026-03-01 16:02:34,562 : INFO : EventManager : Event: ======'timer_attract_carousel_timer_tick'====== Args={'ticks': 0, 'ticks_remaining': 1}
2026-03-01 16:02:34,563 : INFO : Machine : Starting the main run loop with active modes: [<Mode.attract>]
2026-03-01 16:02:34,735 : INFO : EventManager : Event: ======'slide_attract_created'====== Args={'_from_bcp': True}
2026-03-01 16:02:34,736 : INFO : EventManager : Event: ======'slide__removed'====== Args={'_from_bcp': True}
2026-03-01 16:02:34,736 : INFO : EventManager : Event: ======'slide_attract_active'====== Args={'original_context': 'attract', 'original_calling_context': 'mode_attract_started', 'priority': 10.0, 'cmd': 'slides_play', '_from_bcp': True}
2026-03-01 16:02:39,563 : INFO : Timer.attract_carousel_timer : Timer Complete
2026-03-01 16:02:39,563 : INFO : Timer.attract_carousel_timer : Stopping Timer
2026-03-01 16:02:39,563 : INFO : EventManager : Event: ======'timer_attract_carousel_timer_stopped'====== Args={'ticks': 1, 'ticks_remaining': 1}
2026-03-01 16:02:39,563 : INFO : EventManager : Event: ======'timer_attract_carousel_timer_complete'====== Args={'ticks': 1, 'ticks_remaining': 1}
2026-03-01 16:02:39,563 : INFO : EventManager : Event: ======'carousel_item_highlighted'====== Args={'carousel': 'attract', 'direction': 'forwards', 'item': 'credits'}
2026-03-01 16:02:39,564 : INFO : Timer.attract_carousel_timer : Starting Timer.
2026-03-01 16:02:39,564 : INFO : EventManager : Event: ======'timer_attract_carousel_timer_started'====== Args={'ticks': 0, 'ticks_remaining': 1}
2026-03-01 16:02:39,564 : INFO : EventManager : Event: ======'timer_attract_carousel_timer_tick'====== Args={'ticks': 0, 'ticks_remaining': 1}
2026-03-01 16:02:42,538 : INFO : SwitchController : <<<<<<< 's_plunger' active >>>>>>>
2026-03-01 16:02:43,040 : INFO : EventManager : Event: ======'balldevice_bd_plunger_ball_count_changed'====== Args={'balls': 1}
2026-03-01 16:02:43,040 : INFO : ball_device.bd_plunger : Received unexpected ball
2026-03-01 16:02:43,040 : INFO : EventManager : Event: ======'balldevice_captured_from_playfield'====== Args={'balls': 1}
2026-03-01 16:02:43,041 : INFO : EventManager : Event: ======'sw_playfield_active'====== Args={'balls': 1}
2026-03-01 16:02:43,041 : INFO : EventManager : Event: ======'playfield_active'====== Args={'source': None}
2026-03-01 16:02:43,041 : INFO : EventManager : Event: ======'unexpected_ball_on_playfield'====== Args={}
2026-03-01 16:02:43,041 : INFO : EventManager : Event: ======'playfield_ball_count_change'====== Args={'balls': -1, 'change': -1}
2026-03-01 16:02:43,041 : INFO : EventManager : Event: ======'balldevice_playfield_ball_enter'====== Args={'new_balls': 1, 'unclaimed_balls': 1, 'device': <playfield.playfield>}
2026-03-01 16:02:43,041 : INFO : EventManager : Event: ======'playfield_ball_count_change'====== Args={'balls': 0, 'change': 1}
2026-03-01 16:02:43,041 : INFO : BallController : Found a new ball which was captured from playfield. Known balls: 2
2026-03-01 16:02:43,042 : INFO : EventManager : Event: ======'found_new_ball'====== Args={}
2026-03-01 16:02:43,042 : INFO : EventManager : Event: ======'balldevice_bd_plunger_ball_enter'====== Args={'new_balls': 1, 'unclaimed_balls': 1, 'new_available_balls': 1, 'device': <ball_device.bd_plunger>}
2026-03-01 16:02:43,042 : INFO : ball_device.bd_plunger : Ejecting 1 unexpected balls using path deque([<ball_device.bd_plunger>, <playfield.playfield>])
2026-03-01 16:02:43,042 : INFO : EventManager : Event: ======'balldevice_balls_available'====== Args={}
2026-03-01 16:02:43,042 : INFO : EventManager : Event: ======'balldevice_balls_available'====== Args={}
2026-03-01 16:02:43,042 : INFO : EventManager : Event: ======'balldevice_bd_plunger_ball_entered'====== Args={'new_balls': 1, 'device': <ball_device.bd_plunger>}
2026-03-01 16:02:43,043 : INFO : ball_device.bd_plunger : State: waiting_for_target_ready
2026-03-01 16:02:43,043 : INFO : EventManager : Event: ======'balldevice_bd_plunger_ball_eject_attempt'====== Args={'balls': 1, 'target': <playfield.playfield>, 'source': <ball_device.bd_plunger>, 'mechanical_eject': False, 'num_attempts': 0}
2026-03-01 16:02:43,043 : INFO : ball_device.bd_plunger : State: ejecting
2026-03-01 16:02:43,044 : INFO : ball_device.bd_plunger : Ejecting ball to <playfield.playfield>
2026-03-01 16:02:43,044 : INFO : EventManager : Event: ======'balldevice_bd_plunger_ejecting_ball'====== Args={'balls': 1, 'target': <playfield.playfield>, 'source': <ball_device.bd_plunger>, 'mechanical_eject': False, 'num_attempts': 0}
2026-03-01 16:02:43,044 : INFO : ball_device.bd_plunger : Wait for ball to leave device
2026-03-01 16:02:43,824 : INFO : SwitchController : <<<<<<< 's_plunger' inactive >>>>>>>
2026-03-01 16:02:43,825 : INFO : ball_device.bd_plunger : State: ball_left
2026-03-01 16:02:43,825 : INFO : ball_device.bd_plunger : Ball left
2026-03-01 16:02:43,825 : INFO : ball_device.bd_plunger : Wait for confirm with timeout 10.0
2026-03-01 16:02:44,564 : INFO : Timer.attract_carousel_timer : Timer Complete
2026-03-01 16:02:44,564 : INFO : Timer.attract_carousel_timer : Stopping Timer
2026-03-01 16:02:44,564 : INFO : EventManager : Event: ======'timer_attract_carousel_timer_stopped'====== Args={'ticks': 1, 'ticks_remaining': 1}
2026-03-01 16:02:44,564 : INFO : EventManager : Event: ======'timer_attract_carousel_timer_complete'====== Args={'ticks': 1, 'ticks_remaining': 1}
2026-03-01 16:02:44,565 : INFO : EventManager : Event: ======'carousel_item_highlighted'====== Args={'carousel': 'attract', 'direction': 'forwards', 'item': 'logo'}
2026-03-01 16:02:44,565 : INFO : Timer.attract_carousel_timer : Starting Timer.
2026-03-01 16:02:44,565 : INFO : EventManager : Event: ======'timer_attract_carousel_timer_started'====== Args={'ticks': 0, 'ticks_remaining': 1}
2026-03-01 16:02:44,566 : INFO : EventManager : Event: ======'timer_attract_carousel_timer_tick'====== Args={'ticks': 0, 'ticks_remaining': 1}
2026-03-01 16:02:44,732 : INFO : SwitchController : <<<<<<< 's_flipper_right_lower' active >>>>>>>
2026-03-01 16:02:44,732 : INFO : EventManager : Event: ======'s_flipper_right_lower_active'====== Args={}
2026-03-01 16:02:44,733 : INFO : EventManager : Event: ======'carousel_item_highlighted'====== Args={'carousel': 'attract', 'direction': 'forwards', 'item': 'title'}
2026-03-01 16:02:44,733 : INFO : EventManager : Event: ======'timer_attract_carousel_timer_tick'====== Args={'ticks': 0, 'ticks_remaining': 1}
2026-03-01 16:02:44,735 : INFO : SwitchController : <<<<<<< 's_flipper_right_upper' active >>>>>>>
2026-03-01 16:02:44,837 : INFO : SwitchController : <<<<<<< 's_flipper_right_upper' inactive >>>>>>>
2026-03-01 16:02:44,845 : INFO : SwitchController : <<<<<<< 's_flipper_right_lower' inactive >>>>>>>
2026-03-01 16:02:45,182 : INFO : SwitchController : <<<<<<< 's_flipper_right_lower' active >>>>>>>
2026-03-01 16:02:45,183 : INFO : EventManager : Event: ======'s_flipper_right_lower_active'====== Args={}
2026-03-01 16:02:45,183 : INFO : EventManager : Event: ======'carousel_item_highlighted'====== Args={'carousel': 'attract', 'direction': 'forwards', 'item': 'credits'}
2026-03-01 16:02:45,183 : INFO : EventManager : Event: ======'timer_attract_carousel_timer_tick'====== Args={'ticks': 0, 'ticks_remaining': 1}
2026-03-01 16:02:45,192 : INFO : SwitchController : <<<<<<< 's_flipper_right_upper' active >>>>>>>
2026-03-01 16:02:45,270 : INFO : SwitchController : <<<<<<< 's_flipper_right_upper' inactive >>>>>>>
2026-03-01 16:02:45,278 : INFO : SwitchController : <<<<<<< 's_flipper_right_lower' inactive >>>>>>>
2026-03-01 16:02:45,477 : INFO : SwitchController : <<<<<<< 's_flipper_right_lower' active >>>>>>>
2026-03-01 16:02:45,478 : INFO : EventManager : Event: ======'s_flipper_right_lower_active'====== Args={}
2026-03-01 16:02:45,478 : INFO : EventManager : Event: ======'carousel_item_highlighted'====== Args={'carousel': 'attract', 'direction': 'forwards', 'item': 'logo'}
2026-03-01 16:02:45,478 : INFO : EventManager : Event: ======'timer_attract_carousel_timer_tick'====== Args={'ticks': 0, 'ticks_remaining': 1}
2026-03-01 16:02:45,479 : INFO : SwitchController : <<<<<<< 's_flipper_right_upper' active >>>>>>>
2026-03-01 16:02:45,594 : INFO : SwitchController : <<<<<<< 's_flipper_right_upper' inactive >>>>>>>
2026-03-01 16:02:45,615 : INFO : SwitchController : <<<<<<< 's_flipper_right_lower' inactive >>>>>>>
2026-03-01 16:02:45,713 : INFO : SwitchController : <<<<<<< 's_flipper_right_lower' active >>>>>>>
2026-03-01 16:02:45,713 : INFO : EventManager : Event: ======'s_flipper_right_lower_active'====== Args={}
2026-03-01 16:02:45,713 : INFO : EventManager : Event: ======'carousel_item_highlighted'====== Args={'carousel': 'attract', 'direction': 'forwards', 'item': 'title'}
2026-03-01 16:02:45,714 : INFO : EventManager : Event: ======'timer_attract_carousel_timer_tick'====== Args={'ticks': 0, 'ticks_remaining': 1}
2026-03-01 16:02:45,714 : INFO : SwitchController : <<<<<<< 's_flipper_right_upper' active >>>>>>>
2026-03-01 16:02:45,795 : INFO : SwitchController : <<<<<<< 's_flipper_right_upper' inactive >>>>>>>
2026-03-01 16:02:45,802 : INFO : SwitchController : <<<<<<< 's_flipper_right_lower' inactive >>>>>>>
2026-03-01 16:02:46,727 : INFO : SwitchController : <<<<<<< 's_flipper_left' active >>>>>>>
2026-03-01 16:02:46,727 : INFO : EventManager : Event: ======'s_flipper_left_active'====== Args={}
2026-03-01 16:02:46,728 : INFO : EventManager : Event: ======'carousel_item_highlighted'====== Args={'carousel': 'attract', 'direction': 'backwards', 'item': 'logo'}
2026-03-01 16:02:46,728 : INFO : EventManager : Event: ======'timer_attract_carousel_timer_tick'====== Args={'ticks': 0, 'ticks_remaining': 1}
2026-03-01 16:02:46,812 : INFO : SwitchController : <<<<<<< 's_flipper_left' inactive >>>>>>>
2026-03-01 16:02:46,876 : INFO : SwitchController : <<<<<<< 's_flipper_left' active >>>>>>>
2026-03-01 16:02:46,876 : INFO : EventManager : Event: ======'s_flipper_left_active'====== Args={}
2026-03-01 16:02:46,877 : INFO : EventManager : Event: ======'carousel_item_highlighted'====== Args={'carousel': 'attract', 'direction': 'backwards', 'item': 'credits'}
2026-03-01 16:02:46,877 : INFO : EventManager : Event: ======'timer_attract_carousel_timer_tick'====== Args={'ticks': 0, 'ticks_remaining': 1}
2026-03-01 16:02:46,981 : INFO : SwitchController : <<<<<<< 's_flipper_left' inactive >>>>>>>
2026-03-01 16:02:47,020 : INFO : SwitchController : <<<<<<< 's_flipper_left' active >>>>>>>
2026-03-01 16:02:47,020 : INFO : EventManager : Event: ======'s_flipper_left_active'====== Args={}
2026-03-01 16:02:47,021 : INFO : EventManager : Event: ======'carousel_item_highlighted'====== Args={'carousel': 'attract', 'direction': 'backwards', 'item': 'title'}
2026-03-01 16:02:47,021 : INFO : EventManager : Event: ======'timer_attract_carousel_timer_tick'====== Args={'ticks': 0, 'ticks_remaining': 1}
2026-03-01 16:02:47,120 : INFO : SwitchController : <<<<<<< 's_flipper_left' inactive >>>>>>>
2026-03-01 16:02:47,452 : INFO : SwitchController : <<<<<<< 's_flipper_left' active >>>>>>>
2026-03-01 16:02:47,452 : INFO : EventManager : Event: ======'s_flipper_left_active'====== Args={}
2026-03-01 16:02:47,453 : INFO : EventManager : Event: ======'carousel_item_highlighted'====== Args={'carousel': 'attract', 'direction': 'backwards', 'item': 'logo'}
2026-03-01 16:02:47,453 : INFO : EventManager : Event: ======'timer_attract_carousel_timer_tick'====== Args={'ticks': 0, 'ticks_remaining': 1}
2026-03-01 16:02:47,602 : INFO : SwitchController : <<<<<<< 's_flipper_left' inactive >>>>>>>
2026-03-01 16:02:47,697 : INFO : SwitchController : <<<<<<< 's_flipper_right_lower' active >>>>>>>
2026-03-01 16:02:47,697 : INFO : EventManager : Event: ======'s_flipper_right_lower_active'====== Args={}
2026-03-01 16:02:47,698 : INFO : EventManager : Event: ======'carousel_item_highlighted'====== Args={'carousel': 'attract', 'direction': 'forwards', 'item': 'title'}
2026-03-01 16:02:47,698 : INFO : EventManager : Event: ======'timer_attract_carousel_timer_tick'====== Args={'ticks': 0, 'ticks_remaining': 1}
2026-03-01 16:02:47,700 : INFO : SwitchController : <<<<<<< 's_flipper_right_upper' active >>>>>>>
2026-03-01 16:02:47,786 : INFO : SwitchController : <<<<<<< 's_flipper_right_upper' inactive >>>>>>>
2026-03-01 16:02:47,792 : INFO : SwitchController : <<<<<<< 's_flipper_right_lower' inactive >>>>>>>
2026-03-01 16:02:48,198 : INFO : SwitchController : <<<<<<< 's_flipper_right_lower' active >>>>>>>
2026-03-01 16:02:48,199 : INFO : EventManager : Event: ======'s_flipper_right_lower_active'====== Args={}
2026-03-01 16:02:48,199 : INFO : EventManager : Event: ======'carousel_item_highlighted'====== Args={'carousel': 'attract', 'direction': 'forwards', 'item': 'credits'}
2026-03-01 16:02:48,199 : INFO : EventManager : Event: ======'timer_attract_carousel_timer_tick'====== Args={'ticks': 0, 'ticks_remaining': 1}
2026-03-01 16:02:48,200 : INFO : SwitchController : <<<<<<< 's_flipper_right_upper' active >>>>>>>
2026-03-01 16:02:48,324 : INFO : SwitchController : <<<<<<< 's_flipper_right_upper' inactive >>>>>>>
2026-03-01 16:02:48,334 : INFO : SwitchController : <<<<<<< 's_flipper_right_lower' inactive >>>>>>>
2026-03-01 16:02:48,558 : INFO : SwitchController : <<<<<<< 's_flipper_right_lower' active >>>>>>>
2026-03-01 16:02:48,558 : INFO : EventManager : Event: ======'s_flipper_right_lower_active'====== Args={}
2026-03-01 16:02:48,558 : INFO : SwitchController : <<<<<<< 's_flipper_right_upper' active >>>>>>>
2026-03-01 16:02:48,559 : INFO : EventManager : Event: ======'carousel_item_highlighted'====== Args={'carousel': 'attract', 'direction': 'forwards', 'item': 'logo'}
2026-03-01 16:02:48,559 : INFO : EventManager : Event: ======'timer_attract_carousel_timer_tick'====== Args={'ticks': 0, 'ticks_remaining': 1}
2026-03-01 16:02:48,653 : INFO : SwitchController : <<<<<<< 's_flipper_right_upper' inactive >>>>>>>
2026-03-01 16:02:48,661 : INFO : SwitchController : <<<<<<< 's_flipper_right_lower' inactive >>>>>>>
2026-03-01 16:02:48,908 : INFO : SwitchController : <<<<<<< 's_flipper_right_lower' active >>>>>>>
2026-03-01 16:02:48,909 : INFO : EventManager : Event: ======'s_flipper_right_lower_active'====== Args={}
2026-03-01 16:02:48,909 : INFO : SwitchController : <<<<<<< 's_flipper_right_upper' active >>>>>>>
2026-03-01 16:02:48,909 : INFO : EventManager : Event: ======'carousel_item_highlighted'====== Args={'carousel': 'attract', 'direction': 'forwards', 'item': 'title'}
2026-03-01 16:02:48,909 : INFO : EventManager : Event: ======'timer_attract_carousel_timer_tick'====== Args={'ticks': 0, 'ticks_remaining': 1}
2026-03-01 16:02:49,034 : INFO : SwitchController : <<<<<<< 's_flipper_right_upper' inactive >>>>>>>
2026-03-01 16:02:49,050 : INFO : SwitchController : <<<<<<< 's_flipper_right_lower' inactive >>>>>>>
2026-03-01 16:02:49,319 : INFO : SwitchController : <<<<<<< 's_flipper_left' active >>>>>>>
2026-03-01 16:02:49,319 : INFO : EventManager : Event: ======'s_flipper_left_active'====== Args={}
2026-03-01 16:02:49,320 : INFO : EventManager : Event: ======'carousel_item_highlighted'====== Args={'carousel': 'attract', 'direction': 'backwards', 'item': 'logo'}
2026-03-01 16:02:49,320 : INFO : EventManager : Event: ======'timer_attract_carousel_timer_tick'====== Args={'ticks': 0, 'ticks_remaining': 1}
2026-03-01 16:02:49,462 : INFO : SwitchController : <<<<<<< 's_flipper_left' inactive >>>>>>>
2026-03-01 16:02:49,680 : INFO : SwitchController : <<<<<<< 's_flipper_left' active >>>>>>>
2026-03-01 16:02:49,680 : INFO : EventManager : Event: ======'s_flipper_left_active'====== Args={}
2026-03-01 16:02:49,680 : INFO : EventManager : Event: ======'carousel_item_highlighted'====== Args={'carousel': 'attract', 'direction': 'backwards', 'item': 'credits'}
2026-03-01 16:02:49,681 : INFO : EventManager : Event: ======'timer_attract_carousel_timer_tick'====== Args={'ticks': 0, 'ticks_remaining': 1}
2026-03-01 16:02:49,817 : INFO : SwitchController : <<<<<<< 's_flipper_left' inactive >>>>>>>
2026-03-01 16:02:50,006 : INFO : SwitchController : <<<<<<< 's_flipper_left' active >>>>>>>
2026-03-01 16:02:50,006 : INFO : EventManager : Event: ======'s_flipper_left_active'====== Args={}
2026-03-01 16:02:50,007 : INFO : EventManager : Event: ======'carousel_item_highlighted'====== Args={'carousel': 'attract', 'direction': 'backwards', 'item': 'title'}
2026-03-01 16:02:50,007 : INFO : EventManager : Event: ======'timer_attract_carousel_timer_tick'====== Args={'ticks': 0, 'ticks_remaining': 1}
2026-03-01 16:02:50,098 : INFO : SwitchController : <<<<<<< 's_flipper_left' inactive >>>>>>>
2026-03-01 16:02:50,221 : INFO : SwitchController : <<<<<<< 's_flipper_left' active >>>>>>>
2026-03-01 16:02:50,221 : INFO : EventManager : Event: ======'s_flipper_left_active'====== Args={}
2026-03-01 16:02:50,221 : INFO : EventManager : Event: ======'carousel_item_highlighted'====== Args={'carousel': 'attract', 'direction': 'backwards', 'item': 'logo'}
2026-03-01 16:02:50,221 : INFO : EventManager : Event: ======'timer_attract_carousel_timer_tick'====== Args={'ticks': 0, 'ticks_remaining': 1}
2026-03-01 16:02:50,347 : INFO : SwitchController : <<<<<<< 's_flipper_left' inactive >>>>>>>
2026-03-01 16:02:51,302 : INFO : SwitchController : <<<<<<< 's_start' active >>>>>>>
2026-03-01 16:02:51,421 : INFO : SwitchController : <<<<<<< 's_start' inactive >>>>>>>
2026-03-01 16:02:51,421 : INFO : EventManager : Event: ======'request_to_start_game'====== Args={}
2026-03-01 16:02:51,422 : INFO : EventManager : Event: ======'collecting_balls'====== Args={}
2026-03-01 16:02:51,422 : INFO : BallController : Known balls: 2
2026-03-01 16:02:51,422 : INFO : BallController : bd_trough contains 1 balls. Tags ['trough', 'home', 'drain']
2026-03-01 16:02:51,422 : INFO : BallController : bd_plunger contains 0 balls. Tags []
2026-03-01 16:02:51,422 : INFO : BallController : playfield contains 0 balls. Tags ['default']
2026-03-01 16:02:51,422 : WARNING : BallController : BallController denies game start. Balls are not in their home positions.
2026-03-01 16:02:52,459 : INFO : SwitchController : <<<<<<< 's_start' active >>>>>>>
2026-03-01 16:02:52,667 : INFO : SwitchController : <<<<<<< 's_start' inactive >>>>>>>
2026-03-01 16:02:52,667 : INFO : EventManager : Event: ======'request_to_start_game'====== Args={}
2026-03-01 16:02:52,667 : INFO : EventManager : Event: ======'collecting_balls'====== Args={}
2026-03-01 16:02:52,667 : INFO : BallController : Known balls: 2
2026-03-01 16:02:52,668 : INFO : BallController : bd_trough contains 1 balls. Tags ['trough', 'home', 'drain']
2026-03-01 16:02:52,668 : INFO : BallController : bd_plunger contains 0 balls. Tags []
2026-03-01 16:02:52,668 : INFO : BallController : playfield contains 0 balls. Tags ['default']
2026-03-01 16:02:52,668 : WARNING : BallController : BallController denies game start. Balls are not in their home positions.
2026-03-01 16:02:53,826 : INFO : ball_device.bd_plunger : State: failed_confirm
2026-03-01 16:02:53,826 : INFO : ball_device.bd_plunger : Got timeout (10.0s) before confirm from <playfield.playfield>
2026-03-01 16:02:53,926 : INFO : ball_device.bd_plunger : Confirming eject because target is playfield and ball did not return.
2026-03-01 16:02:53,926 : INFO : ball_device.bd_plunger : Eject successful
2026-03-01 16:02:53,927 : INFO : EventManager : Event: ======'balldevice_bd_plunger_ball_eject_success'====== Args={'balls': 1, 'target': <playfield.playfield>}
2026-03-01 16:02:53,927 : INFO : EventManager : Event: ======'balldevice_playfield_ball_enter'====== Args={'new_balls': 1, 'unclaimed_balls': 1, 'device': <playfield.playfield>}
2026-03-01 16:02:53,927 : INFO : EventManager : Event: ======'playfield_ball_count_change'====== Args={'balls': 1, 'change': 1}
2026-03-01 16:02:53,927 : INFO : EventManager : Event: ======'balldevice_bd_plunger_ball_count_changed'====== Args={'balls': 0}
2026-03-01 16:02:53,928 : INFO : ball_device.bd_plunger : State: idle
2026-03-01 16:02:53,995 : INFO : SwitchController : <<<<<<< 's_flipper_right_lower' active >>>>>>>
2026-03-01 16:02:53,995 : INFO : EventManager : Event: ======'s_flipper_right_lower_active'====== Args={}
2026-03-01 16:02:53,995 : INFO : EventManager : Event: ======'carousel_item_highlighted'====== Args={'carousel': 'attract', 'direction': 'forwards', 'item': 'title'}
2026-03-01 16:02:53,996 : INFO : EventManager : Event: ======'timer_attract_carousel_timer_tick'====== Args={'ticks': 0, 'ticks_remaining': 1}
2026-03-01 16:02:53,998 : INFO : SwitchController : <<<<<<< 's_flipper_right_upper' active >>>>>>>
2026-03-01 16:02:54,160 : INFO : SwitchController : <<<<<<< 's_flipper_right_upper' inactive >>>>>>>
2026-03-01 16:02:54,169 : INFO : SwitchController : <<<<<<< 's_flipper_right_lower' inactive >>>>>>>
2026-03-01 16:02:54,273 : INFO : SwitchController : <<<<<<< 's_flipper_right_lower' active >>>>>>>
2026-03-01 16:02:54,273 : INFO : EventManager : Event: ======'s_flipper_right_lower_active'====== Args={}
2026-03-01 16:02:54,273 : INFO : EventManager : Event: ======'carousel_item_highlighted'====== Args={'carousel': 'attract', 'direction': 'forwards', 'item': 'credits'}
2026-03-01 16:02:54,274 : INFO : EventManager : Event: ======'timer_attract_carousel_timer_tick'====== Args={'ticks': 0, 'ticks_remaining': 1}
2026-03-01 16:02:54,276 : INFO : SwitchController : <<<<<<< 's_flipper_right_upper' active >>>>>>>
2026-03-01 16:02:54,357 : INFO : SwitchController : <<<<<<< 's_flipper_right_upper' inactive >>>>>>>
2026-03-01 16:02:54,363 : INFO : SwitchController : <<<<<<< 's_flipper_right_lower' inactive >>>>>>>
2026-03-01 16:02:54,470 : INFO : SwitchController : <<<<<<< 's_flipper_right_lower' active >>>>>>>
2026-03-01 16:02:54,470 : INFO : EventManager : Event: ======'s_flipper_right_lower_active'====== Args={}
2026-03-01 16:02:54,471 : INFO : EventManager : Event: ======'carousel_item_highlighted'====== Args={'carousel': 'attract', 'direction': 'forwards', 'item': 'logo'}
2026-03-01 16:02:54,471 : INFO : EventManager : Event: ======'timer_attract_carousel_timer_tick'====== Args={'ticks': 0, 'ticks_remaining': 1}
2026-03-01 16:02:54,472 : INFO : SwitchController : <<<<<<< 's_flipper_right_upper' active >>>>>>>
2026-03-01 16:02:54,575 : INFO : SwitchController : <<<<<<< 's_flipper_right_upper' inactive >>>>>>>
2026-03-01 16:02:54,592 : INFO : SwitchController : <<<<<<< 's_flipper_right_lower' inactive >>>>>>>
2026-03-01 16:02:54,784 : INFO : SwitchController : <<<<<<< 's_start' active >>>>>>>
2026-03-01 16:02:54,994 : INFO : SwitchController : <<<<<<< 's_start' inactive >>>>>>>
2026-03-01 16:02:54,994 : INFO : EventManager : Event: ======'request_to_start_game'====== Args={}
2026-03-01 16:02:54,994 : INFO : EventManager : Event: ======'collecting_balls'====== Args={}
2026-03-01 16:02:54,995 : INFO : BallController : Known balls: 2
2026-03-01 16:02:54,995 : INFO : BallController : bd_trough contains 1 balls. Tags ['trough', 'home', 'drain']
2026-03-01 16:02:54,995 : INFO : BallController : bd_plunger contains 0 balls. Tags []
2026-03-01 16:02:54,995 : INFO : BallController : playfield contains 1 balls. Tags ['default']
2026-03-01 16:02:54,995 : WARNING : BallController : BallController denies game start. Balls are not in their home positions.
2026-03-01 16:02:55,230 : INFO : SwitchController : <<<<<<< 's_start' active >>>>>>>
2026-03-01 16:02:55,409 : INFO : SwitchController : <<<<<<< 's_start' inactive >>>>>>>
2026-03-01 16:02:55,409 : INFO : EventManager : Event: ======'request_to_start_game'====== Args={}
2026-03-01 16:02:55,409 : INFO : EventManager : Event: ======'collecting_balls'====== Args={}
2026-03-01 16:02:55,410 : INFO : BallController : Known balls: 2
2026-03-01 16:02:55,410 : INFO : BallController : bd_trough contains 1 balls. Tags ['trough', 'home', 'drain']
2026-03-01 16:02:55,410 : INFO : BallController : bd_plunger contains 0 balls. Tags []
2026-03-01 16:02:55,410 : INFO : BallController : playfield contains 1 balls. Tags ['default']
2026-03-01 16:02:55,410 : WARNING : BallController : BallController denies game start. Balls are not in their home positions.
2026-03-01 16:02:55,520 : INFO : SwitchController : <<<<<<< 's_start' active >>>>>>>
2026-03-01 16:02:55,679 : INFO : SwitchController : <<<<<<< 's_start' inactive >>>>>>>
2026-03-01 16:02:55,679 : INFO : EventManager : Event: ======'request_to_start_game'====== Args={}
2026-03-01 16:02:55,679 : INFO : EventManager : Event: ======'collecting_balls'====== Args={}
2026-03-01 16:02:55,679 : INFO : BallController : Known balls: 2
2026-03-01 16:02:55,680 : INFO : BallController : bd_trough contains 1 balls. Tags ['trough', 'home', 'drain']
2026-03-01 16:02:55,680 : INFO : BallController : bd_plunger contains 0 balls. Tags []
2026-03-01 16:02:55,680 : INFO : BallController : playfield contains 1 balls. Tags ['default']
2026-03-01 16:02:55,680 : WARNING : BallController : BallController denies game start. Balls are not in their home positions.
2026-03-01 16:02:55,780 : INFO : SwitchController : <<<<<<< 's_start' active >>>>>>>
2026-03-01 16:02:55,940 : INFO : SwitchController : <<<<<<< 's_start' inactive >>>>>>>
2026-03-01 16:02:55,940 : INFO : EventManager : Event: ======'request_to_start_game'====== Args={}
2026-03-01 16:02:55,941 : INFO : EventManager : Event: ======'collecting_balls'====== Args={}
2026-03-01 16:02:55,941 : INFO : BallController : Known balls: 2
2026-03-01 16:02:55,941 : INFO : BallController : bd_trough contains 1 balls. Tags ['trough', 'home', 'drain']
2026-03-01 16:02:55,941 : INFO : BallController : bd_plunger contains 0 balls. Tags []
2026-03-01 16:02:55,941 : INFO : BallController : playfield contains 1 balls. Tags ['default']
2026-03-01 16:02:55,941 : WARNING : BallController : BallController denies game start. Balls are not in their home positions.
2026-03-01 16:02:56,039 : INFO : SwitchController : <<<<<<< 's_start' active >>>>>>>
2026-03-01 16:02:56,199 : INFO : SwitchController : <<<<<<< 's_start' inactive >>>>>>>
2026-03-01 16:02:56,199 : INFO : EventManager : Event: ======'request_to_start_game'====== Args={}
2026-03-01 16:02:56,200 : INFO : EventManager : Event: ======'collecting_balls'====== Args={}
2026-03-01 16:02:56,200 : INFO : BallController : Known balls: 2
2026-03-01 16:02:56,200 : INFO : BallController : bd_trough contains 1 balls. Tags ['trough', 'home', 'drain']
2026-03-01 16:02:56,200 : INFO : BallController : bd_plunger contains 0 balls. Tags []
2026-03-01 16:02:56,200 : INFO : BallController : playfield contains 1 balls. Tags ['default']
2026-03-01 16:02:56,200 : WARNING : BallController : BallController denies game start. Balls are not in their home positions.
2026-03-01 16:02:56,287 : INFO : SwitchController : <<<<<<< 's_start' active >>>>>>>
2026-03-01 16:02:56,420 : INFO : SwitchController : <<<<<<< 's_start' inactive >>>>>>>
2026-03-01 16:02:56,420 : INFO : EventManager : Event: ======'request_to_start_game'====== Args={}
2026-03-01 16:02:56,420 : INFO : EventManager : Event: ======'collecting_balls'====== Args={}
2026-03-01 16:02:56,421 : INFO : BallController : Known balls: 2
2026-03-01 16:02:56,421 : INFO : BallController : bd_trough contains 1 balls. Tags ['trough', 'home', 'drain']
2026-03-01 16:02:56,421 : INFO : BallController : bd_plunger contains 0 balls. Tags []
2026-03-01 16:02:56,421 : INFO : BallController : playfield contains 1 balls. Tags ['default']
2026-03-01 16:02:56,421 : WARNING : BallController : BallController denies game start. Balls are not in their home positions.
2026-03-01 16:02:56,504 : INFO : SwitchController : <<<<<<< 's_start' active >>>>>>>
2026-03-01 16:02:56,649 : INFO : SwitchController : <<<<<<< 's_start' inactive >>>>>>>
2026-03-01 16:02:56,650 : INFO : EventManager : Event: ======'request_to_start_game'====== Args={}
2026-03-01 16:02:56,650 : INFO : EventManager : Event: ======'collecting_balls'====== Args={}
2026-03-01 16:02:56,651 : INFO : BallController : Known balls: 2
2026-03-01 16:02:56,651 : INFO : BallController : bd_trough contains 1 balls. Tags ['trough', 'home', 'drain']
2026-03-01 16:02:56,651 : INFO : BallController : bd_plunger contains 0 balls. Tags []
2026-03-01 16:02:56,652 : INFO : BallController : playfield contains 1 balls. Tags ['default']
2026-03-01 16:02:56,652 : WARNING : BallController : BallController denies game start. Balls are not in their home positions.
2026-03-01 16:02:56,787 : INFO : SwitchController : <<<<<<< 's_start' active >>>>>>>
2026-03-01 16:02:56,986 : INFO : SwitchController : <<<<<<< 's_start' inactive >>>>>>>
2026-03-01 16:02:56,986 : INFO : EventManager : Event: ======'request_to_start_game'====== Args={}
2026-03-01 16:02:56,986 : INFO : EventManager : Event: ======'collecting_balls'====== Args={}
2026-03-01 16:02:56,987 : INFO : BallController : Known balls: 2
2026-03-01 16:02:56,987 : INFO : BallController : bd_trough contains 1 balls. Tags ['trough', 'home', 'drain']
2026-03-01 16:02:56,987 : INFO : BallController : bd_plunger contains 0 balls. Tags []
2026-03-01 16:02:56,987 : INFO : BallController : playfield contains 1 balls. Tags ['default']
2026-03-01 16:02:56,987 : WARNING : BallController : BallController denies game start. Balls are not in their home positions.
2026-03-01 16:02:57,115 : INFO : SwitchController : <<<<<<< 's_start' active >>>>>>>
2026-03-01 16:02:57,247 : INFO : SwitchController : <<<<<<< 's_start' inactive >>>>>>>
2026-03-01 16:02:57,248 : INFO : EventManager : Event: ======'request_to_start_game'====== Args={}
2026-03-01 16:02:57,248 : INFO : EventManager : Event: ======'collecting_balls'====== Args={}
2026-03-01 16:02:57,248 : INFO : BallController : Known balls: 2
2026-03-01 16:02:57,248 : INFO : BallController : bd_trough contains 1 balls. Tags ['trough', 'home', 'drain']
2026-03-01 16:02:57,248 : INFO : BallController : bd_plunger contains 0 balls. Tags []
2026-03-01 16:02:57,249 : INFO : BallController : playfield contains 1 balls. Tags ['default']
2026-03-01 16:02:57,249 : WARNING : BallController : BallController denies game start. Balls are not in their home positions.
2026-03-01 16:02:57,326 : INFO : SwitchController : <<<<<<< 's_start' active >>>>>>>
2026-03-01 16:02:57,461 : INFO : SwitchController : <<<<<<< 's_start' inactive >>>>>>>
2026-03-01 16:02:57,461 : INFO : EventManager : Event: ======'request_to_start_game'====== Args={}
2026-03-01 16:02:57,461 : INFO : EventManager : Event: ======'collecting_balls'====== Args={}
2026-03-01 16:02:57,462 : INFO : BallController : Known balls: 2
2026-03-01 16:02:57,462 : INFO : BallController : bd_trough contains 1 balls. Tags ['trough', 'home', 'drain']
2026-03-01 16:02:57,462 : INFO : BallController : bd_plunger contains 0 balls. Tags []
2026-03-01 16:02:57,462 : INFO : BallController : playfield contains 1 balls. Tags ['default']
2026-03-01 16:02:57,462 : WARNING : BallController : BallController denies game start. Balls are not in their home positions.
2026-03-01 16:02:57,520 : INFO : SwitchController : <<<<<<< 's_start' active >>>>>>>
2026-03-01 16:02:57,671 : INFO : SwitchController : <<<<<<< 's_start' inactive >>>>>>>
2026-03-01 16:02:57,671 : INFO : EventManager : Event: ======'request_to_start_game'====== Args={}
2026-03-01 16:02:57,672 : INFO : EventManager : Event: ======'collecting_balls'====== Args={}
2026-03-01 16:02:57,672 : INFO : BallController : Known balls: 2
2026-03-01 16:02:57,672 : INFO : BallController : bd_trough contains 1 balls. Tags ['trough', 'home', 'drain']
2026-03-01 16:02:57,672 : INFO : BallController : bd_plunger contains 0 balls. Tags []
2026-03-01 16:02:57,672 : INFO : BallController : playfield contains 1 balls. Tags ['default']
2026-03-01 16:02:57,673 : WARNING : BallController : BallController denies game start. Balls are not in their home positions.
2026-03-01 16:02:59,472 : INFO : Timer.attract_carousel_timer : Timer Complete
2026-03-01 16:02:59,472 : INFO : Timer.attract_carousel_timer : Stopping Timer
2026-03-01 16:02:59,472 : INFO : EventManager : Event: ======'timer_attract_carousel_timer_stopped'====== Args={'ticks': 1, 'ticks_remaining': 1}
2026-03-01 16:02:59,472 : INFO : EventManager : Event: ======'timer_attract_carousel_timer_complete'====== Args={'ticks': 1, 'ticks_remaining': 1}
2026-03-01 16:02:59,472 : INFO : EventManager : Event: ======'carousel_item_highlighted'====== Args={'carousel': 'attract', 'direction': 'forwards', 'item': 'title'}
2026-03-01 16:02:59,473 : INFO : Timer.attract_carousel_timer : Starting Timer.
2026-03-01 16:02:59,473 : INFO : EventManager : Event: ======'timer_attract_carousel_timer_started'====== Args={'ticks': 0, 'ticks_remaining': 1}
2026-03-01 16:02:59,473 : INFO : EventManager : Event: ======'timer_attract_carousel_timer_tick'====== Args={'ticks': 0, 'ticks_remaining': 1}
2026-03-01 16:03:04,474 : INFO : Timer.attract_carousel_timer : Timer Complete
2026-03-01 16:03:04,474 : INFO : Timer.attract_carousel_timer : Stopping Timer
2026-03-01 16:03:04,474 : INFO : EventManager : Event: ======'timer_attract_carousel_timer_stopped'====== Args={'ticks': 1, 'ticks_remaining': 1}
2026-03-01 16:03:04,474 : INFO : EventManager : Event: ======'timer_attract_carousel_timer_complete'====== Args={'ticks': 1, 'ticks_remaining': 1}
2026-03-01 16:03:04,474 : INFO : EventManager : Event: ======'carousel_item_highlighted'====== Args={'carousel': 'attract', 'direction': 'forwards', 'item': 'credits'}
2026-03-01 16:03:04,475 : INFO : Timer.attract_carousel_timer : Starting Timer.
2026-03-01 16:03:04,475 : INFO : EventManager : Event: ======'timer_attract_carousel_timer_started'====== Args={'ticks': 0, 'ticks_remaining': 1}
2026-03-01 16:03:04,475 : INFO : EventManager : Event: ======'timer_attract_carousel_timer_tick'====== Args={'ticks': 0, 'ticks_remaining': 1}
2026-03-01 16:03:09,475 : INFO : Timer.attract_carousel_timer : Timer Complete
2026-03-01 16:03:09,476 : INFO : Timer.attract_carousel_timer : Stopping Timer
2026-03-01 16:03:09,476 : INFO : EventManager : Event: ======'timer_attract_carousel_timer_stopped'====== Args={'ticks': 1, 'ticks_remaining': 1}
2026-03-01 16:03:09,476 : INFO : EventManager : Event: ======'timer_attract_carousel_timer_complete'====== Args={'ticks': 1, 'ticks_remaining': 1}
2026-03-01 16:03:09,476 : INFO : EventManager : Event: ======'carousel_item_highlighted'====== Args={'carousel': 'attract', 'direction': 'forwards', 'item': 'logo'}
2026-03-01 16:03:09,477 : INFO : Timer.attract_carousel_timer : Starting Timer.
2026-03-01 16:03:09,477 : INFO : EventManager : Event: ======'timer_attract_carousel_timer_started'====== Args={'ticks': 0, 'ticks_remaining': 1}
2026-03-01 16:03:09,477 : INFO : EventManager : Event: ======'timer_attract_carousel_timer_tick'====== Args={'ticks': 0, 'ticks_remaining': 1}
2026-03-01 16:03:12,304 : INFO : Machine : Shutting down...
2026-03-01 16:03:12,304 : INFO : EventManager : Event: ======'shutdown'====== Args={}
2026-03-01 16:03:12,410 : INFO : root : MPF run loop ended.
