2026-03-01 15:26:27,038 : INFO : root : Loading config.
2026-03-01 15:26:27,399 : INFO : ConfigProcessor : Config spec file cache created: /var/folders/1s/015t8n3n70gcr2ch4xflj4yr0000gn/T/config_spec.mpf_cache
2026-03-01 15:26:27,400 : INFO : YamlMultifileConfigLoader : Machine config file #1: config.yaml
2026-03-01 15:26:27,400 : INFO : ConfigProcessor : Loading config from cache: /var/folders/1s/015t8n3n70gcr2ch4xflj4yr0000gn/T/954ddabc670342668a09b03520c7eb79.mpf_cache
2026-03-01 15:26:27,401 : WARNING : ConfigProcessor : Config file in cache changed: /Users/pinball/NapoleonDynamite/config/config_switches.yaml
2026-03-01 15:26:27,401 : INFO : ConfigProcessor : Loading config from file /Users/pinball/mpf/lib/python3.14/site-packages/mpf/mpfconfig.yaml.
2026-03-01 15:26:27,482 : INFO : ConfigProcessor : Loading config: /Users/pinball/mpf/lib/python3.14/site-packages/mpf/mpfconfig.yaml
2026-03-01 15:26:27,483 : INFO : ConfigProcessor : Loading config from file /Users/pinball/NapoleonDynamite/config/config.yaml.
2026-03-01 15:26:27,498 : INFO : ConfigProcessor : Loading config: /Users/pinball/NapoleonDynamite/config/config.yaml
2026-03-01 15:26:27,501 : INFO : ConfigProcessor : Loading config: /Users/pinball/NapoleonDynamite/config/config_ball_devices.yaml
2026-03-01 15:26:27,509 : INFO : ConfigProcessor : Loading config: /Users/pinball/NapoleonDynamite/config/config_coils.yaml
2026-03-01 15:26:27,521 : INFO : ConfigProcessor : Loading config: /Users/pinball/NapoleonDynamite/config/config_switches.yaml
2026-03-01 15:26:27,522 : INFO : ConfigProcessor : Config file cache created: /var/folders/1s/015t8n3n70gcr2ch4xflj4yr0000gn/T/954ddabc670342668a09b03520c7eb79.mpf_cache
2026-03-01 15:26:27,595 : INFO : ConfigProcessor : Loading config from cache: /var/folders/1s/015t8n3n70gcr2ch4xflj4yr0000gn/T/64218df07edc412f774c53ffb33c812d.mpf_cache
2026-03-01 15:26:27,596 : INFO : ConfigProcessor : Loading config from cache: /var/folders/1s/015t8n3n70gcr2ch4xflj4yr0000gn/T/767518d75df2d86a4d35c1fb94c70abd.mpf_cache
2026-03-01 15:26:27,596 : INFO : ConfigProcessor : Loading config from cache: /var/folders/1s/015t8n3n70gcr2ch4xflj4yr0000gn/T/64218df07edc412f774c53ffb33c812d.mpf_cache
2026-03-01 15:26:27,597 : INFO : ConfigProcessor : Loading config from cache: /var/folders/1s/015t8n3n70gcr2ch4xflj4yr0000gn/T/73548cb541cc3751ae5711fe0817282a.mpf_cache
2026-03-01 15:26:27,597 : INFO : ConfigProcessor : Loading config from cache: /var/folders/1s/015t8n3n70gcr2ch4xflj4yr0000gn/T/57f006170cd447d443f971cd8b826597.mpf_cache
2026-03-01 15:26:27,598 : INFO : ConfigProcessor : Loading config from cache: /var/folders/1s/015t8n3n70gcr2ch4xflj4yr0000gn/T/adb0ea3e4ccf2dafa758999a39c1d676.mpf_cache
2026-03-01 15:26:27,599 : INFO : Machine : Mission Pinball Framework Core Engine v0.80.0.dev13
2026-03-01 15:26:27,599 : INFO : Machine : Command line arguments: {'no_load_cache': False, 'create_config_cache': True, 'bcp': True, 'configfile': ['config.yaml'], 'force_assets_load': False, 'platform_integration_test': False, 'jsonlogging': False, 'logfile': 'logs/2026-03-01-15-26-27-mpf-ANDREs-Mac-mini.local.log', 'pause': False, 'production': False, 'text_ui': True, 'loglevel': 15, 'consoleloglevel': 20, 'force_platform': None, 'syslog_address': None, 'full_logfile_path': '/Users/pinball/NapoleonDynamite/logs/2026-03-01-15-26-27-mpf-ANDREs-Mac-mini.local.log'}
2026-03-01 15:26:27,599 : INFO : Machine : MPF path: /Users/pinball/mpf/lib/python3.14/site-packages/mpf
2026-03-01 15:26:27,599 : INFO : Machine : Machine path: /Users/pinball/NapoleonDynamite
2026-03-01 15:26:27,599 : INFO : Machine : Platform: darwin
2026-03-01 15:26:27,599 : INFO : Machine : Python executable location: /Users/pinball/mpf/bin/python3.14
2026-03-01 15:26:27,599 : INFO : Machine : Python version: 3.14.3 (64-bit)
2026-03-01 15:26:27,601 : INFO : Machine : Initializing MPF...
2026-03-01 15:26:27,737 : INFO : FAST : Auto-detecting ports for the following connections: ['net', 'exp']
2026-03-01 15:26:27,758 : INFO : FAST : Detected NET on port /dev/cu.usbmodem14101
2026-03-01 15:26:27,766 : INFO : FAST : Detected EXP on port /dev/cu.usbmodem14103
2026-03-01 15:26:27,871 : INFO : FAST [NET] : Trying to connect to /dev/cu.usbmodem14101 at 921600bps
2026-03-01 15:26:27,876 : INFO : FAST [NET] : Connected to /dev/cu.usbmodem14101 at 921600bps
2026-03-01 15:26:27,878 : INFO : FAST [NET] : Connected to FP-CPU-2000 with firmware v02.26
2026-03-01 15:26:27,881 : INFO : FAST [NET] : Registered I/O Board 0: Model: FP-I/O-0024, Firmware: 01.10, Switches: 24, Drivers: 8
2026-03-01 15:26:27,882 : INFO : FAST [NET] : Registered I/O Board 1: Model: FP-I/O-3208, Firmware: 01.10, Switches: 32, Drivers: 8
2026-03-01 15:26:27,883 : INFO : FAST [NET] : Registered I/O Board 2: Model: FP-I/O-0804, Firmware: 01.10, Switches: 8, Drivers: 4
2026-03-01 15:26:27,885 : INFO : FAST [EXP] : Trying to connect to /dev/cu.usbmodem14103 at 921600bps
2026-03-01 15:26:27,890 : INFO : FAST [EXP] : Connected to /dev/cu.usbmodem14103 at 921600bps
2026-03-01 15:26:27,891 : INFO : FAST [EXP] : Verifying hardware for EXP "neuron" (FP-EXP-2000, @48) with ID string "EXP FP-EXP-2000  0.34", board address 48
2026-03-01 15:26:27,893 : INFO : FAST [EXP] : Verifying hardware for EXP "neuron" (FP-EXP-2000, @48) with ID string "LED FP-BRK-0001  0.8", board address 480
2026-03-01 15:26:27,894 : INFO : EventManager : Event: ======'machine_var_credits_string'====== Args={'value': 'FREE PLAY', 'prev_value': None, 'change': True}
2026-03-01 15:26:27,908 : INFO : EventManager : Event: ======'machine_var_master_volume'====== Args={'value': 0.5, 'prev_value': None, 'change': True}
2026-03-01 15:26:27,909 : INFO : EventManager : Event: ======'machine_var_mpf_version'====== Args={'value': 'Mission Pinball Framework v0.80.0.dev13', 'prev_value': None, 'change': True}
2026-03-01 15:26:27,909 : INFO : EventManager : Event: ======'machine_var_mpf_extended_version'====== Args={'value': 'Mission Pinball Framework v0.80.0.dev13, Config version:6, Show version: 6, BCP version:1.1', 'prev_value': None, 'change': True}
2026-03-01 15:26:27,909 : INFO : EventManager : Event: ======'machine_var_python_version'====== Args={'value': '3.14.3', 'prev_value': None, 'change': True}
2026-03-01 15:26:27,928 : INFO : EventManager : Event: ======'machine_var_platform'====== Args={'value': 'macOS-14.8.4-x86_64-i386-64bit-Mach-O', 'prev_value': None, 'change': True}
2026-03-01 15:26:27,929 : INFO : EventManager : Event: ======'machine_var_platform_system'====== Args={'value': 'Darwin', 'prev_value': None, 'change': True}
2026-03-01 15:26:27,929 : INFO : EventManager : Event: ======'machine_var_platform_release'====== Args={'value': '23.6.0', 'prev_value': None, 'change': True}
2026-03-01 15:26:27,929 : INFO : EventManager : Event: ======'machine_var_platform_version'====== Args={'value': 'Darwin Kernel Version 23.6.0: Mon Jan 19 22:02:22 PST 2026; root:xnu-10063.141.1.710.3~1/RELEASE_X86_64', 'prev_value': None, 'change': True}
2026-03-01 15:26:27,929 : INFO : EventManager : Event: ======'machine_var_platform_machine'====== Args={'value': 'x86_64', 'prev_value': None, 'change': True}
2026-03-01 15:26:27,929 : INFO : EventManager : Event: ======'machine_var_log_file_path'====== Args={'value': '/Users/pinball/NapoleonDynamite/logs/2026-03-01-15-26-27-mpf-ANDREs-Mac-mini.local.log', 'prev_value': None, 'change': True}
2026-03-01 15:26:27,929 : INFO : EventManager : Event: ======'init_phase_1'====== Args={}
2026-03-01 15:26:28,092 : INFO : SwitchController : <<<<<<< 's_flipper_left_eos' active >>>>>>>
2026-03-01 15:26:28,092 : INFO : SwitchController : <<<<<<< 's_flipper_right_lower_eos' active >>>>>>>
2026-03-01 15:26:28,093 : INFO : SwitchController : <<<<<<< 's_trough_7' active >>>>>>>
2026-03-01 15:26:28,093 : INFO : SwitchController : <<<<<<< 's_bumper_lower' active >>>>>>>
2026-03-01 15:26:28,093 : INFO : SwitchController : <<<<<<< 's_bumper_upper' active >>>>>>>
2026-03-01 15:26:28,093 : INFO : SwitchController : <<<<<<< 's_inlane_right_2' active >>>>>>>
2026-03-01 15:26:28,093 : INFO : SwitchController : <<<<<<< 's_inlane_left' active >>>>>>>
2026-03-01 15:26:28,125 : INFO : EventManager : Event: ======'init_phase_2'====== Args={}
2026-03-01 15:26:28,126 : INFO : SwitchController : Found active switch: (37, [FAST Platform Interface]) <switch.s_flipper_left_eos>
2026-03-01 15:26:28,126 : INFO : SwitchController : Found active switch: (32, [FAST Platform Interface]) <switch.s_flipper_right_lower_eos>
2026-03-01 15:26:28,126 : INFO : SwitchController : Found active switch: (30, [FAST Platform Interface]) <switch.s_trough_7>
2026-03-01 15:26:28,126 : INFO : SwitchController : Found active switch: (41, [FAST Platform Interface]) <switch.s_bumper_lower>
2026-03-01 15:26:28,126 : INFO : SwitchController : Found active switch: (42, [FAST Platform Interface]) <switch.s_bumper_upper>
2026-03-01 15:26:28,126 : INFO : SwitchController : Found active switch: (36, [FAST Platform Interface]) <switch.s_inlane_right_2>
2026-03-01 15:26:28,127 : INFO : SwitchController : Found active switch: (39, [FAST Platform Interface]) <switch.s_inlane_left>
2026-03-01 15:26:28,132 : INFO : EventManager : Event: ======'bcp_connection_attempt'====== Args={'name': 'local_display', 'host': 'localhost', 'port': 5050}
2026-03-01 15:26:28,138 : INFO : BCPClientSocket : Connecting BCP to 'local_display' at localhost:5050...
2026-03-01 15:26:28,148 : INFO : BCPClientSocket : Connected BCP to 'local_display' localhost:5050
2026-03-01 15:26:28,149 : INFO : EventManager : Event: ======'bcp_clients_connected'====== Args={}
2026-03-01 15:26:28,593 : INFO : ball_device.bd_trough : BCH: Initial count: 1
2026-03-01 15:26:28,594 : INFO : ball_device.bd_trough : State: idle
2026-03-01 15:26:28,595 : INFO : ball_device.bd_plunger : BCH: Initial count: 0
2026-03-01 15:26:28,596 : INFO : ball_device.bd_plunger : State: idle
2026-03-01 15:26:28,623 : INFO : EventManager : Event: ======'init_phase_3'====== Args={}
2026-03-01 15:26:28,626 : INFO : EventManager : Event: ======'init_phase_4'====== Args={}
2026-03-01 15:26:28,627 : INFO : BallController : Initial balls found: 1
2026-03-01 15:26:28,628 : INFO : EventManager : Event: ======'machine_var_audits_events_game_ended'====== Args={'value': 0, 'prev_value': None, 'change': True}
2026-03-01 15:26:28,628 : INFO : EventManager : Event: ======'machine_var_audits_events_game_started'====== Args={'value': 29, 'prev_value': None, 'change': True}
2026-03-01 15:26:28,628 : INFO : EventManager : Event: ======'machine_var_audits_missing_switches_s_bumper_lower'====== Args={'value': 20, 'prev_value': None, 'change': True}
2026-03-01 15:26:28,628 : INFO : EventManager : Event: ======'machine_var_audits_missing_switches_s_bumper_upper'====== Args={'value': 21, 'prev_value': None, 'change': True}
2026-03-01 15:26:28,628 : INFO : EventManager : Event: ======'machine_var_audits_missing_switches_s_flipper_left'====== Args={'value': 1, 'prev_value': None, 'change': True}
2026-03-01 15:26:28,628 : INFO : EventManager : Event: ======'machine_var_audits_missing_switches_s_flipper_left_eos'====== Args={'value': 3, 'prev_value': None, 'change': True}
2026-03-01 15:26:28,628 : INFO : EventManager : Event: ======'machine_var_audits_missing_switches_s_flipper_right_lower_eos'====== Args={'value': 11, 'prev_value': None, 'change': True}
2026-03-01 15:26:28,629 : INFO : EventManager : Event: ======'machine_var_audits_missing_switches_s_flipper_right_upper_eos'====== Args={'value': 15, 'prev_value': None, 'change': True}
2026-03-01 15:26:28,629 : INFO : EventManager : Event: ======'machine_var_audits_missing_switches_s_inlane_left'====== Args={'value': 20, 'prev_value': None, 'change': True}
2026-03-01 15:26:28,629 : INFO : EventManager : Event: ======'machine_var_audits_missing_switches_s_inlane_right_1'====== Args={'value': 2, 'prev_value': None, 'change': True}
2026-03-01 15:26:28,629 : INFO : EventManager : Event: ======'machine_var_audits_missing_switches_s_inlane_right_2'====== Args={'value': 20, 'prev_value': None, 'change': True}
2026-03-01 15:26:28,629 : INFO : EventManager : Event: ======'machine_var_audits_missing_switches_s_scoop_tina'====== Args={'value': 2, 'prev_value': None, 'change': True}
2026-03-01 15:26:28,629 : INFO : EventManager : Event: ======'machine_var_audits_missing_switches_s_sling_left'====== Args={'value': 2, 'prev_value': None, 'change': True}
2026-03-01 15:26:28,629 : INFO : EventManager : Event: ======'machine_var_audits_missing_switches_s_sling_right'====== Args={'value': 2, 'prev_value': None, 'change': True}
2026-03-01 15:26:28,629 : INFO : EventManager : Event: ======'machine_var_audits_missing_switches_s_start'====== Args={'value': 1, 'prev_value': None, 'change': True}
2026-03-01 15:26:28,629 : INFO : EventManager : Event: ======'machine_var_audits_player_score'====== Args={'value': {'average': 0, 'top': [], 'total': 0}, 'prev_value': None, 'change': True}
2026-03-01 15:26:28,629 : INFO : EventManager : Event: ======'machine_var_audits_shots_bumper_lower'====== Args={'value': 76, 'prev_value': None, 'change': True}
2026-03-01 15:26:28,629 : INFO : EventManager : Event: ======'machine_var_audits_shots_bumper_upper'====== Args={'value': 81, 'prev_value': None, 'change': True}
2026-03-01 15:26:28,629 : INFO : EventManager : Event: ======'machine_var_audits_shots_hurryup'====== Args={'value': 3, 'prev_value': None, 'change': True}
2026-03-01 15:26:28,630 : INFO : EventManager : Event: ======'machine_var_audits_shots_inlane_left'====== Args={'value': 17, 'prev_value': None, 'change': True}
2026-03-01 15:26:28,630 : INFO : EventManager : Event: ======'machine_var_audits_shots_left_lane'====== Args={'value': 8, 'prev_value': None, 'change': True}
2026-03-01 15:26:28,630 : INFO : EventManager : Event: ======'machine_var_audits_switches_s_bumper_lower'====== Args={'value': 76, 'prev_value': None, 'change': True}
2026-03-01 15:26:28,630 : INFO : EventManager : Event: ======'machine_var_audits_switches_s_bumper_upper'====== Args={'value': 81, 'prev_value': None, 'change': True}
2026-03-01 15:26:28,630 : INFO : EventManager : Event: ======'machine_var_audits_switches_s_flipper_left'====== Args={'value': 423, 'prev_value': None, 'change': True}
2026-03-01 15:26:28,630 : INFO : EventManager : Event: ======'machine_var_audits_switches_s_flipper_left_eos'====== Args={'value': 181, 'prev_value': None, 'change': True}
2026-03-01 15:26:28,630 : INFO : EventManager : Event: ======'machine_var_audits_switches_s_flipper_right_lower'====== Args={'value': 433, 'prev_value': None, 'change': True}
2026-03-01 15:26:28,630 : INFO : EventManager : Event: ======'machine_var_audits_switches_s_flipper_right_lower_eos'====== Args={'value': 161, 'prev_value': None, 'change': True}
2026-03-01 15:26:28,630 : INFO : EventManager : Event: ======'machine_var_audits_switches_s_flipper_right_upper'====== Args={'value': 449, 'prev_value': None, 'change': True}
2026-03-01 15:26:28,630 : INFO : EventManager : Event: ======'machine_var_audits_switches_s_flipper_right_upper_eos'====== Args={'value': 43, 'prev_value': None, 'change': True}
2026-03-01 15:26:28,630 : INFO : EventManager : Event: ======'machine_var_audits_switches_s_inlane_left'====== Args={'value': 27, 'prev_value': None, 'change': True}
2026-03-01 15:26:28,630 : INFO : EventManager : Event: ======'machine_var_audits_switches_s_inlane_right_1'====== Args={'value': 18, 'prev_value': None, 'change': True}
2026-03-01 15:26:28,630 : INFO : EventManager : Event: ======'machine_var_audits_switches_s_inlane_right_2'====== Args={'value': 3, 'prev_value': None, 'change': True}
2026-03-01 15:26:28,631 : INFO : EventManager : Event: ======'machine_var_audits_switches_s_plunger'====== Args={'value': 11, 'prev_value': None, 'change': True}
2026-03-01 15:26:28,631 : INFO : EventManager : Event: ======'machine_var_audits_switches_s_plunger_lane'====== Args={'value': 29, 'prev_value': None, 'change': True}
2026-03-01 15:26:28,631 : INFO : EventManager : Event: ======'machine_var_audits_switches_s_scoop_tina'====== Args={'value': 11, 'prev_value': None, 'change': True}
2026-03-01 15:26:28,631 : INFO : EventManager : Event: ======'machine_var_audits_switches_s_sling_left'====== Args={'value': 193, 'prev_value': None, 'change': True}
2026-03-01 15:26:28,631 : INFO : EventManager : Event: ======'machine_var_audits_switches_s_sling_right'====== Args={'value': 30, 'prev_value': None, 'change': True}
2026-03-01 15:26:28,631 : INFO : EventManager : Event: ======'machine_var_audits_switches_s_start'====== Args={'value': 31, 'prev_value': None, 'change': True}
2026-03-01 15:26:28,631 : INFO : EventManager : Event: ======'machine_var_audits_switches_s_trough_1'====== Args={'value': 126, 'prev_value': None, 'change': True}
2026-03-01 15:26:28,631 : INFO : EventManager : Event: ======'machine_var_audits_switches_s_trough_2'====== Args={'value': 114, 'prev_value': None, 'change': True}
2026-03-01 15:26:28,631 : INFO : EventManager : Event: ======'machine_var_audits_switches_s_trough_3'====== Args={'value': 140, 'prev_value': None, 'change': True}
2026-03-01 15:26:28,631 : INFO : EventManager : Event: ======'machine_var_audits_switches_s_trough_4'====== Args={'value': 195, 'prev_value': None, 'change': True}
2026-03-01 15:26:28,631 : INFO : EventManager : Event: ======'machine_var_audits_switches_s_trough_5'====== Args={'value': 213, 'prev_value': None, 'change': True}
2026-03-01 15:26:28,631 : INFO : EventManager : Event: ======'machine_var_audits_switches_s_trough_6'====== Args={'value': 209, 'prev_value': None, 'change': True}
2026-03-01 15:26:28,632 : INFO : EventManager : Event: ======'machine_var_audits_switches_s_trough_7'====== Args={'value': 173, 'prev_value': None, 'change': True}
2026-03-01 15:26:28,632 : INFO : EventManager : Event: ======'init_phase_5'====== Args={}
2026-03-01 15:26:28,633 : INFO : ball_device.bd_trough : BCH: Count is unstable. Trying to reorder balls.
2026-03-01 15:26:28,633 : WARNING : ball_device.bd_trough : Cannot reorder device because eject_coil_reorder_pulse is not configured
2026-03-01 15:26:28,633 : INFO : ball_device.bd_trough : BCH: Repulse done. Waiting for balls to settle.
2026-03-01 15:26:28,633 : INFO : ball_device.bd_trough : BCH: Reordered count: 1
2026-03-01 15:26:28,633 : INFO : EventManager : Event: ======'init_done'====== Args={}
2026-03-01 15:26:28,634 : INFO : EventManager : Event: ======'machine_reset_phase_1'====== Args={}
2026-03-01 15:26:28,647 : INFO : EventManager : Event: ======'machine_reset_phase_2'====== Args={}
2026-03-01 15:26:28,648 : INFO : EventManager : Event: ======'machine_reset_phase_3'====== Args={}
2026-03-01 15:26:28,649 : INFO : EventManager : Event: ======'reset_complete'====== Args={}
2026-03-01 15:26:28,649 : INFO : EventManager : Event: ======'mode_attract_will_start'====== Args={}
2026-03-01 15:26:28,649 : INFO : Timer.attract_carousel_timer : Starting Timer.
2026-03-01 15:26:28,649 : INFO : EventManager : Event: ======'timer_attract_carousel_timer_started'====== Args={'ticks': 0, 'ticks_remaining': 1}
2026-03-01 15:26:28,649 : INFO : EventManager : Event: ======'timer_attract_carousel_timer_tick'====== Args={'ticks': 0, 'ticks_remaining': 1}
2026-03-01 15:26:28,651 : INFO : EventManager : Event: ======'mode_attract_starting'====== Args={}
2026-03-01 15:26:28,651 : INFO : Mode.attract : Started. Priority: 10
2026-03-01 15:26:28,651 : INFO : EventManager : Event: ======'modes_active_modes_changed'====== Args={}
2026-03-01 15:26:28,651 : INFO : EventManager : Event: ======'mode_attract_started'====== Args={}
2026-03-01 15:26:28,653 : INFO : EventManager : Event: ======'collecting_balls_complete'====== Args={}
2026-03-01 15:26:28,653 : INFO : EventManager : Event: ======'carousel_item_highlighted'====== Args={'carousel': 'attract', 'direction': None, 'item': 'title'}
2026-03-01 15:26:28,654 : INFO : EventManager : Event: ======'timer_attract_carousel_timer_tick'====== Args={'ticks': 0, 'ticks_remaining': 1}
2026-03-01 15:26:28,656 : INFO : Machine : Starting the main run loop with active modes: [<Mode.attract>]
2026-03-01 15:26:28,865 : INFO : EventManager : Event: ======'slide_attract_created'====== Args={'_from_bcp': True}
2026-03-01 15:26:28,865 : INFO : EventManager : Event: ======'slide__removed'====== Args={'_from_bcp': True}
2026-03-01 15:26:28,865 : INFO : EventManager : Event: ======'slide_attract_active'====== Args={'original_context': 'attract', 'original_calling_context': 'mode_attract_started', 'priority': 10.0, 'cmd': 'slides_play', '_from_bcp': True}
2026-03-01 15:26:33,655 : INFO : Timer.attract_carousel_timer : Timer Complete
2026-03-01 15:26:33,655 : INFO : Timer.attract_carousel_timer : Stopping Timer
2026-03-01 15:26:33,655 : INFO : EventManager : Event: ======'timer_attract_carousel_timer_stopped'====== Args={'ticks': 1, 'ticks_remaining': 1}
2026-03-01 15:26:33,655 : INFO : EventManager : Event: ======'timer_attract_carousel_timer_complete'====== Args={'ticks': 1, 'ticks_remaining': 1}
2026-03-01 15:26:33,655 : INFO : EventManager : Event: ======'carousel_item_highlighted'====== Args={'carousel': 'attract', 'direction': 'forwards', 'item': 'credits'}
2026-03-01 15:26:33,656 : INFO : Timer.attract_carousel_timer : Starting Timer.
2026-03-01 15:26:33,656 : INFO : EventManager : Event: ======'timer_attract_carousel_timer_started'====== Args={'ticks': 0, 'ticks_remaining': 1}
2026-03-01 15:26:33,656 : INFO : EventManager : Event: ======'timer_attract_carousel_timer_tick'====== Args={'ticks': 0, 'ticks_remaining': 1}
2026-03-01 15:26:33,903 : INFO : SwitchController : <<<<<<< 's_start' active >>>>>>>
2026-03-01 15:26:33,968 : INFO : SwitchController : <<<<<<< 's_start' inactive >>>>>>>
2026-03-01 15:26:33,969 : INFO : EventManager : Event: ======'request_to_start_game'====== Args={}
2026-03-01 15:26:33,969 : INFO : EventManager : Event: ======'game_start'====== Args={'buttons': [], 'hold_time': 0.06551089099957608}
2026-03-01 15:26:33,969 : INFO : EventManager : Event: ======'mode_game_will_start'====== Args={'buttons': [], 'hold_time': 0.06551089099957608}
2026-03-01 15:26:33,970 : INFO : EventManager : Event: ======'mode_game_starting'====== Args={'buttons': [], 'hold_time': 0.06551089099957608}
2026-03-01 15:26:33,970 : INFO : EventManager : Event: ======'mode_attract_will_stop'====== Args={}
2026-03-01 15:26:33,970 : INFO : EventManager : Event: ======'mode_attract_stopping'====== Args={}
2026-03-01 15:26:33,970 : INFO : Mode.attract : Stopped.
2026-03-01 15:26:33,970 : INFO : EventManager : Event: ======'modes_active_modes_changed'====== Args={}
2026-03-01 15:26:33,971 : INFO : EventManager : Event: ======'mode_attract_stopped'====== Args={}
2026-03-01 15:26:33,971 : INFO : EventManager : Event: ======'clear'====== Args={'key': 'attract'}
2026-03-01 15:26:33,972 : INFO : Timer.attract_carousel_timer : Stopping Timer
2026-03-01 15:26:33,972 : INFO : EventManager : Event: ======'timer_attract_carousel_timer_stopped'====== Args={'ticks': 0, 'ticks_remaining': 1}
2026-03-01 15:26:33,972 : INFO : Mode.game : Started. Priority: 20
2026-03-01 15:26:33,972 : INFO : EventManager : Event: ======'modes_active_modes_changed'====== Args={}
2026-03-01 15:26:33,972 : INFO : EventManager : Event: ======'mode_game_started'====== Args={'buttons': [], 'hold_time': 0.06551089099957608}
2026-03-01 15:26:33,973 : INFO : EventManager : Event: ======'game_will_start'====== Args={}
2026-03-01 15:26:33,973 : INFO : EventManager : Event: ======'game_starting'====== Args={'game': <Mode.game>}
2026-03-01 15:26:33,975 : INFO : EventManager : Unordered handler for class <Auditor> on event game_ended with priority 1. Handlers: [RegisteredHandler(callback=<bound method Auditor.disable of <Auditor>>, priority=1, kwargs={}, key=UUID('61659fc8-734f-47bc-99f7-964f391ec998'), condition=None, blocking_facility=None), RegisteredHandler(callback=<bound method Auditor._save_audits of <Auditor>>, priority=1, kwargs={}, key=UUID('ece47fc8-6698-45ee-8fa5-f99bf11fc5d0'), condition=None, blocking_facility=None)]. The order of those handlers is not defined and they will be executed in random order. This might lead to race conditions and potential bugs.
2026-03-01 15:26:33,975 : INFO : EventManager : Event: ======'player_add_request'====== Args={}
2026-03-01 15:26:33,975 : INFO : EventManager : Event: ======'player_will_add'====== Args={'number': 1}
2026-03-01 15:26:33,975 : INFO : EventManager : Event: ======'player_adding'====== Args={'player': <Player 1>, 'number': 1}
2026-03-01 15:26:33,976 : INFO : EventManager : Event: ======'player_added'====== Args={'player': <Player 1>, 'num': 1}
2026-03-01 15:26:33,976 : INFO : Mode.game : Player added successfully. Total players: 1
2026-03-01 15:26:33,976 : INFO : EventManager : Event: ======'player_index'====== Args={'value': 0, 'prev_value': 0, 'change': 0, 'player_num': 1}
2026-03-01 15:26:33,976 : INFO : EventManager : Event: ======'player_number'====== Args={'value': 1, 'prev_value': 1, 'change': 0, 'player_num': 1}
2026-03-01 15:26:33,976 : INFO : EventManager : Event: ======'player_score'====== Args={'value': 0, 'prev_value': 0, 'change': 0, 'player_num': 1}
2026-03-01 15:26:33,977 : INFO : EventManager : Event: ======'game_started'====== Args={}
2026-03-01 15:26:33,977 : INFO : EventManager : Event: ======'player_turn_will_start'====== Args={'player': <Player 1>, 'number': 1}
2026-03-01 15:26:33,984 : INFO : EventManager : Event: ======'player_turn_starting'====== Args={'player': <Player 1>, 'number': 1}
2026-03-01 15:26:33,995 : INFO : EventManager : Event: ======'player_ball'====== Args={'value': 1, 'prev_value': 0, 'change': 1, 'player_num': 1}
2026-03-01 15:26:33,995 : INFO : EventManager : Event: ======'player_turn_started'====== Args={'player': <Player 1>, 'number': 1}
2026-03-01 15:26:33,996 : INFO : EventManager : Event: ======'ball_will_start'====== Args={'player': 1, 'ball': 1, 'balls_remaining': 2, 'is_extra_ball': False}
2026-03-01 15:26:33,996 : INFO : EventManager : Event: ======'ball_starting'====== Args={'player': 1, 'ball': 1, 'balls_remaining': 2, 'is_extra_ball': False}
2026-03-01 15:26:33,996 : INFO : EventManager : Event: ======'mode_base_will_start'====== Args={'queue': <QueuedEvent>, 'player': 1, 'ball': 1, 'balls_remaining': 2, 'is_extra_ball': False}
2026-03-01 15:26:33,997 : INFO : EventManager : Event: ======'player_shot_left_lane_enabled'====== Args={'value': True, 'prev_value': 0, 'change': 1, 'player_num': 1}
2026-03-01 15:26:33,998 : INFO : EventManager : Event: ======'mode_base_starting'====== Args={'queue': <QueuedEvent>, 'player': 1, 'ball': 1, 'balls_remaining': 2, 'is_extra_ball': False}
2026-03-01 15:26:33,998 : INFO : Mode.base : Started. Priority: 100
2026-03-01 15:26:33,998 : INFO : EventManager : Event: ======'modes_active_modes_changed'====== Args={}
2026-03-01 15:26:33,998 : INFO : EventManager : Event: ======'mode_base_started'====== Args={'queue': <QueuedEvent>, 'player': 1, 'ball': 1, 'balls_remaining': 2, 'is_extra_ball': False}
2026-03-01 15:26:33,999 : INFO : EventManager : Event: ======'balls_in_play'====== Args={'balls': 1}
2026-03-01 15:26:33,999 : INFO : EventManager : Event: ======'ball_started'====== Args={'player': 1, 'ball': 1, 'balls_remaining': 2, 'is_extra_ball': False}
2026-03-01 15:26:34,000 : INFO : EventManager : Event: ======'single_player_ball_started'====== Args={}
2026-03-01 15:26:34,000 : INFO : EventManager : Event: ======'ball_start_target'====== Args={'target': 'playfield'}
2026-03-01 15:26:34,000 : INFO : ball_device.bd_trough : Setting up player-controlled eject. Balls: 1, Target: <playfield.playfield>, player_controlled_eject_event: None
2026-03-01 15:26:34,000 : INFO : ball_device.bd_trough : Adding 1 ball(s) to the eject_queue with target <playfield.playfield>.
2026-03-01 15:26:34,001 : INFO : EventManager : Event: ======'balldevice_balls_available'====== Args={}
2026-03-01 15:26:34,001 : INFO : ball_device.bd_trough : BCH: Count is unstable. Trying to reorder balls.
2026-03-01 15:26:34,001 : WARNING : ball_device.bd_trough : Cannot reorder device because eject_coil_reorder_pulse is not configured
2026-03-01 15:26:34,001 : INFO : ball_device.bd_trough : BCH: Repulse done. Waiting for balls to settle.
2026-03-01 15:26:34,001 : INFO : ball_device.bd_trough : State: waiting_for_target_ready
2026-03-01 15:26:34,002 : INFO : EventManager : Event: ======'balldevice_bd_trough_ball_eject_attempt'====== Args={'balls': 1, 'target': <ball_device.bd_plunger>, 'source': <ball_device.bd_trough>, 'mechanical_eject': False, 'num_attempts': 0}
2026-03-01 15:26:34,002 : INFO : ball_device.bd_plunger : State: waiting_for_ball
2026-03-01 15:26:34,002 : INFO : ball_device.bd_trough : State: ejecting
2026-03-01 15:26:34,002 : INFO : ball_device.bd_trough : Ejecting ball to <ball_device.bd_plunger>
2026-03-01 15:26:34,002 : INFO : EventManager : Event: ======'balldevice_bd_trough_ejecting_ball'====== Args={'balls': 1, 'target': <ball_device.bd_plunger>, 'source': <ball_device.bd_trough>, 'mechanical_eject': False, 'num_attempts': 0}
2026-03-01 15:26:34,003 : INFO : ball_device.bd_trough : Wait for ball to leave device
2026-03-01 15:26:34,003 : INFO : coil.c_trough_eject : Pulsing Driver for 20ms (1.0 pulse_power)
2026-03-01 15:26:34,026 : INFO : SwitchController : <<<<<<< 's_trough_1' active >>>>>>>
2026-03-01 15:26:34,026 : INFO : EventManager : Event: ======'machine_var_audits_switches_s_trough_1'====== Args={'value': 127, 'prev_value': 126, 'change': 1}
2026-03-01 15:26:34,027 : INFO : SwitchController : <<<<<<< 's_trough_7' inactive >>>>>>>
2026-03-01 15:26:34,027 : INFO : ball_device.bd_trough : State: ball_left
2026-03-01 15:26:34,027 : INFO : ball_device.bd_trough : Ball left
2026-03-01 15:26:34,028 : INFO : ball_device.bd_trough : Wait for confirm with timeout 10.0
2026-03-01 15:26:34,043 : INFO : SwitchController : <<<<<<< 's_trough_7' active >>>>>>>
2026-03-01 15:26:34,043 : INFO : EventManager : Event: ======'machine_var_audits_switches_s_trough_7'====== Args={'value': 174, 'prev_value': 173, 'change': 1}
2026-03-01 15:26:34,044 : INFO : EventManager : Event: ======'slide_base_slide_created'====== Args={'_from_bcp': True}
2026-03-01 15:26:34,044 : INFO : EventManager : Event: ======'slide_attract_inactive'====== Args={'is_removing': True, '_from_bcp': True}
2026-03-01 15:26:34,044 : INFO : EventManager : Event: ======'slide_base_slide_active'====== Args={'original_context': 'base', 'original_calling_context': 'mode_base_started', 'priority': 100.0, 'queue': '<QueuedEvent>', 'player': 1.0, 'ball': 1.0, 'balls_remaining': 2.0, 'is_extra_ball': False, 'cmd': 'slides_play', '_from_bcp': True}
2026-03-01 15:26:34,044 : INFO : EventManager : Event: ======'slide_attract_removed'====== Args={'_from_bcp': True}
2026-03-01 15:26:34,182 : INFO : SwitchController : <<<<<<< 's_plunger' active >>>>>>>
2026-03-01 15:26:34,182 : INFO : EventManager : Event: ======'machine_var_audits_switches_s_plunger'====== Args={'value': 12, 'prev_value': 11, 'change': 1}
2026-03-01 15:26:34,217 : INFO : SwitchController : <<<<<<< 's_trough_2' active >>>>>>>
2026-03-01 15:26:34,217 : INFO : EventManager : Event: ======'machine_var_audits_switches_s_trough_2'====== Args={'value': 115, 'prev_value': 114, 'change': 1}
2026-03-01 15:26:34,219 : INFO : SwitchController : <<<<<<< 's_trough_6' active >>>>>>>
2026-03-01 15:26:34,219 : INFO : EventManager : Event: ======'machine_var_audits_switches_s_trough_6'====== Args={'value': 210, 'prev_value': 209, 'change': 1}
2026-03-01 15:26:34,221 : INFO : SwitchController : <<<<<<< 's_trough_5' active >>>>>>>
2026-03-01 15:26:34,221 : INFO : EventManager : Event: ======'machine_var_audits_switches_s_trough_5'====== Args={'value': 214, 'prev_value': 213, 'change': 1}
2026-03-01 15:26:34,222 : INFO : SwitchController : <<<<<<< 's_trough_4' active >>>>>>>
2026-03-01 15:26:34,222 : INFO : EventManager : Event: ======'machine_var_audits_switches_s_trough_4'====== Args={'value': 196, 'prev_value': 195, 'change': 1}
2026-03-01 15:26:34,232 : INFO : SwitchController : <<<<<<< 's_trough_3' active >>>>>>>
2026-03-01 15:26:34,232 : INFO : EventManager : Event: ======'machine_var_audits_switches_s_trough_3'====== Args={'value': 141, 'prev_value': 140, 'change': 1}
2026-03-01 15:26:34,266 : INFO : SwitchController : <<<<<<< 's_trough_4' inactive >>>>>>>
2026-03-01 15:26:34,267 : INFO : SwitchController : <<<<<<< 's_trough_5' inactive >>>>>>>
2026-03-01 15:26:34,271 : INFO : SwitchController : <<<<<<< 's_trough_3' inactive >>>>>>>
2026-03-01 15:26:34,274 : INFO : SwitchController : <<<<<<< 's_trough_2' inactive >>>>>>>
2026-03-01 15:26:34,299 : INFO : SwitchController : <<<<<<< 's_trough_1' inactive >>>>>>>
2026-03-01 15:26:34,684 : INFO : ball_device.bd_plunger : Received ball from <ball_device.bd_trough>
2026-03-01 15:26:34,684 : INFO : EventManager : Event: ======'balldevice_bd_plunger_ball_enter'====== Args={'new_balls': 1, 'unclaimed_balls': 0, 'new_available_balls': 0, 'device': <ball_device.bd_plunger>}
2026-03-01 15:26:34,685 : INFO : EventManager : Event: ======'balldevice_bd_plunger_ball_entered'====== Args={'new_balls': 0, 'device': <ball_device.bd_plunger>}
2026-03-01 15:26:34,685 : INFO : EventManager : Event: ======'balldevice_bd_plunger_ball_count_changed'====== Args={'balls': 1}
2026-03-01 15:26:34,685 : INFO : ball_device.bd_trough : Got eject confirm
2026-03-01 15:26:34,685 : INFO : ball_device.bd_trough : Eject successful
2026-03-01 15:26:34,685 : INFO : EventManager : Event: ======'balldevice_bd_trough_ball_eject_success'====== Args={'balls': 1, 'target': <ball_device.bd_plunger>}
2026-03-01 15:26:34,686 : INFO : ball_device.bd_plunger : State: waiting_for_target_ready
2026-03-01 15:26:34,686 : INFO : EventManager : Event: ======'balldevice_bd_plunger_ball_eject_attempt'====== Args={'balls': 1, 'target': <playfield.playfield>, 'source': <ball_device.bd_plunger>, 'mechanical_eject': False, 'num_attempts': 0}
2026-03-01 15:26:34,686 : INFO : EventManager : Event: ======'balldevice_bd_trough_ball_count_changed'====== Args={'balls': 0}
2026-03-01 15:26:34,686 : INFO : ball_device.bd_trough : State: idle
2026-03-01 15:26:34,687 : INFO : ball_device.bd_plunger : State: ejecting
2026-03-01 15:26:34,687 : INFO : ball_device.bd_plunger : Ejecting ball to <playfield.playfield>
2026-03-01 15:26:34,687 : INFO : EventManager : Event: ======'balldevice_bd_plunger_ejecting_ball'====== Args={'balls': 1, 'target': <playfield.playfield>, 'source': <ball_device.bd_plunger>, 'mechanical_eject': False, 'num_attempts': 0}
2026-03-01 15:26:34,688 : INFO : ball_device.bd_plunger : Wait for ball to leave device
2026-03-01 15:26:34,799 : INFO : EventManager : Event: ======'balldevice_bd_trough_ball_count_changed'====== Args={'balls': 2}
2026-03-01 15:26:34,799 : INFO : ball_device.bd_trough : Received unexpected ball
2026-03-01 15:26:34,799 : INFO : EventManager : Event: ======'balldevice_captured_from_playfield'====== Args={'balls': 1}
2026-03-01 15:26:34,799 : INFO : EventManager : Event: ======'sw_playfield_active'====== Args={'balls': 1}
2026-03-01 15:26:34,800 : INFO : EventManager : Event: ======'playfield_active'====== Args={'source': None}
2026-03-01 15:26:34,800 : INFO : EventManager : Event: ======'playfield_ball_count_change'====== Args={'balls': -1, 'change': -1}
2026-03-01 15:26:34,800 : INFO : EventManager : Event: ======'balldevice_playfield_ball_enter'====== Args={'new_balls': 1, 'unclaimed_balls': 1, 'device': <playfield.playfield>}
2026-03-01 15:26:34,800 : INFO : EventManager : Event: ======'playfield_ball_count_change'====== Args={'balls': 0, 'change': 1}
2026-03-01 15:26:34,800 : INFO : BallController : Found a new ball which was captured from playfield. Known balls: 2
2026-03-01 15:26:34,800 : INFO : EventManager : Event: ======'found_new_ball'====== Args={}
2026-03-01 15:26:34,800 : INFO : EventManager : Event: ======'balldevice_bd_trough_ball_enter'====== Args={'new_balls': 1, 'unclaimed_balls': 1, 'new_available_balls': 1, 'device': <ball_device.bd_trough>}
2026-03-01 15:26:34,800 : INFO : EventManager : Event: ======'ball_drain'====== Args={'device': <ball_device.bd_trough>, 'balls': 1}
2026-03-01 15:26:34,801 : INFO : EventManager : Event: ======'ball_will_end'====== Args={}
2026-03-01 15:26:34,801 : INFO : EventManager : Event: ======'balldevice_balls_available'====== Args={}
2026-03-01 15:26:34,801 : INFO : EventManager : Event: ======'balldevice_bd_trough_ball_entered'====== Args={'new_balls': 1, 'device': <ball_device.bd_trough>}
2026-03-01 15:26:34,801 : INFO : ball_device.bd_trough : Received unexpected ball
2026-03-01 15:26:34,801 : INFO : EventManager : Event: ======'balldevice_captured_from_playfield'====== Args={'balls': 1}
2026-03-01 15:26:34,801 : INFO : EventManager : Event: ======'mode_base_will_stop'====== Args={}
2026-03-01 15:26:34,801 : INFO : EventManager : Event: ======'mode_base_stopping'====== Args={}
2026-03-01 15:26:34,802 : INFO : EventManager : Event: ======'sw_playfield_active'====== Args={'balls': 1}
2026-03-01 15:26:34,802 : INFO : EventManager : Event: ======'playfield_active'====== Args={'source': None}
2026-03-01 15:26:34,802 : INFO : EventManager : Event: ======'playfield_ball_count_change'====== Args={'balls': -1, 'change': -1}
2026-03-01 15:26:34,802 : INFO : Mode.base : Stopped.
2026-03-01 15:26:34,802 : INFO : EventManager : Event: ======'modes_active_modes_changed'====== Args={}
2026-03-01 15:26:34,803 : INFO : EventManager : Event: ======'mode_base_stopped'====== Args={}
2026-03-01 15:26:34,803 : INFO : EventManager : Event: ======'clear'====== Args={'key': 'base'}
2026-03-01 15:26:34,804 : INFO : EventManager : Event: ======'balldevice_playfield_ball_enter'====== Args={'new_balls': 1, 'unclaimed_balls': 1, 'device': <playfield.playfield>}
2026-03-01 15:26:34,804 : INFO : EventManager : Event: ======'playfield_ball_count_change'====== Args={'balls': 0, 'change': 1}
2026-03-01 15:26:34,804 : INFO : BallController : Found a new ball which was captured from playfield. Known balls: 3
2026-03-01 15:26:34,804 : INFO : EventManager : Event: ======'found_new_ball'====== Args={}
2026-03-01 15:26:34,804 : INFO : EventManager : Event: ======'balldevice_bd_trough_ball_enter'====== Args={'new_balls': 1, 'unclaimed_balls': 1, 'new_available_balls': 1, 'device': <ball_device.bd_trough>}
2026-03-01 15:26:34,804 : INFO : EventManager : Event: ======'ball_drain'====== Args={'device': <ball_device.bd_trough>, 'balls': 1}
2026-03-01 15:26:34,804 : INFO : EventManager : Event: ======'ball_ending'====== Args={}
2026-03-01 15:26:34,804 : INFO : EventManager : Event: ======'balldevice_balls_available'====== Args={}
2026-03-01 15:26:34,804 : INFO : EventManager : Event: ======'balldevice_bd_trough_ball_entered'====== Args={'new_balls': 1, 'device': <ball_device.bd_trough>}
2026-03-01 15:26:34,805 : INFO : EventManager : Event: ======'ball_ended'====== Args={}
2026-03-01 15:26:34,806 : INFO : EventManager : Event: ======'player_turn_will_end'====== Args={'player': <Player 1>, 'number': 1}
2026-03-01 15:26:34,806 : INFO : EventManager : Event: ======'player_turn_ending'====== Args={'player': <Player 1>, 'number': 1}
2026-03-01 15:26:34,806 : INFO : EventManager : Event: ======'player_turn_ended'====== Args={'player': <Player 1>, 'number': 1}
2026-03-01 15:26:34,807 : INFO : EventManager : Event: ======'player_turn_will_start'====== Args={'player': <Player 1>, 'number': 1}
2026-03-01 15:26:34,807 : INFO : EventManager : Event: ======'player_turn_starting'====== Args={'player': <Player 1>, 'number': 1}
2026-03-01 15:26:34,807 : INFO : EventManager : Event: ======'player_ball'====== Args={'value': 2, 'prev_value': 1, 'change': 1, 'player_num': 1}
2026-03-01 15:26:34,808 : INFO : EventManager : Event: ======'player_turn_started'====== Args={'player': <Player 1>, 'number': 1}
2026-03-01 15:26:34,809 : INFO : EventManager : Event: ======'ball_will_start'====== Args={'player': 1, 'ball': 2, 'balls_remaining': 1, 'is_extra_ball': False}
2026-03-01 15:26:34,809 : INFO : BallController : Found 1 ball(s) on playfield.
2026-03-01 15:26:34,809 : WARNING : BallController : Playfields still contain balls. Waiting for those to drain.
2026-03-01 15:26:35,486 : INFO : SwitchController : <<<<<<< 's_flipper_left' active >>>>>>>
2026-03-01 15:26:35,486 : INFO : EventManager : Event: ======'machine_var_audits_switches_s_flipper_left'====== Args={'value': 424, 'prev_value': 423, 'change': 1}
2026-03-01 15:26:35,637 : INFO : SwitchController : <<<<<<< 's_flipper_left' inactive >>>>>>>
2026-03-01 15:26:35,795 : INFO : SwitchController : <<<<<<< 's_flipper_right_lower' active >>>>>>>
2026-03-01 15:26:35,795 : INFO : EventManager : Event: ======'machine_var_audits_switches_s_flipper_right_lower'====== Args={'value': 434, 'prev_value': 433, 'change': 1}
2026-03-01 15:26:35,796 : INFO : SwitchController : <<<<<<< 's_flipper_right_upper' active >>>>>>>
2026-03-01 15:26:35,796 : INFO : EventManager : Event: ======'machine_var_audits_switches_s_flipper_right_upper'====== Args={'value': 450, 'prev_value': 449, 'change': 1}
2026-03-01 15:26:35,812 : INFO : BallController : Found 1 ball(s) on playfield.
2026-03-01 15:26:35,812 : WARNING : BallController : Playfields still contain balls. Waiting for those to drain.
2026-03-01 15:26:35,908 : INFO : SwitchController : <<<<<<< 's_flipper_right_upper' inactive >>>>>>>
2026-03-01 15:26:35,933 : INFO : SwitchController : <<<<<<< 's_flipper_right_lower' inactive >>>>>>>
2026-03-01 15:26:36,037 : INFO : SwitchController : <<<<<<< 's_flipper_left' active >>>>>>>
2026-03-01 15:26:36,037 : INFO : EventManager : Event: ======'machine_var_audits_switches_s_flipper_left'====== Args={'value': 425, 'prev_value': 424, 'change': 1}
2026-03-01 15:26:36,148 : INFO : SwitchController : <<<<<<< 's_flipper_left' inactive >>>>>>>
2026-03-01 15:26:36,165 : INFO : SwitchController : <<<<<<< 's_flipper_right_lower' active >>>>>>>
2026-03-01 15:26:36,165 : INFO : EventManager : Event: ======'machine_var_audits_switches_s_flipper_right_lower'====== Args={'value': 435, 'prev_value': 434, 'change': 1}
2026-03-01 15:26:36,165 : INFO : SwitchController : <<<<<<< 's_flipper_right_upper' active >>>>>>>
2026-03-01 15:26:36,165 : INFO : EventManager : Event: ======'machine_var_audits_switches_s_flipper_right_upper'====== Args={'value': 451, 'prev_value': 450, 'change': 1}
2026-03-01 15:26:36,273 : INFO : SwitchController : <<<<<<< 's_flipper_right_upper' inactive >>>>>>>
2026-03-01 15:26:36,281 : INFO : SwitchController : <<<<<<< 's_flipper_right_lower' inactive >>>>>>>
2026-03-01 15:26:36,327 : INFO : SwitchController : <<<<<<< 's_flipper_left' active >>>>>>>
2026-03-01 15:26:36,327 : INFO : EventManager : Event: ======'machine_var_audits_switches_s_flipper_left'====== Args={'value': 426, 'prev_value': 425, 'change': 1}
2026-03-01 15:26:36,414 : INFO : SwitchController : <<<<<<< 's_flipper_left' inactive >>>>>>>
2026-03-01 15:26:36,813 : INFO : BallController : Found 1 ball(s) on playfield.
2026-03-01 15:26:36,814 : WARNING : BallController : Playfields still contain balls. Waiting for those to drain.
2026-03-01 15:26:37,080 : INFO : SwitchController : <<<<<<< 's_plunger' inactive >>>>>>>
2026-03-01 15:26:37,081 : INFO : ball_device.bd_plunger : State: ball_left
2026-03-01 15:26:37,081 : INFO : ball_device.bd_plunger : Ball left
2026-03-01 15:26:37,081 : INFO : ball_device.bd_plunger : Wait for confirm with timeout 10.0
2026-03-01 15:26:37,567 : INFO : SwitchController : <<<<<<< 's_flipper_right_lower' active >>>>>>>
2026-03-01 15:26:37,567 : INFO : EventManager : Event: ======'machine_var_audits_switches_s_flipper_right_lower'====== Args={'value': 436, 'prev_value': 435, 'change': 1}
2026-03-01 15:26:37,568 : INFO : SwitchController : <<<<<<< 's_flipper_right_upper' active >>>>>>>
2026-03-01 15:26:37,568 : INFO : EventManager : Event: ======'machine_var_audits_switches_s_flipper_right_upper'====== Args={'value': 452, 'prev_value': 451, 'change': 1}
2026-03-01 15:26:37,681 : INFO : SwitchController : <<<<<<< 's_flipper_right_upper' inactive >>>>>>>
2026-03-01 15:26:37,682 : INFO : SwitchController : <<<<<<< 's_flipper_left' active >>>>>>>
2026-03-01 15:26:37,682 : INFO : EventManager : Event: ======'machine_var_audits_switches_s_flipper_left'====== Args={'value': 427, 'prev_value': 426, 'change': 1}
2026-03-01 15:26:37,688 : INFO : SwitchController : <<<<<<< 's_flipper_right_lower' inactive >>>>>>>
2026-03-01 15:26:37,792 : INFO : SwitchController : <<<<<<< 's_flipper_right_lower' active >>>>>>>
2026-03-01 15:26:37,792 : INFO : EventManager : Event: ======'machine_var_audits_switches_s_flipper_right_lower'====== Args={'value': 437, 'prev_value': 436, 'change': 1}
2026-03-01 15:26:37,793 : INFO : SwitchController : <<<<<<< 's_flipper_right_upper' active >>>>>>>
2026-03-01 15:26:37,793 : INFO : EventManager : Event: ======'machine_var_audits_switches_s_flipper_right_upper'====== Args={'value': 453, 'prev_value': 452, 'change': 1}
2026-03-01 15:26:37,794 : INFO : SwitchController : <<<<<<< 's_flipper_left' inactive >>>>>>>
2026-03-01 15:26:37,815 : INFO : BallController : Found 1 ball(s) on playfield.
2026-03-01 15:26:37,815 : WARNING : BallController : Playfields still contain balls. Waiting for those to drain.
2026-03-01 15:26:37,861 : INFO : SwitchController : <<<<<<< 's_flipper_right_upper' inactive >>>>>>>
2026-03-01 15:26:37,865 : INFO : SwitchController : <<<<<<< 's_flipper_right_lower' inactive >>>>>>>
2026-03-01 15:26:37,926 : INFO : SwitchController : <<<<<<< 's_flipper_left' active >>>>>>>
2026-03-01 15:26:37,926 : INFO : EventManager : Event: ======'machine_var_audits_switches_s_flipper_left'====== Args={'value': 428, 'prev_value': 427, 'change': 1}
2026-03-01 15:26:37,965 : INFO : SwitchController : <<<<<<< 's_flipper_left' inactive >>>>>>>
2026-03-01 15:26:37,981 : INFO : SwitchController : <<<<<<< 's_flipper_right_lower' active >>>>>>>
2026-03-01 15:26:37,981 : INFO : EventManager : Event: ======'machine_var_audits_switches_s_flipper_right_lower'====== Args={'value': 438, 'prev_value': 437, 'change': 1}
2026-03-01 15:26:37,982 : INFO : SwitchController : <<<<<<< 's_flipper_right_upper' active >>>>>>>
2026-03-01 15:26:37,982 : INFO : EventManager : Event: ======'machine_var_audits_switches_s_flipper_right_upper'====== Args={'value': 454, 'prev_value': 453, 'change': 1}
2026-03-01 15:26:38,037 : INFO : SwitchController : <<<<<<< 's_flipper_right_upper' inactive >>>>>>>
2026-03-01 15:26:38,044 : INFO : SwitchController : <<<<<<< 's_flipper_right_lower' inactive >>>>>>>
2026-03-01 15:26:38,096 : INFO : SwitchController : <<<<<<< 's_flipper_left' active >>>>>>>
2026-03-01 15:26:38,096 : INFO : EventManager : Event: ======'machine_var_audits_switches_s_flipper_left'====== Args={'value': 429, 'prev_value': 428, 'change': 1}
2026-03-01 15:26:38,151 : INFO : SwitchController : <<<<<<< 's_flipper_left' inactive >>>>>>>
2026-03-01 15:26:38,152 : INFO : SwitchController : <<<<<<< 's_flipper_right_upper' active >>>>>>>
2026-03-01 15:26:38,152 : INFO : EventManager : Event: ======'machine_var_audits_switches_s_flipper_right_upper'====== Args={'value': 455, 'prev_value': 454, 'change': 1}
2026-03-01 15:26:38,153 : INFO : SwitchController : <<<<<<< 's_flipper_right_lower' active >>>>>>>
2026-03-01 15:26:38,154 : INFO : EventManager : Event: ======'machine_var_audits_switches_s_flipper_right_lower'====== Args={'value': 439, 'prev_value': 438, 'change': 1}
2026-03-01 15:26:38,217 : INFO : SwitchController : <<<<<<< 's_flipper_right_upper' inactive >>>>>>>
2026-03-01 15:26:38,223 : INFO : SwitchController : <<<<<<< 's_flipper_right_lower' inactive >>>>>>>
2026-03-01 15:26:38,268 : INFO : SwitchController : <<<<<<< 's_flipper_left' active >>>>>>>
2026-03-01 15:26:38,269 : INFO : EventManager : Event: ======'machine_var_audits_switches_s_flipper_left'====== Args={'value': 430, 'prev_value': 429, 'change': 1}
2026-03-01 15:26:38,359 : INFO : SwitchController : <<<<<<< 's_flipper_left' inactive >>>>>>>
2026-03-01 15:26:38,368 : INFO : SwitchController : <<<<<<< 's_flipper_right_lower' active >>>>>>>
2026-03-01 15:26:38,368 : INFO : EventManager : Event: ======'machine_var_audits_switches_s_flipper_right_lower'====== Args={'value': 440, 'prev_value': 439, 'change': 1}
2026-03-01 15:26:38,396 : INFO : SwitchController : <<<<<<< 's_flipper_right_upper' active >>>>>>>
2026-03-01 15:26:38,396 : INFO : EventManager : Event: ======'machine_var_audits_switches_s_flipper_right_upper'====== Args={'value': 456, 'prev_value': 455, 'change': 1}
2026-03-01 15:26:38,474 : INFO : SwitchController : <<<<<<< 's_flipper_right_upper' inactive >>>>>>>
2026-03-01 15:26:38,484 : INFO : SwitchController : <<<<<<< 's_flipper_right_lower' inactive >>>>>>>
2026-03-01 15:26:38,519 : INFO : SwitchController : <<<<<<< 's_flipper_left' active >>>>>>>
2026-03-01 15:26:38,519 : INFO : EventManager : Event: ======'machine_var_audits_switches_s_flipper_left'====== Args={'value': 431, 'prev_value': 430, 'change': 1}
2026-03-01 15:26:38,622 : INFO : SwitchController : <<<<<<< 's_flipper_left' inactive >>>>>>>
2026-03-01 15:26:38,628 : INFO : SwitchController : <<<<<<< 's_flipper_right_lower' active >>>>>>>
2026-03-01 15:26:38,628 : INFO : EventManager : Event: ======'machine_var_audits_switches_s_flipper_right_lower'====== Args={'value': 441, 'prev_value': 440, 'change': 1}
2026-03-01 15:26:38,630 : INFO : SwitchController : <<<<<<< 's_flipper_right_upper' active >>>>>>>
2026-03-01 15:26:38,630 : INFO : EventManager : Event: ======'machine_var_audits_switches_s_flipper_right_upper'====== Args={'value': 457, 'prev_value': 456, 'change': 1}
2026-03-01 15:26:38,743 : INFO : SwitchController : <<<<<<< 's_flipper_right_upper' inactive >>>>>>>
2026-03-01 15:26:38,749 : INFO : SwitchController : <<<<<<< 's_flipper_right_lower' inactive >>>>>>>
2026-03-01 15:26:38,776 : INFO : SwitchController : <<<<<<< 's_flipper_left' active >>>>>>>
2026-03-01 15:26:38,776 : INFO : EventManager : Event: ======'machine_var_audits_switches_s_flipper_left'====== Args={'value': 432, 'prev_value': 431, 'change': 1}
2026-03-01 15:26:38,815 : INFO : BallController : Found 1 ball(s) on playfield.
2026-03-01 15:26:38,815 : WARNING : BallController : Playfields still contain balls. Waiting for those to drain.
2026-03-01 15:26:38,881 : INFO : SwitchController : <<<<<<< 's_flipper_left' inactive >>>>>>>
2026-03-01 15:26:39,085 : INFO : SwitchController : <<<<<<< 's_flipper_right_lower' active >>>>>>>
2026-03-01 15:26:39,085 : INFO : EventManager : Event: ======'machine_var_audits_switches_s_flipper_right_lower'====== Args={'value': 442, 'prev_value': 441, 'change': 1}
2026-03-01 15:26:39,086 : INFO : SwitchController : <<<<<<< 's_flipper_right_upper' active >>>>>>>
2026-03-01 15:26:39,086 : INFO : EventManager : Event: ======'machine_var_audits_switches_s_flipper_right_upper'====== Args={'value': 458, 'prev_value': 457, 'change': 1}
2026-03-01 15:26:39,196 : INFO : SwitchController : <<<<<<< 's_flipper_right_upper' inactive >>>>>>>
2026-03-01 15:26:39,203 : INFO : SwitchController : <<<<<<< 's_flipper_right_lower' inactive >>>>>>>
2026-03-01 15:26:39,227 : INFO : SwitchController : <<<<<<< 's_flipper_left' active >>>>>>>
2026-03-01 15:26:39,227 : INFO : EventManager : Event: ======'machine_var_audits_switches_s_flipper_left'====== Args={'value': 433, 'prev_value': 432, 'change': 1}
2026-03-01 15:26:39,328 : INFO : SwitchController : <<<<<<< 's_flipper_left' inactive >>>>>>>
2026-03-01 15:26:39,363 : INFO : SwitchController : <<<<<<< 's_flipper_right_lower' active >>>>>>>
2026-03-01 15:26:39,363 : INFO : EventManager : Event: ======'machine_var_audits_switches_s_flipper_right_lower'====== Args={'value': 443, 'prev_value': 442, 'change': 1}
2026-03-01 15:26:39,364 : INFO : SwitchController : <<<<<<< 's_flipper_right_upper' active >>>>>>>
2026-03-01 15:26:39,364 : INFO : EventManager : Event: ======'machine_var_audits_switches_s_flipper_right_upper'====== Args={'value': 459, 'prev_value': 458, 'change': 1}
2026-03-01 15:26:39,470 : INFO : SwitchController : <<<<<<< 's_flipper_right_upper' inactive >>>>>>>
2026-03-01 15:26:39,477 : INFO : SwitchController : <<<<<<< 's_flipper_right_lower' inactive >>>>>>>
2026-03-01 15:26:39,509 : INFO : SwitchController : <<<<<<< 's_flipper_left' active >>>>>>>
2026-03-01 15:26:39,509 : INFO : EventManager : Event: ======'machine_var_audits_switches_s_flipper_left'====== Args={'value': 434, 'prev_value': 433, 'change': 1}
2026-03-01 15:26:39,620 : INFO : SwitchController : <<<<<<< 's_flipper_left' inactive >>>>>>>
2026-03-01 15:26:39,881 : INFO : BallController : Found 1 ball(s) on playfield.
2026-03-01 15:26:39,881 : WARNING : BallController : Playfields still contain balls. Waiting for those to drain.
2026-03-01 15:26:40,883 : INFO : BallController : Found 1 ball(s) on playfield.
2026-03-01 15:26:40,883 : WARNING : BallController : Playfields still contain balls. Waiting for those to drain.
2026-03-01 15:26:40,958 : INFO : SwitchController : <<<<<<< 's_trough_6' inactive >>>>>>>
2026-03-01 15:26:41,459 : INFO : ball_device.bd_trough : BCH: Count is unstable. Trying to reorder balls.
2026-03-01 15:26:41,459 : WARNING : ball_device.bd_trough : Cannot reorder device because eject_coil_reorder_pulse is not configured
2026-03-01 15:26:41,459 : INFO : ball_device.bd_trough : BCH: Repulse done. Waiting for balls to settle.
2026-03-01 15:26:41,884 : INFO : BallController : Found 1 ball(s) on playfield.
2026-03-01 15:26:41,884 : WARNING : BallController : Playfields still contain balls. Waiting for those to drain.
2026-03-01 15:26:42,886 : INFO : BallController : Found 1 ball(s) on playfield.
2026-03-01 15:26:42,886 : WARNING : BallController : Playfields still contain balls. Waiting for those to drain.
2026-03-01 15:26:43,886 : INFO : BallController : Found 1 ball(s) on playfield.
2026-03-01 15:26:43,887 : WARNING : BallController : Playfields still contain balls. Waiting for those to drain.
2026-03-01 15:26:44,697 : INFO : SwitchController : <<<<<<< 's_flipper_left' active >>>>>>>
2026-03-01 15:26:44,697 : INFO : EventManager : Event: ======'machine_var_audits_switches_s_flipper_left'====== Args={'value': 435, 'prev_value': 434, 'change': 1}
2026-03-01 15:26:44,862 : INFO : SwitchController : <<<<<<< 's_flipper_left' inactive >>>>>>>
2026-03-01 15:26:44,887 : INFO : BallController : Found 1 ball(s) on playfield.
2026-03-01 15:26:44,887 : WARNING : BallController : Playfields still contain balls. Waiting for those to drain.
2026-03-01 15:26:44,964 : INFO : SwitchController : <<<<<<< 's_flipper_right_lower' active >>>>>>>
2026-03-01 15:26:44,964 : INFO : EventManager : Event: ======'machine_var_audits_switches_s_flipper_right_lower'====== Args={'value': 444, 'prev_value': 443, 'change': 1}
2026-03-01 15:26:44,965 : INFO : SwitchController : <<<<<<< 's_flipper_right_upper' active >>>>>>>
2026-03-01 15:26:44,965 : INFO : EventManager : Event: ======'machine_var_audits_switches_s_flipper_right_upper'====== Args={'value': 460, 'prev_value': 459, 'change': 1}
2026-03-01 15:26:45,080 : INFO : SwitchController : <<<<<<< 's_flipper_right_upper' inactive >>>>>>>
2026-03-01 15:26:45,086 : INFO : SwitchController : <<<<<<< 's_flipper_right_lower' inactive >>>>>>>
2026-03-01 15:26:45,100 : INFO : SwitchController : <<<<<<< 's_flipper_left' active >>>>>>>
2026-03-01 15:26:45,100 : INFO : EventManager : Event: ======'machine_var_audits_switches_s_flipper_left'====== Args={'value': 436, 'prev_value': 435, 'change': 1}
2026-03-01 15:26:45,212 : INFO : SwitchController : <<<<<<< 's_flipper_left' inactive >>>>>>>
2026-03-01 15:26:45,279 : INFO : SwitchController : <<<<<<< 's_flipper_right_lower' active >>>>>>>
2026-03-01 15:26:45,279 : INFO : EventManager : Event: ======'machine_var_audits_switches_s_flipper_right_lower'====== Args={'value': 445, 'prev_value': 444, 'change': 1}
2026-03-01 15:26:45,282 : INFO : SwitchController : <<<<<<< 's_flipper_right_upper' active >>>>>>>
2026-03-01 15:26:45,282 : INFO : EventManager : Event: ======'machine_var_audits_switches_s_flipper_right_upper'====== Args={'value': 461, 'prev_value': 460, 'change': 1}
2026-03-01 15:26:45,389 : INFO : SwitchController : <<<<<<< 's_flipper_left' active >>>>>>>
2026-03-01 15:26:45,389 : INFO : EventManager : Event: ======'machine_var_audits_switches_s_flipper_left'====== Args={'value': 437, 'prev_value': 436, 'change': 1}
2026-03-01 15:26:45,405 : INFO : SwitchController : <<<<<<< 's_flipper_right_upper' inactive >>>>>>>
2026-03-01 15:26:45,407 : INFO : SwitchController : <<<<<<< 's_flipper_right_lower' inactive >>>>>>>
2026-03-01 15:26:45,511 : INFO : SwitchController : <<<<<<< 's_flipper_left' inactive >>>>>>>
2026-03-01 15:26:45,888 : INFO : BallController : Found 1 ball(s) on playfield.
2026-03-01 15:26:45,888 : WARNING : BallController : Playfields still contain balls. Waiting for those to drain.
2026-03-01 15:26:46,888 : INFO : BallController : Found 1 ball(s) on playfield.
2026-03-01 15:26:46,889 : WARNING : BallController : Playfields still contain balls. Waiting for those to drain.
2026-03-01 15:26:47,082 : INFO : ball_device.bd_plunger : State: failed_confirm
2026-03-01 15:26:47,082 : INFO : ball_device.bd_plunger : Got timeout (10.0s) before confirm from <playfield.playfield>
2026-03-01 15:26:47,183 : INFO : ball_device.bd_plunger : Confirming eject because target is playfield and ball did not return.
2026-03-01 15:26:47,183 : INFO : ball_device.bd_plunger : Eject successful
2026-03-01 15:26:47,184 : INFO : EventManager : Event: ======'balldevice_bd_plunger_ball_eject_success'====== Args={'balls': 1, 'target': <playfield.playfield>}
2026-03-01 15:26:47,184 : INFO : EventManager : Event: ======'balldevice_playfield_ball_enter'====== Args={'new_balls': 1, 'unclaimed_balls': 1, 'device': <playfield.playfield>}
2026-03-01 15:26:47,184 : INFO : EventManager : Event: ======'playfield_ball_count_change'====== Args={'balls': 1, 'change': 1}
2026-03-01 15:26:47,185 : INFO : EventManager : Event: ======'balldevice_bd_plunger_ball_count_changed'====== Args={'balls': 0}
2026-03-01 15:26:47,185 : INFO : ball_device.bd_plunger : State: idle
2026-03-01 15:26:47,890 : INFO : BallController : Found 1 ball(s) on playfield.
2026-03-01 15:26:47,890 : WARNING : BallController : Playfields still contain balls. Waiting for those to drain.
2026-03-01 15:26:48,891 : INFO : BallController : Found 1 ball(s) on playfield.
2026-03-01 15:26:48,891 : WARNING : BallController : Playfields still contain balls. Waiting for those to drain.
2026-03-01 15:26:49,892 : INFO : BallController : Found 1 ball(s) on playfield.
2026-03-01 15:26:49,893 : WARNING : BallController : Playfields still contain balls. Waiting for those to drain.
2026-03-01 15:26:50,893 : INFO : BallController : Found 1 ball(s) on playfield.
2026-03-01 15:26:50,893 : WARNING : BallController : Playfields still contain balls. Waiting for those to drain.
2026-03-01 15:26:51,893 : INFO : BallController : Found 1 ball(s) on playfield.
2026-03-01 15:26:51,893 : WARNING : BallController : Playfields still contain balls. Waiting for those to drain.
2026-03-01 15:26:52,894 : INFO : BallController : Found 1 ball(s) on playfield.
2026-03-01 15:26:52,894 : WARNING : BallController : Playfields still contain balls. Waiting for those to drain.
2026-03-01 15:26:53,894 : INFO : BallController : Found 1 ball(s) on playfield.
2026-03-01 15:26:53,894 : WARNING : BallController : Playfields still contain balls. Waiting for those to drain.
2026-03-01 15:26:54,895 : INFO : BallController : Found 1 ball(s) on playfield.
2026-03-01 15:26:54,895 : WARNING : BallController : Playfields still contain balls. Waiting for those to drain.
2026-03-01 15:26:55,896 : INFO : BallController : Found 1 ball(s) on playfield.
2026-03-01 15:26:55,896 : WARNING : BallController : Playfields still contain balls. Waiting for those to drain.
2026-03-01 15:26:56,896 : INFO : BallController : Found 1 ball(s) on playfield.
2026-03-01 15:26:56,896 : WARNING : BallController : Playfields still contain balls. Waiting for those to drain.
2026-03-01 15:26:57,897 : INFO : BallController : Found 1 ball(s) on playfield.
2026-03-01 15:26:57,897 : WARNING : BallController : Playfields still contain balls. Waiting for those to drain.
2026-03-01 15:26:58,898 : INFO : BallController : Found 1 ball(s) on playfield.
2026-03-01 15:26:58,898 : WARNING : BallController : Playfields still contain balls. Waiting for those to drain.
2026-03-01 15:26:59,899 : INFO : BallController : Found 1 ball(s) on playfield.
2026-03-01 15:26:59,899 : WARNING : BallController : Playfields still contain balls. Waiting for those to drain.
2026-03-01 15:27:00,900 : INFO : BallController : Found 1 ball(s) on playfield.
2026-03-01 15:27:00,900 : WARNING : BallController : Playfields still contain balls. Waiting for those to drain.
2026-03-01 15:27:01,900 : INFO : BallController : Found 1 ball(s) on playfield.
2026-03-01 15:27:01,900 : WARNING : BallController : Playfields still contain balls. Waiting for those to drain.
2026-03-01 15:27:02,901 : INFO : BallController : Found 1 ball(s) on playfield.
2026-03-01 15:27:02,901 : WARNING : BallController : Playfields still contain balls. Waiting for those to drain.
2026-03-01 15:27:03,902 : INFO : BallController : Found 1 ball(s) on playfield.
2026-03-01 15:27:03,902 : WARNING : BallController : Playfields still contain balls. Waiting for those to drain.
2026-03-01 15:27:04,903 : INFO : BallController : Found 1 ball(s) on playfield.
2026-03-01 15:27:04,903 : WARNING : BallController : Playfields still contain balls. Waiting for those to drain.
2026-03-01 15:27:05,904 : INFO : BallController : Found 1 ball(s) on playfield.
2026-03-01 15:27:05,904 : WARNING : BallController : Playfields still contain balls. Waiting for those to drain.
2026-03-01 15:27:06,905 : INFO : BallController : Found 1 ball(s) on playfield.
2026-03-01 15:27:06,905 : WARNING : BallController : Playfields still contain balls. Waiting for those to drain.
2026-03-01 15:27:07,906 : INFO : BallController : Found 1 ball(s) on playfield.
2026-03-01 15:27:07,907 : WARNING : BallController : Playfields still contain balls. Waiting for those to drain.
2026-03-01 15:27:08,908 : INFO : BallController : Found 1 ball(s) on playfield.
2026-03-01 15:27:08,908 : WARNING : BallController : Playfields still contain balls. Waiting for those to drain.
2026-03-01 15:27:09,909 : INFO : BallController : Found 1 ball(s) on playfield.
2026-03-01 15:27:09,909 : WARNING : BallController : Playfields still contain balls. Waiting for those to drain.
2026-03-01 15:27:10,910 : INFO : BallController : Found 1 ball(s) on playfield.
2026-03-01 15:27:10,910 : WARNING : BallController : Playfields still contain balls. Waiting for those to drain.
2026-03-01 15:27:11,912 : INFO : BallController : Found 1 ball(s) on playfield.
2026-03-01 15:27:11,912 : WARNING : BallController : Playfields still contain balls. Waiting for those to drain.
2026-03-01 15:27:12,913 : INFO : BallController : Found 1 ball(s) on playfield.
2026-03-01 15:27:12,913 : WARNING : BallController : Playfields still contain balls. Waiting for those to drain.
2026-03-01 15:27:13,914 : INFO : BallController : Found 1 ball(s) on playfield.
2026-03-01 15:27:13,914 : WARNING : BallController : Playfields still contain balls. Waiting for those to drain.
2026-03-01 15:27:14,914 : INFO : BallController : Found 1 ball(s) on playfield.
2026-03-01 15:27:14,915 : WARNING : BallController : Playfields still contain balls. Waiting for those to drain.
2026-03-01 15:27:15,915 : INFO : BallController : Found 1 ball(s) on playfield.
2026-03-01 15:27:15,915 : WARNING : BallController : Playfields still contain balls. Waiting for those to drain.
2026-03-01 15:27:16,917 : INFO : BallController : Found 1 ball(s) on playfield.
2026-03-01 15:27:16,917 : WARNING : BallController : Playfields still contain balls. Waiting for those to drain.
2026-03-01 15:27:17,918 : INFO : BallController : Found 1 ball(s) on playfield.
2026-03-01 15:27:17,918 : WARNING : BallController : Playfields still contain balls. Waiting for those to drain.
2026-03-01 15:27:18,920 : INFO : BallController : Found 1 ball(s) on playfield.
2026-03-01 15:27:18,920 : WARNING : BallController : Playfields still contain balls. Waiting for those to drain.
2026-03-01 15:27:19,920 : INFO : BallController : Found 1 ball(s) on playfield.
2026-03-01 15:27:19,920 : WARNING : BallController : Playfields still contain balls. Waiting for those to drain.
2026-03-01 15:27:20,921 : INFO : BallController : Found 1 ball(s) on playfield.
2026-03-01 15:27:20,922 : WARNING : BallController : Playfields still contain balls. Waiting for those to drain.
2026-03-01 15:27:21,923 : INFO : BallController : Found 1 ball(s) on playfield.
2026-03-01 15:27:21,923 : WARNING : BallController : Playfields still contain balls. Waiting for those to drain.
2026-03-01 15:27:22,924 : INFO : BallController : Found 1 ball(s) on playfield.
2026-03-01 15:27:22,924 : WARNING : BallController : Playfields still contain balls. Waiting for those to drain.
2026-03-01 15:27:23,925 : INFO : BallController : Found 1 ball(s) on playfield.
2026-03-01 15:27:23,926 : WARNING : BallController : Playfields still contain balls. Waiting for those to drain.
2026-03-01 15:27:24,518 : INFO : SwitchController : <<<<<<< 's_flipper_right_lower' active >>>>>>>
2026-03-01 15:27:24,518 : INFO : EventManager : Event: ======'machine_var_audits_switches_s_flipper_right_lower'====== Args={'value': 446, 'prev_value': 445, 'change': 1}
2026-03-01 15:27:24,527 : INFO : SwitchController : <<<<<<< 's_flipper_right_upper' active >>>>>>>
2026-03-01 15:27:24,527 : INFO : EventManager : Event: ======'machine_var_audits_switches_s_flipper_right_upper'====== Args={'value': 462, 'prev_value': 461, 'change': 1}
2026-03-01 15:27:24,814 : INFO : SwitchController : <<<<<<< 's_flipper_right_upper' inactive >>>>>>>
2026-03-01 15:27:24,822 : INFO : SwitchController : <<<<<<< 's_flipper_right_lower' inactive >>>>>>>
2026-03-01 15:27:24,905 : INFO : SwitchController : <<<<<<< 's_flipper_right_lower' active >>>>>>>
2026-03-01 15:27:24,905 : INFO : EventManager : Event: ======'machine_var_audits_switches_s_flipper_right_lower'====== Args={'value': 447, 'prev_value': 446, 'change': 1}
2026-03-01 15:27:24,908 : INFO : SwitchController : <<<<<<< 's_flipper_right_upper' active >>>>>>>
2026-03-01 15:27:24,908 : INFO : EventManager : Event: ======'machine_var_audits_switches_s_flipper_right_upper'====== Args={'value': 463, 'prev_value': 462, 'change': 1}
2026-03-01 15:27:24,926 : INFO : BallController : Found 1 ball(s) on playfield.
2026-03-01 15:27:24,926 : WARNING : BallController : Playfields still contain balls. Waiting for those to drain.
2026-03-01 15:27:25,052 : INFO : SwitchController : <<<<<<< 's_flipper_right_upper' inactive >>>>>>>
2026-03-01 15:27:25,068 : INFO : SwitchController : <<<<<<< 's_flipper_right_lower' inactive >>>>>>>
2026-03-01 15:27:25,098 : INFO : SwitchController : <<<<<<< 's_flipper_right_lower' active >>>>>>>
2026-03-01 15:27:25,098 : INFO : EventManager : Event: ======'machine_var_audits_switches_s_flipper_right_lower'====== Args={'value': 448, 'prev_value': 447, 'change': 1}
2026-03-01 15:27:25,103 : INFO : SwitchController : <<<<<<< 's_flipper_right_upper' active >>>>>>>
2026-03-01 15:27:25,103 : INFO : EventManager : Event: ======'machine_var_audits_switches_s_flipper_right_upper'====== Args={'value': 464, 'prev_value': 463, 'change': 1}
2026-03-01 15:27:25,137 : INFO : SwitchController : <<<<<<< 's_flipper_right_upper' inactive >>>>>>>
2026-03-01 15:27:25,137 : INFO : SwitchController : <<<<<<< 's_flipper_right_lower' inactive >>>>>>>
2026-03-01 15:27:25,926 : INFO : BallController : Found 1 ball(s) on playfield.
2026-03-01 15:27:25,927 : WARNING : BallController : Playfields still contain balls. Waiting for those to drain.
2026-03-01 15:27:26,927 : INFO : BallController : Found 1 ball(s) on playfield.
2026-03-01 15:27:26,927 : WARNING : BallController : Playfields still contain balls. Waiting for those to drain.
2026-03-01 15:27:27,928 : INFO : BallController : Found 1 ball(s) on playfield.
2026-03-01 15:27:27,928 : WARNING : BallController : Playfields still contain balls. Waiting for those to drain.
2026-03-01 15:27:28,929 : INFO : BallController : Found 1 ball(s) on playfield.
2026-03-01 15:27:28,929 : WARNING : BallController : Playfields still contain balls. Waiting for those to drain.
