2026-03-02 10:43:26,029 : INFO : root : Loading config.
2026-03-02 10:43:26,406 : INFO : ConfigProcessor : Config spec file cache created: /var/folders/1s/015t8n3n70gcr2ch4xflj4yr0000gn/T/config_spec.mpf_cache
2026-03-02 10:43:26,407 : INFO : YamlMultifileConfigLoader : Machine config file #1: config.yaml
2026-03-02 10:43:26,407 : INFO : ConfigProcessor : Loading config from cache: /var/folders/1s/015t8n3n70gcr2ch4xflj4yr0000gn/T/954ddabc670342668a09b03520c7eb79.mpf_cache
2026-03-02 10:43:26,505 : INFO : ConfigProcessor : Loading config from cache: /var/folders/1s/015t8n3n70gcr2ch4xflj4yr0000gn/T/64218df07edc412f774c53ffb33c812d.mpf_cache
2026-03-02 10:43:26,506 : INFO : ConfigProcessor : Loading config from cache: /var/folders/1s/015t8n3n70gcr2ch4xflj4yr0000gn/T/767518d75df2d86a4d35c1fb94c70abd.mpf_cache
2026-03-02 10:43:26,506 : INFO : ConfigProcessor : Loading config from cache: /var/folders/1s/015t8n3n70gcr2ch4xflj4yr0000gn/T/64218df07edc412f774c53ffb33c812d.mpf_cache
2026-03-02 10:43:26,507 : INFO : ConfigProcessor : Loading config from cache: /var/folders/1s/015t8n3n70gcr2ch4xflj4yr0000gn/T/73548cb541cc3751ae5711fe0817282a.mpf_cache
2026-03-02 10:43:26,507 : INFO : ConfigProcessor : Loading config from cache: /var/folders/1s/015t8n3n70gcr2ch4xflj4yr0000gn/T/57f006170cd447d443f971cd8b826597.mpf_cache
2026-03-02 10:43:26,508 : INFO : ConfigProcessor : Loading config from cache: /var/folders/1s/015t8n3n70gcr2ch4xflj4yr0000gn/T/adb0ea3e4ccf2dafa758999a39c1d676.mpf_cache
2026-03-02 10:43:26,508 : INFO : Machine : Mission Pinball Framework Core Engine v0.80.0.dev13
2026-03-02 10:43:26,508 : INFO : Machine : Command line arguments: {'no_load_cache': False, 'create_config_cache': True, 'bcp': True, 'configfile': ['config.yaml'], 'force_assets_load': False, 'platform_integration_test': False, 'jsonlogging': False, 'logfile': 'logs/2026-03-02-10-43-26-mpf-ANDREs-Mac-mini.local.log', 'pause': False, 'production': False, 'text_ui': True, 'loglevel': 15, 'consoleloglevel': 20, 'force_platform': None, 'syslog_address': None, 'full_logfile_path': '/Users/pinball/NapoleonDynamite/logs/2026-03-02-10-43-26-mpf-ANDREs-Mac-mini.local.log'}
2026-03-02 10:43:26,509 : INFO : Machine : MPF path: /Users/pinball/mpf/lib/python3.14/site-packages/mpf
2026-03-02 10:43:26,509 : INFO : Machine : Machine path: /Users/pinball/NapoleonDynamite
2026-03-02 10:43:26,509 : INFO : Machine : Platform: darwin
2026-03-02 10:43:26,509 : INFO : Machine : Python executable location: /Users/pinball/mpf/bin/python3.14
2026-03-02 10:43:26,509 : INFO : Machine : Python version: 3.14.3 (64-bit)
2026-03-02 10:43:26,512 : INFO : Machine : Initializing MPF...
2026-03-02 10:43:26,658 : INFO : FAST : Auto-detecting ports for the following connections: ['net', 'exp']
2026-03-02 10:43:26,690 : INFO : FAST : Detected NET on port /dev/cu.usbmodem14101
2026-03-02 10:43:27,691 : INFO : FAST : Detected EXP on port /dev/cu.usbmodem14103
2026-03-02 10:43:27,799 : INFO : FAST [NET] : Trying to connect to /dev/cu.usbmodem14101 at 921600bps
2026-03-02 10:43:27,804 : INFO : FAST [NET] : Connected to /dev/cu.usbmodem14101 at 921600bps
2026-03-02 10:43:27,806 : INFO : FAST [NET] : Connected to FP-CPU-2000 with firmware v02.26
2026-03-02 10:43:27,809 : INFO : FAST [NET] : Registered I/O Board 0: Model: FP-I/O-0024, Firmware: 01.10, Switches: 24, Drivers: 8
2026-03-02 10:43:27,810 : INFO : FAST [NET] : Registered I/O Board 1: Model: FP-I/O-3208, Firmware: 01.10, Switches: 32, Drivers: 8
2026-03-02 10:43:27,812 : INFO : FAST [NET] : Registered I/O Board 2: Model: FP-I/O-0804, Firmware: 01.10, Switches: 8, Drivers: 4
2026-03-02 10:43:27,818 : INFO : FAST [EXP] : Trying to connect to /dev/cu.usbmodem14103 at 921600bps
2026-03-02 10:43:27,823 : INFO : FAST [EXP] : Connected to /dev/cu.usbmodem14103 at 921600bps
2026-03-02 10:43:27,825 : INFO : FAST [EXP] : Verifying hardware for EXP "neuron" (FP-EXP-2000, @48) with ID string "EXP FP-EXP-2000  0.34", board address 48
2026-03-02 10:43:27,826 : INFO : FAST [EXP] : Verifying hardware for EXP "neuron" (FP-EXP-2000, @48) with ID string "LED FP-BRK-0001  0.8", board address 480
2026-03-02 10:43:27,827 : INFO : EventManager : Event: ======'machine_var_credits_string'====== Args={'value': 'FREE PLAY', 'prev_value': None, 'change': True}
2026-03-02 10:43:27,853 : INFO : EventManager : Event: ======'machine_var_master_volume'====== Args={'value': 0.5, 'prev_value': None, 'change': True}
2026-03-02 10:43:27,853 : INFO : EventManager : Event: ======'machine_var_mpf_version'====== Args={'value': 'Mission Pinball Framework v0.80.0.dev13', 'prev_value': None, 'change': True}
2026-03-02 10:43:27,854 : INFO : EventManager : Event: ======'machine_var_mpf_extended_version'====== Args={'value': 'Mission Pinball Framework v0.80.0.dev13, Config version:6, Show version: 6, BCP version:1.1', 'prev_value': None, 'change': True}
2026-03-02 10:43:27,854 : INFO : EventManager : Event: ======'machine_var_python_version'====== Args={'value': '3.14.3', 'prev_value': None, 'change': True}
2026-03-02 10:43:27,878 : INFO : EventManager : Event: ======'machine_var_platform'====== Args={'value': 'macOS-14.8.4-x86_64-i386-64bit-Mach-O', 'prev_value': None, 'change': True}
2026-03-02 10:43:27,879 : INFO : EventManager : Event: ======'machine_var_platform_system'====== Args={'value': 'Darwin', 'prev_value': None, 'change': True}
2026-03-02 10:43:27,879 : INFO : EventManager : Event: ======'machine_var_platform_release'====== Args={'value': '23.6.0', 'prev_value': None, 'change': True}
2026-03-02 10:43:27,879 : INFO : EventManager : Event: ======'machine_var_platform_version'====== Args={'value': 'Darwin Kernel Version 23.6.0: Mon Jan 19 22:02:22 PST 2026; root:xnu-10063.141.1.710.3~1/RELEASE_X86_64', 'prev_value': None, 'change': True}
2026-03-02 10:43:27,879 : INFO : EventManager : Event: ======'machine_var_platform_machine'====== Args={'value': 'x86_64', 'prev_value': None, 'change': True}
2026-03-02 10:43:27,879 : INFO : EventManager : Event: ======'machine_var_log_file_path'====== Args={'value': '/Users/pinball/NapoleonDynamite/logs/2026-03-02-10-43-26-mpf-ANDREs-Mac-mini.local.log', 'prev_value': None, 'change': True}
2026-03-02 10:43:27,879 : INFO : EventManager : Event: ======'init_phase_1'====== Args={}
2026-03-02 10:43:28,136 : INFO : SwitchController : <<<<<<< 's_flipper_left_eos' active >>>>>>>
2026-03-02 10:43:28,137 : INFO : SwitchController : <<<<<<< 's_flipper_right_lower_eos' active >>>>>>>
2026-03-02 10:43:28,137 : INFO : SwitchController : <<<<<<< 's_trough_1' active >>>>>>>
2026-03-02 10:43:28,137 : INFO : SwitchController : <<<<<<< 's_trough_2' active >>>>>>>
2026-03-02 10:43:28,137 : INFO : SwitchController : <<<<<<< 's_trough_3' active >>>>>>>
2026-03-02 10:43:28,137 : INFO : SwitchController : <<<<<<< 's_trough_4' active >>>>>>>
2026-03-02 10:43:28,137 : INFO : SwitchController : <<<<<<< 's_trough_5' active >>>>>>>
2026-03-02 10:43:28,137 : INFO : SwitchController : <<<<<<< 's_trough_6' active >>>>>>>
2026-03-02 10:43:28,137 : INFO : SwitchController : <<<<<<< 's_trough_7' active >>>>>>>
2026-03-02 10:43:28,168 : INFO : EventManager : Event: ======'init_phase_2'====== Args={}
2026-03-02 10:43:28,169 : INFO : SwitchController : Found active switch: (37, [FAST Platform Interface]) <switch.s_flipper_left_eos>
2026-03-02 10:43:28,169 : INFO : SwitchController : Found active switch: (32, [FAST Platform Interface]) <switch.s_flipper_right_lower_eos>
2026-03-02 10:43:28,169 : INFO : SwitchController : Found active switch: (24, [FAST Platform Interface]) <switch.s_trough_1>
2026-03-02 10:43:28,169 : INFO : SwitchController : Found active switch: (25, [FAST Platform Interface]) <switch.s_trough_2>
2026-03-02 10:43:28,170 : INFO : SwitchController : Found active switch: (26, [FAST Platform Interface]) <switch.s_trough_3>
2026-03-02 10:43:28,170 : INFO : SwitchController : Found active switch: (27, [FAST Platform Interface]) <switch.s_trough_4>
2026-03-02 10:43:28,170 : INFO : SwitchController : Found active switch: (28, [FAST Platform Interface]) <switch.s_trough_5>
2026-03-02 10:43:28,170 : INFO : SwitchController : Found active switch: (29, [FAST Platform Interface]) <switch.s_trough_6>
2026-03-02 10:43:28,170 : INFO : SwitchController : Found active switch: (30, [FAST Platform Interface]) <switch.s_trough_7>
2026-03-02 10:43:28,176 : INFO : EventManager : Event: ======'bcp_connection_attempt'====== Args={'name': 'local_display', 'host': 'localhost', 'port': 5050}
2026-03-02 10:43:28,182 : INFO : BCPClientSocket : Connecting BCP to 'local_display' at localhost:5050...
2026-03-02 10:43:28,193 : INFO : BCPClientSocket : Connected BCP to 'local_display' localhost:5050
2026-03-02 10:43:28,193 : INFO : EventManager : Event: ======'bcp_clients_connected'====== Args={}
2026-03-02 10:43:28,638 : INFO : ball_device.bd_trough : BCH: Initial count: 7
2026-03-02 10:43:28,639 : INFO : ball_device.bd_trough : State: idle
2026-03-02 10:43:28,644 : INFO : ball_device.bd_plunger : BCH: Initial count: 0
2026-03-02 10:43:28,645 : INFO : ball_device.bd_plunger : State: idle
2026-03-02 10:43:28,652 : WARNING : YAML File Interface : YAML error found in file /Users/pinball/NapoleonDynamite/data/audits.yaml. Line 4, Position 15: while scanning a simple key
  in "/Users/pinball/NapoleonDynamite/data/audits.yaml", line 3, column 1
could not find expected ':'
  in "/Users/pinball/NapoleonDynamite/data/audits.yaml", line 4, column 15
2026-03-02 10:43:28,658 : INFO : EventManager : Event: ======'init_phase_3'====== Args={}
2026-03-02 10:43:28,660 : INFO : EventManager : Event: ======'init_phase_4'====== Args={}
2026-03-02 10:43:28,661 : INFO : BallController : Initial balls found: 7
2026-03-02 10:43:28,663 : INFO : EventManager : Event: ======'machine_var_audits_switches_s_inlane_right_2'====== Args={'value': 0, 'prev_value': None, 'change': True}
2026-03-02 10:43:28,663 : INFO : EventManager : Event: ======'machine_var_audits_switches_s_bumper_upper'====== Args={'value': 0, 'prev_value': None, 'change': True}
2026-03-02 10:43:28,663 : INFO : EventManager : Event: ======'machine_var_audits_switches_s_trough_3'====== Args={'value': 0, 'prev_value': None, 'change': True}
2026-03-02 10:43:28,663 : INFO : EventManager : Event: ======'machine_var_audits_switches_s_trough_4'====== Args={'value': 0, 'prev_value': None, 'change': True}
2026-03-02 10:43:28,663 : INFO : EventManager : Event: ======'machine_var_audits_switches_s_inlane_left'====== Args={'value': 0, 'prev_value': None, 'change': True}
2026-03-02 10:43:28,663 : INFO : EventManager : Event: ======'machine_var_audits_switches_s_inlane_right_1'====== Args={'value': 0, 'prev_value': None, 'change': True}
2026-03-02 10:43:28,663 : INFO : EventManager : Event: ======'machine_var_audits_switches_s_flipper_right_upper_eos'====== Args={'value': 0, 'prev_value': None, 'change': True}
2026-03-02 10:43:28,664 : INFO : EventManager : Event: ======'machine_var_audits_switches_s_bumper_lower'====== Args={'value': 0, 'prev_value': None, 'change': True}
2026-03-02 10:43:28,664 : INFO : EventManager : Event: ======'machine_var_audits_switches_s_flipper_left'====== Args={'value': 0, 'prev_value': None, 'change': True}
2026-03-02 10:43:28,664 : INFO : EventManager : Event: ======'machine_var_audits_switches_s_sling_left'====== Args={'value': 0, 'prev_value': None, 'change': True}
2026-03-02 10:43:28,664 : INFO : EventManager : Event: ======'machine_var_audits_switches_s_flipper_right_lower'====== Args={'value': 0, 'prev_value': None, 'change': True}
2026-03-02 10:43:28,664 : INFO : EventManager : Event: ======'machine_var_audits_switches_s_trough_2'====== Args={'value': 0, 'prev_value': None, 'change': True}
2026-03-02 10:43:28,664 : INFO : EventManager : Event: ======'machine_var_audits_switches_s_flipper_left_eos'====== Args={'value': 0, 'prev_value': None, 'change': True}
2026-03-02 10:43:28,664 : INFO : EventManager : Event: ======'machine_var_audits_switches_s_trough_6'====== Args={'value': 0, 'prev_value': None, 'change': True}
2026-03-02 10:43:28,664 : INFO : EventManager : Event: ======'machine_var_audits_switches_s_trough_7'====== Args={'value': 0, 'prev_value': None, 'change': True}
2026-03-02 10:43:28,664 : INFO : EventManager : Event: ======'machine_var_audits_switches_s_flipper_right_upper'====== Args={'value': 0, 'prev_value': None, 'change': True}
2026-03-02 10:43:28,664 : INFO : EventManager : Event: ======'machine_var_audits_switches_s_trough_5'====== Args={'value': 0, 'prev_value': None, 'change': True}
2026-03-02 10:43:28,664 : INFO : EventManager : Event: ======'machine_var_audits_switches_s_sling_right'====== Args={'value': 0, 'prev_value': None, 'change': True}
2026-03-02 10:43:28,664 : INFO : EventManager : Event: ======'machine_var_audits_switches_s_plunger'====== Args={'value': 0, 'prev_value': None, 'change': True}
2026-03-02 10:43:28,665 : INFO : EventManager : Event: ======'machine_var_audits_switches_s_start'====== Args={'value': 0, 'prev_value': None, 'change': True}
2026-03-02 10:43:28,665 : INFO : EventManager : Event: ======'machine_var_audits_switches_s_trough_1'====== Args={'value': 0, 'prev_value': None, 'change': True}
2026-03-02 10:43:28,665 : INFO : EventManager : Event: ======'machine_var_audits_switches_s_flipper_right_lower_eos'====== Args={'value': 0, 'prev_value': None, 'change': True}
2026-03-02 10:43:28,665 : INFO : EventManager : Event: ======'machine_var_audits_events_game_started'====== Args={'value': 0, 'prev_value': None, 'change': True}
2026-03-02 10:43:28,665 : INFO : EventManager : Event: ======'machine_var_audits_events_game_ended'====== Args={'value': 0, 'prev_value': None, 'change': True}
2026-03-02 10:43:28,665 : INFO : EventManager : Event: ======'machine_var_audits_player_score'====== Args={'value': {'top': [], 'average': 0, 'total': 0}, 'prev_value': None, 'change': True}
2026-03-02 10:43:28,666 : INFO : EventManager : Event: ======'init_phase_5'====== Args={}
2026-03-02 10:43:28,666 : INFO : ball_device.bd_trough : BCH: Count is unstable. Trying to reorder balls.
2026-03-02 10:43:28,666 : WARNING : ball_device.bd_trough : Cannot reorder device because eject_coil_reorder_pulse is not configured
2026-03-02 10:43:28,666 : INFO : ball_device.bd_trough : BCH: Repulse done. Waiting for balls to settle.
2026-03-02 10:43:28,666 : INFO : ball_device.bd_trough : BCH: Reordered count: 7
2026-03-02 10:43:28,667 : INFO : EventManager : Event: ======'init_done'====== Args={}
2026-03-02 10:43:28,667 : INFO : EventManager : Event: ======'machine_reset_phase_1'====== Args={}
2026-03-02 10:43:28,691 : INFO : EventManager : Event: ======'machine_reset_phase_2'====== Args={}
2026-03-02 10:43:28,691 : INFO : EventManager : Event: ======'machine_reset_phase_3'====== Args={}
2026-03-02 10:43:28,691 : INFO : EventManager : Event: ======'reset_complete'====== Args={}
2026-03-02 10:43:28,692 : INFO : EventManager : Event: ======'mode_attract_will_start'====== Args={}
2026-03-02 10:43:28,692 : INFO : Timer.attract_carousel_timer : Starting Timer.
2026-03-02 10:43:28,692 : INFO : EventManager : Event: ======'timer_attract_carousel_timer_started'====== Args={'ticks': 0, 'ticks_remaining': 1}
2026-03-02 10:43:28,692 : INFO : EventManager : Event: ======'timer_attract_carousel_timer_tick'====== Args={'ticks': 0, 'ticks_remaining': 1}
2026-03-02 10:43:28,693 : INFO : EventManager : Event: ======'mode_attract_starting'====== Args={}
2026-03-02 10:43:28,693 : INFO : Mode.attract : Started. Priority: 10
2026-03-02 10:43:28,694 : INFO : EventManager : Event: ======'modes_active_modes_changed'====== Args={}
2026-03-02 10:43:28,694 : INFO : EventManager : Event: ======'mode_attract_started'====== Args={}
2026-03-02 10:43:28,694 : INFO : EventManager : Event: ======'collecting_balls_complete'====== Args={}
2026-03-02 10:43:28,695 : INFO : EventManager : Event: ======'carousel_item_highlighted'====== Args={'carousel': 'attract', 'direction': None, 'item': 'title'}
2026-03-02 10:43:28,695 : INFO : EventManager : Event: ======'timer_attract_carousel_timer_tick'====== Args={'ticks': 0, 'ticks_remaining': 1}
2026-03-02 10:43:28,696 : INFO : Machine : Starting the main run loop with active modes: [<Mode.attract>]
2026-03-02 10:43:28,895 : INFO : EventManager : Event: ======'slide_attract_created'====== Args={'_from_bcp': True}
2026-03-02 10:43:28,895 : INFO : EventManager : Event: ======'slide__removed'====== Args={'_from_bcp': True}
2026-03-02 10:43:28,896 : INFO : EventManager : Event: ======'slide_attract_active'====== Args={'original_context': 'attract', 'original_calling_context': 'mode_attract_started', 'priority': 10.0, 'cmd': 'slides_play', '_from_bcp': True}
2026-03-02 10:43:31,275 : INFO : SwitchController : <<<<<<< 's_flipper_right_lower' active >>>>>>>
2026-03-02 10:43:31,275 : INFO : EventManager : Event: ======'s_flipper_right_lower_active'====== Args={}
2026-03-02 10:43:31,276 : INFO : SwitchController : <<<<<<< 's_flipper_right_upper' active >>>>>>>
2026-03-02 10:43:31,276 : INFO : EventManager : Event: ======'carousel_item_highlighted'====== Args={'carousel': 'attract', 'direction': 'forwards', 'item': 'credits'}
2026-03-02 10:43:31,277 : INFO : EventManager : Event: ======'timer_attract_carousel_timer_tick'====== Args={'ticks': 0, 'ticks_remaining': 1}
2026-03-02 10:43:31,382 : INFO : SwitchController : <<<<<<< 's_flipper_right_upper' inactive >>>>>>>
2026-03-02 10:43:31,392 : INFO : SwitchController : <<<<<<< 's_flipper_right_lower' inactive >>>>>>>
2026-03-02 10:43:32,116 : INFO : SwitchController : <<<<<<< 's_flipper_left' active >>>>>>>
2026-03-02 10:43:32,116 : INFO : EventManager : Event: ======'s_flipper_left_active'====== Args={}
2026-03-02 10:43:32,116 : INFO : EventManager : Event: ======'carousel_item_highlighted'====== Args={'carousel': 'attract', 'direction': 'backwards', 'item': 'title'}
2026-03-02 10:43:32,117 : INFO : EventManager : Event: ======'timer_attract_carousel_timer_tick'====== Args={'ticks': 0, 'ticks_remaining': 1}
2026-03-02 10:43:32,257 : INFO : SwitchController : <<<<<<< 's_flipper_left' inactive >>>>>>>
2026-03-02 10:43:34,710 : INFO : SwitchController : <<<<<<< 's_start' active >>>>>>>
2026-03-02 10:43:34,862 : INFO : SwitchController : <<<<<<< 's_start' inactive >>>>>>>
2026-03-02 10:43:34,862 : INFO : EventManager : Event: ======'request_to_start_game'====== Args={}
2026-03-02 10:43:34,863 : INFO : EventManager : Event: ======'game_start'====== Args={'buttons': [], 'hold_time': 0.1520083169998543}
2026-03-02 10:43:34,863 : INFO : EventManager : Event: ======'mode_game_will_start'====== Args={'buttons': [], 'hold_time': 0.1520083169998543}
2026-03-02 10:43:34,864 : INFO : EventManager : Event: ======'mode_game_starting'====== Args={'buttons': [], 'hold_time': 0.1520083169998543}
2026-03-02 10:43:34,864 : INFO : EventManager : Event: ======'mode_attract_will_stop'====== Args={}
2026-03-02 10:43:34,864 : INFO : EventManager : Event: ======'mode_attract_stopping'====== Args={}
2026-03-02 10:43:34,864 : INFO : Mode.attract : Stopped.
2026-03-02 10:43:34,864 : INFO : EventManager : Event: ======'modes_active_modes_changed'====== Args={}
2026-03-02 10:43:34,865 : INFO : EventManager : Event: ======'mode_attract_stopped'====== Args={}
2026-03-02 10:43:34,865 : INFO : EventManager : Event: ======'clear'====== Args={'key': 'attract'}
2026-03-02 10:43:34,865 : INFO : Timer.attract_carousel_timer : Stopping Timer
2026-03-02 10:43:34,865 : INFO : EventManager : Event: ======'timer_attract_carousel_timer_stopped'====== Args={'ticks': 0, 'ticks_remaining': 1}
2026-03-02 10:43:34,865 : INFO : Mode.game : Started. Priority: 20
2026-03-02 10:43:34,865 : INFO : EventManager : Event: ======'modes_active_modes_changed'====== Args={}
2026-03-02 10:43:34,866 : INFO : EventManager : Event: ======'mode_game_started'====== Args={'buttons': [], 'hold_time': 0.1520083169998543}
2026-03-02 10:43:34,867 : INFO : EventManager : Event: ======'game_will_start'====== Args={}
2026-03-02 10:43:34,867 : INFO : EventManager : Event: ======'game_starting'====== Args={'game': <Mode.game>}
2026-03-02 10:43:34,868 : INFO : EventManager : Unordered handler for class <Auditor> on event game_ended with priority 1. Handlers: [RegisteredHandler(callback=<bound method Auditor.disable of <Auditor>>, priority=1, kwargs={}, key=UUID('4667daf9-3227-4cbc-bbaf-7c0acb85824e'), condition=None, blocking_facility=None), RegisteredHandler(callback=<bound method Auditor._save_audits of <Auditor>>, priority=1, kwargs={}, key=UUID('66d28cbd-e291-4090-956b-2f5c4cdd97fd'), condition=None, blocking_facility=None)]. The order of those handlers is not defined and they will be executed in random order. This might lead to race conditions and potential bugs.
2026-03-02 10:43:34,869 : INFO : EventManager : Event: ======'player_add_request'====== Args={}
2026-03-02 10:43:34,869 : INFO : EventManager : Event: ======'player_will_add'====== Args={'number': 1}
2026-03-02 10:43:34,869 : INFO : EventManager : Event: ======'player_adding'====== Args={'player': <Player 1>, 'number': 1}
2026-03-02 10:43:34,869 : INFO : EventManager : Event: ======'player_added'====== Args={'player': <Player 1>, 'num': 1}
2026-03-02 10:43:34,869 : INFO : Mode.game : Player added successfully. Total players: 1
2026-03-02 10:43:34,870 : INFO : EventManager : Event: ======'player_index'====== Args={'value': 0, 'prev_value': 0, 'change': 0, 'player_num': 1}
2026-03-02 10:43:34,870 : INFO : EventManager : Event: ======'player_number'====== Args={'value': 1, 'prev_value': 1, 'change': 0, 'player_num': 1}
2026-03-02 10:43:34,870 : INFO : EventManager : Event: ======'player_score'====== Args={'value': 0, 'prev_value': 0, 'change': 0, 'player_num': 1}
2026-03-02 10:43:34,871 : INFO : EventManager : Event: ======'game_started'====== Args={}
2026-03-02 10:43:34,871 : INFO : EventManager : Event: ======'player_turn_will_start'====== Args={'player': <Player 1>, 'number': 1}
2026-03-02 10:43:34,885 : INFO : EventManager : Event: ======'player_turn_starting'====== Args={'player': <Player 1>, 'number': 1}
2026-03-02 10:43:34,886 : INFO : EventManager : Event: ======'player_ball'====== Args={'value': 1, 'prev_value': 0, 'change': 1, 'player_num': 1}
2026-03-02 10:43:34,886 : INFO : EventManager : Event: ======'player_turn_started'====== Args={'player': <Player 1>, 'number': 1}
2026-03-02 10:43:34,888 : INFO : EventManager : Event: ======'ball_will_start'====== Args={'player': 1, 'ball': 1, 'balls_remaining': 2, 'is_extra_ball': False}
2026-03-02 10:43:34,888 : INFO : EventManager : Event: ======'ball_starting'====== Args={'player': 1, 'ball': 1, 'balls_remaining': 2, 'is_extra_ball': False}
2026-03-02 10:43:34,888 : INFO : EventManager : Event: ======'mode_base_will_start'====== Args={'queue': <QueuedEvent>, 'player': 1, 'ball': 1, 'balls_remaining': 2, 'is_extra_ball': False}
2026-03-02 10:43:34,889 : INFO : EventManager : Event: ======'player_shot_left_lane_enabled'====== Args={'value': True, 'prev_value': 0, 'change': 1, 'player_num': 1}
2026-03-02 10:43:34,891 : INFO : EventManager : Event: ======'mode_base_starting'====== Args={'queue': <QueuedEvent>, 'player': 1, 'ball': 1, 'balls_remaining': 2, 'is_extra_ball': False}
2026-03-02 10:43:34,891 : INFO : Mode.base : Started. Priority: 100
2026-03-02 10:43:34,892 : INFO : EventManager : Event: ======'modes_active_modes_changed'====== Args={}
2026-03-02 10:43:34,892 : INFO : EventManager : Event: ======'mode_base_started'====== Args={'queue': <QueuedEvent>, 'player': 1, 'ball': 1, 'balls_remaining': 2, 'is_extra_ball': False}
2026-03-02 10:43:34,892 : INFO : EventManager : Event: ======'start_mode_bumpers'====== Args={'priority': 0}
2026-03-02 10:43:34,894 : INFO : EventManager : Event: ======'mode_bumpers_will_start'====== Args={'priority': 0}
2026-03-02 10:43:34,895 : INFO : EventManager : Event: ======'player_shot_sling_left_enabled'====== Args={'value': True, 'prev_value': 0, 'change': 1, 'player_num': 1}
2026-03-02 10:43:34,896 : INFO : EventManager : Event: ======'player_shot_sling_right_enabled'====== Args={'value': True, 'prev_value': 0, 'change': 1, 'player_num': 1}
2026-03-02 10:43:34,896 : INFO : EventManager : Event: ======'slings_complete'====== Args={'state': 'unlit'}
2026-03-02 10:43:34,896 : INFO : EventManager : Event: ======'slings_unlit_complete'====== Args={}
2026-03-02 10:43:34,898 : INFO : EventManager : Event: ======'mode_bumpers_starting'====== Args={'priority': 0}
2026-03-02 10:43:34,898 : INFO : Mode.bumpers : Started. Priority: 200
2026-03-02 10:43:34,898 : INFO : EventManager : Event: ======'modes_active_modes_changed'====== Args={}
2026-03-02 10:43:34,898 : INFO : EventManager : Event: ======'mode_bumpers_started'====== Args={'priority': 0}
2026-03-02 10:43:34,899 : INFO : EventManager : Event: ======'balls_in_play'====== Args={'balls': 1}
2026-03-02 10:43:34,899 : INFO : EventManager : Event: ======'ball_started'====== Args={'player': 1, 'ball': 1, 'balls_remaining': 2, 'is_extra_ball': False}
2026-03-02 10:43:34,906 : INFO : EventManager : Event: ======'single_player_ball_started'====== Args={}
2026-03-02 10:43:34,906 : INFO : EventManager : Event: ======'ball_start_target'====== Args={'target': 'playfield'}
2026-03-02 10:43:34,906 : INFO : ball_device.bd_plunger : Setting up player-controlled eject. Balls: 1, Target: <playfield.playfield>, player_controlled_eject_event: None
2026-03-02 10:43:34,907 : INFO : EventManager : Event: ======'balldevice_balls_available'====== Args={}
2026-03-02 10:43:34,908 : INFO : ball_device.bd_trough : State: waiting_for_target_ready
2026-03-02 10:43:34,908 : INFO : EventManager : Event: ======'balldevice_bd_trough_ball_eject_attempt'====== Args={'balls': 1, 'target': <ball_device.bd_plunger>, 'source': <ball_device.bd_trough>, 'mechanical_eject': True, 'num_attempts': 0}
2026-03-02 10:43:34,908 : INFO : ball_device.bd_plunger : State: waiting_for_ball
2026-03-02 10:43:34,909 : INFO : ball_device.bd_trough : State: ejecting
2026-03-02 10:43:34,909 : INFO : ball_device.bd_trough : Ejecting ball to <ball_device.bd_plunger>
2026-03-02 10:43:34,909 : INFO : EventManager : Event: ======'balldevice_bd_trough_ejecting_ball'====== Args={'balls': 1, 'target': <ball_device.bd_plunger>, 'source': <ball_device.bd_trough>, 'mechanical_eject': True, 'num_attempts': 0}
2026-03-02 10:43:34,910 : INFO : ball_device.bd_trough : Wait for ball to leave device
2026-03-02 10:43:34,911 : INFO : coil.c_trough_eject : Pulsing Driver for 15ms (1.0 pulse_power)
2026-03-02 10:43:34,981 : INFO : EventManager : Event: ======'slide_base_slide_created'====== Args={'_from_bcp': True}
2026-03-02 10:43:34,982 : INFO : EventManager : Event: ======'slide_attract_inactive'====== Args={'is_removing': True, '_from_bcp': True}
2026-03-02 10:43:34,982 : INFO : EventManager : Event: ======'slide_base_slide_active'====== Args={'original_context': 'base', 'original_calling_context': 'mode_base_started', 'priority': 100.0, 'queue': '<QueuedEvent>', 'player': 1.0, 'ball': 1.0, 'balls_remaining': 2.0, 'is_extra_ball': False, 'cmd': 'slides_play', '_from_bcp': True}
2026-03-02 10:43:34,982 : INFO : EventManager : Event: ======'slide_attract_removed'====== Args={'_from_bcp': True}
2026-03-02 10:43:37,912 : INFO : EventManager : Event: ======'balldevice_bd_trough_ball_eject_failed'====== Args={'target': <ball_device.bd_plunger>, 'balls': 1, 'retry': True, 'num_attempts': 1}
2026-03-02 10:43:37,913 : INFO : ball_device.bd_trough : State: waiting_for_target_ready
2026-03-02 10:43:37,913 : INFO : EventManager : Event: ======'balldevice_bd_trough_ball_eject_attempt'====== Args={'balls': 1, 'target': <ball_device.bd_plunger>, 'source': <ball_device.bd_trough>, 'mechanical_eject': True, 'num_attempts': 1}
2026-03-02 10:43:37,913 : INFO : ball_device.bd_trough : State: ejecting
2026-03-02 10:43:37,914 : INFO : ball_device.bd_trough : Ejecting ball to <ball_device.bd_plunger>
2026-03-02 10:43:37,914 : INFO : EventManager : Event: ======'balldevice_bd_trough_ejecting_ball'====== Args={'balls': 1, 'target': <ball_device.bd_plunger>, 'source': <ball_device.bd_trough>, 'mechanical_eject': True, 'num_attempts': 1}
2026-03-02 10:43:37,914 : INFO : ball_device.bd_trough : Wait for ball to leave device
2026-03-02 10:43:37,915 : INFO : coil.c_trough_eject : Pulsing Driver for 15ms (1.0 pulse_power)
2026-03-02 10:43:40,915 : INFO : EventManager : Event: ======'balldevice_bd_trough_ball_eject_failed'====== Args={'target': <ball_device.bd_plunger>, 'balls': 1, 'retry': True, 'num_attempts': 2}
2026-03-02 10:43:40,916 : INFO : ball_device.bd_trough : State: waiting_for_target_ready
2026-03-02 10:43:40,916 : INFO : EventManager : Event: ======'balldevice_bd_trough_ball_eject_attempt'====== Args={'balls': 1, 'target': <ball_device.bd_plunger>, 'source': <ball_device.bd_trough>, 'mechanical_eject': True, 'num_attempts': 2}
2026-03-02 10:43:40,917 : INFO : ball_device.bd_trough : State: ejecting
2026-03-02 10:43:40,917 : INFO : ball_device.bd_trough : Ejecting ball to <ball_device.bd_plunger>
2026-03-02 10:43:40,917 : INFO : EventManager : Event: ======'balldevice_bd_trough_ejecting_ball'====== Args={'balls': 1, 'target': <ball_device.bd_plunger>, 'source': <ball_device.bd_trough>, 'mechanical_eject': True, 'num_attempts': 2}
2026-03-02 10:43:40,917 : INFO : ball_device.bd_trough : Wait for ball to leave device
2026-03-02 10:43:40,918 : INFO : coil.c_trough_eject : Pulsing Driver for 15ms (1.0 pulse_power)
2026-03-02 10:43:43,745 : INFO : SwitchController : <<<<<<< 's_trough_4' inactive >>>>>>>
2026-03-02 10:43:43,746 : INFO : ball_device.bd_trough : State: ball_left
2026-03-02 10:43:43,746 : INFO : ball_device.bd_trough : Ball left
2026-03-02 10:43:43,746 : INFO : ball_device.bd_trough : Wait for confirm with timeout 3.0
2026-03-02 10:43:43,782 : INFO : SwitchController : <<<<<<< 's_trough_4' active >>>>>>>
2026-03-02 10:43:43,783 : INFO : EventManager : Event: ======'machine_var_audits_switches_s_trough_4'====== Args={'value': 1, 'prev_value': 0, 'change': 1}
2026-03-02 10:43:43,830 : INFO : SwitchController : <<<<<<< 's_trough_3' inactive >>>>>>>
2026-03-02 10:43:43,929 : INFO : SwitchController : <<<<<<< 's_trough_3' active >>>>>>>
2026-03-02 10:43:43,930 : INFO : EventManager : Event: ======'machine_var_audits_switches_s_trough_3'====== Args={'value': 1, 'prev_value': 0, 'change': 1}
2026-03-02 10:43:43,938 : INFO : SwitchController : <<<<<<< 's_trough_2' inactive >>>>>>>
2026-03-02 10:43:44,006 : INFO : SwitchController : <<<<<<< 's_trough_2' active >>>>>>>
2026-03-02 10:43:44,006 : INFO : EventManager : Event: ======'machine_var_audits_switches_s_trough_2'====== Args={'value': 1, 'prev_value': 0, 'change': 1}
2026-03-02 10:43:44,025 : INFO : SwitchController : <<<<<<< 's_trough_1' inactive >>>>>>>
2026-03-02 10:43:46,747 : INFO : ball_device.bd_trough : State: failed_confirm
2026-03-02 10:43:46,748 : INFO : ball_device.bd_trough : Got timeout (3.0s) before confirm from <ball_device.bd_plunger>
2026-03-02 10:43:46,748 : INFO : ball_device.bd_plunger : Expecting incoming ball which may skip the device.
2026-03-02 10:43:46,749 : INFO : EventManager : Event: ======'balldevice_bd_plunger_ejecting_ball'====== Args={'balls': 1, 'target': <playfield.playfield>, 'source': <ball_device.bd_plunger>, 'mechanical_eject': False, 'num_attempts': 1}
2026-03-02 10:43:51,750 : INFO : ball_device.bd_plunger : Got confirm for skipping ball.
2026-03-02 10:43:51,750 : INFO : ball_device.bd_plunger : Eject successful
2026-03-02 10:43:51,750 : INFO : EventManager : Event: ======'balldevice_bd_plunger_ball_eject_success'====== Args={'balls': 1, 'target': <playfield.playfield>}
2026-03-02 10:43:51,750 : INFO : EventManager : Event: ======'balldevice_playfield_ball_enter'====== Args={'new_balls': 1, 'unclaimed_balls': 1, 'device': <playfield.playfield>}
2026-03-02 10:43:51,750 : INFO : EventManager : Event: ======'playfield_ball_count_change'====== Args={'balls': 1, 'change': 1}
2026-03-02 10:43:51,751 : INFO : ball_device.bd_plunger : State: idle
2026-03-02 10:43:51,751 : INFO : ball_device.bd_trough : Eject successful
2026-03-02 10:43:51,752 : INFO : EventManager : Event: ======'balldevice_bd_trough_ball_eject_success'====== Args={'balls': 1, 'target': <ball_device.bd_plunger>}
2026-03-02 10:43:51,752 : INFO : EventManager : Event: ======'balldevice_bd_trough_ball_count_changed'====== Args={'balls': 6}
2026-03-02 10:43:51,752 : INFO : ball_device.bd_trough : State: idle
2026-03-02 10:43:53,025 : INFO : SwitchController : <<<<<<< 's_trough_6' inactive >>>>>>>
2026-03-02 10:43:53,040 : INFO : SwitchController : <<<<<<< 's_trough_6' active >>>>>>>
2026-03-02 10:43:53,040 : INFO : EventManager : Event: ======'machine_var_audits_switches_s_trough_6'====== Args={'value': 1, 'prev_value': 0, 'change': 1}
2026-03-02 10:43:53,057 : INFO : SwitchController : <<<<<<< 's_trough_5' inactive >>>>>>>
2026-03-02 10:43:53,073 : INFO : SwitchController : <<<<<<< 's_trough_5' active >>>>>>>
2026-03-02 10:43:53,073 : INFO : EventManager : Event: ======'machine_var_audits_switches_s_trough_5'====== Args={'value': 1, 'prev_value': 0, 'change': 1}
2026-03-02 10:43:53,089 : INFO : SwitchController : <<<<<<< 's_trough_4' inactive >>>>>>>
2026-03-02 10:43:53,095 : INFO : SwitchController : <<<<<<< 's_trough_5' inactive >>>>>>>
2026-03-02 10:43:53,118 : INFO : SwitchController : <<<<<<< 's_trough_2' inactive >>>>>>>
2026-03-02 10:43:53,145 : INFO : SwitchController : <<<<<<< 's_trough_2' active >>>>>>>
2026-03-02 10:43:53,145 : INFO : EventManager : Event: ======'machine_var_audits_switches_s_trough_2'====== Args={'value': 2, 'prev_value': 1, 'change': 1}
2026-03-02 10:43:53,155 : INFO : SwitchController : <<<<<<< 's_trough_4' active >>>>>>>
2026-03-02 10:43:53,155 : INFO : EventManager : Event: ======'machine_var_audits_switches_s_trough_4'====== Args={'value': 2, 'prev_value': 1, 'change': 1}
2026-03-02 10:43:53,168 : INFO : SwitchController : <<<<<<< 's_trough_3' inactive >>>>>>>
2026-03-02 10:43:53,246 : INFO : SwitchController : <<<<<<< 's_trough_2' inactive >>>>>>>
2026-03-02 10:43:53,251 : INFO : SwitchController : <<<<<<< 's_trough_5' active >>>>>>>
2026-03-02 10:43:53,251 : INFO : EventManager : Event: ======'machine_var_audits_switches_s_trough_5'====== Args={'value': 2, 'prev_value': 1, 'change': 1}
2026-03-02 10:43:53,262 : INFO : SwitchController : <<<<<<< 's_trough_4' inactive >>>>>>>
2026-03-02 10:43:54,044 : INFO : SwitchController : <<<<<<< 's_trough_5' inactive >>>>>>>
2026-03-02 10:43:54,112 : INFO : SwitchController : <<<<<<< 's_trough_6' inactive >>>>>>>
2026-03-02 10:43:54,171 : INFO : SwitchController : <<<<<<< 's_trough_6' active >>>>>>>
2026-03-02 10:43:54,171 : INFO : EventManager : Event: ======'machine_var_audits_switches_s_trough_6'====== Args={'value': 2, 'prev_value': 1, 'change': 1}
2026-03-02 10:43:54,319 : INFO : SwitchController : <<<<<<< 's_trough_6' inactive >>>>>>>
2026-03-02 10:43:54,820 : INFO : ball_device.bd_trough : BCH: Count is unstable. Trying to reorder balls.
2026-03-02 10:43:54,821 : WARNING : ball_device.bd_trough : Cannot reorder device because eject_coil_reorder_pulse is not configured
2026-03-02 10:43:54,821 : INFO : ball_device.bd_trough : BCH: Repulse done. Waiting for balls to settle.
2026-03-02 10:43:54,821 : INFO : ball_device.bd_trough : BCH: Count is unstable. Trying to reorder balls.
2026-03-02 10:43:54,822 : WARNING : ball_device.bd_trough : Cannot reorder device because eject_coil_reorder_pulse is not configured
2026-03-02 10:43:54,822 : INFO : ball_device.bd_trough : BCH: Repulse done. Waiting for balls to settle.
2026-03-02 10:43:54,823 : INFO : ball_device.bd_trough : BCH: Count is unstable. Trying to reorder balls.
2026-03-02 10:43:54,823 : WARNING : ball_device.bd_trough : Cannot reorder device because eject_coil_reorder_pulse is not configured
2026-03-02 10:43:54,823 : INFO : ball_device.bd_trough : BCH: Repulse done. Waiting for balls to settle.
