2026-03-01 18:54:44,340 : INFO : root : Loading config.
2026-03-01 18:54:44,342 : INFO : YamlMultifileConfigLoader : Machine config file #1: config.yaml
2026-03-01 18:54:44,342 : INFO : ConfigProcessor : Loading config from cache: /var/folders/np/pd6clpgx1xs_0sdwz71m1gyh0000gn/T/be743be5f71a26736512bc9b8989a341.mpf_cache
2026-03-01 18:54:44,357 : INFO : ConfigProcessor : Loading config from cache: /var/folders/np/pd6clpgx1xs_0sdwz71m1gyh0000gn/T/84cf549c59d2d394dc6f5889ffe6a1f1.mpf_cache
2026-03-01 18:54:44,358 : INFO : ConfigProcessor : Loading config from cache: /var/folders/np/pd6clpgx1xs_0sdwz71m1gyh0000gn/T/a5f85595fa0cbfb236c892eef8a78354.mpf_cache
2026-03-01 18:54:44,358 : INFO : ConfigProcessor : Loading config from cache: /var/folders/np/pd6clpgx1xs_0sdwz71m1gyh0000gn/T/84cf549c59d2d394dc6f5889ffe6a1f1.mpf_cache
2026-03-01 18:54:44,358 : INFO : ConfigProcessor : Loading config from cache: /var/folders/np/pd6clpgx1xs_0sdwz71m1gyh0000gn/T/128730e328aaa296072fe140e2e7dc9c.mpf_cache
2026-03-01 18:54:44,358 : INFO : Machine : Mission Pinball Framework Core Engine v0.80.0.dev13
2026-03-01 18:54:44,358 : INFO : Machine : Command line arguments: {'no_load_cache': False, 'create_config_cache': True, 'bcp': True, 'configfile': ['config.yaml'], 'force_assets_load': False, 'platform_integration_test': False, 'jsonlogging': False, 'logfile': 'logs/2026-03-01-18-54-44-mpf-ANDREs-MacBook-Pro-2.local.log', 'pause': False, 'production': False, 'text_ui': True, 'loglevel': 15, 'consoleloglevel': 20, 'force_platform': 'virtual', 'syslog_address': None, 'full_logfile_path': '/Users/andre/NapoleonDynamite/logs/2026-03-01-18-54-44-mpf-ANDREs-MacBook-Pro-2.local.log'}
2026-03-01 18:54:44,358 : INFO : Machine : MPF path: /Users/andre/mpf/lib/python3.13/site-packages/mpf
2026-03-01 18:54:44,358 : INFO : Machine : Machine path: /Users/andre/NapoleonDynamite
2026-03-01 18:54:44,358 : INFO : Machine : Platform: darwin
2026-03-01 18:54:44,358 : INFO : Machine : Python executable location: /Users/andre/mpf/bin/python3.13
2026-03-01 18:54:44,358 : INFO : Machine : Python version: 3.13.12 (64-bit)
2026-03-01 18:54:44,358 : INFO : Machine : Initializing MPF...
2026-03-01 18:54:44,381 : INFO : EventManager : Event: ======'machine_var_credits_string'====== Args={'value': 'FREE PLAY', 'prev_value': None, 'change': True}
2026-03-01 18:54:44,385 : INFO : EventManager : Event: ======'machine_var_master_volume'====== Args={'value': 0.5, 'prev_value': None, 'change': True}
2026-03-01 18:54:44,385 : INFO : EventManager : Event: ======'machine_var_mpf_version'====== Args={'value': 'Mission Pinball Framework v0.80.0.dev13', 'prev_value': None, 'change': True}
2026-03-01 18:54:44,385 : INFO : EventManager : Event: ======'machine_var_mpf_extended_version'====== Args={'value': 'Mission Pinball Framework v0.80.0.dev13, Config version:6, Show version: 6, BCP version:1.1', 'prev_value': None, 'change': True}
2026-03-01 18:54:44,385 : INFO : EventManager : Event: ======'machine_var_python_version'====== Args={'value': '3.13.12', 'prev_value': None, 'change': True}
2026-03-01 18:54:44,392 : INFO : EventManager : Event: ======'machine_var_platform'====== Args={'value': 'macOS-26.3-arm64-arm-64bit-Mach-O', 'prev_value': None, 'change': True}
2026-03-01 18:54:44,393 : INFO : EventManager : Event: ======'machine_var_platform_system'====== Args={'value': 'Darwin', 'prev_value': None, 'change': True}
2026-03-01 18:54:44,393 : INFO : EventManager : Event: ======'machine_var_platform_release'====== Args={'value': '25.3.0', 'prev_value': None, 'change': True}
2026-03-01 18:54:44,393 : INFO : EventManager : Event: ======'machine_var_platform_version'====== Args={'value': 'Darwin Kernel Version 25.3.0: Wed Jan 28 20:53:05 PST 2026; root:xnu-12377.81.4~5/RELEASE_ARM64_T6020', 'prev_value': None, 'change': True}
2026-03-01 18:54:44,393 : INFO : EventManager : Event: ======'machine_var_platform_machine'====== Args={'value': 'arm64', 'prev_value': None, 'change': True}
2026-03-01 18:54:44,393 : INFO : EventManager : Event: ======'machine_var_log_file_path'====== Args={'value': '/Users/andre/NapoleonDynamite/logs/2026-03-01-18-54-44-mpf-ANDREs-MacBook-Pro-2.local.log', 'prev_value': None, 'change': True}
2026-03-01 18:54:44,393 : INFO : EventManager : Event: ======'init_phase_1'====== Args={}
2026-03-01 18:54:44,398 : INFO : EventManager : Event: ======'init_phase_2'====== Args={}
2026-03-01 18:54:44,398 : INFO : SwitchController : Found active switch: ('3208_middle-0', <Platform.Virtual>) <switch.s_trough_1>
2026-03-01 18:54:44,398 : INFO : SwitchController : Found active switch: ('3208_middle-1', <Platform.Virtual>) <switch.s_trough_2>
2026-03-01 18:54:44,398 : INFO : SwitchController : Found active switch: ('3208_middle-2', <Platform.Virtual>) <switch.s_trough_3>
2026-03-01 18:54:44,398 : INFO : SwitchController : Found active switch: ('3208_middle-3', <Platform.Virtual>) <switch.s_trough_4>
2026-03-01 18:54:44,398 : INFO : SwitchController : Found active switch: ('3208_middle-4', <Platform.Virtual>) <switch.s_trough_5>
2026-03-01 18:54:44,398 : INFO : SwitchController : Found active switch: ('3208_middle-5', <Platform.Virtual>) <switch.s_trough_6>
2026-03-01 18:54:44,398 : INFO : SwitchController : Found active switch: ('3208_middle-6', <Platform.Virtual>) <switch.s_trough_7>
2026-03-01 18:54:44,400 : INFO : EventManager : Event: ======'bcp_connection_attempt'====== Args={'name': 'local_display', 'host': 'localhost', 'port': 5050}
2026-03-01 18:54:44,400 : INFO : BCPClientSocket : Connecting BCP to 'local_display' at localhost:5050...
2026-03-01 18:54:49,651 : INFO : BCPClientSocket : Connected BCP to 'local_display' localhost:5050
2026-03-01 18:54:49,652 : INFO : EventManager : Event: ======'bcp_clients_connected'====== Args={}
2026-03-01 18:54:49,655 : INFO : ball_device.bd_trough : BCH: Initial count: 7
2026-03-01 18:54:49,655 : INFO : ball_device.bd_trough : State: idle
2026-03-01 18:54:49,656 : INFO : ball_device.bd_plunger : BCH: Initial count: 0
2026-03-01 18:54:49,656 : INFO : ball_device.bd_plunger : State: idle
2026-03-01 18:54:49,672 : INFO : EventManager : Event: ======'init_phase_3'====== Args={}
2026-03-01 18:54:49,678 : INFO : EventManager : Event: ======'init_phase_4'====== Args={}
2026-03-01 18:54:49,678 : INFO : BallController : Initial balls found: 7
2026-03-01 18:54:49,679 : INFO : EventManager : Event: ======'machine_var_audits_events_game_ended'====== Args={'value': 0, 'prev_value': None, 'change': True}
2026-03-01 18:54:49,679 : INFO : EventManager : Event: ======'machine_var_audits_events_game_started'====== Args={'value': 31, 'prev_value': None, 'change': True}
2026-03-01 18:54:49,679 : INFO : EventManager : Event: ======'machine_var_audits_missing_switches_s_flipper_left'====== Args={'value': 1, 'prev_value': None, 'change': True}
2026-03-01 18:54:49,679 : INFO : EventManager : Event: ======'machine_var_audits_missing_switches_s_flipper_left_eos'====== Args={'value': 5, 'prev_value': None, 'change': True}
2026-03-01 18:54:49,679 : INFO : EventManager : Event: ======'machine_var_audits_missing_switches_s_flipper_right_lower'====== Args={'value': 1, 'prev_value': None, 'change': True}
2026-03-01 18:54:49,679 : INFO : EventManager : Event: ======'machine_var_audits_missing_switches_s_flipper_right_lower_eos'====== Args={'value': 13, 'prev_value': None, 'change': True}
2026-03-01 18:54:49,679 : INFO : EventManager : Event: ======'machine_var_audits_missing_switches_s_flipper_right_upper'====== Args={'value': 1, 'prev_value': None, 'change': True}
2026-03-01 18:54:49,679 : INFO : EventManager : Event: ======'machine_var_audits_missing_switches_s_flipper_right_upper_eos'====== Args={'value': 17, 'prev_value': None, 'change': True}
2026-03-01 18:54:49,679 : INFO : EventManager : Event: ======'machine_var_audits_missing_switches_s_plunger'====== Args={'value': 1, 'prev_value': None, 'change': True}
2026-03-01 18:54:49,679 : INFO : EventManager : Event: ======'machine_var_audits_missing_switches_s_scoop_tina'====== Args={'value': 3, 'prev_value': None, 'change': True}
2026-03-01 18:54:49,679 : INFO : EventManager : Event: ======'machine_var_audits_missing_switches_s_start'====== Args={'value': 3, 'prev_value': None, 'change': True}
2026-03-01 18:54:49,679 : INFO : EventManager : Event: ======'machine_var_audits_missing_switches_s_trough_1'====== Args={'value': 1, 'prev_value': None, 'change': True}
2026-03-01 18:54:49,679 : INFO : EventManager : Event: ======'machine_var_audits_missing_switches_s_trough_2'====== Args={'value': 1, 'prev_value': None, 'change': True}
2026-03-01 18:54:49,679 : INFO : EventManager : Event: ======'machine_var_audits_missing_switches_s_trough_3'====== Args={'value': 1, 'prev_value': None, 'change': True}
2026-03-01 18:54:49,679 : INFO : EventManager : Event: ======'machine_var_audits_missing_switches_s_trough_4'====== Args={'value': 1, 'prev_value': None, 'change': True}
2026-03-01 18:54:49,679 : INFO : EventManager : Event: ======'machine_var_audits_missing_switches_s_trough_5'====== Args={'value': 1, 'prev_value': None, 'change': True}
2026-03-01 18:54:49,679 : INFO : EventManager : Event: ======'machine_var_audits_missing_switches_s_trough_6'====== Args={'value': 1, 'prev_value': None, 'change': True}
2026-03-01 18:54:49,679 : INFO : EventManager : Event: ======'machine_var_audits_missing_switches_s_trough_7'====== Args={'value': 1, 'prev_value': None, 'change': True}
2026-03-01 18:54:49,679 : INFO : EventManager : Event: ======'machine_var_audits_player_score'====== Args={'value': {'average': 0, 'top': [], 'total': 0}, 'prev_value': None, 'change': True}
2026-03-01 18:54:49,679 : INFO : EventManager : Event: ======'machine_var_audits_shots_bumper_lower'====== Args={'value': 76, 'prev_value': None, 'change': True}
2026-03-01 18:54:49,679 : INFO : EventManager : Event: ======'machine_var_audits_shots_bumper_upper'====== Args={'value': 81, 'prev_value': None, 'change': True}
2026-03-01 18:54:49,679 : INFO : EventManager : Event: ======'machine_var_audits_shots_hurryup'====== Args={'value': 3, 'prev_value': None, 'change': True}
2026-03-01 18:54:49,679 : INFO : EventManager : Event: ======'machine_var_audits_shots_inlane_left'====== Args={'value': 17, 'prev_value': None, 'change': True}
2026-03-01 18:54:49,679 : INFO : EventManager : Event: ======'machine_var_audits_shots_left_lane'====== Args={'value': 11, 'prev_value': None, 'change': True}
2026-03-01 18:54:49,679 : INFO : EventManager : Event: ======'machine_var_audits_switches_s_bumper_lower'====== Args={'value': 79, 'prev_value': None, 'change': True}
2026-03-01 18:54:49,679 : INFO : EventManager : Event: ======'machine_var_audits_switches_s_bumper_upper'====== Args={'value': 82, 'prev_value': None, 'change': True}
2026-03-01 18:54:49,679 : INFO : EventManager : Event: ======'machine_var_audits_switches_s_flipper_left'====== Args={'value': 437, 'prev_value': None, 'change': True}
2026-03-01 18:54:49,679 : INFO : EventManager : Event: ======'machine_var_audits_switches_s_flipper_left_eos'====== Args={'value': 181, 'prev_value': None, 'change': True}
2026-03-01 18:54:49,679 : INFO : EventManager : Event: ======'machine_var_audits_switches_s_flipper_right_lower'====== Args={'value': 448, 'prev_value': None, 'change': True}
2026-03-01 18:54:49,679 : INFO : EventManager : Event: ======'machine_var_audits_switches_s_flipper_right_lower_eos'====== Args={'value': 161, 'prev_value': None, 'change': True}
2026-03-01 18:54:49,679 : INFO : EventManager : Event: ======'machine_var_audits_switches_s_flipper_right_upper'====== Args={'value': 464, 'prev_value': None, 'change': True}
2026-03-01 18:54:49,679 : INFO : EventManager : Event: ======'machine_var_audits_switches_s_flipper_right_upper_eos'====== Args={'value': 43, 'prev_value': None, 'change': True}
2026-03-01 18:54:49,679 : INFO : EventManager : Event: ======'machine_var_audits_switches_s_inlane_left'====== Args={'value': 30, 'prev_value': None, 'change': True}
2026-03-01 18:54:49,679 : INFO : EventManager : Event: ======'machine_var_audits_switches_s_inlane_right_1'====== Args={'value': 20, 'prev_value': None, 'change': True}
2026-03-01 18:54:49,679 : INFO : EventManager : Event: ======'machine_var_audits_switches_s_inlane_right_2'====== Args={'value': 4, 'prev_value': None, 'change': True}
2026-03-01 18:54:49,679 : INFO : EventManager : Event: ======'machine_var_audits_switches_s_plunger'====== Args={'value': 12, 'prev_value': None, 'change': True}
2026-03-01 18:54:49,679 : INFO : EventManager : Event: ======'machine_var_audits_switches_s_plunger_lane'====== Args={'value': 29, 'prev_value': None, 'change': True}
2026-03-01 18:54:49,679 : INFO : EventManager : Event: ======'machine_var_audits_switches_s_scoop_tina'====== Args={'value': 11, 'prev_value': None, 'change': True}
2026-03-01 18:54:49,679 : INFO : EventManager : Event: ======'machine_var_audits_switches_s_sling_left'====== Args={'value': 195, 'prev_value': None, 'change': True}
2026-03-01 18:54:49,679 : INFO : EventManager : Event: ======'machine_var_audits_switches_s_sling_right'====== Args={'value': 32, 'prev_value': None, 'change': True}
2026-03-01 18:54:49,679 : INFO : EventManager : Event: ======'machine_var_audits_switches_s_start'====== Args={'value': 31, 'prev_value': None, 'change': True}
2026-03-01 18:54:49,679 : INFO : EventManager : Event: ======'machine_var_audits_switches_s_trough_1'====== Args={'value': 127, 'prev_value': None, 'change': True}
2026-03-01 18:54:49,679 : INFO : EventManager : Event: ======'machine_var_audits_switches_s_trough_2'====== Args={'value': 115, 'prev_value': None, 'change': True}
2026-03-01 18:54:49,680 : INFO : EventManager : Event: ======'machine_var_audits_switches_s_trough_3'====== Args={'value': 141, 'prev_value': None, 'change': True}
2026-03-01 18:54:49,680 : INFO : EventManager : Event: ======'machine_var_audits_switches_s_trough_4'====== Args={'value': 196, 'prev_value': None, 'change': True}
2026-03-01 18:54:49,680 : INFO : EventManager : Event: ======'machine_var_audits_switches_s_trough_5'====== Args={'value': 214, 'prev_value': None, 'change': True}
2026-03-01 18:54:49,680 : INFO : EventManager : Event: ======'machine_var_audits_switches_s_trough_6'====== Args={'value': 210, 'prev_value': None, 'change': True}
2026-03-01 18:54:49,680 : INFO : EventManager : Event: ======'machine_var_audits_switches_s_trough_7'====== Args={'value': 174, 'prev_value': None, 'change': True}
2026-03-01 18:54:49,680 : INFO : EventManager : Event: ======'init_phase_5'====== Args={}
2026-03-01 18:54:49,680 : INFO : ball_device.bd_trough : BCH: Count is unstable. Trying to reorder balls.
2026-03-01 18:54:49,680 : WARNING : ball_device.bd_trough : Cannot reorder device because eject_coil_reorder_pulse is not configured
2026-03-01 18:54:49,680 : INFO : ball_device.bd_trough : BCH: Repulse done. Waiting for balls to settle.
2026-03-01 18:54:49,680 : INFO : ball_device.bd_trough : BCH: Reordered count: 7
2026-03-01 18:54:49,680 : INFO : EventManager : Event: ======'init_done'====== Args={}
2026-03-01 18:54:49,680 : INFO : EventManager : Event: ======'machine_reset_phase_1'====== Args={}
2026-03-01 18:54:49,687 : INFO : EventManager : Event: ======'machine_reset_phase_2'====== Args={}
2026-03-01 18:54:49,687 : INFO : EventManager : Event: ======'machine_reset_phase_3'====== Args={}
2026-03-01 18:54:49,687 : INFO : EventManager : Event: ======'reset_complete'====== Args={}
2026-03-01 18:54:49,687 : INFO : EventManager : Event: ======'mode_attract_will_start'====== Args={}
2026-03-01 18:54:49,687 : INFO : Timer.attract_carousel_timer : Starting Timer.
2026-03-01 18:54:49,687 : INFO : EventManager : Event: ======'timer_attract_carousel_timer_started'====== Args={'ticks': 0, 'ticks_remaining': 1}
2026-03-01 18:54:49,687 : INFO : EventManager : Event: ======'timer_attract_carousel_timer_tick'====== Args={'ticks': 0, 'ticks_remaining': 1}
2026-03-01 18:54:49,688 : INFO : EventManager : Event: ======'mode_attract_starting'====== Args={}
2026-03-01 18:54:49,688 : INFO : Mode.attract : Started. Priority: 10
2026-03-01 18:54:49,688 : INFO : EventManager : Event: ======'modes_active_modes_changed'====== Args={}
2026-03-01 18:54:49,688 : INFO : EventManager : Event: ======'mode_attract_started'====== Args={}
2026-03-01 18:54:49,688 : INFO : EventManager : Event: ======'collecting_balls_complete'====== Args={}
2026-03-01 18:54:49,688 : INFO : EventManager : Event: ======'carousel_item_highlighted'====== Args={'carousel': 'attract', 'direction': None, 'item': 'title'}
2026-03-01 18:54:49,688 : INFO : EventManager : Event: ======'timer_attract_carousel_timer_tick'====== Args={'ticks': 0, 'ticks_remaining': 1}
2026-03-01 18:54:49,688 : INFO : Machine : Starting the main run loop with active modes: [<Mode.attract>]
2026-03-01 18:54:49,809 : INFO : EventManager : Event: ======'slide_attract_created'====== Args={'_from_bcp': True}
2026-03-01 18:54:49,809 : INFO : EventManager : Event: ======'slide__removed'====== Args={'_from_bcp': True}
2026-03-01 18:54:49,809 : INFO : EventManager : Event: ======'slide_attract_active'====== Args={'original_context': 'attract', 'original_calling_context': 'mode_attract_started', 'priority': 10.0, 'cmd': 'slides_play', '_from_bcp': True}
2026-03-01 18:54:54,689 : INFO : Timer.attract_carousel_timer : Timer Complete
2026-03-01 18:54:54,689 : INFO : Timer.attract_carousel_timer : Stopping Timer
2026-03-01 18:54:54,689 : INFO : EventManager : Event: ======'timer_attract_carousel_timer_stopped'====== Args={'ticks': 1, 'ticks_remaining': 1}
2026-03-01 18:54:54,689 : INFO : EventManager : Event: ======'timer_attract_carousel_timer_complete'====== Args={'ticks': 1, 'ticks_remaining': 1}
2026-03-01 18:54:54,690 : INFO : EventManager : Event: ======'carousel_item_highlighted'====== Args={'carousel': 'attract', 'direction': 'forwards', 'item': 'credits'}
2026-03-01 18:54:54,690 : INFO : Timer.attract_carousel_timer : Starting Timer.
2026-03-01 18:54:54,690 : INFO : EventManager : Event: ======'timer_attract_carousel_timer_started'====== Args={'ticks': 0, 'ticks_remaining': 1}
2026-03-01 18:54:54,690 : INFO : EventManager : Event: ======'timer_attract_carousel_timer_tick'====== Args={'ticks': 0, 'ticks_remaining': 1}
2026-03-01 18:54:54,728 : INFO : SwitchController : <<<<<<< 's_flipper_right_lower' active >>>>>>>
2026-03-01 18:54:54,728 : INFO : EventManager : Event: ======'s_flipper_right_lower_active'====== Args={}
2026-03-01 18:54:54,728 : INFO : EventManager : Event: ======'carousel_item_highlighted'====== Args={'carousel': 'attract', 'direction': 'forwards', 'item': 'logo'}
2026-03-01 18:54:54,729 : INFO : EventManager : Event: ======'timer_attract_carousel_timer_tick'====== Args={'ticks': 0, 'ticks_remaining': 1}
2026-03-01 18:54:54,820 : INFO : SwitchController : <<<<<<< 's_flipper_right_lower' inactive >>>>>>>
2026-03-01 18:54:54,928 : INFO : SwitchController : <<<<<<< 's_flipper_left' active >>>>>>>
2026-03-01 18:54:54,928 : INFO : EventManager : Event: ======'s_flipper_left_active'====== Args={}
2026-03-01 18:54:54,928 : INFO : EventManager : Event: ======'carousel_item_highlighted'====== Args={'carousel': 'attract', 'direction': 'backwards', 'item': 'credits'}
2026-03-01 18:54:54,929 : INFO : EventManager : Event: ======'timer_attract_carousel_timer_tick'====== Args={'ticks': 0, 'ticks_remaining': 1}
2026-03-01 18:54:55,019 : INFO : SwitchController : <<<<<<< 's_flipper_left' inactive >>>>>>>
2026-03-01 18:54:55,086 : INFO : SwitchController : <<<<<<< 's_flipper_right_lower' active >>>>>>>
2026-03-01 18:54:55,086 : INFO : EventManager : Event: ======'s_flipper_right_lower_active'====== Args={}
2026-03-01 18:54:55,087 : INFO : EventManager : Event: ======'carousel_item_highlighted'====== Args={'carousel': 'attract', 'direction': 'forwards', 'item': 'logo'}
2026-03-01 18:54:55,087 : INFO : EventManager : Event: ======'timer_attract_carousel_timer_tick'====== Args={'ticks': 0, 'ticks_remaining': 1}
2026-03-01 18:54:55,178 : INFO : SwitchController : <<<<<<< 's_flipper_right_lower' inactive >>>>>>>
2026-03-01 18:54:55,253 : INFO : SwitchController : <<<<<<< 's_flipper_left' active >>>>>>>
2026-03-01 18:54:55,253 : INFO : EventManager : Event: ======'s_flipper_left_active'====== Args={}
2026-03-01 18:54:55,253 : INFO : EventManager : Event: ======'carousel_item_highlighted'====== Args={'carousel': 'attract', 'direction': 'backwards', 'item': 'credits'}
2026-03-01 18:54:55,254 : INFO : EventManager : Event: ======'timer_attract_carousel_timer_tick'====== Args={'ticks': 0, 'ticks_remaining': 1}
2026-03-01 18:54:55,344 : INFO : SwitchController : <<<<<<< 's_flipper_left' inactive >>>>>>>
2026-03-01 18:54:55,360 : INFO : SwitchController : <<<<<<< 's_flipper_right_lower' active >>>>>>>
2026-03-01 18:54:55,360 : INFO : EventManager : Event: ======'s_flipper_right_lower_active'====== Args={}
2026-03-01 18:54:55,361 : INFO : EventManager : Event: ======'carousel_item_highlighted'====== Args={'carousel': 'attract', 'direction': 'forwards', 'item': 'logo'}
2026-03-01 18:54:55,361 : INFO : EventManager : Event: ======'timer_attract_carousel_timer_tick'====== Args={'ticks': 0, 'ticks_remaining': 1}
2026-03-01 18:54:55,469 : INFO : SwitchController : <<<<<<< 's_flipper_right_lower' inactive >>>>>>>
2026-03-01 18:54:55,520 : INFO : SwitchController : <<<<<<< 's_flipper_left' active >>>>>>>
2026-03-01 18:54:55,520 : INFO : EventManager : Event: ======'s_flipper_left_active'====== Args={}
2026-03-01 18:54:55,521 : INFO : EventManager : Event: ======'carousel_item_highlighted'====== Args={'carousel': 'attract', 'direction': 'backwards', 'item': 'credits'}
2026-03-01 18:54:55,521 : INFO : EventManager : Event: ======'timer_attract_carousel_timer_tick'====== Args={'ticks': 0, 'ticks_remaining': 1}
2026-03-01 18:54:55,603 : INFO : SwitchController : <<<<<<< 's_flipper_left' inactive >>>>>>>
2026-03-01 18:54:55,719 : INFO : SwitchController : <<<<<<< 's_flipper_left' active >>>>>>>
2026-03-01 18:54:55,719 : INFO : EventManager : Event: ======'s_flipper_left_active'====== Args={}
2026-03-01 18:54:55,720 : INFO : EventManager : Event: ======'carousel_item_highlighted'====== Args={'carousel': 'attract', 'direction': 'backwards', 'item': 'title'}
2026-03-01 18:54:55,720 : INFO : EventManager : Event: ======'timer_attract_carousel_timer_tick'====== Args={'ticks': 0, 'ticks_remaining': 1}
2026-03-01 18:54:55,794 : INFO : SwitchController : <<<<<<< 's_flipper_left' inactive >>>>>>>
2026-03-01 18:54:55,877 : INFO : SwitchController : <<<<<<< 's_flipper_left' active >>>>>>>
2026-03-01 18:54:55,877 : INFO : EventManager : Event: ======'s_flipper_left_active'====== Args={}
2026-03-01 18:54:55,878 : INFO : EventManager : Event: ======'carousel_item_highlighted'====== Args={'carousel': 'attract', 'direction': 'backwards', 'item': 'logo'}
2026-03-01 18:54:55,878 : INFO : EventManager : Event: ======'timer_attract_carousel_timer_tick'====== Args={'ticks': 0, 'ticks_remaining': 1}
2026-03-01 18:54:55,960 : INFO : SwitchController : <<<<<<< 's_flipper_left' inactive >>>>>>>
2026-03-01 18:54:56,052 : INFO : SwitchController : <<<<<<< 's_flipper_left' active >>>>>>>
2026-03-01 18:54:56,052 : INFO : EventManager : Event: ======'s_flipper_left_active'====== Args={}
2026-03-01 18:54:56,052 : INFO : EventManager : Event: ======'carousel_item_highlighted'====== Args={'carousel': 'attract', 'direction': 'backwards', 'item': 'credits'}
2026-03-01 18:54:56,053 : INFO : EventManager : Event: ======'timer_attract_carousel_timer_tick'====== Args={'ticks': 0, 'ticks_remaining': 1}
2026-03-01 18:54:56,128 : INFO : SwitchController : <<<<<<< 's_flipper_left' inactive >>>>>>>
2026-03-01 18:54:56,219 : INFO : SwitchController : <<<<<<< 's_flipper_left' active >>>>>>>
2026-03-01 18:54:56,219 : INFO : EventManager : Event: ======'s_flipper_left_active'====== Args={}
2026-03-01 18:54:56,220 : INFO : EventManager : Event: ======'carousel_item_highlighted'====== Args={'carousel': 'attract', 'direction': 'backwards', 'item': 'title'}
2026-03-01 18:54:56,220 : INFO : EventManager : Event: ======'timer_attract_carousel_timer_tick'====== Args={'ticks': 0, 'ticks_remaining': 1}
2026-03-01 18:54:56,310 : INFO : SwitchController : <<<<<<< 's_flipper_left' inactive >>>>>>>
2026-03-01 18:54:56,429 : INFO : SwitchController : <<<<<<< 's_flipper_right_lower' active >>>>>>>
2026-03-01 18:54:56,429 : INFO : EventManager : Event: ======'s_flipper_right_lower_active'====== Args={}
2026-03-01 18:54:56,429 : INFO : EventManager : Event: ======'carousel_item_highlighted'====== Args={'carousel': 'attract', 'direction': 'forwards', 'item': 'credits'}
2026-03-01 18:54:56,430 : INFO : EventManager : Event: ======'timer_attract_carousel_timer_tick'====== Args={'ticks': 0, 'ticks_remaining': 1}
2026-03-01 18:54:56,478 : INFO : SwitchController : <<<<<<< 's_flipper_right_lower' inactive >>>>>>>
2026-03-01 18:54:56,595 : INFO : SwitchController : <<<<<<< 's_flipper_right_lower' active >>>>>>>
2026-03-01 18:54:56,596 : INFO : EventManager : Event: ======'s_flipper_right_lower_active'====== Args={}
2026-03-01 18:54:56,596 : INFO : EventManager : Event: ======'carousel_item_highlighted'====== Args={'carousel': 'attract', 'direction': 'forwards', 'item': 'logo'}
2026-03-01 18:54:56,596 : INFO : EventManager : Event: ======'timer_attract_carousel_timer_tick'====== Args={'ticks': 0, 'ticks_remaining': 1}
2026-03-01 18:54:56,629 : INFO : SwitchController : <<<<<<< 's_flipper_right_lower' inactive >>>>>>>
2026-03-01 18:54:56,753 : INFO : SwitchController : <<<<<<< 's_flipper_right_lower' active >>>>>>>
2026-03-01 18:54:56,753 : INFO : EventManager : Event: ======'s_flipper_right_lower_active'====== Args={}
2026-03-01 18:54:56,754 : INFO : EventManager : Event: ======'carousel_item_highlighted'====== Args={'carousel': 'attract', 'direction': 'forwards', 'item': 'title'}
2026-03-01 18:54:56,754 : INFO : EventManager : Event: ======'timer_attract_carousel_timer_tick'====== Args={'ticks': 0, 'ticks_remaining': 1}
2026-03-01 18:54:56,785 : INFO : SwitchController : <<<<<<< 's_flipper_right_lower' inactive >>>>>>>
2026-03-01 18:54:56,921 : INFO : SwitchController : <<<<<<< 's_flipper_right_lower' active >>>>>>>
2026-03-01 18:54:56,922 : INFO : EventManager : Event: ======'s_flipper_right_lower_active'====== Args={}
2026-03-01 18:54:56,922 : INFO : EventManager : Event: ======'carousel_item_highlighted'====== Args={'carousel': 'attract', 'direction': 'forwards', 'item': 'credits'}
2026-03-01 18:54:56,922 : INFO : EventManager : Event: ======'timer_attract_carousel_timer_tick'====== Args={'ticks': 0, 'ticks_remaining': 1}
2026-03-01 18:54:56,952 : INFO : SwitchController : <<<<<<< 's_flipper_right_lower' inactive >>>>>>>
2026-03-01 18:54:57,078 : INFO : SwitchController : <<<<<<< 's_flipper_right_lower' active >>>>>>>
2026-03-01 18:54:57,078 : INFO : EventManager : Event: ======'s_flipper_right_lower_active'====== Args={}
2026-03-01 18:54:57,078 : INFO : EventManager : Event: ======'carousel_item_highlighted'====== Args={'carousel': 'attract', 'direction': 'forwards', 'item': 'logo'}
2026-03-01 18:54:57,079 : INFO : EventManager : Event: ======'timer_attract_carousel_timer_tick'====== Args={'ticks': 0, 'ticks_remaining': 1}
2026-03-01 18:54:57,127 : INFO : SwitchController : <<<<<<< 's_flipper_right_lower' inactive >>>>>>>
2026-03-01 18:54:57,253 : INFO : SwitchController : <<<<<<< 's_flipper_right_lower' active >>>>>>>
2026-03-01 18:54:57,253 : INFO : EventManager : Event: ======'s_flipper_right_lower_active'====== Args={}
2026-03-01 18:54:57,253 : INFO : EventManager : Event: ======'carousel_item_highlighted'====== Args={'carousel': 'attract', 'direction': 'forwards', 'item': 'title'}
2026-03-01 18:54:57,254 : INFO : EventManager : Event: ======'timer_attract_carousel_timer_tick'====== Args={'ticks': 0, 'ticks_remaining': 1}
2026-03-01 18:54:57,306 : INFO : SwitchController : <<<<<<< 's_flipper_right_lower' inactive >>>>>>>
2026-03-01 18:54:57,412 : INFO : SwitchController : <<<<<<< 's_flipper_right_lower' active >>>>>>>
2026-03-01 18:54:57,412 : INFO : EventManager : Event: ======'s_flipper_right_lower_active'====== Args={}
2026-03-01 18:54:57,412 : INFO : EventManager : Event: ======'carousel_item_highlighted'====== Args={'carousel': 'attract', 'direction': 'forwards', 'item': 'credits'}
2026-03-01 18:54:57,413 : INFO : EventManager : Event: ======'timer_attract_carousel_timer_tick'====== Args={'ticks': 0, 'ticks_remaining': 1}
2026-03-01 18:54:57,460 : INFO : SwitchController : <<<<<<< 's_flipper_right_lower' inactive >>>>>>>
2026-03-01 18:54:57,569 : INFO : SwitchController : <<<<<<< 's_flipper_right_lower' active >>>>>>>
2026-03-01 18:54:57,570 : INFO : EventManager : Event: ======'s_flipper_right_lower_active'====== Args={}
2026-03-01 18:54:57,570 : INFO : EventManager : Event: ======'carousel_item_highlighted'====== Args={'carousel': 'attract', 'direction': 'forwards', 'item': 'logo'}
2026-03-01 18:54:57,571 : INFO : EventManager : Event: ======'timer_attract_carousel_timer_tick'====== Args={'ticks': 0, 'ticks_remaining': 1}
2026-03-01 18:54:57,629 : INFO : SwitchController : <<<<<<< 's_flipper_right_lower' inactive >>>>>>>
2026-03-01 18:54:58,378 : INFO : SwitchController : <<<<<<< 's_start' active >>>>>>>
2026-03-01 18:54:58,513 : INFO : SwitchController : <<<<<<< 's_start' inactive >>>>>>>
2026-03-01 18:54:58,513 : INFO : EventManager : Event: ======'request_to_start_game'====== Args={}
2026-03-01 18:54:58,514 : INFO : EventManager : Event: ======'game_start'====== Args={'buttons': [], 'hold_time': 0.13514675002079457}
2026-03-01 18:54:58,514 : INFO : EventManager : Event: ======'mode_game_will_start'====== Args={'buttons': [], 'hold_time': 0.13514675002079457}
2026-03-01 18:54:58,514 : INFO : EventManager : Event: ======'mode_game_starting'====== Args={'buttons': [], 'hold_time': 0.13514675002079457}
2026-03-01 18:54:58,515 : INFO : EventManager : Event: ======'mode_attract_will_stop'====== Args={}
2026-03-01 18:54:58,515 : INFO : EventManager : Event: ======'mode_attract_stopping'====== Args={}
2026-03-01 18:54:58,515 : INFO : Mode.attract : Stopped.
2026-03-01 18:54:58,515 : INFO : EventManager : Event: ======'modes_active_modes_changed'====== Args={}
2026-03-01 18:54:58,515 : INFO : EventManager : Event: ======'mode_attract_stopped'====== Args={}
2026-03-01 18:54:58,515 : INFO : EventManager : Event: ======'clear'====== Args={'key': 'attract'}
2026-03-01 18:54:58,515 : INFO : Timer.attract_carousel_timer : Stopping Timer
2026-03-01 18:54:58,516 : INFO : EventManager : Event: ======'timer_attract_carousel_timer_stopped'====== Args={'ticks': 0, 'ticks_remaining': 1}
2026-03-01 18:54:58,516 : INFO : Mode.game : Started. Priority: 20
2026-03-01 18:54:58,516 : INFO : EventManager : Event: ======'modes_active_modes_changed'====== Args={}
2026-03-01 18:54:58,516 : INFO : EventManager : Event: ======'mode_game_started'====== Args={'buttons': [], 'hold_time': 0.13514675002079457}
2026-03-01 18:54:58,517 : INFO : EventManager : Event: ======'game_will_start'====== Args={}
2026-03-01 18:54:58,517 : INFO : EventManager : Event: ======'game_starting'====== Args={'game': <Mode.game>}
2026-03-01 18:54:58,519 : INFO : EventManager : Unordered handler for class <Auditor> on event game_ended with priority 1. Handlers: [RegisteredHandler(callback=<bound method Auditor.disable of <Auditor>>, priority=1, kwargs={}, key=UUID('ef46a3aa-f4b8-404f-9cf8-7e7ad957fd15'), condition=None, blocking_facility=None), RegisteredHandler(callback=<bound method Auditor._save_audits of <Auditor>>, priority=1, kwargs={}, key=UUID('db497a69-35ad-440e-ad03-57bbfe4d426a'), condition=None, blocking_facility=None)]. The order of those handlers is not defined and they will be executed in random order. This might lead to race conditions and potential bugs.
2026-03-01 18:54:58,519 : INFO : EventManager : Event: ======'player_add_request'====== Args={}
2026-03-01 18:54:58,519 : INFO : EventManager : Event: ======'player_will_add'====== Args={'number': 1}
2026-03-01 18:54:58,519 : INFO : EventManager : Event: ======'player_adding'====== Args={'player': <Player 1>, 'number': 1}
2026-03-01 18:54:58,519 : INFO : EventManager : Event: ======'player_added'====== Args={'player': <Player 1>, 'num': 1}
2026-03-01 18:54:58,519 : INFO : Mode.game : Player added successfully. Total players: 1
2026-03-01 18:54:58,519 : INFO : EventManager : Event: ======'player_index'====== Args={'value': 0, 'prev_value': 0, 'change': 0, 'player_num': 1}
2026-03-01 18:54:58,520 : INFO : EventManager : Event: ======'player_number'====== Args={'value': 1, 'prev_value': 1, 'change': 0, 'player_num': 1}
2026-03-01 18:54:58,520 : INFO : EventManager : Event: ======'player_score'====== Args={'value': 0, 'prev_value': 0, 'change': 0, 'player_num': 1}
2026-03-01 18:54:58,520 : INFO : EventManager : Event: ======'game_started'====== Args={}
2026-03-01 18:54:58,521 : INFO : EventManager : Event: ======'player_turn_will_start'====== Args={'player': <Player 1>, 'number': 1}
2026-03-01 18:54:58,521 : INFO : EventManager : Event: ======'player_turn_starting'====== Args={'player': <Player 1>, 'number': 1}
2026-03-01 18:54:58,521 : INFO : EventManager : Event: ======'player_ball'====== Args={'value': 1, 'prev_value': 0, 'change': 1, 'player_num': 1}
2026-03-01 18:54:58,528 : INFO : EventManager : Event: ======'player_turn_started'====== Args={'player': <Player 1>, 'number': 1}
2026-03-01 18:54:58,536 : INFO : EventManager : Event: ======'ball_will_start'====== Args={'player': 1, 'ball': 1, 'balls_remaining': 2, 'is_extra_ball': False}
2026-03-01 18:54:58,537 : INFO : EventManager : Event: ======'ball_starting'====== Args={'player': 1, 'ball': 1, 'balls_remaining': 2, 'is_extra_ball': False}
2026-03-01 18:54:58,537 : INFO : EventManager : Event: ======'mode_base_will_start'====== Args={'queue': <QueuedEvent>, 'player': 1, 'ball': 1, 'balls_remaining': 2, 'is_extra_ball': False}
2026-03-01 18:54:58,537 : INFO : EventManager : Event: ======'player_shot_left_lane_enabled'====== Args={'value': True, 'prev_value': 0, 'change': 1, 'player_num': 1}
2026-03-01 18:54:58,538 : INFO : EventManager : Event: ======'mode_base_starting'====== Args={'queue': <QueuedEvent>, 'player': 1, 'ball': 1, 'balls_remaining': 2, 'is_extra_ball': False}
2026-03-01 18:54:58,539 : INFO : Mode.base : Started. Priority: 100
2026-03-01 18:54:58,539 : INFO : EventManager : Event: ======'modes_active_modes_changed'====== Args={}
2026-03-01 18:54:58,539 : INFO : EventManager : Event: ======'mode_base_started'====== Args={'queue': <QueuedEvent>, 'player': 1, 'ball': 1, 'balls_remaining': 2, 'is_extra_ball': False}
2026-03-01 18:54:58,541 : INFO : EventManager : Event: ======'balls_in_play'====== Args={'balls': 1}
2026-03-01 18:54:58,541 : INFO : EventManager : Event: ======'ball_started'====== Args={'player': 1, 'ball': 1, 'balls_remaining': 2, 'is_extra_ball': False}
2026-03-01 18:54:58,542 : INFO : EventManager : Event: ======'single_player_ball_started'====== Args={}
2026-03-01 18:54:58,542 : INFO : EventManager : Event: ======'ball_start_target'====== Args={'target': 'playfield'}
2026-03-01 18:54:58,542 : INFO : ball_device.bd_plunger : Setting up player-controlled eject. Balls: 1, Target: <playfield.playfield>, player_controlled_eject_event: None
2026-03-01 18:54:58,542 : INFO : EventManager : Event: ======'balldevice_balls_available'====== Args={}
2026-03-01 18:54:58,543 : INFO : ball_device.bd_trough : State: waiting_for_target_ready
2026-03-01 18:54:58,543 : INFO : EventManager : Event: ======'balldevice_bd_trough_ball_eject_attempt'====== Args={'balls': 1, 'target': <ball_device.bd_plunger>, 'source': <ball_device.bd_trough>, 'mechanical_eject': True, 'num_attempts': 0}
2026-03-01 18:54:58,543 : INFO : ball_device.bd_plunger : State: waiting_for_ball
2026-03-01 18:54:58,544 : INFO : ball_device.bd_trough : State: ejecting
2026-03-01 18:54:58,544 : INFO : ball_device.bd_trough : Ejecting ball to <ball_device.bd_plunger>
2026-03-01 18:54:58,544 : INFO : EventManager : Event: ======'balldevice_bd_trough_ejecting_ball'====== Args={'balls': 1, 'target': <ball_device.bd_plunger>, 'source': <ball_device.bd_trough>, 'mechanical_eject': True, 'num_attempts': 0}
2026-03-01 18:54:58,544 : INFO : ball_device.bd_trough : Wait for ball to leave device
2026-03-01 18:54:58,544 : INFO : coil.c_trough_eject : Pulsing Driver for 15ms (1.0 pulse_power)
2026-03-01 18:54:58,558 : INFO : EventManager : Event: ======'slide_base_slide_created'====== Args={'_from_bcp': True}
2026-03-01 18:54:58,558 : INFO : EventManager : Event: ======'slide_attract_inactive'====== Args={'is_removing': True, '_from_bcp': True}
2026-03-01 18:54:58,559 : INFO : EventManager : Event: ======'slide_base_slide_active'====== Args={'original_context': 'base', 'original_calling_context': 'mode_base_started', 'priority': 100.0, 'queue': '<QueuedEvent>', 'player': 1.0, 'ball': 1.0, 'balls_remaining': 2.0, 'is_extra_ball': False, 'cmd': 'slides_play', '_from_bcp': True}
2026-03-01 18:54:58,559 : INFO : EventManager : Event: ======'slide_attract_removed'====== Args={'_from_bcp': True}
2026-03-01 18:55:01,545 : INFO : EventManager : Event: ======'balldevice_bd_trough_ball_eject_failed'====== Args={'target': <ball_device.bd_plunger>, 'balls': 1, 'retry': True, 'num_attempts': 1}
2026-03-01 18:55:01,547 : INFO : ball_device.bd_trough : State: waiting_for_target_ready
2026-03-01 18:55:01,547 : INFO : EventManager : Event: ======'balldevice_bd_trough_ball_eject_attempt'====== Args={'balls': 1, 'target': <ball_device.bd_plunger>, 'source': <ball_device.bd_trough>, 'mechanical_eject': True, 'num_attempts': 1}
2026-03-01 18:55:01,547 : INFO : ball_device.bd_trough : State: ejecting
2026-03-01 18:55:01,547 : INFO : ball_device.bd_trough : Ejecting ball to <ball_device.bd_plunger>
2026-03-01 18:55:01,547 : INFO : EventManager : Event: ======'balldevice_bd_trough_ejecting_ball'====== Args={'balls': 1, 'target': <ball_device.bd_plunger>, 'source': <ball_device.bd_trough>, 'mechanical_eject': True, 'num_attempts': 1}
2026-03-01 18:55:01,548 : INFO : ball_device.bd_trough : Wait for ball to leave device
2026-03-01 18:55:01,548 : INFO : coil.c_trough_eject : Pulsing Driver for 15ms (1.0 pulse_power)
2026-03-01 18:55:04,550 : INFO : EventManager : Event: ======'balldevice_bd_trough_ball_eject_failed'====== Args={'target': <ball_device.bd_plunger>, 'balls': 1, 'retry': True, 'num_attempts': 2}
2026-03-01 18:55:04,551 : INFO : ball_device.bd_trough : State: waiting_for_target_ready
2026-03-01 18:55:04,552 : INFO : EventManager : Event: ======'balldevice_bd_trough_ball_eject_attempt'====== Args={'balls': 1, 'target': <ball_device.bd_plunger>, 'source': <ball_device.bd_trough>, 'mechanical_eject': True, 'num_attempts': 2}
2026-03-01 18:55:04,552 : INFO : ball_device.bd_trough : State: ejecting
2026-03-01 18:55:04,552 : INFO : ball_device.bd_trough : Ejecting ball to <ball_device.bd_plunger>
2026-03-01 18:55:04,552 : INFO : EventManager : Event: ======'balldevice_bd_trough_ejecting_ball'====== Args={'balls': 1, 'target': <ball_device.bd_plunger>, 'source': <ball_device.bd_trough>, 'mechanical_eject': True, 'num_attempts': 2}
2026-03-01 18:55:04,552 : INFO : ball_device.bd_trough : Wait for ball to leave device
2026-03-01 18:55:04,553 : INFO : coil.c_trough_eject : Pulsing Driver for 15ms (1.0 pulse_power)
2026-03-01 18:55:07,554 : INFO : EventManager : Event: ======'balldevice_bd_trough_ball_eject_failed'====== Args={'target': <ball_device.bd_plunger>, 'balls': 1, 'retry': True, 'num_attempts': 3}
2026-03-01 18:55:07,555 : INFO : ball_device.bd_trough : State: waiting_for_target_ready
2026-03-01 18:55:07,556 : INFO : EventManager : Event: ======'balldevice_bd_trough_ball_eject_attempt'====== Args={'balls': 1, 'target': <ball_device.bd_plunger>, 'source': <ball_device.bd_trough>, 'mechanical_eject': True, 'num_attempts': 3}
2026-03-01 18:55:07,556 : INFO : ball_device.bd_trough : State: ejecting
2026-03-01 18:55:07,556 : INFO : ball_device.bd_trough : Ejecting ball to <ball_device.bd_plunger>
2026-03-01 18:55:07,556 : INFO : EventManager : Event: ======'balldevice_bd_trough_ejecting_ball'====== Args={'balls': 1, 'target': <ball_device.bd_plunger>, 'source': <ball_device.bd_trough>, 'mechanical_eject': True, 'num_attempts': 3}
2026-03-01 18:55:07,556 : INFO : ball_device.bd_trough : Wait for ball to leave device
2026-03-01 18:55:07,557 : INFO : coil.c_trough_eject : Pulsing Driver for 20ms (1.0 pulse_power)
2026-03-01 18:55:10,558 : INFO : EventManager : Event: ======'balldevice_bd_trough_ball_eject_failed'====== Args={'target': <ball_device.bd_plunger>, 'balls': 1, 'retry': True, 'num_attempts': 4}
2026-03-01 18:55:10,559 : INFO : ball_device.bd_trough : State: waiting_for_target_ready
2026-03-01 18:55:10,559 : INFO : EventManager : Event: ======'balldevice_bd_trough_ball_eject_attempt'====== Args={'balls': 1, 'target': <ball_device.bd_plunger>, 'source': <ball_device.bd_trough>, 'mechanical_eject': True, 'num_attempts': 4}
2026-03-01 18:55:10,559 : INFO : ball_device.bd_trough : State: ejecting
2026-03-01 18:55:10,560 : INFO : ball_device.bd_trough : Ejecting ball to <ball_device.bd_plunger>
2026-03-01 18:55:10,560 : INFO : EventManager : Event: ======'balldevice_bd_trough_ejecting_ball'====== Args={'balls': 1, 'target': <ball_device.bd_plunger>, 'source': <ball_device.bd_trough>, 'mechanical_eject': True, 'num_attempts': 4}
2026-03-01 18:55:10,560 : INFO : ball_device.bd_trough : Wait for ball to leave device
2026-03-01 18:55:10,561 : INFO : coil.c_trough_eject : Pulsing Driver for 20ms (1.0 pulse_power)
2026-03-01 18:55:13,562 : INFO : EventManager : Event: ======'balldevice_bd_trough_ball_eject_failed'====== Args={'target': <ball_device.bd_plunger>, 'balls': 1, 'retry': True, 'num_attempts': 5}
2026-03-01 18:55:13,563 : INFO : ball_device.bd_trough : State: waiting_for_target_ready
2026-03-01 18:55:13,563 : INFO : EventManager : Event: ======'balldevice_bd_trough_ball_eject_attempt'====== Args={'balls': 1, 'target': <ball_device.bd_plunger>, 'source': <ball_device.bd_trough>, 'mechanical_eject': True, 'num_attempts': 5}
2026-03-01 18:55:13,563 : INFO : ball_device.bd_trough : State: ejecting
2026-03-01 18:55:13,563 : INFO : ball_device.bd_trough : Ejecting ball to <ball_device.bd_plunger>
2026-03-01 18:55:13,564 : INFO : EventManager : Event: ======'balldevice_bd_trough_ejecting_ball'====== Args={'balls': 1, 'target': <ball_device.bd_plunger>, 'source': <ball_device.bd_trough>, 'mechanical_eject': True, 'num_attempts': 5}
2026-03-01 18:55:13,564 : INFO : ball_device.bd_trough : Wait for ball to leave device
2026-03-01 18:55:13,564 : INFO : coil.c_trough_eject : Pulsing Driver for 20ms (1.0 pulse_power)
2026-03-01 18:55:16,566 : INFO : EventManager : Event: ======'balldevice_bd_trough_ball_eject_failed'====== Args={'target': <ball_device.bd_plunger>, 'balls': 1, 'retry': True, 'num_attempts': 6}
2026-03-01 18:55:16,567 : INFO : ball_device.bd_trough : State: waiting_for_target_ready
2026-03-01 18:55:16,567 : INFO : EventManager : Event: ======'balldevice_bd_trough_ball_eject_attempt'====== Args={'balls': 1, 'target': <ball_device.bd_plunger>, 'source': <ball_device.bd_trough>, 'mechanical_eject': True, 'num_attempts': 6}
2026-03-01 18:55:16,568 : INFO : ball_device.bd_trough : State: ejecting
2026-03-01 18:55:16,568 : INFO : ball_device.bd_trough : Ejecting ball to <ball_device.bd_plunger>
2026-03-01 18:55:16,568 : INFO : EventManager : Event: ======'balldevice_bd_trough_ejecting_ball'====== Args={'balls': 1, 'target': <ball_device.bd_plunger>, 'source': <ball_device.bd_trough>, 'mechanical_eject': True, 'num_attempts': 6}
2026-03-01 18:55:16,569 : INFO : ball_device.bd_trough : Wait for ball to leave device
2026-03-01 18:55:16,569 : INFO : coil.c_trough_eject : Pulsing Driver for 20ms (1.0 pulse_power)
2026-03-01 18:55:19,571 : INFO : EventManager : Event: ======'balldevice_bd_trough_ball_eject_failed'====== Args={'target': <ball_device.bd_plunger>, 'balls': 1, 'retry': True, 'num_attempts': 7}
2026-03-01 18:55:19,572 : INFO : ball_device.bd_trough : State: waiting_for_target_ready
2026-03-01 18:55:19,572 : INFO : EventManager : Event: ======'balldevice_bd_trough_ball_eject_attempt'====== Args={'balls': 1, 'target': <ball_device.bd_plunger>, 'source': <ball_device.bd_trough>, 'mechanical_eject': True, 'num_attempts': 7}
2026-03-01 18:55:19,572 : INFO : ball_device.bd_trough : State: ejecting
2026-03-01 18:55:19,572 : INFO : ball_device.bd_trough : Ejecting ball to <ball_device.bd_plunger>
2026-03-01 18:55:19,572 : INFO : EventManager : Event: ======'balldevice_bd_trough_ejecting_ball'====== Args={'balls': 1, 'target': <ball_device.bd_plunger>, 'source': <ball_device.bd_trough>, 'mechanical_eject': True, 'num_attempts': 7}
2026-03-01 18:55:19,573 : INFO : ball_device.bd_trough : Wait for ball to leave device
2026-03-01 18:55:19,573 : INFO : coil.c_trough_eject : Pulsing Driver for 20ms (1.0 pulse_power)
2026-03-01 18:55:22,574 : INFO : EventManager : Event: ======'balldevice_bd_trough_ball_eject_failed'====== Args={'target': <ball_device.bd_plunger>, 'balls': 1, 'retry': True, 'num_attempts': 8}
2026-03-01 18:55:22,575 : INFO : ball_device.bd_trough : State: waiting_for_target_ready
2026-03-01 18:55:22,575 : INFO : EventManager : Event: ======'balldevice_bd_trough_ball_eject_attempt'====== Args={'balls': 1, 'target': <ball_device.bd_plunger>, 'source': <ball_device.bd_trough>, 'mechanical_eject': True, 'num_attempts': 8}
2026-03-01 18:55:22,576 : INFO : ball_device.bd_trough : State: ejecting
2026-03-01 18:55:22,576 : INFO : ball_device.bd_trough : Ejecting ball to <ball_device.bd_plunger>
2026-03-01 18:55:22,576 : INFO : EventManager : Event: ======'balldevice_bd_trough_ejecting_ball'====== Args={'balls': 1, 'target': <ball_device.bd_plunger>, 'source': <ball_device.bd_trough>, 'mechanical_eject': True, 'num_attempts': 8}
2026-03-01 18:55:22,577 : INFO : ball_device.bd_trough : Wait for ball to leave device
2026-03-01 18:55:22,578 : INFO : coil.c_trough_eject : Pulsing Driver for 20ms (1.0 pulse_power)
2026-03-01 18:55:25,578 : INFO : EventManager : Event: ======'balldevice_bd_trough_ball_eject_failed'====== Args={'target': <ball_device.bd_plunger>, 'balls': 1, 'retry': True, 'num_attempts': 9}
2026-03-01 18:55:25,579 : INFO : ball_device.bd_trough : State: waiting_for_target_ready
2026-03-01 18:55:25,579 : INFO : EventManager : Event: ======'balldevice_bd_trough_ball_eject_attempt'====== Args={'balls': 1, 'target': <ball_device.bd_plunger>, 'source': <ball_device.bd_trough>, 'mechanical_eject': True, 'num_attempts': 9}
2026-03-01 18:55:25,579 : INFO : ball_device.bd_trough : State: ejecting
2026-03-01 18:55:25,579 : INFO : ball_device.bd_trough : Ejecting ball to <ball_device.bd_plunger>
2026-03-01 18:55:25,580 : INFO : EventManager : Event: ======'balldevice_bd_trough_ejecting_ball'====== Args={'balls': 1, 'target': <ball_device.bd_plunger>, 'source': <ball_device.bd_trough>, 'mechanical_eject': True, 'num_attempts': 9}
2026-03-01 18:55:25,580 : INFO : ball_device.bd_trough : Wait for ball to leave device
2026-03-01 18:55:25,580 : INFO : coil.c_trough_eject : Pulsing Driver for 20ms (1.0 pulse_power)
2026-03-01 18:55:28,582 : INFO : EventManager : Event: ======'balldevice_bd_trough_ball_eject_failed'====== Args={'target': <ball_device.bd_plunger>, 'balls': 1, 'retry': True, 'num_attempts': 10}
2026-03-01 18:55:28,583 : INFO : ball_device.bd_trough : State: waiting_for_target_ready
2026-03-01 18:55:28,583 : INFO : EventManager : Event: ======'balldevice_bd_trough_ball_eject_attempt'====== Args={'balls': 1, 'target': <ball_device.bd_plunger>, 'source': <ball_device.bd_trough>, 'mechanical_eject': True, 'num_attempts': 10}
2026-03-01 18:55:28,584 : INFO : ball_device.bd_trough : State: ejecting
2026-03-01 18:55:28,584 : INFO : ball_device.bd_trough : Ejecting ball to <ball_device.bd_plunger>
2026-03-01 18:55:28,584 : INFO : EventManager : Event: ======'balldevice_bd_trough_ejecting_ball'====== Args={'balls': 1, 'target': <ball_device.bd_plunger>, 'source': <ball_device.bd_trough>, 'mechanical_eject': True, 'num_attempts': 10}
2026-03-01 18:55:28,585 : INFO : ball_device.bd_trough : Wait for ball to leave device
2026-03-01 18:55:28,585 : INFO : coil.c_trough_eject : Pulsing Driver for 20ms (1.0 pulse_power)
2026-03-01 18:55:31,587 : INFO : EventManager : Event: ======'balldevice_bd_trough_ball_eject_failed'====== Args={'target': <ball_device.bd_plunger>, 'balls': 1, 'retry': True, 'num_attempts': 11}
2026-03-01 18:55:31,588 : INFO : ball_device.bd_trough : State: waiting_for_target_ready
2026-03-01 18:55:31,588 : INFO : EventManager : Event: ======'balldevice_bd_trough_ball_eject_attempt'====== Args={'balls': 1, 'target': <ball_device.bd_plunger>, 'source': <ball_device.bd_trough>, 'mechanical_eject': True, 'num_attempts': 11}
2026-03-01 18:55:31,589 : INFO : ball_device.bd_trough : State: ejecting
2026-03-01 18:55:31,589 : INFO : ball_device.bd_trough : Ejecting ball to <ball_device.bd_plunger>
2026-03-01 18:55:31,589 : INFO : EventManager : Event: ======'balldevice_bd_trough_ejecting_ball'====== Args={'balls': 1, 'target': <ball_device.bd_plunger>, 'source': <ball_device.bd_trough>, 'mechanical_eject': True, 'num_attempts': 11}
2026-03-01 18:55:31,590 : INFO : ball_device.bd_trough : Wait for ball to leave device
2026-03-01 18:55:31,590 : INFO : coil.c_trough_eject : Pulsing Driver for 20ms (1.0 pulse_power)
2026-03-01 18:55:34,592 : INFO : EventManager : Event: ======'balldevice_bd_trough_ball_eject_failed'====== Args={'target': <ball_device.bd_plunger>, 'balls': 1, 'retry': True, 'num_attempts': 12}
2026-03-01 18:55:34,593 : INFO : ball_device.bd_trough : State: waiting_for_target_ready
2026-03-01 18:55:34,594 : INFO : EventManager : Event: ======'balldevice_bd_trough_ball_eject_attempt'====== Args={'balls': 1, 'target': <ball_device.bd_plunger>, 'source': <ball_device.bd_trough>, 'mechanical_eject': True, 'num_attempts': 12}
2026-03-01 18:55:34,594 : INFO : ball_device.bd_trough : State: ejecting
2026-03-01 18:55:34,594 : INFO : ball_device.bd_trough : Ejecting ball to <ball_device.bd_plunger>
2026-03-01 18:55:34,594 : INFO : EventManager : Event: ======'balldevice_bd_trough_ejecting_ball'====== Args={'balls': 1, 'target': <ball_device.bd_plunger>, 'source': <ball_device.bd_trough>, 'mechanical_eject': True, 'num_attempts': 12}
2026-03-01 18:55:34,595 : INFO : ball_device.bd_trough : Wait for ball to leave device
2026-03-01 18:55:34,596 : INFO : coil.c_trough_eject : Pulsing Driver for 20ms (1.0 pulse_power)
2026-03-01 18:55:36,247 : INFO : Machine : Shutting down...
2026-03-01 18:55:36,247 : INFO : EventManager : Event: ======'shutdown'====== Args={}
2026-03-01 18:55:36,250 : INFO : EventManager : Event: ======'mode_game_will_stop'====== Args={}
2026-03-01 18:55:36,250 : INFO : EventManager : Event: ======'mode_game_stopping'====== Args={}
2026-03-01 18:55:36,250 : INFO : EventManager : Event: ======'mode_base_will_stop'====== Args={}
2026-03-01 18:55:36,250 : INFO : EventManager : Event: ======'mode_base_stopping'====== Args={}
2026-03-01 18:55:36,251 : INFO : Mode.base : Stopped.
2026-03-01 18:55:36,251 : INFO : EventManager : Event: ======'modes_active_modes_changed'====== Args={}
2026-03-01 18:55:36,251 : INFO : EventManager : Event: ======'mode_base_stopped'====== Args={}
2026-03-01 18:55:36,251 : INFO : EventManager : Event: ======'clear'====== Args={'key': 'base'}
2026-03-01 18:55:36,251 : INFO : Mode.game : Stopped.
2026-03-01 18:55:36,251 : INFO : EventManager : Event: ======'modes_active_modes_changed'====== Args={}
2026-03-01 18:55:36,251 : INFO : EventManager : Event: ======'mode_game_stopped'====== Args={}
2026-03-01 18:55:36,251 : INFO : EventManager : Event: ======'clear'====== Args={'key': 'game'}
2026-03-01 18:55:36,252 : INFO : root : MPF run loop ended.
