2026-03-01 14:01:41,027 : INFO : root : Loading config.
2026-03-01 14:01:41,378 : INFO : ConfigProcessor : Config spec file cache created: /var/folders/1s/015t8n3n70gcr2ch4xflj4yr0000gn/T/config_spec.mpf_cache
2026-03-01 14:01:41,378 : INFO : YamlMultifileConfigLoader : Machine config file #1: config.yaml
2026-03-01 14:01:41,379 : INFO : ConfigProcessor : Loading config from cache: /var/folders/1s/015t8n3n70gcr2ch4xflj4yr0000gn/T/954ddabc670342668a09b03520c7eb79.mpf_cache
2026-03-01 14:01:41,447 : INFO : ConfigProcessor : Loading config from cache: /var/folders/1s/015t8n3n70gcr2ch4xflj4yr0000gn/T/64218df07edc412f774c53ffb33c812d.mpf_cache
2026-03-01 14:01:41,448 : INFO : ConfigProcessor : Loading config from cache: /var/folders/1s/015t8n3n70gcr2ch4xflj4yr0000gn/T/767518d75df2d86a4d35c1fb94c70abd.mpf_cache
2026-03-01 14:01:41,448 : INFO : ConfigProcessor : Loading config from cache: /var/folders/1s/015t8n3n70gcr2ch4xflj4yr0000gn/T/64218df07edc412f774c53ffb33c812d.mpf_cache
2026-03-01 14:01:41,449 : INFO : ConfigProcessor : Loading config from cache: /var/folders/1s/015t8n3n70gcr2ch4xflj4yr0000gn/T/73548cb541cc3751ae5711fe0817282a.mpf_cache
2026-03-01 14:01:41,449 : INFO : ConfigProcessor : Loading config from cache: /var/folders/1s/015t8n3n70gcr2ch4xflj4yr0000gn/T/57f006170cd447d443f971cd8b826597.mpf_cache
2026-03-01 14:01:41,450 : INFO : ConfigProcessor : Loading config from cache: /var/folders/1s/015t8n3n70gcr2ch4xflj4yr0000gn/T/adb0ea3e4ccf2dafa758999a39c1d676.mpf_cache
2026-03-01 14:01:41,450 : INFO : Machine : Mission Pinball Framework Core Engine v0.80.0.dev13
2026-03-01 14:01:41,450 : INFO : Machine : Command line arguments: {'no_load_cache': False, 'create_config_cache': True, 'bcp': True, 'configfile': ['config.yaml'], 'force_assets_load': False, 'platform_integration_test': False, 'jsonlogging': False, 'logfile': 'logs/2026-03-01-14-01-41-mpf-ANDREs-Mac-mini.local.log', 'pause': False, 'production': False, 'text_ui': True, 'loglevel': 15, 'consoleloglevel': 20, 'force_platform': None, 'syslog_address': None, 'full_logfile_path': '/Users/pinball/NapoleonDynamite/logs/2026-03-01-14-01-41-mpf-ANDREs-Mac-mini.local.log'}
2026-03-01 14:01:41,450 : INFO : Machine : MPF path: /Users/pinball/mpf/lib/python3.14/site-packages/mpf
2026-03-01 14:01:41,450 : INFO : Machine : Machine path: /Users/pinball/NapoleonDynamite
2026-03-01 14:01:41,450 : INFO : Machine : Platform: darwin
2026-03-01 14:01:41,450 : INFO : Machine : Python executable location: /Users/pinball/mpf/bin/python3.14
2026-03-01 14:01:41,451 : INFO : Machine : Python version: 3.14.3 (64-bit)
2026-03-01 14:01:41,452 : INFO : Machine : Initializing MPF...
2026-03-01 14:01:41,562 : INFO : FAST : Auto-detecting ports for the following connections: ['net', 'exp']
2026-03-01 14:01:41,582 : INFO : FAST : Detected NET on port /dev/cu.usbmodem14101
2026-03-01 14:01:41,590 : INFO : FAST : Detected EXP on port /dev/cu.usbmodem14103
2026-03-01 14:01:41,695 : INFO : FAST [NET] : Trying to connect to /dev/cu.usbmodem14101 at 921600bps
2026-03-01 14:01:41,700 : INFO : FAST [NET] : Connected to /dev/cu.usbmodem14101 at 921600bps
2026-03-01 14:01:41,703 : INFO : FAST [NET] : Connected to FP-CPU-2000 with firmware v02.26
2026-03-01 14:01:41,706 : INFO : FAST [NET] : Registered I/O Board 0: Model: FP-I/O-0024, Firmware: 01.10, Switches: 24, Drivers: 8
2026-03-01 14:01:41,707 : INFO : FAST [NET] : Registered I/O Board 1: Model: FP-I/O-3208, Firmware: 01.10, Switches: 32, Drivers: 8
2026-03-01 14:01:41,709 : INFO : FAST [NET] : Registered I/O Board 2: Model: FP-I/O-0804, Firmware: 01.10, Switches: 8, Drivers: 4
2026-03-01 14:01:41,713 : INFO : FAST [EXP] : Trying to connect to /dev/cu.usbmodem14103 at 921600bps
2026-03-01 14:01:41,719 : INFO : FAST [EXP] : Connected to /dev/cu.usbmodem14103 at 921600bps
2026-03-01 14:01:41,721 : INFO : FAST [EXP] : Verifying hardware for EXP "neuron" (FP-EXP-2000, @48) with ID string "EXP FP-EXP-2000  0.34", board address 48
2026-03-01 14:01:41,723 : INFO : FAST [EXP] : Verifying hardware for EXP "neuron" (FP-EXP-2000, @48) with ID string "LED FP-BRK-0001  0.8", board address 480
2026-03-01 14:01:41,725 : INFO : EventManager : Event: ======'machine_var_credits_string'====== Args={'value': 'FREE PLAY', 'prev_value': None, 'change': True}
2026-03-01 14:01:41,744 : INFO : EventManager : Event: ======'machine_var_master_volume'====== Args={'value': 0.5, 'prev_value': None, 'change': True}
2026-03-01 14:01:41,744 : INFO : EventManager : Event: ======'machine_var_mpf_version'====== Args={'value': 'Mission Pinball Framework v0.80.0.dev13', 'prev_value': None, 'change': True}
2026-03-01 14:01:41,744 : INFO : EventManager : Event: ======'machine_var_mpf_extended_version'====== Args={'value': 'Mission Pinball Framework v0.80.0.dev13, Config version:6, Show version: 6, BCP version:1.1', 'prev_value': None, 'change': True}
2026-03-01 14:01:41,744 : INFO : EventManager : Event: ======'machine_var_python_version'====== Args={'value': '3.14.3', 'prev_value': None, 'change': True}
2026-03-01 14:01:41,766 : INFO : EventManager : Event: ======'machine_var_platform'====== Args={'value': 'macOS-14.8.4-x86_64-i386-64bit-Mach-O', 'prev_value': None, 'change': True}
2026-03-01 14:01:41,766 : INFO : EventManager : Event: ======'machine_var_platform_system'====== Args={'value': 'Darwin', 'prev_value': None, 'change': True}
2026-03-01 14:01:41,766 : INFO : EventManager : Event: ======'machine_var_platform_release'====== Args={'value': '23.6.0', 'prev_value': None, 'change': True}
2026-03-01 14:01:41,766 : INFO : EventManager : Event: ======'machine_var_platform_version'====== Args={'value': 'Darwin Kernel Version 23.6.0: Mon Jan 19 22:02:22 PST 2026; root:xnu-10063.141.1.710.3~1/RELEASE_X86_64', 'prev_value': None, 'change': True}
2026-03-01 14:01:41,766 : INFO : EventManager : Event: ======'machine_var_platform_machine'====== Args={'value': 'x86_64', 'prev_value': None, 'change': True}
2026-03-01 14:01:41,766 : INFO : EventManager : Event: ======'machine_var_log_file_path'====== Args={'value': '/Users/pinball/NapoleonDynamite/logs/2026-03-01-14-01-41-mpf-ANDREs-Mac-mini.local.log', 'prev_value': None, 'change': True}
2026-03-01 14:01:41,767 : INFO : EventManager : Event: ======'init_phase_1'====== Args={}
2026-03-01 14:01:41,952 : INFO : SwitchController : <<<<<<< 's_flipper_left_eos' active >>>>>>>
2026-03-01 14:01:41,952 : INFO : SwitchController : <<<<<<< 's_flipper_right_lower_eos' active >>>>>>>
2026-03-01 14:01:41,952 : INFO : SwitchController : <<<<<<< 's_trough_1' active >>>>>>>
2026-03-01 14:01:41,952 : INFO : SwitchController : <<<<<<< 's_trough_2' active >>>>>>>
2026-03-01 14:01:41,953 : INFO : SwitchController : <<<<<<< 's_trough_3' active >>>>>>>
2026-03-01 14:01:41,953 : INFO : SwitchController : <<<<<<< 's_trough_4' active >>>>>>>
2026-03-01 14:01:41,953 : INFO : SwitchController : <<<<<<< 's_trough_5' active >>>>>>>
2026-03-01 14:01:41,953 : INFO : SwitchController : <<<<<<< 's_trough_6' active >>>>>>>
2026-03-01 14:01:41,953 : INFO : SwitchController : <<<<<<< 's_trough_7' active >>>>>>>
2026-03-01 14:01:41,953 : INFO : SwitchController : <<<<<<< 's_bumper_lower' active >>>>>>>
2026-03-01 14:01:41,953 : INFO : SwitchController : <<<<<<< 's_bumper_upper' active >>>>>>>
2026-03-01 14:01:41,953 : INFO : SwitchController : <<<<<<< 's_inlane_right_2' active >>>>>>>
2026-03-01 14:01:41,953 : INFO : SwitchController : <<<<<<< 's_inlane_left' active >>>>>>>
2026-03-01 14:01:41,985 : INFO : EventManager : Event: ======'init_phase_2'====== Args={}
2026-03-01 14:01:41,986 : INFO : SwitchController : Found active switch: (37, [FAST Platform Interface]) <switch.s_flipper_left_eos>
2026-03-01 14:01:41,986 : INFO : SwitchController : Found active switch: (32, [FAST Platform Interface]) <switch.s_flipper_right_lower_eos>
2026-03-01 14:01:41,986 : INFO : SwitchController : Found active switch: (24, [FAST Platform Interface]) <switch.s_trough_1>
2026-03-01 14:01:41,986 : INFO : SwitchController : Found active switch: (25, [FAST Platform Interface]) <switch.s_trough_2>
2026-03-01 14:01:41,986 : INFO : SwitchController : Found active switch: (26, [FAST Platform Interface]) <switch.s_trough_3>
2026-03-01 14:01:41,986 : INFO : SwitchController : Found active switch: (27, [FAST Platform Interface]) <switch.s_trough_4>
2026-03-01 14:01:41,986 : INFO : SwitchController : Found active switch: (28, [FAST Platform Interface]) <switch.s_trough_5>
2026-03-01 14:01:41,986 : INFO : SwitchController : Found active switch: (29, [FAST Platform Interface]) <switch.s_trough_6>
2026-03-01 14:01:41,987 : INFO : SwitchController : Found active switch: (30, [FAST Platform Interface]) <switch.s_trough_7>
2026-03-01 14:01:41,987 : INFO : SwitchController : Found active switch: (41, [FAST Platform Interface]) <switch.s_bumper_lower>
2026-03-01 14:01:41,987 : INFO : SwitchController : Found active switch: (42, [FAST Platform Interface]) <switch.s_bumper_upper>
2026-03-01 14:01:41,987 : INFO : SwitchController : Found active switch: (36, [FAST Platform Interface]) <switch.s_inlane_right_2>
2026-03-01 14:01:41,987 : INFO : SwitchController : Found active switch: (39, [FAST Platform Interface]) <switch.s_inlane_left>
2026-03-01 14:01:41,993 : INFO : EventManager : Event: ======'bcp_connection_attempt'====== Args={'name': 'local_display', 'host': 'localhost', 'port': 5050}
2026-03-01 14:01:41,996 : INFO : BCPClientSocket : Connecting BCP to 'local_display' at localhost:5050...
2026-03-01 14:01:42,004 : INFO : BCPClientSocket : Connected BCP to 'local_display' localhost:5050
2026-03-01 14:01:42,005 : INFO : EventManager : Event: ======'bcp_clients_connected'====== Args={}
2026-03-01 14:01:42,453 : INFO : ball_device.bd_trough : BCH: Initial count: 7
2026-03-01 14:01:42,454 : INFO : ball_device.bd_trough : State: idle
2026-03-01 14:01:42,455 : INFO : ball_device.bd_plunger : BCH: Initial count: 0
2026-03-01 14:01:42,455 : INFO : ball_device.bd_plunger : State: idle
2026-03-01 14:01:42,471 : INFO : EventManager : Event: ======'init_phase_3'====== Args={}
2026-03-01 14:01:42,474 : INFO : EventManager : Event: ======'init_phase_4'====== Args={}
2026-03-01 14:01:42,475 : INFO : BallController : Initial balls found: 7
2026-03-01 14:01:42,477 : INFO : EventManager : Event: ======'machine_var_audits_events_game_ended'====== Args={'value': 0, 'prev_value': None, 'change': True}
2026-03-01 14:01:42,477 : INFO : EventManager : Event: ======'machine_var_audits_events_game_started'====== Args={'value': 20, 'prev_value': None, 'change': True}
2026-03-01 14:01:42,477 : INFO : EventManager : Event: ======'machine_var_audits_missing_switches_s_bumper_lower'====== Args={'value': 11, 'prev_value': None, 'change': True}
2026-03-01 14:01:42,477 : INFO : EventManager : Event: ======'machine_var_audits_missing_switches_s_bumper_upper'====== Args={'value': 12, 'prev_value': None, 'change': True}
2026-03-01 14:01:42,477 : INFO : EventManager : Event: ======'machine_var_audits_missing_switches_s_flipper_left_eos'====== Args={'value': 2, 'prev_value': None, 'change': True}
2026-03-01 14:01:42,478 : INFO : EventManager : Event: ======'machine_var_audits_missing_switches_s_flipper_right_lower_eos'====== Args={'value': 2, 'prev_value': None, 'change': True}
2026-03-01 14:01:42,478 : INFO : EventManager : Event: ======'machine_var_audits_missing_switches_s_flipper_right_upper_eos'====== Args={'value': 6, 'prev_value': None, 'change': True}
2026-03-01 14:01:42,478 : INFO : EventManager : Event: ======'machine_var_audits_missing_switches_s_inlane_left'====== Args={'value': 11, 'prev_value': None, 'change': True}
2026-03-01 14:01:42,478 : INFO : EventManager : Event: ======'machine_var_audits_missing_switches_s_inlane_right_1'====== Args={'value': 3, 'prev_value': None, 'change': True}
2026-03-01 14:01:42,478 : INFO : EventManager : Event: ======'machine_var_audits_missing_switches_s_inlane_right_2'====== Args={'value': 11, 'prev_value': None, 'change': True}
2026-03-01 14:01:42,478 : INFO : EventManager : Event: ======'machine_var_audits_missing_switches_s_scoop_tina'====== Args={'value': 8, 'prev_value': None, 'change': True}
2026-03-01 14:01:42,478 : INFO : EventManager : Event: ======'machine_var_audits_missing_switches_s_start'====== Args={'value': 1, 'prev_value': None, 'change': True}
2026-03-01 14:01:42,478 : INFO : EventManager : Event: ======'machine_var_audits_player_score'====== Args={'value': {'average': 0, 'top': [], 'total': 0}, 'prev_value': None, 'change': True}
2026-03-01 14:01:42,479 : INFO : EventManager : Event: ======'machine_var_audits_shots_bumper_lower'====== Args={'value': 76, 'prev_value': None, 'change': True}
2026-03-01 14:01:42,479 : INFO : EventManager : Event: ======'machine_var_audits_shots_bumper_upper'====== Args={'value': 81, 'prev_value': None, 'change': True}
2026-03-01 14:01:42,479 : INFO : EventManager : Event: ======'machine_var_audits_shots_hurryup'====== Args={'value': 3, 'prev_value': None, 'change': True}
2026-03-01 14:01:42,479 : INFO : EventManager : Event: ======'machine_var_audits_shots_inlane_left'====== Args={'value': 17, 'prev_value': None, 'change': True}
2026-03-01 14:01:42,479 : INFO : EventManager : Event: ======'machine_var_audits_shots_left_lane'====== Args={'value': 8, 'prev_value': None, 'change': True}
2026-03-01 14:01:42,479 : INFO : EventManager : Event: ======'machine_var_audits_switches_s_bumper_lower'====== Args={'value': 76, 'prev_value': None, 'change': True}
2026-03-01 14:01:42,479 : INFO : EventManager : Event: ======'machine_var_audits_switches_s_bumper_upper'====== Args={'value': 81, 'prev_value': None, 'change': True}
2026-03-01 14:01:42,479 : INFO : EventManager : Event: ======'machine_var_audits_switches_s_flipper_left'====== Args={'value': 346, 'prev_value': None, 'change': True}
2026-03-01 14:01:42,479 : INFO : EventManager : Event: ======'machine_var_audits_switches_s_flipper_left_eos'====== Args={'value': 180, 'prev_value': None, 'change': True}
2026-03-01 14:01:42,480 : INFO : EventManager : Event: ======'machine_var_audits_switches_s_flipper_right_lower'====== Args={'value': 338, 'prev_value': None, 'change': True}
2026-03-01 14:01:42,480 : INFO : EventManager : Event: ======'machine_var_audits_switches_s_flipper_right_lower_eos'====== Args={'value': 161, 'prev_value': None, 'change': True}
2026-03-01 14:01:42,480 : INFO : EventManager : Event: ======'machine_var_audits_switches_s_flipper_right_upper'====== Args={'value': 354, 'prev_value': None, 'change': True}
2026-03-01 14:01:42,480 : INFO : EventManager : Event: ======'machine_var_audits_switches_s_flipper_right_upper_eos'====== Args={'value': 43, 'prev_value': None, 'change': True}
2026-03-01 14:01:42,480 : INFO : EventManager : Event: ======'machine_var_audits_switches_s_inlane_left'====== Args={'value': 27, 'prev_value': None, 'change': True}
2026-03-01 14:01:42,480 : INFO : EventManager : Event: ======'machine_var_audits_switches_s_inlane_right_1'====== Args={'value': 14, 'prev_value': None, 'change': True}
2026-03-01 14:01:42,480 : INFO : EventManager : Event: ======'machine_var_audits_switches_s_inlane_right_2'====== Args={'value': 3, 'prev_value': None, 'change': True}
2026-03-01 14:01:42,480 : INFO : EventManager : Event: ======'machine_var_audits_switches_s_plunger_lane'====== Args={'value': 21, 'prev_value': None, 'change': True}
2026-03-01 14:01:42,480 : INFO : EventManager : Event: ======'machine_var_audits_switches_s_scoop_tina'====== Args={'value': 1, 'prev_value': None, 'change': True}
2026-03-01 14:01:42,480 : INFO : EventManager : Event: ======'machine_var_audits_switches_s_sling_left'====== Args={'value': 186, 'prev_value': None, 'change': True}
2026-03-01 14:01:42,480 : INFO : EventManager : Event: ======'machine_var_audits_switches_s_sling_right'====== Args={'value': 24, 'prev_value': None, 'change': True}
2026-03-01 14:01:42,480 : INFO : EventManager : Event: ======'machine_var_audits_switches_s_start'====== Args={'value': 27, 'prev_value': None, 'change': True}
2026-03-01 14:01:42,481 : INFO : EventManager : Event: ======'machine_var_audits_switches_s_trough_1'====== Args={'value': 97, 'prev_value': None, 'change': True}
2026-03-01 14:01:42,481 : INFO : EventManager : Event: ======'machine_var_audits_switches_s_trough_2'====== Args={'value': 75, 'prev_value': None, 'change': True}
2026-03-01 14:01:42,481 : INFO : EventManager : Event: ======'machine_var_audits_switches_s_trough_3'====== Args={'value': 85, 'prev_value': None, 'change': True}
2026-03-01 14:01:42,481 : INFO : EventManager : Event: ======'machine_var_audits_switches_s_trough_4'====== Args={'value': 108, 'prev_value': None, 'change': True}
2026-03-01 14:01:42,481 : INFO : EventManager : Event: ======'machine_var_audits_switches_s_trough_5'====== Args={'value': 111, 'prev_value': None, 'change': True}
2026-03-01 14:01:42,481 : INFO : EventManager : Event: ======'machine_var_audits_switches_s_trough_6'====== Args={'value': 108, 'prev_value': None, 'change': True}
2026-03-01 14:01:42,481 : INFO : EventManager : Event: ======'machine_var_audits_switches_s_trough_7'====== Args={'value': 137, 'prev_value': None, 'change': True}
2026-03-01 14:01:42,482 : INFO : EventManager : Event: ======'init_phase_5'====== Args={}
2026-03-01 14:01:42,483 : INFO : ball_device.bd_trough : BCH: Count is unstable. Trying to reorder balls.
2026-03-01 14:01:42,483 : WARNING : ball_device.bd_trough : Cannot reorder device because eject_coil_reorder_pulse is not configured
2026-03-01 14:01:42,483 : INFO : ball_device.bd_trough : BCH: Repulse done. Waiting for balls to settle.
2026-03-01 14:01:42,483 : INFO : ball_device.bd_trough : BCH: Reordered count: 7
2026-03-01 14:01:42,484 : INFO : EventManager : Event: ======'init_done'====== Args={}
2026-03-01 14:01:42,484 : INFO : EventManager : Event: ======'machine_reset_phase_1'====== Args={}
2026-03-01 14:01:42,526 : INFO : EventManager : Event: ======'machine_reset_phase_2'====== Args={}
2026-03-01 14:01:42,527 : INFO : EventManager : Event: ======'machine_reset_phase_3'====== Args={}
2026-03-01 14:01:42,528 : INFO : EventManager : Event: ======'reset_complete'====== Args={}
2026-03-01 14:01:42,529 : INFO : EventManager : Event: ======'mode_attract_will_start'====== Args={}
2026-03-01 14:01:42,529 : INFO : Timer.attract_carousel_timer : Starting Timer.
2026-03-01 14:01:42,530 : INFO : EventManager : Event: ======'timer_attract_carousel_timer_started'====== Args={'ticks': 0, 'ticks_remaining': 1}
2026-03-01 14:01:42,530 : INFO : EventManager : Event: ======'timer_attract_carousel_timer_tick'====== Args={'ticks': 0, 'ticks_remaining': 1}
2026-03-01 14:01:42,531 : INFO : EventManager : Event: ======'mode_attract_starting'====== Args={}
2026-03-01 14:01:42,531 : INFO : Mode.attract : Started. Priority: 10
2026-03-01 14:01:42,531 : INFO : EventManager : Event: ======'modes_active_modes_changed'====== Args={}
2026-03-01 14:01:42,531 : INFO : EventManager : Event: ======'mode_attract_started'====== Args={}
2026-03-01 14:01:42,533 : INFO : EventManager : Event: ======'collecting_balls_complete'====== Args={}
2026-03-01 14:01:42,533 : INFO : EventManager : Event: ======'carousel_item_highlighted'====== Args={'carousel': 'attract', 'direction': None, 'item': 'title'}
2026-03-01 14:01:42,534 : INFO : EventManager : Event: ======'timer_attract_carousel_timer_tick'====== Args={'ticks': 0, 'ticks_remaining': 1}
2026-03-01 14:01:42,535 : INFO : Machine : Starting the main run loop with active modes: [<Mode.attract>]
2026-03-01 14:01:42,717 : INFO : EventManager : Event: ======'slide_attract_created'====== Args={'_from_bcp': True}
2026-03-01 14:01:42,717 : INFO : EventManager : Event: ======'slide__removed'====== Args={'_from_bcp': True}
2026-03-01 14:01:42,718 : INFO : EventManager : Event: ======'slide_attract_active'====== Args={'original_context': 'attract', 'original_calling_context': 'mode_attract_started', 'priority': 10.0, 'cmd': 'slides_play', '_from_bcp': True}
2026-03-01 14:01:43,936 : INFO : SwitchController : <<<<<<< 's_start' active >>>>>>>
2026-03-01 14:01:44,089 : INFO : SwitchController : <<<<<<< 's_start' inactive >>>>>>>
2026-03-01 14:01:44,090 : INFO : EventManager : Event: ======'request_to_start_game'====== Args={}
2026-03-01 14:01:44,090 : INFO : EventManager : Event: ======'game_start'====== Args={'buttons': [], 'hold_time': 0.15306915099972684}
2026-03-01 14:01:44,090 : INFO : EventManager : Event: ======'mode_game_will_start'====== Args={'buttons': [], 'hold_time': 0.15306915099972684}
2026-03-01 14:01:44,091 : INFO : EventManager : Event: ======'mode_game_starting'====== Args={'buttons': [], 'hold_time': 0.15306915099972684}
2026-03-01 14:01:44,091 : INFO : EventManager : Event: ======'mode_attract_will_stop'====== Args={}
2026-03-01 14:01:44,091 : INFO : EventManager : Event: ======'mode_attract_stopping'====== Args={}
2026-03-01 14:01:44,091 : INFO : Mode.attract : Stopped.
2026-03-01 14:01:44,091 : INFO : EventManager : Event: ======'modes_active_modes_changed'====== Args={}
2026-03-01 14:01:44,092 : INFO : EventManager : Event: ======'mode_attract_stopped'====== Args={}
2026-03-01 14:01:44,092 : INFO : EventManager : Event: ======'clear'====== Args={'key': 'attract'}
2026-03-01 14:01:44,092 : INFO : Timer.attract_carousel_timer : Stopping Timer
2026-03-01 14:01:44,092 : INFO : EventManager : Event: ======'timer_attract_carousel_timer_stopped'====== Args={'ticks': 0, 'ticks_remaining': 1}
2026-03-01 14:01:44,092 : INFO : Mode.game : Started. Priority: 20
2026-03-01 14:01:44,093 : INFO : EventManager : Event: ======'modes_active_modes_changed'====== Args={}
2026-03-01 14:01:44,093 : INFO : EventManager : Event: ======'mode_game_started'====== Args={'buttons': [], 'hold_time': 0.15306915099972684}
2026-03-01 14:01:44,093 : INFO : EventManager : Event: ======'game_will_start'====== Args={}
2026-03-01 14:01:44,094 : INFO : EventManager : Event: ======'game_starting'====== Args={'game': <Mode.game>}
2026-03-01 14:01:44,094 : INFO : EventManager : Unordered handler for class <Auditor> on event game_ended with priority 1. Handlers: [RegisteredHandler(callback=<bound method Auditor.disable of <Auditor>>, priority=1, kwargs={}, key=UUID('828b9190-f164-4589-bd49-c59495c277b2'), condition=None, blocking_facility=None), RegisteredHandler(callback=<bound method Auditor._save_audits of <Auditor>>, priority=1, kwargs={}, key=UUID('022d727d-7f42-46df-82ee-2eacfb858b8c'), condition=None, blocking_facility=None)]. The order of those handlers is not defined and they will be executed in random order. This might lead to race conditions and potential bugs.
2026-03-01 14:01:44,095 : INFO : EventManager : Event: ======'player_add_request'====== Args={}
2026-03-01 14:01:44,095 : INFO : EventManager : Event: ======'player_will_add'====== Args={'number': 1}
2026-03-01 14:01:44,095 : INFO : EventManager : Event: ======'player_adding'====== Args={'player': <Player 1>, 'number': 1}
2026-03-01 14:01:44,095 : INFO : EventManager : Event: ======'player_added'====== Args={'player': <Player 1>, 'num': 1}
2026-03-01 14:01:44,095 : INFO : Mode.game : Player added successfully. Total players: 1
2026-03-01 14:01:44,095 : INFO : EventManager : Event: ======'player_index'====== Args={'value': 0, 'prev_value': 0, 'change': 0, 'player_num': 1}
2026-03-01 14:01:44,095 : INFO : EventManager : Event: ======'player_number'====== Args={'value': 1, 'prev_value': 1, 'change': 0, 'player_num': 1}
2026-03-01 14:01:44,096 : INFO : EventManager : Event: ======'player_score'====== Args={'value': 0, 'prev_value': 0, 'change': 0, 'player_num': 1}
2026-03-01 14:01:44,097 : INFO : EventManager : Event: ======'game_started'====== Args={}
2026-03-01 14:01:44,097 : INFO : EventManager : Event: ======'player_turn_will_start'====== Args={'player': <Player 1>, 'number': 1}
2026-03-01 14:01:44,097 : INFO : EventManager : Event: ======'player_turn_starting'====== Args={'player': <Player 1>, 'number': 1}
2026-03-01 14:01:44,111 : INFO : EventManager : Event: ======'player_ball'====== Args={'value': 1, 'prev_value': 0, 'change': 1, 'player_num': 1}
2026-03-01 14:01:44,111 : INFO : EventManager : Event: ======'player_turn_started'====== Args={'player': <Player 1>, 'number': 1}
2026-03-01 14:01:44,112 : INFO : EventManager : Event: ======'ball_will_start'====== Args={'player': 1, 'ball': 1, 'balls_remaining': 2, 'is_extra_ball': False}
2026-03-01 14:01:44,112 : INFO : EventManager : Event: ======'ball_starting'====== Args={'player': 1, 'ball': 1, 'balls_remaining': 2, 'is_extra_ball': False}
2026-03-01 14:01:44,113 : INFO : EventManager : Event: ======'mode_base_will_start'====== Args={'queue': <QueuedEvent>, 'player': 1, 'ball': 1, 'balls_remaining': 2, 'is_extra_ball': False}
2026-03-01 14:01:44,113 : INFO : EventManager : Event: ======'player_shot_left_lane_enabled'====== Args={'value': True, 'prev_value': 0, 'change': 1, 'player_num': 1}
2026-03-01 14:01:44,114 : INFO : EventManager : Event: ======'mode_base_starting'====== Args={'queue': <QueuedEvent>, 'player': 1, 'ball': 1, 'balls_remaining': 2, 'is_extra_ball': False}
2026-03-01 14:01:44,114 : INFO : Mode.base : Started. Priority: 100
2026-03-01 14:01:44,114 : INFO : EventManager : Event: ======'modes_active_modes_changed'====== Args={}
2026-03-01 14:01:44,114 : INFO : EventManager : Event: ======'mode_base_started'====== Args={'queue': <QueuedEvent>, 'player': 1, 'ball': 1, 'balls_remaining': 2, 'is_extra_ball': False}
2026-03-01 14:01:44,115 : INFO : EventManager : Event: ======'start_mode_bumpers'====== Args={'priority': 0}
2026-03-01 14:01:44,115 : INFO : EventManager : Event: ======'mode_bumpers_will_start'====== Args={'priority': 0}
2026-03-01 14:01:44,115 : INFO : EventManager : Event: ======'player_shot_bumper_lower_enabled'====== Args={'value': True, 'prev_value': 0, 'change': 1, 'player_num': 1}
2026-03-01 14:01:44,116 : INFO : EventManager : Event: ======'player_shot_bumper_upper_enabled'====== Args={'value': True, 'prev_value': 0, 'change': 1, 'player_num': 1}
2026-03-01 14:01:44,116 : INFO : EventManager : Event: ======'bumpers_complete'====== Args={'state': 'unlit'}
2026-03-01 14:01:44,116 : INFO : EventManager : Event: ======'bumpers_unlit_complete'====== Args={}
2026-03-01 14:01:44,117 : INFO : EventManager : Event: ======'mode_bumpers_starting'====== Args={'priority': 0}
2026-03-01 14:01:44,117 : INFO : Mode.bumpers : Started. Priority: 200
2026-03-01 14:01:44,117 : INFO : EventManager : Event: ======'modes_active_modes_changed'====== Args={}
2026-03-01 14:01:44,117 : INFO : EventManager : Event: ======'mode_bumpers_started'====== Args={'priority': 0}
2026-03-01 14:01:44,118 : INFO : EventManager : Event: ======'balls_in_play'====== Args={'balls': 1}
2026-03-01 14:01:44,118 : INFO : EventManager : Event: ======'ball_started'====== Args={'player': 1, 'ball': 1, 'balls_remaining': 2, 'is_extra_ball': False}
2026-03-01 14:01:44,119 : INFO : EventManager : Event: ======'single_player_ball_started'====== Args={}
2026-03-01 14:01:44,119 : INFO : EventManager : Event: ======'ball_start_target'====== Args={'target': 'playfield'}
2026-03-01 14:01:44,120 : INFO : ball_device.bd_trough : Setting up player-controlled eject. Balls: 1, Target: <playfield.playfield>, player_controlled_eject_event: None
2026-03-01 14:01:44,120 : INFO : ball_device.bd_trough : Adding 1 ball(s) to the eject_queue with target <playfield.playfield>.
2026-03-01 14:01:44,120 : INFO : EventManager : Event: ======'balldevice_balls_available'====== Args={}
2026-03-01 14:01:44,121 : INFO : ball_device.bd_trough : State: waiting_for_target_ready
2026-03-01 14:01:44,121 : INFO : EventManager : Event: ======'balldevice_bd_trough_ball_eject_attempt'====== Args={'balls': 1, 'target': <ball_device.bd_plunger>, 'source': <ball_device.bd_trough>, 'mechanical_eject': False, 'num_attempts': 0}
2026-03-01 14:01:44,121 : INFO : ball_device.bd_plunger : State: waiting_for_ball
2026-03-01 14:01:44,121 : INFO : ball_device.bd_trough : State: ejecting
2026-03-01 14:01:44,122 : INFO : ball_device.bd_trough : Ejecting ball to <ball_device.bd_plunger>
2026-03-01 14:01:44,122 : INFO : EventManager : Event: ======'balldevice_bd_trough_ejecting_ball'====== Args={'balls': 1, 'target': <ball_device.bd_plunger>, 'source': <ball_device.bd_trough>, 'mechanical_eject': False, 'num_attempts': 0}
2026-03-01 14:01:44,127 : INFO : ball_device.bd_trough : Wait for ball to leave device
2026-03-01 14:01:44,127 : INFO : coil.c_trough_eject : Pulsing Driver for 10ms (1.0 pulse_power)
2026-03-01 14:01:44,325 : INFO : EventManager : Event: ======'slide_base_slide_created'====== Args={'_from_bcp': True}
2026-03-01 14:01:44,325 : INFO : EventManager : Event: ======'slide_attract_inactive'====== Args={'is_removing': True, '_from_bcp': True}
2026-03-01 14:01:44,326 : INFO : EventManager : Event: ======'slide_base_slide_active'====== Args={'original_context': 'base', 'original_calling_context': 'mode_base_started', 'priority': 100.0, 'queue': '<QueuedEvent>', 'player': 1.0, 'ball': 1.0, 'balls_remaining': 2.0, 'is_extra_ball': False, 'cmd': 'slides_play', '_from_bcp': True}
2026-03-01 14:01:44,326 : INFO : EventManager : Event: ======'slide_attract_removed'====== Args={'_from_bcp': True}
2026-03-01 14:01:51,904 : INFO : SwitchController : <<<<<<< 's_trough_4' inactive >>>>>>>
2026-03-01 14:01:51,905 : INFO : ball_device.bd_trough : State: ball_left
2026-03-01 14:01:51,905 : INFO : ball_device.bd_trough : Ball left
2026-03-01 14:01:51,905 : INFO : ball_device.bd_trough : Wait for confirm with timeout 10.0
2026-03-01 14:01:51,985 : INFO : SwitchController : <<<<<<< 's_trough_4' active >>>>>>>
2026-03-01 14:01:51,985 : INFO : EventManager : Event: ======'machine_var_audits_switches_s_trough_4'====== Args={'value': 109, 'prev_value': 108, 'change': 1}
2026-03-01 14:01:52,002 : INFO : SwitchController : <<<<<<< 's_trough_3' inactive >>>>>>>
2026-03-01 14:01:52,021 : INFO : SwitchController : <<<<<<< 's_trough_6' inactive >>>>>>>
2026-03-01 14:01:52,035 : INFO : SwitchController : <<<<<<< 's_trough_6' active >>>>>>>
2026-03-01 14:01:52,036 : INFO : EventManager : Event: ======'machine_var_audits_switches_s_trough_6'====== Args={'value': 109, 'prev_value': 108, 'change': 1}
2026-03-01 14:01:52,066 : INFO : SwitchController : <<<<<<< 's_trough_4' inactive >>>>>>>
2026-03-01 14:01:52,090 : INFO : SwitchController : <<<<<<< 's_trough_5' inactive >>>>>>>
2026-03-01 14:01:52,104 : INFO : SwitchController : <<<<<<< 's_trough_3' active >>>>>>>
2026-03-01 14:01:52,104 : INFO : EventManager : Event: ======'machine_var_audits_switches_s_trough_3'====== Args={'value': 86, 'prev_value': 85, 'change': 1}
2026-03-01 14:01:52,113 : INFO : SwitchController : <<<<<<< 's_trough_2' inactive >>>>>>>
2026-03-01 14:01:52,167 : INFO : SwitchController : <<<<<<< 's_trough_4' active >>>>>>>
2026-03-01 14:01:52,167 : INFO : EventManager : Event: ======'machine_var_audits_switches_s_trough_4'====== Args={'value': 110, 'prev_value': 109, 'change': 1}
2026-03-01 14:01:52,185 : INFO : SwitchController : <<<<<<< 's_trough_3' inactive >>>>>>>
2026-03-01 14:01:52,194 : INFO : SwitchController : <<<<<<< 's_trough_2' active >>>>>>>
2026-03-01 14:01:52,194 : INFO : EventManager : Event: ======'machine_var_audits_switches_s_trough_2'====== Args={'value': 76, 'prev_value': 75, 'change': 1}
2026-03-01 14:01:52,201 : INFO : SwitchController : <<<<<<< 's_trough_1' inactive >>>>>>>
2026-03-01 14:01:52,283 : INFO : SwitchController : <<<<<<< 's_trough_5' active >>>>>>>
2026-03-01 14:01:52,284 : INFO : EventManager : Event: ======'machine_var_audits_switches_s_trough_5'====== Args={'value': 112, 'prev_value': 111, 'change': 1}
2026-03-01 14:01:52,298 : INFO : SwitchController : <<<<<<< 's_trough_4' inactive >>>>>>>
2026-03-01 14:01:52,302 : INFO : SwitchController : <<<<<<< 's_trough_3' active >>>>>>>
2026-03-01 14:01:52,302 : INFO : EventManager : Event: ======'machine_var_audits_switches_s_trough_3'====== Args={'value': 87, 'prev_value': 86, 'change': 1}
2026-03-01 14:01:52,313 : INFO : SwitchController : <<<<<<< 's_trough_2' inactive >>>>>>>
2026-03-01 14:01:52,359 : INFO : SwitchController : <<<<<<< 's_trough_5' inactive >>>>>>>
2026-03-01 14:01:52,404 : INFO : SwitchController : <<<<<<< 's_trough_4' active >>>>>>>
2026-03-01 14:01:52,404 : INFO : EventManager : Event: ======'machine_var_audits_switches_s_trough_4'====== Args={'value': 111, 'prev_value': 110, 'change': 1}
2026-03-01 14:01:52,419 : INFO : SwitchController : <<<<<<< 's_trough_3' inactive >>>>>>>
2026-03-01 14:01:52,510 : INFO : SwitchController : <<<<<<< 's_trough_4' inactive >>>>>>>
2026-03-01 14:01:52,526 : INFO : SwitchController : <<<<<<< 's_trough_5' active >>>>>>>
2026-03-01 14:01:52,526 : INFO : EventManager : Event: ======'machine_var_audits_switches_s_trough_5'====== Args={'value': 113, 'prev_value': 112, 'change': 1}
2026-03-01 14:01:52,679 : INFO : SwitchController : <<<<<<< 's_trough_5' inactive >>>>>>>
2026-03-01 14:01:52,823 : INFO : SwitchController : <<<<<<< 's_trough_6' inactive >>>>>>>
2026-03-01 14:02:01,424 : INFO : Machine : Shutting down...
2026-03-01 14:02:01,425 : INFO : EventManager : Event: ======'shutdown'====== Args={}
2026-03-01 14:02:01,429 : INFO : EventManager : Event: ======'mode_game_will_stop'====== Args={}
2026-03-01 14:02:01,430 : INFO : EventManager : Event: ======'mode_game_stopping'====== Args={}
2026-03-01 14:02:01,430 : INFO : EventManager : Event: ======'mode_bumpers_will_stop'====== Args={}
2026-03-01 14:02:01,430 : INFO : EventManager : Event: ======'mode_bumpers_stopping'====== Args={}
2026-03-01 14:02:01,430 : INFO : EventManager : Event: ======'mode_base_will_stop'====== Args={}
2026-03-01 14:02:01,430 : INFO : EventManager : Event: ======'mode_base_stopping'====== Args={}
2026-03-01 14:02:01,431 : INFO : EventManager : Event: ======'stop_mode_bumpers'====== Args={'priority': 0}
2026-03-01 14:02:01,431 : INFO : Mode.base : Stopped.
2026-03-01 14:02:01,431 : INFO : EventManager : Event: ======'modes_active_modes_changed'====== Args={}
2026-03-01 14:02:01,431 : INFO : EventManager : Event: ======'mode_base_stopped'====== Args={}
2026-03-01 14:02:01,431 : INFO : EventManager : Event: ======'clear'====== Args={'key': 'base'}
2026-03-01 14:02:01,431 : INFO : Mode.bumpers : Stopped.
2026-03-01 14:02:01,431 : INFO : EventManager : Event: ======'modes_active_modes_changed'====== Args={}
2026-03-01 14:02:01,431 : INFO : EventManager : Event: ======'mode_bumpers_stopped'====== Args={}
2026-03-01 14:02:01,431 : INFO : EventManager : Event: ======'clear'====== Args={'key': 'bumpers'}
2026-03-01 14:02:01,432 : INFO : Mode.game : Stopped.
2026-03-01 14:02:01,432 : INFO : EventManager : Event: ======'modes_active_modes_changed'====== Args={}
2026-03-01 14:02:01,432 : INFO : EventManager : Event: ======'mode_game_stopped'====== Args={}
2026-03-01 14:02:01,432 : INFO : EventManager : Event: ======'clear'====== Args={'key': 'game'}
2026-03-01 14:02:01,538 : INFO : root : MPF run loop ended.
