2026-03-04 13:41:18,050 : INFO : root : Loading config.
2026-03-04 13:41:18,402 : INFO : ConfigProcessor : Config spec file cache created: /var/folders/1s/015t8n3n70gcr2ch4xflj4yr0000gn/T/config_spec.mpf_cache
2026-03-04 13:41:18,403 : INFO : YamlMultifileConfigLoader : Machine config file #1: config.yaml
2026-03-04 13:41:18,404 : INFO : ConfigProcessor : Loading config from cache: /var/folders/1s/015t8n3n70gcr2ch4xflj4yr0000gn/T/954ddabc670342668a09b03520c7eb79.mpf_cache
2026-03-04 13:41:18,466 : INFO : ConfigProcessor : Loading config from cache: /var/folders/1s/015t8n3n70gcr2ch4xflj4yr0000gn/T/64218df07edc412f774c53ffb33c812d.mpf_cache
2026-03-04 13:41:18,467 : INFO : ConfigProcessor : Loading config from cache: /var/folders/1s/015t8n3n70gcr2ch4xflj4yr0000gn/T/767518d75df2d86a4d35c1fb94c70abd.mpf_cache
2026-03-04 13:41:18,467 : INFO : ConfigProcessor : Loading config from cache: /var/folders/1s/015t8n3n70gcr2ch4xflj4yr0000gn/T/64218df07edc412f774c53ffb33c812d.mpf_cache
2026-03-04 13:41:18,467 : INFO : ConfigProcessor : Loading config from cache: /var/folders/1s/015t8n3n70gcr2ch4xflj4yr0000gn/T/73548cb541cc3751ae5711fe0817282a.mpf_cache
2026-03-04 13:41:18,468 : WARNING : ConfigProcessor : Config file in cache changed: /Users/pinball/NapoleonDynamite/modes/bumpers/config/bumpers.yaml
2026-03-04 13:41:18,468 : INFO : ConfigProcessor : Loading config from file /Users/pinball/NapoleonDynamite/modes/bumpers/config/bumpers.yaml.
2026-03-04 13:41:18,477 : INFO : ConfigProcessor : Loading config: /Users/pinball/NapoleonDynamite/modes/bumpers/config/bumpers.yaml
2026-03-04 13:41:18,477 : INFO : ConfigProcessor : Config file cache created: /var/folders/1s/015t8n3n70gcr2ch4xflj4yr0000gn/T/57f006170cd447d443f971cd8b826597.mpf_cache
2026-03-04 13:41:18,478 : INFO : Machine : Mission Pinball Framework Core Engine v0.80.0.dev13
2026-03-04 13:41:18,478 : INFO : Machine : Command line arguments: {'no_load_cache': False, 'create_config_cache': True, 'bcp': True, 'configfile': ['config.yaml'], 'force_assets_load': False, 'platform_integration_test': False, 'jsonlogging': False, 'logfile': 'logs/2026-03-04-13-41-18-mpf-ANDREs-Mac-mini.local.log', 'pause': False, 'production': False, 'text_ui': True, 'loglevel': 15, 'consoleloglevel': 20, 'force_platform': None, 'syslog_address': None, 'full_logfile_path': '/Users/pinball/NapoleonDynamite/logs/2026-03-04-13-41-18-mpf-ANDREs-Mac-mini.local.log'}
2026-03-04 13:41:18,478 : INFO : Machine : MPF path: /Users/pinball/mpf/lib/python3.14/site-packages/mpf
2026-03-04 13:41:18,478 : INFO : Machine : Machine path: /Users/pinball/NapoleonDynamite
2026-03-04 13:41:18,478 : INFO : Machine : Platform: darwin
2026-03-04 13:41:18,478 : INFO : Machine : Python executable location: /Users/pinball/mpf/bin/python3.14
2026-03-04 13:41:18,478 : INFO : Machine : Python version: 3.14.3 (64-bit)
2026-03-04 13:41:18,479 : INFO : Machine : Initializing MPF...
2026-03-04 13:41:18,599 : INFO : FAST : Auto-detecting ports for the following connections: ['net', 'exp']
2026-03-04 13:41:18,631 : INFO : FAST : Detected NET on port /dev/cu.usbmodem14101
2026-03-04 13:41:18,639 : INFO : FAST : Detected EXP on port /dev/cu.usbmodem14103
2026-03-04 13:41:18,744 : INFO : FAST [NET] : Trying to connect to /dev/cu.usbmodem14101 at 921600bps
2026-03-04 13:41:18,749 : INFO : FAST [NET] : Connected to /dev/cu.usbmodem14101 at 921600bps
2026-03-04 13:41:18,751 : INFO : FAST [NET] : Connected to FP-CPU-2000 with firmware v02.26
2026-03-04 13:41:18,754 : INFO : FAST [NET] : Registered I/O Board 0: Model: FP-I/O-0024, Firmware: 01.10, Switches: 24, Drivers: 8
2026-03-04 13:41:18,755 : INFO : FAST [NET] : Registered I/O Board 1: Model: FP-I/O-3208, Firmware: 01.10, Switches: 32, Drivers: 8
2026-03-04 13:41:18,756 : INFO : FAST [NET] : Registered I/O Board 2: Model: FP-I/O-0804, Firmware: 01.10, Switches: 8, Drivers: 4
2026-03-04 13:41:18,758 : INFO : FAST [NET] : Registered I/O Board 3: Model: FP-I/O-0804, Firmware: 01.10, Switches: 8, Drivers: 4
2026-03-04 13:41:18,759 : INFO : FAST [EXP] : Trying to connect to /dev/cu.usbmodem14103 at 921600bps
2026-03-04 13:41:18,764 : INFO : FAST [EXP] : Connected to /dev/cu.usbmodem14103 at 921600bps
2026-03-04 13:41:18,766 : INFO : FAST [EXP] : Verifying hardware for EXP "neuron" (FP-EXP-2000, @48) with ID string "EXP FP-EXP-2000  0.34", board address 48
2026-03-04 13:41:18,767 : INFO : FAST [EXP] : Verifying hardware for EXP "neuron" (FP-EXP-2000, @48) with ID string "LED FP-BRK-0001  0.8", board address 480
2026-03-04 13:41:18,769 : INFO : EventManager : Event: ======'machine_var_credits_string'====== Args={'value': 'FREE PLAY', 'prev_value': None, 'change': True}
2026-03-04 13:41:18,786 : INFO : EventManager : Event: ======'machine_var_master_volume'====== Args={'value': 0.5, 'prev_value': None, 'change': True}
2026-03-04 13:41:18,786 : INFO : EventManager : Event: ======'machine_var_player1_score'====== Args={'value': 67080, 'prev_value': None, 'change': True}
2026-03-04 13:41:18,786 : INFO : EventManager : Event: ======'machine_var_mpf_version'====== Args={'value': 'Mission Pinball Framework v0.80.0.dev13', 'prev_value': None, 'change': True}
2026-03-04 13:41:18,786 : INFO : EventManager : Event: ======'machine_var_mpf_extended_version'====== Args={'value': 'Mission Pinball Framework v0.80.0.dev13, Config version:6, Show version: 6, BCP version:1.1', 'prev_value': None, 'change': True}
2026-03-04 13:41:18,786 : INFO : EventManager : Event: ======'machine_var_python_version'====== Args={'value': '3.14.3', 'prev_value': None, 'change': True}
2026-03-04 13:41:18,810 : INFO : EventManager : Event: ======'machine_var_platform'====== Args={'value': 'macOS-14.8.4-x86_64-i386-64bit-Mach-O', 'prev_value': None, 'change': True}
2026-03-04 13:41:18,810 : INFO : EventManager : Event: ======'machine_var_platform_system'====== Args={'value': 'Darwin', 'prev_value': None, 'change': True}
2026-03-04 13:41:18,810 : INFO : EventManager : Event: ======'machine_var_platform_release'====== Args={'value': '23.6.0', 'prev_value': None, 'change': True}
2026-03-04 13:41:18,810 : INFO : EventManager : Event: ======'machine_var_platform_version'====== Args={'value': 'Darwin Kernel Version 23.6.0: Mon Jan 19 22:02:22 PST 2026; root:xnu-10063.141.1.710.3~1/RELEASE_X86_64', 'prev_value': None, 'change': True}
2026-03-04 13:41:18,810 : INFO : EventManager : Event: ======'machine_var_platform_machine'====== Args={'value': 'x86_64', 'prev_value': None, 'change': True}
2026-03-04 13:41:18,810 : INFO : EventManager : Event: ======'machine_var_log_file_path'====== Args={'value': '/Users/pinball/NapoleonDynamite/logs/2026-03-04-13-41-18-mpf-ANDREs-Mac-mini.local.log', 'prev_value': None, 'change': True}
2026-03-04 13:41:18,810 : INFO : EventManager : Event: ======'init_phase_1'====== Args={}
2026-03-04 13:41:18,987 : INFO : SwitchController : <<<<<<< 's_flipper_left_eos' active >>>>>>>
2026-03-04 13:41:18,987 : INFO : SwitchController : <<<<<<< 's_trough_1' active >>>>>>>
2026-03-04 13:41:19,019 : INFO : EventManager : Event: ======'init_phase_2'====== Args={}
2026-03-04 13:41:19,020 : INFO : SwitchController : Found active switch: (37, [FAST Platform Interface]) <switch.s_flipper_left_eos>
2026-03-04 13:41:19,020 : INFO : SwitchController : Found active switch: (24, [FAST Platform Interface]) <switch.s_trough_1>
2026-03-04 13:41:19,025 : INFO : EventManager : Event: ======'bcp_connection_attempt'====== Args={'name': 'local_display', 'host': 'localhost', 'port': 5050}
2026-03-04 13:41:19,027 : INFO : BCPClientSocket : Connecting BCP to 'local_display' at localhost:5050...
2026-03-04 13:41:19,040 : INFO : BCPClientSocket : Connected BCP to 'local_display' localhost:5050
2026-03-04 13:41:19,041 : INFO : EventManager : Event: ======'bcp_clients_connected'====== Args={}
2026-03-04 13:41:19,488 : INFO : ball_device.bd_trough : BCH: Initial count: 1
2026-03-04 13:41:19,489 : INFO : ball_device.bd_trough : State: idle
2026-03-04 13:41:19,490 : INFO : ball_device.bd_scoop_tina : BCH: Initial count: 0
2026-03-04 13:41:19,490 : INFO : ball_device.bd_scoop_tina : State: idle
2026-03-04 13:41:19,492 : INFO : ball_device.bd_plunger : BCH: Initial count: 0
2026-03-04 13:41:19,492 : INFO : ball_device.bd_plunger : State: idle
2026-03-04 13:41:19,510 : INFO : EventManager : Event: ======'init_phase_3'====== Args={}
2026-03-04 13:41:19,514 : INFO : EventManager : Event: ======'init_phase_4'====== Args={}
2026-03-04 13:41:19,515 : INFO : BallController : Initial balls found: 1
2026-03-04 13:41:19,517 : INFO : EventManager : Event: ======'machine_var_audits_events_game_ended'====== Args={'value': 17, 'prev_value': None, 'change': True}
2026-03-04 13:41:19,517 : INFO : EventManager : Event: ======'machine_var_audits_events_game_started'====== Args={'value': 32, 'prev_value': None, 'change': True}
2026-03-04 13:41:19,517 : INFO : EventManager : Event: ======'machine_var_audits_missing_switches_s_flipper_right_lower_eos'====== Args={'value': 3, 'prev_value': None, 'change': True}
2026-03-04 13:41:19,517 : INFO : EventManager : Event: ======'machine_var_audits_missing_switches_s_scoop_tina'====== Args={'value': 3, 'prev_value': None, 'change': True}
2026-03-04 13:41:19,518 : INFO : EventManager : Event: ======'machine_var_audits_missing_switches_s_start'====== Args={'value': 1, 'prev_value': None, 'change': True}
2026-03-04 13:41:19,518 : INFO : EventManager : Event: ======'machine_var_audits_player_score'====== Args={'value': {'average': 50738, 'top': [628090, 123050, 67080, 33050, 15710, 11130, 10070, 10020, 7390, 3050], 'total': 18}, 'prev_value': None, 'change': True}
2026-03-04 13:41:19,518 : INFO : EventManager : Event: ======'machine_var_audits_shots_shot_bumper_lower'====== Args={'value': 35, 'prev_value': None, 'change': True}
2026-03-04 13:41:19,518 : INFO : EventManager : Event: ======'machine_var_audits_shots_shot_bumper_upper'====== Args={'value': 36, 'prev_value': None, 'change': True}
2026-03-04 13:41:19,518 : INFO : EventManager : Event: ======'machine_var_audits_shots_shot_inlane_left'====== Args={'value': 41, 'prev_value': None, 'change': True}
2026-03-04 13:41:19,518 : INFO : EventManager : Event: ======'machine_var_audits_shots_shot_inlane_right_1'====== Args={'value': 977, 'prev_value': None, 'change': True}
2026-03-04 13:41:19,518 : INFO : EventManager : Event: ======'machine_var_audits_shots_shot_inlane_right_2'====== Args={'value': 30, 'prev_value': None, 'change': True}
2026-03-04 13:41:19,518 : INFO : EventManager : Event: ======'machine_var_audits_shots_shot_scoop'====== Args={'value': 1, 'prev_value': None, 'change': True}
2026-03-04 13:41:19,518 : INFO : EventManager : Event: ======'machine_var_audits_shots_shot_sling_left'====== Args={'value': 578, 'prev_value': None, 'change': True}
2026-03-04 13:41:19,518 : INFO : EventManager : Event: ======'machine_var_audits_shots_shot_sling_right'====== Args={'value': 72, 'prev_value': None, 'change': True}
2026-03-04 13:41:19,518 : INFO : EventManager : Event: ======'machine_var_audits_shots_sling_left'====== Args={'value': 21, 'prev_value': None, 'change': True}
2026-03-04 13:41:19,519 : INFO : EventManager : Event: ======'machine_var_audits_shots_sling_right'====== Args={'value': 28, 'prev_value': None, 'change': True}
2026-03-04 13:41:19,519 : INFO : EventManager : Event: ======'machine_var_audits_switches_s_bumper_lower'====== Args={'value': 35, 'prev_value': None, 'change': True}
2026-03-04 13:41:19,519 : INFO : EventManager : Event: ======'machine_var_audits_switches_s_bumper_upper'====== Args={'value': 42, 'prev_value': None, 'change': True}
2026-03-04 13:41:19,519 : INFO : EventManager : Event: ======'machine_var_audits_switches_s_flipper_left'====== Args={'value': 736, 'prev_value': None, 'change': True}
2026-03-04 13:41:19,519 : INFO : EventManager : Event: ======'machine_var_audits_switches_s_flipper_left_eos'====== Args={'value': 629, 'prev_value': None, 'change': True}
2026-03-04 13:41:19,519 : INFO : EventManager : Event: ======'machine_var_audits_switches_s_flipper_right_lower'====== Args={'value': 1532, 'prev_value': None, 'change': True}
2026-03-04 13:41:19,519 : INFO : EventManager : Event: ======'machine_var_audits_switches_s_flipper_right_lower_eos'====== Args={'value': 728, 'prev_value': None, 'change': True}
2026-03-04 13:41:19,519 : INFO : EventManager : Event: ======'machine_var_audits_switches_s_flipper_right_upper'====== Args={'value': 1380, 'prev_value': None, 'change': True}
2026-03-04 13:41:19,519 : INFO : EventManager : Event: ======'machine_var_audits_switches_s_flipper_right_upper_eos'====== Args={'value': 837, 'prev_value': None, 'change': True}
2026-03-04 13:41:19,519 : INFO : EventManager : Event: ======'machine_var_audits_switches_s_inlane_left'====== Args={'value': 41, 'prev_value': None, 'change': True}
2026-03-04 13:41:19,519 : INFO : EventManager : Event: ======'machine_var_audits_switches_s_inlane_right_1'====== Args={'value': 1309, 'prev_value': None, 'change': True}
2026-03-04 13:41:19,520 : INFO : EventManager : Event: ======'machine_var_audits_switches_s_inlane_right_2'====== Args={'value': 30, 'prev_value': None, 'change': True}
2026-03-04 13:41:19,520 : INFO : EventManager : Event: ======'machine_var_audits_switches_s_plunger'====== Args={'value': 102, 'prev_value': None, 'change': True}
2026-03-04 13:41:19,520 : INFO : EventManager : Event: ======'machine_var_audits_switches_s_scoop_tina'====== Args={'value': 1, 'prev_value': None, 'change': True}
2026-03-04 13:41:19,520 : INFO : EventManager : Event: ======'machine_var_audits_switches_s_sling_left'====== Args={'value': 601, 'prev_value': None, 'change': True}
2026-03-04 13:41:19,520 : INFO : EventManager : Event: ======'machine_var_audits_switches_s_sling_right'====== Args={'value': 100, 'prev_value': None, 'change': True}
2026-03-04 13:41:19,520 : INFO : EventManager : Event: ======'machine_var_audits_switches_s_start'====== Args={'value': 9, 'prev_value': None, 'change': True}
2026-03-04 13:41:19,520 : INFO : EventManager : Event: ======'machine_var_audits_switches_s_trough_1'====== Args={'value': 86, 'prev_value': None, 'change': True}
2026-03-04 13:41:19,520 : INFO : EventManager : Event: ======'machine_var_audits_switches_s_trough_2'====== Args={'value': 96, 'prev_value': None, 'change': True}
2026-03-04 13:41:19,520 : INFO : EventManager : Event: ======'machine_var_audits_switches_s_trough_3'====== Args={'value': 106, 'prev_value': None, 'change': True}
2026-03-04 13:41:19,520 : INFO : EventManager : Event: ======'machine_var_audits_switches_s_trough_4'====== Args={'value': 115, 'prev_value': None, 'change': True}
2026-03-04 13:41:19,521 : INFO : EventManager : Event: ======'machine_var_audits_switches_s_trough_5'====== Args={'value': 122, 'prev_value': None, 'change': True}
2026-03-04 13:41:19,521 : INFO : EventManager : Event: ======'machine_var_audits_switches_s_trough_6'====== Args={'value': 118, 'prev_value': None, 'change': True}
2026-03-04 13:41:19,521 : INFO : EventManager : Event: ======'machine_var_audits_switches_s_trough_7'====== Args={'value': 95, 'prev_value': None, 'change': True}
2026-03-04 13:41:19,522 : INFO : EventManager : Event: ======'init_phase_5'====== Args={}
2026-03-04 13:41:19,523 : INFO : EventManager : Event: ======'init_done'====== Args={}
2026-03-04 13:41:19,523 : INFO : EventManager : Event: ======'machine_reset_phase_1'====== Args={}
2026-03-04 13:41:19,544 : INFO : EventManager : Event: ======'machine_reset_phase_2'====== Args={}
2026-03-04 13:41:19,545 : INFO : EventManager : Event: ======'machine_reset_phase_3'====== Args={}
2026-03-04 13:41:19,545 : INFO : EventManager : Event: ======'reset_complete'====== Args={}
2026-03-04 13:41:19,546 : INFO : EventManager : Event: ======'mode_attract_will_start'====== Args={}
2026-03-04 13:41:19,547 : INFO : Timer.attract_carousel_timer : Starting Timer.
2026-03-04 13:41:19,547 : INFO : EventManager : Event: ======'timer_attract_carousel_timer_started'====== Args={'ticks': 0, 'ticks_remaining': 1}
2026-03-04 13:41:19,547 : INFO : EventManager : Event: ======'timer_attract_carousel_timer_tick'====== Args={'ticks': 0, 'ticks_remaining': 1}
2026-03-04 13:41:19,549 : INFO : EventManager : Event: ======'mode_attract_starting'====== Args={}
2026-03-04 13:41:19,549 : INFO : Mode.attract : Started. Priority: 10
2026-03-04 13:41:19,549 : INFO : EventManager : Event: ======'modes_active_modes_changed'====== Args={}
2026-03-04 13:41:19,549 : INFO : EventManager : Event: ======'mode_attract_started'====== Args={}
2026-03-04 13:41:19,551 : INFO : EventManager : Event: ======'collecting_balls_complete'====== Args={}
2026-03-04 13:41:19,552 : INFO : EventManager : Event: ======'carousel_item_highlighted'====== Args={'carousel': 'attract', 'direction': None, 'item': 'title'}
2026-03-04 13:41:19,553 : INFO : EventManager : Event: ======'timer_attract_carousel_timer_tick'====== Args={'ticks': 0, 'ticks_remaining': 1}
2026-03-04 13:41:19,554 : INFO : Machine : Starting the main run loop with active modes: [<Mode.attract>]
2026-03-04 13:41:20,095 : INFO : EventManager : Event: ======'slide_attract_created'====== Args={'_from_bcp': True}
2026-03-04 13:41:20,095 : INFO : EventManager : Event: ======'slide__removed'====== Args={'_from_bcp': True}
2026-03-04 13:41:20,096 : INFO : EventManager : Event: ======'slide_attract_active'====== Args={'original_context': 'attract', 'original_calling_context': 'mode_attract_started', 'priority': 10.0, 'cmd': 'slides_play', '_from_bcp': True}
2026-03-04 13:41:24,553 : INFO : Timer.attract_carousel_timer : Timer Complete
2026-03-04 13:41:24,553 : INFO : Timer.attract_carousel_timer : Stopping Timer
2026-03-04 13:41:24,553 : INFO : EventManager : Event: ======'timer_attract_carousel_timer_stopped'====== Args={'ticks': 1, 'ticks_remaining': 1}
2026-03-04 13:41:24,553 : INFO : EventManager : Event: ======'timer_attract_carousel_timer_complete'====== Args={'ticks': 1, 'ticks_remaining': 1}
2026-03-04 13:41:24,554 : INFO : EventManager : Event: ======'carousel_item_highlighted'====== Args={'carousel': 'attract', 'direction': 'forwards', 'item': 'credits'}
2026-03-04 13:41:24,554 : INFO : Timer.attract_carousel_timer : Starting Timer.
2026-03-04 13:41:24,554 : INFO : EventManager : Event: ======'timer_attract_carousel_timer_started'====== Args={'ticks': 0, 'ticks_remaining': 1}
2026-03-04 13:41:24,554 : INFO : EventManager : Event: ======'timer_attract_carousel_timer_tick'====== Args={'ticks': 0, 'ticks_remaining': 1}
2026-03-04 13:41:26,693 : INFO : SwitchController : <<<<<<< 's_start' active >>>>>>>
2026-03-04 13:41:26,945 : INFO : SwitchController : <<<<<<< 's_start' inactive >>>>>>>
2026-03-04 13:41:26,945 : INFO : EventManager : Event: ======'request_to_start_game'====== Args={}
2026-03-04 13:41:26,945 : INFO : EventManager : Event: ======'game_start'====== Args={'buttons': [], 'hold_time': 0.2517570889904164}
2026-03-04 13:41:26,946 : INFO : EventManager : Event: ======'mode_game_will_start'====== Args={'buttons': [], 'hold_time': 0.2517570889904164}
2026-03-04 13:41:26,946 : INFO : EventManager : Event: ======'mode_game_starting'====== Args={'buttons': [], 'hold_time': 0.2517570889904164}
2026-03-04 13:41:26,946 : INFO : EventManager : Event: ======'mode_attract_will_stop'====== Args={}
2026-03-04 13:41:26,947 : INFO : EventManager : Event: ======'mode_attract_stopping'====== Args={}
2026-03-04 13:41:26,947 : INFO : Mode.attract : Stopped.
2026-03-04 13:41:26,947 : INFO : EventManager : Event: ======'modes_active_modes_changed'====== Args={}
2026-03-04 13:41:26,947 : INFO : EventManager : Event: ======'mode_attract_stopped'====== Args={}
2026-03-04 13:41:26,947 : INFO : EventManager : Event: ======'clear'====== Args={'key': 'attract'}
2026-03-04 13:41:26,948 : INFO : Timer.attract_carousel_timer : Stopping Timer
2026-03-04 13:41:26,948 : INFO : EventManager : Event: ======'timer_attract_carousel_timer_stopped'====== Args={'ticks': 0, 'ticks_remaining': 1}
2026-03-04 13:41:26,948 : INFO : Mode.game : Started. Priority: 20
2026-03-04 13:41:26,948 : INFO : EventManager : Event: ======'modes_active_modes_changed'====== Args={}
2026-03-04 13:41:26,948 : INFO : EventManager : Event: ======'mode_game_started'====== Args={'buttons': [], 'hold_time': 0.2517570889904164}
2026-03-04 13:41:26,949 : INFO : EventManager : Event: ======'game_will_start'====== Args={}
2026-03-04 13:41:26,949 : INFO : EventManager : Event: ======'game_starting'====== Args={'game': <Mode.game>}
2026-03-04 13:41:26,950 : INFO : EventManager : Unordered handler for class <Auditor> on event game_ended with priority 1. Handlers: [RegisteredHandler(callback=<bound method Auditor.disable of <Auditor>>, priority=1, kwargs={}, key=UUID('56e6dc5b-44c8-477d-83ea-71693427c75e'), condition=None, blocking_facility=None), RegisteredHandler(callback=<bound method Auditor._save_audits of <Auditor>>, priority=1, kwargs={}, key=UUID('ce0d0c09-fc80-42cf-bde2-be4680a3ecdb'), condition=None, blocking_facility=None)]. The order of those handlers is not defined and they will be executed in random order. This might lead to race conditions and potential bugs.
2026-03-04 13:41:26,950 : INFO : EventManager : Event: ======'player_add_request'====== Args={}
2026-03-04 13:41:26,950 : INFO : EventManager : Event: ======'player_will_add'====== Args={'number': 1}
2026-03-04 13:41:26,950 : INFO : EventManager : Event: ======'player_adding'====== Args={'player': <Player 1>, 'number': 1}
2026-03-04 13:41:26,950 : INFO : EventManager : Event: ======'player_added'====== Args={'player': <Player 1>, 'num': 1}
2026-03-04 13:41:26,950 : INFO : Mode.game : Player added successfully. Total players: 1
2026-03-04 13:41:26,951 : INFO : EventManager : Event: ======'player_index'====== Args={'value': 0, 'prev_value': 0, 'change': 0, 'player_num': 1}
2026-03-04 13:41:26,951 : INFO : EventManager : Event: ======'player_number'====== Args={'value': 1, 'prev_value': 1, 'change': 0, 'player_num': 1}
2026-03-04 13:41:26,951 : INFO : EventManager : Event: ======'player_score'====== Args={'value': 0, 'prev_value': 0, 'change': 0, 'player_num': 1}
2026-03-04 13:41:26,952 : INFO : EventManager : Event: ======'game_started'====== Args={}
2026-03-04 13:41:26,952 : INFO : EventManager : Event: ======'player_turn_will_start'====== Args={'player': <Player 1>, 'number': 1}
2026-03-04 13:41:26,975 : INFO : EventManager : Event: ======'player_turn_starting'====== Args={'player': <Player 1>, 'number': 1}
2026-03-04 13:41:26,975 : INFO : EventManager : Event: ======'player_ball'====== Args={'value': 1, 'prev_value': 0, 'change': 1, 'player_num': 1}
2026-03-04 13:41:26,976 : INFO : EventManager : Event: ======'player_turn_started'====== Args={'player': <Player 1>, 'number': 1}
2026-03-04 13:41:26,976 : INFO : EventManager : Event: ======'ball_will_start'====== Args={'player': 1, 'ball': 1, 'balls_remaining': 2, 'is_extra_ball': False}
2026-03-04 13:41:26,977 : INFO : EventManager : Event: ======'ball_starting'====== Args={'player': 1, 'ball': 1, 'balls_remaining': 2, 'is_extra_ball': False}
2026-03-04 13:41:26,977 : INFO : EventManager : Event: ======'mode_base_will_start'====== Args={'queue': <QueuedEvent>, 'player': 1, 'ball': 1, 'balls_remaining': 2, 'is_extra_ball': False}
2026-03-04 13:41:26,978 : INFO : EventManager : Event: ======'mode_base_starting'====== Args={'queue': <QueuedEvent>, 'player': 1, 'ball': 1, 'balls_remaining': 2, 'is_extra_ball': False}
2026-03-04 13:41:26,978 : INFO : Mode.base : Started. Priority: 100
2026-03-04 13:41:26,978 : INFO : EventManager : Event: ======'modes_active_modes_changed'====== Args={}
2026-03-04 13:41:26,978 : INFO : EventManager : Event: ======'mode_base_started'====== Args={'queue': <QueuedEvent>, 'player': 1, 'ball': 1, 'balls_remaining': 2, 'is_extra_ball': False}
2026-03-04 13:41:26,979 : INFO : EventManager : Event: ======'start_mode_bumpers'====== Args={'priority': 0}
2026-03-04 13:41:26,980 : INFO : EventManager : Event: ======'mode_bumpers_will_start'====== Args={'priority': 0}
2026-03-04 13:41:26,980 : INFO : EventManager : Event: ======'player_shot_shot_sling_left_enabled'====== Args={'value': True, 'prev_value': 0, 'change': 1, 'player_num': 1}
2026-03-04 13:41:26,981 : INFO : EventManager : Event: ======'player_shot_shot_sling_right_enabled'====== Args={'value': True, 'prev_value': 0, 'change': 1, 'player_num': 1}
2026-03-04 13:41:26,982 : INFO : EventManager : Event: ======'player_shot_shot_bumper_lower_enabled'====== Args={'value': True, 'prev_value': 0, 'change': 1, 'player_num': 1}
2026-03-04 13:41:26,982 : INFO : EventManager : Event: ======'player_shot_shot_bumper_upper_enabled'====== Args={'value': True, 'prev_value': 0, 'change': 1, 'player_num': 1}
2026-03-04 13:41:26,983 : INFO : EventManager : Event: ======'player_shot_shot_inlane_left_enabled'====== Args={'value': True, 'prev_value': 0, 'change': 1, 'player_num': 1}
2026-03-04 13:41:26,983 : INFO : EventManager : Event: ======'player_shot_shot_inlane_right_1_enabled'====== Args={'value': True, 'prev_value': 0, 'change': 1, 'player_num': 1}
2026-03-04 13:41:26,984 : INFO : EventManager : Event: ======'player_shot_shot_inlane_right_2_enabled'====== Args={'value': True, 'prev_value': 0, 'change': 1, 'player_num': 1}
2026-03-04 13:41:26,984 : INFO : EventManager : Event: ======'player_shot_shot_scoop_enabled'====== Args={'value': True, 'prev_value': 0, 'change': 1, 'player_num': 1}
2026-03-04 13:41:26,985 : INFO : EventManager : Event: ======'slings_complete'====== Args={'state': 'unlit'}
2026-03-04 13:41:26,985 : INFO : EventManager : Event: ======'slings_unlit_complete'====== Args={}
2026-03-04 13:41:26,985 : INFO : EventManager : Event: ======'bumpers_complete'====== Args={'state': 'unlit'}
2026-03-04 13:41:26,986 : INFO : EventManager : Event: ======'bumpers_unlit_complete'====== Args={}
2026-03-04 13:41:26,986 : INFO : EventManager : Event: ======'inlanes_complete'====== Args={'state': 'unlit'}
2026-03-04 13:41:26,986 : INFO : EventManager : Event: ======'inlanes_unlit_complete'====== Args={}
2026-03-04 13:41:26,988 : INFO : EventManager : Event: ======'mode_bumpers_starting'====== Args={'priority': 0}
2026-03-04 13:41:26,988 : INFO : Mode.bumpers : Started. Priority: 200
2026-03-04 13:41:26,988 : INFO : EventManager : Event: ======'modes_active_modes_changed'====== Args={}
2026-03-04 13:41:26,988 : INFO : EventManager : Event: ======'mode_bumpers_started'====== Args={'priority': 0}
2026-03-04 13:41:26,988 : INFO : EventManager : Event: ======'balls_in_play'====== Args={'balls': 1}
2026-03-04 13:41:26,989 : INFO : EventManager : Event: ======'ball_started'====== Args={'player': 1, 'ball': 1, 'balls_remaining': 2, 'is_extra_ball': False}
2026-03-04 13:41:26,998 : INFO : EventManager : Event: ======'single_player_ball_started'====== Args={}
2026-03-04 13:41:26,998 : INFO : EventManager : Event: ======'ball_start_target'====== Args={'target': 'playfield'}
2026-03-04 13:41:26,999 : INFO : ball_device.bd_plunger : Setting up player-controlled eject. Balls: 1, Target: <playfield.playfield>, player_controlled_eject_event: None
2026-03-04 13:41:26,999 : INFO : EventManager : Event: ======'balldevice_balls_available'====== Args={}
2026-03-04 13:41:27,000 : INFO : ball_device.bd_trough : State: waiting_for_target_ready
2026-03-04 13:41:27,000 : INFO : EventManager : Event: ======'balldevice_bd_trough_ball_eject_attempt'====== Args={'balls': 1, 'target': <ball_device.bd_plunger>, 'source': <ball_device.bd_trough>, 'mechanical_eject': True, 'num_attempts': 0}
2026-03-04 13:41:27,001 : INFO : ball_device.bd_plunger : State: waiting_for_ball
2026-03-04 13:41:27,001 : INFO : ball_device.bd_trough : State: ejecting
2026-03-04 13:41:27,001 : INFO : ball_device.bd_trough : Ejecting ball to <ball_device.bd_plunger>
2026-03-04 13:41:27,001 : INFO : EventManager : Event: ======'balldevice_bd_trough_ejecting_ball'====== Args={'balls': 1, 'target': <ball_device.bd_plunger>, 'source': <ball_device.bd_trough>, 'mechanical_eject': True, 'num_attempts': 0}
2026-03-04 13:41:27,002 : INFO : ball_device.bd_trough : Wait for ball to leave device
2026-03-04 13:41:27,002 : INFO : coil.c_trough_eject : Pulsing Driver for 20ms (1.0 pulse_power)
2026-03-04 13:41:27,028 : INFO : SwitchController : <<<<<<< 's_trough_1' inactive >>>>>>>
2026-03-04 13:41:27,029 : INFO : SwitchController : <<<<<<< 's_trough_7' active >>>>>>>
2026-03-04 13:41:27,029 : INFO : EventManager : Event: ======'machine_var_audits_switches_s_trough_7'====== Args={'value': 96, 'prev_value': 95, 'change': 1}
2026-03-04 13:41:27,030 : INFO : ball_device.bd_trough : State: ball_left
2026-03-04 13:41:27,030 : INFO : ball_device.bd_trough : Ball left
2026-03-04 13:41:27,030 : INFO : ball_device.bd_trough : Wait for confirm with timeout 3.0
2026-03-04 13:41:27,048 : INFO : SwitchController : <<<<<<< 's_trough_7' inactive >>>>>>>
2026-03-04 13:41:27,067 : INFO : EventManager : Event: ======'slide_base_slide_created'====== Args={'_from_bcp': True}
2026-03-04 13:41:27,067 : INFO : EventManager : Event: ======'slide_attract_inactive'====== Args={'is_removing': True, '_from_bcp': True}
2026-03-04 13:41:27,067 : INFO : EventManager : Event: ======'slide_base_slide_active'====== Args={'original_context': 'base', 'original_calling_context': 'mode_base_started', 'priority': 100.0, 'queue': '<QueuedEvent>', 'player': 1.0, 'ball': 1.0, 'balls_remaining': 2.0, 'is_extra_ball': False, 'cmd': 'slides_play', '_from_bcp': True}
2026-03-04 13:41:27,068 : INFO : EventManager : Event: ======'slide_attract_removed'====== Args={'_from_bcp': True}
2026-03-04 13:41:27,160 : INFO : SwitchController : <<<<<<< 's_plunger' active >>>>>>>
2026-03-04 13:41:27,161 : INFO : EventManager : Event: ======'machine_var_audits_switches_s_plunger'====== Args={'value': 103, 'prev_value': 102, 'change': 1}
2026-03-04 13:41:27,662 : INFO : ball_device.bd_plunger : Received ball from <ball_device.bd_trough>
2026-03-04 13:41:27,662 : INFO : EventManager : Event: ======'balldevice_bd_plunger_ball_enter'====== Args={'new_balls': 1, 'unclaimed_balls': 0, 'new_available_balls': 0, 'device': <ball_device.bd_plunger>}
2026-03-04 13:41:27,662 : INFO : EventManager : Event: ======'balldevice_bd_plunger_ball_entered'====== Args={'new_balls': 0, 'device': <ball_device.bd_plunger>}
2026-03-04 13:41:27,663 : INFO : EventManager : Event: ======'balldevice_bd_plunger_ball_count_changed'====== Args={'balls': 1}
2026-03-04 13:41:27,663 : INFO : ball_device.bd_trough : Got eject confirm
2026-03-04 13:41:27,663 : INFO : ball_device.bd_trough : Eject successful
2026-03-04 13:41:27,663 : INFO : EventManager : Event: ======'balldevice_bd_trough_ball_eject_success'====== Args={'balls': 1, 'target': <ball_device.bd_plunger>}
2026-03-04 13:41:27,663 : INFO : ball_device.bd_plunger : State: waiting_for_target_ready
2026-03-04 13:41:27,663 : INFO : EventManager : Event: ======'balldevice_bd_plunger_ball_eject_attempt'====== Args={'balls': 1, 'target': <playfield.playfield>, 'source': <ball_device.bd_plunger>, 'mechanical_eject': True, 'num_attempts': 0}
2026-03-04 13:41:27,664 : INFO : EventManager : Event: ======'balldevice_bd_trough_ball_count_changed'====== Args={'balls': 0}
2026-03-04 13:41:27,664 : INFO : ball_device.bd_trough : State: idle
2026-03-04 13:41:27,664 : INFO : ball_device.bd_plunger : State: ejecting
2026-03-04 13:41:27,664 : INFO : ball_device.bd_plunger : Ejecting ball to <playfield.playfield>
2026-03-04 13:41:27,664 : INFO : EventManager : Event: ======'balldevice_bd_plunger_ejecting_ball'====== Args={'balls': 1, 'target': <playfield.playfield>, 'source': <ball_device.bd_plunger>, 'mechanical_eject': True, 'num_attempts': 0}
2026-03-04 13:41:27,665 : INFO : ball_device.bd_plunger : Wait for ball to leave device
2026-03-04 13:41:28,323 : INFO : SwitchController : <<<<<<< 's_plunger' inactive >>>>>>>
2026-03-04 13:41:28,324 : INFO : ball_device.bd_plunger : State: ball_left
2026-03-04 13:41:28,324 : INFO : ball_device.bd_plunger : Ball left
2026-03-04 13:41:28,324 : INFO : ball_device.bd_plunger : Wait for confirm with timeout 5.0
2026-03-04 13:41:30,017 : INFO : SwitchController : <<<<<<< 's_sling_left' active >>>>>>>
2026-03-04 13:41:30,018 : INFO : EventManager : Event: ======'playfield_active'====== Args={'source': 'shot_sling_left'}
2026-03-04 13:41:30,018 : INFO : EventManager : Event: ======'s_sling_left_active'====== Args={}
2026-03-04 13:41:30,018 : INFO : EventManager : Event: ======'playfield_active'====== Args={'source': 'left_sling'}
2026-03-04 13:41:30,018 : INFO : EventManager : Event: ======'machine_var_audits_switches_s_sling_left'====== Args={'value': 602, 'prev_value': 601, 'change': 1}
2026-03-04 13:41:30,019 : INFO : EventManager : Event: ======'player_shot_shot_sling_left'====== Args={'value': 1, 'prev_value': 0, 'change': 1, 'player_num': 1}
2026-03-04 13:41:30,019 : INFO : EventManager : Event: ======'machine_var_audits_shots_shot_sling_left'====== Args={'value': 579, 'prev_value': 578, 'change': 1}
2026-03-04 13:41:30,028 : INFO : EventManager : Event: ======'shot_sling_left_hit'====== Args={'profile': 'default', 'state': 'unlit', 'advancing': True}
2026-03-04 13:41:30,029 : INFO : EventManager : Event: ======'shot_sling_left_default_hit'====== Args={'profile': 'default', 'state': 'unlit', 'advancing': True}
2026-03-04 13:41:30,029 : INFO : EventManager : Event: ======'shot_sling_left_default_unlit_hit'====== Args={'profile': 'default', 'state': 'unlit', 'advancing': True}
2026-03-04 13:41:30,029 : INFO : EventManager : Event: ======'shot_sling_left_unlit_hit'====== Args={'profile': 'default', 'state': 'unlit', 'advancing': True}
2026-03-04 13:41:30,029 : INFO : EventManager : Event: ======'slings_hit'====== Args={'shot': 'shot_sling_left'}
2026-03-04 13:41:30,029 : INFO : EventManager : Event: ======'slings_unlit_hit'====== Args={'shot': 'shot_sling_left'}
2026-03-04 13:41:30,030 : INFO : EventManager : Event: ======'player_initial_value'====== Args={'value': 0, 'prev_value': 0, 'change': 0, 'player_num': 1, 'source': 'bumpers'}
2026-03-04 13:41:30,030 : INFO : EventManager : Event: ======'player_score'====== Args={'value': 1000, 'prev_value': 0, 'change': 1000, 'player_num': 1, 'source': 'bumpers'}
2026-03-04 13:41:30,043 : INFO : ball_device.bd_plunger : Got eject confirm
2026-03-04 13:41:30,043 : INFO : ball_device.bd_plunger : Eject successful
2026-03-04 13:41:30,043 : INFO : EventManager : Event: ======'balldevice_bd_plunger_ball_eject_success'====== Args={'balls': 1, 'target': <playfield.playfield>}
2026-03-04 13:41:30,044 : INFO : EventManager : Event: ======'balldevice_playfield_ball_enter'====== Args={'new_balls': 1, 'unclaimed_balls': 1, 'device': <playfield.playfield>}
2026-03-04 13:41:30,044 : INFO : EventManager : Event: ======'playfield_ball_count_change'====== Args={'balls': 1, 'change': 1}
2026-03-04 13:41:30,044 : INFO : SwitchController : <<<<<<< 's_sling_left' inactive >>>>>>>
2026-03-04 13:41:30,044 : INFO : EventManager : Event: ======'balldevice_bd_plunger_ball_count_changed'====== Args={'balls': 0}
2026-03-04 13:41:30,044 : INFO : ball_device.bd_plunger : State: idle
2026-03-04 13:41:30,106 : INFO : SwitchController : <<<<<<< 's_sling_right' active >>>>>>>
2026-03-04 13:41:30,106 : INFO : EventManager : Event: ======'s_sling_right_active'====== Args={}
2026-03-04 13:41:30,106 : INFO : EventManager : Event: ======'machine_var_audits_switches_s_sling_right'====== Args={'value': 101, 'prev_value': 100, 'change': 1}
2026-03-04 13:41:30,108 : INFO : EventManager : Event: ======'player_shot_shot_sling_right'====== Args={'value': 1, 'prev_value': 0, 'change': 1, 'player_num': 1}
2026-03-04 13:41:30,108 : INFO : EventManager : Event: ======'machine_var_audits_shots_shot_sling_right'====== Args={'value': 73, 'prev_value': 72, 'change': 1}
2026-03-04 13:41:30,109 : INFO : EventManager : Event: ======'shot_sling_right_hit'====== Args={'profile': 'default', 'state': 'unlit', 'advancing': True}
2026-03-04 13:41:30,109 : INFO : EventManager : Event: ======'shot_sling_right_default_hit'====== Args={'profile': 'default', 'state': 'unlit', 'advancing': True}
2026-03-04 13:41:30,109 : INFO : EventManager : Event: ======'shot_sling_right_default_unlit_hit'====== Args={'profile': 'default', 'state': 'unlit', 'advancing': True}
2026-03-04 13:41:30,109 : INFO : EventManager : Event: ======'shot_sling_right_unlit_hit'====== Args={'profile': 'default', 'state': 'unlit', 'advancing': True}
2026-03-04 13:41:30,109 : INFO : EventManager : Event: ======'slings_complete'====== Args={'state': 'lit'}
2026-03-04 13:41:30,109 : INFO : EventManager : Event: ======'slings_lit_complete'====== Args={}
2026-03-04 13:41:30,109 : INFO : EventManager : Event: ======'slings_hit'====== Args={'shot': 'shot_sling_right'}
2026-03-04 13:41:30,110 : INFO : EventManager : Event: ======'slings_unlit_hit'====== Args={'shot': 'shot_sling_right'}
2026-03-04 13:41:30,110 : INFO : EventManager : Event: ======'player_score'====== Args={'value': 2000, 'prev_value': 1000, 'change': 1000, 'player_num': 1, 'source': 'bumpers'}
2026-03-04 13:41:30,115 : INFO : SwitchController : <<<<<<< 's_sling_right' inactive >>>>>>>
2026-03-04 13:41:30,233 : INFO : SwitchController : <<<<<<< 's_sling_left' active >>>>>>>
2026-03-04 13:41:30,233 : INFO : EventManager : Event: ======'s_sling_left_active'====== Args={}
2026-03-04 13:41:30,233 : INFO : EventManager : Event: ======'machine_var_audits_switches_s_sling_left'====== Args={'value': 603, 'prev_value': 602, 'change': 1}
2026-03-04 13:41:30,234 : INFO : EventManager : Event: ======'machine_var_audits_shots_shot_sling_left'====== Args={'value': 580, 'prev_value': 579, 'change': 1}
2026-03-04 13:41:30,234 : INFO : EventManager : Event: ======'shot_sling_left_hit'====== Args={'profile': 'default', 'state': 'lit', 'advancing': False}
2026-03-04 13:41:30,234 : INFO : EventManager : Event: ======'shot_sling_left_default_hit'====== Args={'profile': 'default', 'state': 'lit', 'advancing': False}
2026-03-04 13:41:30,234 : INFO : EventManager : Event: ======'shot_sling_left_default_lit_hit'====== Args={'profile': 'default', 'state': 'lit', 'advancing': False}
2026-03-04 13:41:30,235 : INFO : EventManager : Event: ======'shot_sling_left_lit_hit'====== Args={'profile': 'default', 'state': 'lit', 'advancing': False}
2026-03-04 13:41:30,235 : INFO : EventManager : Event: ======'slings_hit'====== Args={'shot': 'shot_sling_left'}
2026-03-04 13:41:30,235 : INFO : EventManager : Event: ======'slings_lit_hit'====== Args={'shot': 'shot_sling_left'}
2026-03-04 13:41:30,235 : INFO : EventManager : Event: ======'player_score'====== Args={'value': 3000, 'prev_value': 2000, 'change': 1000, 'player_num': 1, 'source': 'bumpers'}
2026-03-04 13:41:30,253 : INFO : SwitchController : <<<<<<< 's_sling_left' inactive >>>>>>>
2026-03-04 13:41:32,123 : INFO : SwitchController : <<<<<<< 's_sling_left' active >>>>>>>
2026-03-04 13:41:32,123 : INFO : EventManager : Event: ======'s_sling_left_active'====== Args={}
2026-03-04 13:41:32,123 : INFO : EventManager : Event: ======'machine_var_audits_switches_s_sling_left'====== Args={'value': 604, 'prev_value': 603, 'change': 1}
2026-03-04 13:41:32,124 : INFO : EventManager : Event: ======'machine_var_audits_shots_shot_sling_left'====== Args={'value': 581, 'prev_value': 580, 'change': 1}
2026-03-04 13:41:32,130 : INFO : EventManager : Event: ======'shot_sling_left_hit'====== Args={'profile': 'default', 'state': 'lit', 'advancing': False}
2026-03-04 13:41:32,131 : INFO : EventManager : Event: ======'shot_sling_left_default_hit'====== Args={'profile': 'default', 'state': 'lit', 'advancing': False}
2026-03-04 13:41:32,131 : INFO : EventManager : Event: ======'shot_sling_left_default_lit_hit'====== Args={'profile': 'default', 'state': 'lit', 'advancing': False}
2026-03-04 13:41:32,131 : INFO : EventManager : Event: ======'shot_sling_left_lit_hit'====== Args={'profile': 'default', 'state': 'lit', 'advancing': False}
2026-03-04 13:41:32,134 : INFO : EventManager : Event: ======'slings_hit'====== Args={'shot': 'shot_sling_left'}
2026-03-04 13:41:32,134 : INFO : EventManager : Event: ======'slings_lit_hit'====== Args={'shot': 'shot_sling_left'}
2026-03-04 13:41:32,134 : INFO : EventManager : Event: ======'player_score'====== Args={'value': 4000, 'prev_value': 3000, 'change': 1000, 'player_num': 1, 'source': 'bumpers'}
2026-03-04 13:41:32,145 : INFO : SwitchController : <<<<<<< 's_sling_left' inactive >>>>>>>
2026-03-04 13:41:32,853 : INFO : SwitchController : <<<<<<< 's_sling_left' active >>>>>>>
2026-03-04 13:41:32,853 : INFO : EventManager : Event: ======'s_sling_left_active'====== Args={}
2026-03-04 13:41:32,854 : INFO : EventManager : Event: ======'machine_var_audits_switches_s_sling_left'====== Args={'value': 605, 'prev_value': 604, 'change': 1}
2026-03-04 13:41:32,855 : INFO : EventManager : Event: ======'machine_var_audits_shots_shot_sling_left'====== Args={'value': 582, 'prev_value': 581, 'change': 1}
2026-03-04 13:41:32,856 : INFO : EventManager : Event: ======'shot_sling_left_hit'====== Args={'profile': 'default', 'state': 'lit', 'advancing': False}
2026-03-04 13:41:32,856 : INFO : EventManager : Event: ======'shot_sling_left_default_hit'====== Args={'profile': 'default', 'state': 'lit', 'advancing': False}
2026-03-04 13:41:32,856 : INFO : EventManager : Event: ======'shot_sling_left_default_lit_hit'====== Args={'profile': 'default', 'state': 'lit', 'advancing': False}
2026-03-04 13:41:32,856 : INFO : EventManager : Event: ======'shot_sling_left_lit_hit'====== Args={'profile': 'default', 'state': 'lit', 'advancing': False}
2026-03-04 13:41:32,856 : INFO : EventManager : Event: ======'slings_hit'====== Args={'shot': 'shot_sling_left'}
2026-03-04 13:41:32,857 : INFO : EventManager : Event: ======'slings_lit_hit'====== Args={'shot': 'shot_sling_left'}
2026-03-04 13:41:32,857 : INFO : EventManager : Event: ======'player_score'====== Args={'value': 5000, 'prev_value': 4000, 'change': 1000, 'player_num': 1, 'source': 'bumpers'}
2026-03-04 13:41:32,875 : INFO : SwitchController : <<<<<<< 's_sling_left' inactive >>>>>>>
2026-03-04 13:41:34,935 : INFO : SwitchController : <<<<<<< 's_sling_right' active >>>>>>>
2026-03-04 13:41:34,935 : INFO : EventManager : Event: ======'s_sling_right_active'====== Args={}
2026-03-04 13:41:34,935 : INFO : EventManager : Event: ======'machine_var_audits_switches_s_sling_right'====== Args={'value': 102, 'prev_value': 101, 'change': 1}
2026-03-04 13:41:34,936 : INFO : EventManager : Event: ======'machine_var_audits_shots_shot_sling_right'====== Args={'value': 74, 'prev_value': 73, 'change': 1}
2026-03-04 13:41:34,936 : INFO : EventManager : Event: ======'shot_sling_right_hit'====== Args={'profile': 'default', 'state': 'lit', 'advancing': False}
2026-03-04 13:41:34,936 : INFO : EventManager : Event: ======'shot_sling_right_default_hit'====== Args={'profile': 'default', 'state': 'lit', 'advancing': False}
2026-03-04 13:41:34,936 : INFO : EventManager : Event: ======'shot_sling_right_default_lit_hit'====== Args={'profile': 'default', 'state': 'lit', 'advancing': False}
2026-03-04 13:41:34,936 : INFO : EventManager : Event: ======'shot_sling_right_lit_hit'====== Args={'profile': 'default', 'state': 'lit', 'advancing': False}
2026-03-04 13:41:34,937 : INFO : EventManager : Event: ======'slings_hit'====== Args={'shot': 'shot_sling_right'}
2026-03-04 13:41:34,937 : INFO : EventManager : Event: ======'slings_lit_hit'====== Args={'shot': 'shot_sling_right'}
2026-03-04 13:41:34,937 : INFO : EventManager : Event: ======'player_score'====== Args={'value': 6000, 'prev_value': 5000, 'change': 1000, 'player_num': 1, 'source': 'bumpers'}
2026-03-04 13:41:34,968 : INFO : SwitchController : <<<<<<< 's_sling_right' inactive >>>>>>>
2026-03-04 13:41:36,119 : INFO : SwitchController : <<<<<<< 's_inlane_right_2' active >>>>>>>
2026-03-04 13:41:36,119 : INFO : EventManager : Event: ======'s_inlane_right_2_active'====== Args={}
2026-03-04 13:41:36,119 : INFO : EventManager : Event: ======'sw_playfield_active'====== Args={}
2026-03-04 13:41:36,119 : INFO : EventManager : Event: ======'machine_var_audits_switches_s_inlane_right_2'====== Args={'value': 31, 'prev_value': 30, 'change': 1}
2026-03-04 13:41:36,120 : INFO : EventManager : Event: ======'player_shot_shot_inlane_right_2'====== Args={'value': 1, 'prev_value': 0, 'change': 1, 'player_num': 1}
2026-03-04 13:41:36,120 : INFO : EventManager : Event: ======'machine_var_audits_shots_shot_inlane_right_2'====== Args={'value': 31, 'prev_value': 30, 'change': 1}
2026-03-04 13:41:36,120 : INFO : EventManager : Event: ======'shot_inlane_right_2_hit'====== Args={'profile': 'default', 'state': 'unlit', 'advancing': True}
2026-03-04 13:41:36,120 : INFO : EventManager : Event: ======'shot_inlane_right_2_default_hit'====== Args={'profile': 'default', 'state': 'unlit', 'advancing': True}
2026-03-04 13:41:36,120 : INFO : EventManager : Event: ======'shot_inlane_right_2_default_unlit_hit'====== Args={'profile': 'default', 'state': 'unlit', 'advancing': True}
2026-03-04 13:41:36,120 : INFO : EventManager : Event: ======'shot_inlane_right_2_unlit_hit'====== Args={'profile': 'default', 'state': 'unlit', 'advancing': True}
2026-03-04 13:41:36,120 : INFO : EventManager : Event: ======'inlanes_hit'====== Args={'shot': 'shot_inlane_right_2'}
2026-03-04 13:41:36,120 : INFO : EventManager : Event: ======'inlanes_unlit_hit'====== Args={'shot': 'shot_inlane_right_2'}
2026-03-04 13:41:36,121 : INFO : EventManager : Event: ======'player_score'====== Args={'value': 6010, 'prev_value': 6000, 'change': 10, 'player_num': 1, 'source': 'bumpers'}
2026-03-04 13:41:36,167 : INFO : SwitchController : <<<<<<< 's_inlane_right_2' inactive >>>>>>>
2026-03-04 13:41:37,142 : INFO : SwitchController : <<<<<<< 's_flipper_right_lower' active >>>>>>>
2026-03-04 13:41:37,142 : INFO : EventManager : Event: ======'machine_var_audits_switches_s_flipper_right_lower'====== Args={'value': 1533, 'prev_value': 1532, 'change': 1}
2026-03-04 13:41:37,142 : INFO : SwitchController : <<<<<<< 's_flipper_right_upper' active >>>>>>>
2026-03-04 13:41:37,143 : INFO : EventManager : Event: ======'machine_var_audits_switches_s_flipper_right_upper'====== Args={'value': 1381, 'prev_value': 1380, 'change': 1}
2026-03-04 13:41:37,301 : INFO : SwitchController : <<<<<<< 's_flipper_right_upper' inactive >>>>>>>
2026-03-04 13:41:37,306 : INFO : SwitchController : <<<<<<< 's_flipper_right_lower' inactive >>>>>>>
2026-03-04 13:41:38,367 : INFO : SwitchController : <<<<<<< 's_flipper_right_lower' active >>>>>>>
2026-03-04 13:41:38,367 : INFO : EventManager : Event: ======'machine_var_audits_switches_s_flipper_right_lower'====== Args={'value': 1534, 'prev_value': 1533, 'change': 1}
2026-03-04 13:41:38,388 : INFO : SwitchController : <<<<<<< 's_flipper_right_upper' active >>>>>>>
2026-03-04 13:41:38,388 : INFO : EventManager : Event: ======'machine_var_audits_switches_s_flipper_right_upper'====== Args={'value': 1382, 'prev_value': 1381, 'change': 1}
2026-03-04 13:41:38,390 : INFO : SwitchController : <<<<<<< 's_flipper_left' active >>>>>>>
2026-03-04 13:41:38,390 : INFO : EventManager : Event: ======'machine_var_audits_switches_s_flipper_left'====== Args={'value': 737, 'prev_value': 736, 'change': 1}
2026-03-04 13:41:38,415 : INFO : SwitchController : <<<<<<< 's_flipper_left_eos' inactive >>>>>>>
2026-03-04 13:41:38,472 : INFO : SwitchController : <<<<<<< 's_flipper_right_upper' inactive >>>>>>>
2026-03-04 13:41:38,493 : INFO : SwitchController : <<<<<<< 's_flipper_right_lower' inactive >>>>>>>
2026-03-04 13:41:38,516 : INFO : SwitchController : <<<<<<< 's_flipper_left' inactive >>>>>>>
2026-03-04 13:41:38,593 : INFO : SwitchController : <<<<<<< 's_flipper_left_eos' active >>>>>>>
2026-03-04 13:41:38,594 : INFO : EventManager : Event: ======'machine_var_audits_switches_s_flipper_left_eos'====== Args={'value': 630, 'prev_value': 629, 'change': 1}
2026-03-04 13:41:38,902 : INFO : SwitchController : <<<<<<< 's_flipper_right_lower' active >>>>>>>
2026-03-04 13:41:38,903 : INFO : EventManager : Event: ======'machine_var_audits_switches_s_flipper_right_lower'====== Args={'value': 1535, 'prev_value': 1534, 'change': 1}
2026-03-04 13:41:38,907 : INFO : SwitchController : <<<<<<< 's_flipper_right_upper' active >>>>>>>
2026-03-04 13:41:38,907 : INFO : EventManager : Event: ======'machine_var_audits_switches_s_flipper_right_upper'====== Args={'value': 1383, 'prev_value': 1382, 'change': 1}
2026-03-04 13:41:38,986 : INFO : SwitchController : <<<<<<< 's_flipper_right_upper' inactive >>>>>>>
2026-03-04 13:41:39,005 : INFO : SwitchController : <<<<<<< 's_flipper_right_lower' inactive >>>>>>>
2026-03-04 13:41:39,498 : INFO : SwitchController : <<<<<<< 's_inlane_right_1' active >>>>>>>
2026-03-04 13:41:39,498 : INFO : EventManager : Event: ======'s_inlane_right_1_active'====== Args={}
2026-03-04 13:41:39,498 : INFO : EventManager : Event: ======'sw_playfield_active'====== Args={}
2026-03-04 13:41:39,499 : INFO : EventManager : Event: ======'machine_var_audits_switches_s_inlane_right_1'====== Args={'value': 1310, 'prev_value': 1309, 'change': 1}
2026-03-04 13:41:39,499 : INFO : EventManager : Event: ======'player_shot_shot_inlane_right_1'====== Args={'value': 1, 'prev_value': 0, 'change': 1, 'player_num': 1}
2026-03-04 13:41:39,499 : INFO : EventManager : Event: ======'machine_var_audits_shots_shot_inlane_right_1'====== Args={'value': 978, 'prev_value': 977, 'change': 1}
2026-03-04 13:41:39,500 : INFO : EventManager : Event: ======'shot_inlane_right_1_hit'====== Args={'profile': 'default', 'state': 'unlit', 'advancing': True}
2026-03-04 13:41:39,500 : INFO : EventManager : Event: ======'shot_inlane_right_1_default_hit'====== Args={'profile': 'default', 'state': 'unlit', 'advancing': True}
2026-03-04 13:41:39,500 : INFO : EventManager : Event: ======'shot_inlane_right_1_default_unlit_hit'====== Args={'profile': 'default', 'state': 'unlit', 'advancing': True}
2026-03-04 13:41:39,500 : INFO : EventManager : Event: ======'shot_inlane_right_1_unlit_hit'====== Args={'profile': 'default', 'state': 'unlit', 'advancing': True}
2026-03-04 13:41:39,500 : INFO : EventManager : Event: ======'inlanes_hit'====== Args={'shot': 'shot_inlane_right_1'}
2026-03-04 13:41:39,500 : INFO : EventManager : Event: ======'inlanes_unlit_hit'====== Args={'shot': 'shot_inlane_right_1'}
2026-03-04 13:41:39,500 : INFO : EventManager : Event: ======'player_score'====== Args={'value': 6020, 'prev_value': 6010, 'change': 10, 'player_num': 1, 'source': 'bumpers'}
2026-03-04 13:41:39,585 : INFO : SwitchController : <<<<<<< 's_inlane_right_1' inactive >>>>>>>
2026-03-04 13:41:40,343 : INFO : SwitchController : <<<<<<< 's_flipper_right_lower' active >>>>>>>
2026-03-04 13:41:40,343 : INFO : EventManager : Event: ======'machine_var_audits_switches_s_flipper_right_lower'====== Args={'value': 1536, 'prev_value': 1535, 'change': 1}
2026-03-04 13:41:40,346 : INFO : SwitchController : <<<<<<< 's_flipper_right_upper' active >>>>>>>
2026-03-04 13:41:40,346 : INFO : EventManager : Event: ======'machine_var_audits_switches_s_flipper_right_upper'====== Args={'value': 1384, 'prev_value': 1383, 'change': 1}
2026-03-04 13:41:40,452 : INFO : SwitchController : <<<<<<< 's_sling_left' active >>>>>>>
2026-03-04 13:41:40,452 : INFO : EventManager : Event: ======'s_sling_left_active'====== Args={}
2026-03-04 13:41:40,452 : INFO : EventManager : Event: ======'machine_var_audits_switches_s_sling_left'====== Args={'value': 606, 'prev_value': 605, 'change': 1}
2026-03-04 13:41:40,453 : INFO : EventManager : Event: ======'machine_var_audits_shots_shot_sling_left'====== Args={'value': 583, 'prev_value': 582, 'change': 1}
2026-03-04 13:41:40,453 : INFO : EventManager : Event: ======'shot_sling_left_hit'====== Args={'profile': 'default', 'state': 'lit', 'advancing': False}
2026-03-04 13:41:40,453 : INFO : EventManager : Event: ======'shot_sling_left_default_hit'====== Args={'profile': 'default', 'state': 'lit', 'advancing': False}
2026-03-04 13:41:40,453 : INFO : EventManager : Event: ======'shot_sling_left_default_lit_hit'====== Args={'profile': 'default', 'state': 'lit', 'advancing': False}
2026-03-04 13:41:40,453 : INFO : EventManager : Event: ======'shot_sling_left_lit_hit'====== Args={'profile': 'default', 'state': 'lit', 'advancing': False}
2026-03-04 13:41:40,453 : INFO : EventManager : Event: ======'slings_hit'====== Args={'shot': 'shot_sling_left'}
2026-03-04 13:41:40,453 : INFO : EventManager : Event: ======'slings_lit_hit'====== Args={'shot': 'shot_sling_left'}
2026-03-04 13:41:40,454 : INFO : EventManager : Event: ======'player_score'====== Args={'value': 7020, 'prev_value': 6020, 'change': 1000, 'player_num': 1, 'source': 'bumpers'}
2026-03-04 13:41:40,472 : INFO : SwitchController : <<<<<<< 's_sling_left' inactive >>>>>>>
2026-03-04 13:41:40,510 : INFO : SwitchController : <<<<<<< 's_flipper_right_upper' inactive >>>>>>>
2026-03-04 13:41:40,520 : INFO : SwitchController : <<<<<<< 's_flipper_right_lower' inactive >>>>>>>
2026-03-04 13:41:40,539 : INFO : SwitchController : <<<<<<< 's_sling_right' active >>>>>>>
2026-03-04 13:41:40,539 : INFO : EventManager : Event: ======'s_sling_right_active'====== Args={}
2026-03-04 13:41:40,540 : INFO : EventManager : Event: ======'machine_var_audits_switches_s_sling_right'====== Args={'value': 103, 'prev_value': 102, 'change': 1}
2026-03-04 13:41:40,540 : INFO : EventManager : Event: ======'machine_var_audits_shots_shot_sling_right'====== Args={'value': 75, 'prev_value': 74, 'change': 1}
2026-03-04 13:41:40,540 : INFO : EventManager : Event: ======'shot_sling_right_hit'====== Args={'profile': 'default', 'state': 'lit', 'advancing': False}
2026-03-04 13:41:40,540 : INFO : EventManager : Event: ======'shot_sling_right_default_hit'====== Args={'profile': 'default', 'state': 'lit', 'advancing': False}
2026-03-04 13:41:40,541 : INFO : EventManager : Event: ======'shot_sling_right_default_lit_hit'====== Args={'profile': 'default', 'state': 'lit', 'advancing': False}
2026-03-04 13:41:40,541 : INFO : EventManager : Event: ======'shot_sling_right_lit_hit'====== Args={'profile': 'default', 'state': 'lit', 'advancing': False}
2026-03-04 13:41:40,541 : INFO : EventManager : Event: ======'slings_hit'====== Args={'shot': 'shot_sling_right'}
2026-03-04 13:41:40,541 : INFO : EventManager : Event: ======'slings_lit_hit'====== Args={'shot': 'shot_sling_right'}
2026-03-04 13:41:40,541 : INFO : EventManager : Event: ======'player_score'====== Args={'value': 8020, 'prev_value': 7020, 'change': 1000, 'player_num': 1, 'source': 'bumpers'}
2026-03-04 13:41:40,560 : INFO : SwitchController : <<<<<<< 's_sling_right' inactive >>>>>>>
2026-03-04 13:41:41,084 : INFO : SwitchController : <<<<<<< 's_flipper_right_lower' active >>>>>>>
2026-03-04 13:41:41,084 : INFO : EventManager : Event: ======'machine_var_audits_switches_s_flipper_right_lower'====== Args={'value': 1537, 'prev_value': 1536, 'change': 1}
2026-03-04 13:41:41,109 : INFO : SwitchController : <<<<<<< 's_flipper_right_upper' active >>>>>>>
2026-03-04 13:41:41,109 : INFO : EventManager : Event: ======'machine_var_audits_switches_s_flipper_right_upper'====== Args={'value': 1385, 'prev_value': 1384, 'change': 1}
2026-03-04 13:41:41,253 : INFO : SwitchController : <<<<<<< 's_flipper_left' active >>>>>>>
2026-03-04 13:41:41,254 : INFO : EventManager : Event: ======'machine_var_audits_switches_s_flipper_left'====== Args={'value': 738, 'prev_value': 737, 'change': 1}
2026-03-04 13:41:41,276 : INFO : SwitchController : <<<<<<< 's_flipper_right_upper' inactive >>>>>>>
2026-03-04 13:41:41,281 : INFO : SwitchController : <<<<<<< 's_flipper_left_eos' inactive >>>>>>>
2026-03-04 13:41:41,298 : INFO : SwitchController : <<<<<<< 's_flipper_right_lower' inactive >>>>>>>
2026-03-04 13:41:41,461 : INFO : SwitchController : <<<<<<< 's_flipper_left' inactive >>>>>>>
2026-03-04 13:41:41,548 : INFO : SwitchController : <<<<<<< 's_flipper_left_eos' active >>>>>>>
2026-03-04 13:41:41,549 : INFO : EventManager : Event: ======'machine_var_audits_switches_s_flipper_left_eos'====== Args={'value': 631, 'prev_value': 630, 'change': 1}
2026-03-04 13:41:41,579 : INFO : SwitchController : <<<<<<< 's_trough_6' active >>>>>>>
2026-03-04 13:41:41,579 : INFO : EventManager : Event: ======'machine_var_audits_switches_s_trough_6'====== Args={'value': 119, 'prev_value': 118, 'change': 1}
2026-03-04 13:41:41,764 : INFO : SwitchController : <<<<<<< 's_trough_6' inactive >>>>>>>
2026-03-04 13:41:41,784 : INFO : SwitchController : <<<<<<< 's_trough_5' active >>>>>>>
2026-03-04 13:41:41,784 : INFO : EventManager : Event: ======'machine_var_audits_switches_s_trough_5'====== Args={'value': 123, 'prev_value': 122, 'change': 1}
2026-03-04 13:41:41,888 : INFO : SwitchController : <<<<<<< 's_trough_5' inactive >>>>>>>
2026-03-04 13:41:41,907 : INFO : SwitchController : <<<<<<< 's_trough_4' active >>>>>>>
2026-03-04 13:41:41,907 : INFO : EventManager : Event: ======'machine_var_audits_switches_s_trough_4'====== Args={'value': 116, 'prev_value': 115, 'change': 1}
2026-03-04 13:41:41,984 : INFO : SwitchController : <<<<<<< 's_trough_4' inactive >>>>>>>
2026-03-04 13:41:41,995 : INFO : SwitchController : <<<<<<< 's_trough_3' active >>>>>>>
2026-03-04 13:41:41,995 : INFO : EventManager : Event: ======'machine_var_audits_switches_s_trough_3'====== Args={'value': 107, 'prev_value': 106, 'change': 1}
2026-03-04 13:41:42,067 : INFO : SwitchController : <<<<<<< 's_trough_3' inactive >>>>>>>
2026-03-04 13:41:42,075 : INFO : SwitchController : <<<<<<< 's_trough_2' active >>>>>>>
2026-03-04 13:41:42,075 : INFO : EventManager : Event: ======'machine_var_audits_switches_s_trough_2'====== Args={'value': 97, 'prev_value': 96, 'change': 1}
2026-03-04 13:41:42,141 : INFO : SwitchController : <<<<<<< 's_trough_2' inactive >>>>>>>
2026-03-04 13:41:42,147 : INFO : SwitchController : <<<<<<< 's_trough_1' active >>>>>>>
2026-03-04 13:41:42,147 : INFO : EventManager : Event: ======'machine_var_audits_switches_s_trough_1'====== Args={'value': 87, 'prev_value': 86, 'change': 1}
2026-03-04 13:41:42,649 : INFO : EventManager : Event: ======'balldevice_bd_trough_ball_count_changed'====== Args={'balls': 1}
2026-03-04 13:41:42,649 : INFO : ball_device.bd_trough : Received unexpected ball
2026-03-04 13:41:42,649 : INFO : EventManager : Event: ======'balldevice_captured_from_playfield'====== Args={'balls': 1}
2026-03-04 13:41:42,650 : INFO : EventManager : Event: ======'sw_playfield_active'====== Args={'balls': 1}
2026-03-04 13:41:42,650 : INFO : EventManager : Event: ======'playfield_ball_count_change'====== Args={'balls': 0, 'change': -1}
2026-03-04 13:41:42,651 : INFO : EventManager : Event: ======'balldevice_bd_trough_ball_enter'====== Args={'new_balls': 1, 'unclaimed_balls': 1, 'new_available_balls': 1, 'device': <ball_device.bd_trough>}
2026-03-04 13:41:42,651 : INFO : EventManager : Event: ======'ball_drain'====== Args={'device': <ball_device.bd_trough>, 'balls': 1}
2026-03-04 13:41:42,651 : INFO : EventManager : Event: ======'ball_will_end'====== Args={}
2026-03-04 13:41:42,651 : INFO : EventManager : Event: ======'balldevice_balls_available'====== Args={}
2026-03-04 13:41:42,651 : INFO : EventManager : Event: ======'balldevice_bd_trough_ball_entered'====== Args={'new_balls': 1, 'device': <ball_device.bd_trough>}
2026-03-04 13:41:42,652 : INFO : EventManager : Event: ======'mode_base_will_stop'====== Args={}
2026-03-04 13:41:42,652 : INFO : EventManager : Event: ======'mode_base_stopping'====== Args={}
2026-03-04 13:41:42,652 : INFO : EventManager : Event: ======'stop_mode_bumpers'====== Args={'priority': 0}
2026-03-04 13:41:42,652 : INFO : EventManager : Event: ======'mode_bumpers_will_stop'====== Args={}
2026-03-04 13:41:42,652 : INFO : EventManager : Event: ======'mode_bumpers_stopping'====== Args={}
2026-03-04 13:41:42,653 : INFO : Mode.base : Stopped.
2026-03-04 13:41:42,653 : INFO : EventManager : Event: ======'modes_active_modes_changed'====== Args={}
2026-03-04 13:41:42,653 : INFO : EventManager : Event: ======'mode_base_stopped'====== Args={}
2026-03-04 13:41:42,653 : INFO : EventManager : Event: ======'clear'====== Args={'key': 'base'}
2026-03-04 13:41:42,654 : INFO : Mode.bumpers : Stopped.
2026-03-04 13:41:42,654 : INFO : EventManager : Event: ======'modes_active_modes_changed'====== Args={}
2026-03-04 13:41:42,654 : INFO : EventManager : Event: ======'mode_bumpers_stopped'====== Args={}
2026-03-04 13:41:42,654 : INFO : EventManager : Event: ======'clear'====== Args={'key': 'bumpers'}
2026-03-04 13:41:42,655 : INFO : EventManager : Event: ======'ball_ending'====== Args={}
2026-03-04 13:41:42,656 : INFO : EventManager : Event: ======'ball_ended'====== Args={}
2026-03-04 13:41:42,660 : INFO : EventManager : Event: ======'player_turn_will_end'====== Args={'player': <Player 1>, 'number': 1}
2026-03-04 13:41:42,685 : INFO : EventManager : Event: ======'player_turn_ending'====== Args={'player': <Player 1>, 'number': 1}
2026-03-04 13:41:42,686 : INFO : EventManager : Event: ======'player_turn_ended'====== Args={'player': <Player 1>, 'number': 1}
2026-03-04 13:41:42,686 : INFO : EventManager : Event: ======'player_turn_will_start'====== Args={'player': <Player 1>, 'number': 1}
2026-03-04 13:41:42,686 : INFO : EventManager : Event: ======'player_turn_starting'====== Args={'player': <Player 1>, 'number': 1}
2026-03-04 13:41:42,687 : INFO : EventManager : Event: ======'player_ball'====== Args={'value': 2, 'prev_value': 1, 'change': 1, 'player_num': 1}
2026-03-04 13:41:42,687 : INFO : EventManager : Event: ======'player_turn_started'====== Args={'player': <Player 1>, 'number': 1}
2026-03-04 13:41:42,690 : INFO : EventManager : Event: ======'ball_will_start'====== Args={'player': 1, 'ball': 2, 'balls_remaining': 1, 'is_extra_ball': False}
2026-03-04 13:41:42,690 : INFO : EventManager : Event: ======'ball_starting'====== Args={'player': 1, 'ball': 2, 'balls_remaining': 1, 'is_extra_ball': False}
2026-03-04 13:41:42,691 : INFO : EventManager : Event: ======'mode_base_will_start'====== Args={'queue': <QueuedEvent>, 'player': 1, 'ball': 2, 'balls_remaining': 1, 'is_extra_ball': False}
2026-03-04 13:41:42,693 : INFO : EventManager : Event: ======'mode_base_starting'====== Args={'queue': <QueuedEvent>, 'player': 1, 'ball': 2, 'balls_remaining': 1, 'is_extra_ball': False}
2026-03-04 13:41:42,693 : INFO : Mode.base : Started. Priority: 100
2026-03-04 13:41:42,693 : INFO : EventManager : Event: ======'modes_active_modes_changed'====== Args={}
2026-03-04 13:41:42,693 : INFO : EventManager : Event: ======'mode_base_started'====== Args={'queue': <QueuedEvent>, 'player': 1, 'ball': 2, 'balls_remaining': 1, 'is_extra_ball': False}
2026-03-04 13:41:42,694 : INFO : EventManager : Event: ======'start_mode_bumpers'====== Args={'priority': 0}
2026-03-04 13:41:42,695 : INFO : EventManager : Event: ======'mode_bumpers_will_start'====== Args={'priority': 0}
2026-03-04 13:41:42,699 : INFO : EventManager : Event: ======'mode_bumpers_starting'====== Args={'priority': 0}
2026-03-04 13:41:42,699 : INFO : Mode.bumpers : Started. Priority: 200
2026-03-04 13:41:42,699 : INFO : EventManager : Event: ======'modes_active_modes_changed'====== Args={}
2026-03-04 13:41:42,699 : INFO : EventManager : Event: ======'mode_bumpers_started'====== Args={'priority': 0}
2026-03-04 13:41:42,700 : INFO : EventManager : Event: ======'balls_in_play'====== Args={'balls': 1}
2026-03-04 13:41:42,700 : INFO : EventManager : Event: ======'ball_started'====== Args={'player': 1, 'ball': 2, 'balls_remaining': 1, 'is_extra_ball': False}
2026-03-04 13:41:42,713 : INFO : EventManager : Event: ======'single_player_ball_started'====== Args={}
2026-03-04 13:41:42,714 : INFO : EventManager : Event: ======'ball_start_target'====== Args={'target': 'playfield'}
2026-03-04 13:41:42,714 : INFO : ball_device.bd_plunger : Setting up player-controlled eject. Balls: 1, Target: <playfield.playfield>, player_controlled_eject_event: None
2026-03-04 13:41:42,714 : INFO : EventManager : Event: ======'balldevice_balls_available'====== Args={}
2026-03-04 13:41:42,715 : INFO : ball_device.bd_trough : State: waiting_for_target_ready
2026-03-04 13:41:42,715 : INFO : EventManager : Event: ======'balldevice_bd_trough_ball_eject_attempt'====== Args={'balls': 1, 'target': <ball_device.bd_plunger>, 'source': <ball_device.bd_trough>, 'mechanical_eject': True, 'num_attempts': 0}
2026-03-04 13:41:42,716 : INFO : ball_device.bd_plunger : State: waiting_for_ball
2026-03-04 13:41:42,716 : INFO : ball_device.bd_trough : State: ejecting
2026-03-04 13:41:42,716 : INFO : ball_device.bd_trough : Ejecting ball to <ball_device.bd_plunger>
2026-03-04 13:41:42,716 : INFO : EventManager : Event: ======'balldevice_bd_trough_ejecting_ball'====== Args={'balls': 1, 'target': <ball_device.bd_plunger>, 'source': <ball_device.bd_trough>, 'mechanical_eject': True, 'num_attempts': 0}
2026-03-04 13:41:42,717 : INFO : ball_device.bd_trough : Wait for ball to leave device
2026-03-04 13:41:42,717 : INFO : coil.c_trough_eject : Pulsing Driver for 20ms (1.0 pulse_power)
2026-03-04 13:41:42,743 : INFO : SwitchController : <<<<<<< 's_trough_1' inactive >>>>>>>
2026-03-04 13:41:42,743 : INFO : SwitchController : <<<<<<< 's_trough_7' active >>>>>>>
2026-03-04 13:41:42,743 : INFO : EventManager : Event: ======'machine_var_audits_switches_s_trough_7'====== Args={'value': 97, 'prev_value': 96, 'change': 1}
2026-03-04 13:41:42,744 : INFO : ball_device.bd_trough : State: ball_left
2026-03-04 13:41:42,744 : INFO : ball_device.bd_trough : Ball left
2026-03-04 13:41:42,744 : INFO : ball_device.bd_trough : Wait for confirm with timeout 3.0
2026-03-04 13:41:42,775 : INFO : EventManager : Event: ======'slide_base_slide_created'====== Args={'_from_bcp': True}
2026-03-04 13:41:42,775 : INFO : EventManager : Event: ======'slide_base_slide_inactive'====== Args={'is_removing': True, '_from_bcp': True}
2026-03-04 13:41:42,775 : INFO : EventManager : Event: ======'slide_base_slide_active'====== Args={'original_context': 'base', 'original_calling_context': 'mode_base_started', 'priority': 100.0, 'queue': '<QueuedEvent>', 'player': 1.0, 'ball': 2.0, 'balls_remaining': 1.0, 'is_extra_ball': False, 'cmd': 'slides_play', '_from_bcp': True}
2026-03-04 13:41:42,775 : INFO : EventManager : Event: ======'slide_base_slide_removed'====== Args={'_from_bcp': True}
2026-03-04 13:41:42,775 : INFO : SwitchController : <<<<<<< 's_trough_7' inactive >>>>>>>
2026-03-04 13:41:42,871 : INFO : SwitchController : <<<<<<< 's_plunger' active >>>>>>>
2026-03-04 13:41:42,871 : INFO : EventManager : Event: ======'machine_var_audits_switches_s_plunger'====== Args={'value': 104, 'prev_value': 103, 'change': 1}
2026-03-04 13:41:43,372 : INFO : ball_device.bd_plunger : Received ball from <ball_device.bd_trough>
2026-03-04 13:41:43,372 : INFO : EventManager : Event: ======'balldevice_bd_plunger_ball_enter'====== Args={'new_balls': 1, 'unclaimed_balls': 0, 'new_available_balls': 0, 'device': <ball_device.bd_plunger>}
2026-03-04 13:41:43,373 : INFO : EventManager : Event: ======'balldevice_bd_plunger_ball_entered'====== Args={'new_balls': 0, 'device': <ball_device.bd_plunger>}
2026-03-04 13:41:43,373 : INFO : EventManager : Event: ======'balldevice_bd_plunger_ball_count_changed'====== Args={'balls': 1}
2026-03-04 13:41:43,373 : INFO : ball_device.bd_trough : Got eject confirm
2026-03-04 13:41:43,373 : INFO : ball_device.bd_trough : Eject successful
2026-03-04 13:41:43,373 : INFO : EventManager : Event: ======'balldevice_bd_trough_ball_eject_success'====== Args={'balls': 1, 'target': <ball_device.bd_plunger>}
2026-03-04 13:41:43,373 : INFO : ball_device.bd_plunger : State: waiting_for_target_ready
2026-03-04 13:41:43,374 : INFO : EventManager : Event: ======'balldevice_bd_plunger_ball_eject_attempt'====== Args={'balls': 1, 'target': <playfield.playfield>, 'source': <ball_device.bd_plunger>, 'mechanical_eject': True, 'num_attempts': 0}
2026-03-04 13:41:43,374 : INFO : EventManager : Event: ======'balldevice_bd_trough_ball_count_changed'====== Args={'balls': 0}
2026-03-04 13:41:43,374 : INFO : ball_device.bd_trough : State: idle
2026-03-04 13:41:43,374 : INFO : ball_device.bd_plunger : State: ejecting
2026-03-04 13:41:43,374 : INFO : ball_device.bd_plunger : Ejecting ball to <playfield.playfield>
2026-03-04 13:41:43,374 : INFO : EventManager : Event: ======'balldevice_bd_plunger_ejecting_ball'====== Args={'balls': 1, 'target': <playfield.playfield>, 'source': <ball_device.bd_plunger>, 'mechanical_eject': True, 'num_attempts': 0}
2026-03-04 13:41:43,375 : INFO : ball_device.bd_plunger : Wait for ball to leave device
2026-03-04 13:41:52,054 : INFO : Machine : Shutting down...
2026-03-04 13:41:52,054 : INFO : EventManager : Event: ======'shutdown'====== Args={}
2026-03-04 13:41:52,058 : INFO : EventManager : Event: ======'mode_game_will_stop'====== Args={}
2026-03-04 13:41:52,058 : INFO : EventManager : Event: ======'mode_game_stopping'====== Args={}
2026-03-04 13:41:52,059 : INFO : EventManager : Event: ======'mode_base_will_stop'====== Args={}
2026-03-04 13:41:52,059 : INFO : EventManager : Event: ======'mode_base_stopping'====== Args={}
2026-03-04 13:41:52,059 : INFO : EventManager : Event: ======'mode_bumpers_will_stop'====== Args={}
2026-03-04 13:41:52,059 : INFO : EventManager : Event: ======'mode_bumpers_stopping'====== Args={}
2026-03-04 13:41:52,060 : INFO : EventManager : Event: ======'stop_mode_bumpers'====== Args={'priority': 0}
2026-03-04 13:41:52,060 : INFO : Mode.bumpers : Stopped.
2026-03-04 13:41:52,060 : INFO : EventManager : Event: ======'modes_active_modes_changed'====== Args={}
2026-03-04 13:41:52,060 : INFO : EventManager : Event: ======'mode_bumpers_stopped'====== Args={}
2026-03-04 13:41:52,060 : INFO : EventManager : Event: ======'clear'====== Args={'key': 'bumpers'}
2026-03-04 13:41:52,061 : INFO : Mode.base : Stopped.
2026-03-04 13:41:52,061 : INFO : EventManager : Event: ======'modes_active_modes_changed'====== Args={}
2026-03-04 13:41:52,061 : INFO : EventManager : Event: ======'mode_base_stopped'====== Args={}
2026-03-04 13:41:52,061 : INFO : EventManager : Event: ======'clear'====== Args={'key': 'base'}
2026-03-04 13:41:52,062 : INFO : Mode.game : Stopped.
2026-03-04 13:41:52,062 : INFO : EventManager : Event: ======'modes_active_modes_changed'====== Args={}
2026-03-04 13:41:52,062 : INFO : EventManager : Event: ======'mode_game_stopped'====== Args={}
2026-03-04 13:41:52,062 : INFO : EventManager : Event: ======'clear'====== Args={'key': 'game'}
2026-03-04 13:41:52,168 : INFO : root : MPF run loop ended.
