2026-03-03 17:10:33,292 : INFO : root : Loading config.
2026-03-03 17:10:33,640 : INFO : ConfigProcessor : Config spec file cache created: /var/folders/1s/015t8n3n70gcr2ch4xflj4yr0000gn/T/config_spec.mpf_cache
2026-03-03 17:10:33,641 : INFO : YamlMultifileConfigLoader : Machine config file #1: config.yaml
2026-03-03 17:10:33,641 : WARNING : ConfigProcessor : Config file in cache changed: /Users/pinball/NapoleonDynamite/config/config.yaml
2026-03-03 17:10:33,641 : INFO : ConfigProcessor : Loading config from file /Users/pinball/mpf/lib/python3.14/site-packages/mpf/mpfconfig.yaml.
2026-03-03 17:10:33,717 : INFO : ConfigProcessor : Loading config: /Users/pinball/mpf/lib/python3.14/site-packages/mpf/mpfconfig.yaml
2026-03-03 17:10:33,718 : INFO : ConfigProcessor : Loading config from file /Users/pinball/NapoleonDynamite/config/config.yaml.
2026-03-03 17:10:33,732 : INFO : ConfigProcessor : Loading config: /Users/pinball/NapoleonDynamite/config/config.yaml
2026-03-03 17:10:33,735 : INFO : ConfigProcessor : Loading config: /Users/pinball/NapoleonDynamite/config/config_ball_devices.yaml
2026-03-03 17:10:33,742 : INFO : ConfigProcessor : Loading config: /Users/pinball/NapoleonDynamite/config/config_coils.yaml
2026-03-03 17:10:33,753 : INFO : ConfigProcessor : Loading config: /Users/pinball/NapoleonDynamite/config/config_switches.yaml
2026-03-03 17:10:33,755 : INFO : ConfigProcessor : Config file cache created: /var/folders/1s/015t8n3n70gcr2ch4xflj4yr0000gn/T/954ddabc670342668a09b03520c7eb79.mpf_cache
2026-03-03 17:10:33,808 : INFO : ConfigProcessor : Loading config from cache: /var/folders/1s/015t8n3n70gcr2ch4xflj4yr0000gn/T/64218df07edc412f774c53ffb33c812d.mpf_cache
2026-03-03 17:10:33,809 : INFO : ConfigProcessor : Loading config from cache: /var/folders/1s/015t8n3n70gcr2ch4xflj4yr0000gn/T/767518d75df2d86a4d35c1fb94c70abd.mpf_cache
2026-03-03 17:10:33,810 : INFO : ConfigProcessor : Loading config from cache: /var/folders/1s/015t8n3n70gcr2ch4xflj4yr0000gn/T/64218df07edc412f774c53ffb33c812d.mpf_cache
2026-03-03 17:10:33,810 : INFO : ConfigProcessor : Loading config from cache: /var/folders/1s/015t8n3n70gcr2ch4xflj4yr0000gn/T/73548cb541cc3751ae5711fe0817282a.mpf_cache
2026-03-03 17:10:33,811 : INFO : ConfigProcessor : Loading config from cache: /var/folders/1s/015t8n3n70gcr2ch4xflj4yr0000gn/T/57f006170cd447d443f971cd8b826597.mpf_cache
2026-03-03 17:10:33,812 : INFO : Machine : Mission Pinball Framework Core Engine v0.80.0.dev13
2026-03-03 17:10:33,812 : INFO : Machine : Command line arguments: {'no_load_cache': False, 'create_config_cache': True, 'bcp': False, 'configfile': ['config.yaml'], 'force_assets_load': False, 'platform_integration_test': False, 'jsonlogging': False, 'logfile': 'logs/2026-03-03-17-10-33-mpf-ANDREs-Mac-mini.local.log', 'pause': False, 'production': False, 'text_ui': True, 'loglevel': 15, 'consoleloglevel': 20, 'force_platform': None, 'syslog_address': None, 'full_logfile_path': '/Users/pinball/NapoleonDynamite/logs/2026-03-03-17-10-33-mpf-ANDREs-Mac-mini.local.log'}
2026-03-03 17:10:33,812 : INFO : Machine : MPF path: /Users/pinball/mpf/lib/python3.14/site-packages/mpf
2026-03-03 17:10:33,812 : INFO : Machine : Machine path: /Users/pinball/NapoleonDynamite
2026-03-03 17:10:33,812 : INFO : Machine : Platform: darwin
2026-03-03 17:10:33,812 : INFO : Machine : Python executable location: /Users/pinball/mpf/bin/python3.14
2026-03-03 17:10:33,813 : INFO : Machine : Python version: 3.14.3 (64-bit)
2026-03-03 17:10:33,814 : INFO : Machine : Initializing MPF...
2026-03-03 17:10:33,905 : INFO : FAST : Auto-detecting ports for the following connections: ['net', 'exp']
2026-03-03 17:10:33,927 : INFO : FAST : Detected NET on port /dev/cu.usbmodem14101
2026-03-03 17:10:33,935 : INFO : FAST : Detected EXP on port /dev/cu.usbmodem14103
2026-03-03 17:10:34,041 : INFO : FAST [NET] : Trying to connect to /dev/cu.usbmodem14101 at 921600bps
2026-03-03 17:10:34,047 : INFO : FAST [NET] : Connected to /dev/cu.usbmodem14101 at 921600bps
2026-03-03 17:10:34,050 : INFO : FAST [NET] : Connected to FP-CPU-2000 with firmware v02.26
2026-03-03 17:10:34,053 : INFO : FAST [NET] : Registered I/O Board 0: Model: FP-I/O-0024, Firmware: 01.10, Switches: 24, Drivers: 8
2026-03-03 17:10:34,054 : INFO : FAST [NET] : Registered I/O Board 1: Model: FP-I/O-3208, Firmware: 01.10, Switches: 32, Drivers: 8
2026-03-03 17:10:34,055 : INFO : FAST [NET] : Registered I/O Board 2: Model: FP-I/O-0804, Firmware: 01.10, Switches: 8, Drivers: 4
2026-03-03 17:10:34,057 : INFO : FAST [EXP] : Trying to connect to /dev/cu.usbmodem14103 at 921600bps
2026-03-03 17:10:34,062 : INFO : FAST [EXP] : Connected to /dev/cu.usbmodem14103 at 921600bps
2026-03-03 17:10:34,063 : INFO : FAST [EXP] : Verifying hardware for EXP "neuron" (FP-EXP-2000, @48) with ID string "EXP FP-EXP-2000  0.34", board address 48
2026-03-03 17:10:34,064 : INFO : FAST [EXP] : Verifying hardware for EXP "neuron" (FP-EXP-2000, @48) with ID string "LED FP-BRK-0001  0.8", board address 480
2026-03-03 17:10:34,065 : INFO : EventManager : Event: ======'machine_var_credits_string'====== Args={'value': 'FREE PLAY', 'prev_value': None, 'change': True}
2026-03-03 17:10:34,080 : INFO : EventManager : Event: ======'machine_var_master_volume'====== Args={'value': 0.5, 'prev_value': None, 'change': True}
2026-03-03 17:10:34,080 : INFO : EventManager : Event: ======'machine_var_player1_score'====== Args={'value': 10, 'prev_value': None, 'change': True}
2026-03-03 17:10:34,080 : INFO : EventManager : Event: ======'machine_var_mpf_version'====== Args={'value': 'Mission Pinball Framework v0.80.0.dev13', 'prev_value': None, 'change': True}
2026-03-03 17:10:34,080 : INFO : EventManager : Event: ======'machine_var_mpf_extended_version'====== Args={'value': 'Mission Pinball Framework v0.80.0.dev13, Config version:6, Show version: 6, BCP version:1.1', 'prev_value': None, 'change': True}
2026-03-03 17:10:34,081 : INFO : EventManager : Event: ======'machine_var_python_version'====== Args={'value': '3.14.3', 'prev_value': None, 'change': True}
2026-03-03 17:10:34,101 : INFO : EventManager : Event: ======'machine_var_platform'====== Args={'value': 'macOS-14.8.4-x86_64-i386-64bit-Mach-O', 'prev_value': None, 'change': True}
2026-03-03 17:10:34,101 : INFO : EventManager : Event: ======'machine_var_platform_system'====== Args={'value': 'Darwin', 'prev_value': None, 'change': True}
2026-03-03 17:10:34,101 : INFO : EventManager : Event: ======'machine_var_platform_release'====== Args={'value': '23.6.0', 'prev_value': None, 'change': True}
2026-03-03 17:10:34,102 : INFO : EventManager : Event: ======'machine_var_platform_version'====== Args={'value': 'Darwin Kernel Version 23.6.0: Mon Jan 19 22:02:22 PST 2026; root:xnu-10063.141.1.710.3~1/RELEASE_X86_64', 'prev_value': None, 'change': True}
2026-03-03 17:10:34,102 : INFO : EventManager : Event: ======'machine_var_platform_machine'====== Args={'value': 'x86_64', 'prev_value': None, 'change': True}
2026-03-03 17:10:34,102 : INFO : EventManager : Event: ======'machine_var_log_file_path'====== Args={'value': '/Users/pinball/NapoleonDynamite/logs/2026-03-03-17-10-33-mpf-ANDREs-Mac-mini.local.log', 'prev_value': None, 'change': True}
2026-03-03 17:10:34,102 : INFO : EventManager : Event: ======'init_phase_1'====== Args={}
2026-03-03 17:10:34,252 : INFO : SwitchController : <<<<<<< 's_flipper_left_eos' active >>>>>>>
2026-03-03 17:10:34,252 : INFO : SwitchController : <<<<<<< 's_trough_1' active >>>>>>>
2026-03-03 17:10:34,252 : INFO : SwitchController : <<<<<<< 's_bumper_lower' active >>>>>>>
2026-03-03 17:10:34,252 : INFO : SwitchController : <<<<<<< 's_bumper_upper' active >>>>>>>
2026-03-03 17:10:34,284 : INFO : EventManager : Event: ======'init_phase_2'====== Args={}
2026-03-03 17:10:34,285 : INFO : SwitchController : Found active switch: (37, [FAST Platform Interface]) <switch.s_flipper_left_eos>
2026-03-03 17:10:34,285 : INFO : SwitchController : Found active switch: (24, [FAST Platform Interface]) <switch.s_trough_1>
2026-03-03 17:10:34,285 : INFO : SwitchController : Found active switch: (41, [FAST Platform Interface]) <switch.s_bumper_lower>
2026-03-03 17:10:34,285 : INFO : SwitchController : Found active switch: (42, [FAST Platform Interface]) <switch.s_bumper_upper>
2026-03-03 17:10:34,753 : INFO : ball_device.bd_trough : BCH: Initial count: 1
2026-03-03 17:10:34,754 : INFO : ball_device.bd_trough : State: idle
2026-03-03 17:10:34,756 : INFO : ball_device.bd_plunger : BCH: Initial count: 0
2026-03-03 17:10:34,756 : INFO : ball_device.bd_plunger : State: idle
2026-03-03 17:10:34,777 : INFO : EventManager : Event: ======'init_phase_3'====== Args={}
2026-03-03 17:10:34,780 : INFO : EventManager : Event: ======'init_phase_4'====== Args={}
2026-03-03 17:10:34,780 : INFO : BallController : Initial balls found: 1
2026-03-03 17:10:34,782 : INFO : EventManager : Event: ======'machine_var_audits_events_game_ended'====== Args={'value': 10, 'prev_value': None, 'change': True}
2026-03-03 17:10:34,782 : INFO : EventManager : Event: ======'machine_var_audits_events_game_started'====== Args={'value': 22, 'prev_value': None, 'change': True}
2026-03-03 17:10:34,782 : INFO : EventManager : Event: ======'machine_var_audits_missing_switches_s_bumper_lower'====== Args={'value': 22, 'prev_value': None, 'change': True}
2026-03-03 17:10:34,782 : INFO : EventManager : Event: ======'machine_var_audits_missing_switches_s_bumper_upper'====== Args={'value': 17, 'prev_value': None, 'change': True}
2026-03-03 17:10:34,782 : INFO : EventManager : Event: ======'machine_var_audits_missing_switches_s_flipper_right_lower'====== Args={'value': 5, 'prev_value': None, 'change': True}
2026-03-03 17:10:34,782 : INFO : EventManager : Event: ======'machine_var_audits_missing_switches_s_flipper_right_lower_eos'====== Args={'value': 3, 'prev_value': None, 'change': True}
2026-03-03 17:10:34,782 : INFO : EventManager : Event: ======'machine_var_audits_missing_switches_s_inlane_left'====== Args={'value': 5, 'prev_value': None, 'change': True}
2026-03-03 17:10:34,782 : INFO : EventManager : Event: ======'machine_var_audits_missing_switches_s_inlane_right_1'====== Args={'value': 4, 'prev_value': None, 'change': True}
2026-03-03 17:10:34,783 : INFO : EventManager : Event: ======'machine_var_audits_missing_switches_s_inlane_right_2'====== Args={'value': 5, 'prev_value': None, 'change': True}
2026-03-03 17:10:34,783 : INFO : EventManager : Event: ======'machine_var_audits_missing_switches_s_plunger'====== Args={'value': 2, 'prev_value': None, 'change': True}
2026-03-03 17:10:34,783 : INFO : EventManager : Event: ======'machine_var_audits_missing_switches_s_sling_left'====== Args={'value': 5, 'prev_value': None, 'change': True}
2026-03-03 17:10:34,783 : INFO : EventManager : Event: ======'machine_var_audits_missing_switches_s_sling_right'====== Args={'value': 9, 'prev_value': None, 'change': True}
2026-03-03 17:10:34,783 : INFO : EventManager : Event: ======'machine_var_audits_missing_switches_s_start'====== Args={'value': 1, 'prev_value': None, 'change': True}
2026-03-03 17:10:34,783 : INFO : EventManager : Event: ======'machine_var_audits_missing_switches_s_trough_1'====== Args={'value': 2, 'prev_value': None, 'change': True}
2026-03-03 17:10:34,783 : INFO : EventManager : Event: ======'machine_var_audits_missing_switches_s_trough_2'====== Args={'value': 2, 'prev_value': None, 'change': True}
2026-03-03 17:10:34,783 : INFO : EventManager : Event: ======'machine_var_audits_missing_switches_s_trough_3'====== Args={'value': 2, 'prev_value': None, 'change': True}
2026-03-03 17:10:34,783 : INFO : EventManager : Event: ======'machine_var_audits_missing_switches_s_trough_4'====== Args={'value': 2, 'prev_value': None, 'change': True}
2026-03-03 17:10:34,783 : INFO : EventManager : Event: ======'machine_var_audits_missing_switches_s_trough_5'====== Args={'value': 2, 'prev_value': None, 'change': True}
2026-03-03 17:10:34,783 : INFO : EventManager : Event: ======'machine_var_audits_missing_switches_s_trough_6'====== Args={'value': 3, 'prev_value': None, 'change': True}
2026-03-03 17:10:34,783 : INFO : EventManager : Event: ======'machine_var_audits_player_score'====== Args={'value': {'average': 13899, 'top': [123050, 15710, 7390, 3050, 1700, 1600, 400, 10, 0, 0], 'total': 11}, 'prev_value': None, 'change': True}
2026-03-03 17:10:34,784 : INFO : EventManager : Event: ======'machine_var_audits_shots_shot_inlane_left'====== Args={'value': 27, 'prev_value': None, 'change': True}
2026-03-03 17:10:34,784 : INFO : EventManager : Event: ======'machine_var_audits_shots_shot_inlane_right_1'====== Args={'value': 956, 'prev_value': None, 'change': True}
2026-03-03 17:10:34,784 : INFO : EventManager : Event: ======'machine_var_audits_shots_shot_inlane_right_2'====== Args={'value': 16, 'prev_value': None, 'change': True}
2026-03-03 17:10:34,784 : INFO : EventManager : Event: ======'machine_var_audits_shots_shot_sling_left'====== Args={'value': 559, 'prev_value': None, 'change': True}
2026-03-03 17:10:34,784 : INFO : EventManager : Event: ======'machine_var_audits_shots_shot_sling_right'====== Args={'value': 39, 'prev_value': None, 'change': True}
2026-03-03 17:10:34,784 : INFO : EventManager : Event: ======'machine_var_audits_shots_sling_left'====== Args={'value': 21, 'prev_value': None, 'change': True}
2026-03-03 17:10:34,784 : INFO : EventManager : Event: ======'machine_var_audits_shots_sling_right'====== Args={'value': 28, 'prev_value': None, 'change': True}
2026-03-03 17:10:34,784 : INFO : EventManager : Event: ======'machine_var_audits_switches_s_bumper_lower'====== Args={'value': 0, 'prev_value': None, 'change': True}
2026-03-03 17:10:34,784 : INFO : EventManager : Event: ======'machine_var_audits_switches_s_bumper_upper'====== Args={'value': 6, 'prev_value': None, 'change': True}
2026-03-03 17:10:34,784 : INFO : EventManager : Event: ======'machine_var_audits_switches_s_flipper_left'====== Args={'value': 558, 'prev_value': None, 'change': True}
2026-03-03 17:10:34,784 : INFO : EventManager : Event: ======'machine_var_audits_switches_s_flipper_left_eos'====== Args={'value': 453, 'prev_value': None, 'change': True}
2026-03-03 17:10:34,785 : INFO : EventManager : Event: ======'machine_var_audits_switches_s_flipper_right_lower'====== Args={'value': 1119, 'prev_value': None, 'change': True}
2026-03-03 17:10:34,785 : INFO : EventManager : Event: ======'machine_var_audits_switches_s_flipper_right_lower_eos'====== Args={'value': 728, 'prev_value': None, 'change': True}
2026-03-03 17:10:34,785 : INFO : EventManager : Event: ======'machine_var_audits_switches_s_flipper_right_upper'====== Args={'value': 1046, 'prev_value': None, 'change': True}
2026-03-03 17:10:34,785 : INFO : EventManager : Event: ======'machine_var_audits_switches_s_flipper_right_upper_eos'====== Args={'value': 837, 'prev_value': None, 'change': True}
2026-03-03 17:10:34,785 : INFO : EventManager : Event: ======'machine_var_audits_switches_s_inlane_left'====== Args={'value': 27, 'prev_value': None, 'change': True}
2026-03-03 17:10:34,785 : INFO : EventManager : Event: ======'machine_var_audits_switches_s_inlane_right_1'====== Args={'value': 1288, 'prev_value': None, 'change': True}
2026-03-03 17:10:34,785 : INFO : EventManager : Event: ======'machine_var_audits_switches_s_inlane_right_2'====== Args={'value': 16, 'prev_value': None, 'change': True}
2026-03-03 17:10:34,785 : INFO : EventManager : Event: ======'machine_var_audits_switches_s_plunger'====== Args={'value': 78, 'prev_value': None, 'change': True}
2026-03-03 17:10:34,785 : INFO : EventManager : Event: ======'machine_var_audits_switches_s_sling_left'====== Args={'value': 582, 'prev_value': None, 'change': True}
2026-03-03 17:10:34,785 : INFO : EventManager : Event: ======'machine_var_audits_switches_s_sling_right'====== Args={'value': 67, 'prev_value': None, 'change': True}
2026-03-03 17:10:34,785 : INFO : EventManager : Event: ======'machine_var_audits_switches_s_start'====== Args={'value': 9, 'prev_value': None, 'change': True}
2026-03-03 17:10:34,786 : INFO : EventManager : Event: ======'machine_var_audits_switches_s_trough_1'====== Args={'value': 61, 'prev_value': None, 'change': True}
2026-03-03 17:10:34,786 : INFO : EventManager : Event: ======'machine_var_audits_switches_s_trough_2'====== Args={'value': 74, 'prev_value': None, 'change': True}
2026-03-03 17:10:34,786 : INFO : EventManager : Event: ======'machine_var_audits_switches_s_trough_3'====== Args={'value': 84, 'prev_value': None, 'change': True}
2026-03-03 17:10:34,786 : INFO : EventManager : Event: ======'machine_var_audits_switches_s_trough_4'====== Args={'value': 94, 'prev_value': None, 'change': True}
2026-03-03 17:10:34,786 : INFO : EventManager : Event: ======'machine_var_audits_switches_s_trough_5'====== Args={'value': 101, 'prev_value': None, 'change': True}
2026-03-03 17:10:34,786 : INFO : EventManager : Event: ======'machine_var_audits_switches_s_trough_6'====== Args={'value': 102, 'prev_value': None, 'change': True}
2026-03-03 17:10:34,786 : INFO : EventManager : Event: ======'machine_var_audits_switches_s_trough_7'====== Args={'value': 70, 'prev_value': None, 'change': True}
2026-03-03 17:10:34,787 : INFO : EventManager : Event: ======'init_phase_5'====== Args={}
2026-03-03 17:10:34,787 : INFO : EventManager : Event: ======'init_done'====== Args={}
2026-03-03 17:10:34,788 : INFO : EventManager : Event: ======'machine_reset_phase_1'====== Args={}
2026-03-03 17:10:34,788 : INFO : EventManager : Event: ======'machine_reset_phase_2'====== Args={}
2026-03-03 17:10:34,789 : INFO : EventManager : Event: ======'machine_reset_phase_3'====== Args={}
2026-03-03 17:10:34,789 : INFO : EventManager : Event: ======'reset_complete'====== Args={}
2026-03-03 17:10:34,789 : INFO : EventManager : Event: ======'mode_attract_will_start'====== Args={}
2026-03-03 17:10:34,789 : INFO : Timer.attract_carousel_timer : Starting Timer.
2026-03-03 17:10:34,790 : INFO : EventManager : Event: ======'timer_attract_carousel_timer_started'====== Args={'ticks': 0, 'ticks_remaining': 1}
2026-03-03 17:10:34,790 : INFO : EventManager : Event: ======'timer_attract_carousel_timer_tick'====== Args={'ticks': 0, 'ticks_remaining': 1}
2026-03-03 17:10:34,790 : INFO : EventManager : Event: ======'mode_attract_starting'====== Args={}
2026-03-03 17:10:34,790 : INFO : Mode.attract : Started. Priority: 10
2026-03-03 17:10:34,790 : INFO : EventManager : Event: ======'modes_active_modes_changed'====== Args={}
2026-03-03 17:10:34,790 : INFO : EventManager : Event: ======'mode_attract_started'====== Args={}
2026-03-03 17:10:34,791 : INFO : EventManager : Event: ======'collecting_balls_complete'====== Args={}
2026-03-03 17:10:34,791 : INFO : EventManager : Event: ======'carousel_item_highlighted'====== Args={'carousel': 'attract', 'direction': None, 'item': 'title'}
2026-03-03 17:10:34,791 : INFO : EventManager : Event: ======'timer_attract_carousel_timer_tick'====== Args={'ticks': 0, 'ticks_remaining': 1}
2026-03-03 17:10:34,792 : INFO : Machine : Starting the main run loop with active modes: [<Mode.attract>]
2026-03-03 17:10:39,791 : INFO : Timer.attract_carousel_timer : Timer Complete
2026-03-03 17:10:39,792 : INFO : Timer.attract_carousel_timer : Stopping Timer
2026-03-03 17:10:39,792 : INFO : EventManager : Event: ======'timer_attract_carousel_timer_stopped'====== Args={'ticks': 1, 'ticks_remaining': 1}
2026-03-03 17:10:39,792 : INFO : EventManager : Event: ======'timer_attract_carousel_timer_complete'====== Args={'ticks': 1, 'ticks_remaining': 1}
2026-03-03 17:10:39,792 : INFO : EventManager : Event: ======'carousel_item_highlighted'====== Args={'carousel': 'attract', 'direction': 'forwards', 'item': 'credits'}
2026-03-03 17:10:39,793 : INFO : Timer.attract_carousel_timer : Starting Timer.
2026-03-03 17:10:39,793 : INFO : EventManager : Event: ======'timer_attract_carousel_timer_started'====== Args={'ticks': 0, 'ticks_remaining': 1}
2026-03-03 17:10:39,793 : INFO : EventManager : Event: ======'timer_attract_carousel_timer_tick'====== Args={'ticks': 0, 'ticks_remaining': 1}
2026-03-03 17:10:42,718 : INFO : SwitchController : <<<<<<< 's_start' active >>>>>>>
2026-03-03 17:10:42,826 : INFO : SwitchController : <<<<<<< 's_start' inactive >>>>>>>
2026-03-03 17:10:42,826 : INFO : EventManager : Event: ======'request_to_start_game'====== Args={}
2026-03-03 17:10:42,827 : INFO : EventManager : Event: ======'game_start'====== Args={'buttons': [], 'hold_time': 0.10774577199481428}
2026-03-03 17:10:42,827 : INFO : EventManager : Event: ======'mode_game_will_start'====== Args={'buttons': [], 'hold_time': 0.10774577199481428}
2026-03-03 17:10:42,828 : INFO : EventManager : Event: ======'mode_game_starting'====== Args={'buttons': [], 'hold_time': 0.10774577199481428}
2026-03-03 17:10:42,828 : INFO : EventManager : Event: ======'mode_attract_will_stop'====== Args={}
2026-03-03 17:10:42,828 : INFO : EventManager : Event: ======'mode_attract_stopping'====== Args={}
2026-03-03 17:10:42,828 : INFO : Mode.attract : Stopped.
2026-03-03 17:10:42,828 : INFO : EventManager : Event: ======'modes_active_modes_changed'====== Args={}
2026-03-03 17:10:42,828 : INFO : EventManager : Event: ======'mode_attract_stopped'====== Args={}
2026-03-03 17:10:42,829 : INFO : EventManager : Event: ======'clear'====== Args={'key': 'attract'}
2026-03-03 17:10:42,829 : INFO : Timer.attract_carousel_timer : Stopping Timer
2026-03-03 17:10:42,829 : INFO : EventManager : Event: ======'timer_attract_carousel_timer_stopped'====== Args={'ticks': 0, 'ticks_remaining': 1}
2026-03-03 17:10:42,829 : INFO : Mode.game : Started. Priority: 20
2026-03-03 17:10:42,829 : INFO : EventManager : Event: ======'modes_active_modes_changed'====== Args={}
2026-03-03 17:10:42,829 : INFO : EventManager : Event: ======'mode_game_started'====== Args={'buttons': [], 'hold_time': 0.10774577199481428}
2026-03-03 17:10:42,830 : INFO : EventManager : Event: ======'game_will_start'====== Args={}
2026-03-03 17:10:42,831 : INFO : EventManager : Event: ======'game_starting'====== Args={'game': <Mode.game>}
2026-03-03 17:10:42,832 : INFO : EventManager : Unordered handler for class <Auditor> on event game_ended with priority 1. Handlers: [RegisteredHandler(callback=<bound method Auditor.disable of <Auditor>>, priority=1, kwargs={}, key=UUID('900d262a-6088-4b5e-b026-4113091b40dd'), condition=None, blocking_facility=None), RegisteredHandler(callback=<bound method Auditor._save_audits of <Auditor>>, priority=1, kwargs={}, key=UUID('78d1a148-9203-43d8-b04f-c03137a68d93'), condition=None, blocking_facility=None)]. The order of those handlers is not defined and they will be executed in random order. This might lead to race conditions and potential bugs.
2026-03-03 17:10:42,832 : INFO : EventManager : Event: ======'player_add_request'====== Args={}
2026-03-03 17:10:42,833 : INFO : EventManager : Event: ======'player_will_add'====== Args={'number': 1}
2026-03-03 17:10:42,833 : INFO : EventManager : Event: ======'player_adding'====== Args={'player': <Player 1>, 'number': 1}
2026-03-03 17:10:42,833 : INFO : EventManager : Event: ======'player_added'====== Args={'player': <Player 1>, 'num': 1}
2026-03-03 17:10:42,833 : INFO : Mode.game : Player added successfully. Total players: 1
2026-03-03 17:10:42,833 : INFO : EventManager : Event: ======'player_index'====== Args={'value': 0, 'prev_value': 0, 'change': 0, 'player_num': 1}
2026-03-03 17:10:42,833 : INFO : EventManager : Event: ======'player_number'====== Args={'value': 1, 'prev_value': 1, 'change': 0, 'player_num': 1}
2026-03-03 17:10:42,834 : INFO : EventManager : Event: ======'player_score'====== Args={'value': 0, 'prev_value': 0, 'change': 0, 'player_num': 1}
2026-03-03 17:10:42,834 : INFO : EventManager : Event: ======'game_started'====== Args={}
2026-03-03 17:10:42,835 : INFO : EventManager : Event: ======'player_turn_will_start'====== Args={'player': <Player 1>, 'number': 1}
2026-03-03 17:10:42,845 : INFO : EventManager : Event: ======'player_turn_starting'====== Args={'player': <Player 1>, 'number': 1}
2026-03-03 17:10:42,848 : INFO : EventManager : Event: ======'player_ball'====== Args={'value': 1, 'prev_value': 0, 'change': 1, 'player_num': 1}
2026-03-03 17:10:42,848 : INFO : EventManager : Event: ======'player_turn_started'====== Args={'player': <Player 1>, 'number': 1}
2026-03-03 17:10:42,849 : INFO : EventManager : Event: ======'ball_will_start'====== Args={'player': 1, 'ball': 1, 'balls_remaining': 2, 'is_extra_ball': False}
2026-03-03 17:10:42,849 : INFO : EventManager : Event: ======'ball_starting'====== Args={'player': 1, 'ball': 1, 'balls_remaining': 2, 'is_extra_ball': False}
2026-03-03 17:10:42,849 : INFO : EventManager : Event: ======'mode_base_will_start'====== Args={'queue': <QueuedEvent>, 'player': 1, 'ball': 1, 'balls_remaining': 2, 'is_extra_ball': False}
2026-03-03 17:10:42,850 : INFO : EventManager : Event: ======'mode_base_starting'====== Args={'queue': <QueuedEvent>, 'player': 1, 'ball': 1, 'balls_remaining': 2, 'is_extra_ball': False}
2026-03-03 17:10:42,850 : INFO : Mode.base : Started. Priority: 100
2026-03-03 17:10:42,850 : INFO : EventManager : Event: ======'modes_active_modes_changed'====== Args={}
2026-03-03 17:10:42,850 : INFO : EventManager : Event: ======'mode_base_started'====== Args={'queue': <QueuedEvent>, 'player': 1, 'ball': 1, 'balls_remaining': 2, 'is_extra_ball': False}
2026-03-03 17:10:42,850 : INFO : EventManager : Event: ======'start_mode_bumpers'====== Args={'priority': 0}
2026-03-03 17:10:42,851 : INFO : EventManager : Event: ======'mode_bumpers_will_start'====== Args={'priority': 0}
2026-03-03 17:10:42,851 : INFO : EventManager : Event: ======'player_shot_shot_sling_left_enabled'====== Args={'value': True, 'prev_value': 0, 'change': 1, 'player_num': 1}
2026-03-03 17:10:42,852 : INFO : EventManager : Event: ======'player_shot_shot_sling_right_enabled'====== Args={'value': True, 'prev_value': 0, 'change': 1, 'player_num': 1}
2026-03-03 17:10:42,852 : INFO : EventManager : Event: ======'player_shot_shot_bumper_lower_enabled'====== Args={'value': True, 'prev_value': 0, 'change': 1, 'player_num': 1}
2026-03-03 17:10:42,852 : INFO : EventManager : Event: ======'player_shot_shot_bumper_upper_enabled'====== Args={'value': True, 'prev_value': 0, 'change': 1, 'player_num': 1}
2026-03-03 17:10:42,852 : INFO : EventManager : Event: ======'player_shot_shot_inlane_left_enabled'====== Args={'value': True, 'prev_value': 0, 'change': 1, 'player_num': 1}
2026-03-03 17:10:42,853 : INFO : EventManager : Event: ======'player_shot_shot_inlane_right_1_enabled'====== Args={'value': True, 'prev_value': 0, 'change': 1, 'player_num': 1}
2026-03-03 17:10:42,853 : INFO : EventManager : Event: ======'player_shot_shot_inlane_right_2_enabled'====== Args={'value': True, 'prev_value': 0, 'change': 1, 'player_num': 1}
2026-03-03 17:10:42,853 : INFO : EventManager : Event: ======'slings_complete'====== Args={'state': 'unlit'}
2026-03-03 17:10:42,853 : INFO : EventManager : Event: ======'slings_unlit_complete'====== Args={}
2026-03-03 17:10:42,853 : INFO : EventManager : Event: ======'bumpers_complete'====== Args={'state': 'unlit'}
2026-03-03 17:10:42,853 : INFO : EventManager : Event: ======'bumpers_unlit_complete'====== Args={}
2026-03-03 17:10:42,854 : INFO : EventManager : Event: ======'inlanes_complete'====== Args={'state': 'unlit'}
2026-03-03 17:10:42,854 : INFO : EventManager : Event: ======'inlanes_unlit_complete'====== Args={}
2026-03-03 17:10:42,855 : INFO : EventManager : Event: ======'mode_bumpers_starting'====== Args={'priority': 0}
2026-03-03 17:10:42,855 : INFO : Mode.bumpers : Started. Priority: 200
2026-03-03 17:10:42,855 : INFO : EventManager : Event: ======'modes_active_modes_changed'====== Args={}
2026-03-03 17:10:42,855 : INFO : EventManager : Event: ======'mode_bumpers_started'====== Args={'priority': 0}
2026-03-03 17:10:42,855 : INFO : EventManager : Event: ======'balls_in_play'====== Args={'balls': 1}
2026-03-03 17:10:42,855 : INFO : EventManager : Event: ======'ball_started'====== Args={'player': 1, 'ball': 1, 'balls_remaining': 2, 'is_extra_ball': False}
2026-03-03 17:10:42,856 : INFO : EventManager : Event: ======'single_player_ball_started'====== Args={}
2026-03-03 17:10:42,856 : INFO : EventManager : Event: ======'ball_start_target'====== Args={'target': 'playfield'}
2026-03-03 17:10:42,857 : INFO : ball_device.bd_plunger : Setting up player-controlled eject. Balls: 1, Target: <playfield.playfield>, player_controlled_eject_event: None
2026-03-03 17:10:42,857 : INFO : EventManager : Event: ======'balldevice_balls_available'====== Args={}
2026-03-03 17:10:42,858 : INFO : ball_device.bd_trough : State: waiting_for_target_ready
2026-03-03 17:10:42,858 : INFO : EventManager : Event: ======'balldevice_bd_trough_ball_eject_attempt'====== Args={'balls': 1, 'target': <ball_device.bd_plunger>, 'source': <ball_device.bd_trough>, 'mechanical_eject': True, 'num_attempts': 0}
2026-03-03 17:10:42,858 : INFO : ball_device.bd_plunger : State: waiting_for_ball
2026-03-03 17:10:42,859 : INFO : ball_device.bd_trough : State: ejecting
2026-03-03 17:10:42,859 : INFO : ball_device.bd_trough : Ejecting ball to <ball_device.bd_plunger>
2026-03-03 17:10:42,859 : INFO : EventManager : Event: ======'balldevice_bd_trough_ejecting_ball'====== Args={'balls': 1, 'target': <ball_device.bd_plunger>, 'source': <ball_device.bd_trough>, 'mechanical_eject': True, 'num_attempts': 0}
2026-03-03 17:10:42,862 : INFO : ball_device.bd_trough : Wait for ball to leave device
2026-03-03 17:10:42,862 : INFO : coil.c_trough_eject : Pulsing Driver for 20ms (1.0 pulse_power)
2026-03-03 17:10:42,889 : INFO : SwitchController : <<<<<<< 's_trough_1' inactive >>>>>>>
2026-03-03 17:10:42,889 : INFO : SwitchController : <<<<<<< 's_trough_7' active >>>>>>>
2026-03-03 17:10:42,890 : INFO : EventManager : Event: ======'machine_var_audits_switches_s_trough_7'====== Args={'value': 71, 'prev_value': 70, 'change': 1}
2026-03-03 17:10:42,890 : INFO : ball_device.bd_trough : State: ball_left
2026-03-03 17:10:42,890 : INFO : ball_device.bd_trough : Ball left
2026-03-03 17:10:42,891 : INFO : ball_device.bd_trough : Wait for confirm with timeout 3.0
2026-03-03 17:10:42,903 : INFO : SwitchController : <<<<<<< 's_trough_7' inactive >>>>>>>
2026-03-03 17:10:44,700 : INFO : SwitchController : <<<<<<< 's_flipper_right_upper' active >>>>>>>
2026-03-03 17:10:44,700 : INFO : EventManager : Event: ======'machine_var_audits_switches_s_flipper_right_upper'====== Args={'value': 1047, 'prev_value': 1046, 'change': 1}
2026-03-03 17:10:44,756 : INFO : SwitchController : <<<<<<< 's_flipper_right_upper' inactive >>>>>>>
2026-03-03 17:10:45,025 : INFO : SwitchController : <<<<<<< 's_flipper_right_upper' active >>>>>>>
2026-03-03 17:10:45,025 : INFO : EventManager : Event: ======'machine_var_audits_switches_s_flipper_right_upper'====== Args={'value': 1048, 'prev_value': 1047, 'change': 1}
2026-03-03 17:10:45,093 : INFO : SwitchController : <<<<<<< 's_flipper_right_upper' inactive >>>>>>>
2026-03-03 17:10:45,303 : INFO : SwitchController : <<<<<<< 's_flipper_right_upper' active >>>>>>>
2026-03-03 17:10:45,303 : INFO : EventManager : Event: ======'machine_var_audits_switches_s_flipper_right_upper'====== Args={'value': 1049, 'prev_value': 1048, 'change': 1}
2026-03-03 17:10:45,378 : INFO : SwitchController : <<<<<<< 's_flipper_right_upper' inactive >>>>>>>
2026-03-03 17:10:45,685 : INFO : SwitchController : <<<<<<< 's_flipper_left' active >>>>>>>
2026-03-03 17:10:45,686 : INFO : EventManager : Event: ======'machine_var_audits_switches_s_flipper_left'====== Args={'value': 559, 'prev_value': 558, 'change': 1}
2026-03-03 17:10:45,708 : INFO : SwitchController : <<<<<<< 's_flipper_left_eos' inactive >>>>>>>
2026-03-03 17:10:45,800 : INFO : SwitchController : <<<<<<< 's_flipper_left' inactive >>>>>>>
2026-03-03 17:10:45,890 : INFO : SwitchController : <<<<<<< 's_flipper_left_eos' active >>>>>>>
2026-03-03 17:10:45,890 : INFO : EventManager : Event: ======'machine_var_audits_switches_s_flipper_left_eos'====== Args={'value': 454, 'prev_value': 453, 'change': 1}
2026-03-03 17:10:45,891 : INFO : ball_device.bd_trough : State: failed_confirm
2026-03-03 17:10:45,891 : INFO : ball_device.bd_trough : Got timeout (3.0s) before confirm from <ball_device.bd_plunger>
2026-03-03 17:10:45,892 : INFO : ball_device.bd_plunger : Expecting incoming ball which may skip the device.
2026-03-03 17:10:45,892 : INFO : EventManager : Event: ======'balldevice_bd_plunger_ejecting_ball'====== Args={'balls': 1, 'target': <playfield.playfield>, 'source': <ball_device.bd_plunger>, 'mechanical_eject': False, 'num_attempts': 1}
2026-03-03 17:10:45,975 : INFO : SwitchController : <<<<<<< 's_flipper_left' active >>>>>>>
2026-03-03 17:10:45,976 : INFO : EventManager : Event: ======'machine_var_audits_switches_s_flipper_left'====== Args={'value': 560, 'prev_value': 559, 'change': 1}
2026-03-03 17:10:45,998 : INFO : SwitchController : <<<<<<< 's_flipper_left_eos' inactive >>>>>>>
2026-03-03 17:10:46,022 : INFO : SwitchController : <<<<<<< 's_flipper_left' inactive >>>>>>>
2026-03-03 17:10:46,112 : INFO : SwitchController : <<<<<<< 's_flipper_left_eos' active >>>>>>>
2026-03-03 17:10:46,113 : INFO : EventManager : Event: ======'machine_var_audits_switches_s_flipper_left_eos'====== Args={'value': 455, 'prev_value': 454, 'change': 1}
2026-03-03 17:10:46,152 : INFO : SwitchController : <<<<<<< 's_flipper_left' active >>>>>>>
2026-03-03 17:10:46,152 : INFO : EventManager : Event: ======'machine_var_audits_switches_s_flipper_left'====== Args={'value': 561, 'prev_value': 560, 'change': 1}
2026-03-03 17:10:46,173 : INFO : SwitchController : <<<<<<< 's_flipper_left_eos' inactive >>>>>>>
2026-03-03 17:10:46,218 : INFO : SwitchController : <<<<<<< 's_flipper_left' inactive >>>>>>>
2026-03-03 17:10:46,308 : INFO : SwitchController : <<<<<<< 's_flipper_left_eos' active >>>>>>>
2026-03-03 17:10:46,308 : INFO : EventManager : Event: ======'machine_var_audits_switches_s_flipper_left_eos'====== Args={'value': 456, 'prev_value': 455, 'change': 1}
2026-03-03 17:10:46,469 : INFO : SwitchController : <<<<<<< 's_flipper_right_upper' active >>>>>>>
2026-03-03 17:10:46,469 : INFO : EventManager : Event: ======'machine_var_audits_switches_s_flipper_right_upper'====== Args={'value': 1050, 'prev_value': 1049, 'change': 1}
2026-03-03 17:10:47,398 : INFO : SwitchController : <<<<<<< 's_flipper_right_upper' inactive >>>>>>>
2026-03-03 17:10:47,478 : INFO : SwitchController : <<<<<<< 's_flipper_right_upper' active >>>>>>>
2026-03-03 17:10:47,478 : INFO : EventManager : Event: ======'machine_var_audits_switches_s_flipper_right_upper'====== Args={'value': 1051, 'prev_value': 1050, 'change': 1}
2026-03-03 17:10:47,594 : INFO : SwitchController : <<<<<<< 's_flipper_right_upper' inactive >>>>>>>
2026-03-03 17:10:47,920 : INFO : SwitchController : <<<<<<< 's_flipper_right_upper' active >>>>>>>
2026-03-03 17:10:47,920 : INFO : EventManager : Event: ======'machine_var_audits_switches_s_flipper_right_upper'====== Args={'value': 1052, 'prev_value': 1051, 'change': 1}
2026-03-03 17:10:47,952 : INFO : SwitchController : <<<<<<< 's_flipper_right_upper' inactive >>>>>>>
2026-03-03 17:10:48,250 : INFO : SwitchController : <<<<<<< 's_flipper_right_upper' active >>>>>>>
2026-03-03 17:10:48,251 : INFO : EventManager : Event: ======'machine_var_audits_switches_s_flipper_right_upper'====== Args={'value': 1053, 'prev_value': 1052, 'change': 1}
2026-03-03 17:10:48,289 : INFO : SwitchController : <<<<<<< 's_flipper_right_upper' inactive >>>>>>>
2026-03-03 17:10:48,575 : INFO : SwitchController : <<<<<<< 's_flipper_right_upper' active >>>>>>>
2026-03-03 17:10:48,576 : INFO : EventManager : Event: ======'machine_var_audits_switches_s_flipper_right_upper'====== Args={'value': 1054, 'prev_value': 1053, 'change': 1}
2026-03-03 17:10:48,633 : INFO : SwitchController : <<<<<<< 's_flipper_right_upper' inactive >>>>>>>
2026-03-03 17:10:48,904 : INFO : SwitchController : <<<<<<< 's_flipper_right_upper' active >>>>>>>
2026-03-03 17:10:48,904 : INFO : EventManager : Event: ======'machine_var_audits_switches_s_flipper_right_upper'====== Args={'value': 1055, 'prev_value': 1054, 'change': 1}
2026-03-03 17:10:48,954 : INFO : SwitchController : <<<<<<< 's_flipper_right_upper' inactive >>>>>>>
2026-03-03 17:10:49,240 : INFO : SwitchController : <<<<<<< 's_flipper_right_upper' active >>>>>>>
2026-03-03 17:10:49,241 : INFO : EventManager : Event: ======'machine_var_audits_switches_s_flipper_right_upper'====== Args={'value': 1056, 'prev_value': 1055, 'change': 1}
2026-03-03 17:10:49,311 : INFO : SwitchController : <<<<<<< 's_flipper_right_upper' inactive >>>>>>>
2026-03-03 17:10:49,618 : INFO : SwitchController : <<<<<<< 's_flipper_right_upper' active >>>>>>>
2026-03-03 17:10:49,618 : INFO : EventManager : Event: ======'machine_var_audits_switches_s_flipper_right_upper'====== Args={'value': 1057, 'prev_value': 1056, 'change': 1}
2026-03-03 17:10:49,672 : INFO : SwitchController : <<<<<<< 's_flipper_right_upper' inactive >>>>>>>
2026-03-03 17:10:49,982 : INFO : SwitchController : <<<<<<< 's_flipper_right_upper' active >>>>>>>
2026-03-03 17:10:49,983 : INFO : EventManager : Event: ======'machine_var_audits_switches_s_flipper_right_upper'====== Args={'value': 1058, 'prev_value': 1057, 'change': 1}
2026-03-03 17:10:50,043 : INFO : SwitchController : <<<<<<< 's_flipper_right_upper' inactive >>>>>>>
2026-03-03 17:10:50,416 : INFO : SwitchController : <<<<<<< 's_flipper_right_upper' active >>>>>>>
2026-03-03 17:10:50,417 : INFO : EventManager : Event: ======'machine_var_audits_switches_s_flipper_right_upper'====== Args={'value': 1059, 'prev_value': 1058, 'change': 1}
2026-03-03 17:10:50,540 : INFO : SwitchController : <<<<<<< 's_flipper_right_upper' inactive >>>>>>>
2026-03-03 17:10:50,893 : INFO : ball_device.bd_plunger : Got confirm for skipping ball.
2026-03-03 17:10:50,893 : INFO : ball_device.bd_plunger : Eject successful
2026-03-03 17:10:50,894 : INFO : EventManager : Event: ======'balldevice_bd_plunger_ball_eject_success'====== Args={'balls': 1, 'target': <playfield.playfield>}
2026-03-03 17:10:50,894 : INFO : EventManager : Event: ======'balldevice_playfield_ball_enter'====== Args={'new_balls': 1, 'unclaimed_balls': 1, 'device': <playfield.playfield>}
2026-03-03 17:10:50,894 : INFO : EventManager : Event: ======'playfield_ball_count_change'====== Args={'balls': 1, 'change': 1}
2026-03-03 17:10:50,899 : INFO : ball_device.bd_plunger : State: idle
2026-03-03 17:10:50,899 : INFO : ball_device.bd_trough : Eject successful
2026-03-03 17:10:50,899 : INFO : EventManager : Event: ======'balldevice_bd_trough_ball_eject_success'====== Args={'balls': 1, 'target': <ball_device.bd_plunger>}
2026-03-03 17:10:50,900 : INFO : EventManager : Event: ======'balldevice_bd_trough_ball_count_changed'====== Args={'balls': 0}
2026-03-03 17:10:50,900 : INFO : ball_device.bd_trough : State: idle
2026-03-03 17:10:51,089 : INFO : SwitchController : <<<<<<< 's_flipper_right_upper' active >>>>>>>
2026-03-03 17:10:51,090 : INFO : EventManager : Event: ======'machine_var_audits_switches_s_flipper_right_upper'====== Args={'value': 1060, 'prev_value': 1059, 'change': 1}
2026-03-03 17:10:51,212 : INFO : SwitchController : <<<<<<< 's_flipper_right_upper' inactive >>>>>>>
2026-03-03 17:10:51,547 : INFO : SwitchController : <<<<<<< 's_flipper_right_upper' active >>>>>>>
2026-03-03 17:10:51,547 : INFO : EventManager : Event: ======'machine_var_audits_switches_s_flipper_right_upper'====== Args={'value': 1061, 'prev_value': 1060, 'change': 1}
2026-03-03 17:10:51,661 : INFO : SwitchController : <<<<<<< 's_flipper_right_upper' inactive >>>>>>>
2026-03-03 17:10:52,517 : INFO : SwitchController : <<<<<<< 's_flipper_right_upper' active >>>>>>>
2026-03-03 17:10:52,517 : INFO : EventManager : Event: ======'machine_var_audits_switches_s_flipper_right_upper'====== Args={'value': 1062, 'prev_value': 1061, 'change': 1}
2026-03-03 17:10:52,642 : INFO : SwitchController : <<<<<<< 's_flipper_right_upper' inactive >>>>>>>
2026-03-03 17:10:53,128 : INFO : SwitchController : <<<<<<< 's_flipper_right_upper' active >>>>>>>
2026-03-03 17:10:53,129 : INFO : EventManager : Event: ======'machine_var_audits_switches_s_flipper_right_upper'====== Args={'value': 1063, 'prev_value': 1062, 'change': 1}
2026-03-03 17:10:53,238 : INFO : SwitchController : <<<<<<< 's_flipper_right_upper' inactive >>>>>>>
2026-03-03 17:10:53,557 : INFO : SwitchController : <<<<<<< 's_flipper_right_upper' active >>>>>>>
2026-03-03 17:10:53,558 : INFO : EventManager : Event: ======'machine_var_audits_switches_s_flipper_right_upper'====== Args={'value': 1064, 'prev_value': 1063, 'change': 1}
2026-03-03 17:10:53,686 : INFO : SwitchController : <<<<<<< 's_flipper_right_upper' inactive >>>>>>>
2026-03-03 17:12:19,910 : INFO : SwitchController : <<<<<<< 's_flipper_left' active >>>>>>>
2026-03-03 17:12:19,910 : INFO : EventManager : Event: ======'machine_var_audits_switches_s_flipper_left'====== Args={'value': 562, 'prev_value': 561, 'change': 1}
2026-03-03 17:12:19,933 : INFO : SwitchController : <<<<<<< 's_flipper_left_eos' inactive >>>>>>>
2026-03-03 17:12:20,072 : INFO : SwitchController : <<<<<<< 's_flipper_left' inactive >>>>>>>
2026-03-03 17:12:20,164 : INFO : SwitchController : <<<<<<< 's_flipper_left_eos' active >>>>>>>
2026-03-03 17:12:20,164 : INFO : EventManager : Event: ======'machine_var_audits_switches_s_flipper_left_eos'====== Args={'value': 457, 'prev_value': 456, 'change': 1}
2026-03-03 17:12:20,484 : INFO : SwitchController : <<<<<<< 's_flipper_left' active >>>>>>>
2026-03-03 17:12:20,484 : INFO : EventManager : Event: ======'machine_var_audits_switches_s_flipper_left'====== Args={'value': 563, 'prev_value': 562, 'change': 1}
2026-03-03 17:12:20,506 : INFO : SwitchController : <<<<<<< 's_flipper_left_eos' inactive >>>>>>>
2026-03-03 17:12:20,633 : INFO : SwitchController : <<<<<<< 's_flipper_left' inactive >>>>>>>
2026-03-03 17:12:20,725 : INFO : SwitchController : <<<<<<< 's_flipper_left_eos' active >>>>>>>
2026-03-03 17:12:20,725 : INFO : EventManager : Event: ======'machine_var_audits_switches_s_flipper_left_eos'====== Args={'value': 458, 'prev_value': 457, 'change': 1}
2026-03-03 17:12:21,316 : INFO : SwitchController : <<<<<<< 's_flipper_left' active >>>>>>>
2026-03-03 17:12:21,316 : INFO : EventManager : Event: ======'machine_var_audits_switches_s_flipper_left'====== Args={'value': 564, 'prev_value': 563, 'change': 1}
2026-03-03 17:12:21,338 : INFO : SwitchController : <<<<<<< 's_flipper_left_eos' inactive >>>>>>>
2026-03-03 17:12:21,432 : INFO : SwitchController : <<<<<<< 's_flipper_left' inactive >>>>>>>
2026-03-03 17:12:21,523 : INFO : SwitchController : <<<<<<< 's_flipper_left_eos' active >>>>>>>
2026-03-03 17:12:21,524 : INFO : EventManager : Event: ======'machine_var_audits_switches_s_flipper_left_eos'====== Args={'value': 459, 'prev_value': 458, 'change': 1}
2026-03-03 17:12:22,503 : INFO : SwitchController : <<<<<<< 's_flipper_left' active >>>>>>>
2026-03-03 17:12:22,504 : INFO : EventManager : Event: ======'machine_var_audits_switches_s_flipper_left'====== Args={'value': 565, 'prev_value': 564, 'change': 1}
2026-03-03 17:12:22,526 : INFO : SwitchController : <<<<<<< 's_flipper_left_eos' inactive >>>>>>>
2026-03-03 17:12:22,635 : INFO : SwitchController : <<<<<<< 's_flipper_left' inactive >>>>>>>
2026-03-03 17:12:22,726 : INFO : SwitchController : <<<<<<< 's_flipper_left_eos' active >>>>>>>
2026-03-03 17:12:22,726 : INFO : EventManager : Event: ======'machine_var_audits_switches_s_flipper_left_eos'====== Args={'value': 460, 'prev_value': 459, 'change': 1}
2026-03-03 17:12:22,974 : INFO : SwitchController : <<<<<<< 's_flipper_left' active >>>>>>>
2026-03-03 17:12:22,975 : INFO : EventManager : Event: ======'machine_var_audits_switches_s_flipper_left'====== Args={'value': 566, 'prev_value': 565, 'change': 1}
2026-03-03 17:12:22,998 : INFO : SwitchController : <<<<<<< 's_flipper_left_eos' inactive >>>>>>>
2026-03-03 17:12:23,094 : INFO : SwitchController : <<<<<<< 's_flipper_left' inactive >>>>>>>
2026-03-03 17:12:23,187 : INFO : SwitchController : <<<<<<< 's_flipper_left_eos' active >>>>>>>
2026-03-03 17:12:23,187 : INFO : EventManager : Event: ======'machine_var_audits_switches_s_flipper_left_eos'====== Args={'value': 461, 'prev_value': 460, 'change': 1}
2026-03-03 17:12:54,245 : INFO : SwitchController : <<<<<<< 's_flipper_right_upper' active >>>>>>>
2026-03-03 17:12:54,246 : INFO : EventManager : Event: ======'machine_var_audits_switches_s_flipper_right_upper'====== Args={'value': 1065, 'prev_value': 1064, 'change': 1}
2026-03-03 17:12:54,345 : INFO : SwitchController : <<<<<<< 's_flipper_right_upper' inactive >>>>>>>
2026-03-03 17:12:54,947 : INFO : SwitchController : <<<<<<< 's_flipper_right_upper' active >>>>>>>
2026-03-03 17:12:54,947 : INFO : EventManager : Event: ======'machine_var_audits_switches_s_flipper_right_upper'====== Args={'value': 1066, 'prev_value': 1065, 'change': 1}
2026-03-03 17:12:55,041 : INFO : SwitchController : <<<<<<< 's_flipper_right_upper' inactive >>>>>>>
2026-03-03 17:12:55,410 : INFO : SwitchController : <<<<<<< 's_flipper_right_upper' active >>>>>>>
2026-03-03 17:12:55,411 : INFO : EventManager : Event: ======'machine_var_audits_switches_s_flipper_right_upper'====== Args={'value': 1067, 'prev_value': 1066, 'change': 1}
2026-03-03 17:12:55,516 : INFO : SwitchController : <<<<<<< 's_flipper_right_upper' inactive >>>>>>>
2026-03-03 17:12:58,631 : INFO : SwitchController : <<<<<<< 's_flipper_right_upper' active >>>>>>>
2026-03-03 17:12:58,631 : INFO : EventManager : Event: ======'machine_var_audits_switches_s_flipper_right_upper'====== Args={'value': 1068, 'prev_value': 1067, 'change': 1}
2026-03-03 17:12:58,743 : INFO : SwitchController : <<<<<<< 's_flipper_right_upper' inactive >>>>>>>
2026-03-03 17:12:59,053 : INFO : SwitchController : <<<<<<< 's_flipper_right_upper' active >>>>>>>
2026-03-03 17:12:59,053 : INFO : EventManager : Event: ======'machine_var_audits_switches_s_flipper_right_upper'====== Args={'value': 1069, 'prev_value': 1068, 'change': 1}
2026-03-03 17:12:59,171 : INFO : SwitchController : <<<<<<< 's_flipper_right_upper' inactive >>>>>>>
2026-03-03 17:12:59,448 : INFO : SwitchController : <<<<<<< 's_flipper_right_upper' active >>>>>>>
2026-03-03 17:12:59,448 : INFO : EventManager : Event: ======'machine_var_audits_switches_s_flipper_right_upper'====== Args={'value': 1070, 'prev_value': 1069, 'change': 1}
2026-03-03 17:12:59,530 : INFO : SwitchController : <<<<<<< 's_flipper_right_upper' inactive >>>>>>>
2026-03-03 17:12:59,852 : INFO : SwitchController : <<<<<<< 's_flipper_right_upper' active >>>>>>>
2026-03-03 17:12:59,852 : INFO : EventManager : Event: ======'machine_var_audits_switches_s_flipper_right_upper'====== Args={'value': 1071, 'prev_value': 1070, 'change': 1}
2026-03-03 17:12:59,982 : INFO : SwitchController : <<<<<<< 's_flipper_right_upper' inactive >>>>>>>
2026-03-03 17:13:14,922 : INFO : SwitchController : <<<<<<< 's_flipper_left' active >>>>>>>
2026-03-03 17:13:14,922 : INFO : EventManager : Event: ======'machine_var_audits_switches_s_flipper_left'====== Args={'value': 567, 'prev_value': 566, 'change': 1}
2026-03-03 17:13:14,943 : INFO : SwitchController : <<<<<<< 's_flipper_left_eos' inactive >>>>>>>
2026-03-03 17:13:15,071 : INFO : SwitchController : <<<<<<< 's_flipper_left' inactive >>>>>>>
2026-03-03 17:13:15,163 : INFO : SwitchController : <<<<<<< 's_flipper_left_eos' active >>>>>>>
2026-03-03 17:13:15,163 : INFO : EventManager : Event: ======'machine_var_audits_switches_s_flipper_left_eos'====== Args={'value': 462, 'prev_value': 461, 'change': 1}
2026-03-03 17:13:15,407 : INFO : SwitchController : <<<<<<< 's_flipper_left' active >>>>>>>
2026-03-03 17:13:15,407 : INFO : EventManager : Event: ======'machine_var_audits_switches_s_flipper_left'====== Args={'value': 568, 'prev_value': 567, 'change': 1}
2026-03-03 17:13:15,430 : INFO : SwitchController : <<<<<<< 's_flipper_left_eos' inactive >>>>>>>
2026-03-03 17:13:15,482 : INFO : SwitchController : <<<<<<< 's_flipper_left' inactive >>>>>>>
2026-03-03 17:13:15,600 : INFO : SwitchController : <<<<<<< 's_flipper_left_eos' active >>>>>>>
2026-03-03 17:13:15,600 : INFO : EventManager : Event: ======'machine_var_audits_switches_s_flipper_left_eos'====== Args={'value': 463, 'prev_value': 462, 'change': 1}
2026-03-03 17:13:15,817 : INFO : SwitchController : <<<<<<< 's_flipper_left' active >>>>>>>
2026-03-03 17:13:15,818 : INFO : EventManager : Event: ======'machine_var_audits_switches_s_flipper_left'====== Args={'value': 569, 'prev_value': 568, 'change': 1}
2026-03-03 17:13:15,840 : INFO : SwitchController : <<<<<<< 's_flipper_left_eos' inactive >>>>>>>
2026-03-03 17:13:15,903 : INFO : SwitchController : <<<<<<< 's_flipper_left' inactive >>>>>>>
2026-03-03 17:13:15,995 : INFO : SwitchController : <<<<<<< 's_flipper_left_eos' active >>>>>>>
2026-03-03 17:13:15,996 : INFO : EventManager : Event: ======'machine_var_audits_switches_s_flipper_left_eos'====== Args={'value': 464, 'prev_value': 463, 'change': 1}
2026-03-03 17:13:21,826 : INFO : SwitchController : <<<<<<< 's_flipper_right_upper' active >>>>>>>
2026-03-03 17:13:21,827 : INFO : EventManager : Event: ======'machine_var_audits_switches_s_flipper_right_upper'====== Args={'value': 1072, 'prev_value': 1071, 'change': 1}
2026-03-03 17:13:21,841 : INFO : SwitchController : <<<<<<< 's_flipper_right_upper' inactive >>>>>>>
2026-03-03 17:13:22,119 : INFO : SwitchController : <<<<<<< 's_flipper_right_upper' active >>>>>>>
2026-03-03 17:13:22,119 : INFO : EventManager : Event: ======'machine_var_audits_switches_s_flipper_right_upper'====== Args={'value': 1073, 'prev_value': 1072, 'change': 1}
2026-03-03 17:13:22,195 : INFO : SwitchController : <<<<<<< 's_flipper_right_upper' inactive >>>>>>>
2026-03-03 17:13:22,435 : INFO : SwitchController : <<<<<<< 's_flipper_right_upper' active >>>>>>>
2026-03-03 17:13:22,435 : INFO : EventManager : Event: ======'machine_var_audits_switches_s_flipper_right_upper'====== Args={'value': 1074, 'prev_value': 1073, 'change': 1}
2026-03-03 17:13:22,480 : INFO : SwitchController : <<<<<<< 's_flipper_right_upper' inactive >>>>>>>
2026-03-03 17:13:22,688 : INFO : SwitchController : <<<<<<< 's_flipper_right_upper' active >>>>>>>
2026-03-03 17:13:22,688 : INFO : EventManager : Event: ======'machine_var_audits_switches_s_flipper_right_upper'====== Args={'value': 1075, 'prev_value': 1074, 'change': 1}
2026-03-03 17:13:22,745 : INFO : SwitchController : <<<<<<< 's_flipper_right_upper' inactive >>>>>>>
2026-03-03 17:13:22,935 : INFO : SwitchController : <<<<<<< 's_flipper_right_upper' active >>>>>>>
2026-03-03 17:13:22,936 : INFO : EventManager : Event: ======'machine_var_audits_switches_s_flipper_right_upper'====== Args={'value': 1076, 'prev_value': 1075, 'change': 1}
2026-03-03 17:13:22,995 : INFO : SwitchController : <<<<<<< 's_flipper_right_upper' inactive >>>>>>>
2026-03-03 17:13:23,189 : INFO : SwitchController : <<<<<<< 's_flipper_right_upper' active >>>>>>>
2026-03-03 17:13:23,189 : INFO : EventManager : Event: ======'machine_var_audits_switches_s_flipper_right_upper'====== Args={'value': 1077, 'prev_value': 1076, 'change': 1}
2026-03-03 17:13:23,264 : INFO : SwitchController : <<<<<<< 's_flipper_right_upper' inactive >>>>>>>
2026-03-03 17:13:23,444 : INFO : SwitchController : <<<<<<< 's_flipper_right_upper' active >>>>>>>
2026-03-03 17:13:23,445 : INFO : EventManager : Event: ======'machine_var_audits_switches_s_flipper_right_upper'====== Args={'value': 1078, 'prev_value': 1077, 'change': 1}
2026-03-03 17:13:23,579 : INFO : SwitchController : <<<<<<< 's_flipper_right_upper' inactive >>>>>>>
2026-03-03 17:13:23,957 : INFO : SwitchController : <<<<<<< 's_flipper_right_upper' active >>>>>>>
2026-03-03 17:13:23,957 : INFO : EventManager : Event: ======'machine_var_audits_switches_s_flipper_right_upper'====== Args={'value': 1079, 'prev_value': 1078, 'change': 1}
2026-03-03 17:13:24,061 : INFO : SwitchController : <<<<<<< 's_flipper_right_upper' inactive >>>>>>>
2026-03-03 17:13:24,272 : INFO : SwitchController : <<<<<<< 's_flipper_right_upper' active >>>>>>>
2026-03-03 17:13:24,272 : INFO : EventManager : Event: ======'machine_var_audits_switches_s_flipper_right_upper'====== Args={'value': 1080, 'prev_value': 1079, 'change': 1}
2026-03-03 17:13:24,342 : INFO : SwitchController : <<<<<<< 's_flipper_right_upper' inactive >>>>>>>
2026-03-03 17:14:12,446 : INFO : SwitchController : <<<<<<< 's_flipper_right_lower' active >>>>>>>
2026-03-03 17:14:12,446 : INFO : EventManager : Event: ======'machine_var_audits_switches_s_flipper_right_lower'====== Args={'value': 1120, 'prev_value': 1119, 'change': 1}
2026-03-03 17:14:12,549 : INFO : SwitchController : <<<<<<< 's_flipper_right_lower' inactive >>>>>>>
2026-03-03 17:14:13,048 : INFO : SwitchController : <<<<<<< 's_flipper_right_lower' active >>>>>>>
2026-03-03 17:14:13,048 : INFO : EventManager : Event: ======'machine_var_audits_switches_s_flipper_right_lower'====== Args={'value': 1121, 'prev_value': 1120, 'change': 1}
2026-03-03 17:14:13,157 : INFO : SwitchController : <<<<<<< 's_flipper_right_lower' inactive >>>>>>>
2026-03-03 17:14:13,472 : INFO : SwitchController : <<<<<<< 's_flipper_right_lower' active >>>>>>>
2026-03-03 17:14:13,472 : INFO : EventManager : Event: ======'machine_var_audits_switches_s_flipper_right_lower'====== Args={'value': 1122, 'prev_value': 1121, 'change': 1}
2026-03-03 17:14:13,594 : INFO : SwitchController : <<<<<<< 's_flipper_right_lower' inactive >>>>>>>
2026-03-03 17:14:13,881 : INFO : SwitchController : <<<<<<< 's_flipper_right_lower' active >>>>>>>
2026-03-03 17:14:13,881 : INFO : EventManager : Event: ======'machine_var_audits_switches_s_flipper_right_lower'====== Args={'value': 1123, 'prev_value': 1122, 'change': 1}
2026-03-03 17:14:14,002 : INFO : SwitchController : <<<<<<< 's_flipper_right_lower' inactive >>>>>>>
2026-03-03 17:14:14,274 : INFO : SwitchController : <<<<<<< 's_flipper_right_lower' active >>>>>>>
2026-03-03 17:14:14,275 : INFO : EventManager : Event: ======'machine_var_audits_switches_s_flipper_right_lower'====== Args={'value': 1124, 'prev_value': 1123, 'change': 1}
2026-03-03 17:14:14,369 : INFO : SwitchController : <<<<<<< 's_flipper_right_lower' inactive >>>>>>>
2026-03-03 17:14:14,689 : INFO : SwitchController : <<<<<<< 's_flipper_right_lower' active >>>>>>>
2026-03-03 17:14:14,690 : INFO : EventManager : Event: ======'machine_var_audits_switches_s_flipper_right_lower'====== Args={'value': 1125, 'prev_value': 1124, 'change': 1}
2026-03-03 17:14:14,805 : INFO : SwitchController : <<<<<<< 's_flipper_right_lower' inactive >>>>>>>
2026-03-03 17:14:15,453 : INFO : SwitchController : <<<<<<< 's_flipper_right_lower' active >>>>>>>
2026-03-03 17:14:15,454 : INFO : EventManager : Event: ======'machine_var_audits_switches_s_flipper_right_lower'====== Args={'value': 1126, 'prev_value': 1125, 'change': 1}
2026-03-03 17:14:15,582 : INFO : SwitchController : <<<<<<< 's_flipper_right_lower' inactive >>>>>>>
2026-03-03 17:14:15,967 : INFO : SwitchController : <<<<<<< 's_flipper_right_lower' active >>>>>>>
2026-03-03 17:14:15,968 : INFO : EventManager : Event: ======'machine_var_audits_switches_s_flipper_right_lower'====== Args={'value': 1127, 'prev_value': 1126, 'change': 1}
2026-03-03 17:14:16,127 : INFO : SwitchController : <<<<<<< 's_flipper_right_lower' inactive >>>>>>>
2026-03-03 17:14:16,444 : INFO : SwitchController : <<<<<<< 's_flipper_right_lower' active >>>>>>>
2026-03-03 17:14:16,445 : INFO : EventManager : Event: ======'machine_var_audits_switches_s_flipper_right_lower'====== Args={'value': 1128, 'prev_value': 1127, 'change': 1}
2026-03-03 17:14:16,565 : INFO : SwitchController : <<<<<<< 's_flipper_right_lower' inactive >>>>>>>
2026-03-03 17:14:16,904 : INFO : SwitchController : <<<<<<< 's_flipper_right_lower' active >>>>>>>
2026-03-03 17:14:16,904 : INFO : EventManager : Event: ======'machine_var_audits_switches_s_flipper_right_lower'====== Args={'value': 1129, 'prev_value': 1128, 'change': 1}
2026-03-03 17:14:17,023 : INFO : SwitchController : <<<<<<< 's_flipper_right_lower' inactive >>>>>>>
2026-03-03 17:14:17,349 : INFO : SwitchController : <<<<<<< 's_flipper_right_lower' active >>>>>>>
2026-03-03 17:14:17,349 : INFO : EventManager : Event: ======'machine_var_audits_switches_s_flipper_right_lower'====== Args={'value': 1130, 'prev_value': 1129, 'change': 1}
2026-03-03 17:14:17,441 : INFO : SwitchController : <<<<<<< 's_flipper_right_lower' inactive >>>>>>>
2026-03-03 17:14:34,581 : INFO : SwitchController : <<<<<<< 's_flipper_right_lower' active >>>>>>>
2026-03-03 17:14:34,581 : INFO : EventManager : Event: ======'machine_var_audits_switches_s_flipper_right_lower'====== Args={'value': 1131, 'prev_value': 1130, 'change': 1}
2026-03-03 17:14:34,644 : INFO : SwitchController : <<<<<<< 's_flipper_right_lower' inactive >>>>>>>
2026-03-03 17:14:35,003 : INFO : SwitchController : <<<<<<< 's_flipper_right_lower' active >>>>>>>
2026-03-03 17:14:35,003 : INFO : EventManager : Event: ======'machine_var_audits_switches_s_flipper_right_lower'====== Args={'value': 1132, 'prev_value': 1131, 'change': 1}
2026-03-03 17:14:35,053 : INFO : SwitchController : <<<<<<< 's_flipper_right_lower' inactive >>>>>>>
2026-03-03 17:14:35,368 : INFO : SwitchController : <<<<<<< 's_flipper_right_lower' active >>>>>>>
2026-03-03 17:14:35,368 : INFO : EventManager : Event: ======'machine_var_audits_switches_s_flipper_right_lower'====== Args={'value': 1133, 'prev_value': 1132, 'change': 1}
2026-03-03 17:14:35,428 : INFO : SwitchController : <<<<<<< 's_flipper_right_lower' inactive >>>>>>>
2026-03-03 17:14:35,719 : INFO : SwitchController : <<<<<<< 's_flipper_right_lower' active >>>>>>>
2026-03-03 17:14:35,719 : INFO : EventManager : Event: ======'machine_var_audits_switches_s_flipper_right_lower'====== Args={'value': 1134, 'prev_value': 1133, 'change': 1}
2026-03-03 17:14:35,782 : INFO : SwitchController : <<<<<<< 's_flipper_right_lower' inactive >>>>>>>
2026-03-03 17:14:36,058 : INFO : SwitchController : <<<<<<< 's_flipper_right_lower' active >>>>>>>
2026-03-03 17:14:36,059 : INFO : EventManager : Event: ======'machine_var_audits_switches_s_flipper_right_lower'====== Args={'value': 1135, 'prev_value': 1134, 'change': 1}
2026-03-03 17:14:36,108 : INFO : SwitchController : <<<<<<< 's_flipper_right_lower' inactive >>>>>>>
2026-03-03 17:14:36,417 : INFO : SwitchController : <<<<<<< 's_flipper_right_lower' active >>>>>>>
2026-03-03 17:14:36,417 : INFO : EventManager : Event: ======'machine_var_audits_switches_s_flipper_right_lower'====== Args={'value': 1136, 'prev_value': 1135, 'change': 1}
2026-03-03 17:14:36,486 : INFO : SwitchController : <<<<<<< 's_flipper_right_lower' inactive >>>>>>>
2026-03-03 17:14:36,823 : INFO : SwitchController : <<<<<<< 's_flipper_right_lower' active >>>>>>>
2026-03-03 17:14:36,823 : INFO : EventManager : Event: ======'machine_var_audits_switches_s_flipper_right_lower'====== Args={'value': 1137, 'prev_value': 1136, 'change': 1}
2026-03-03 17:14:36,900 : INFO : SwitchController : <<<<<<< 's_flipper_right_lower' inactive >>>>>>>
2026-03-03 17:14:37,220 : INFO : SwitchController : <<<<<<< 's_flipper_right_lower' active >>>>>>>
2026-03-03 17:14:37,221 : INFO : EventManager : Event: ======'machine_var_audits_switches_s_flipper_right_lower'====== Args={'value': 1138, 'prev_value': 1137, 'change': 1}
2026-03-03 17:14:37,282 : INFO : SwitchController : <<<<<<< 's_flipper_right_lower' inactive >>>>>>>
2026-03-03 17:14:37,567 : INFO : SwitchController : <<<<<<< 's_flipper_right_lower' active >>>>>>>
2026-03-03 17:14:37,567 : INFO : EventManager : Event: ======'machine_var_audits_switches_s_flipper_right_lower'====== Args={'value': 1139, 'prev_value': 1138, 'change': 1}
2026-03-03 17:14:37,632 : INFO : SwitchController : <<<<<<< 's_flipper_right_lower' inactive >>>>>>>
2026-03-03 17:14:37,893 : INFO : SwitchController : <<<<<<< 's_flipper_right_lower' active >>>>>>>
2026-03-03 17:14:37,893 : INFO : EventManager : Event: ======'machine_var_audits_switches_s_flipper_right_lower'====== Args={'value': 1140, 'prev_value': 1139, 'change': 1}
2026-03-03 17:14:37,937 : INFO : SwitchController : <<<<<<< 's_flipper_right_lower' inactive >>>>>>>
2026-03-03 17:14:38,145 : INFO : SwitchController : <<<<<<< 's_flipper_right_lower' active >>>>>>>
2026-03-03 17:14:38,145 : INFO : EventManager : Event: ======'machine_var_audits_switches_s_flipper_right_lower'====== Args={'value': 1141, 'prev_value': 1140, 'change': 1}
2026-03-03 17:14:38,167 : INFO : SwitchController : <<<<<<< 's_flipper_right_lower' inactive >>>>>>>
2026-03-03 17:14:38,334 : INFO : SwitchController : <<<<<<< 's_flipper_right_lower' active >>>>>>>
2026-03-03 17:14:38,334 : INFO : EventManager : Event: ======'machine_var_audits_switches_s_flipper_right_lower'====== Args={'value': 1142, 'prev_value': 1141, 'change': 1}
2026-03-03 17:14:38,353 : INFO : SwitchController : <<<<<<< 's_flipper_right_lower' inactive >>>>>>>
2026-03-03 17:14:38,510 : INFO : SwitchController : <<<<<<< 's_flipper_right_lower' active >>>>>>>
2026-03-03 17:14:38,511 : INFO : EventManager : Event: ======'machine_var_audits_switches_s_flipper_right_lower'====== Args={'value': 1143, 'prev_value': 1142, 'change': 1}
2026-03-03 17:14:38,516 : INFO : SwitchController : <<<<<<< 's_flipper_right_lower' inactive >>>>>>>
2026-03-03 17:14:38,663 : INFO : SwitchController : <<<<<<< 's_flipper_right_lower' active >>>>>>>
2026-03-03 17:14:38,664 : INFO : EventManager : Event: ======'machine_var_audits_switches_s_flipper_right_lower'====== Args={'value': 1144, 'prev_value': 1143, 'change': 1}
2026-03-03 17:14:38,672 : INFO : SwitchController : <<<<<<< 's_flipper_right_lower' inactive >>>>>>>
2026-03-03 17:14:38,812 : INFO : SwitchController : <<<<<<< 's_flipper_right_lower' active >>>>>>>
2026-03-03 17:14:38,813 : INFO : EventManager : Event: ======'machine_var_audits_switches_s_flipper_right_lower'====== Args={'value': 1145, 'prev_value': 1144, 'change': 1}
2026-03-03 17:14:38,876 : INFO : SwitchController : <<<<<<< 's_flipper_right_lower' inactive >>>>>>>
2026-03-03 17:14:38,993 : INFO : SwitchController : <<<<<<< 's_flipper_right_lower' active >>>>>>>
2026-03-03 17:14:38,993 : INFO : EventManager : Event: ======'machine_var_audits_switches_s_flipper_right_lower'====== Args={'value': 1146, 'prev_value': 1145, 'change': 1}
2026-03-03 17:14:39,043 : INFO : SwitchController : <<<<<<< 's_flipper_right_lower' inactive >>>>>>>
2026-03-03 17:14:39,173 : INFO : SwitchController : <<<<<<< 's_flipper_right_lower' active >>>>>>>
2026-03-03 17:14:39,173 : INFO : EventManager : Event: ======'machine_var_audits_switches_s_flipper_right_lower'====== Args={'value': 1147, 'prev_value': 1146, 'change': 1}
2026-03-03 17:14:39,218 : INFO : SwitchController : <<<<<<< 's_flipper_right_lower' inactive >>>>>>>
2026-03-03 17:14:39,346 : INFO : SwitchController : <<<<<<< 's_flipper_right_lower' active >>>>>>>
2026-03-03 17:14:39,346 : INFO : EventManager : Event: ======'machine_var_audits_switches_s_flipper_right_lower'====== Args={'value': 1148, 'prev_value': 1147, 'change': 1}
2026-03-03 17:14:39,374 : INFO : SwitchController : <<<<<<< 's_flipper_right_lower' inactive >>>>>>>
2026-03-03 17:14:39,499 : INFO : SwitchController : <<<<<<< 's_flipper_right_lower' active >>>>>>>
2026-03-03 17:14:39,500 : INFO : EventManager : Event: ======'machine_var_audits_switches_s_flipper_right_lower'====== Args={'value': 1149, 'prev_value': 1148, 'change': 1}
2026-03-03 17:14:39,523 : INFO : SwitchController : <<<<<<< 's_flipper_right_lower' inactive >>>>>>>
2026-03-03 17:14:39,661 : INFO : SwitchController : <<<<<<< 's_flipper_right_lower' active >>>>>>>
2026-03-03 17:14:39,661 : INFO : EventManager : Event: ======'machine_var_audits_switches_s_flipper_right_lower'====== Args={'value': 1150, 'prev_value': 1149, 'change': 1}
2026-03-03 17:14:39,690 : INFO : SwitchController : <<<<<<< 's_flipper_right_lower' inactive >>>>>>>
2026-03-03 17:14:39,791 : INFO : SwitchController : <<<<<<< 's_flipper_right_lower' active >>>>>>>
2026-03-03 17:14:39,792 : INFO : EventManager : Event: ======'machine_var_audits_switches_s_flipper_right_lower'====== Args={'value': 1151, 'prev_value': 1150, 'change': 1}
2026-03-03 17:14:39,840 : INFO : SwitchController : <<<<<<< 's_flipper_right_lower' inactive >>>>>>>
2026-03-03 17:14:39,954 : INFO : SwitchController : <<<<<<< 's_flipper_right_lower' active >>>>>>>
2026-03-03 17:14:39,955 : INFO : EventManager : Event: ======'machine_var_audits_switches_s_flipper_right_lower'====== Args={'value': 1152, 'prev_value': 1151, 'change': 1}
2026-03-03 17:14:39,996 : INFO : SwitchController : <<<<<<< 's_flipper_right_lower' inactive >>>>>>>
2026-03-03 17:14:40,107 : INFO : SwitchController : <<<<<<< 's_flipper_right_lower' active >>>>>>>
2026-03-03 17:14:40,107 : INFO : EventManager : Event: ======'machine_var_audits_switches_s_flipper_right_lower'====== Args={'value': 1153, 'prev_value': 1152, 'change': 1}
2026-03-03 17:14:40,154 : INFO : SwitchController : <<<<<<< 's_flipper_right_lower' inactive >>>>>>>
2026-03-03 17:14:40,257 : INFO : SwitchController : <<<<<<< 's_flipper_right_lower' active >>>>>>>
2026-03-03 17:14:40,258 : INFO : EventManager : Event: ======'machine_var_audits_switches_s_flipper_right_lower'====== Args={'value': 1154, 'prev_value': 1153, 'change': 1}
2026-03-03 17:14:40,313 : INFO : SwitchController : <<<<<<< 's_flipper_right_lower' inactive >>>>>>>
2026-03-03 17:14:40,419 : INFO : SwitchController : <<<<<<< 's_flipper_right_lower' active >>>>>>>
2026-03-03 17:14:40,419 : INFO : EventManager : Event: ======'machine_var_audits_switches_s_flipper_right_lower'====== Args={'value': 1155, 'prev_value': 1154, 'change': 1}
2026-03-03 17:14:40,473 : INFO : SwitchController : <<<<<<< 's_flipper_right_lower' inactive >>>>>>>
2026-03-03 17:14:40,576 : INFO : SwitchController : <<<<<<< 's_flipper_right_lower' active >>>>>>>
2026-03-03 17:14:40,576 : INFO : EventManager : Event: ======'machine_var_audits_switches_s_flipper_right_lower'====== Args={'value': 1156, 'prev_value': 1155, 'change': 1}
2026-03-03 17:14:40,638 : INFO : SwitchController : <<<<<<< 's_flipper_right_lower' inactive >>>>>>>
2026-03-03 17:14:40,751 : INFO : SwitchController : <<<<<<< 's_flipper_right_lower' active >>>>>>>
2026-03-03 17:14:40,751 : INFO : EventManager : Event: ======'machine_var_audits_switches_s_flipper_right_lower'====== Args={'value': 1157, 'prev_value': 1156, 'change': 1}
2026-03-03 17:14:40,801 : INFO : SwitchController : <<<<<<< 's_flipper_right_lower' inactive >>>>>>>
2026-03-03 17:14:40,937 : INFO : SwitchController : <<<<<<< 's_flipper_right_lower' active >>>>>>>
2026-03-03 17:14:40,937 : INFO : EventManager : Event: ======'machine_var_audits_switches_s_flipper_right_lower'====== Args={'value': 1158, 'prev_value': 1157, 'change': 1}
2026-03-03 17:14:40,997 : INFO : SwitchController : <<<<<<< 's_flipper_right_lower' inactive >>>>>>>
2026-03-03 17:14:41,157 : INFO : SwitchController : <<<<<<< 's_flipper_right_lower' active >>>>>>>
2026-03-03 17:14:41,157 : INFO : EventManager : Event: ======'machine_var_audits_switches_s_flipper_right_lower'====== Args={'value': 1159, 'prev_value': 1158, 'change': 1}
2026-03-03 17:14:41,220 : INFO : SwitchController : <<<<<<< 's_flipper_right_lower' inactive >>>>>>>
2026-03-03 17:14:41,381 : INFO : SwitchController : <<<<<<< 's_flipper_right_lower' active >>>>>>>
2026-03-03 17:14:41,382 : INFO : EventManager : Event: ======'machine_var_audits_switches_s_flipper_right_lower'====== Args={'value': 1160, 'prev_value': 1159, 'change': 1}
2026-03-03 17:14:41,430 : INFO : SwitchController : <<<<<<< 's_flipper_right_lower' inactive >>>>>>>
2026-03-03 17:14:41,595 : INFO : SwitchController : <<<<<<< 's_flipper_right_lower' active >>>>>>>
2026-03-03 17:14:41,595 : INFO : EventManager : Event: ======'machine_var_audits_switches_s_flipper_right_lower'====== Args={'value': 1161, 'prev_value': 1160, 'change': 1}
2026-03-03 17:14:41,648 : INFO : SwitchController : <<<<<<< 's_flipper_right_lower' inactive >>>>>>>
2026-03-03 17:14:41,834 : INFO : SwitchController : <<<<<<< 's_flipper_right_lower' active >>>>>>>
2026-03-03 17:14:41,834 : INFO : EventManager : Event: ======'machine_var_audits_switches_s_flipper_right_lower'====== Args={'value': 1162, 'prev_value': 1161, 'change': 1}
2026-03-03 17:14:41,890 : INFO : SwitchController : <<<<<<< 's_flipper_right_lower' inactive >>>>>>>
2026-03-03 17:14:42,062 : INFO : SwitchController : <<<<<<< 's_flipper_right_lower' active >>>>>>>
2026-03-03 17:14:42,063 : INFO : EventManager : Event: ======'machine_var_audits_switches_s_flipper_right_lower'====== Args={'value': 1163, 'prev_value': 1162, 'change': 1}
2026-03-03 17:14:42,115 : INFO : SwitchController : <<<<<<< 's_flipper_right_lower' inactive >>>>>>>
2026-03-03 17:14:42,283 : INFO : SwitchController : <<<<<<< 's_flipper_right_lower' active >>>>>>>
2026-03-03 17:14:42,283 : INFO : EventManager : Event: ======'machine_var_audits_switches_s_flipper_right_lower'====== Args={'value': 1164, 'prev_value': 1163, 'change': 1}
2026-03-03 17:14:42,338 : INFO : SwitchController : <<<<<<< 's_flipper_right_lower' inactive >>>>>>>
2026-03-03 17:14:42,513 : INFO : SwitchController : <<<<<<< 's_flipper_right_lower' active >>>>>>>
2026-03-03 17:14:42,514 : INFO : EventManager : Event: ======'machine_var_audits_switches_s_flipper_right_lower'====== Args={'value': 1165, 'prev_value': 1164, 'change': 1}
2026-03-03 17:14:42,562 : INFO : SwitchController : <<<<<<< 's_flipper_right_lower' inactive >>>>>>>
2026-03-03 17:14:42,740 : INFO : SwitchController : <<<<<<< 's_flipper_right_lower' active >>>>>>>
2026-03-03 17:14:42,740 : INFO : EventManager : Event: ======'machine_var_audits_switches_s_flipper_right_lower'====== Args={'value': 1166, 'prev_value': 1165, 'change': 1}
2026-03-03 17:14:42,833 : INFO : SwitchController : <<<<<<< 's_flipper_right_lower' inactive >>>>>>>
2026-03-03 17:14:45,937 : INFO : SwitchController : <<<<<<< 's_flipper_right_lower' active >>>>>>>
2026-03-03 17:14:45,937 : INFO : EventManager : Event: ======'machine_var_audits_switches_s_flipper_right_lower'====== Args={'value': 1167, 'prev_value': 1166, 'change': 1}
2026-03-03 17:14:46,009 : INFO : SwitchController : <<<<<<< 's_flipper_right_lower' inactive >>>>>>>
2026-03-03 17:14:46,254 : INFO : SwitchController : <<<<<<< 's_flipper_right_lower' active >>>>>>>
2026-03-03 17:14:46,254 : INFO : EventManager : Event: ======'machine_var_audits_switches_s_flipper_right_lower'====== Args={'value': 1168, 'prev_value': 1167, 'change': 1}
2026-03-03 17:14:46,343 : INFO : SwitchController : <<<<<<< 's_flipper_right_lower' inactive >>>>>>>
2026-03-03 17:14:46,535 : INFO : SwitchController : <<<<<<< 's_flipper_right_lower' active >>>>>>>
2026-03-03 17:14:46,535 : INFO : EventManager : Event: ======'machine_var_audits_switches_s_flipper_right_lower'====== Args={'value': 1169, 'prev_value': 1168, 'change': 1}
2026-03-03 17:14:46,609 : INFO : SwitchController : <<<<<<< 's_flipper_right_lower' inactive >>>>>>>
2026-03-03 17:14:46,787 : INFO : SwitchController : <<<<<<< 's_flipper_right_lower' active >>>>>>>
2026-03-03 17:14:46,787 : INFO : EventManager : Event: ======'machine_var_audits_switches_s_flipper_right_lower'====== Args={'value': 1170, 'prev_value': 1169, 'change': 1}
2026-03-03 17:14:46,855 : INFO : SwitchController : <<<<<<< 's_flipper_right_lower' inactive >>>>>>>
2026-03-03 17:14:47,043 : INFO : SwitchController : <<<<<<< 's_flipper_right_lower' active >>>>>>>
2026-03-03 17:14:47,043 : INFO : EventManager : Event: ======'machine_var_audits_switches_s_flipper_right_lower'====== Args={'value': 1171, 'prev_value': 1170, 'change': 1}
2026-03-03 17:14:47,109 : INFO : SwitchController : <<<<<<< 's_flipper_right_lower' inactive >>>>>>>
2026-03-03 17:14:59,860 : INFO : SwitchController : <<<<<<< 's_flipper_right_lower' active >>>>>>>
2026-03-03 17:14:59,860 : INFO : EventManager : Event: ======'machine_var_audits_switches_s_flipper_right_lower'====== Args={'value': 1172, 'prev_value': 1171, 'change': 1}
2026-03-03 17:14:59,908 : INFO : SwitchController : <<<<<<< 's_flipper_right_lower' inactive >>>>>>>
2026-03-03 17:15:00,182 : INFO : SwitchController : <<<<<<< 's_flipper_right_lower' active >>>>>>>
2026-03-03 17:15:00,182 : INFO : EventManager : Event: ======'machine_var_audits_switches_s_flipper_right_lower'====== Args={'value': 1173, 'prev_value': 1172, 'change': 1}
2026-03-03 17:15:00,186 : INFO : SwitchController : <<<<<<< 's_flipper_right_lower' inactive >>>>>>>
2026-03-03 17:15:00,192 : INFO : SwitchController : <<<<<<< 's_flipper_right_lower' active >>>>>>>
2026-03-03 17:15:00,192 : INFO : EventManager : Event: ======'machine_var_audits_switches_s_flipper_right_lower'====== Args={'value': 1174, 'prev_value': 1173, 'change': 1}
2026-03-03 17:15:00,242 : INFO : SwitchController : <<<<<<< 's_flipper_right_lower' inactive >>>>>>>
2026-03-03 17:15:00,455 : INFO : SwitchController : <<<<<<< 's_flipper_right_lower' active >>>>>>>
2026-03-03 17:15:00,455 : INFO : EventManager : Event: ======'machine_var_audits_switches_s_flipper_right_lower'====== Args={'value': 1175, 'prev_value': 1174, 'change': 1}
2026-03-03 17:15:00,459 : INFO : SwitchController : <<<<<<< 's_flipper_right_lower' inactive >>>>>>>
2026-03-03 17:15:00,461 : INFO : SwitchController : <<<<<<< 's_flipper_right_lower' active >>>>>>>
2026-03-03 17:15:00,461 : INFO : EventManager : Event: ======'machine_var_audits_switches_s_flipper_right_lower'====== Args={'value': 1176, 'prev_value': 1175, 'change': 1}
2026-03-03 17:15:00,488 : INFO : SwitchController : <<<<<<< 's_flipper_right_lower' inactive >>>>>>>
2026-03-03 17:15:00,667 : INFO : SwitchController : <<<<<<< 's_flipper_right_lower' active >>>>>>>
2026-03-03 17:15:00,668 : INFO : EventManager : Event: ======'machine_var_audits_switches_s_flipper_right_lower'====== Args={'value': 1177, 'prev_value': 1176, 'change': 1}
2026-03-03 17:15:00,669 : INFO : SwitchController : <<<<<<< 's_flipper_right_lower' inactive >>>>>>>
2026-03-03 17:15:00,675 : INFO : SwitchController : <<<<<<< 's_flipper_right_lower' active >>>>>>>
2026-03-03 17:15:00,675 : INFO : EventManager : Event: ======'machine_var_audits_switches_s_flipper_right_lower'====== Args={'value': 1178, 'prev_value': 1177, 'change': 1}
2026-03-03 17:15:00,713 : INFO : SwitchController : <<<<<<< 's_flipper_right_lower' inactive >>>>>>>
2026-03-03 17:15:00,876 : INFO : SwitchController : <<<<<<< 's_flipper_right_lower' active >>>>>>>
2026-03-03 17:15:00,876 : INFO : EventManager : Event: ======'machine_var_audits_switches_s_flipper_right_lower'====== Args={'value': 1179, 'prev_value': 1178, 'change': 1}
2026-03-03 17:15:00,886 : INFO : SwitchController : <<<<<<< 's_flipper_right_lower' inactive >>>>>>>
2026-03-03 17:15:00,889 : INFO : SwitchController : <<<<<<< 's_flipper_right_lower' active >>>>>>>
2026-03-03 17:15:00,889 : INFO : EventManager : Event: ======'machine_var_audits_switches_s_flipper_right_lower'====== Args={'value': 1180, 'prev_value': 1179, 'change': 1}
2026-03-03 17:15:00,937 : INFO : SwitchController : <<<<<<< 's_flipper_right_lower' inactive >>>>>>>
2026-03-03 17:15:01,086 : INFO : SwitchController : <<<<<<< 's_flipper_right_lower' active >>>>>>>
2026-03-03 17:15:01,087 : INFO : EventManager : Event: ======'machine_var_audits_switches_s_flipper_right_lower'====== Args={'value': 1181, 'prev_value': 1180, 'change': 1}
2026-03-03 17:15:01,089 : INFO : SwitchController : <<<<<<< 's_flipper_right_lower' inactive >>>>>>>
2026-03-03 17:15:01,095 : INFO : SwitchController : <<<<<<< 's_flipper_right_lower' active >>>>>>>
2026-03-03 17:15:01,095 : INFO : EventManager : Event: ======'machine_var_audits_switches_s_flipper_right_lower'====== Args={'value': 1182, 'prev_value': 1181, 'change': 1}
2026-03-03 17:15:01,135 : INFO : SwitchController : <<<<<<< 's_flipper_right_lower' inactive >>>>>>>
2026-03-03 17:15:01,272 : INFO : SwitchController : <<<<<<< 's_flipper_right_lower' active >>>>>>>
2026-03-03 17:15:01,273 : INFO : EventManager : Event: ======'machine_var_audits_switches_s_flipper_right_lower'====== Args={'value': 1183, 'prev_value': 1182, 'change': 1}
2026-03-03 17:15:01,275 : INFO : SwitchController : <<<<<<< 's_flipper_right_lower' inactive >>>>>>>
2026-03-03 17:15:01,286 : INFO : SwitchController : <<<<<<< 's_flipper_right_lower' active >>>>>>>
2026-03-03 17:15:01,286 : INFO : EventManager : Event: ======'machine_var_audits_switches_s_flipper_right_lower'====== Args={'value': 1184, 'prev_value': 1183, 'change': 1}
2026-03-03 17:15:01,288 : INFO : SwitchController : <<<<<<< 's_flipper_right_lower' inactive >>>>>>>
2026-03-03 17:15:01,293 : INFO : SwitchController : <<<<<<< 's_flipper_right_lower' active >>>>>>>
2026-03-03 17:15:01,293 : INFO : EventManager : Event: ======'machine_var_audits_switches_s_flipper_right_lower'====== Args={'value': 1185, 'prev_value': 1184, 'change': 1}
2026-03-03 17:15:01,308 : INFO : SwitchController : <<<<<<< 's_flipper_right_lower' inactive >>>>>>>
2026-03-03 17:15:01,459 : INFO : SwitchController : <<<<<<< 's_flipper_right_lower' active >>>>>>>
2026-03-03 17:15:01,459 : INFO : EventManager : Event: ======'machine_var_audits_switches_s_flipper_right_lower'====== Args={'value': 1186, 'prev_value': 1185, 'change': 1}
2026-03-03 17:15:01,462 : INFO : SwitchController : <<<<<<< 's_flipper_right_lower' inactive >>>>>>>
2026-03-03 17:15:01,472 : INFO : SwitchController : <<<<<<< 's_flipper_right_lower' active >>>>>>>
2026-03-03 17:15:01,472 : INFO : EventManager : Event: ======'machine_var_audits_switches_s_flipper_right_lower'====== Args={'value': 1187, 'prev_value': 1186, 'change': 1}
2026-03-03 17:15:01,475 : INFO : SwitchController : <<<<<<< 's_flipper_right_lower' inactive >>>>>>>
2026-03-03 17:15:01,480 : INFO : SwitchController : <<<<<<< 's_flipper_right_lower' active >>>>>>>
2026-03-03 17:15:01,480 : INFO : EventManager : Event: ======'machine_var_audits_switches_s_flipper_right_lower'====== Args={'value': 1188, 'prev_value': 1187, 'change': 1}
2026-03-03 17:15:01,502 : INFO : SwitchController : <<<<<<< 's_flipper_right_lower' inactive >>>>>>>
2026-03-03 17:15:01,657 : INFO : SwitchController : <<<<<<< 's_flipper_right_lower' active >>>>>>>
2026-03-03 17:15:01,658 : INFO : EventManager : Event: ======'machine_var_audits_switches_s_flipper_right_lower'====== Args={'value': 1189, 'prev_value': 1188, 'change': 1}
2026-03-03 17:15:01,701 : INFO : SwitchController : <<<<<<< 's_flipper_right_lower' inactive >>>>>>>
2026-03-03 17:15:02,225 : INFO : SwitchController : <<<<<<< 's_flipper_right_lower' active >>>>>>>
2026-03-03 17:15:02,226 : INFO : EventManager : Event: ======'machine_var_audits_switches_s_flipper_right_lower'====== Args={'value': 1190, 'prev_value': 1189, 'change': 1}
2026-03-03 17:15:02,280 : INFO : SwitchController : <<<<<<< 's_flipper_right_lower' inactive >>>>>>>
2026-03-03 17:15:02,683 : INFO : SwitchController : <<<<<<< 's_flipper_right_lower' active >>>>>>>
2026-03-03 17:15:02,684 : INFO : EventManager : Event: ======'machine_var_audits_switches_s_flipper_right_lower'====== Args={'value': 1191, 'prev_value': 1190, 'change': 1}
2026-03-03 17:15:02,754 : INFO : SwitchController : <<<<<<< 's_flipper_right_lower' inactive >>>>>>>
2026-03-03 17:15:03,609 : INFO : SwitchController : <<<<<<< 's_flipper_right_lower' active >>>>>>>
2026-03-03 17:15:03,609 : INFO : EventManager : Event: ======'machine_var_audits_switches_s_flipper_right_lower'====== Args={'value': 1192, 'prev_value': 1191, 'change': 1}
2026-03-03 17:15:03,679 : INFO : SwitchController : <<<<<<< 's_flipper_right_lower' inactive >>>>>>>
2026-03-03 17:15:03,908 : INFO : SwitchController : <<<<<<< 's_flipper_right_lower' active >>>>>>>
2026-03-03 17:15:03,909 : INFO : EventManager : Event: ======'machine_var_audits_switches_s_flipper_right_lower'====== Args={'value': 1193, 'prev_value': 1192, 'change': 1}
2026-03-03 17:15:03,980 : INFO : SwitchController : <<<<<<< 's_flipper_right_lower' inactive >>>>>>>
2026-03-03 17:15:04,162 : INFO : SwitchController : <<<<<<< 's_flipper_right_lower' active >>>>>>>
2026-03-03 17:15:04,163 : INFO : EventManager : Event: ======'machine_var_audits_switches_s_flipper_right_lower'====== Args={'value': 1194, 'prev_value': 1193, 'change': 1}
2026-03-03 17:15:04,248 : INFO : SwitchController : <<<<<<< 's_flipper_right_lower' inactive >>>>>>>
2026-03-03 17:15:06,354 : INFO : SwitchController : <<<<<<< 's_flipper_right_lower' active >>>>>>>
2026-03-03 17:15:06,354 : INFO : EventManager : Event: ======'machine_var_audits_switches_s_flipper_right_lower'====== Args={'value': 1195, 'prev_value': 1194, 'change': 1}
2026-03-03 17:15:06,458 : INFO : SwitchController : <<<<<<< 's_flipper_right_lower' inactive >>>>>>>
2026-03-03 17:16:26,986 : INFO : SwitchController : <<<<<<< 's_flipper_right_upper' active >>>>>>>
2026-03-03 17:16:26,987 : INFO : EventManager : Event: ======'machine_var_audits_switches_s_flipper_right_upper'====== Args={'value': 1081, 'prev_value': 1080, 'change': 1}
2026-03-03 17:16:27,114 : INFO : SwitchController : <<<<<<< 's_flipper_right_upper' inactive >>>>>>>
2026-03-03 17:16:27,600 : INFO : SwitchController : <<<<<<< 's_flipper_right_upper' active >>>>>>>
2026-03-03 17:16:27,601 : INFO : EventManager : Event: ======'machine_var_audits_switches_s_flipper_right_upper'====== Args={'value': 1082, 'prev_value': 1081, 'change': 1}
2026-03-03 17:16:27,736 : INFO : SwitchController : <<<<<<< 's_flipper_right_upper' inactive >>>>>>>
2026-03-03 17:16:28,060 : INFO : SwitchController : <<<<<<< 's_flipper_right_upper' active >>>>>>>
2026-03-03 17:16:28,061 : INFO : EventManager : Event: ======'machine_var_audits_switches_s_flipper_right_upper'====== Args={'value': 1083, 'prev_value': 1082, 'change': 1}
2026-03-03 17:16:28,170 : INFO : SwitchController : <<<<<<< 's_flipper_right_upper' inactive >>>>>>>
2026-03-03 17:16:28,441 : INFO : SwitchController : <<<<<<< 's_flipper_right_upper' active >>>>>>>
2026-03-03 17:16:28,441 : INFO : EventManager : Event: ======'machine_var_audits_switches_s_flipper_right_upper'====== Args={'value': 1084, 'prev_value': 1083, 'change': 1}
2026-03-03 17:16:28,542 : INFO : SwitchController : <<<<<<< 's_flipper_right_upper' inactive >>>>>>>
2026-03-03 17:16:28,773 : INFO : SwitchController : <<<<<<< 's_flipper_right_upper' active >>>>>>>
2026-03-03 17:16:28,774 : INFO : EventManager : Event: ======'machine_var_audits_switches_s_flipper_right_upper'====== Args={'value': 1085, 'prev_value': 1084, 'change': 1}
2026-03-03 17:16:28,882 : INFO : SwitchController : <<<<<<< 's_flipper_right_upper' inactive >>>>>>>
2026-03-03 17:17:26,574 : INFO : SwitchController : <<<<<<< 's_flipper_right_upper' active >>>>>>>
2026-03-03 17:17:26,574 : INFO : EventManager : Event: ======'machine_var_audits_switches_s_flipper_right_upper'====== Args={'value': 1086, 'prev_value': 1085, 'change': 1}
2026-03-03 17:17:26,747 : INFO : SwitchController : <<<<<<< 's_flipper_right_upper' inactive >>>>>>>
2026-03-03 17:17:27,392 : INFO : SwitchController : <<<<<<< 's_flipper_right_upper' active >>>>>>>
2026-03-03 17:17:27,393 : INFO : EventManager : Event: ======'machine_var_audits_switches_s_flipper_right_upper'====== Args={'value': 1087, 'prev_value': 1086, 'change': 1}
2026-03-03 17:17:27,523 : INFO : SwitchController : <<<<<<< 's_flipper_right_upper' inactive >>>>>>>
2026-03-03 17:17:27,823 : INFO : SwitchController : <<<<<<< 's_flipper_right_upper' active >>>>>>>
2026-03-03 17:17:27,823 : INFO : EventManager : Event: ======'machine_var_audits_switches_s_flipper_right_upper'====== Args={'value': 1088, 'prev_value': 1087, 'change': 1}
2026-03-03 17:17:27,927 : INFO : SwitchController : <<<<<<< 's_flipper_right_upper' inactive >>>>>>>
2026-03-03 17:17:28,136 : INFO : SwitchController : <<<<<<< 's_flipper_right_upper' active >>>>>>>
2026-03-03 17:17:28,136 : INFO : EventManager : Event: ======'machine_var_audits_switches_s_flipper_right_upper'====== Args={'value': 1089, 'prev_value': 1088, 'change': 1}
2026-03-03 17:17:28,243 : INFO : SwitchController : <<<<<<< 's_flipper_right_upper' inactive >>>>>>>
2026-03-03 17:18:36,017 : INFO : SwitchController : <<<<<<< 's_flipper_right_upper' active >>>>>>>
2026-03-03 17:18:36,018 : INFO : EventManager : Event: ======'machine_var_audits_switches_s_flipper_right_upper'====== Args={'value': 1090, 'prev_value': 1089, 'change': 1}
2026-03-03 17:18:36,166 : INFO : SwitchController : <<<<<<< 's_flipper_right_upper' inactive >>>>>>>
2026-03-03 17:18:36,666 : INFO : SwitchController : <<<<<<< 's_flipper_right_upper' active >>>>>>>
2026-03-03 17:18:36,666 : INFO : EventManager : Event: ======'machine_var_audits_switches_s_flipper_right_upper'====== Args={'value': 1091, 'prev_value': 1090, 'change': 1}
2026-03-03 17:18:36,786 : INFO : SwitchController : <<<<<<< 's_flipper_right_upper' inactive >>>>>>>
2026-03-03 17:18:37,054 : INFO : SwitchController : <<<<<<< 's_flipper_right_upper' active >>>>>>>
2026-03-03 17:18:37,054 : INFO : EventManager : Event: ======'machine_var_audits_switches_s_flipper_right_upper'====== Args={'value': 1092, 'prev_value': 1091, 'change': 1}
2026-03-03 17:18:37,206 : INFO : SwitchController : <<<<<<< 's_flipper_right_upper' inactive >>>>>>>
2026-03-03 17:18:37,394 : INFO : SwitchController : <<<<<<< 's_flipper_right_upper' active >>>>>>>
2026-03-03 17:18:37,394 : INFO : EventManager : Event: ======'machine_var_audits_switches_s_flipper_right_upper'====== Args={'value': 1093, 'prev_value': 1092, 'change': 1}
2026-03-03 17:18:37,569 : INFO : SwitchController : <<<<<<< 's_flipper_right_upper' inactive >>>>>>>
2026-03-03 17:18:37,797 : INFO : SwitchController : <<<<<<< 's_flipper_right_upper' active >>>>>>>
2026-03-03 17:18:37,798 : INFO : EventManager : Event: ======'machine_var_audits_switches_s_flipper_right_upper'====== Args={'value': 1094, 'prev_value': 1093, 'change': 1}
2026-03-03 17:18:38,103 : INFO : SwitchController : <<<<<<< 's_flipper_right_upper' inactive >>>>>>>
2026-03-03 17:18:38,243 : INFO : SwitchController : <<<<<<< 's_flipper_right_upper' active >>>>>>>
2026-03-03 17:18:38,244 : INFO : EventManager : Event: ======'machine_var_audits_switches_s_flipper_right_upper'====== Args={'value': 1095, 'prev_value': 1094, 'change': 1}
2026-03-03 17:18:38,442 : INFO : SwitchController : <<<<<<< 's_flipper_right_upper' inactive >>>>>>>
2026-03-03 17:18:38,529 : INFO : SwitchController : <<<<<<< 's_flipper_right_upper' active >>>>>>>
2026-03-03 17:18:38,529 : INFO : EventManager : Event: ======'machine_var_audits_switches_s_flipper_right_upper'====== Args={'value': 1096, 'prev_value': 1095, 'change': 1}
2026-03-03 17:18:38,673 : INFO : SwitchController : <<<<<<< 's_flipper_right_upper' inactive >>>>>>>
2026-03-03 17:18:38,860 : INFO : SwitchController : <<<<<<< 's_flipper_right_upper' active >>>>>>>
2026-03-03 17:18:38,860 : INFO : EventManager : Event: ======'machine_var_audits_switches_s_flipper_right_upper'====== Args={'value': 1097, 'prev_value': 1096, 'change': 1}
2026-03-03 17:18:39,001 : INFO : SwitchController : <<<<<<< 's_flipper_right_upper' inactive >>>>>>>
2026-03-03 17:18:39,163 : INFO : SwitchController : <<<<<<< 's_flipper_right_upper' active >>>>>>>
2026-03-03 17:18:39,163 : INFO : EventManager : Event: ======'machine_var_audits_switches_s_flipper_right_upper'====== Args={'value': 1098, 'prev_value': 1097, 'change': 1}
2026-03-03 17:18:39,270 : INFO : SwitchController : <<<<<<< 's_flipper_right_upper' inactive >>>>>>>
2026-03-03 17:18:39,410 : INFO : SwitchController : <<<<<<< 's_flipper_right_upper' active >>>>>>>
2026-03-03 17:18:39,410 : INFO : EventManager : Event: ======'machine_var_audits_switches_s_flipper_right_upper'====== Args={'value': 1099, 'prev_value': 1098, 'change': 1}
2026-03-03 17:18:39,559 : INFO : SwitchController : <<<<<<< 's_flipper_right_upper' inactive >>>>>>>
2026-03-03 17:22:18,999 : INFO : SwitchController : <<<<<<< 's_flipper_right_upper' active >>>>>>>
2026-03-03 17:22:19,000 : INFO : EventManager : Event: ======'machine_var_audits_switches_s_flipper_right_upper'====== Args={'value': 1100, 'prev_value': 1099, 'change': 1}
2026-03-03 17:22:19,083 : INFO : SwitchController : <<<<<<< 's_flipper_right_upper' inactive >>>>>>>
2026-03-03 17:22:20,341 : INFO : SwitchController : <<<<<<< 's_flipper_right_upper' active >>>>>>>
2026-03-03 17:22:20,342 : INFO : EventManager : Event: ======'machine_var_audits_switches_s_flipper_right_upper'====== Args={'value': 1101, 'prev_value': 1100, 'change': 1}
2026-03-03 17:22:20,488 : INFO : SwitchController : <<<<<<< 's_flipper_right_upper' inactive >>>>>>>
2026-03-03 17:22:20,900 : INFO : SwitchController : <<<<<<< 's_flipper_right_upper' active >>>>>>>
2026-03-03 17:22:20,901 : INFO : EventManager : Event: ======'machine_var_audits_switches_s_flipper_right_upper'====== Args={'value': 1102, 'prev_value': 1101, 'change': 1}
2026-03-03 17:22:21,039 : INFO : SwitchController : <<<<<<< 's_flipper_right_upper' inactive >>>>>>>
2026-03-03 17:22:21,460 : INFO : SwitchController : <<<<<<< 's_flipper_right_upper' active >>>>>>>
2026-03-03 17:22:21,460 : INFO : EventManager : Event: ======'machine_var_audits_switches_s_flipper_right_upper'====== Args={'value': 1103, 'prev_value': 1102, 'change': 1}
2026-03-03 17:22:21,841 : INFO : SwitchController : <<<<<<< 's_flipper_right_upper' inactive >>>>>>>
2026-03-03 17:22:22,965 : INFO : SwitchController : <<<<<<< 's_flipper_right_upper' active >>>>>>>
2026-03-03 17:22:22,965 : INFO : EventManager : Event: ======'machine_var_audits_switches_s_flipper_right_upper'====== Args={'value': 1104, 'prev_value': 1103, 'change': 1}
2026-03-03 17:22:23,149 : INFO : SwitchController : <<<<<<< 's_flipper_right_upper' inactive >>>>>>>
2026-03-03 17:22:23,584 : INFO : SwitchController : <<<<<<< 's_flipper_right_upper' active >>>>>>>
2026-03-03 17:22:23,584 : INFO : EventManager : Event: ======'machine_var_audits_switches_s_flipper_right_upper'====== Args={'value': 1105, 'prev_value': 1104, 'change': 1}
2026-03-03 17:22:23,757 : INFO : SwitchController : <<<<<<< 's_flipper_right_upper' inactive >>>>>>>
2026-03-03 17:22:31,846 : INFO : SwitchController : <<<<<<< 's_flipper_right_upper' active >>>>>>>
2026-03-03 17:22:31,846 : INFO : EventManager : Event: ======'machine_var_audits_switches_s_flipper_right_upper'====== Args={'value': 1106, 'prev_value': 1105, 'change': 1}
2026-03-03 17:22:31,876 : INFO : SwitchController : <<<<<<< 's_flipper_right_upper' inactive >>>>>>>
2026-03-03 17:22:31,928 : INFO : SwitchController : <<<<<<< 's_flipper_right_upper' active >>>>>>>
2026-03-03 17:22:31,928 : INFO : EventManager : Event: ======'machine_var_audits_switches_s_flipper_right_upper'====== Args={'value': 1107, 'prev_value': 1106, 'change': 1}
2026-03-03 17:22:32,003 : INFO : SwitchController : <<<<<<< 's_flipper_right_upper' inactive >>>>>>>
2026-03-03 17:22:34,455 : INFO : SwitchController : <<<<<<< 's_flipper_right_upper' active >>>>>>>
2026-03-03 17:22:34,456 : INFO : EventManager : Event: ======'machine_var_audits_switches_s_flipper_right_upper'====== Args={'value': 1108, 'prev_value': 1107, 'change': 1}
2026-03-03 17:22:34,560 : INFO : SwitchController : <<<<<<< 's_flipper_right_upper' inactive >>>>>>>
2026-03-03 17:22:35,036 : INFO : SwitchController : <<<<<<< 's_flipper_right_upper' active >>>>>>>
2026-03-03 17:22:35,037 : INFO : EventManager : Event: ======'machine_var_audits_switches_s_flipper_right_upper'====== Args={'value': 1109, 'prev_value': 1108, 'change': 1}
2026-03-03 17:22:35,213 : INFO : SwitchController : <<<<<<< 's_flipper_right_upper' inactive >>>>>>>
2026-03-03 17:22:35,839 : INFO : SwitchController : <<<<<<< 's_flipper_right_upper' active >>>>>>>
2026-03-03 17:22:35,839 : INFO : EventManager : Event: ======'machine_var_audits_switches_s_flipper_right_upper'====== Args={'value': 1110, 'prev_value': 1109, 'change': 1}
2026-03-03 17:22:35,970 : INFO : SwitchController : <<<<<<< 's_flipper_right_upper' inactive >>>>>>>
2026-03-03 17:22:36,227 : INFO : SwitchController : <<<<<<< 's_flipper_right_upper' active >>>>>>>
2026-03-03 17:22:36,227 : INFO : EventManager : Event: ======'machine_var_audits_switches_s_flipper_right_upper'====== Args={'value': 1111, 'prev_value': 1110, 'change': 1}
2026-03-03 17:22:36,659 : INFO : SwitchController : <<<<<<< 's_flipper_right_upper' inactive >>>>>>>
2026-03-03 17:22:36,698 : INFO : SwitchController : <<<<<<< 's_flipper_right_upper' active >>>>>>>
2026-03-03 17:22:36,698 : INFO : EventManager : Event: ======'machine_var_audits_switches_s_flipper_right_upper'====== Args={'value': 1112, 'prev_value': 1111, 'change': 1}
2026-03-03 17:22:36,704 : INFO : SwitchController : <<<<<<< 's_flipper_right_upper' inactive >>>>>>>
2026-03-03 17:22:44,140 : INFO : SwitchController : <<<<<<< 's_flipper_right_upper' active >>>>>>>
2026-03-03 17:22:44,140 : INFO : EventManager : Event: ======'machine_var_audits_switches_s_flipper_right_upper'====== Args={'value': 1113, 'prev_value': 1112, 'change': 1}
2026-03-03 17:22:44,252 : INFO : SwitchController : <<<<<<< 's_flipper_right_upper' inactive >>>>>>>
2026-03-03 17:23:39,784 : INFO : Machine : Shutting down...
2026-03-03 17:23:39,784 : INFO : EventManager : Event: ======'shutdown'====== Args={}
2026-03-03 17:23:39,786 : INFO : EventManager : Event: ======'mode_game_will_stop'====== Args={}
2026-03-03 17:23:39,786 : INFO : EventManager : Event: ======'mode_game_stopping'====== Args={}
2026-03-03 17:23:39,786 : INFO : EventManager : Event: ======'mode_bumpers_will_stop'====== Args={}
2026-03-03 17:23:39,786 : INFO : EventManager : Event: ======'mode_bumpers_stopping'====== Args={}
2026-03-03 17:23:39,786 : INFO : EventManager : Event: ======'mode_base_will_stop'====== Args={}
2026-03-03 17:23:39,787 : INFO : EventManager : Event: ======'mode_base_stopping'====== Args={}
2026-03-03 17:23:39,787 : INFO : EventManager : Event: ======'stop_mode_bumpers'====== Args={'priority': 0}
2026-03-03 17:23:39,787 : INFO : Mode.base : Stopped.
2026-03-03 17:23:39,787 : INFO : EventManager : Event: ======'modes_active_modes_changed'====== Args={}
2026-03-03 17:23:39,787 : INFO : EventManager : Event: ======'mode_base_stopped'====== Args={}
2026-03-03 17:23:39,787 : INFO : EventManager : Event: ======'clear'====== Args={'key': 'base'}
2026-03-03 17:23:39,788 : INFO : Mode.bumpers : Stopped.
2026-03-03 17:23:39,788 : INFO : EventManager : Event: ======'modes_active_modes_changed'====== Args={}
2026-03-03 17:23:39,788 : INFO : EventManager : Event: ======'mode_bumpers_stopped'====== Args={}
2026-03-03 17:23:39,788 : INFO : EventManager : Event: ======'clear'====== Args={'key': 'bumpers'}
2026-03-03 17:23:39,789 : INFO : Mode.game : Stopped.
2026-03-03 17:23:39,789 : INFO : EventManager : Event: ======'modes_active_modes_changed'====== Args={}
2026-03-03 17:23:39,789 : INFO : EventManager : Event: ======'mode_game_stopped'====== Args={}
2026-03-03 17:23:39,789 : INFO : EventManager : Event: ======'clear'====== Args={'key': 'game'}
2026-03-03 17:23:39,895 : INFO : root : MPF run loop ended.
