2026-03-03 16:34:27,172 : INFO : root : Loading config.
2026-03-03 16:34:27,583 : INFO : ConfigProcessor : Config spec file cache created: /var/folders/1s/015t8n3n70gcr2ch4xflj4yr0000gn/T/config_spec.mpf_cache
2026-03-03 16:34:27,583 : INFO : YamlMultifileConfigLoader : Machine config file #1: config.yaml
2026-03-03 16:34:27,584 : INFO : ConfigProcessor : Loading config from cache: /var/folders/1s/015t8n3n70gcr2ch4xflj4yr0000gn/T/954ddabc670342668a09b03520c7eb79.mpf_cache
2026-03-03 16:34:27,585 : WARNING : ConfigProcessor : Config file in cache changed: /Users/pinball/NapoleonDynamite/config/config_switches.yaml
2026-03-03 16:34:27,585 : INFO : ConfigProcessor : Loading config from file /Users/pinball/mpf/lib/python3.14/site-packages/mpf/mpfconfig.yaml.
2026-03-03 16:34:27,707 : INFO : ConfigProcessor : Loading config: /Users/pinball/mpf/lib/python3.14/site-packages/mpf/mpfconfig.yaml
2026-03-03 16:34:27,707 : INFO : ConfigProcessor : Loading config from file /Users/pinball/NapoleonDynamite/config/config.yaml.
2026-03-03 16:34:27,723 : INFO : ConfigProcessor : Loading config: /Users/pinball/NapoleonDynamite/config/config.yaml
2026-03-03 16:34:27,727 : INFO : ConfigProcessor : Loading config: /Users/pinball/NapoleonDynamite/config/config_ball_devices.yaml
2026-03-03 16:34:27,736 : INFO : ConfigProcessor : Loading config: /Users/pinball/NapoleonDynamite/config/config_coils.yaml
2026-03-03 16:34:27,750 : INFO : ConfigProcessor : Loading config: /Users/pinball/NapoleonDynamite/config/config_switches.yaml
2026-03-03 16:34:27,752 : INFO : ConfigProcessor : Config file cache created: /var/folders/1s/015t8n3n70gcr2ch4xflj4yr0000gn/T/954ddabc670342668a09b03520c7eb79.mpf_cache
2026-03-03 16:34:27,820 : INFO : ConfigProcessor : Loading config from cache: /var/folders/1s/015t8n3n70gcr2ch4xflj4yr0000gn/T/64218df07edc412f774c53ffb33c812d.mpf_cache
2026-03-03 16:34:27,821 : INFO : ConfigProcessor : Loading config from cache: /var/folders/1s/015t8n3n70gcr2ch4xflj4yr0000gn/T/767518d75df2d86a4d35c1fb94c70abd.mpf_cache
2026-03-03 16:34:27,821 : INFO : ConfigProcessor : Loading config from cache: /var/folders/1s/015t8n3n70gcr2ch4xflj4yr0000gn/T/64218df07edc412f774c53ffb33c812d.mpf_cache
2026-03-03 16:34:27,821 : INFO : ConfigProcessor : Loading config from cache: /var/folders/1s/015t8n3n70gcr2ch4xflj4yr0000gn/T/73548cb541cc3751ae5711fe0817282a.mpf_cache
2026-03-03 16:34:27,822 : INFO : ConfigProcessor : Loading config from cache: /var/folders/1s/015t8n3n70gcr2ch4xflj4yr0000gn/T/57f006170cd447d443f971cd8b826597.mpf_cache
2026-03-03 16:34:27,823 : INFO : Machine : Mission Pinball Framework Core Engine v0.80.0.dev13
2026-03-03 16:34:27,823 : INFO : Machine : Command line arguments: {'no_load_cache': False, 'create_config_cache': True, 'bcp': False, 'configfile': ['config.yaml'], 'force_assets_load': False, 'platform_integration_test': False, 'jsonlogging': False, 'logfile': 'logs/2026-03-03-16-34-27-mpf-ANDREs-Mac-mini.local.log', 'pause': False, 'production': False, 'text_ui': True, 'loglevel': 15, 'consoleloglevel': 20, 'force_platform': None, 'syslog_address': None, 'full_logfile_path': '/Users/pinball/NapoleonDynamite/logs/2026-03-03-16-34-27-mpf-ANDREs-Mac-mini.local.log'}
2026-03-03 16:34:27,823 : INFO : Machine : MPF path: /Users/pinball/mpf/lib/python3.14/site-packages/mpf
2026-03-03 16:34:27,823 : INFO : Machine : Machine path: /Users/pinball/NapoleonDynamite
2026-03-03 16:34:27,823 : INFO : Machine : Platform: darwin
2026-03-03 16:34:27,823 : INFO : Machine : Python executable location: /Users/pinball/mpf/bin/python3.14
2026-03-03 16:34:27,823 : INFO : Machine : Python version: 3.14.3 (64-bit)
2026-03-03 16:34:27,825 : INFO : Machine : Initializing MPF...
2026-03-03 16:34:27,979 : INFO : FAST : Auto-detecting ports for the following connections: ['net', 'exp']
2026-03-03 16:34:28,008 : INFO : FAST : Detected NET on port /dev/cu.usbmodem14101
2026-03-03 16:34:28,017 : INFO : FAST : Detected EXP on port /dev/cu.usbmodem14103
2026-03-03 16:34:28,121 : INFO : FAST [NET] : Trying to connect to /dev/cu.usbmodem14101 at 921600bps
2026-03-03 16:34:28,127 : INFO : FAST [NET] : Connected to /dev/cu.usbmodem14101 at 921600bps
2026-03-03 16:34:28,129 : INFO : FAST [NET] : Connected to FP-CPU-2000 with firmware v02.26
2026-03-03 16:34:28,131 : INFO : FAST [NET] : Registered I/O Board 0: Model: FP-I/O-0024, Firmware: 01.10, Switches: 24, Drivers: 8
2026-03-03 16:34:28,133 : INFO : FAST [NET] : Registered I/O Board 1: Model: FP-I/O-3208, Firmware: 01.10, Switches: 32, Drivers: 8
2026-03-03 16:34:28,134 : INFO : FAST [NET] : Registered I/O Board 2: Model: FP-I/O-0804, Firmware: 01.10, Switches: 8, Drivers: 4
2026-03-03 16:34:28,135 : INFO : FAST [EXP] : Trying to connect to /dev/cu.usbmodem14103 at 921600bps
2026-03-03 16:34:28,141 : INFO : FAST [EXP] : Connected to /dev/cu.usbmodem14103 at 921600bps
2026-03-03 16:34:28,143 : INFO : FAST [EXP] : Verifying hardware for EXP "neuron" (FP-EXP-2000, @48) with ID string "EXP FP-EXP-2000  0.34", board address 48
2026-03-03 16:34:28,144 : INFO : FAST [EXP] : Verifying hardware for EXP "neuron" (FP-EXP-2000, @48) with ID string "LED FP-BRK-0001  0.8", board address 480
2026-03-03 16:34:28,146 : INFO : EventManager : Event: ======'machine_var_credits_string'====== Args={'value': 'FREE PLAY', 'prev_value': None, 'change': True}
2026-03-03 16:34:28,163 : INFO : EventManager : Event: ======'machine_var_master_volume'====== Args={'value': 0.5, 'prev_value': None, 'change': True}
2026-03-03 16:34:28,163 : INFO : EventManager : Event: ======'machine_var_player1_score'====== Args={'value': 10, 'prev_value': None, 'change': True}
2026-03-03 16:34:28,163 : INFO : EventManager : Event: ======'machine_var_mpf_version'====== Args={'value': 'Mission Pinball Framework v0.80.0.dev13', 'prev_value': None, 'change': True}
2026-03-03 16:34:28,163 : INFO : EventManager : Event: ======'machine_var_mpf_extended_version'====== Args={'value': 'Mission Pinball Framework v0.80.0.dev13, Config version:6, Show version: 6, BCP version:1.1', 'prev_value': None, 'change': True}
2026-03-03 16:34:28,163 : INFO : EventManager : Event: ======'machine_var_python_version'====== Args={'value': '3.14.3', 'prev_value': None, 'change': True}
2026-03-03 16:34:28,185 : INFO : EventManager : Event: ======'machine_var_platform'====== Args={'value': 'macOS-14.8.4-x86_64-i386-64bit-Mach-O', 'prev_value': None, 'change': True}
2026-03-03 16:34:28,186 : INFO : EventManager : Event: ======'machine_var_platform_system'====== Args={'value': 'Darwin', 'prev_value': None, 'change': True}
2026-03-03 16:34:28,186 : INFO : EventManager : Event: ======'machine_var_platform_release'====== Args={'value': '23.6.0', 'prev_value': None, 'change': True}
2026-03-03 16:34:28,186 : INFO : EventManager : Event: ======'machine_var_platform_version'====== Args={'value': 'Darwin Kernel Version 23.6.0: Mon Jan 19 22:02:22 PST 2026; root:xnu-10063.141.1.710.3~1/RELEASE_X86_64', 'prev_value': None, 'change': True}
2026-03-03 16:34:28,186 : INFO : EventManager : Event: ======'machine_var_platform_machine'====== Args={'value': 'x86_64', 'prev_value': None, 'change': True}
2026-03-03 16:34:28,186 : INFO : EventManager : Event: ======'machine_var_log_file_path'====== Args={'value': '/Users/pinball/NapoleonDynamite/logs/2026-03-03-16-34-27-mpf-ANDREs-Mac-mini.local.log', 'prev_value': None, 'change': True}
2026-03-03 16:34:28,186 : INFO : EventManager : Event: ======'init_phase_1'====== Args={}
2026-03-03 16:34:28,338 : INFO : SwitchController : <<<<<<< 's_flipper_left_eos' active >>>>>>>
2026-03-03 16:34:28,338 : INFO : SwitchController : <<<<<<< 's_flipper_right_lower_eos' active >>>>>>>
2026-03-03 16:34:28,338 : INFO : SwitchController : <<<<<<< 's_trough_1' active >>>>>>>
2026-03-03 16:34:28,338 : INFO : SwitchController : <<<<<<< 's_bumper_lower' active >>>>>>>
2026-03-03 16:34:28,338 : INFO : SwitchController : <<<<<<< 's_bumper_upper' active >>>>>>>
2026-03-03 16:34:28,369 : INFO : EventManager : Event: ======'init_phase_2'====== Args={}
2026-03-03 16:34:28,371 : INFO : SwitchController : Found active switch: (37, [FAST Platform Interface]) <switch.s_flipper_left_eos>
2026-03-03 16:34:28,371 : INFO : SwitchController : Found active switch: (32, [FAST Platform Interface]) <switch.s_flipper_right_lower_eos>
2026-03-03 16:34:28,371 : INFO : SwitchController : Found active switch: (24, [FAST Platform Interface]) <switch.s_trough_1>
2026-03-03 16:34:28,371 : INFO : SwitchController : Found active switch: (41, [FAST Platform Interface]) <switch.s_bumper_lower>
2026-03-03 16:34:28,371 : INFO : SwitchController : Found active switch: (42, [FAST Platform Interface]) <switch.s_bumper_upper>
2026-03-03 16:34:28,838 : INFO : ball_device.bd_trough : BCH: Initial count: 1
2026-03-03 16:34:28,839 : INFO : ball_device.bd_trough : State: idle
2026-03-03 16:34:28,840 : INFO : ball_device.bd_plunger : BCH: Initial count: 0
2026-03-03 16:34:28,840 : INFO : ball_device.bd_plunger : State: idle
2026-03-03 16:34:28,856 : INFO : EventManager : Event: ======'init_phase_3'====== Args={}
2026-03-03 16:34:28,860 : INFO : EventManager : Event: ======'init_phase_4'====== Args={}
2026-03-03 16:34:28,861 : INFO : BallController : Initial balls found: 1
2026-03-03 16:34:28,862 : INFO : EventManager : Event: ======'machine_var_audits_events_game_ended'====== Args={'value': 10, 'prev_value': None, 'change': True}
2026-03-03 16:34:28,862 : INFO : EventManager : Event: ======'machine_var_audits_events_game_started'====== Args={'value': 21, 'prev_value': None, 'change': True}
2026-03-03 16:34:28,862 : INFO : EventManager : Event: ======'machine_var_audits_missing_switches_s_bumper_lower'====== Args={'value': 21, 'prev_value': None, 'change': True}
2026-03-03 16:34:28,862 : INFO : EventManager : Event: ======'machine_var_audits_missing_switches_s_bumper_upper'====== Args={'value': 16, 'prev_value': None, 'change': True}
2026-03-03 16:34:28,862 : INFO : EventManager : Event: ======'machine_var_audits_missing_switches_s_flipper_right_lower'====== Args={'value': 4, 'prev_value': None, 'change': True}
2026-03-03 16:34:28,862 : INFO : EventManager : Event: ======'machine_var_audits_missing_switches_s_flipper_right_lower_eos'====== Args={'value': 2, 'prev_value': None, 'change': True}
2026-03-03 16:34:28,862 : INFO : EventManager : Event: ======'machine_var_audits_missing_switches_s_inlane_left'====== Args={'value': 4, 'prev_value': None, 'change': True}
2026-03-03 16:34:28,863 : INFO : EventManager : Event: ======'machine_var_audits_missing_switches_s_inlane_right_1'====== Args={'value': 3, 'prev_value': None, 'change': True}
2026-03-03 16:34:28,863 : INFO : EventManager : Event: ======'machine_var_audits_missing_switches_s_inlane_right_2'====== Args={'value': 4, 'prev_value': None, 'change': True}
2026-03-03 16:34:28,863 : INFO : EventManager : Event: ======'machine_var_audits_missing_switches_s_plunger'====== Args={'value': 1, 'prev_value': None, 'change': True}
2026-03-03 16:34:28,863 : INFO : EventManager : Event: ======'machine_var_audits_missing_switches_s_sling_left'====== Args={'value': 4, 'prev_value': None, 'change': True}
2026-03-03 16:34:28,863 : INFO : EventManager : Event: ======'machine_var_audits_missing_switches_s_sling_right'====== Args={'value': 8, 'prev_value': None, 'change': True}
2026-03-03 16:34:28,863 : INFO : EventManager : Event: ======'machine_var_audits_missing_switches_s_trough_1'====== Args={'value': 1, 'prev_value': None, 'change': True}
2026-03-03 16:34:28,863 : INFO : EventManager : Event: ======'machine_var_audits_missing_switches_s_trough_2'====== Args={'value': 1, 'prev_value': None, 'change': True}
2026-03-03 16:34:28,863 : INFO : EventManager : Event: ======'machine_var_audits_missing_switches_s_trough_3'====== Args={'value': 1, 'prev_value': None, 'change': True}
2026-03-03 16:34:28,863 : INFO : EventManager : Event: ======'machine_var_audits_missing_switches_s_trough_4'====== Args={'value': 1, 'prev_value': None, 'change': True}
2026-03-03 16:34:28,863 : INFO : EventManager : Event: ======'machine_var_audits_missing_switches_s_trough_5'====== Args={'value': 1, 'prev_value': None, 'change': True}
2026-03-03 16:34:28,863 : INFO : EventManager : Event: ======'machine_var_audits_missing_switches_s_trough_6'====== Args={'value': 2, 'prev_value': None, 'change': True}
2026-03-03 16:34:28,863 : INFO : EventManager : Event: ======'machine_var_audits_player_score'====== Args={'value': {'average': 13899, 'top': [123050, 15710, 7390, 3050, 1700, 1600, 400, 10, 0, 0], 'total': 11}, 'prev_value': None, 'change': True}
2026-03-03 16:34:28,863 : INFO : EventManager : Event: ======'machine_var_audits_shots_shot_inlane_left'====== Args={'value': 27, 'prev_value': None, 'change': True}
2026-03-03 16:34:28,864 : INFO : EventManager : Event: ======'machine_var_audits_shots_shot_inlane_right_1'====== Args={'value': 956, 'prev_value': None, 'change': True}
2026-03-03 16:34:28,864 : INFO : EventManager : Event: ======'machine_var_audits_shots_shot_inlane_right_2'====== Args={'value': 16, 'prev_value': None, 'change': True}
2026-03-03 16:34:28,864 : INFO : EventManager : Event: ======'machine_var_audits_shots_shot_sling_left'====== Args={'value': 559, 'prev_value': None, 'change': True}
2026-03-03 16:34:28,864 : INFO : EventManager : Event: ======'machine_var_audits_shots_shot_sling_right'====== Args={'value': 39, 'prev_value': None, 'change': True}
2026-03-03 16:34:28,864 : INFO : EventManager : Event: ======'machine_var_audits_shots_sling_left'====== Args={'value': 21, 'prev_value': None, 'change': True}
2026-03-03 16:34:28,864 : INFO : EventManager : Event: ======'machine_var_audits_shots_sling_right'====== Args={'value': 28, 'prev_value': None, 'change': True}
2026-03-03 16:34:28,864 : INFO : EventManager : Event: ======'machine_var_audits_switches_s_bumper_lower'====== Args={'value': 0, 'prev_value': None, 'change': True}
2026-03-03 16:34:28,864 : INFO : EventManager : Event: ======'machine_var_audits_switches_s_bumper_upper'====== Args={'value': 6, 'prev_value': None, 'change': True}
2026-03-03 16:34:28,864 : INFO : EventManager : Event: ======'machine_var_audits_switches_s_flipper_left'====== Args={'value': 556, 'prev_value': None, 'change': True}
2026-03-03 16:34:28,864 : INFO : EventManager : Event: ======'machine_var_audits_switches_s_flipper_left_eos'====== Args={'value': 451, 'prev_value': None, 'change': True}
2026-03-03 16:34:28,864 : INFO : EventManager : Event: ======'machine_var_audits_switches_s_flipper_right_lower'====== Args={'value': 1119, 'prev_value': None, 'change': True}
2026-03-03 16:34:28,864 : INFO : EventManager : Event: ======'machine_var_audits_switches_s_flipper_right_lower_eos'====== Args={'value': 728, 'prev_value': None, 'change': True}
2026-03-03 16:34:28,865 : INFO : EventManager : Event: ======'machine_var_audits_switches_s_flipper_right_upper'====== Args={'value': 1044, 'prev_value': None, 'change': True}
2026-03-03 16:34:28,865 : INFO : EventManager : Event: ======'machine_var_audits_switches_s_flipper_right_upper_eos'====== Args={'value': 835, 'prev_value': None, 'change': True}
2026-03-03 16:34:28,865 : INFO : EventManager : Event: ======'machine_var_audits_switches_s_inlane_left'====== Args={'value': 27, 'prev_value': None, 'change': True}
2026-03-03 16:34:28,865 : INFO : EventManager : Event: ======'machine_var_audits_switches_s_inlane_right_1'====== Args={'value': 1288, 'prev_value': None, 'change': True}
2026-03-03 16:34:28,865 : INFO : EventManager : Event: ======'machine_var_audits_switches_s_inlane_right_2'====== Args={'value': 16, 'prev_value': None, 'change': True}
2026-03-03 16:34:28,865 : INFO : EventManager : Event: ======'machine_var_audits_switches_s_plunger'====== Args={'value': 78, 'prev_value': None, 'change': True}
2026-03-03 16:34:28,865 : INFO : EventManager : Event: ======'machine_var_audits_switches_s_sling_left'====== Args={'value': 582, 'prev_value': None, 'change': True}
2026-03-03 16:34:28,865 : INFO : EventManager : Event: ======'machine_var_audits_switches_s_sling_right'====== Args={'value': 67, 'prev_value': None, 'change': True}
2026-03-03 16:34:28,865 : INFO : EventManager : Event: ======'machine_var_audits_switches_s_start'====== Args={'value': 9, 'prev_value': None, 'change': True}
2026-03-03 16:34:28,865 : INFO : EventManager : Event: ======'machine_var_audits_switches_s_trough_1'====== Args={'value': 61, 'prev_value': None, 'change': True}
2026-03-03 16:34:28,865 : INFO : EventManager : Event: ======'machine_var_audits_switches_s_trough_2'====== Args={'value': 74, 'prev_value': None, 'change': True}
2026-03-03 16:34:28,865 : INFO : EventManager : Event: ======'machine_var_audits_switches_s_trough_3'====== Args={'value': 84, 'prev_value': None, 'change': True}
2026-03-03 16:34:28,865 : INFO : EventManager : Event: ======'machine_var_audits_switches_s_trough_4'====== Args={'value': 94, 'prev_value': None, 'change': True}
2026-03-03 16:34:28,866 : INFO : EventManager : Event: ======'machine_var_audits_switches_s_trough_5'====== Args={'value': 101, 'prev_value': None, 'change': True}
2026-03-03 16:34:28,866 : INFO : EventManager : Event: ======'machine_var_audits_switches_s_trough_6'====== Args={'value': 102, 'prev_value': None, 'change': True}
2026-03-03 16:34:28,866 : INFO : EventManager : Event: ======'machine_var_audits_switches_s_trough_7'====== Args={'value': 69, 'prev_value': None, 'change': True}
2026-03-03 16:34:28,867 : INFO : EventManager : Event: ======'init_phase_5'====== Args={}
2026-03-03 16:34:28,867 : INFO : EventManager : Event: ======'init_done'====== Args={}
2026-03-03 16:34:28,868 : INFO : EventManager : Event: ======'machine_reset_phase_1'====== Args={}
2026-03-03 16:34:28,868 : INFO : EventManager : Event: ======'machine_reset_phase_2'====== Args={}
2026-03-03 16:34:28,869 : INFO : EventManager : Event: ======'machine_reset_phase_3'====== Args={}
2026-03-03 16:34:28,869 : INFO : EventManager : Event: ======'reset_complete'====== Args={}
2026-03-03 16:34:28,869 : INFO : EventManager : Event: ======'mode_attract_will_start'====== Args={}
2026-03-03 16:34:28,870 : INFO : Timer.attract_carousel_timer : Starting Timer.
2026-03-03 16:34:28,870 : INFO : EventManager : Event: ======'timer_attract_carousel_timer_started'====== Args={'ticks': 0, 'ticks_remaining': 1}
2026-03-03 16:34:28,870 : INFO : EventManager : Event: ======'timer_attract_carousel_timer_tick'====== Args={'ticks': 0, 'ticks_remaining': 1}
2026-03-03 16:34:28,871 : INFO : EventManager : Event: ======'mode_attract_starting'====== Args={}
2026-03-03 16:34:28,871 : INFO : Mode.attract : Started. Priority: 10
2026-03-03 16:34:28,871 : INFO : EventManager : Event: ======'modes_active_modes_changed'====== Args={}
2026-03-03 16:34:28,871 : INFO : EventManager : Event: ======'mode_attract_started'====== Args={}
2026-03-03 16:34:28,871 : INFO : EventManager : Event: ======'collecting_balls_complete'====== Args={}
2026-03-03 16:34:28,872 : INFO : EventManager : Event: ======'carousel_item_highlighted'====== Args={'carousel': 'attract', 'direction': None, 'item': 'title'}
2026-03-03 16:34:28,872 : INFO : EventManager : Event: ======'timer_attract_carousel_timer_tick'====== Args={'ticks': 0, 'ticks_remaining': 1}
2026-03-03 16:34:28,877 : INFO : Machine : Starting the main run loop with active modes: [<Mode.attract>]
2026-03-03 16:34:33,872 : INFO : Timer.attract_carousel_timer : Timer Complete
2026-03-03 16:34:33,872 : INFO : Timer.attract_carousel_timer : Stopping Timer
2026-03-03 16:34:33,872 : INFO : EventManager : Event: ======'timer_attract_carousel_timer_stopped'====== Args={'ticks': 1, 'ticks_remaining': 1}
2026-03-03 16:34:33,872 : INFO : EventManager : Event: ======'timer_attract_carousel_timer_complete'====== Args={'ticks': 1, 'ticks_remaining': 1}
2026-03-03 16:34:33,873 : INFO : EventManager : Event: ======'carousel_item_highlighted'====== Args={'carousel': 'attract', 'direction': 'forwards', 'item': 'credits'}
2026-03-03 16:34:33,873 : INFO : Timer.attract_carousel_timer : Starting Timer.
2026-03-03 16:34:33,873 : INFO : EventManager : Event: ======'timer_attract_carousel_timer_started'====== Args={'ticks': 0, 'ticks_remaining': 1}
2026-03-03 16:34:33,873 : INFO : EventManager : Event: ======'timer_attract_carousel_timer_tick'====== Args={'ticks': 0, 'ticks_remaining': 1}
2026-03-03 16:34:34,147 : INFO : SwitchController : <<<<<<< 's_start' active >>>>>>>
2026-03-03 16:34:34,295 : INFO : SwitchController : <<<<<<< 's_start' inactive >>>>>>>
2026-03-03 16:34:34,295 : INFO : EventManager : Event: ======'request_to_start_game'====== Args={}
2026-03-03 16:34:34,296 : INFO : EventManager : Event: ======'game_start'====== Args={'buttons': [], 'hold_time': 0.14773878898995463}
2026-03-03 16:34:34,296 : INFO : EventManager : Event: ======'mode_game_will_start'====== Args={'buttons': [], 'hold_time': 0.14773878898995463}
2026-03-03 16:34:34,297 : INFO : EventManager : Event: ======'mode_game_starting'====== Args={'buttons': [], 'hold_time': 0.14773878898995463}
2026-03-03 16:34:34,297 : INFO : EventManager : Event: ======'mode_attract_will_stop'====== Args={}
2026-03-03 16:34:34,297 : INFO : EventManager : Event: ======'mode_attract_stopping'====== Args={}
2026-03-03 16:34:34,297 : INFO : Mode.attract : Stopped.
2026-03-03 16:34:34,297 : INFO : EventManager : Event: ======'modes_active_modes_changed'====== Args={}
2026-03-03 16:34:34,297 : INFO : EventManager : Event: ======'mode_attract_stopped'====== Args={}
2026-03-03 16:34:34,297 : INFO : EventManager : Event: ======'clear'====== Args={'key': 'attract'}
2026-03-03 16:34:34,297 : INFO : Timer.attract_carousel_timer : Stopping Timer
2026-03-03 16:34:34,297 : INFO : EventManager : Event: ======'timer_attract_carousel_timer_stopped'====== Args={'ticks': 0, 'ticks_remaining': 1}
2026-03-03 16:34:34,298 : INFO : Mode.game : Started. Priority: 20
2026-03-03 16:34:34,298 : INFO : EventManager : Event: ======'modes_active_modes_changed'====== Args={}
2026-03-03 16:34:34,298 : INFO : EventManager : Event: ======'mode_game_started'====== Args={'buttons': [], 'hold_time': 0.14773878898995463}
2026-03-03 16:34:34,298 : INFO : EventManager : Event: ======'game_will_start'====== Args={}
2026-03-03 16:34:34,299 : INFO : EventManager : Event: ======'game_starting'====== Args={'game': <Mode.game>}
2026-03-03 16:34:34,300 : INFO : EventManager : Unordered handler for class <Auditor> on event game_ended with priority 1. Handlers: [RegisteredHandler(callback=<bound method Auditor.disable of <Auditor>>, priority=1, kwargs={}, key=UUID('64f67a70-26d8-4275-a772-9c4d35388a7c'), condition=None, blocking_facility=None), RegisteredHandler(callback=<bound method Auditor._save_audits of <Auditor>>, priority=1, kwargs={}, key=UUID('79f89003-8d47-4506-b396-b4c0968cb253'), condition=None, blocking_facility=None)]. The order of those handlers is not defined and they will be executed in random order. This might lead to race conditions and potential bugs.
2026-03-03 16:34:34,300 : INFO : EventManager : Event: ======'player_add_request'====== Args={}
2026-03-03 16:34:34,300 : INFO : EventManager : Event: ======'player_will_add'====== Args={'number': 1}
2026-03-03 16:34:34,300 : INFO : EventManager : Event: ======'player_adding'====== Args={'player': <Player 1>, 'number': 1}
2026-03-03 16:34:34,300 : INFO : EventManager : Event: ======'player_added'====== Args={'player': <Player 1>, 'num': 1}
2026-03-03 16:34:34,300 : INFO : Mode.game : Player added successfully. Total players: 1
2026-03-03 16:34:34,301 : INFO : EventManager : Event: ======'player_index'====== Args={'value': 0, 'prev_value': 0, 'change': 0, 'player_num': 1}
2026-03-03 16:34:34,301 : INFO : EventManager : Event: ======'player_number'====== Args={'value': 1, 'prev_value': 1, 'change': 0, 'player_num': 1}
2026-03-03 16:34:34,301 : INFO : EventManager : Event: ======'player_score'====== Args={'value': 0, 'prev_value': 0, 'change': 0, 'player_num': 1}
2026-03-03 16:34:34,301 : INFO : EventManager : Event: ======'game_started'====== Args={}
2026-03-03 16:34:34,302 : INFO : EventManager : Event: ======'player_turn_will_start'====== Args={'player': <Player 1>, 'number': 1}
2026-03-03 16:34:34,316 : INFO : EventManager : Event: ======'player_turn_starting'====== Args={'player': <Player 1>, 'number': 1}
2026-03-03 16:34:34,317 : INFO : EventManager : Event: ======'player_ball'====== Args={'value': 1, 'prev_value': 0, 'change': 1, 'player_num': 1}
2026-03-03 16:34:34,317 : INFO : EventManager : Event: ======'player_turn_started'====== Args={'player': <Player 1>, 'number': 1}
2026-03-03 16:34:34,317 : INFO : EventManager : Event: ======'ball_will_start'====== Args={'player': 1, 'ball': 1, 'balls_remaining': 2, 'is_extra_ball': False}
2026-03-03 16:34:34,318 : INFO : EventManager : Event: ======'ball_starting'====== Args={'player': 1, 'ball': 1, 'balls_remaining': 2, 'is_extra_ball': False}
2026-03-03 16:34:34,318 : INFO : EventManager : Event: ======'mode_base_will_start'====== Args={'queue': <QueuedEvent>, 'player': 1, 'ball': 1, 'balls_remaining': 2, 'is_extra_ball': False}
2026-03-03 16:34:34,319 : INFO : EventManager : Event: ======'mode_base_starting'====== Args={'queue': <QueuedEvent>, 'player': 1, 'ball': 1, 'balls_remaining': 2, 'is_extra_ball': False}
2026-03-03 16:34:34,319 : INFO : Mode.base : Started. Priority: 100
2026-03-03 16:34:34,319 : INFO : EventManager : Event: ======'modes_active_modes_changed'====== Args={}
2026-03-03 16:34:34,319 : INFO : EventManager : Event: ======'mode_base_started'====== Args={'queue': <QueuedEvent>, 'player': 1, 'ball': 1, 'balls_remaining': 2, 'is_extra_ball': False}
2026-03-03 16:34:34,319 : INFO : EventManager : Event: ======'start_mode_bumpers'====== Args={'priority': 0}
2026-03-03 16:34:34,320 : INFO : EventManager : Event: ======'mode_bumpers_will_start'====== Args={'priority': 0}
2026-03-03 16:34:34,321 : INFO : EventManager : Event: ======'player_shot_shot_sling_left_enabled'====== Args={'value': True, 'prev_value': 0, 'change': 1, 'player_num': 1}
2026-03-03 16:34:34,321 : INFO : EventManager : Event: ======'player_shot_shot_sling_right_enabled'====== Args={'value': True, 'prev_value': 0, 'change': 1, 'player_num': 1}
2026-03-03 16:34:34,321 : INFO : EventManager : Event: ======'player_shot_shot_bumper_lower_enabled'====== Args={'value': True, 'prev_value': 0, 'change': 1, 'player_num': 1}
2026-03-03 16:34:34,322 : INFO : EventManager : Event: ======'player_shot_shot_bumper_upper_enabled'====== Args={'value': True, 'prev_value': 0, 'change': 1, 'player_num': 1}
2026-03-03 16:34:34,322 : INFO : EventManager : Event: ======'player_shot_shot_inlane_left_enabled'====== Args={'value': True, 'prev_value': 0, 'change': 1, 'player_num': 1}
2026-03-03 16:34:34,322 : INFO : EventManager : Event: ======'player_shot_shot_inlane_right_1_enabled'====== Args={'value': True, 'prev_value': 0, 'change': 1, 'player_num': 1}
2026-03-03 16:34:34,322 : INFO : EventManager : Event: ======'player_shot_shot_inlane_right_2_enabled'====== Args={'value': True, 'prev_value': 0, 'change': 1, 'player_num': 1}
2026-03-03 16:34:34,322 : INFO : EventManager : Event: ======'slings_complete'====== Args={'state': 'unlit'}
2026-03-03 16:34:34,322 : INFO : EventManager : Event: ======'slings_unlit_complete'====== Args={}
2026-03-03 16:34:34,323 : INFO : EventManager : Event: ======'bumpers_complete'====== Args={'state': 'unlit'}
2026-03-03 16:34:34,323 : INFO : EventManager : Event: ======'bumpers_unlit_complete'====== Args={}
2026-03-03 16:34:34,323 : INFO : EventManager : Event: ======'inlanes_complete'====== Args={'state': 'unlit'}
2026-03-03 16:34:34,323 : INFO : EventManager : Event: ======'inlanes_unlit_complete'====== Args={}
2026-03-03 16:34:34,324 : INFO : EventManager : Event: ======'mode_bumpers_starting'====== Args={'priority': 0}
2026-03-03 16:34:34,324 : INFO : Mode.bumpers : Started. Priority: 200
2026-03-03 16:34:34,325 : INFO : EventManager : Event: ======'modes_active_modes_changed'====== Args={}
2026-03-03 16:34:34,325 : INFO : EventManager : Event: ======'mode_bumpers_started'====== Args={'priority': 0}
2026-03-03 16:34:34,325 : INFO : EventManager : Event: ======'balls_in_play'====== Args={'balls': 1}
2026-03-03 16:34:34,325 : INFO : EventManager : Event: ======'ball_started'====== Args={'player': 1, 'ball': 1, 'balls_remaining': 2, 'is_extra_ball': False}
2026-03-03 16:34:34,326 : INFO : EventManager : Event: ======'single_player_ball_started'====== Args={}
2026-03-03 16:34:34,326 : INFO : EventManager : Event: ======'ball_start_target'====== Args={'target': 'playfield'}
2026-03-03 16:34:34,326 : INFO : ball_device.bd_plunger : Setting up player-controlled eject. Balls: 1, Target: <playfield.playfield>, player_controlled_eject_event: None
2026-03-03 16:34:34,327 : INFO : EventManager : Event: ======'balldevice_balls_available'====== Args={}
2026-03-03 16:34:34,332 : INFO : ball_device.bd_trough : State: waiting_for_target_ready
2026-03-03 16:34:34,333 : INFO : EventManager : Event: ======'balldevice_bd_trough_ball_eject_attempt'====== Args={'balls': 1, 'target': <ball_device.bd_plunger>, 'source': <ball_device.bd_trough>, 'mechanical_eject': True, 'num_attempts': 0}
2026-03-03 16:34:34,333 : INFO : ball_device.bd_plunger : State: waiting_for_ball
2026-03-03 16:34:34,333 : INFO : ball_device.bd_trough : State: ejecting
2026-03-03 16:34:34,333 : INFO : ball_device.bd_trough : Ejecting ball to <ball_device.bd_plunger>
2026-03-03 16:34:34,333 : INFO : EventManager : Event: ======'balldevice_bd_trough_ejecting_ball'====== Args={'balls': 1, 'target': <ball_device.bd_plunger>, 'source': <ball_device.bd_trough>, 'mechanical_eject': True, 'num_attempts': 0}
2026-03-03 16:34:34,334 : INFO : ball_device.bd_trough : Wait for ball to leave device
2026-03-03 16:34:34,334 : INFO : coil.c_trough_eject : Pulsing Driver for 20ms (1.0 pulse_power)
2026-03-03 16:34:34,362 : INFO : SwitchController : <<<<<<< 's_trough_1' inactive >>>>>>>
2026-03-03 16:34:34,362 : INFO : SwitchController : <<<<<<< 's_trough_7' active >>>>>>>
2026-03-03 16:34:34,362 : INFO : EventManager : Event: ======'machine_var_audits_switches_s_trough_7'====== Args={'value': 70, 'prev_value': 69, 'change': 1}
2026-03-03 16:34:34,363 : INFO : ball_device.bd_trough : State: ball_left
2026-03-03 16:34:34,363 : INFO : ball_device.bd_trough : Ball left
2026-03-03 16:34:34,363 : INFO : ball_device.bd_trough : Wait for confirm with timeout 3.0
2026-03-03 16:34:34,379 : INFO : SwitchController : <<<<<<< 's_trough_7' inactive >>>>>>>
2026-03-03 16:34:36,256 : INFO : SwitchController : <<<<<<< 's_flipper_right_upper' active >>>>>>>
2026-03-03 16:34:36,256 : INFO : EventManager : Event: ======'machine_var_audits_switches_s_flipper_right_upper'====== Args={'value': 1045, 'prev_value': 1044, 'change': 1}
2026-03-03 16:34:36,279 : INFO : SwitchController : <<<<<<< 's_flipper_right_upper_eos' active >>>>>>>
2026-03-03 16:34:36,280 : INFO : EventManager : Event: ======'machine_var_audits_switches_s_flipper_right_upper_eos'====== Args={'value': 836, 'prev_value': 835, 'change': 1}
2026-03-03 16:34:36,353 : INFO : SwitchController : <<<<<<< 's_flipper_right_upper' inactive >>>>>>>
2026-03-03 16:34:36,461 : INFO : SwitchController : <<<<<<< 's_flipper_right_upper_eos' inactive >>>>>>>
2026-03-03 16:34:36,634 : INFO : SwitchController : <<<<<<< 's_flipper_right_upper' active >>>>>>>
2026-03-03 16:34:36,634 : INFO : EventManager : Event: ======'machine_var_audits_switches_s_flipper_right_upper'====== Args={'value': 1046, 'prev_value': 1045, 'change': 1}
2026-03-03 16:34:36,657 : INFO : SwitchController : <<<<<<< 's_flipper_right_upper_eos' active >>>>>>>
2026-03-03 16:34:36,657 : INFO : EventManager : Event: ======'machine_var_audits_switches_s_flipper_right_upper_eos'====== Args={'value': 837, 'prev_value': 836, 'change': 1}
2026-03-03 16:34:36,709 : INFO : SwitchController : <<<<<<< 's_flipper_right_upper' inactive >>>>>>>
2026-03-03 16:34:36,818 : INFO : SwitchController : <<<<<<< 's_flipper_right_upper_eos' inactive >>>>>>>
2026-03-03 16:34:37,363 : INFO : ball_device.bd_trough : State: failed_confirm
2026-03-03 16:34:37,364 : INFO : ball_device.bd_trough : Got timeout (3.0s) before confirm from <ball_device.bd_plunger>
2026-03-03 16:34:37,364 : INFO : ball_device.bd_plunger : Expecting incoming ball which may skip the device.
2026-03-03 16:34:37,365 : INFO : EventManager : Event: ======'balldevice_bd_plunger_ejecting_ball'====== Args={'balls': 1, 'target': <playfield.playfield>, 'source': <ball_device.bd_plunger>, 'mechanical_eject': False, 'num_attempts': 1}
2026-03-03 16:34:37,570 : INFO : SwitchController : <<<<<<< 's_flipper_left' active >>>>>>>
2026-03-03 16:34:37,571 : INFO : EventManager : Event: ======'machine_var_audits_switches_s_flipper_left'====== Args={'value': 557, 'prev_value': 556, 'change': 1}
2026-03-03 16:34:37,593 : INFO : SwitchController : <<<<<<< 's_flipper_left_eos' inactive >>>>>>>
2026-03-03 16:34:37,656 : INFO : SwitchController : <<<<<<< 's_flipper_left' inactive >>>>>>>
2026-03-03 16:34:37,745 : INFO : SwitchController : <<<<<<< 's_flipper_left_eos' active >>>>>>>
2026-03-03 16:34:37,746 : INFO : EventManager : Event: ======'machine_var_audits_switches_s_flipper_left_eos'====== Args={'value': 452, 'prev_value': 451, 'change': 1}
2026-03-03 16:34:37,916 : INFO : SwitchController : <<<<<<< 's_flipper_left' active >>>>>>>
2026-03-03 16:34:37,916 : INFO : EventManager : Event: ======'machine_var_audits_switches_s_flipper_left'====== Args={'value': 558, 'prev_value': 557, 'change': 1}
2026-03-03 16:34:37,939 : INFO : SwitchController : <<<<<<< 's_flipper_left_eos' inactive >>>>>>>
2026-03-03 16:34:38,018 : INFO : SwitchController : <<<<<<< 's_flipper_left' inactive >>>>>>>
2026-03-03 16:34:38,108 : INFO : SwitchController : <<<<<<< 's_flipper_left_eos' active >>>>>>>
2026-03-03 16:34:38,108 : INFO : EventManager : Event: ======'machine_var_audits_switches_s_flipper_left_eos'====== Args={'value': 453, 'prev_value': 452, 'change': 1}
2026-03-03 16:34:42,366 : INFO : ball_device.bd_plunger : Got confirm for skipping ball.
2026-03-03 16:34:42,366 : INFO : ball_device.bd_plunger : Eject successful
2026-03-03 16:34:42,366 : INFO : EventManager : Event: ======'balldevice_bd_plunger_ball_eject_success'====== Args={'balls': 1, 'target': <playfield.playfield>}
2026-03-03 16:34:42,366 : INFO : EventManager : Event: ======'balldevice_playfield_ball_enter'====== Args={'new_balls': 1, 'unclaimed_balls': 1, 'device': <playfield.playfield>}
2026-03-03 16:34:42,367 : INFO : EventManager : Event: ======'playfield_ball_count_change'====== Args={'balls': 1, 'change': 1}
2026-03-03 16:34:42,367 : INFO : ball_device.bd_plunger : State: idle
2026-03-03 16:34:42,368 : INFO : ball_device.bd_trough : Eject successful
2026-03-03 16:34:42,368 : INFO : EventManager : Event: ======'balldevice_bd_trough_ball_eject_success'====== Args={'balls': 1, 'target': <ball_device.bd_plunger>}
2026-03-03 16:34:42,369 : INFO : EventManager : Event: ======'balldevice_bd_trough_ball_count_changed'====== Args={'balls': 0}
2026-03-03 16:34:42,369 : INFO : ball_device.bd_trough : State: idle
