2026-03-01 10:29:52,704 : INFO : root : Loading config.
2026-03-01 10:29:53,032 : INFO : ConfigProcessor : Config spec file cache created: /var/folders/1s/015t8n3n70gcr2ch4xflj4yr0000gn/T/config_spec.mpf_cache
2026-03-01 10:29:53,032 : INFO : YamlMultifileConfigLoader : Machine config file #1: config.yaml
2026-03-01 10:29:53,033 : WARNING : ConfigProcessor : Config file in cache changed: /Users/pinball/NapoleonDynamite/config/config.yaml
2026-03-01 10:29:53,033 : INFO : ConfigProcessor : Loading config from file /Users/pinball/mpf/lib/python3.14/site-packages/mpf/mpfconfig.yaml.
2026-03-01 10:29:53,110 : INFO : ConfigProcessor : Loading config: /Users/pinball/mpf/lib/python3.14/site-packages/mpf/mpfconfig.yaml
2026-03-01 10:29:53,110 : INFO : ConfigProcessor : Loading config from file /Users/pinball/NapoleonDynamite/config/config.yaml.
2026-03-01 10:29:53,121 : INFO : ConfigProcessor : Loading config: /Users/pinball/NapoleonDynamite/config/config.yaml
2026-03-01 10:29:53,125 : INFO : ConfigProcessor : Loading config: /Users/pinball/NapoleonDynamite/config/config_ball_devices.yaml
2026-03-01 10:29:53,132 : INFO : ConfigProcessor : Loading config: /Users/pinball/NapoleonDynamite/config/config_coils.yaml
2026-03-01 10:29:53,144 : INFO : ConfigProcessor : Loading config: /Users/pinball/NapoleonDynamite/config/config_switches.yaml
2026-03-01 10:29:53,145 : INFO : ConfigProcessor : Config file cache created: /var/folders/1s/015t8n3n70gcr2ch4xflj4yr0000gn/T/954ddabc670342668a09b03520c7eb79.mpf_cache
2026-03-01 10:29:53,210 : INFO : ConfigProcessor : Loading config from cache: /var/folders/1s/015t8n3n70gcr2ch4xflj4yr0000gn/T/64218df07edc412f774c53ffb33c812d.mpf_cache
2026-03-01 10:29:53,211 : INFO : ConfigProcessor : Loading config from cache: /var/folders/1s/015t8n3n70gcr2ch4xflj4yr0000gn/T/767518d75df2d86a4d35c1fb94c70abd.mpf_cache
2026-03-01 10:29:53,212 : INFO : ConfigProcessor : Loading config from cache: /var/folders/1s/015t8n3n70gcr2ch4xflj4yr0000gn/T/64218df07edc412f774c53ffb33c812d.mpf_cache
2026-03-01 10:29:53,213 : INFO : ConfigProcessor : Loading config from cache: /var/folders/1s/015t8n3n70gcr2ch4xflj4yr0000gn/T/73548cb541cc3751ae5711fe0817282a.mpf_cache
2026-03-01 10:29:53,214 : INFO : ConfigProcessor : Loading config from cache: /var/folders/1s/015t8n3n70gcr2ch4xflj4yr0000gn/T/57f006170cd447d443f971cd8b826597.mpf_cache
2026-03-01 10:29:53,215 : INFO : ConfigProcessor : Loading config from cache: /var/folders/1s/015t8n3n70gcr2ch4xflj4yr0000gn/T/adb0ea3e4ccf2dafa758999a39c1d676.mpf_cache
2026-03-01 10:29:53,215 : INFO : Machine : Mission Pinball Framework Core Engine v0.80.0.dev13
2026-03-01 10:29:53,216 : INFO : Machine : Command line arguments: {'no_load_cache': False, 'create_config_cache': True, 'bcp': True, 'configfile': ['config.yaml'], 'force_assets_load': False, 'platform_integration_test': False, 'jsonlogging': False, 'logfile': 'logs/2026-03-01-10-29-52-mpf-ANDREs-Mac-mini.local.log', 'pause': False, 'production': False, 'text_ui': False, 'loglevel': 15, 'consoleloglevel': 20, 'force_platform': None, 'syslog_address': None, 'full_logfile_path': '/Users/pinball/NapoleonDynamite/logs/2026-03-01-10-29-52-mpf-ANDREs-Mac-mini.local.log'}
2026-03-01 10:29:53,216 : INFO : Machine : MPF path: /Users/pinball/mpf/lib/python3.14/site-packages/mpf
2026-03-01 10:29:53,216 : INFO : Machine : Machine path: /Users/pinball/NapoleonDynamite
2026-03-01 10:29:53,216 : INFO : Machine : Platform: darwin
2026-03-01 10:29:53,216 : INFO : Machine : Python executable location: /Users/pinball/mpf/bin/python3.14
2026-03-01 10:29:53,216 : INFO : Machine : Python version: 3.14.3 (64-bit)
2026-03-01 10:29:53,218 : INFO : Machine : Initializing MPF...
2026-03-01 10:29:53,333 : INFO : FAST : Auto-detecting ports for the following connections: ['net', 'exp']
2026-03-01 10:29:53,359 : INFO : FAST : Detected NET on port /dev/cu.usbmodem14101
2026-03-01 10:29:53,367 : INFO : FAST : Detected EXP on port /dev/cu.usbmodem14103
2026-03-01 10:29:53,473 : INFO : FAST [NET] : Trying to connect to /dev/cu.usbmodem14101 at 921600bps
2026-03-01 10:29:53,478 : INFO : FAST [NET] : Connected to /dev/cu.usbmodem14101 at 921600bps
2026-03-01 10:29:53,482 : INFO : FAST [NET] : Connected to FP-CPU-2000 with firmware v02.26
2026-03-01 10:29:53,484 : INFO : FAST [NET] : Registered I/O Board 0: Model: FP-I/O-0024, Firmware: 01.10, Switches: 24, Drivers: 8
2026-03-01 10:29:53,485 : INFO : FAST [NET] : Registered I/O Board 1: Model: FP-I/O-3208, Firmware: 01.10, Switches: 32, Drivers: 8
2026-03-01 10:29:53,487 : INFO : FAST [NET] : Registered I/O Board 2: Model: FP-I/O-0804, Firmware: 01.10, Switches: 8, Drivers: 4
2026-03-01 10:29:53,489 : INFO : FAST [EXP] : Trying to connect to /dev/cu.usbmodem14103 at 921600bps
2026-03-01 10:29:53,493 : INFO : FAST [EXP] : Connected to /dev/cu.usbmodem14103 at 921600bps
2026-03-01 10:29:53,495 : INFO : FAST [EXP] : Verifying hardware for EXP "neuron" (FP-EXP-2000, @48) with ID string "EXP FP-EXP-2000  0.34", board address 48
2026-03-01 10:29:53,496 : INFO : FAST [EXP] : Verifying hardware for EXP "neuron" (FP-EXP-2000, @48) with ID string "LED FP-BRK-0001  0.8", board address 480
2026-03-01 10:29:53,498 : INFO : EventManager : Event: ======'machine_var_credits_string'====== Args={'value': 'FREE PLAY', 'prev_value': None, 'change': True}
2026-03-01 10:29:53,522 : INFO : EventManager : Event: ======'machine_var_master_volume'====== Args={'value': 0.5, 'prev_value': None, 'change': True}
2026-03-01 10:29:53,522 : INFO : EventManager : Event: ======'machine_var_mpf_version'====== Args={'value': 'Mission Pinball Framework v0.80.0.dev13', 'prev_value': None, 'change': True}
2026-03-01 10:29:53,522 : INFO : EventManager : Event: ======'machine_var_mpf_extended_version'====== Args={'value': 'Mission Pinball Framework v0.80.0.dev13, Config version:6, Show version: 6, BCP version:1.1', 'prev_value': None, 'change': True}
2026-03-01 10:29:53,523 : INFO : EventManager : Event: ======'machine_var_python_version'====== Args={'value': '3.14.3', 'prev_value': None, 'change': True}
2026-03-01 10:29:53,547 : INFO : EventManager : Event: ======'machine_var_platform'====== Args={'value': 'macOS-14.8.4-x86_64-i386-64bit-Mach-O', 'prev_value': None, 'change': True}
2026-03-01 10:29:53,548 : INFO : EventManager : Event: ======'machine_var_platform_system'====== Args={'value': 'Darwin', 'prev_value': None, 'change': True}
2026-03-01 10:29:53,548 : INFO : EventManager : Event: ======'machine_var_platform_release'====== Args={'value': '23.6.0', 'prev_value': None, 'change': True}
2026-03-01 10:29:53,548 : INFO : EventManager : Event: ======'machine_var_platform_version'====== Args={'value': 'Darwin Kernel Version 23.6.0: Mon Jan 19 22:02:22 PST 2026; root:xnu-10063.141.1.710.3~1/RELEASE_X86_64', 'prev_value': None, 'change': True}
2026-03-01 10:29:53,548 : INFO : EventManager : Event: ======'machine_var_platform_machine'====== Args={'value': 'x86_64', 'prev_value': None, 'change': True}
2026-03-01 10:29:53,548 : INFO : EventManager : Event: ======'machine_var_log_file_path'====== Args={'value': '/Users/pinball/NapoleonDynamite/logs/2026-03-01-10-29-52-mpf-ANDREs-Mac-mini.local.log', 'prev_value': None, 'change': True}
2026-03-01 10:29:53,548 : INFO : EventManager : Event: ======'init_phase_1'====== Args={}
2026-03-01 10:29:53,775 : INFO : SwitchController : <<<<<<< 's_flipper_left_eos' active >>>>>>>
2026-03-01 10:29:53,775 : INFO : SwitchController : <<<<<<< 's_flipper_right_lower_eos' active >>>>>>>
2026-03-01 10:29:53,776 : INFO : SwitchController : <<<<<<< 's_trough_7' active >>>>>>>
2026-03-01 10:29:53,776 : INFO : SwitchController : <<<<<<< 's_sling_left' active >>>>>>>
2026-03-01 10:29:53,776 : INFO : SwitchController : <<<<<<< 's_bumper_lower' active >>>>>>>
2026-03-01 10:29:53,776 : INFO : SwitchController : <<<<<<< 's_bumper_upper' active >>>>>>>
2026-03-01 10:29:53,776 : INFO : SwitchController : <<<<<<< 's_inlane_right_2' active >>>>>>>
2026-03-01 10:29:53,776 : INFO : SwitchController : <<<<<<< 's_inlane_left' active >>>>>>>
2026-03-01 10:29:53,807 : INFO : EventManager : Event: ======'init_phase_2'====== Args={}
2026-03-01 10:29:53,808 : INFO : SwitchController : Found active switch: (37, [FAST Platform Interface]) <switch.s_flipper_left_eos>
2026-03-01 10:29:53,808 : INFO : SwitchController : Found active switch: (32, [FAST Platform Interface]) <switch.s_flipper_right_lower_eos>
2026-03-01 10:29:53,808 : INFO : SwitchController : Found active switch: (30, [FAST Platform Interface]) <switch.s_trough_7>
2026-03-01 10:29:53,808 : INFO : SwitchController : Found active switch: (40, [FAST Platform Interface]) <switch.s_sling_left>
2026-03-01 10:29:53,808 : INFO : SwitchController : Found active switch: (41, [FAST Platform Interface]) <switch.s_bumper_lower>
2026-03-01 10:29:53,808 : INFO : SwitchController : Found active switch: (42, [FAST Platform Interface]) <switch.s_bumper_upper>
2026-03-01 10:29:53,808 : INFO : SwitchController : Found active switch: (36, [FAST Platform Interface]) <switch.s_inlane_right_2>
2026-03-01 10:29:53,808 : INFO : SwitchController : Found active switch: (39, [FAST Platform Interface]) <switch.s_inlane_left>
2026-03-01 10:29:53,813 : INFO : EventManager : Event: ======'bcp_connection_attempt'====== Args={'name': 'local_display', 'host': 'localhost', 'port': 5050}
2026-03-01 10:29:53,815 : INFO : BCPClientSocket : Connecting BCP to 'local_display' at localhost:5050...
2026-03-01 10:29:53,824 : INFO : BCPClientSocket : Connected BCP to 'local_display' localhost:5050
2026-03-01 10:29:53,825 : INFO : EventManager : Event: ======'bcp_clients_connected'====== Args={}
2026-03-01 10:29:54,277 : INFO : ball_device.bd_trough : BCH: Initial count: 1
2026-03-01 10:29:54,278 : INFO : ball_device.bd_trough : State: idle
2026-03-01 10:29:54,279 : INFO : ball_device.bd_plunger : BCH: Initial count: 0
2026-03-01 10:29:54,279 : INFO : ball_device.bd_plunger : State: idle
2026-03-01 10:29:54,296 : INFO : EventManager : Event: ======'init_phase_3'====== Args={}
2026-03-01 10:29:54,299 : INFO : EventManager : Event: ======'init_phase_4'====== Args={}
2026-03-01 10:29:54,299 : INFO : BallController : Initial balls found: 1
2026-03-01 10:29:54,301 : INFO : EventManager : Event: ======'machine_var_audits_events_game_ended'====== Args={'value': 0, 'prev_value': None, 'change': True}
2026-03-01 10:29:54,301 : INFO : EventManager : Event: ======'machine_var_audits_events_game_started'====== Args={'value': 9, 'prev_value': None, 'change': True}
2026-03-01 10:29:54,301 : INFO : EventManager : Event: ======'machine_var_audits_missing_switches_s_bumper_upper'====== Args={'value': 1, 'prev_value': None, 'change': True}
2026-03-01 10:29:54,301 : INFO : EventManager : Event: ======'machine_var_audits_missing_switches_s_flipper_left'====== Args={'value': 9, 'prev_value': None, 'change': True}
2026-03-01 10:29:54,301 : INFO : EventManager : Event: ======'machine_var_audits_missing_switches_s_flipper_right_lower'====== Args={'value': 9, 'prev_value': None, 'change': True}
2026-03-01 10:29:54,301 : INFO : EventManager : Event: ======'machine_var_audits_missing_switches_s_flipper_right_upper'====== Args={'value': 9, 'prev_value': None, 'change': True}
2026-03-01 10:29:54,301 : INFO : EventManager : Event: ======'machine_var_audits_missing_switches_s_inlane_right_1'====== Args={'value': 8, 'prev_value': None, 'change': True}
2026-03-01 10:29:54,301 : INFO : EventManager : Event: ======'machine_var_audits_missing_switches_s_plunger_lane'====== Args={'value': 9, 'prev_value': None, 'change': True}
2026-03-01 10:29:54,301 : INFO : EventManager : Event: ======'machine_var_audits_missing_switches_s_sling_left'====== Args={'value': 9, 'prev_value': None, 'change': True}
2026-03-01 10:29:54,301 : INFO : EventManager : Event: ======'machine_var_audits_missing_switches_s_sling_right'====== Args={'value': 9, 'prev_value': None, 'change': True}
2026-03-01 10:29:54,301 : INFO : EventManager : Event: ======'machine_var_audits_missing_switches_s_start'====== Args={'value': 6, 'prev_value': None, 'change': True}
2026-03-01 10:29:54,301 : INFO : EventManager : Event: ======'machine_var_audits_missing_switches_s_trough_1'====== Args={'value': 9, 'prev_value': None, 'change': True}
2026-03-01 10:29:54,302 : INFO : EventManager : Event: ======'machine_var_audits_missing_switches_s_trough_2'====== Args={'value': 9, 'prev_value': None, 'change': True}
2026-03-01 10:29:54,302 : INFO : EventManager : Event: ======'machine_var_audits_missing_switches_s_trough_3'====== Args={'value': 9, 'prev_value': None, 'change': True}
2026-03-01 10:29:54,302 : INFO : EventManager : Event: ======'machine_var_audits_missing_switches_s_trough_4'====== Args={'value': 9, 'prev_value': None, 'change': True}
2026-03-01 10:29:54,302 : INFO : EventManager : Event: ======'machine_var_audits_missing_switches_s_trough_5'====== Args={'value': 9, 'prev_value': None, 'change': True}
2026-03-01 10:29:54,302 : INFO : EventManager : Event: ======'machine_var_audits_missing_switches_s_trough_6'====== Args={'value': 9, 'prev_value': None, 'change': True}
2026-03-01 10:29:54,302 : INFO : EventManager : Event: ======'machine_var_audits_missing_switches_s_trough_7'====== Args={'value': 9, 'prev_value': None, 'change': True}
2026-03-01 10:29:54,302 : INFO : EventManager : Event: ======'machine_var_audits_player_score'====== Args={'value': {'average': 0, 'top': [], 'total': 0}, 'prev_value': None, 'change': True}
2026-03-01 10:29:54,302 : INFO : EventManager : Event: ======'machine_var_audits_shots_bumper_lower'====== Args={'value': 76, 'prev_value': None, 'change': True}
2026-03-01 10:29:54,302 : INFO : EventManager : Event: ======'machine_var_audits_shots_bumper_upper'====== Args={'value': 81, 'prev_value': None, 'change': True}
2026-03-01 10:29:54,302 : INFO : EventManager : Event: ======'machine_var_audits_shots_hurryup'====== Args={'value': 3, 'prev_value': None, 'change': True}
2026-03-01 10:29:54,302 : INFO : EventManager : Event: ======'machine_var_audits_shots_inlane_left'====== Args={'value': 17, 'prev_value': None, 'change': True}
2026-03-01 10:29:54,302 : INFO : EventManager : Event: ======'machine_var_audits_shots_left_lane'====== Args={'value': 8, 'prev_value': None, 'change': True}
2026-03-01 10:29:54,302 : INFO : EventManager : Event: ======'machine_var_audits_switches_s_bumper_lower'====== Args={'value': 76, 'prev_value': None, 'change': True}
2026-03-01 10:29:54,302 : INFO : EventManager : Event: ======'machine_var_audits_switches_s_bumper_upper'====== Args={'value': 81, 'prev_value': None, 'change': True}
2026-03-01 10:29:54,302 : INFO : EventManager : Event: ======'machine_var_audits_switches_s_flipper_left'====== Args={'value': 0, 'prev_value': None, 'change': True}
2026-03-01 10:29:54,302 : INFO : EventManager : Event: ======'machine_var_audits_switches_s_flipper_right_lower'====== Args={'value': 0, 'prev_value': None, 'change': True}
2026-03-01 10:29:54,302 : INFO : EventManager : Event: ======'machine_var_audits_switches_s_flipper_right_upper'====== Args={'value': 0, 'prev_value': None, 'change': True}
2026-03-01 10:29:54,303 : INFO : EventManager : Event: ======'machine_var_audits_switches_s_inlane_left'====== Args={'value': 27, 'prev_value': None, 'change': True}
2026-03-01 10:29:54,303 : INFO : EventManager : Event: ======'machine_var_audits_switches_s_inlane_right_1'====== Args={'value': 2, 'prev_value': None, 'change': True}
2026-03-01 10:29:54,303 : INFO : EventManager : Event: ======'machine_var_audits_switches_s_inlane_right_2'====== Args={'value': 3, 'prev_value': None, 'change': True}
2026-03-01 10:29:54,303 : INFO : EventManager : Event: ======'machine_var_audits_switches_s_plunger_lane'====== Args={'value': 0, 'prev_value': None, 'change': True}
2026-03-01 10:29:54,303 : INFO : EventManager : Event: ======'machine_var_audits_switches_s_sling_left'====== Args={'value': 0, 'prev_value': None, 'change': True}
2026-03-01 10:29:54,303 : INFO : EventManager : Event: ======'machine_var_audits_switches_s_sling_right'====== Args={'value': 0, 'prev_value': None, 'change': True}
2026-03-01 10:29:54,303 : INFO : EventManager : Event: ======'machine_var_audits_switches_s_start'====== Args={'value': 3, 'prev_value': None, 'change': True}
2026-03-01 10:29:54,303 : INFO : EventManager : Event: ======'machine_var_audits_switches_s_trough_1'====== Args={'value': 0, 'prev_value': None, 'change': True}
2026-03-01 10:29:54,303 : INFO : EventManager : Event: ======'machine_var_audits_switches_s_trough_2'====== Args={'value': 0, 'prev_value': None, 'change': True}
2026-03-01 10:29:54,303 : INFO : EventManager : Event: ======'machine_var_audits_switches_s_trough_3'====== Args={'value': 0, 'prev_value': None, 'change': True}
2026-03-01 10:29:54,303 : INFO : EventManager : Event: ======'machine_var_audits_switches_s_trough_4'====== Args={'value': 0, 'prev_value': None, 'change': True}
2026-03-01 10:29:54,303 : INFO : EventManager : Event: ======'machine_var_audits_switches_s_trough_5'====== Args={'value': 0, 'prev_value': None, 'change': True}
2026-03-01 10:29:54,303 : INFO : EventManager : Event: ======'machine_var_audits_switches_s_trough_6'====== Args={'value': 0, 'prev_value': None, 'change': True}
2026-03-01 10:29:54,303 : INFO : EventManager : Event: ======'machine_var_audits_switches_s_trough_7'====== Args={'value': 0, 'prev_value': None, 'change': True}
2026-03-01 10:29:54,303 : INFO : EventManager : Event: ======'machine_var_audits_switches_s_flipper_right_lower_eos'====== Args={'value': 0, 'prev_value': None, 'change': True}
2026-03-01 10:29:54,303 : INFO : EventManager : Event: ======'machine_var_audits_switches_s_flipper_right_upper_eos'====== Args={'value': 0, 'prev_value': None, 'change': True}
2026-03-01 10:29:54,303 : INFO : EventManager : Event: ======'machine_var_audits_switches_s_scoop_tina'====== Args={'value': 0, 'prev_value': None, 'change': True}
2026-03-01 10:29:54,304 : INFO : EventManager : Event: ======'machine_var_audits_switches_s_flipper_left_eos'====== Args={'value': 0, 'prev_value': None, 'change': True}
2026-03-01 10:29:54,304 : INFO : EventManager : Event: ======'init_phase_5'====== Args={}
2026-03-01 10:29:54,305 : INFO : ball_device.bd_trough : BCH: Count is unstable. Trying to reorder balls.
2026-03-01 10:29:54,305 : WARNING : ball_device.bd_trough : Cannot reorder device because eject_coil_reorder_pulse is not configured
2026-03-01 10:29:54,305 : INFO : ball_device.bd_trough : BCH: Repulse done. Waiting for balls to settle.
2026-03-01 10:29:54,305 : INFO : ball_device.bd_trough : BCH: Reordered count: 1
2026-03-01 10:29:54,306 : INFO : EventManager : Event: ======'init_done'====== Args={}
2026-03-01 10:29:54,306 : INFO : EventManager : Event: ======'machine_reset_phase_1'====== Args={}
2026-03-01 10:29:54,343 : INFO : EventManager : Event: ======'machine_reset_phase_2'====== Args={}
2026-03-01 10:29:54,343 : INFO : EventManager : Event: ======'machine_reset_phase_3'====== Args={}
2026-03-01 10:29:54,344 : INFO : EventManager : Event: ======'reset_complete'====== Args={}
2026-03-01 10:29:54,344 : INFO : EventManager : Event: ======'mode_attract_will_start'====== Args={}
2026-03-01 10:29:54,345 : INFO : Timer.attract_carousel_timer : Starting Timer.
2026-03-01 10:29:54,345 : INFO : EventManager : Event: ======'timer_attract_carousel_timer_started'====== Args={'ticks': 0, 'ticks_remaining': 1}
2026-03-01 10:29:54,345 : INFO : EventManager : Event: ======'timer_attract_carousel_timer_tick'====== Args={'ticks': 0, 'ticks_remaining': 1}
2026-03-01 10:29:54,346 : INFO : EventManager : Event: ======'mode_attract_starting'====== Args={}
2026-03-01 10:29:54,346 : INFO : Mode.attract : Started. Priority: 10
2026-03-01 10:29:54,346 : INFO : EventManager : Event: ======'modes_active_modes_changed'====== Args={}
2026-03-01 10:29:54,346 : INFO : EventManager : Event: ======'mode_attract_started'====== Args={}
2026-03-01 10:29:54,347 : INFO : EventManager : Event: ======'collecting_balls_complete'====== Args={}
2026-03-01 10:29:54,350 : INFO : EventManager : Event: ======'carousel_item_highlighted'====== Args={'carousel': 'attract', 'direction': None, 'item': 'title'}
2026-03-01 10:29:54,351 : INFO : EventManager : Event: ======'timer_attract_carousel_timer_tick'====== Args={'ticks': 0, 'ticks_remaining': 1}
2026-03-01 10:29:54,351 : INFO : Machine : Starting the main run loop with active modes: [<Mode.attract>]
2026-03-01 10:29:54,578 : INFO : EventManager : Event: ======'slide_attract_created'====== Args={'_from_bcp': True}
2026-03-01 10:29:54,578 : INFO : EventManager : Event: ======'slide__removed'====== Args={'_from_bcp': True}
2026-03-01 10:29:54,579 : INFO : EventManager : Event: ======'slide_attract_active'====== Args={'original_context': 'attract', 'original_calling_context': 'mode_attract_started', 'priority': 10.0, 'cmd': 'slides_play', '_from_bcp': True}
2026-03-01 10:29:59,351 : INFO : Timer.attract_carousel_timer : Timer Complete
2026-03-01 10:29:59,352 : INFO : Timer.attract_carousel_timer : Stopping Timer
2026-03-01 10:29:59,352 : INFO : EventManager : Event: ======'timer_attract_carousel_timer_stopped'====== Args={'ticks': 1, 'ticks_remaining': 1}
2026-03-01 10:29:59,352 : INFO : EventManager : Event: ======'timer_attract_carousel_timer_complete'====== Args={'ticks': 1, 'ticks_remaining': 1}
2026-03-01 10:29:59,352 : INFO : EventManager : Event: ======'carousel_item_highlighted'====== Args={'carousel': 'attract', 'direction': 'forwards', 'item': 'credits'}
2026-03-01 10:29:59,352 : INFO : Timer.attract_carousel_timer : Starting Timer.
2026-03-01 10:29:59,353 : INFO : EventManager : Event: ======'timer_attract_carousel_timer_started'====== Args={'ticks': 0, 'ticks_remaining': 1}
2026-03-01 10:29:59,353 : INFO : EventManager : Event: ======'timer_attract_carousel_timer_tick'====== Args={'ticks': 0, 'ticks_remaining': 1}
2026-03-01 10:30:01,158 : INFO : SwitchController : <<<<<<< 's_flipper_right_upper' active >>>>>>>
2026-03-01 10:30:01,160 : INFO : SwitchController : <<<<<<< 's_flipper_right_lower' active >>>>>>>
2026-03-01 10:30:01,161 : INFO : EventManager : Event: ======'s_flipper_right_lower_active'====== Args={}
2026-03-01 10:30:01,161 : INFO : EventManager : Event: ======'carousel_item_highlighted'====== Args={'carousel': 'attract', 'direction': 'forwards', 'item': 'logo'}
2026-03-01 10:30:01,161 : INFO : EventManager : Event: ======'timer_attract_carousel_timer_tick'====== Args={'ticks': 0, 'ticks_remaining': 1}
2026-03-01 10:30:01,304 : INFO : SwitchController : <<<<<<< 's_flipper_right_lower' inactive >>>>>>>
2026-03-01 10:30:01,314 : INFO : SwitchController : <<<<<<< 's_flipper_right_upper' inactive >>>>>>>
2026-03-01 10:30:01,423 : INFO : SwitchController : <<<<<<< 's_flipper_right_upper' active >>>>>>>
2026-03-01 10:30:01,425 : INFO : SwitchController : <<<<<<< 's_flipper_right_lower' active >>>>>>>
2026-03-01 10:30:01,425 : INFO : EventManager : Event: ======'s_flipper_right_lower_active'====== Args={}
2026-03-01 10:30:01,426 : INFO : EventManager : Event: ======'carousel_item_highlighted'====== Args={'carousel': 'attract', 'direction': 'forwards', 'item': 'title'}
2026-03-01 10:30:01,426 : INFO : EventManager : Event: ======'timer_attract_carousel_timer_tick'====== Args={'ticks': 0, 'ticks_remaining': 1}
2026-03-01 10:30:01,554 : INFO : SwitchController : <<<<<<< 's_flipper_right_lower' inactive >>>>>>>
2026-03-01 10:30:01,560 : INFO : SwitchController : <<<<<<< 's_flipper_right_upper' inactive >>>>>>>
2026-03-01 10:30:01,906 : INFO : SwitchController : <<<<<<< 's_flipper_right_upper' active >>>>>>>
2026-03-01 10:30:01,910 : INFO : SwitchController : <<<<<<< 's_flipper_right_lower' active >>>>>>>
2026-03-01 10:30:01,910 : INFO : EventManager : Event: ======'s_flipper_right_lower_active'====== Args={}
2026-03-01 10:30:01,910 : INFO : EventManager : Event: ======'carousel_item_highlighted'====== Args={'carousel': 'attract', 'direction': 'forwards', 'item': 'credits'}
2026-03-01 10:30:01,911 : INFO : EventManager : Event: ======'timer_attract_carousel_timer_tick'====== Args={'ticks': 0, 'ticks_remaining': 1}
2026-03-01 10:30:02,050 : INFO : SwitchController : <<<<<<< 's_flipper_right_lower' inactive >>>>>>>
2026-03-01 10:30:02,057 : INFO : SwitchController : <<<<<<< 's_flipper_right_upper' inactive >>>>>>>
2026-03-01 10:30:04,951 : INFO : SwitchController : <<<<<<< 's_flipper_right_lower' active >>>>>>>
2026-03-01 10:30:04,951 : INFO : EventManager : Event: ======'s_flipper_right_lower_active'====== Args={}
2026-03-01 10:30:04,951 : INFO : SwitchController : <<<<<<< 's_flipper_right_upper' active >>>>>>>
2026-03-01 10:30:04,951 : INFO : EventManager : Event: ======'carousel_item_highlighted'====== Args={'carousel': 'attract', 'direction': 'forwards', 'item': 'logo'}
2026-03-01 10:30:04,952 : INFO : EventManager : Event: ======'timer_attract_carousel_timer_tick'====== Args={'ticks': 0, 'ticks_remaining': 1}
2026-03-01 10:30:05,041 : INFO : SwitchController : <<<<<<< 's_flipper_right_lower' inactive >>>>>>>
2026-03-01 10:30:05,048 : INFO : SwitchController : <<<<<<< 's_flipper_right_upper' inactive >>>>>>>
2026-03-01 10:30:05,178 : INFO : SwitchController : <<<<<<< 's_flipper_right_upper' active >>>>>>>
2026-03-01 10:30:05,181 : INFO : SwitchController : <<<<<<< 's_flipper_right_lower' active >>>>>>>
2026-03-01 10:30:05,182 : INFO : EventManager : Event: ======'s_flipper_right_lower_active'====== Args={}
2026-03-01 10:30:05,182 : INFO : EventManager : Event: ======'carousel_item_highlighted'====== Args={'carousel': 'attract', 'direction': 'forwards', 'item': 'title'}
2026-03-01 10:30:05,182 : INFO : EventManager : Event: ======'timer_attract_carousel_timer_tick'====== Args={'ticks': 0, 'ticks_remaining': 1}
2026-03-01 10:30:05,251 : INFO : SwitchController : <<<<<<< 's_flipper_right_lower' inactive >>>>>>>
2026-03-01 10:30:05,256 : INFO : SwitchController : <<<<<<< 's_flipper_right_upper' inactive >>>>>>>
2026-03-01 10:30:05,364 : INFO : SwitchController : <<<<<<< 's_flipper_right_upper' active >>>>>>>
2026-03-01 10:30:05,367 : INFO : SwitchController : <<<<<<< 's_flipper_right_lower' active >>>>>>>
2026-03-01 10:30:05,367 : INFO : EventManager : Event: ======'s_flipper_right_lower_active'====== Args={}
2026-03-01 10:30:05,367 : INFO : EventManager : Event: ======'carousel_item_highlighted'====== Args={'carousel': 'attract', 'direction': 'forwards', 'item': 'credits'}
2026-03-01 10:30:05,367 : INFO : EventManager : Event: ======'timer_attract_carousel_timer_tick'====== Args={'ticks': 0, 'ticks_remaining': 1}
2026-03-01 10:30:05,429 : INFO : SwitchController : <<<<<<< 's_flipper_right_lower' inactive >>>>>>>
2026-03-01 10:30:05,433 : INFO : SwitchController : <<<<<<< 's_flipper_right_upper' inactive >>>>>>>
2026-03-01 10:30:05,549 : INFO : SwitchController : <<<<<<< 's_flipper_right_upper' active >>>>>>>
2026-03-01 10:30:05,550 : INFO : SwitchController : <<<<<<< 's_flipper_right_lower' active >>>>>>>
2026-03-01 10:30:05,550 : INFO : EventManager : Event: ======'s_flipper_right_lower_active'====== Args={}
2026-03-01 10:30:05,550 : INFO : EventManager : Event: ======'carousel_item_highlighted'====== Args={'carousel': 'attract', 'direction': 'forwards', 'item': 'logo'}
2026-03-01 10:30:05,551 : INFO : EventManager : Event: ======'timer_attract_carousel_timer_tick'====== Args={'ticks': 0, 'ticks_remaining': 1}
2026-03-01 10:30:05,610 : INFO : SwitchController : <<<<<<< 's_flipper_right_lower' inactive >>>>>>>
2026-03-01 10:30:05,615 : INFO : SwitchController : <<<<<<< 's_flipper_right_upper' inactive >>>>>>>
2026-03-01 10:30:05,715 : INFO : SwitchController : <<<<<<< 's_flipper_right_upper' active >>>>>>>
2026-03-01 10:30:05,717 : INFO : SwitchController : <<<<<<< 's_flipper_right_lower' active >>>>>>>
2026-03-01 10:30:05,717 : INFO : EventManager : Event: ======'s_flipper_right_lower_active'====== Args={}
2026-03-01 10:30:05,717 : INFO : EventManager : Event: ======'carousel_item_highlighted'====== Args={'carousel': 'attract', 'direction': 'forwards', 'item': 'title'}
2026-03-01 10:30:05,718 : INFO : EventManager : Event: ======'timer_attract_carousel_timer_tick'====== Args={'ticks': 0, 'ticks_remaining': 1}
2026-03-01 10:30:05,778 : INFO : SwitchController : <<<<<<< 's_flipper_right_lower' inactive >>>>>>>
2026-03-01 10:30:05,784 : INFO : SwitchController : <<<<<<< 's_flipper_right_upper' inactive >>>>>>>
2026-03-01 10:30:06,627 : INFO : SwitchController : <<<<<<< 's_start' active >>>>>>>
2026-03-01 10:30:06,792 : INFO : SwitchController : <<<<<<< 's_start' inactive >>>>>>>
2026-03-01 10:30:06,792 : INFO : EventManager : Event: ======'request_to_start_game'====== Args={}
2026-03-01 10:30:06,792 : INFO : EventManager : Event: ======'game_start'====== Args={'buttons': [], 'hold_time': 0.16421338800046215}
2026-03-01 10:30:06,792 : INFO : EventManager : Event: ======'mode_game_will_start'====== Args={'buttons': [], 'hold_time': 0.16421338800046215}
2026-03-01 10:30:06,793 : INFO : EventManager : Event: ======'mode_game_starting'====== Args={'buttons': [], 'hold_time': 0.16421338800046215}
2026-03-01 10:30:06,793 : INFO : EventManager : Event: ======'mode_attract_will_stop'====== Args={}
2026-03-01 10:30:06,794 : INFO : EventManager : Event: ======'mode_attract_stopping'====== Args={}
2026-03-01 10:30:06,794 : INFO : Mode.attract : Stopped.
2026-03-01 10:30:06,794 : INFO : EventManager : Event: ======'modes_active_modes_changed'====== Args={}
2026-03-01 10:30:06,794 : INFO : EventManager : Event: ======'mode_attract_stopped'====== Args={}
2026-03-01 10:30:06,794 : INFO : EventManager : Event: ======'clear'====== Args={'key': 'attract'}
2026-03-01 10:30:06,795 : INFO : Timer.attract_carousel_timer : Stopping Timer
2026-03-01 10:30:06,796 : INFO : EventManager : Event: ======'timer_attract_carousel_timer_stopped'====== Args={'ticks': 0, 'ticks_remaining': 1}
2026-03-01 10:30:06,796 : INFO : Mode.game : Started. Priority: 20
2026-03-01 10:30:06,796 : INFO : EventManager : Event: ======'modes_active_modes_changed'====== Args={}
2026-03-01 10:30:06,796 : INFO : EventManager : Event: ======'mode_game_started'====== Args={'buttons': [], 'hold_time': 0.16421338800046215}
2026-03-01 10:30:06,797 : INFO : EventManager : Event: ======'game_will_start'====== Args={}
2026-03-01 10:30:06,797 : INFO : EventManager : Event: ======'game_starting'====== Args={'game': <Mode.game>}
2026-03-01 10:30:06,798 : INFO : EventManager : Unordered handler for class <Auditor> on event game_ended with priority 1. Handlers: [RegisteredHandler(callback=<bound method Auditor.disable of <Auditor>>, priority=1, kwargs={}, key=UUID('bea3b8f0-8ae0-48f9-9994-5c6a1c67adc0'), condition=None, blocking_facility=None), RegisteredHandler(callback=<bound method Auditor._save_audits of <Auditor>>, priority=1, kwargs={}, key=UUID('9e42df98-d5a7-43b6-89e9-cb5c5f0d87bf'), condition=None, blocking_facility=None)]. The order of those handlers is not defined and they will be executed in random order. This might lead to race conditions and potential bugs.
2026-03-01 10:30:06,799 : INFO : EventManager : Event: ======'player_add_request'====== Args={}
2026-03-01 10:30:06,799 : INFO : EventManager : Event: ======'player_will_add'====== Args={'number': 1}
2026-03-01 10:30:06,799 : INFO : EventManager : Event: ======'player_adding'====== Args={'player': <Player 1>, 'number': 1}
2026-03-01 10:30:06,799 : INFO : EventManager : Event: ======'player_added'====== Args={'player': <Player 1>, 'num': 1}
2026-03-01 10:30:06,799 : INFO : Mode.game : Player added successfully. Total players: 1
2026-03-01 10:30:06,800 : INFO : EventManager : Event: ======'player_index'====== Args={'value': 0, 'prev_value': 0, 'change': 0, 'player_num': 1}
2026-03-01 10:30:06,800 : INFO : EventManager : Event: ======'player_number'====== Args={'value': 1, 'prev_value': 1, 'change': 0, 'player_num': 1}
2026-03-01 10:30:06,800 : INFO : EventManager : Event: ======'player_score'====== Args={'value': 0, 'prev_value': 0, 'change': 0, 'player_num': 1}
2026-03-01 10:30:06,801 : INFO : EventManager : Event: ======'game_started'====== Args={}
2026-03-01 10:30:06,801 : INFO : EventManager : Event: ======'player_turn_will_start'====== Args={'player': <Player 1>, 'number': 1}
2026-03-01 10:30:06,802 : INFO : EventManager : Event: ======'player_turn_starting'====== Args={'player': <Player 1>, 'number': 1}
2026-03-01 10:30:06,808 : INFO : EventManager : Event: ======'player_ball'====== Args={'value': 1, 'prev_value': 0, 'change': 1, 'player_num': 1}
2026-03-01 10:30:06,809 : INFO : EventManager : Event: ======'player_turn_started'====== Args={'player': <Player 1>, 'number': 1}
2026-03-01 10:30:06,811 : INFO : EventManager : Event: ======'ball_will_start'====== Args={'player': 1, 'ball': 1, 'balls_remaining': 2, 'is_extra_ball': False}
2026-03-01 10:30:06,812 : INFO : EventManager : Event: ======'ball_starting'====== Args={'player': 1, 'ball': 1, 'balls_remaining': 2, 'is_extra_ball': False}
2026-03-01 10:30:06,812 : INFO : EventManager : Event: ======'mode_base_will_start'====== Args={'queue': <QueuedEvent>, 'player': 1, 'ball': 1, 'balls_remaining': 2, 'is_extra_ball': False}
2026-03-01 10:30:06,813 : INFO : EventManager : Event: ======'player_shot_left_lane_enabled'====== Args={'value': True, 'prev_value': 0, 'change': 1, 'player_num': 1}
2026-03-01 10:30:06,815 : INFO : EventManager : Event: ======'mode_base_starting'====== Args={'queue': <QueuedEvent>, 'player': 1, 'ball': 1, 'balls_remaining': 2, 'is_extra_ball': False}
2026-03-01 10:30:06,816 : INFO : Mode.base : Started. Priority: 100
2026-03-01 10:30:06,816 : INFO : EventManager : Event: ======'modes_active_modes_changed'====== Args={}
2026-03-01 10:30:06,816 : INFO : EventManager : Event: ======'mode_base_started'====== Args={'queue': <QueuedEvent>, 'player': 1, 'ball': 1, 'balls_remaining': 2, 'is_extra_ball': False}
2026-03-01 10:30:06,816 : INFO : EventManager : Event: ======'start_mode_bumpers'====== Args={'priority': 0}
2026-03-01 10:30:06,817 : INFO : EventManager : Event: ======'mode_bumpers_will_start'====== Args={'priority': 0}
2026-03-01 10:30:06,817 : INFO : EventManager : Event: ======'player_shot_bumper_lower_enabled'====== Args={'value': True, 'prev_value': 0, 'change': 1, 'player_num': 1}
2026-03-01 10:30:06,817 : INFO : EventManager : Event: ======'player_shot_bumper_upper_enabled'====== Args={'value': True, 'prev_value': 0, 'change': 1, 'player_num': 1}
2026-03-01 10:30:06,818 : INFO : EventManager : Event: ======'bumpers_complete'====== Args={'state': 'unlit'}
2026-03-01 10:30:06,818 : INFO : EventManager : Event: ======'bumpers_unlit_complete'====== Args={}
2026-03-01 10:30:06,819 : INFO : EventManager : Event: ======'mode_bumpers_starting'====== Args={'priority': 0}
2026-03-01 10:30:06,819 : INFO : Mode.bumpers : Started. Priority: 200
2026-03-01 10:30:06,819 : INFO : EventManager : Event: ======'modes_active_modes_changed'====== Args={}
2026-03-01 10:30:06,819 : INFO : EventManager : Event: ======'mode_bumpers_started'====== Args={'priority': 0}
2026-03-01 10:30:06,819 : INFO : EventManager : Event: ======'balls_in_play'====== Args={'balls': 1}
2026-03-01 10:30:06,819 : INFO : EventManager : Event: ======'ball_started'====== Args={'player': 1, 'ball': 1, 'balls_remaining': 2, 'is_extra_ball': False}
2026-03-01 10:30:06,821 : INFO : EventManager : Event: ======'single_player_ball_started'====== Args={}
2026-03-01 10:30:06,822 : INFO : EventManager : Event: ======'ball_start_target'====== Args={'target': 'playfield'}
2026-03-01 10:30:06,822 : INFO : ball_device.bd_trough : Setting up player-controlled eject. Balls: 1, Target: <playfield.playfield>, player_controlled_eject_event: None
2026-03-01 10:30:06,822 : INFO : ball_device.bd_trough : Adding 1 ball(s) to the eject_queue with target <playfield.playfield>.
2026-03-01 10:30:06,822 : INFO : EventManager : Event: ======'balldevice_balls_available'====== Args={}
2026-03-01 10:30:06,823 : INFO : ball_device.bd_trough : BCH: Count is unstable. Trying to reorder balls.
2026-03-01 10:30:06,824 : WARNING : ball_device.bd_trough : Cannot reorder device because eject_coil_reorder_pulse is not configured
2026-03-01 10:30:06,824 : INFO : ball_device.bd_trough : BCH: Repulse done. Waiting for balls to settle.
2026-03-01 10:30:06,824 : INFO : ball_device.bd_trough : State: waiting_for_target_ready
2026-03-01 10:30:06,824 : INFO : EventManager : Event: ======'balldevice_bd_trough_ball_eject_attempt'====== Args={'balls': 1, 'target': <ball_device.bd_plunger>, 'source': <ball_device.bd_trough>, 'mechanical_eject': False, 'num_attempts': 0}
2026-03-01 10:30:06,824 : INFO : ball_device.bd_plunger : State: waiting_for_ball
2026-03-01 10:30:06,825 : INFO : ball_device.bd_trough : State: ejecting
2026-03-01 10:30:06,825 : INFO : ball_device.bd_trough : Ejecting ball to <ball_device.bd_plunger>
2026-03-01 10:30:06,825 : INFO : EventManager : Event: ======'balldevice_bd_trough_ejecting_ball'====== Args={'balls': 1, 'target': <ball_device.bd_plunger>, 'source': <ball_device.bd_trough>, 'mechanical_eject': False, 'num_attempts': 0}
2026-03-01 10:30:06,826 : INFO : ball_device.bd_trough : Wait for ball to leave device
2026-03-01 10:30:06,826 : INFO : coil.c_trough_eject : Pulsing Driver for 10ms (1.0 pulse_power)
2026-03-01 10:30:06,833 : INFO : SwitchController : <<<<<<< 's_sling_left' inactive >>>>>>>
2026-03-01 10:30:06,854 : INFO : SwitchController : <<<<<<< 's_trough_1' active >>>>>>>
2026-03-01 10:30:06,854 : INFO : EventManager : Event: ======'machine_var_audits_switches_s_trough_1'====== Args={'value': 1, 'prev_value': 0, 'change': 1}
2026-03-01 10:30:06,855 : INFO : SwitchController : <<<<<<< 's_trough_7' inactive >>>>>>>
2026-03-01 10:30:06,856 : INFO : ball_device.bd_trough : State: ball_left
2026-03-01 10:30:06,856 : INFO : ball_device.bd_trough : Ball left
2026-03-01 10:30:06,856 : INFO : ball_device.bd_trough : Wait for confirm with timeout 10.0
2026-03-01 10:30:06,889 : INFO : SwitchController : <<<<<<< 's_trough_7' active >>>>>>>
2026-03-01 10:30:06,890 : INFO : EventManager : Event: ======'machine_var_audits_switches_s_trough_7'====== Args={'value': 1, 'prev_value': 0, 'change': 1}
2026-03-01 10:30:06,922 : INFO : EventManager : Event: ======'slide_base_slide_created'====== Args={'_from_bcp': True}
2026-03-01 10:30:06,922 : INFO : EventManager : Event: ======'slide_attract_inactive'====== Args={'is_removing': True, '_from_bcp': True}
2026-03-01 10:30:06,923 : INFO : EventManager : Event: ======'slide_base_slide_active'====== Args={'original_context': 'base', 'original_calling_context': 'mode_base_started', 'priority': 100.0, 'queue': '<QueuedEvent>', 'player': 1.0, 'ball': 1.0, 'balls_remaining': 2.0, 'is_extra_ball': False, 'cmd': 'slides_play', '_from_bcp': True}
2026-03-01 10:30:06,923 : INFO : EventManager : Event: ======'slide_attract_removed'====== Args={'_from_bcp': True}
2026-03-01 10:30:07,019 : INFO : SwitchController : <<<<<<< 's_trough_7' inactive >>>>>>>
2026-03-01 10:30:07,079 : INFO : SwitchController : <<<<<<< 's_trough_2' active >>>>>>>
2026-03-01 10:30:07,079 : INFO : EventManager : Event: ======'machine_var_audits_switches_s_trough_2'====== Args={'value': 1, 'prev_value': 0, 'change': 1}
2026-03-01 10:30:07,082 : INFO : SwitchController : <<<<<<< 's_trough_4' active >>>>>>>
2026-03-01 10:30:07,082 : INFO : EventManager : Event: ======'machine_var_audits_switches_s_trough_4'====== Args={'value': 1, 'prev_value': 0, 'change': 1}
2026-03-01 10:30:07,083 : INFO : SwitchController : <<<<<<< 's_trough_3' active >>>>>>>
2026-03-01 10:30:07,084 : INFO : EventManager : Event: ======'machine_var_audits_switches_s_trough_3'====== Args={'value': 1, 'prev_value': 0, 'change': 1}
2026-03-01 10:30:07,125 : INFO : SwitchController : <<<<<<< 's_trough_6' active >>>>>>>
2026-03-01 10:30:07,125 : INFO : EventManager : Event: ======'machine_var_audits_switches_s_trough_6'====== Args={'value': 1, 'prev_value': 0, 'change': 1}
2026-03-01 10:30:07,504 : INFO : SwitchController : <<<<<<< 's_trough_5' active >>>>>>>
2026-03-01 10:30:07,504 : INFO : EventManager : Event: ======'machine_var_audits_switches_s_trough_5'====== Args={'value': 1, 'prev_value': 0, 'change': 1}
2026-03-01 10:30:07,653 : INFO : SwitchController : <<<<<<< 's_trough_6' inactive >>>>>>>
2026-03-01 10:30:07,766 : INFO : SwitchController : <<<<<<< 's_trough_6' active >>>>>>>
2026-03-01 10:30:07,767 : INFO : EventManager : Event: ======'machine_var_audits_switches_s_trough_6'====== Args={'value': 2, 'prev_value': 1, 'change': 1}
2026-03-01 10:30:07,784 : INFO : SwitchController : <<<<<<< 's_trough_1' inactive >>>>>>>
2026-03-01 10:30:07,807 : INFO : SwitchController : <<<<<<< 's_trough_2' inactive >>>>>>>
2026-03-01 10:30:07,813 : INFO : SwitchController : <<<<<<< 's_trough_3' inactive >>>>>>>
2026-03-01 10:30:07,813 : INFO : SwitchController : <<<<<<< 's_trough_4' inactive >>>>>>>
2026-03-01 10:30:07,815 : INFO : SwitchController : <<<<<<< 's_trough_5' inactive >>>>>>>
2026-03-01 10:30:10,117 : INFO : SwitchController : <<<<<<< 's_start' active >>>>>>>
2026-03-01 10:30:10,117 : INFO : EventManager : Event: ======'sw_start'====== Args={}
2026-03-01 10:30:10,117 : INFO : EventManager : Event: ======'machine_var_audits_switches_s_start'====== Args={'value': 4, 'prev_value': 3, 'change': 1}
2026-03-01 10:30:10,118 : INFO : EventManager : Event: ======'player_add_request'====== Args={}
2026-03-01 10:30:10,118 : INFO : EventManager : Event: ======'player_will_add'====== Args={'number': 2}
2026-03-01 10:30:10,118 : INFO : EventManager : Event: ======'player_adding'====== Args={'player': <Player 2>, 'number': 2}
2026-03-01 10:30:10,118 : INFO : EventManager : Event: ======'player_added'====== Args={'player': <Player 2>, 'num': 2}
2026-03-01 10:30:10,118 : INFO : Mode.game : Player added successfully. Total players: 2
2026-03-01 10:30:10,118 : INFO : EventManager : Event: ======'multiplayer_game'====== Args={}
2026-03-01 10:30:10,125 : INFO : EventManager : Event: ======'player_index'====== Args={'value': 1, 'prev_value': 1, 'change': 0, 'player_num': 2}
2026-03-01 10:30:10,127 : INFO : EventManager : Event: ======'player_number'====== Args={'value': 2, 'prev_value': 2, 'change': 0, 'player_num': 2}
2026-03-01 10:30:10,127 : INFO : EventManager : Event: ======'player_score'====== Args={'value': 0, 'prev_value': 0, 'change': 0, 'player_num': 2}
2026-03-01 10:30:10,495 : INFO : SwitchController : <<<<<<< 's_start' inactive >>>>>>>
2026-03-01 10:30:10,877 : INFO : SwitchController : <<<<<<< 's_start' active >>>>>>>
2026-03-01 10:30:10,877 : INFO : EventManager : Event: ======'sw_start'====== Args={}
2026-03-01 10:30:10,877 : INFO : EventManager : Event: ======'machine_var_audits_switches_s_start'====== Args={'value': 5, 'prev_value': 4, 'change': 1}
2026-03-01 10:30:10,878 : INFO : EventManager : Event: ======'player_add_request'====== Args={}
2026-03-01 10:30:10,878 : INFO : EventManager : Event: ======'player_will_add'====== Args={'number': 3}
2026-03-01 10:30:10,878 : INFO : EventManager : Event: ======'player_adding'====== Args={'player': <Player 3>, 'number': 3}
2026-03-01 10:30:10,878 : INFO : EventManager : Event: ======'player_added'====== Args={'player': <Player 3>, 'num': 3}
2026-03-01 10:30:10,879 : INFO : Mode.game : Player added successfully. Total players: 3
2026-03-01 10:30:10,879 : INFO : EventManager : Event: ======'player_index'====== Args={'value': 2, 'prev_value': 2, 'change': 0, 'player_num': 3}
2026-03-01 10:30:10,879 : INFO : EventManager : Event: ======'player_number'====== Args={'value': 3, 'prev_value': 3, 'change': 0, 'player_num': 3}
2026-03-01 10:30:10,880 : INFO : EventManager : Event: ======'player_score'====== Args={'value': 0, 'prev_value': 0, 'change': 0, 'player_num': 3}
2026-03-01 10:30:11,033 : INFO : SwitchController : <<<<<<< 's_start' inactive >>>>>>>
2026-03-01 10:30:12,631 : INFO : SwitchController : <<<<<<< 's_trough_6' inactive >>>>>>>
2026-03-01 10:30:13,445 : INFO : SwitchController : <<<<<<< 's_trough_6' active >>>>>>>
2026-03-01 10:30:13,445 : INFO : EventManager : Event: ======'machine_var_audits_switches_s_trough_6'====== Args={'value': 3, 'prev_value': 2, 'change': 1}
2026-03-01 10:30:13,470 : INFO : SwitchController : <<<<<<< 's_trough_5' active >>>>>>>
2026-03-01 10:30:13,470 : INFO : EventManager : Event: ======'machine_var_audits_switches_s_trough_5'====== Args={'value': 2, 'prev_value': 1, 'change': 1}
2026-03-01 10:30:14,310 : INFO : SwitchController : <<<<<<< 's_plunger_lane' active >>>>>>>
2026-03-01 10:30:14,310 : INFO : EventManager : Event: ======'machine_var_audits_switches_s_plunger_lane'====== Args={'value': 1, 'prev_value': 0, 'change': 1}
2026-03-01 10:30:14,810 : INFO : ball_device.bd_plunger : Received ball from <ball_device.bd_trough>
2026-03-01 10:30:14,811 : INFO : EventManager : Event: ======'balldevice_bd_plunger_ball_enter'====== Args={'new_balls': 1, 'unclaimed_balls': 0, 'new_available_balls': 0, 'device': <ball_device.bd_plunger>}
2026-03-01 10:30:14,812 : INFO : EventManager : Event: ======'balldevice_bd_plunger_ball_entered'====== Args={'new_balls': 0, 'device': <ball_device.bd_plunger>}
2026-03-01 10:30:14,812 : INFO : EventManager : Event: ======'balldevice_bd_plunger_ball_count_changed'====== Args={'balls': 1}
2026-03-01 10:30:14,812 : INFO : ball_device.bd_trough : Got eject confirm
2026-03-01 10:30:14,812 : INFO : ball_device.bd_trough : Eject successful
2026-03-01 10:30:14,812 : INFO : EventManager : Event: ======'balldevice_bd_trough_ball_eject_success'====== Args={'balls': 1, 'target': <ball_device.bd_plunger>}
2026-03-01 10:30:14,813 : INFO : ball_device.bd_plunger : State: waiting_for_target_ready
2026-03-01 10:30:14,813 : INFO : EventManager : Event: ======'balldevice_bd_plunger_ball_eject_attempt'====== Args={'balls': 1, 'target': <playfield.playfield>, 'source': <ball_device.bd_plunger>, 'mechanical_eject': False, 'num_attempts': 0}
2026-03-01 10:30:14,814 : INFO : EventManager : Event: ======'balldevice_bd_trough_ball_count_changed'====== Args={'balls': 0}
2026-03-01 10:30:14,814 : INFO : ball_device.bd_trough : State: idle
2026-03-01 10:30:14,814 : INFO : EventManager : Event: ======'balldevice_bd_trough_ball_count_changed'====== Args={'balls': 2}
2026-03-01 10:30:14,815 : INFO : ball_device.bd_trough : Received unexpected ball
2026-03-01 10:30:14,815 : INFO : EventManager : Event: ======'balldevice_captured_from_playfield'====== Args={'balls': 1}
2026-03-01 10:30:14,815 : INFO : ball_device.bd_plunger : State: ejecting
2026-03-01 10:30:14,815 : INFO : ball_device.bd_plunger : Ejecting ball to <playfield.playfield>
2026-03-01 10:30:14,815 : INFO : EventManager : Event: ======'balldevice_bd_plunger_ejecting_ball'====== Args={'balls': 1, 'target': <playfield.playfield>, 'source': <ball_device.bd_plunger>, 'mechanical_eject': False, 'num_attempts': 0}
2026-03-01 10:30:14,816 : INFO : EventManager : Event: ======'sw_playfield_active'====== Args={'balls': 1}
2026-03-01 10:30:14,816 : INFO : EventManager : Event: ======'playfield_active'====== Args={'source': None}
2026-03-01 10:30:14,816 : INFO : EventManager : Event: ======'unexpected_ball_on_playfield'====== Args={}
2026-03-01 10:30:14,816 : INFO : EventManager : Event: ======'playfield_ball_count_change'====== Args={'balls': -1, 'change': -1}
2026-03-01 10:30:14,817 : INFO : EventManager : Event: ======'balldevice_playfield_ball_enter'====== Args={'new_balls': 1, 'unclaimed_balls': 1, 'device': <playfield.playfield>}
2026-03-01 10:30:14,817 : INFO : EventManager : Event: ======'playfield_ball_count_change'====== Args={'balls': 0, 'change': 1}
2026-03-01 10:30:14,817 : INFO : BallController : Found a new ball which was captured from playfield. Known balls: 2
2026-03-01 10:30:14,817 : INFO : EventManager : Event: ======'found_new_ball'====== Args={}
2026-03-01 10:30:14,817 : INFO : EventManager : Event: ======'balldevice_bd_trough_ball_enter'====== Args={'new_balls': 1, 'unclaimed_balls': 1, 'new_available_balls': 1, 'device': <ball_device.bd_trough>}
2026-03-01 10:30:14,817 : INFO : EventManager : Event: ======'ball_drain'====== Args={'device': <ball_device.bd_trough>, 'balls': 1}
2026-03-01 10:30:14,818 : INFO : ball_device.bd_plunger : Wait for ball to leave device
2026-03-01 10:30:14,818 : INFO : EventManager : Event: ======'ball_will_end'====== Args={}
2026-03-01 10:30:14,818 : INFO : EventManager : Event: ======'balldevice_balls_available'====== Args={}
2026-03-01 10:30:14,818 : INFO : EventManager : Event: ======'balldevice_bd_trough_ball_entered'====== Args={'new_balls': 1, 'device': <ball_device.bd_trough>}
2026-03-01 10:30:14,818 : INFO : ball_device.bd_trough : Received unexpected ball
2026-03-01 10:30:14,819 : INFO : EventManager : Event: ======'balldevice_captured_from_playfield'====== Args={'balls': 1}
2026-03-01 10:30:14,819 : INFO : EventManager : Event: ======'mode_base_will_stop'====== Args={}
2026-03-01 10:30:14,819 : INFO : EventManager : Event: ======'mode_base_stopping'====== Args={}
2026-03-01 10:30:14,820 : INFO : EventManager : Event: ======'stop_mode_bumpers'====== Args={'priority': 0}
2026-03-01 10:30:14,820 : INFO : EventManager : Event: ======'mode_bumpers_will_stop'====== Args={}
2026-03-01 10:30:14,820 : INFO : EventManager : Event: ======'mode_bumpers_stopping'====== Args={}
2026-03-01 10:30:14,820 : INFO : EventManager : Event: ======'sw_playfield_active'====== Args={'balls': 1}
2026-03-01 10:30:14,820 : INFO : EventManager : Event: ======'playfield_active'====== Args={'source': None}
2026-03-01 10:30:14,820 : INFO : EventManager : Event: ======'playfield_ball_count_change'====== Args={'balls': -1, 'change': -1}
2026-03-01 10:30:14,820 : INFO : Mode.base : Stopped.
2026-03-01 10:30:14,820 : INFO : EventManager : Event: ======'modes_active_modes_changed'====== Args={}
2026-03-01 10:30:14,822 : INFO : EventManager : Event: ======'mode_base_stopped'====== Args={}
2026-03-01 10:30:14,822 : INFO : EventManager : Event: ======'clear'====== Args={'key': 'base'}
2026-03-01 10:30:14,823 : INFO : Mode.bumpers : Stopped.
2026-03-01 10:30:14,823 : INFO : EventManager : Event: ======'modes_active_modes_changed'====== Args={}
2026-03-01 10:30:14,823 : INFO : EventManager : Event: ======'mode_bumpers_stopped'====== Args={}
2026-03-01 10:30:14,824 : INFO : EventManager : Event: ======'clear'====== Args={'key': 'bumpers'}
2026-03-01 10:30:14,825 : INFO : EventManager : Event: ======'balldevice_playfield_ball_enter'====== Args={'new_balls': 1, 'unclaimed_balls': 1, 'device': <playfield.playfield>}
2026-03-01 10:30:14,825 : INFO : EventManager : Event: ======'playfield_ball_count_change'====== Args={'balls': 0, 'change': 1}
2026-03-01 10:30:14,825 : INFO : BallController : Found a new ball which was captured from playfield. Known balls: 3
2026-03-01 10:30:14,825 : INFO : EventManager : Event: ======'found_new_ball'====== Args={}
2026-03-01 10:30:14,825 : INFO : EventManager : Event: ======'balldevice_bd_trough_ball_enter'====== Args={'new_balls': 1, 'unclaimed_balls': 1, 'new_available_balls': 1, 'device': <ball_device.bd_trough>}
2026-03-01 10:30:14,825 : INFO : EventManager : Event: ======'ball_drain'====== Args={'device': <ball_device.bd_trough>, 'balls': 1}
2026-03-01 10:30:14,825 : INFO : EventManager : Event: ======'ball_ending'====== Args={}
2026-03-01 10:30:14,825 : INFO : EventManager : Event: ======'balldevice_balls_available'====== Args={}
2026-03-01 10:30:14,826 : INFO : EventManager : Event: ======'balldevice_bd_trough_ball_entered'====== Args={'new_balls': 1, 'device': <ball_device.bd_trough>}
2026-03-01 10:30:14,827 : INFO : EventManager : Event: ======'ball_ended'====== Args={}
2026-03-01 10:30:14,828 : INFO : EventManager : Event: ======'player_turn_will_end'====== Args={'player': <Player 1>, 'number': 1}
2026-03-01 10:30:14,828 : INFO : EventManager : Event: ======'player_turn_ending'====== Args={'player': <Player 1>, 'number': 1}
2026-03-01 10:30:14,829 : INFO : EventManager : Event: ======'player_turn_ended'====== Args={'player': <Player 1>, 'number': 1}
2026-03-01 10:30:14,830 : INFO : EventManager : Event: ======'player_turn_will_start'====== Args={'player': <Player 2>, 'number': 2}
2026-03-01 10:30:14,830 : INFO : EventManager : Event: ======'player_turn_starting'====== Args={'player': <Player 2>, 'number': 2}
2026-03-01 10:30:14,830 : INFO : EventManager : Event: ======'player_ball'====== Args={'value': 1, 'prev_value': 0, 'change': 1, 'player_num': 2}
2026-03-01 10:30:14,831 : INFO : EventManager : Event: ======'player_turn_started'====== Args={'player': <Player 2>, 'number': 2}
2026-03-01 10:30:14,831 : INFO : EventManager : Event: ======'ball_will_start'====== Args={'player': 2, 'ball': 1, 'balls_remaining': 2, 'is_extra_ball': False}
2026-03-01 10:30:14,831 : INFO : BallController : Found 1 ball(s) on playfield.
2026-03-01 10:30:14,831 : WARNING : BallController : Playfields still contain balls. Waiting for those to drain.
2026-03-01 10:30:15,277 : INFO : SwitchController : <<<<<<< 's_plunger_lane' inactive >>>>>>>
2026-03-01 10:30:15,278 : INFO : ball_device.bd_plunger : State: ball_left
2026-03-01 10:30:15,278 : INFO : ball_device.bd_plunger : Ball left
2026-03-01 10:30:15,278 : INFO : ball_device.bd_plunger : Wait for confirm with timeout 10.0
2026-03-01 10:30:15,832 : INFO : BallController : Found 1 ball(s) on playfield.
2026-03-01 10:30:15,832 : WARNING : BallController : Playfields still contain balls. Waiting for those to drain.
2026-03-01 10:30:16,167 : INFO : SwitchController : <<<<<<< 's_flipper_right_upper' active >>>>>>>
2026-03-01 10:30:16,167 : INFO : EventManager : Event: ======'machine_var_audits_switches_s_flipper_right_upper'====== Args={'value': 1, 'prev_value': 0, 'change': 1}
2026-03-01 10:30:16,170 : INFO : SwitchController : <<<<<<< 's_flipper_right_lower' active >>>>>>>
2026-03-01 10:30:16,170 : INFO : EventManager : Event: ======'machine_var_audits_switches_s_flipper_right_lower'====== Args={'value': 1, 'prev_value': 0, 'change': 1}
2026-03-01 10:30:16,289 : INFO : SwitchController : <<<<<<< 's_flipper_right_lower' inactive >>>>>>>
2026-03-01 10:30:16,296 : INFO : SwitchController : <<<<<<< 's_flipper_right_upper' inactive >>>>>>>
2026-03-01 10:30:16,454 : INFO : SwitchController : <<<<<<< 's_flipper_right_lower' active >>>>>>>
2026-03-01 10:30:16,454 : INFO : EventManager : Event: ======'machine_var_audits_switches_s_flipper_right_lower'====== Args={'value': 2, 'prev_value': 1, 'change': 1}
2026-03-01 10:30:16,454 : INFO : SwitchController : <<<<<<< 's_flipper_right_upper' active >>>>>>>
2026-03-01 10:30:16,454 : INFO : EventManager : Event: ======'machine_var_audits_switches_s_flipper_right_upper'====== Args={'value': 2, 'prev_value': 1, 'change': 1}
2026-03-01 10:30:16,561 : INFO : SwitchController : <<<<<<< 's_flipper_right_lower' inactive >>>>>>>
2026-03-01 10:30:16,567 : INFO : SwitchController : <<<<<<< 's_flipper_right_upper' inactive >>>>>>>
2026-03-01 10:30:16,702 : INFO : SwitchController : <<<<<<< 's_flipper_right_lower' active >>>>>>>
2026-03-01 10:30:16,703 : INFO : EventManager : Event: ======'machine_var_audits_switches_s_flipper_right_lower'====== Args={'value': 3, 'prev_value': 2, 'change': 1}
2026-03-01 10:30:16,704 : INFO : SwitchController : <<<<<<< 's_flipper_right_upper' active >>>>>>>
2026-03-01 10:30:16,704 : INFO : EventManager : Event: ======'machine_var_audits_switches_s_flipper_right_upper'====== Args={'value': 3, 'prev_value': 2, 'change': 1}
2026-03-01 10:30:16,812 : INFO : SwitchController : <<<<<<< 's_flipper_right_lower' inactive >>>>>>>
2026-03-01 10:30:16,816 : INFO : SwitchController : <<<<<<< 's_flipper_right_upper' inactive >>>>>>>
2026-03-01 10:30:16,832 : INFO : BallController : Found 1 ball(s) on playfield.
2026-03-01 10:30:16,833 : WARNING : BallController : Playfields still contain balls. Waiting for those to drain.
2026-03-01 10:30:17,022 : INFO : SwitchController : <<<<<<< 's_flipper_right_upper' active >>>>>>>
2026-03-01 10:30:17,022 : INFO : EventManager : Event: ======'machine_var_audits_switches_s_flipper_right_upper'====== Args={'value': 4, 'prev_value': 3, 'change': 1}
2026-03-01 10:30:17,023 : INFO : SwitchController : <<<<<<< 's_flipper_right_lower' active >>>>>>>
2026-03-01 10:30:17,023 : INFO : EventManager : Event: ======'machine_var_audits_switches_s_flipper_right_lower'====== Args={'value': 4, 'prev_value': 3, 'change': 1}
2026-03-01 10:30:17,167 : INFO : SwitchController : <<<<<<< 's_flipper_right_lower' inactive >>>>>>>
2026-03-01 10:30:17,185 : INFO : SwitchController : <<<<<<< 's_flipper_right_upper' inactive >>>>>>>
2026-03-01 10:30:17,410 : INFO : SwitchController : <<<<<<< 's_flipper_right_lower' active >>>>>>>
2026-03-01 10:30:17,410 : INFO : EventManager : Event: ======'machine_var_audits_switches_s_flipper_right_lower'====== Args={'value': 5, 'prev_value': 4, 'change': 1}
2026-03-01 10:30:17,410 : INFO : SwitchController : <<<<<<< 's_flipper_right_upper' active >>>>>>>
2026-03-01 10:30:17,411 : INFO : EventManager : Event: ======'machine_var_audits_switches_s_flipper_right_upper'====== Args={'value': 5, 'prev_value': 4, 'change': 1}
2026-03-01 10:30:17,564 : INFO : SwitchController : <<<<<<< 's_flipper_right_lower' inactive >>>>>>>
2026-03-01 10:30:17,572 : INFO : SwitchController : <<<<<<< 's_flipper_right_upper' inactive >>>>>>>
2026-03-01 10:30:17,833 : INFO : BallController : Found 1 ball(s) on playfield.
2026-03-01 10:30:17,833 : WARNING : BallController : Playfields still contain balls. Waiting for those to drain.
2026-03-01 10:30:18,791 : INFO : SwitchController : <<<<<<< 's_flipper_right_upper' active >>>>>>>
2026-03-01 10:30:18,791 : INFO : EventManager : Event: ======'machine_var_audits_switches_s_flipper_right_upper'====== Args={'value': 6, 'prev_value': 5, 'change': 1}
2026-03-01 10:30:18,800 : INFO : SwitchController : <<<<<<< 's_flipper_right_lower' active >>>>>>>
2026-03-01 10:30:18,800 : INFO : EventManager : Event: ======'machine_var_audits_switches_s_flipper_right_lower'====== Args={'value': 6, 'prev_value': 5, 'change': 1}
2026-03-01 10:30:18,834 : INFO : BallController : Found 1 ball(s) on playfield.
2026-03-01 10:30:18,834 : WARNING : BallController : Playfields still contain balls. Waiting for those to drain.
2026-03-01 10:30:18,888 : INFO : SwitchController : <<<<<<< 's_flipper_right_lower' inactive >>>>>>>
2026-03-01 10:30:18,895 : INFO : SwitchController : <<<<<<< 's_flipper_right_upper' inactive >>>>>>>
2026-03-01 10:30:19,133 : INFO : SwitchController : <<<<<<< 's_flipper_right_upper' active >>>>>>>
2026-03-01 10:30:19,134 : INFO : EventManager : Event: ======'machine_var_audits_switches_s_flipper_right_upper'====== Args={'value': 7, 'prev_value': 6, 'change': 1}
2026-03-01 10:30:19,134 : INFO : SwitchController : <<<<<<< 's_flipper_right_lower' active >>>>>>>
2026-03-01 10:30:19,134 : INFO : EventManager : Event: ======'machine_var_audits_switches_s_flipper_right_lower'====== Args={'value': 7, 'prev_value': 6, 'change': 1}
2026-03-01 10:30:19,215 : INFO : SwitchController : <<<<<<< 's_flipper_right_lower' inactive >>>>>>>
2026-03-01 10:30:19,223 : INFO : SwitchController : <<<<<<< 's_flipper_right_upper' inactive >>>>>>>
2026-03-01 10:30:19,344 : INFO : SwitchController : <<<<<<< 's_flipper_right_upper' active >>>>>>>
2026-03-01 10:30:19,344 : INFO : EventManager : Event: ======'machine_var_audits_switches_s_flipper_right_upper'====== Args={'value': 8, 'prev_value': 7, 'change': 1}
2026-03-01 10:30:19,347 : INFO : SwitchController : <<<<<<< 's_flipper_right_lower' active >>>>>>>
2026-03-01 10:30:19,347 : INFO : EventManager : Event: ======'machine_var_audits_switches_s_flipper_right_lower'====== Args={'value': 8, 'prev_value': 7, 'change': 1}
2026-03-01 10:30:19,406 : INFO : SwitchController : <<<<<<< 's_flipper_right_lower' inactive >>>>>>>
2026-03-01 10:30:19,412 : INFO : SwitchController : <<<<<<< 's_flipper_right_upper' inactive >>>>>>>
2026-03-01 10:30:19,529 : INFO : SwitchController : <<<<<<< 's_flipper_right_lower' active >>>>>>>
2026-03-01 10:30:19,529 : INFO : EventManager : Event: ======'machine_var_audits_switches_s_flipper_right_lower'====== Args={'value': 9, 'prev_value': 8, 'change': 1}
2026-03-01 10:30:19,530 : INFO : SwitchController : <<<<<<< 's_flipper_right_upper' active >>>>>>>
2026-03-01 10:30:19,530 : INFO : EventManager : Event: ======'machine_var_audits_switches_s_flipper_right_upper'====== Args={'value': 9, 'prev_value': 8, 'change': 1}
2026-03-01 10:30:19,643 : INFO : SwitchController : <<<<<<< 's_flipper_right_lower' inactive >>>>>>>
2026-03-01 10:30:19,653 : INFO : SwitchController : <<<<<<< 's_flipper_right_upper' inactive >>>>>>>
2026-03-01 10:30:19,834 : INFO : BallController : Found 1 ball(s) on playfield.
2026-03-01 10:30:19,834 : WARNING : BallController : Playfields still contain balls. Waiting for those to drain.
2026-03-01 10:30:20,835 : INFO : BallController : Found 1 ball(s) on playfield.
2026-03-01 10:30:20,835 : WARNING : BallController : Playfields still contain balls. Waiting for those to drain.
2026-03-01 10:30:21,835 : INFO : BallController : Found 1 ball(s) on playfield.
2026-03-01 10:30:21,835 : WARNING : BallController : Playfields still contain balls. Waiting for those to drain.
2026-03-01 10:30:22,408 : INFO : SwitchController : <<<<<<< 's_trough_6' inactive >>>>>>>
2026-03-01 10:30:22,491 : INFO : SwitchController : <<<<<<< 's_trough_6' active >>>>>>>
2026-03-01 10:30:22,491 : INFO : EventManager : Event: ======'machine_var_audits_switches_s_trough_6'====== Args={'value': 4, 'prev_value': 3, 'change': 1}
2026-03-01 10:30:22,499 : INFO : SwitchController : <<<<<<< 's_trough_5' inactive >>>>>>>
2026-03-01 10:30:22,836 : INFO : BallController : Found 1 ball(s) on playfield.
2026-03-01 10:30:22,836 : WARNING : BallController : Playfields still contain balls. Waiting for those to drain.
2026-03-01 10:30:23,836 : INFO : BallController : Found 1 ball(s) on playfield.
2026-03-01 10:30:23,837 : WARNING : BallController : Playfields still contain balls. Waiting for those to drain.
2026-03-01 10:30:24,837 : INFO : BallController : Found 1 ball(s) on playfield.
2026-03-01 10:30:24,838 : WARNING : BallController : Playfields still contain balls. Waiting for those to drain.
2026-03-01 10:30:25,278 : INFO : ball_device.bd_plunger : State: failed_confirm
2026-03-01 10:30:25,278 : INFO : ball_device.bd_plunger : Got timeout (10.0s) before confirm from <playfield.playfield>
2026-03-01 10:30:25,379 : INFO : ball_device.bd_plunger : Confirming eject because target is playfield and ball did not return.
2026-03-01 10:30:25,379 : INFO : ball_device.bd_plunger : Eject successful
2026-03-01 10:30:25,379 : INFO : EventManager : Event: ======'balldevice_bd_plunger_ball_eject_success'====== Args={'balls': 1, 'target': <playfield.playfield>}
2026-03-01 10:30:25,380 : INFO : EventManager : Event: ======'balldevice_playfield_ball_enter'====== Args={'new_balls': 1, 'unclaimed_balls': 1, 'device': <playfield.playfield>}
2026-03-01 10:30:25,380 : INFO : EventManager : Event: ======'playfield_ball_count_change'====== Args={'balls': 1, 'change': 1}
2026-03-01 10:30:25,380 : INFO : EventManager : Event: ======'balldevice_bd_plunger_ball_count_changed'====== Args={'balls': 0}
2026-03-01 10:30:25,380 : INFO : ball_device.bd_plunger : State: idle
2026-03-01 10:30:25,838 : INFO : BallController : Found 1 ball(s) on playfield.
2026-03-01 10:30:25,838 : WARNING : BallController : Playfields still contain balls. Waiting for those to drain.
2026-03-01 10:30:26,839 : INFO : BallController : Found 1 ball(s) on playfield.
2026-03-01 10:30:26,840 : WARNING : BallController : Playfields still contain balls. Waiting for those to drain.
2026-03-01 10:30:27,841 : INFO : BallController : Found 1 ball(s) on playfield.
2026-03-01 10:30:27,841 : WARNING : BallController : Playfields still contain balls. Waiting for those to drain.
2026-03-01 10:30:28,000 : INFO : EventManager : Event: ======'balldevice_bd_trough_ball_count_changed'====== Args={'balls': 1}
2026-03-01 10:30:28,000 : WARNING : ball_device.bd_trough : Ball disappeared while idle. This should not normally happen.
2026-03-01 10:30:28,000 : INFO : EventManager : Event: ======'balldevice_playfield_ball_enter'====== Args={'new_balls': 1, 'unclaimed_balls': 1, 'device': <playfield.playfield>}
2026-03-01 10:30:28,001 : INFO : EventManager : Event: ======'playfield_ball_count_change'====== Args={'balls': 2, 'change': 1}
2026-03-01 10:30:28,001 : INFO : ball_device.bd_trough : 1 ball(s) missing from device. Mechanical eject? False
2026-03-01 10:30:28,001 : INFO : EventManager : Event: ======'balldevice_bd_trough_ball_missing'====== Args={'balls': 1}
2026-03-01 10:30:28,001 : INFO : EventManager : Event: ======'balldevice_ball_missing'====== Args={'balls': 1, 'name': 'bd_trough'}
2026-03-01 10:30:28,161 : INFO : SwitchController : <<<<<<< 's_trough_2' active >>>>>>>
2026-03-01 10:30:28,161 : INFO : EventManager : Event: ======'machine_var_audits_switches_s_trough_2'====== Args={'value': 2, 'prev_value': 1, 'change': 1}
2026-03-01 10:30:28,171 : INFO : SwitchController : <<<<<<< 's_trough_3' active >>>>>>>
2026-03-01 10:30:28,171 : INFO : EventManager : Event: ======'machine_var_audits_switches_s_trough_3'====== Args={'value': 2, 'prev_value': 1, 'change': 1}
2026-03-01 10:30:28,172 : INFO : SwitchController : <<<<<<< 's_trough_1' active >>>>>>>
2026-03-01 10:30:28,173 : INFO : EventManager : Event: ======'machine_var_audits_switches_s_trough_1'====== Args={'value': 2, 'prev_value': 1, 'change': 1}
2026-03-01 10:30:28,173 : INFO : SwitchController : <<<<<<< 's_trough_5' active >>>>>>>
2026-03-01 10:30:28,173 : INFO : EventManager : Event: ======'machine_var_audits_switches_s_trough_5'====== Args={'value': 3, 'prev_value': 2, 'change': 1}
2026-03-01 10:30:28,174 : INFO : SwitchController : <<<<<<< 's_trough_4' active >>>>>>>
2026-03-01 10:30:28,174 : INFO : EventManager : Event: ======'machine_var_audits_switches_s_trough_4'====== Args={'value': 2, 'prev_value': 1, 'change': 1}
2026-03-01 10:30:28,186 : INFO : SwitchController : <<<<<<< 's_trough_2' inactive >>>>>>>
2026-03-01 10:30:28,189 : INFO : SwitchController : <<<<<<< 's_trough_3' inactive >>>>>>>
2026-03-01 10:30:28,193 : INFO : SwitchController : <<<<<<< 's_trough_4' inactive >>>>>>>
2026-03-01 10:30:28,194 : INFO : SwitchController : <<<<<<< 's_trough_5' inactive >>>>>>>
2026-03-01 10:30:28,195 : INFO : SwitchController : <<<<<<< 's_trough_6' inactive >>>>>>>
2026-03-01 10:30:28,285 : INFO : SwitchController : <<<<<<< 's_trough_7' active >>>>>>>
2026-03-01 10:30:28,285 : INFO : EventManager : Event: ======'machine_var_audits_switches_s_trough_7'====== Args={'value': 2, 'prev_value': 1, 'change': 1}
2026-03-01 10:30:28,305 : INFO : SwitchController : <<<<<<< 's_trough_2' active >>>>>>>
2026-03-01 10:30:28,305 : INFO : EventManager : Event: ======'machine_var_audits_switches_s_trough_2'====== Args={'value': 3, 'prev_value': 2, 'change': 1}
2026-03-01 10:30:28,306 : INFO : SwitchController : <<<<<<< 's_trough_3' active >>>>>>>
2026-03-01 10:30:28,306 : INFO : EventManager : Event: ======'machine_var_audits_switches_s_trough_3'====== Args={'value': 3, 'prev_value': 2, 'change': 1}
2026-03-01 10:30:28,307 : INFO : SwitchController : <<<<<<< 's_trough_4' active >>>>>>>
2026-03-01 10:30:28,307 : INFO : EventManager : Event: ======'machine_var_audits_switches_s_trough_4'====== Args={'value': 3, 'prev_value': 2, 'change': 1}
2026-03-01 10:30:28,307 : INFO : SwitchController : <<<<<<< 's_trough_5' active >>>>>>>
2026-03-01 10:30:28,308 : INFO : EventManager : Event: ======'machine_var_audits_switches_s_trough_5'====== Args={'value': 4, 'prev_value': 3, 'change': 1}
2026-03-01 10:30:28,308 : INFO : SwitchController : <<<<<<< 's_trough_6' active >>>>>>>
2026-03-01 10:30:28,308 : INFO : EventManager : Event: ======'machine_var_audits_switches_s_trough_6'====== Args={'value': 5, 'prev_value': 4, 'change': 1}
2026-03-01 10:30:28,313 : INFO : SwitchController : <<<<<<< 's_trough_3' inactive >>>>>>>
2026-03-01 10:30:28,314 : INFO : SwitchController : <<<<<<< 's_trough_4' inactive >>>>>>>
2026-03-01 10:30:28,315 : INFO : SwitchController : <<<<<<< 's_trough_5' inactive >>>>>>>
2026-03-01 10:30:28,315 : INFO : SwitchController : <<<<<<< 's_trough_6' inactive >>>>>>>
2026-03-01 10:30:28,339 : INFO : SwitchController : <<<<<<< 's_trough_2' inactive >>>>>>>
2026-03-01 10:30:28,412 : INFO : SwitchController : <<<<<<< 's_trough_6' active >>>>>>>
2026-03-01 10:30:28,412 : INFO : EventManager : Event: ======'machine_var_audits_switches_s_trough_6'====== Args={'value': 6, 'prev_value': 5, 'change': 1}
2026-03-01 10:30:28,414 : INFO : SwitchController : <<<<<<< 's_trough_4' active >>>>>>>
2026-03-01 10:30:28,414 : INFO : EventManager : Event: ======'machine_var_audits_switches_s_trough_4'====== Args={'value': 4, 'prev_value': 3, 'change': 1}
2026-03-01 10:30:28,415 : INFO : SwitchController : <<<<<<< 's_trough_5' active >>>>>>>
2026-03-01 10:30:28,415 : INFO : EventManager : Event: ======'machine_var_audits_switches_s_trough_5'====== Args={'value': 5, 'prev_value': 4, 'change': 1}
2026-03-01 10:30:28,416 : INFO : SwitchController : <<<<<<< 's_trough_3' active >>>>>>>
2026-03-01 10:30:28,416 : INFO : EventManager : Event: ======'machine_var_audits_switches_s_trough_3'====== Args={'value': 4, 'prev_value': 3, 'change': 1}
2026-03-01 10:30:28,437 : INFO : SwitchController : <<<<<<< 's_trough_3' inactive >>>>>>>
2026-03-01 10:30:28,463 : INFO : SwitchController : <<<<<<< 's_trough_4' inactive >>>>>>>
2026-03-01 10:30:28,467 : INFO : SwitchController : <<<<<<< 's_trough_5' inactive >>>>>>>
2026-03-01 10:30:28,471 : INFO : SwitchController : <<<<<<< 's_trough_6' inactive >>>>>>>
2026-03-01 10:30:28,704 : INFO : SwitchController : <<<<<<< 's_trough_2' active >>>>>>>
2026-03-01 10:30:28,704 : INFO : EventManager : Event: ======'machine_var_audits_switches_s_trough_2'====== Args={'value': 4, 'prev_value': 3, 'change': 1}
2026-03-01 10:30:28,705 : INFO : SwitchController : <<<<<<< 's_trough_4' active >>>>>>>
2026-03-01 10:30:28,705 : INFO : EventManager : Event: ======'machine_var_audits_switches_s_trough_4'====== Args={'value': 5, 'prev_value': 4, 'change': 1}
2026-03-01 10:30:28,705 : INFO : SwitchController : <<<<<<< 's_trough_5' active >>>>>>>
2026-03-01 10:30:28,705 : INFO : EventManager : Event: ======'machine_var_audits_switches_s_trough_5'====== Args={'value': 6, 'prev_value': 5, 'change': 1}
2026-03-01 10:30:28,707 : INFO : SwitchController : <<<<<<< 's_trough_3' active >>>>>>>
2026-03-01 10:30:28,707 : INFO : EventManager : Event: ======'machine_var_audits_switches_s_trough_3'====== Args={'value': 5, 'prev_value': 4, 'change': 1}
2026-03-01 10:30:28,717 : INFO : SwitchController : <<<<<<< 's_trough_1' inactive >>>>>>>
2026-03-01 10:30:28,721 : INFO : SwitchController : <<<<<<< 's_trough_4' inactive >>>>>>>
2026-03-01 10:30:28,721 : INFO : SwitchController : <<<<<<< 's_trough_6' active >>>>>>>
2026-03-01 10:30:28,721 : INFO : EventManager : Event: ======'machine_var_audits_switches_s_trough_6'====== Args={'value': 7, 'prev_value': 6, 'change': 1}
2026-03-01 10:30:28,723 : INFO : SwitchController : <<<<<<< 's_trough_3' inactive >>>>>>>
2026-03-01 10:30:28,724 : INFO : SwitchController : <<<<<<< 's_trough_2' inactive >>>>>>>
2026-03-01 10:30:28,737 : INFO : SwitchController : <<<<<<< 's_trough_5' inactive >>>>>>>
2026-03-01 10:30:28,753 : INFO : SwitchController : <<<<<<< 's_trough_6' inactive >>>>>>>
2026-03-01 10:30:28,841 : INFO : BallController : Found 2 ball(s) on playfield.
2026-03-01 10:30:28,841 : WARNING : BallController : Playfields still contain balls. Waiting for those to drain.
2026-03-01 10:30:29,255 : INFO : ball_device.bd_trough : BCH: Count is unstable. Trying to reorder balls.
2026-03-01 10:30:29,255 : WARNING : ball_device.bd_trough : Cannot reorder device because eject_coil_reorder_pulse is not configured
2026-03-01 10:30:29,255 : INFO : ball_device.bd_trough : BCH: Repulse done. Waiting for balls to settle.
2026-03-01 10:30:29,843 : INFO : BallController : Found 2 ball(s) on playfield.
2026-03-01 10:30:29,843 : WARNING : BallController : Playfields still contain balls. Waiting for those to drain.
2026-03-01 10:30:30,815 : INFO : SwitchController : <<<<<<< 's_start' active >>>>>>>
2026-03-01 10:30:30,815 : INFO : EventManager : Event: ======'sw_start'====== Args={}
2026-03-01 10:30:30,815 : INFO : EventManager : Event: ======'machine_var_audits_switches_s_start'====== Args={'value': 6, 'prev_value': 5, 'change': 1}
2026-03-01 10:30:30,816 : INFO : EventManager : Event: ======'player_add_request'====== Args={}
2026-03-01 10:30:30,816 : INFO : EventManager : Event: ======'player_will_add'====== Args={'number': 4}
2026-03-01 10:30:30,816 : INFO : EventManager : Event: ======'player_adding'====== Args={'player': <Player 4>, 'number': 4}
2026-03-01 10:30:30,816 : INFO : EventManager : Event: ======'player_added'====== Args={'player': <Player 4>, 'num': 4}
2026-03-01 10:30:30,816 : INFO : Mode.game : Player added successfully. Total players: 4
2026-03-01 10:30:30,817 : INFO : EventManager : Event: ======'player_index'====== Args={'value': 3, 'prev_value': 3, 'change': 0, 'player_num': 4}
2026-03-01 10:30:30,817 : INFO : EventManager : Event: ======'player_number'====== Args={'value': 4, 'prev_value': 4, 'change': 0, 'player_num': 4}
2026-03-01 10:30:30,824 : INFO : EventManager : Event: ======'player_score'====== Args={'value': 0, 'prev_value': 0, 'change': 0, 'player_num': 4}
2026-03-01 10:30:30,843 : INFO : BallController : Found 2 ball(s) on playfield.
2026-03-01 10:30:30,844 : WARNING : BallController : Playfields still contain balls. Waiting for those to drain.
2026-03-01 10:30:30,987 : INFO : SwitchController : <<<<<<< 's_start' inactive >>>>>>>
2026-03-01 10:30:31,507 : INFO : SwitchController : <<<<<<< 's_start' active >>>>>>>
2026-03-01 10:30:31,508 : INFO : EventManager : Event: ======'sw_start'====== Args={}
2026-03-01 10:30:31,508 : INFO : EventManager : Event: ======'machine_var_audits_switches_s_start'====== Args={'value': 7, 'prev_value': 6, 'change': 1}
2026-03-01 10:30:31,711 : INFO : SwitchController : <<<<<<< 's_start' inactive >>>>>>>
2026-03-01 10:30:31,844 : INFO : BallController : Found 2 ball(s) on playfield.
2026-03-01 10:30:31,844 : WARNING : BallController : Playfields still contain balls. Waiting for those to drain.
2026-03-01 10:30:32,538 : INFO : SwitchController : <<<<<<< 's_start' active >>>>>>>
2026-03-01 10:30:32,538 : INFO : EventManager : Event: ======'sw_start'====== Args={}
2026-03-01 10:30:32,539 : INFO : EventManager : Event: ======'machine_var_audits_switches_s_start'====== Args={'value': 8, 'prev_value': 7, 'change': 1}
2026-03-01 10:30:32,682 : INFO : SwitchController : <<<<<<< 's_start' inactive >>>>>>>
2026-03-01 10:30:32,851 : INFO : BallController : Found 2 ball(s) on playfield.
2026-03-01 10:30:32,851 : WARNING : BallController : Playfields still contain balls. Waiting for those to drain.
2026-03-01 10:30:33,853 : INFO : BallController : Found 2 ball(s) on playfield.
2026-03-01 10:30:33,853 : WARNING : BallController : Playfields still contain balls. Waiting for those to drain.
2026-03-01 10:30:34,854 : INFO : BallController : Found 2 ball(s) on playfield.
2026-03-01 10:30:34,854 : WARNING : BallController : Playfields still contain balls. Waiting for those to drain.
2026-03-01 10:30:35,855 : INFO : BallController : Found 2 ball(s) on playfield.
2026-03-01 10:30:35,855 : WARNING : BallController : Playfields still contain balls. Waiting for those to drain.
2026-03-01 10:30:36,855 : INFO : BallController : Found 2 ball(s) on playfield.
2026-03-01 10:30:36,855 : WARNING : BallController : Playfields still contain balls. Waiting for those to drain.
2026-03-01 10:30:37,856 : INFO : BallController : Found 2 ball(s) on playfield.
2026-03-01 10:30:37,856 : WARNING : BallController : Playfields still contain balls. Waiting for those to drain.
2026-03-01 10:30:38,576 : INFO : Machine : Shutting down...
2026-03-01 10:30:38,576 : INFO : EventManager : Event: ======'shutdown'====== Args={}
2026-03-01 10:30:38,577 : INFO : EventManager : Event: ======'mode_game_will_stop'====== Args={}
2026-03-01 10:30:38,577 : INFO : EventManager : Event: ======'mode_game_stopping'====== Args={}
2026-03-01 10:30:38,578 : INFO : Mode.game : Stopped.
2026-03-01 10:30:38,578 : INFO : EventManager : Event: ======'modes_active_modes_changed'====== Args={}
2026-03-01 10:30:38,578 : INFO : EventManager : Event: ======'mode_game_stopped'====== Args={}
2026-03-01 10:30:38,578 : INFO : EventManager : Event: ======'clear'====== Args={'key': 'game'}
2026-03-01 10:30:38,684 : INFO : root : MPF run loop ended.
