2026-03-01 16:11:44,086 : INFO : root : Loading config.
2026-03-01 16:11:44,503 : INFO : ConfigProcessor : Config spec file cache created: /var/folders/1s/015t8n3n70gcr2ch4xflj4yr0000gn/T/config_spec.mpf_cache
2026-03-01 16:11:44,504 : INFO : YamlMultifileConfigLoader : Machine config file #1: config.yaml
2026-03-01 16:11:44,504 : INFO : ConfigProcessor : Loading config from cache: /var/folders/1s/015t8n3n70gcr2ch4xflj4yr0000gn/T/954ddabc670342668a09b03520c7eb79.mpf_cache
2026-03-01 16:11:44,575 : INFO : ConfigProcessor : Loading config from cache: /var/folders/1s/015t8n3n70gcr2ch4xflj4yr0000gn/T/64218df07edc412f774c53ffb33c812d.mpf_cache
2026-03-01 16:11:44,576 : INFO : ConfigProcessor : Loading config from cache: /var/folders/1s/015t8n3n70gcr2ch4xflj4yr0000gn/T/767518d75df2d86a4d35c1fb94c70abd.mpf_cache
2026-03-01 16:11:44,576 : INFO : ConfigProcessor : Loading config from cache: /var/folders/1s/015t8n3n70gcr2ch4xflj4yr0000gn/T/64218df07edc412f774c53ffb33c812d.mpf_cache
2026-03-01 16:11:44,576 : INFO : ConfigProcessor : Loading config from cache: /var/folders/1s/015t8n3n70gcr2ch4xflj4yr0000gn/T/73548cb541cc3751ae5711fe0817282a.mpf_cache
2026-03-01 16:11:44,577 : INFO : Machine : Mission Pinball Framework Core Engine v0.80.0.dev13
2026-03-01 16:11:44,577 : INFO : Machine : Command line arguments: {'no_load_cache': False, 'create_config_cache': True, 'bcp': True, 'configfile': ['config.yaml'], 'force_assets_load': False, 'platform_integration_test': False, 'jsonlogging': False, 'logfile': 'logs/2026-03-01-16-11-44-mpf-ANDREs-Mac-mini.local.log', 'pause': False, 'production': False, 'text_ui': True, 'loglevel': 15, 'consoleloglevel': 20, 'force_platform': None, 'syslog_address': None, 'full_logfile_path': '/Users/pinball/NapoleonDynamite/logs/2026-03-01-16-11-44-mpf-ANDREs-Mac-mini.local.log'}
2026-03-01 16:11:44,577 : INFO : Machine : MPF path: /Users/pinball/mpf/lib/python3.14/site-packages/mpf
2026-03-01 16:11:44,577 : INFO : Machine : Machine path: /Users/pinball/NapoleonDynamite
2026-03-01 16:11:44,577 : INFO : Machine : Platform: darwin
2026-03-01 16:11:44,577 : INFO : Machine : Python executable location: /Users/pinball/mpf/bin/python3.14
2026-03-01 16:11:44,577 : INFO : Machine : Python version: 3.14.3 (64-bit)
2026-03-01 16:11:44,578 : INFO : Machine : Initializing MPF...
2026-03-01 16:11:44,672 : INFO : FAST : Auto-detecting ports for the following connections: ['net', 'exp']
2026-03-01 16:11:44,701 : INFO : FAST : Detected NET on port /dev/cu.usbmodem14101
2026-03-01 16:11:44,708 : INFO : FAST : Detected EXP on port /dev/cu.usbmodem14103
2026-03-01 16:11:44,813 : INFO : FAST [NET] : Trying to connect to /dev/cu.usbmodem14101 at 921600bps
2026-03-01 16:11:44,818 : INFO : FAST [NET] : Connected to /dev/cu.usbmodem14101 at 921600bps
2026-03-01 16:11:44,820 : INFO : FAST [NET] : Connected to FP-CPU-2000 with firmware v02.26
2026-03-01 16:11:44,823 : INFO : FAST [NET] : Registered I/O Board 0: Model: FP-I/O-0024, Firmware: 01.10, Switches: 24, Drivers: 8
2026-03-01 16:11:44,825 : INFO : FAST [NET] : Registered I/O Board 1: Model: FP-I/O-3208, Firmware: 01.10, Switches: 32, Drivers: 8
2026-03-01 16:11:44,826 : INFO : FAST [NET] : Registered I/O Board 2: Model: FP-I/O-0804, Firmware: 01.10, Switches: 8, Drivers: 4
2026-03-01 16:11:44,828 : INFO : FAST [EXP] : Trying to connect to /dev/cu.usbmodem14103 at 921600bps
2026-03-01 16:11:44,832 : INFO : FAST [EXP] : Connected to /dev/cu.usbmodem14103 at 921600bps
2026-03-01 16:11:44,834 : INFO : FAST [EXP] : Verifying hardware for EXP "neuron" (FP-EXP-2000, @48) with ID string "EXP FP-EXP-2000  0.34", board address 48
2026-03-01 16:11:44,836 : INFO : FAST [EXP] : Verifying hardware for EXP "neuron" (FP-EXP-2000, @48) with ID string "LED FP-BRK-0001  0.8", board address 480
2026-03-01 16:11:44,837 : INFO : EventManager : Event: ======'machine_var_credits_string'====== Args={'value': 'FREE PLAY', 'prev_value': None, 'change': True}
2026-03-01 16:11:44,854 : INFO : EventManager : Event: ======'machine_var_master_volume'====== Args={'value': 0.5, 'prev_value': None, 'change': True}
2026-03-01 16:11:44,854 : INFO : EventManager : Event: ======'machine_var_mpf_version'====== Args={'value': 'Mission Pinball Framework v0.80.0.dev13', 'prev_value': None, 'change': True}
2026-03-01 16:11:44,854 : INFO : EventManager : Event: ======'machine_var_mpf_extended_version'====== Args={'value': 'Mission Pinball Framework v0.80.0.dev13, Config version:6, Show version: 6, BCP version:1.1', 'prev_value': None, 'change': True}
2026-03-01 16:11:44,855 : INFO : EventManager : Event: ======'machine_var_python_version'====== Args={'value': '3.14.3', 'prev_value': None, 'change': True}
2026-03-01 16:11:44,883 : INFO : EventManager : Event: ======'machine_var_platform'====== Args={'value': 'macOS-14.8.4-x86_64-i386-64bit-Mach-O', 'prev_value': None, 'change': True}
2026-03-01 16:11:44,884 : INFO : EventManager : Event: ======'machine_var_platform_system'====== Args={'value': 'Darwin', 'prev_value': None, 'change': True}
2026-03-01 16:11:44,884 : INFO : EventManager : Event: ======'machine_var_platform_release'====== Args={'value': '23.6.0', 'prev_value': None, 'change': True}
2026-03-01 16:11:44,884 : INFO : EventManager : Event: ======'machine_var_platform_version'====== Args={'value': 'Darwin Kernel Version 23.6.0: Mon Jan 19 22:02:22 PST 2026; root:xnu-10063.141.1.710.3~1/RELEASE_X86_64', 'prev_value': None, 'change': True}
2026-03-01 16:11:44,884 : INFO : EventManager : Event: ======'machine_var_platform_machine'====== Args={'value': 'x86_64', 'prev_value': None, 'change': True}
2026-03-01 16:11:44,885 : INFO : EventManager : Event: ======'machine_var_log_file_path'====== Args={'value': '/Users/pinball/NapoleonDynamite/logs/2026-03-01-16-11-44-mpf-ANDREs-Mac-mini.local.log', 'prev_value': None, 'change': True}
2026-03-01 16:11:44,885 : INFO : EventManager : Event: ======'init_phase_1'====== Args={}
2026-03-01 16:11:45,042 : INFO : SwitchController : <<<<<<< 's_flipper_left_eos' active >>>>>>>
2026-03-01 16:11:45,042 : INFO : SwitchController : <<<<<<< 's_flipper_right_lower_eos' active >>>>>>>
2026-03-01 16:11:45,043 : INFO : SwitchController : <<<<<<< 's_trough_7' active >>>>>>>
2026-03-01 16:11:45,043 : INFO : SwitchController : <<<<<<< 's_inlane_right_2' active >>>>>>>
2026-03-01 16:11:45,043 : INFO : SwitchController : <<<<<<< 's_inlane_left' active >>>>>>>
2026-03-01 16:11:45,074 : INFO : EventManager : Event: ======'init_phase_2'====== Args={}
2026-03-01 16:11:45,074 : INFO : SwitchController : Found active switch: (37, [FAST Platform Interface]) <switch.s_flipper_left_eos>
2026-03-01 16:11:45,074 : INFO : SwitchController : Found active switch: (32, [FAST Platform Interface]) <switch.s_flipper_right_lower_eos>
2026-03-01 16:11:45,075 : INFO : SwitchController : Found active switch: (30, [FAST Platform Interface]) <switch.s_trough_7>
2026-03-01 16:11:45,075 : INFO : SwitchController : Found active switch: (36, [FAST Platform Interface]) <switch.s_inlane_right_2>
2026-03-01 16:11:45,075 : INFO : SwitchController : Found active switch: (39, [FAST Platform Interface]) <switch.s_inlane_left>
2026-03-01 16:11:45,096 : INFO : EventManager : Event: ======'bcp_connection_attempt'====== Args={'name': 'local_display', 'host': 'localhost', 'port': 5050}
2026-03-01 16:11:45,098 : INFO : BCPClientSocket : Connecting BCP to 'local_display' at localhost:5050...
2026-03-01 16:11:45,108 : INFO : BCPClientSocket : Connected BCP to 'local_display' localhost:5050
2026-03-01 16:11:45,108 : INFO : EventManager : Event: ======'bcp_clients_connected'====== Args={}
2026-03-01 16:11:45,544 : INFO : ball_device.bd_trough : BCH: Initial count: 1
2026-03-01 16:11:45,545 : INFO : ball_device.bd_trough : State: idle
2026-03-01 16:11:45,546 : INFO : ball_device.bd_plunger : BCH: Initial count: 0
2026-03-01 16:11:45,546 : INFO : ball_device.bd_plunger : State: idle
2026-03-01 16:11:45,564 : INFO : EventManager : Event: ======'init_phase_3'====== Args={}
2026-03-01 16:11:45,566 : INFO : EventManager : Event: ======'init_phase_4'====== Args={}
2026-03-01 16:11:45,567 : INFO : BallController : Initial balls found: 1
2026-03-01 16:11:45,568 : INFO : EventManager : Event: ======'machine_var_audits_events_game_ended'====== Args={'value': 0, 'prev_value': None, 'change': True}
2026-03-01 16:11:45,569 : INFO : EventManager : Event: ======'machine_var_audits_events_game_started'====== Args={'value': 39, 'prev_value': None, 'change': True}
2026-03-01 16:11:45,569 : INFO : EventManager : Event: ======'machine_var_audits_missing_switches_s_bumper_lower'====== Args={'value': 28, 'prev_value': None, 'change': True}
2026-03-01 16:11:45,569 : INFO : EventManager : Event: ======'machine_var_audits_missing_switches_s_bumper_upper'====== Args={'value': 29, 'prev_value': None, 'change': True}
2026-03-01 16:11:45,569 : INFO : EventManager : Event: ======'machine_var_audits_missing_switches_s_flipper_left_eos'====== Args={'value': 8, 'prev_value': None, 'change': True}
2026-03-01 16:11:45,569 : INFO : EventManager : Event: ======'machine_var_audits_missing_switches_s_flipper_right_lower'====== Args={'value': 1, 'prev_value': None, 'change': True}
2026-03-01 16:11:45,569 : INFO : EventManager : Event: ======'machine_var_audits_missing_switches_s_flipper_right_lower_eos'====== Args={'value': 7, 'prev_value': None, 'change': True}
2026-03-01 16:11:45,569 : INFO : EventManager : Event: ======'machine_var_audits_missing_switches_s_flipper_right_upper'====== Args={'value': 1, 'prev_value': None, 'change': True}
2026-03-01 16:11:45,569 : INFO : EventManager : Event: ======'machine_var_audits_missing_switches_s_flipper_right_upper_eos'====== Args={'value': 25, 'prev_value': None, 'change': True}
2026-03-01 16:11:45,569 : INFO : EventManager : Event: ======'machine_var_audits_missing_switches_s_inlane_left'====== Args={'value': 30, 'prev_value': None, 'change': True}
2026-03-01 16:11:45,570 : INFO : EventManager : Event: ======'machine_var_audits_missing_switches_s_inlane_right_1'====== Args={'value': 12, 'prev_value': None, 'change': True}
2026-03-01 16:11:45,570 : INFO : EventManager : Event: ======'machine_var_audits_missing_switches_s_inlane_right_2'====== Args={'value': 30, 'prev_value': None, 'change': True}
2026-03-01 16:11:45,570 : INFO : EventManager : Event: ======'machine_var_audits_missing_switches_s_scoop_tina'====== Args={'value': 10, 'prev_value': None, 'change': True}
2026-03-01 16:11:45,570 : INFO : EventManager : Event: ======'machine_var_audits_missing_switches_s_sling_left'====== Args={'value': 6, 'prev_value': None, 'change': True}
2026-03-01 16:11:45,570 : INFO : EventManager : Event: ======'machine_var_audits_missing_switches_s_sling_right'====== Args={'value': 2, 'prev_value': None, 'change': True}
2026-03-01 16:11:45,570 : INFO : EventManager : Event: ======'machine_var_audits_missing_switches_s_start'====== Args={'value': 2, 'prev_value': None, 'change': True}
2026-03-01 16:11:45,570 : INFO : EventManager : Event: ======'machine_var_audits_player_score'====== Args={'value': {'average': 0, 'top': [], 'total': 0}, 'prev_value': None, 'change': True}
2026-03-01 16:11:45,570 : INFO : EventManager : Event: ======'machine_var_audits_shots_bumper_lower'====== Args={'value': 76, 'prev_value': None, 'change': True}
2026-03-01 16:11:45,570 : INFO : EventManager : Event: ======'machine_var_audits_shots_bumper_upper'====== Args={'value': 81, 'prev_value': None, 'change': True}
2026-03-01 16:11:45,570 : INFO : EventManager : Event: ======'machine_var_audits_shots_hurryup'====== Args={'value': 3, 'prev_value': None, 'change': True}
2026-03-01 16:11:45,570 : INFO : EventManager : Event: ======'machine_var_audits_shots_inlane_left'====== Args={'value': 17, 'prev_value': None, 'change': True}
2026-03-01 16:11:45,570 : INFO : EventManager : Event: ======'machine_var_audits_shots_left_lane'====== Args={'value': 8, 'prev_value': None, 'change': True}
2026-03-01 16:11:45,570 : INFO : EventManager : Event: ======'machine_var_audits_switches_s_bumper_lower'====== Args={'value': 76, 'prev_value': None, 'change': True}
2026-03-01 16:11:45,571 : INFO : EventManager : Event: ======'machine_var_audits_switches_s_bumper_upper'====== Args={'value': 81, 'prev_value': None, 'change': True}
2026-03-01 16:11:45,571 : INFO : EventManager : Event: ======'machine_var_audits_switches_s_flipper_left'====== Args={'value': 497, 'prev_value': None, 'change': True}
2026-03-01 16:11:45,571 : INFO : EventManager : Event: ======'machine_var_audits_switches_s_flipper_left_eos'====== Args={'value': 182, 'prev_value': None, 'change': True}
2026-03-01 16:11:45,571 : INFO : EventManager : Event: ======'machine_var_audits_switches_s_flipper_right_lower'====== Args={'value': 537, 'prev_value': None, 'change': True}
2026-03-01 16:11:45,571 : INFO : EventManager : Event: ======'machine_var_audits_switches_s_flipper_right_lower_eos'====== Args={'value': 167, 'prev_value': None, 'change': True}
2026-03-01 16:11:45,571 : INFO : EventManager : Event: ======'machine_var_audits_switches_s_flipper_right_upper'====== Args={'value': 552, 'prev_value': None, 'change': True}
2026-03-01 16:11:45,571 : INFO : EventManager : Event: ======'machine_var_audits_switches_s_flipper_right_upper_eos'====== Args={'value': 43, 'prev_value': None, 'change': True}
2026-03-01 16:11:45,571 : INFO : EventManager : Event: ======'machine_var_audits_switches_s_inlane_left'====== Args={'value': 27, 'prev_value': None, 'change': True}
2026-03-01 16:11:45,571 : INFO : EventManager : Event: ======'machine_var_audits_switches_s_inlane_right_1'====== Args={'value': 18, 'prev_value': None, 'change': True}
2026-03-01 16:11:45,571 : INFO : EventManager : Event: ======'machine_var_audits_switches_s_inlane_right_2'====== Args={'value': 3, 'prev_value': None, 'change': True}
2026-03-01 16:11:45,571 : INFO : EventManager : Event: ======'machine_var_audits_switches_s_plunger'====== Args={'value': 25, 'prev_value': None, 'change': True}
2026-03-01 16:11:45,572 : INFO : EventManager : Event: ======'machine_var_audits_switches_s_plunger_lane'====== Args={'value': 29, 'prev_value': None, 'change': True}
2026-03-01 16:11:45,572 : INFO : EventManager : Event: ======'machine_var_audits_switches_s_scoop_tina'====== Args={'value': 11, 'prev_value': None, 'change': True}
2026-03-01 16:11:45,572 : INFO : EventManager : Event: ======'machine_var_audits_switches_s_sling_left'====== Args={'value': 195, 'prev_value': None, 'change': True}
2026-03-01 16:11:45,572 : INFO : EventManager : Event: ======'machine_var_audits_switches_s_sling_right'====== Args={'value': 37, 'prev_value': None, 'change': True}
2026-03-01 16:11:45,572 : INFO : EventManager : Event: ======'machine_var_audits_switches_s_start'====== Args={'value': 37, 'prev_value': None, 'change': True}
2026-03-01 16:11:45,572 : INFO : EventManager : Event: ======'machine_var_audits_switches_s_trough_1'====== Args={'value': 136, 'prev_value': None, 'change': True}
2026-03-01 16:11:45,572 : INFO : EventManager : Event: ======'machine_var_audits_switches_s_trough_2'====== Args={'value': 124, 'prev_value': None, 'change': True}
2026-03-01 16:11:45,572 : INFO : EventManager : Event: ======'machine_var_audits_switches_s_trough_3'====== Args={'value': 150, 'prev_value': None, 'change': True}
2026-03-01 16:11:45,572 : INFO : EventManager : Event: ======'machine_var_audits_switches_s_trough_4'====== Args={'value': 205, 'prev_value': None, 'change': True}
2026-03-01 16:11:45,572 : INFO : EventManager : Event: ======'machine_var_audits_switches_s_trough_5'====== Args={'value': 223, 'prev_value': None, 'change': True}
2026-03-01 16:11:45,572 : INFO : EventManager : Event: ======'machine_var_audits_switches_s_trough_6'====== Args={'value': 219, 'prev_value': None, 'change': True}
2026-03-01 16:11:45,573 : INFO : EventManager : Event: ======'machine_var_audits_switches_s_trough_7'====== Args={'value': 183, 'prev_value': None, 'change': True}
2026-03-01 16:11:45,573 : INFO : EventManager : Event: ======'init_phase_5'====== Args={}
2026-03-01 16:11:45,574 : INFO : ball_device.bd_trough : BCH: Count is unstable. Trying to reorder balls.
2026-03-01 16:11:45,574 : WARNING : ball_device.bd_trough : Cannot reorder device because eject_coil_reorder_pulse is not configured
2026-03-01 16:11:45,574 : INFO : ball_device.bd_trough : BCH: Repulse done. Waiting for balls to settle.
2026-03-01 16:11:45,574 : INFO : ball_device.bd_trough : BCH: Reordered count: 1
2026-03-01 16:11:45,574 : INFO : EventManager : Event: ======'init_done'====== Args={}
2026-03-01 16:11:45,575 : INFO : EventManager : Event: ======'machine_reset_phase_1'====== Args={}
2026-03-01 16:11:45,592 : INFO : EventManager : Event: ======'machine_reset_phase_2'====== Args={}
2026-03-01 16:11:45,592 : INFO : EventManager : Event: ======'machine_reset_phase_3'====== Args={}
2026-03-01 16:11:45,593 : INFO : EventManager : Event: ======'reset_complete'====== Args={}
2026-03-01 16:11:45,593 : INFO : EventManager : Event: ======'mode_attract_will_start'====== Args={}
2026-03-01 16:11:45,594 : INFO : Timer.attract_carousel_timer : Starting Timer.
2026-03-01 16:11:45,594 : INFO : EventManager : Event: ======'timer_attract_carousel_timer_started'====== Args={'ticks': 0, 'ticks_remaining': 1}
2026-03-01 16:11:45,594 : INFO : EventManager : Event: ======'timer_attract_carousel_timer_tick'====== Args={'ticks': 0, 'ticks_remaining': 1}
2026-03-01 16:11:45,595 : INFO : EventManager : Event: ======'mode_attract_starting'====== Args={}
2026-03-01 16:11:45,595 : INFO : Mode.attract : Started. Priority: 10
2026-03-01 16:11:45,595 : INFO : EventManager : Event: ======'modes_active_modes_changed'====== Args={}
2026-03-01 16:11:45,595 : INFO : EventManager : Event: ======'mode_attract_started'====== Args={}
2026-03-01 16:11:45,596 : INFO : EventManager : Event: ======'collecting_balls_complete'====== Args={}
2026-03-01 16:11:45,597 : INFO : EventManager : Event: ======'carousel_item_highlighted'====== Args={'carousel': 'attract', 'direction': None, 'item': 'title'}
2026-03-01 16:11:45,597 : INFO : EventManager : Event: ======'timer_attract_carousel_timer_tick'====== Args={'ticks': 0, 'ticks_remaining': 1}
2026-03-01 16:11:45,598 : INFO : Machine : Starting the main run loop with active modes: [<Mode.attract>]
2026-03-01 16:11:45,780 : INFO : EventManager : Event: ======'slide_attract_created'====== Args={'_from_bcp': True}
2026-03-01 16:11:45,780 : INFO : EventManager : Event: ======'slide__removed'====== Args={'_from_bcp': True}
2026-03-01 16:11:45,781 : INFO : EventManager : Event: ======'slide_attract_active'====== Args={'original_context': 'attract', 'original_calling_context': 'mode_attract_started', 'priority': 10.0, 'cmd': 'slides_play', '_from_bcp': True}
2026-03-01 16:11:49,156 : INFO : SwitchController : <<<<<<< 's_start' active >>>>>>>
2026-03-01 16:11:49,265 : INFO : SwitchController : <<<<<<< 's_start' inactive >>>>>>>
2026-03-01 16:11:49,265 : INFO : EventManager : Event: ======'request_to_start_game'====== Args={}
2026-03-01 16:11:49,265 : INFO : EventManager : Event: ======'game_start'====== Args={'buttons': [], 'hold_time': 0.10865801399995689}
2026-03-01 16:11:49,265 : INFO : EventManager : Event: ======'mode_game_will_start'====== Args={'buttons': [], 'hold_time': 0.10865801399995689}
2026-03-01 16:11:49,266 : INFO : EventManager : Event: ======'mode_game_starting'====== Args={'buttons': [], 'hold_time': 0.10865801399995689}
2026-03-01 16:11:49,266 : INFO : EventManager : Event: ======'mode_attract_will_stop'====== Args={}
2026-03-01 16:11:49,266 : INFO : EventManager : Event: ======'mode_attract_stopping'====== Args={}
2026-03-01 16:11:49,266 : INFO : Mode.attract : Stopped.
2026-03-01 16:11:49,267 : INFO : EventManager : Event: ======'modes_active_modes_changed'====== Args={}
2026-03-01 16:11:49,267 : INFO : EventManager : Event: ======'mode_attract_stopped'====== Args={}
2026-03-01 16:11:49,267 : INFO : EventManager : Event: ======'clear'====== Args={'key': 'attract'}
2026-03-01 16:11:49,267 : INFO : Timer.attract_carousel_timer : Stopping Timer
2026-03-01 16:11:49,268 : INFO : EventManager : Event: ======'timer_attract_carousel_timer_stopped'====== Args={'ticks': 0, 'ticks_remaining': 1}
2026-03-01 16:11:49,268 : INFO : Mode.game : Started. Priority: 20
2026-03-01 16:11:49,268 : INFO : EventManager : Event: ======'modes_active_modes_changed'====== Args={}
2026-03-01 16:11:49,268 : INFO : EventManager : Event: ======'mode_game_started'====== Args={'buttons': [], 'hold_time': 0.10865801399995689}
2026-03-01 16:11:49,269 : INFO : EventManager : Event: ======'game_will_start'====== Args={}
2026-03-01 16:11:49,269 : INFO : EventManager : Event: ======'game_starting'====== Args={'game': <Mode.game>}
2026-03-01 16:11:49,270 : INFO : EventManager : Unordered handler for class <Auditor> on event game_ended with priority 1. Handlers: [RegisteredHandler(callback=<bound method Auditor.disable of <Auditor>>, priority=1, kwargs={}, key=UUID('4d1c56d1-9615-4554-bf99-f1c8e160fadf'), condition=None, blocking_facility=None), RegisteredHandler(callback=<bound method Auditor._save_audits of <Auditor>>, priority=1, kwargs={}, key=UUID('8b2bd9c5-eb7a-4724-9ab0-cc06e3a3a2dd'), condition=None, blocking_facility=None)]. The order of those handlers is not defined and they will be executed in random order. This might lead to race conditions and potential bugs.
2026-03-01 16:11:49,271 : INFO : EventManager : Event: ======'player_add_request'====== Args={}
2026-03-01 16:11:49,271 : INFO : EventManager : Event: ======'player_will_add'====== Args={'number': 1}
2026-03-01 16:11:49,271 : INFO : EventManager : Event: ======'player_adding'====== Args={'player': <Player 1>, 'number': 1}
2026-03-01 16:11:49,271 : INFO : EventManager : Event: ======'player_added'====== Args={'player': <Player 1>, 'num': 1}
2026-03-01 16:11:49,271 : INFO : Mode.game : Player added successfully. Total players: 1
2026-03-01 16:11:49,272 : INFO : EventManager : Event: ======'player_index'====== Args={'value': 0, 'prev_value': 0, 'change': 0, 'player_num': 1}
2026-03-01 16:11:49,272 : INFO : EventManager : Event: ======'player_number'====== Args={'value': 1, 'prev_value': 1, 'change': 0, 'player_num': 1}
2026-03-01 16:11:49,273 : INFO : EventManager : Event: ======'player_score'====== Args={'value': 0, 'prev_value': 0, 'change': 0, 'player_num': 1}
2026-03-01 16:11:49,273 : INFO : EventManager : Event: ======'game_started'====== Args={}
2026-03-01 16:11:49,274 : INFO : EventManager : Event: ======'player_turn_will_start'====== Args={'player': <Player 1>, 'number': 1}
2026-03-01 16:11:49,274 : INFO : EventManager : Event: ======'player_turn_starting'====== Args={'player': <Player 1>, 'number': 1}
2026-03-01 16:11:49,274 : INFO : EventManager : Event: ======'player_ball'====== Args={'value': 1, 'prev_value': 0, 'change': 1, 'player_num': 1}
2026-03-01 16:11:49,275 : INFO : EventManager : Event: ======'player_turn_started'====== Args={'player': <Player 1>, 'number': 1}
2026-03-01 16:11:49,275 : INFO : EventManager : Event: ======'ball_will_start'====== Args={'player': 1, 'ball': 1, 'balls_remaining': 2, 'is_extra_ball': False}
2026-03-01 16:11:49,278 : INFO : EventManager : Event: ======'ball_starting'====== Args={'player': 1, 'ball': 1, 'balls_remaining': 2, 'is_extra_ball': False}
2026-03-01 16:11:49,278 : INFO : EventManager : Event: ======'mode_base_will_start'====== Args={'queue': <QueuedEvent>, 'player': 1, 'ball': 1, 'balls_remaining': 2, 'is_extra_ball': False}
2026-03-01 16:11:49,290 : INFO : EventManager : Event: ======'mode_base_starting'====== Args={'queue': <QueuedEvent>, 'player': 1, 'ball': 1, 'balls_remaining': 2, 'is_extra_ball': False}
2026-03-01 16:11:49,290 : INFO : Mode.base : Started. Priority: 100
2026-03-01 16:11:49,290 : INFO : EventManager : Event: ======'modes_active_modes_changed'====== Args={}
2026-03-01 16:11:49,291 : INFO : EventManager : Event: ======'mode_base_started'====== Args={'queue': <QueuedEvent>, 'player': 1, 'ball': 1, 'balls_remaining': 2, 'is_extra_ball': False}
2026-03-01 16:11:49,292 : INFO : EventManager : Event: ======'balls_in_play'====== Args={'balls': 1}
2026-03-01 16:11:49,293 : INFO : EventManager : Event: ======'ball_started'====== Args={'player': 1, 'ball': 1, 'balls_remaining': 2, 'is_extra_ball': False}
2026-03-01 16:11:49,294 : INFO : EventManager : Event: ======'single_player_ball_started'====== Args={}
2026-03-01 16:11:49,294 : INFO : EventManager : Event: ======'ball_start_target'====== Args={'target': 'playfield'}
2026-03-01 16:11:49,295 : INFO : ball_device.bd_plunger : Setting up player-controlled eject. Balls: 1, Target: <playfield.playfield>, player_controlled_eject_event: None
2026-03-01 16:11:49,295 : INFO : EventManager : Event: ======'balldevice_balls_available'====== Args={}
2026-03-01 16:11:49,297 : INFO : ball_device.bd_trough : BCH: Count is unstable. Trying to reorder balls.
2026-03-01 16:11:49,297 : WARNING : ball_device.bd_trough : Cannot reorder device because eject_coil_reorder_pulse is not configured
2026-03-01 16:11:49,297 : INFO : ball_device.bd_trough : BCH: Repulse done. Waiting for balls to settle.
2026-03-01 16:11:49,297 : INFO : ball_device.bd_trough : State: waiting_for_target_ready
2026-03-01 16:11:49,297 : INFO : EventManager : Event: ======'balldevice_bd_trough_ball_eject_attempt'====== Args={'balls': 1, 'target': <ball_device.bd_plunger>, 'source': <ball_device.bd_trough>, 'mechanical_eject': True, 'num_attempts': 0}
2026-03-01 16:11:49,297 : INFO : ball_device.bd_plunger : State: waiting_for_ball
2026-03-01 16:11:49,298 : INFO : ball_device.bd_trough : State: ejecting
2026-03-01 16:11:49,298 : INFO : ball_device.bd_trough : Ejecting ball to <ball_device.bd_plunger>
2026-03-01 16:11:49,298 : INFO : EventManager : Event: ======'balldevice_bd_trough_ejecting_ball'====== Args={'balls': 1, 'target': <ball_device.bd_plunger>, 'source': <ball_device.bd_trough>, 'mechanical_eject': True, 'num_attempts': 0}
2026-03-01 16:11:49,299 : INFO : ball_device.bd_trough : Wait for ball to leave device
2026-03-01 16:11:49,299 : INFO : coil.c_trough_eject : Pulsing Driver for 20ms (1.0 pulse_power)
2026-03-01 16:11:49,323 : INFO : SwitchController : <<<<<<< 's_trough_1' active >>>>>>>
2026-03-01 16:11:49,324 : INFO : EventManager : Event: ======'machine_var_audits_switches_s_trough_1'====== Args={'value': 137, 'prev_value': 136, 'change': 1}
2026-03-01 16:11:49,324 : INFO : SwitchController : <<<<<<< 's_trough_7' inactive >>>>>>>
2026-03-01 16:11:49,326 : INFO : ball_device.bd_trough : State: ball_left
2026-03-01 16:11:49,326 : INFO : ball_device.bd_trough : Ball left
2026-03-01 16:11:49,326 : INFO : ball_device.bd_trough : Wait for confirm with timeout 10.0
2026-03-01 16:11:49,338 : INFO : SwitchController : <<<<<<< 's_trough_7' active >>>>>>>
2026-03-01 16:11:49,339 : INFO : EventManager : Event: ======'machine_var_audits_switches_s_trough_7'====== Args={'value': 184, 'prev_value': 183, 'change': 1}
2026-03-01 16:11:49,343 : INFO : EventManager : Event: ======'slide_base_slide_created'====== Args={'_from_bcp': True}
2026-03-01 16:11:49,343 : INFO : EventManager : Event: ======'slide_attract_inactive'====== Args={'is_removing': True, '_from_bcp': True}
2026-03-01 16:11:49,344 : INFO : EventManager : Event: ======'slide_base_slide_active'====== Args={'original_context': 'base', 'original_calling_context': 'mode_base_started', 'priority': 100.0, 'queue': '<QueuedEvent>', 'player': 1.0, 'ball': 1.0, 'balls_remaining': 2.0, 'is_extra_ball': False, 'cmd': 'slides_play', '_from_bcp': True}
2026-03-01 16:11:49,344 : INFO : EventManager : Event: ======'slide_attract_removed'====== Args={'_from_bcp': True}
2026-03-01 16:11:49,516 : INFO : SwitchController : <<<<<<< 's_trough_2' active >>>>>>>
2026-03-01 16:11:49,517 : INFO : EventManager : Event: ======'machine_var_audits_switches_s_trough_2'====== Args={'value': 125, 'prev_value': 124, 'change': 1}
2026-03-01 16:11:49,517 : INFO : SwitchController : <<<<<<< 's_trough_6' active >>>>>>>
2026-03-01 16:11:49,517 : INFO : EventManager : Event: ======'machine_var_audits_switches_s_trough_6'====== Args={'value': 220, 'prev_value': 219, 'change': 1}
2026-03-01 16:11:49,519 : INFO : SwitchController : <<<<<<< 's_trough_5' active >>>>>>>
2026-03-01 16:11:49,520 : INFO : EventManager : Event: ======'machine_var_audits_switches_s_trough_5'====== Args={'value': 224, 'prev_value': 223, 'change': 1}
2026-03-01 16:11:49,521 : INFO : SwitchController : <<<<<<< 's_trough_4' active >>>>>>>
2026-03-01 16:11:49,521 : INFO : EventManager : Event: ======'machine_var_audits_switches_s_trough_4'====== Args={'value': 206, 'prev_value': 205, 'change': 1}
2026-03-01 16:11:49,530 : INFO : SwitchController : <<<<<<< 's_trough_3' active >>>>>>>
2026-03-01 16:11:49,530 : INFO : EventManager : Event: ======'machine_var_audits_switches_s_trough_3'====== Args={'value': 151, 'prev_value': 150, 'change': 1}
2026-03-01 16:11:49,566 : INFO : SwitchController : <<<<<<< 's_trough_4' inactive >>>>>>>
2026-03-01 16:11:49,567 : INFO : SwitchController : <<<<<<< 's_trough_5' inactive >>>>>>>
2026-03-01 16:11:49,571 : INFO : SwitchController : <<<<<<< 's_trough_3' inactive >>>>>>>
2026-03-01 16:11:49,575 : INFO : SwitchController : <<<<<<< 's_trough_2' inactive >>>>>>>
2026-03-01 16:11:49,600 : INFO : SwitchController : <<<<<<< 's_trough_1' inactive >>>>>>>
2026-03-01 16:11:49,914 : INFO : SwitchController : <<<<<<< 's_plunger' active >>>>>>>
2026-03-01 16:11:49,914 : INFO : EventManager : Event: ======'machine_var_audits_switches_s_plunger'====== Args={'value': 26, 'prev_value': 25, 'change': 1}
2026-03-01 16:11:50,415 : INFO : ball_device.bd_plunger : Received ball from <ball_device.bd_trough>
2026-03-01 16:11:50,416 : INFO : EventManager : Event: ======'balldevice_bd_plunger_ball_enter'====== Args={'new_balls': 1, 'unclaimed_balls': 0, 'new_available_balls': 0, 'device': <ball_device.bd_plunger>}
2026-03-01 16:11:50,416 : INFO : EventManager : Event: ======'balldevice_bd_plunger_ball_entered'====== Args={'new_balls': 0, 'device': <ball_device.bd_plunger>}
2026-03-01 16:11:50,417 : INFO : EventManager : Event: ======'balldevice_bd_plunger_ball_count_changed'====== Args={'balls': 1}
2026-03-01 16:11:50,417 : INFO : ball_device.bd_trough : Got eject confirm
2026-03-01 16:11:50,417 : INFO : ball_device.bd_trough : Eject successful
2026-03-01 16:11:50,417 : INFO : EventManager : Event: ======'balldevice_bd_trough_ball_eject_success'====== Args={'balls': 1, 'target': <ball_device.bd_plunger>}
2026-03-01 16:11:50,417 : INFO : ball_device.bd_plunger : State: waiting_for_target_ready
2026-03-01 16:11:50,417 : INFO : EventManager : Event: ======'balldevice_bd_plunger_ball_eject_attempt'====== Args={'balls': 1, 'target': <playfield.playfield>, 'source': <ball_device.bd_plunger>, 'mechanical_eject': True, 'num_attempts': 0}
2026-03-01 16:11:50,417 : INFO : EventManager : Event: ======'balldevice_bd_trough_ball_count_changed'====== Args={'balls': 0}
2026-03-01 16:11:50,417 : INFO : ball_device.bd_trough : State: idle
2026-03-01 16:11:50,418 : INFO : EventManager : Event: ======'balldevice_bd_trough_ball_count_changed'====== Args={'balls': 2}
2026-03-01 16:11:50,418 : INFO : ball_device.bd_trough : Received unexpected ball
2026-03-01 16:11:50,418 : INFO : EventManager : Event: ======'balldevice_captured_from_playfield'====== Args={'balls': 1}
2026-03-01 16:11:50,418 : INFO : ball_device.bd_plunger : State: ejecting
2026-03-01 16:11:50,418 : INFO : ball_device.bd_plunger : Ejecting ball to <playfield.playfield>
2026-03-01 16:11:50,418 : INFO : EventManager : Event: ======'balldevice_bd_plunger_ejecting_ball'====== Args={'balls': 1, 'target': <playfield.playfield>, 'source': <ball_device.bd_plunger>, 'mechanical_eject': True, 'num_attempts': 0}
2026-03-01 16:11:50,418 : INFO : EventManager : Event: ======'sw_playfield_active'====== Args={'balls': 1}
2026-03-01 16:11:50,418 : INFO : EventManager : Event: ======'playfield_active'====== Args={'source': None}
2026-03-01 16:11:50,419 : INFO : EventManager : Event: ======'unexpected_ball_on_playfield'====== Args={}
2026-03-01 16:11:50,419 : INFO : EventManager : Event: ======'playfield_ball_count_change'====== Args={'balls': -1, 'change': -1}
2026-03-01 16:11:50,419 : INFO : EventManager : Event: ======'balldevice_playfield_ball_enter'====== Args={'new_balls': 1, 'unclaimed_balls': 1, 'device': <playfield.playfield>}
2026-03-01 16:11:50,419 : INFO : EventManager : Event: ======'playfield_ball_count_change'====== Args={'balls': 0, 'change': 1}
2026-03-01 16:11:50,419 : INFO : BallController : Found a new ball which was captured from playfield. Known balls: 2
2026-03-01 16:11:50,419 : INFO : EventManager : Event: ======'found_new_ball'====== Args={}
2026-03-01 16:11:50,419 : INFO : EventManager : Event: ======'balldevice_bd_trough_ball_enter'====== Args={'new_balls': 1, 'unclaimed_balls': 1, 'new_available_balls': 1, 'device': <ball_device.bd_trough>}
2026-03-01 16:11:50,419 : INFO : EventManager : Event: ======'ball_drain'====== Args={'device': <ball_device.bd_trough>, 'balls': 1}
2026-03-01 16:11:50,420 : INFO : ball_device.bd_plunger : Wait for ball to leave device
2026-03-01 16:11:50,420 : INFO : EventManager : Event: ======'ball_will_end'====== Args={}
2026-03-01 16:11:50,420 : INFO : EventManager : Event: ======'balldevice_balls_available'====== Args={}
2026-03-01 16:11:50,420 : INFO : EventManager : Event: ======'balldevice_bd_trough_ball_entered'====== Args={'new_balls': 1, 'device': <ball_device.bd_trough>}
2026-03-01 16:11:50,420 : INFO : ball_device.bd_trough : Received unexpected ball
2026-03-01 16:11:50,420 : INFO : EventManager : Event: ======'balldevice_captured_from_playfield'====== Args={'balls': 1}
2026-03-01 16:11:50,421 : INFO : EventManager : Event: ======'mode_base_will_stop'====== Args={}
2026-03-01 16:11:50,421 : INFO : EventManager : Event: ======'mode_base_stopping'====== Args={}
2026-03-01 16:11:50,421 : INFO : EventManager : Event: ======'sw_playfield_active'====== Args={'balls': 1}
2026-03-01 16:11:50,421 : INFO : EventManager : Event: ======'playfield_active'====== Args={'source': None}
2026-03-01 16:11:50,421 : INFO : EventManager : Event: ======'playfield_ball_count_change'====== Args={'balls': -1, 'change': -1}
2026-03-01 16:11:50,421 : INFO : Mode.base : Stopped.
2026-03-01 16:11:50,422 : INFO : EventManager : Event: ======'modes_active_modes_changed'====== Args={}
2026-03-01 16:11:50,423 : INFO : EventManager : Event: ======'mode_base_stopped'====== Args={}
2026-03-01 16:11:50,423 : INFO : EventManager : Event: ======'clear'====== Args={'key': 'base'}
2026-03-01 16:11:50,425 : INFO : EventManager : Event: ======'balldevice_playfield_ball_enter'====== Args={'new_balls': 1, 'unclaimed_balls': 1, 'device': <playfield.playfield>}
2026-03-01 16:11:50,425 : INFO : EventManager : Event: ======'playfield_ball_count_change'====== Args={'balls': 0, 'change': 1}
2026-03-01 16:11:50,425 : INFO : BallController : Found a new ball which was captured from playfield. Known balls: 3
2026-03-01 16:11:50,425 : INFO : EventManager : Event: ======'found_new_ball'====== Args={}
2026-03-01 16:11:50,425 : INFO : EventManager : Event: ======'balldevice_bd_trough_ball_enter'====== Args={'new_balls': 1, 'unclaimed_balls': 1, 'new_available_balls': 1, 'device': <ball_device.bd_trough>}
2026-03-01 16:11:50,425 : INFO : EventManager : Event: ======'ball_drain'====== Args={'device': <ball_device.bd_trough>, 'balls': 1}
2026-03-01 16:11:50,425 : INFO : EventManager : Event: ======'ball_ending'====== Args={}
2026-03-01 16:11:50,426 : INFO : EventManager : Event: ======'balldevice_balls_available'====== Args={}
2026-03-01 16:11:50,426 : INFO : EventManager : Event: ======'balldevice_bd_trough_ball_entered'====== Args={'new_balls': 1, 'device': <ball_device.bd_trough>}
2026-03-01 16:11:50,427 : INFO : EventManager : Event: ======'ball_ended'====== Args={}
2026-03-01 16:11:50,428 : INFO : EventManager : Event: ======'player_turn_will_end'====== Args={'player': <Player 1>, 'number': 1}
2026-03-01 16:11:50,429 : INFO : EventManager : Event: ======'player_turn_ending'====== Args={'player': <Player 1>, 'number': 1}
2026-03-01 16:11:50,429 : INFO : EventManager : Event: ======'player_turn_ended'====== Args={'player': <Player 1>, 'number': 1}
2026-03-01 16:11:50,429 : INFO : EventManager : Event: ======'player_turn_will_start'====== Args={'player': <Player 1>, 'number': 1}
2026-03-01 16:11:50,430 : INFO : EventManager : Event: ======'player_turn_starting'====== Args={'player': <Player 1>, 'number': 1}
2026-03-01 16:11:50,430 : INFO : EventManager : Event: ======'player_ball'====== Args={'value': 2, 'prev_value': 1, 'change': 1, 'player_num': 1}
2026-03-01 16:11:50,430 : INFO : EventManager : Event: ======'player_turn_started'====== Args={'player': <Player 1>, 'number': 1}
2026-03-01 16:11:50,431 : INFO : EventManager : Event: ======'ball_will_start'====== Args={'player': 1, 'ball': 2, 'balls_remaining': 1, 'is_extra_ball': False}
2026-03-01 16:11:50,432 : INFO : BallController : Found 1 ball(s) on playfield.
2026-03-01 16:11:50,432 : WARNING : BallController : Playfields still contain balls. Waiting for those to drain.
2026-03-01 16:11:50,567 : INFO : SwitchController : <<<<<<< 's_plunger' inactive >>>>>>>
2026-03-01 16:11:50,568 : INFO : ball_device.bd_plunger : State: ball_left
2026-03-01 16:11:50,568 : INFO : ball_device.bd_plunger : Ball left
2026-03-01 16:11:50,568 : INFO : ball_device.bd_plunger : Wait for confirm with timeout 10.0
2026-03-01 16:11:50,857 : INFO : SwitchController : <<<<<<< 's_flipper_right_lower' active >>>>>>>
2026-03-01 16:11:50,857 : INFO : EventManager : Event: ======'machine_var_audits_switches_s_flipper_right_lower'====== Args={'value': 538, 'prev_value': 537, 'change': 1}
2026-03-01 16:11:50,859 : INFO : SwitchController : <<<<<<< 's_flipper_right_upper' active >>>>>>>
2026-03-01 16:11:50,859 : INFO : EventManager : Event: ======'machine_var_audits_switches_s_flipper_right_upper'====== Args={'value': 553, 'prev_value': 552, 'change': 1}
2026-03-01 16:11:50,968 : INFO : SwitchController : <<<<<<< 's_flipper_right_upper' inactive >>>>>>>
2026-03-01 16:11:50,974 : INFO : SwitchController : <<<<<<< 's_flipper_right_lower' inactive >>>>>>>
2026-03-01 16:11:51,072 : INFO : SwitchController : <<<<<<< 's_flipper_right_lower' active >>>>>>>
2026-03-01 16:11:51,072 : INFO : EventManager : Event: ======'machine_var_audits_switches_s_flipper_right_lower'====== Args={'value': 539, 'prev_value': 538, 'change': 1}
2026-03-01 16:11:51,073 : INFO : SwitchController : <<<<<<< 's_flipper_right_upper' active >>>>>>>
2026-03-01 16:11:51,073 : INFO : EventManager : Event: ======'machine_var_audits_switches_s_flipper_right_upper'====== Args={'value': 554, 'prev_value': 553, 'change': 1}
2026-03-01 16:11:51,160 : INFO : SwitchController : <<<<<<< 's_flipper_right_upper' inactive >>>>>>>
2026-03-01 16:11:51,164 : INFO : SwitchController : <<<<<<< 's_flipper_right_lower' inactive >>>>>>>
2026-03-01 16:11:51,251 : INFO : SwitchController : <<<<<<< 's_flipper_right_lower' active >>>>>>>
2026-03-01 16:11:51,252 : INFO : EventManager : Event: ======'machine_var_audits_switches_s_flipper_right_lower'====== Args={'value': 540, 'prev_value': 539, 'change': 1}
2026-03-01 16:11:51,254 : INFO : SwitchController : <<<<<<< 's_flipper_right_upper' active >>>>>>>
2026-03-01 16:11:51,254 : INFO : EventManager : Event: ======'machine_var_audits_switches_s_flipper_right_upper'====== Args={'value': 555, 'prev_value': 554, 'change': 1}
2026-03-01 16:11:51,289 : INFO : SwitchController : <<<<<<< 's_flipper_left' active >>>>>>>
2026-03-01 16:11:51,289 : INFO : EventManager : Event: ======'machine_var_audits_switches_s_flipper_left'====== Args={'value': 498, 'prev_value': 497, 'change': 1}
2026-03-01 16:11:51,338 : INFO : SwitchController : <<<<<<< 's_flipper_right_upper' inactive >>>>>>>
2026-03-01 16:11:51,343 : INFO : SwitchController : <<<<<<< 's_flipper_right_lower' inactive >>>>>>>
2026-03-01 16:11:51,385 : INFO : SwitchController : <<<<<<< 's_flipper_left' inactive >>>>>>>
2026-03-01 16:11:51,432 : INFO : BallController : Found 1 ball(s) on playfield.
2026-03-01 16:11:51,433 : WARNING : BallController : Playfields still contain balls. Waiting for those to drain.
2026-03-01 16:11:51,446 : INFO : SwitchController : <<<<<<< 's_flipper_right_lower' active >>>>>>>
2026-03-01 16:11:51,446 : INFO : EventManager : Event: ======'machine_var_audits_switches_s_flipper_right_lower'====== Args={'value': 541, 'prev_value': 540, 'change': 1}
2026-03-01 16:11:51,449 : INFO : SwitchController : <<<<<<< 's_flipper_right_upper' active >>>>>>>
2026-03-01 16:11:51,449 : INFO : EventManager : Event: ======'machine_var_audits_switches_s_flipper_right_upper'====== Args={'value': 556, 'prev_value': 555, 'change': 1}
2026-03-01 16:11:51,477 : INFO : SwitchController : <<<<<<< 's_flipper_left' active >>>>>>>
2026-03-01 16:11:51,477 : INFO : EventManager : Event: ======'machine_var_audits_switches_s_flipper_left'====== Args={'value': 499, 'prev_value': 498, 'change': 1}
2026-03-01 16:11:51,519 : INFO : SwitchController : <<<<<<< 's_flipper_right_upper' inactive >>>>>>>
2026-03-01 16:11:51,527 : INFO : SwitchController : <<<<<<< 's_flipper_right_lower' inactive >>>>>>>
2026-03-01 16:11:51,556 : INFO : SwitchController : <<<<<<< 's_flipper_left' inactive >>>>>>>
2026-03-01 16:11:51,629 : INFO : SwitchController : <<<<<<< 's_flipper_right_lower' active >>>>>>>
2026-03-01 16:11:51,629 : INFO : EventManager : Event: ======'machine_var_audits_switches_s_flipper_right_lower'====== Args={'value': 542, 'prev_value': 541, 'change': 1}
2026-03-01 16:11:51,644 : INFO : SwitchController : <<<<<<< 's_flipper_right_upper' active >>>>>>>
2026-03-01 16:11:51,644 : INFO : EventManager : Event: ======'machine_var_audits_switches_s_flipper_right_upper'====== Args={'value': 557, 'prev_value': 556, 'change': 1}
2026-03-01 16:11:51,665 : INFO : SwitchController : <<<<<<< 's_flipper_right_upper' inactive >>>>>>>
2026-03-01 16:11:51,666 : INFO : SwitchController : <<<<<<< 's_flipper_left' active >>>>>>>
2026-03-01 16:11:51,666 : INFO : EventManager : Event: ======'machine_var_audits_switches_s_flipper_left'====== Args={'value': 500, 'prev_value': 499, 'change': 1}
2026-03-01 16:11:51,679 : INFO : SwitchController : <<<<<<< 's_flipper_right_lower' inactive >>>>>>>
2026-03-01 16:11:51,745 : INFO : SwitchController : <<<<<<< 's_flipper_left' inactive >>>>>>>
2026-03-01 16:11:51,769 : INFO : SwitchController : <<<<<<< 's_flipper_right_lower' active >>>>>>>
2026-03-01 16:11:51,769 : INFO : EventManager : Event: ======'machine_var_audits_switches_s_flipper_right_lower'====== Args={'value': 543, 'prev_value': 542, 'change': 1}
2026-03-01 16:11:51,773 : INFO : SwitchController : <<<<<<< 's_flipper_right_upper' active >>>>>>>
2026-03-01 16:11:51,773 : INFO : EventManager : Event: ======'machine_var_audits_switches_s_flipper_right_upper'====== Args={'value': 558, 'prev_value': 557, 'change': 1}
2026-03-01 16:11:51,838 : INFO : SwitchController : <<<<<<< 's_flipper_right_upper' inactive >>>>>>>
2026-03-01 16:11:51,838 : INFO : SwitchController : <<<<<<< 's_flipper_left' active >>>>>>>
2026-03-01 16:11:51,839 : INFO : EventManager : Event: ======'machine_var_audits_switches_s_flipper_left'====== Args={'value': 501, 'prev_value': 500, 'change': 1}
2026-03-01 16:11:51,843 : INFO : SwitchController : <<<<<<< 's_flipper_right_lower' inactive >>>>>>>
2026-03-01 16:11:51,909 : INFO : SwitchController : <<<<<<< 's_flipper_left' inactive >>>>>>>
2026-03-01 16:11:51,936 : INFO : SwitchController : <<<<<<< 's_flipper_right_lower' active >>>>>>>
2026-03-01 16:11:51,937 : INFO : EventManager : Event: ======'machine_var_audits_switches_s_flipper_right_lower'====== Args={'value': 544, 'prev_value': 543, 'change': 1}
2026-03-01 16:11:51,939 : INFO : SwitchController : <<<<<<< 's_flipper_right_upper' active >>>>>>>
2026-03-01 16:11:51,939 : INFO : EventManager : Event: ======'machine_var_audits_switches_s_flipper_right_upper'====== Args={'value': 559, 'prev_value': 558, 'change': 1}
2026-03-01 16:11:52,006 : INFO : SwitchController : <<<<<<< 's_flipper_left' active >>>>>>>
2026-03-01 16:11:52,006 : INFO : EventManager : Event: ======'machine_var_audits_switches_s_flipper_left'====== Args={'value': 502, 'prev_value': 501, 'change': 1}
2026-03-01 16:11:52,012 : INFO : SwitchController : <<<<<<< 's_flipper_right_upper' inactive >>>>>>>
2026-03-01 16:11:52,019 : INFO : SwitchController : <<<<<<< 's_flipper_right_lower' inactive >>>>>>>
2026-03-01 16:11:52,060 : INFO : SwitchController : <<<<<<< 's_flipper_left' inactive >>>>>>>
2026-03-01 16:11:52,116 : INFO : SwitchController : <<<<<<< 's_flipper_right_lower' active >>>>>>>
2026-03-01 16:11:52,116 : INFO : EventManager : Event: ======'machine_var_audits_switches_s_flipper_right_lower'====== Args={'value': 545, 'prev_value': 544, 'change': 1}
2026-03-01 16:11:52,119 : INFO : SwitchController : <<<<<<< 's_flipper_right_upper' active >>>>>>>
2026-03-01 16:11:52,120 : INFO : EventManager : Event: ======'machine_var_audits_switches_s_flipper_right_upper'====== Args={'value': 560, 'prev_value': 559, 'change': 1}
2026-03-01 16:11:52,157 : INFO : SwitchController : <<<<<<< 's_flipper_left' active >>>>>>>
2026-03-01 16:11:52,157 : INFO : EventManager : Event: ======'machine_var_audits_switches_s_flipper_left'====== Args={'value': 503, 'prev_value': 502, 'change': 1}
2026-03-01 16:11:52,194 : INFO : SwitchController : <<<<<<< 's_flipper_right_upper' inactive >>>>>>>
2026-03-01 16:11:52,199 : INFO : SwitchController : <<<<<<< 's_flipper_right_lower' inactive >>>>>>>
2026-03-01 16:11:52,225 : INFO : SwitchController : <<<<<<< 's_flipper_left' inactive >>>>>>>
2026-03-01 16:11:52,303 : INFO : SwitchController : <<<<<<< 's_flipper_right_lower' active >>>>>>>
2026-03-01 16:11:52,303 : INFO : EventManager : Event: ======'machine_var_audits_switches_s_flipper_right_lower'====== Args={'value': 546, 'prev_value': 545, 'change': 1}
2026-03-01 16:11:52,306 : INFO : SwitchController : <<<<<<< 's_flipper_right_upper' active >>>>>>>
2026-03-01 16:11:52,306 : INFO : EventManager : Event: ======'machine_var_audits_switches_s_flipper_right_upper'====== Args={'value': 561, 'prev_value': 560, 'change': 1}
2026-03-01 16:11:52,325 : INFO : SwitchController : <<<<<<< 's_flipper_left' active >>>>>>>
2026-03-01 16:11:52,325 : INFO : EventManager : Event: ======'machine_var_audits_switches_s_flipper_left'====== Args={'value': 504, 'prev_value': 503, 'change': 1}
2026-03-01 16:11:52,369 : INFO : SwitchController : <<<<<<< 's_flipper_left' inactive >>>>>>>
2026-03-01 16:11:52,382 : INFO : SwitchController : <<<<<<< 's_flipper_right_upper' inactive >>>>>>>
2026-03-01 16:11:52,384 : INFO : SwitchController : <<<<<<< 's_flipper_right_lower' inactive >>>>>>>
2026-03-01 16:11:52,433 : INFO : BallController : Found 1 ball(s) on playfield.
2026-03-01 16:11:52,434 : WARNING : BallController : Playfields still contain balls. Waiting for those to drain.
2026-03-01 16:11:53,435 : INFO : BallController : Found 1 ball(s) on playfield.
2026-03-01 16:11:53,435 : WARNING : BallController : Playfields still contain balls. Waiting for those to drain.
2026-03-01 16:11:54,435 : INFO : BallController : Found 1 ball(s) on playfield.
2026-03-01 16:11:54,435 : WARNING : BallController : Playfields still contain balls. Waiting for those to drain.
2026-03-01 16:11:55,036 : INFO : SwitchController : <<<<<<< 's_trough_6' inactive >>>>>>>
2026-03-01 16:11:55,435 : INFO : BallController : Found 1 ball(s) on playfield.
2026-03-01 16:11:55,436 : WARNING : BallController : Playfields still contain balls. Waiting for those to drain.
2026-03-01 16:11:55,536 : INFO : ball_device.bd_trough : BCH: Count is unstable. Trying to reorder balls.
2026-03-01 16:11:55,537 : WARNING : ball_device.bd_trough : Cannot reorder device because eject_coil_reorder_pulse is not configured
2026-03-01 16:11:55,537 : INFO : ball_device.bd_trough : BCH: Repulse done. Waiting for balls to settle.
2026-03-01 16:11:56,436 : INFO : BallController : Found 1 ball(s) on playfield.
2026-03-01 16:11:56,436 : WARNING : BallController : Playfields still contain balls. Waiting for those to drain.
2026-03-01 16:11:57,437 : INFO : BallController : Found 1 ball(s) on playfield.
2026-03-01 16:11:57,437 : WARNING : BallController : Playfields still contain balls. Waiting for those to drain.
2026-03-01 16:11:58,438 : INFO : BallController : Found 1 ball(s) on playfield.
2026-03-01 16:11:58,438 : WARNING : BallController : Playfields still contain balls. Waiting for those to drain.
2026-03-01 16:11:59,438 : INFO : BallController : Found 1 ball(s) on playfield.
2026-03-01 16:11:59,439 : WARNING : BallController : Playfields still contain balls. Waiting for those to drain.
2026-03-01 16:12:00,439 : INFO : BallController : Found 1 ball(s) on playfield.
2026-03-01 16:12:00,439 : WARNING : BallController : Playfields still contain balls. Waiting for those to drain.
2026-03-01 16:12:00,569 : INFO : ball_device.bd_plunger : State: failed_confirm
2026-03-01 16:12:00,569 : INFO : ball_device.bd_plunger : Got timeout (10.0s) before confirm from <playfield.playfield>
2026-03-01 16:12:00,669 : INFO : ball_device.bd_plunger : Confirming eject because target is playfield and ball did not return.
2026-03-01 16:12:00,669 : INFO : ball_device.bd_plunger : Eject successful
2026-03-01 16:12:00,669 : INFO : EventManager : Event: ======'balldevice_bd_plunger_ball_eject_success'====== Args={'balls': 1, 'target': <playfield.playfield>}
2026-03-01 16:12:00,670 : INFO : EventManager : Event: ======'balldevice_playfield_ball_enter'====== Args={'new_balls': 1, 'unclaimed_balls': 1, 'device': <playfield.playfield>}
2026-03-01 16:12:00,670 : INFO : EventManager : Event: ======'playfield_ball_count_change'====== Args={'balls': 1, 'change': 1}
2026-03-01 16:12:00,670 : INFO : EventManager : Event: ======'balldevice_bd_plunger_ball_count_changed'====== Args={'balls': 0}
2026-03-01 16:12:00,670 : INFO : ball_device.bd_plunger : State: idle
2026-03-01 16:12:01,440 : INFO : BallController : Found 1 ball(s) on playfield.
2026-03-01 16:12:01,440 : WARNING : BallController : Playfields still contain balls. Waiting for those to drain.
2026-03-01 16:12:02,441 : INFO : BallController : Found 1 ball(s) on playfield.
2026-03-01 16:12:02,441 : WARNING : BallController : Playfields still contain balls. Waiting for those to drain.
2026-03-01 16:12:03,442 : INFO : BallController : Found 1 ball(s) on playfield.
2026-03-01 16:12:03,442 : WARNING : BallController : Playfields still contain balls. Waiting for those to drain.
2026-03-01 16:12:04,443 : INFO : BallController : Found 1 ball(s) on playfield.
2026-03-01 16:12:04,443 : WARNING : BallController : Playfields still contain balls. Waiting for those to drain.
2026-03-01 16:12:05,444 : INFO : BallController : Found 1 ball(s) on playfield.
2026-03-01 16:12:05,445 : WARNING : BallController : Playfields still contain balls. Waiting for those to drain.
2026-03-01 16:12:06,446 : INFO : BallController : Found 1 ball(s) on playfield.
2026-03-01 16:12:06,446 : WARNING : BallController : Playfields still contain balls. Waiting for those to drain.
2026-03-01 16:12:07,447 : INFO : BallController : Found 1 ball(s) on playfield.
2026-03-01 16:12:07,447 : WARNING : BallController : Playfields still contain balls. Waiting for those to drain.
2026-03-01 16:12:08,448 : INFO : BallController : Found 1 ball(s) on playfield.
2026-03-01 16:12:08,448 : WARNING : BallController : Playfields still contain balls. Waiting for those to drain.
2026-03-01 16:12:09,449 : INFO : BallController : Found 1 ball(s) on playfield.
2026-03-01 16:12:09,450 : WARNING : BallController : Playfields still contain balls. Waiting for those to drain.
2026-03-01 16:12:10,470 : INFO : BallController : Found 1 ball(s) on playfield.
2026-03-01 16:12:10,470 : WARNING : BallController : Playfields still contain balls. Waiting for those to drain.
2026-03-01 16:12:11,471 : INFO : BallController : Found 1 ball(s) on playfield.
2026-03-01 16:12:11,471 : WARNING : BallController : Playfields still contain balls. Waiting for those to drain.
2026-03-01 16:12:12,472 : INFO : BallController : Found 1 ball(s) on playfield.
2026-03-01 16:12:12,473 : WARNING : BallController : Playfields still contain balls. Waiting for those to drain.
2026-03-01 16:12:13,474 : INFO : BallController : Found 1 ball(s) on playfield.
2026-03-01 16:12:13,474 : WARNING : BallController : Playfields still contain balls. Waiting for those to drain.
2026-03-01 16:12:14,475 : INFO : BallController : Found 1 ball(s) on playfield.
2026-03-01 16:12:14,475 : WARNING : BallController : Playfields still contain balls. Waiting for those to drain.
2026-03-01 16:12:15,476 : INFO : BallController : Found 1 ball(s) on playfield.
2026-03-01 16:12:15,476 : WARNING : BallController : Playfields still contain balls. Waiting for those to drain.
2026-03-01 16:12:16,477 : INFO : BallController : Found 1 ball(s) on playfield.
2026-03-01 16:12:16,477 : WARNING : BallController : Playfields still contain balls. Waiting for those to drain.
2026-03-01 16:12:17,483 : INFO : BallController : Found 1 ball(s) on playfield.
2026-03-01 16:12:17,483 : WARNING : BallController : Playfields still contain balls. Waiting for those to drain.
2026-03-01 16:12:18,485 : INFO : BallController : Found 1 ball(s) on playfield.
2026-03-01 16:12:18,485 : WARNING : BallController : Playfields still contain balls. Waiting for those to drain.
2026-03-01 16:12:19,486 : INFO : BallController : Found 1 ball(s) on playfield.
2026-03-01 16:12:19,486 : WARNING : BallController : Playfields still contain balls. Waiting for those to drain.
2026-03-01 16:12:20,487 : INFO : BallController : Found 1 ball(s) on playfield.
2026-03-01 16:12:20,487 : WARNING : BallController : Playfields still contain balls. Waiting for those to drain.
2026-03-01 16:12:21,488 : INFO : BallController : Found 1 ball(s) on playfield.
2026-03-01 16:12:21,489 : WARNING : BallController : Playfields still contain balls. Waiting for those to drain.
2026-03-01 16:12:22,219 : INFO : Machine : Shutting down...
2026-03-01 16:12:22,219 : INFO : EventManager : Event: ======'shutdown'====== Args={}
2026-03-01 16:12:22,224 : INFO : EventManager : Event: ======'mode_game_will_stop'====== Args={}
2026-03-01 16:12:22,224 : INFO : EventManager : Event: ======'mode_game_stopping'====== Args={}
2026-03-01 16:12:22,225 : INFO : Mode.game : Stopped.
2026-03-01 16:12:22,225 : INFO : EventManager : Event: ======'modes_active_modes_changed'====== Args={}
2026-03-01 16:12:22,225 : INFO : EventManager : Event: ======'mode_game_stopped'====== Args={}
2026-03-01 16:12:22,225 : INFO : EventManager : Event: ======'clear'====== Args={'key': 'game'}
2026-03-01 16:12:22,330 : INFO : root : MPF run loop ended.
