2026-03-01 15:53:45,089 : INFO : root : Loading config.
2026-03-01 15:53:45,483 : INFO : ConfigProcessor : Config spec file cache created: /var/folders/1s/015t8n3n70gcr2ch4xflj4yr0000gn/T/config_spec.mpf_cache
2026-03-01 15:53:45,485 : INFO : YamlMultifileConfigLoader : Machine config file #1: config.yaml
2026-03-01 15:53:45,486 : INFO : ConfigProcessor : Loading config from cache: /var/folders/1s/015t8n3n70gcr2ch4xflj4yr0000gn/T/954ddabc670342668a09b03520c7eb79.mpf_cache
2026-03-01 15:53:45,574 : WARNING : ConfigProcessor : Config file in cache changed: /Users/pinball/NapoleonDynamite/modes/attract/config/attract.yaml
2026-03-01 15:53:45,574 : INFO : ConfigProcessor : Loading config from file /Users/pinball/mpf/lib/python3.14/site-packages/mpf/modes/attract/config/attract.yaml.
2026-03-01 15:53:45,578 : INFO : ConfigProcessor : Loading config: /Users/pinball/mpf/lib/python3.14/site-packages/mpf/modes/attract/config/attract.yaml
2026-03-01 15:53:45,578 : INFO : ConfigProcessor : Loading config from file /Users/pinball/NapoleonDynamite/modes/attract/config/attract.yaml.
2026-03-01 15:53:45,586 : INFO : ConfigProcessor : Loading config: /Users/pinball/NapoleonDynamite/modes/attract/config/attract.yaml
2026-03-01 15:53:45,587 : INFO : ConfigProcessor : Config file cache created: /var/folders/1s/015t8n3n70gcr2ch4xflj4yr0000gn/T/64218df07edc412f774c53ffb33c812d.mpf_cache
2026-03-01 15:53:45,587 : INFO : ConfigProcessor : Loading config from cache: /var/folders/1s/015t8n3n70gcr2ch4xflj4yr0000gn/T/767518d75df2d86a4d35c1fb94c70abd.mpf_cache
2026-03-01 15:53:45,588 : INFO : ConfigProcessor : Loading config from cache: /var/folders/1s/015t8n3n70gcr2ch4xflj4yr0000gn/T/64218df07edc412f774c53ffb33c812d.mpf_cache
2026-03-01 15:53:45,591 : WARNING : ConfigProcessor : Config file in cache changed: /Users/pinball/NapoleonDynamite/modes/base/config/base.yaml
2026-03-01 15:53:45,591 : INFO : ConfigProcessor : Loading config from file /Users/pinball/NapoleonDynamite/modes/base/config/base.yaml.
2026-03-01 15:53:45,593 : INFO : ConfigProcessor : Loading config: /Users/pinball/NapoleonDynamite/modes/base/config/base.yaml
2026-03-01 15:53:45,594 : INFO : ConfigProcessor : Config file cache created: /var/folders/1s/015t8n3n70gcr2ch4xflj4yr0000gn/T/73548cb541cc3751ae5711fe0817282a.mpf_cache
2026-03-01 15:53:45,594 : INFO : ConfigProcessor : Loading config from cache: /var/folders/1s/015t8n3n70gcr2ch4xflj4yr0000gn/T/57f006170cd447d443f971cd8b826597.mpf_cache
2026-03-01 15:53:45,595 : INFO : ConfigProcessor : Loading config from cache: /var/folders/1s/015t8n3n70gcr2ch4xflj4yr0000gn/T/adb0ea3e4ccf2dafa758999a39c1d676.mpf_cache
2026-03-01 15:53:45,596 : INFO : Machine : Mission Pinball Framework Core Engine v0.80.0.dev13
2026-03-01 15:53:45,596 : INFO : Machine : Command line arguments: {'no_load_cache': False, 'create_config_cache': True, 'bcp': True, 'configfile': ['config.yaml'], 'force_assets_load': False, 'platform_integration_test': False, 'jsonlogging': False, 'logfile': 'logs/2026-03-01-15-53-45-mpf-ANDREs-Mac-mini.local.log', 'pause': False, 'production': False, 'text_ui': True, 'loglevel': 15, 'consoleloglevel': 20, 'force_platform': None, 'syslog_address': None, 'full_logfile_path': '/Users/pinball/NapoleonDynamite/logs/2026-03-01-15-53-45-mpf-ANDREs-Mac-mini.local.log'}
2026-03-01 15:53:45,596 : INFO : Machine : MPF path: /Users/pinball/mpf/lib/python3.14/site-packages/mpf
2026-03-01 15:53:45,596 : INFO : Machine : Machine path: /Users/pinball/NapoleonDynamite
2026-03-01 15:53:45,596 : INFO : Machine : Platform: darwin
2026-03-01 15:53:45,596 : INFO : Machine : Python executable location: /Users/pinball/mpf/bin/python3.14
2026-03-01 15:53:45,596 : INFO : Machine : Python version: 3.14.3 (64-bit)
2026-03-01 15:53:45,597 : INFO : Machine : Initializing MPF...
2026-03-01 15:53:45,723 : INFO : FAST : Auto-detecting ports for the following connections: ['net', 'exp']
2026-03-01 15:53:45,749 : INFO : FAST : Detected NET on port /dev/cu.usbmodem14101
2026-03-01 15:53:45,757 : INFO : FAST : Detected EXP on port /dev/cu.usbmodem14103
2026-03-01 15:53:45,862 : INFO : FAST [NET] : Trying to connect to /dev/cu.usbmodem14101 at 921600bps
2026-03-01 15:53:45,867 : INFO : FAST [NET] : Connected to /dev/cu.usbmodem14101 at 921600bps
2026-03-01 15:53:45,870 : INFO : FAST [NET] : Connected to FP-CPU-2000 with firmware v02.26
2026-03-01 15:53:45,873 : INFO : FAST [NET] : Registered I/O Board 0: Model: FP-I/O-0024, Firmware: 01.10, Switches: 24, Drivers: 8
2026-03-01 15:53:45,874 : INFO : FAST [NET] : Registered I/O Board 1: Model: FP-I/O-3208, Firmware: 01.10, Switches: 32, Drivers: 8
2026-03-01 15:53:45,876 : INFO : FAST [NET] : Registered I/O Board 2: Model: FP-I/O-0804, Firmware: 01.10, Switches: 8, Drivers: 4
2026-03-01 15:53:45,877 : INFO : FAST [EXP] : Trying to connect to /dev/cu.usbmodem14103 at 921600bps
2026-03-01 15:53:45,882 : INFO : FAST [EXP] : Connected to /dev/cu.usbmodem14103 at 921600bps
2026-03-01 15:53:45,884 : INFO : FAST [EXP] : Verifying hardware for EXP "neuron" (FP-EXP-2000, @48) with ID string "EXP FP-EXP-2000  0.34", board address 48
2026-03-01 15:53:45,885 : INFO : FAST [EXP] : Verifying hardware for EXP "neuron" (FP-EXP-2000, @48) with ID string "LED FP-BRK-0001  0.8", board address 480
2026-03-01 15:53:45,887 : INFO : EventManager : Event: ======'machine_var_credits_string'====== Args={'value': 'FREE PLAY', 'prev_value': None, 'change': True}
2026-03-01 15:53:45,910 : INFO : EventManager : Event: ======'machine_var_master_volume'====== Args={'value': 0.5, 'prev_value': None, 'change': True}
2026-03-01 15:53:45,910 : INFO : EventManager : Event: ======'machine_var_mpf_version'====== Args={'value': 'Mission Pinball Framework v0.80.0.dev13', 'prev_value': None, 'change': True}
2026-03-01 15:53:45,910 : INFO : EventManager : Event: ======'machine_var_mpf_extended_version'====== Args={'value': 'Mission Pinball Framework v0.80.0.dev13, Config version:6, Show version: 6, BCP version:1.1', 'prev_value': None, 'change': True}
2026-03-01 15:53:45,911 : INFO : EventManager : Event: ======'machine_var_python_version'====== Args={'value': '3.14.3', 'prev_value': None, 'change': True}
2026-03-01 15:53:45,944 : INFO : EventManager : Event: ======'machine_var_platform'====== Args={'value': 'macOS-14.8.4-x86_64-i386-64bit-Mach-O', 'prev_value': None, 'change': True}
2026-03-01 15:53:45,945 : INFO : EventManager : Event: ======'machine_var_platform_system'====== Args={'value': 'Darwin', 'prev_value': None, 'change': True}
2026-03-01 15:53:45,945 : INFO : EventManager : Event: ======'machine_var_platform_release'====== Args={'value': '23.6.0', 'prev_value': None, 'change': True}
2026-03-01 15:53:45,945 : INFO : EventManager : Event: ======'machine_var_platform_version'====== Args={'value': 'Darwin Kernel Version 23.6.0: Mon Jan 19 22:02:22 PST 2026; root:xnu-10063.141.1.710.3~1/RELEASE_X86_64', 'prev_value': None, 'change': True}
2026-03-01 15:53:45,945 : INFO : EventManager : Event: ======'machine_var_platform_machine'====== Args={'value': 'x86_64', 'prev_value': None, 'change': True}
2026-03-01 15:53:45,945 : INFO : EventManager : Event: ======'machine_var_log_file_path'====== Args={'value': '/Users/pinball/NapoleonDynamite/logs/2026-03-01-15-53-45-mpf-ANDREs-Mac-mini.local.log', 'prev_value': None, 'change': True}
2026-03-01 15:53:45,945 : INFO : EventManager : Event: ======'init_phase_1'====== Args={}
2026-03-01 15:53:46,126 : INFO : SwitchController : <<<<<<< 's_flipper_left_eos' active >>>>>>>
2026-03-01 15:53:46,126 : INFO : SwitchController : <<<<<<< 's_flipper_right_lower_eos' active >>>>>>>
2026-03-01 15:53:46,126 : INFO : SwitchController : <<<<<<< 's_trough_7' active >>>>>>>
2026-03-01 15:53:46,126 : INFO : SwitchController : <<<<<<< 's_bumper_lower' active >>>>>>>
2026-03-01 15:53:46,126 : INFO : SwitchController : <<<<<<< 's_bumper_upper' active >>>>>>>
2026-03-01 15:53:46,126 : INFO : SwitchController : <<<<<<< 's_inlane_right_2' active >>>>>>>
2026-03-01 15:53:46,126 : INFO : SwitchController : <<<<<<< 's_inlane_left' active >>>>>>>
2026-03-01 15:53:46,158 : INFO : EventManager : Event: ======'init_phase_2'====== Args={}
2026-03-01 15:53:46,159 : INFO : SwitchController : Found active switch: (37, [FAST Platform Interface]) <switch.s_flipper_left_eos>
2026-03-01 15:53:46,159 : INFO : SwitchController : Found active switch: (32, [FAST Platform Interface]) <switch.s_flipper_right_lower_eos>
2026-03-01 15:53:46,159 : INFO : SwitchController : Found active switch: (30, [FAST Platform Interface]) <switch.s_trough_7>
2026-03-01 15:53:46,159 : INFO : SwitchController : Found active switch: (41, [FAST Platform Interface]) <switch.s_bumper_lower>
2026-03-01 15:53:46,159 : INFO : SwitchController : Found active switch: (42, [FAST Platform Interface]) <switch.s_bumper_upper>
2026-03-01 15:53:46,159 : INFO : SwitchController : Found active switch: (36, [FAST Platform Interface]) <switch.s_inlane_right_2>
2026-03-01 15:53:46,159 : INFO : SwitchController : Found active switch: (39, [FAST Platform Interface]) <switch.s_inlane_left>
2026-03-01 15:53:46,165 : INFO : EventManager : Event: ======'bcp_connection_attempt'====== Args={'name': 'local_display', 'host': 'localhost', 'port': 5050}
2026-03-01 15:53:46,168 : INFO : BCPClientSocket : Connecting BCP to 'local_display' at localhost:5050...
2026-03-01 15:53:46,177 : INFO : BCPClientSocket : Connected BCP to 'local_display' localhost:5050
2026-03-01 15:53:46,177 : INFO : EventManager : Event: ======'bcp_clients_connected'====== Args={}
2026-03-01 15:53:46,627 : INFO : ball_device.bd_trough : BCH: Initial count: 1
2026-03-01 15:53:46,627 : INFO : ball_device.bd_trough : State: idle
2026-03-01 15:53:46,628 : INFO : ball_device.bd_plunger : BCH: Initial count: 0
2026-03-01 15:53:46,628 : INFO : ball_device.bd_plunger : State: idle
2026-03-01 15:53:46,643 : INFO : EventManager : Event: ======'init_phase_3'====== Args={}
2026-03-01 15:53:46,645 : INFO : EventManager : Event: ======'init_phase_4'====== Args={}
2026-03-01 15:53:46,646 : INFO : BallController : Initial balls found: 1
2026-03-01 15:53:46,647 : INFO : EventManager : Event: ======'machine_var_audits_events_game_ended'====== Args={'value': 0, 'prev_value': None, 'change': True}
2026-03-01 15:53:46,647 : INFO : EventManager : Event: ======'machine_var_audits_events_game_started'====== Args={'value': 35, 'prev_value': None, 'change': True}
2026-03-01 15:53:46,647 : INFO : EventManager : Event: ======'machine_var_audits_missing_switches_s_bumper_lower'====== Args={'value': 26, 'prev_value': None, 'change': True}
2026-03-01 15:53:46,647 : INFO : EventManager : Event: ======'machine_var_audits_missing_switches_s_bumper_upper'====== Args={'value': 27, 'prev_value': None, 'change': True}
2026-03-01 15:53:46,648 : INFO : EventManager : Event: ======'machine_var_audits_missing_switches_s_flipper_left_eos'====== Args={'value': 4, 'prev_value': None, 'change': True}
2026-03-01 15:53:46,648 : INFO : EventManager : Event: ======'machine_var_audits_missing_switches_s_flipper_right_lower_eos'====== Args={'value': 3, 'prev_value': None, 'change': True}
2026-03-01 15:53:46,648 : INFO : EventManager : Event: ======'machine_var_audits_missing_switches_s_flipper_right_upper_eos'====== Args={'value': 21, 'prev_value': None, 'change': True}
2026-03-01 15:53:46,648 : INFO : EventManager : Event: ======'machine_var_audits_missing_switches_s_inlane_left'====== Args={'value': 26, 'prev_value': None, 'change': True}
2026-03-01 15:53:46,648 : INFO : EventManager : Event: ======'machine_var_audits_missing_switches_s_inlane_right_1'====== Args={'value': 8, 'prev_value': None, 'change': True}
2026-03-01 15:53:46,648 : INFO : EventManager : Event: ======'machine_var_audits_missing_switches_s_inlane_right_2'====== Args={'value': 26, 'prev_value': None, 'change': True}
2026-03-01 15:53:46,648 : INFO : EventManager : Event: ======'machine_var_audits_missing_switches_s_scoop_tina'====== Args={'value': 8, 'prev_value': None, 'change': True}
2026-03-01 15:53:46,648 : INFO : EventManager : Event: ======'machine_var_audits_missing_switches_s_sling_left'====== Args={'value': 2, 'prev_value': None, 'change': True}
2026-03-01 15:53:46,648 : INFO : EventManager : Event: ======'machine_var_audits_missing_switches_s_sling_right'====== Args={'value': 2, 'prev_value': None, 'change': True}
2026-03-01 15:53:46,648 : INFO : EventManager : Event: ======'machine_var_audits_missing_switches_s_start'====== Args={'value': 3, 'prev_value': None, 'change': True}
2026-03-01 15:53:46,648 : INFO : EventManager : Event: ======'machine_var_audits_player_score'====== Args={'value': {'average': 0, 'top': [], 'total': 0}, 'prev_value': None, 'change': True}
2026-03-01 15:53:46,648 : INFO : EventManager : Event: ======'machine_var_audits_shots_bumper_lower'====== Args={'value': 76, 'prev_value': None, 'change': True}
2026-03-01 15:53:46,649 : INFO : EventManager : Event: ======'machine_var_audits_shots_bumper_upper'====== Args={'value': 81, 'prev_value': None, 'change': True}
2026-03-01 15:53:46,649 : INFO : EventManager : Event: ======'machine_var_audits_shots_hurryup'====== Args={'value': 3, 'prev_value': None, 'change': True}
2026-03-01 15:53:46,649 : INFO : EventManager : Event: ======'machine_var_audits_shots_inlane_left'====== Args={'value': 17, 'prev_value': None, 'change': True}
2026-03-01 15:53:46,649 : INFO : EventManager : Event: ======'machine_var_audits_shots_left_lane'====== Args={'value': 8, 'prev_value': None, 'change': True}
2026-03-01 15:53:46,649 : INFO : EventManager : Event: ======'machine_var_audits_switches_s_bumper_lower'====== Args={'value': 76, 'prev_value': None, 'change': True}
2026-03-01 15:53:46,649 : INFO : EventManager : Event: ======'machine_var_audits_switches_s_bumper_upper'====== Args={'value': 81, 'prev_value': None, 'change': True}
2026-03-01 15:53:46,649 : INFO : EventManager : Event: ======'machine_var_audits_switches_s_flipper_left'====== Args={'value': 478, 'prev_value': None, 'change': True}
2026-03-01 15:53:46,649 : INFO : EventManager : Event: ======'machine_var_audits_switches_s_flipper_left_eos'====== Args={'value': 182, 'prev_value': None, 'change': True}
2026-03-01 15:53:46,649 : INFO : EventManager : Event: ======'machine_var_audits_switches_s_flipper_right_lower'====== Args={'value': 491, 'prev_value': None, 'change': True}
2026-03-01 15:53:46,649 : INFO : EventManager : Event: ======'machine_var_audits_switches_s_flipper_right_lower_eos'====== Args={'value': 167, 'prev_value': None, 'change': True}
2026-03-01 15:53:46,649 : INFO : EventManager : Event: ======'machine_var_audits_switches_s_flipper_right_upper'====== Args={'value': 506, 'prev_value': None, 'change': True}
2026-03-01 15:53:46,649 : INFO : EventManager : Event: ======'machine_var_audits_switches_s_flipper_right_upper_eos'====== Args={'value': 43, 'prev_value': None, 'change': True}
2026-03-01 15:53:46,649 : INFO : EventManager : Event: ======'machine_var_audits_switches_s_inlane_left'====== Args={'value': 27, 'prev_value': None, 'change': True}
2026-03-01 15:53:46,650 : INFO : EventManager : Event: ======'machine_var_audits_switches_s_inlane_right_1'====== Args={'value': 18, 'prev_value': None, 'change': True}
2026-03-01 15:53:46,650 : INFO : EventManager : Event: ======'machine_var_audits_switches_s_inlane_right_2'====== Args={'value': 3, 'prev_value': None, 'change': True}
2026-03-01 15:53:46,650 : INFO : EventManager : Event: ======'machine_var_audits_switches_s_plunger'====== Args={'value': 17, 'prev_value': None, 'change': True}
2026-03-01 15:53:46,650 : INFO : EventManager : Event: ======'machine_var_audits_switches_s_plunger_lane'====== Args={'value': 29, 'prev_value': None, 'change': True}
2026-03-01 15:53:46,650 : INFO : EventManager : Event: ======'machine_var_audits_switches_s_scoop_tina'====== Args={'value': 11, 'prev_value': None, 'change': True}
2026-03-01 15:53:46,650 : INFO : EventManager : Event: ======'machine_var_audits_switches_s_sling_left'====== Args={'value': 195, 'prev_value': None, 'change': True}
2026-03-01 15:53:46,650 : INFO : EventManager : Event: ======'machine_var_audits_switches_s_sling_right'====== Args={'value': 32, 'prev_value': None, 'change': True}
2026-03-01 15:53:46,650 : INFO : EventManager : Event: ======'machine_var_audits_switches_s_start'====== Args={'value': 35, 'prev_value': None, 'change': True}
2026-03-01 15:53:46,650 : INFO : EventManager : Event: ======'machine_var_audits_switches_s_trough_1'====== Args={'value': 132, 'prev_value': None, 'change': True}
2026-03-01 15:53:46,650 : INFO : EventManager : Event: ======'machine_var_audits_switches_s_trough_2'====== Args={'value': 120, 'prev_value': None, 'change': True}
2026-03-01 15:53:46,650 : INFO : EventManager : Event: ======'machine_var_audits_switches_s_trough_3'====== Args={'value': 146, 'prev_value': None, 'change': True}
2026-03-01 15:53:46,650 : INFO : EventManager : Event: ======'machine_var_audits_switches_s_trough_4'====== Args={'value': 201, 'prev_value': None, 'change': True}
2026-03-01 15:53:46,650 : INFO : EventManager : Event: ======'machine_var_audits_switches_s_trough_5'====== Args={'value': 219, 'prev_value': None, 'change': True}
2026-03-01 15:53:46,651 : INFO : EventManager : Event: ======'machine_var_audits_switches_s_trough_6'====== Args={'value': 215, 'prev_value': None, 'change': True}
2026-03-01 15:53:46,651 : INFO : EventManager : Event: ======'machine_var_audits_switches_s_trough_7'====== Args={'value': 179, 'prev_value': None, 'change': True}
2026-03-01 15:53:46,651 : INFO : EventManager : Event: ======'init_phase_5'====== Args={}
2026-03-01 15:53:46,652 : INFO : ball_device.bd_trough : BCH: Count is unstable. Trying to reorder balls.
2026-03-01 15:53:46,652 : WARNING : ball_device.bd_trough : Cannot reorder device because eject_coil_reorder_pulse is not configured
2026-03-01 15:53:46,652 : INFO : ball_device.bd_trough : BCH: Repulse done. Waiting for balls to settle.
2026-03-01 15:53:46,652 : INFO : ball_device.bd_trough : BCH: Reordered count: 1
2026-03-01 15:53:46,652 : INFO : EventManager : Event: ======'init_done'====== Args={}
2026-03-01 15:53:46,653 : INFO : EventManager : Event: ======'machine_reset_phase_1'====== Args={}
2026-03-01 15:53:46,670 : INFO : EventManager : Event: ======'machine_reset_phase_2'====== Args={}
2026-03-01 15:53:46,671 : INFO : EventManager : Event: ======'machine_reset_phase_3'====== Args={}
2026-03-01 15:53:46,671 : INFO : EventManager : Event: ======'reset_complete'====== Args={}
2026-03-01 15:53:46,671 : INFO : EventManager : Event: ======'mode_attract_will_start'====== Args={}
2026-03-01 15:53:46,672 : INFO : Timer.attract_carousel_timer : Starting Timer.
2026-03-01 15:53:46,672 : INFO : EventManager : Event: ======'timer_attract_carousel_timer_started'====== Args={'ticks': 0, 'ticks_remaining': 1}
2026-03-01 15:53:46,672 : INFO : EventManager : Event: ======'timer_attract_carousel_timer_tick'====== Args={'ticks': 0, 'ticks_remaining': 1}
2026-03-01 15:53:46,674 : INFO : EventManager : Event: ======'mode_attract_starting'====== Args={}
2026-03-01 15:53:46,674 : INFO : Mode.attract : Started. Priority: 10
2026-03-01 15:53:46,674 : INFO : EventManager : Event: ======'modes_active_modes_changed'====== Args={}
2026-03-01 15:53:46,674 : INFO : EventManager : Event: ======'mode_attract_started'====== Args={}
2026-03-01 15:53:46,675 : INFO : EventManager : Event: ======'collecting_balls_complete'====== Args={}
2026-03-01 15:53:46,675 : INFO : EventManager : Event: ======'carousel_item_highlighted'====== Args={'carousel': 'attract', 'direction': None, 'item': 'title'}
2026-03-01 15:53:46,676 : INFO : EventManager : Event: ======'timer_attract_carousel_timer_tick'====== Args={'ticks': 0, 'ticks_remaining': 1}
2026-03-01 15:53:46,676 : INFO : Machine : Starting the main run loop with active modes: [<Mode.attract>]
2026-03-01 15:53:46,882 : INFO : EventManager : Event: ======'slide_attract_created'====== Args={'_from_bcp': True}
2026-03-01 15:53:46,882 : INFO : EventManager : Event: ======'slide__removed'====== Args={'_from_bcp': True}
2026-03-01 15:53:46,883 : INFO : EventManager : Event: ======'slide_attract_active'====== Args={'original_context': 'attract', 'original_calling_context': 'mode_attract_started', 'priority': 10.0, 'cmd': 'slides_play', '_from_bcp': True}
2026-03-01 15:53:50,719 : INFO : SwitchController : <<<<<<< 's_flipper_right_lower' active >>>>>>>
2026-03-01 15:53:50,719 : INFO : EventManager : Event: ======'s_flipper_right_lower_active'====== Args={}
2026-03-01 15:53:50,719 : INFO : EventManager : Event: ======'carousel_item_highlighted'====== Args={'carousel': 'attract', 'direction': 'forwards', 'item': 'credits'}
2026-03-01 15:53:50,719 : INFO : EventManager : Event: ======'timer_attract_carousel_timer_tick'====== Args={'ticks': 0, 'ticks_remaining': 1}
2026-03-01 15:53:50,722 : INFO : SwitchController : <<<<<<< 's_flipper_right_upper' active >>>>>>>
2026-03-01 15:53:50,848 : INFO : SwitchController : <<<<<<< 's_flipper_right_upper' inactive >>>>>>>
2026-03-01 15:53:50,863 : INFO : SwitchController : <<<<<<< 's_flipper_right_lower' inactive >>>>>>>
2026-03-01 15:53:50,975 : INFO : SwitchController : <<<<<<< 's_flipper_right_lower' active >>>>>>>
2026-03-01 15:53:50,975 : INFO : EventManager : Event: ======'s_flipper_right_lower_active'====== Args={}
2026-03-01 15:53:50,975 : INFO : EventManager : Event: ======'carousel_item_highlighted'====== Args={'carousel': 'attract', 'direction': 'forwards', 'item': 'logo'}
2026-03-01 15:53:50,975 : INFO : EventManager : Event: ======'timer_attract_carousel_timer_tick'====== Args={'ticks': 0, 'ticks_remaining': 1}
2026-03-01 15:53:50,976 : INFO : SwitchController : <<<<<<< 's_flipper_right_upper' active >>>>>>>
2026-03-01 15:53:51,073 : INFO : SwitchController : <<<<<<< 's_flipper_right_upper' inactive >>>>>>>
2026-03-01 15:53:51,081 : INFO : SwitchController : <<<<<<< 's_flipper_right_lower' inactive >>>>>>>
2026-03-01 15:53:51,198 : INFO : SwitchController : <<<<<<< 's_flipper_right_lower' active >>>>>>>
2026-03-01 15:53:51,198 : INFO : EventManager : Event: ======'s_flipper_right_lower_active'====== Args={}
2026-03-01 15:53:51,198 : INFO : EventManager : Event: ======'carousel_item_highlighted'====== Args={'carousel': 'attract', 'direction': 'forwards', 'item': 'title'}
2026-03-01 15:53:51,199 : INFO : EventManager : Event: ======'timer_attract_carousel_timer_tick'====== Args={'ticks': 0, 'ticks_remaining': 1}
2026-03-01 15:53:51,199 : INFO : SwitchController : <<<<<<< 's_flipper_right_upper' active >>>>>>>
2026-03-01 15:53:51,300 : INFO : SwitchController : <<<<<<< 's_flipper_right_upper' inactive >>>>>>>
2026-03-01 15:53:51,306 : INFO : SwitchController : <<<<<<< 's_flipper_right_lower' inactive >>>>>>>
2026-03-01 15:53:51,423 : INFO : SwitchController : <<<<<<< 's_flipper_right_lower' active >>>>>>>
2026-03-01 15:53:51,423 : INFO : EventManager : Event: ======'s_flipper_right_lower_active'====== Args={}
2026-03-01 15:53:51,423 : INFO : EventManager : Event: ======'carousel_item_highlighted'====== Args={'carousel': 'attract', 'direction': 'forwards', 'item': 'credits'}
2026-03-01 15:53:51,424 : INFO : EventManager : Event: ======'timer_attract_carousel_timer_tick'====== Args={'ticks': 0, 'ticks_remaining': 1}
2026-03-01 15:53:51,424 : INFO : SwitchController : <<<<<<< 's_flipper_right_upper' active >>>>>>>
2026-03-01 15:53:51,523 : INFO : SwitchController : <<<<<<< 's_flipper_right_upper' inactive >>>>>>>
2026-03-01 15:53:51,529 : INFO : SwitchController : <<<<<<< 's_flipper_right_lower' inactive >>>>>>>
2026-03-01 15:53:51,645 : INFO : SwitchController : <<<<<<< 's_flipper_right_lower' active >>>>>>>
2026-03-01 15:53:51,645 : INFO : EventManager : Event: ======'s_flipper_right_lower_active'====== Args={}
2026-03-01 15:53:51,646 : INFO : EventManager : Event: ======'carousel_item_highlighted'====== Args={'carousel': 'attract', 'direction': 'forwards', 'item': 'logo'}
2026-03-01 15:53:51,646 : INFO : EventManager : Event: ======'timer_attract_carousel_timer_tick'====== Args={'ticks': 0, 'ticks_remaining': 1}
2026-03-01 15:53:51,647 : INFO : SwitchController : <<<<<<< 's_flipper_right_upper' active >>>>>>>
2026-03-01 15:53:51,739 : INFO : SwitchController : <<<<<<< 's_flipper_right_upper' inactive >>>>>>>
2026-03-01 15:53:51,745 : INFO : SwitchController : <<<<<<< 's_flipper_right_lower' inactive >>>>>>>
2026-03-01 15:53:53,308 : INFO : SwitchController : <<<<<<< 's_start' active >>>>>>>
2026-03-01 15:53:53,376 : INFO : SwitchController : <<<<<<< 's_start' inactive >>>>>>>
2026-03-01 15:53:53,376 : INFO : EventManager : Event: ======'request_to_start_game'====== Args={}
2026-03-01 15:53:53,378 : INFO : EventManager : Event: ======'game_start'====== Args={'buttons': [], 'hold_time': 0.06830116099990846}
2026-03-01 15:53:53,378 : INFO : EventManager : Event: ======'mode_game_will_start'====== Args={'buttons': [], 'hold_time': 0.06830116099990846}
2026-03-01 15:53:53,379 : INFO : EventManager : Event: ======'mode_game_starting'====== Args={'buttons': [], 'hold_time': 0.06830116099990846}
2026-03-01 15:53:53,379 : INFO : EventManager : Event: ======'mode_attract_will_stop'====== Args={}
2026-03-01 15:53:53,379 : INFO : EventManager : Event: ======'mode_attract_stopping'====== Args={}
2026-03-01 15:53:53,380 : INFO : Mode.attract : Stopped.
2026-03-01 15:53:53,380 : INFO : EventManager : Event: ======'modes_active_modes_changed'====== Args={}
2026-03-01 15:53:53,380 : INFO : EventManager : Event: ======'mode_attract_stopped'====== Args={}
2026-03-01 15:53:53,380 : INFO : EventManager : Event: ======'clear'====== Args={'key': 'attract'}
2026-03-01 15:53:53,381 : INFO : Timer.attract_carousel_timer : Stopping Timer
2026-03-01 15:53:53,381 : INFO : EventManager : Event: ======'timer_attract_carousel_timer_stopped'====== Args={'ticks': 0, 'ticks_remaining': 1}
2026-03-01 15:53:53,381 : INFO : Mode.game : Started. Priority: 20
2026-03-01 15:53:53,381 : INFO : EventManager : Event: ======'modes_active_modes_changed'====== Args={}
2026-03-01 15:53:53,381 : INFO : EventManager : Event: ======'mode_game_started'====== Args={'buttons': [], 'hold_time': 0.06830116099990846}
2026-03-01 15:53:53,382 : INFO : EventManager : Event: ======'game_will_start'====== Args={}
2026-03-01 15:53:53,382 : INFO : EventManager : Event: ======'game_starting'====== Args={'game': <Mode.game>}
2026-03-01 15:53:53,383 : INFO : EventManager : Unordered handler for class <Auditor> on event game_ended with priority 1. Handlers: [RegisteredHandler(callback=<bound method Auditor.disable of <Auditor>>, priority=1, kwargs={}, key=UUID('44616e29-eeab-4619-aaa0-9270b10d6ae6'), condition=None, blocking_facility=None), RegisteredHandler(callback=<bound method Auditor._save_audits of <Auditor>>, priority=1, kwargs={}, key=UUID('ba88a1d2-b303-4225-995b-8ac45a98a678'), condition=None, blocking_facility=None)]. The order of those handlers is not defined and they will be executed in random order. This might lead to race conditions and potential bugs.
2026-03-01 15:53:53,384 : INFO : EventManager : Event: ======'player_add_request'====== Args={}
2026-03-01 15:53:53,384 : INFO : EventManager : Event: ======'player_will_add'====== Args={'number': 1}
2026-03-01 15:53:53,384 : INFO : EventManager : Event: ======'player_adding'====== Args={'player': <Player 1>, 'number': 1}
2026-03-01 15:53:53,384 : INFO : EventManager : Event: ======'player_added'====== Args={'player': <Player 1>, 'num': 1}
2026-03-01 15:53:53,384 : INFO : Mode.game : Player added successfully. Total players: 1
2026-03-01 15:53:53,385 : INFO : EventManager : Event: ======'player_index'====== Args={'value': 0, 'prev_value': 0, 'change': 0, 'player_num': 1}
2026-03-01 15:53:53,385 : INFO : EventManager : Event: ======'player_number'====== Args={'value': 1, 'prev_value': 1, 'change': 0, 'player_num': 1}
2026-03-01 15:53:53,385 : INFO : EventManager : Event: ======'player_score'====== Args={'value': 0, 'prev_value': 0, 'change': 0, 'player_num': 1}
2026-03-01 15:53:53,386 : INFO : EventManager : Event: ======'game_started'====== Args={}
2026-03-01 15:53:53,387 : INFO : EventManager : Event: ======'player_turn_will_start'====== Args={'player': <Player 1>, 'number': 1}
2026-03-01 15:53:53,401 : INFO : EventManager : Event: ======'player_turn_starting'====== Args={'player': <Player 1>, 'number': 1}
2026-03-01 15:53:53,402 : INFO : EventManager : Event: ======'player_ball'====== Args={'value': 1, 'prev_value': 0, 'change': 1, 'player_num': 1}
2026-03-01 15:53:53,403 : INFO : EventManager : Event: ======'player_turn_started'====== Args={'player': <Player 1>, 'number': 1}
2026-03-01 15:53:53,403 : INFO : EventManager : Event: ======'ball_will_start'====== Args={'player': 1, 'ball': 1, 'balls_remaining': 2, 'is_extra_ball': False}
2026-03-01 15:53:53,404 : INFO : EventManager : Event: ======'ball_starting'====== Args={'player': 1, 'ball': 1, 'balls_remaining': 2, 'is_extra_ball': False}
2026-03-01 15:53:53,404 : INFO : EventManager : Event: ======'mode_base_will_start'====== Args={'queue': <QueuedEvent>, 'player': 1, 'ball': 1, 'balls_remaining': 2, 'is_extra_ball': False}
2026-03-01 15:53:53,405 : INFO : EventManager : Event: ======'mode_base_starting'====== Args={'queue': <QueuedEvent>, 'player': 1, 'ball': 1, 'balls_remaining': 2, 'is_extra_ball': False}
2026-03-01 15:53:53,405 : INFO : Mode.base : Started. Priority: 100
2026-03-01 15:53:53,405 : INFO : EventManager : Event: ======'modes_active_modes_changed'====== Args={}
2026-03-01 15:53:53,405 : INFO : EventManager : Event: ======'mode_base_started'====== Args={'queue': <QueuedEvent>, 'player': 1, 'ball': 1, 'balls_remaining': 2, 'is_extra_ball': False}
2026-03-01 15:53:53,407 : INFO : EventManager : Event: ======'balls_in_play'====== Args={'balls': 1}
2026-03-01 15:53:53,407 : INFO : EventManager : Event: ======'ball_started'====== Args={'player': 1, 'ball': 1, 'balls_remaining': 2, 'is_extra_ball': False}
2026-03-01 15:53:53,408 : INFO : EventManager : Event: ======'single_player_ball_started'====== Args={}
2026-03-01 15:53:53,408 : INFO : EventManager : Event: ======'ball_start_target'====== Args={'target': 'playfield'}
2026-03-01 15:53:53,408 : INFO : ball_device.bd_trough : Setting up player-controlled eject. Balls: 1, Target: <playfield.playfield>, player_controlled_eject_event: None
2026-03-01 15:53:53,408 : INFO : ball_device.bd_trough : Adding 1 ball(s) to the eject_queue with target <playfield.playfield>.
2026-03-01 15:53:53,409 : INFO : EventManager : Event: ======'balldevice_balls_available'====== Args={}
2026-03-01 15:53:53,410 : INFO : ball_device.bd_trough : BCH: Count is unstable. Trying to reorder balls.
2026-03-01 15:53:53,410 : WARNING : ball_device.bd_trough : Cannot reorder device because eject_coil_reorder_pulse is not configured
2026-03-01 15:53:53,410 : INFO : ball_device.bd_trough : BCH: Repulse done. Waiting for balls to settle.
2026-03-01 15:53:53,410 : INFO : ball_device.bd_trough : State: waiting_for_target_ready
2026-03-01 15:53:53,410 : INFO : EventManager : Event: ======'balldevice_bd_trough_ball_eject_attempt'====== Args={'balls': 1, 'target': <ball_device.bd_plunger>, 'source': <ball_device.bd_trough>, 'mechanical_eject': False, 'num_attempts': 0}
2026-03-01 15:53:53,410 : INFO : ball_device.bd_plunger : State: waiting_for_ball
2026-03-01 15:53:53,411 : INFO : ball_device.bd_trough : State: ejecting
2026-03-01 15:53:53,411 : INFO : ball_device.bd_trough : Ejecting ball to <ball_device.bd_plunger>
2026-03-01 15:53:53,411 : INFO : EventManager : Event: ======'balldevice_bd_trough_ejecting_ball'====== Args={'balls': 1, 'target': <ball_device.bd_plunger>, 'source': <ball_device.bd_trough>, 'mechanical_eject': False, 'num_attempts': 0}
2026-03-01 15:53:53,412 : INFO : ball_device.bd_trough : Wait for ball to leave device
2026-03-01 15:53:53,412 : INFO : coil.c_trough_eject : Pulsing Driver for 20ms (1.0 pulse_power)
2026-03-01 15:53:53,436 : INFO : SwitchController : <<<<<<< 's_trough_1' active >>>>>>>
2026-03-01 15:53:53,436 : INFO : EventManager : Event: ======'machine_var_audits_switches_s_trough_1'====== Args={'value': 133, 'prev_value': 132, 'change': 1}
2026-03-01 15:53:53,437 : INFO : SwitchController : <<<<<<< 's_trough_7' inactive >>>>>>>
2026-03-01 15:53:53,437 : INFO : ball_device.bd_trough : State: ball_left
2026-03-01 15:53:53,437 : INFO : ball_device.bd_trough : Ball left
2026-03-01 15:53:53,438 : INFO : ball_device.bd_trough : Wait for confirm with timeout 10.0
2026-03-01 15:53:53,445 : INFO : EventManager : Event: ======'slide_base_slide_created'====== Args={'_from_bcp': True}
2026-03-01 15:53:53,446 : INFO : EventManager : Event: ======'slide_attract_inactive'====== Args={'is_removing': True, '_from_bcp': True}
2026-03-01 15:53:53,446 : INFO : EventManager : Event: ======'slide_base_slide_active'====== Args={'original_context': 'base', 'original_calling_context': 'mode_base_started', 'priority': 100.0, 'queue': '<QueuedEvent>', 'player': 1.0, 'ball': 1.0, 'balls_remaining': 2.0, 'is_extra_ball': False, 'cmd': 'slides_play', '_from_bcp': True}
2026-03-01 15:53:53,446 : INFO : EventManager : Event: ======'slide_attract_removed'====== Args={'_from_bcp': True}
2026-03-01 15:53:53,452 : INFO : SwitchController : <<<<<<< 's_trough_7' active >>>>>>>
2026-03-01 15:53:53,452 : INFO : EventManager : Event: ======'machine_var_audits_switches_s_trough_7'====== Args={'value': 180, 'prev_value': 179, 'change': 1}
2026-03-01 15:53:53,602 : INFO : SwitchController : <<<<<<< 's_plunger' active >>>>>>>
2026-03-01 15:53:53,602 : INFO : EventManager : Event: ======'machine_var_audits_switches_s_plunger'====== Args={'value': 18, 'prev_value': 17, 'change': 1}
2026-03-01 15:53:53,624 : INFO : SwitchController : <<<<<<< 's_trough_2' active >>>>>>>
2026-03-01 15:53:53,624 : INFO : EventManager : Event: ======'machine_var_audits_switches_s_trough_2'====== Args={'value': 121, 'prev_value': 120, 'change': 1}
2026-03-01 15:53:53,626 : INFO : SwitchController : <<<<<<< 's_trough_6' active >>>>>>>
2026-03-01 15:53:53,626 : INFO : EventManager : Event: ======'machine_var_audits_switches_s_trough_6'====== Args={'value': 216, 'prev_value': 215, 'change': 1}
2026-03-01 15:53:53,627 : INFO : SwitchController : <<<<<<< 's_trough_5' active >>>>>>>
2026-03-01 15:53:53,627 : INFO : EventManager : Event: ======'machine_var_audits_switches_s_trough_5'====== Args={'value': 220, 'prev_value': 219, 'change': 1}
2026-03-01 15:53:53,629 : INFO : SwitchController : <<<<<<< 's_trough_4' active >>>>>>>
2026-03-01 15:53:53,629 : INFO : EventManager : Event: ======'machine_var_audits_switches_s_trough_4'====== Args={'value': 202, 'prev_value': 201, 'change': 1}
2026-03-01 15:53:53,634 : INFO : SwitchController : <<<<<<< 's_trough_3' active >>>>>>>
2026-03-01 15:53:53,634 : INFO : EventManager : Event: ======'machine_var_audits_switches_s_trough_3'====== Args={'value': 147, 'prev_value': 146, 'change': 1}
2026-03-01 15:53:53,670 : INFO : SwitchController : <<<<<<< 's_trough_4' inactive >>>>>>>
2026-03-01 15:53:53,671 : INFO : SwitchController : <<<<<<< 's_trough_5' inactive >>>>>>>
2026-03-01 15:53:53,674 : INFO : SwitchController : <<<<<<< 's_trough_3' inactive >>>>>>>
2026-03-01 15:53:53,677 : INFO : SwitchController : <<<<<<< 's_trough_2' inactive >>>>>>>
2026-03-01 15:53:53,701 : INFO : SwitchController : <<<<<<< 's_trough_1' inactive >>>>>>>
2026-03-01 15:53:54,103 : INFO : ball_device.bd_plunger : Received ball from <ball_device.bd_trough>
2026-03-01 15:53:54,104 : INFO : EventManager : Event: ======'balldevice_bd_plunger_ball_enter'====== Args={'new_balls': 1, 'unclaimed_balls': 0, 'new_available_balls': 0, 'device': <ball_device.bd_plunger>}
2026-03-01 15:53:54,104 : INFO : EventManager : Event: ======'balldevice_bd_plunger_ball_entered'====== Args={'new_balls': 0, 'device': <ball_device.bd_plunger>}
2026-03-01 15:53:54,104 : INFO : EventManager : Event: ======'balldevice_bd_plunger_ball_count_changed'====== Args={'balls': 1}
2026-03-01 15:53:54,105 : INFO : ball_device.bd_trough : Got eject confirm
2026-03-01 15:53:54,105 : INFO : ball_device.bd_trough : Eject successful
2026-03-01 15:53:54,105 : INFO : EventManager : Event: ======'balldevice_bd_trough_ball_eject_success'====== Args={'balls': 1, 'target': <ball_device.bd_plunger>}
2026-03-01 15:53:54,105 : INFO : ball_device.bd_plunger : State: waiting_for_target_ready
2026-03-01 15:53:54,105 : INFO : EventManager : Event: ======'balldevice_bd_plunger_ball_eject_attempt'====== Args={'balls': 1, 'target': <playfield.playfield>, 'source': <ball_device.bd_plunger>, 'mechanical_eject': False, 'num_attempts': 0}
2026-03-01 15:53:54,106 : INFO : EventManager : Event: ======'balldevice_bd_trough_ball_count_changed'====== Args={'balls': 0}
2026-03-01 15:53:54,106 : INFO : ball_device.bd_trough : State: idle
2026-03-01 15:53:54,106 : INFO : ball_device.bd_plunger : State: ejecting
2026-03-01 15:53:54,106 : INFO : ball_device.bd_plunger : Ejecting ball to <playfield.playfield>
2026-03-01 15:53:54,106 : INFO : EventManager : Event: ======'balldevice_bd_plunger_ejecting_ball'====== Args={'balls': 1, 'target': <playfield.playfield>, 'source': <ball_device.bd_plunger>, 'mechanical_eject': False, 'num_attempts': 0}
2026-03-01 15:53:54,107 : INFO : ball_device.bd_plunger : Wait for ball to leave device
2026-03-01 15:53:54,202 : INFO : EventManager : Event: ======'balldevice_bd_trough_ball_count_changed'====== Args={'balls': 2}
2026-03-01 15:53:54,202 : INFO : ball_device.bd_trough : Received unexpected ball
2026-03-01 15:53:54,202 : INFO : EventManager : Event: ======'balldevice_captured_from_playfield'====== Args={'balls': 1}
2026-03-01 15:53:54,202 : INFO : EventManager : Event: ======'sw_playfield_active'====== Args={'balls': 1}
2026-03-01 15:53:54,203 : INFO : EventManager : Event: ======'playfield_active'====== Args={'source': None}
2026-03-01 15:53:54,203 : INFO : EventManager : Event: ======'playfield_ball_count_change'====== Args={'balls': -1, 'change': -1}
2026-03-01 15:53:54,203 : INFO : EventManager : Event: ======'balldevice_playfield_ball_enter'====== Args={'new_balls': 1, 'unclaimed_balls': 1, 'device': <playfield.playfield>}
2026-03-01 15:53:54,203 : INFO : EventManager : Event: ======'playfield_ball_count_change'====== Args={'balls': 0, 'change': 1}
2026-03-01 15:53:54,203 : INFO : BallController : Found a new ball which was captured from playfield. Known balls: 2
2026-03-01 15:53:54,203 : INFO : EventManager : Event: ======'found_new_ball'====== Args={}
2026-03-01 15:53:54,203 : INFO : EventManager : Event: ======'balldevice_bd_trough_ball_enter'====== Args={'new_balls': 1, 'unclaimed_balls': 1, 'new_available_balls': 1, 'device': <ball_device.bd_trough>}
2026-03-01 15:53:54,204 : INFO : EventManager : Event: ======'ball_drain'====== Args={'device': <ball_device.bd_trough>, 'balls': 1}
2026-03-01 15:53:54,204 : INFO : EventManager : Event: ======'ball_will_end'====== Args={}
2026-03-01 15:53:54,204 : INFO : EventManager : Event: ======'balldevice_balls_available'====== Args={}
2026-03-01 15:53:54,204 : INFO : EventManager : Event: ======'balldevice_bd_trough_ball_entered'====== Args={'new_balls': 1, 'device': <ball_device.bd_trough>}
2026-03-01 15:53:54,204 : INFO : ball_device.bd_trough : Received unexpected ball
2026-03-01 15:53:54,204 : INFO : EventManager : Event: ======'balldevice_captured_from_playfield'====== Args={'balls': 1}
2026-03-01 15:53:54,204 : INFO : EventManager : Event: ======'mode_base_will_stop'====== Args={}
2026-03-01 15:53:54,205 : INFO : EventManager : Event: ======'mode_base_stopping'====== Args={}
2026-03-01 15:53:54,205 : INFO : EventManager : Event: ======'sw_playfield_active'====== Args={'balls': 1}
2026-03-01 15:53:54,205 : INFO : EventManager : Event: ======'playfield_active'====== Args={'source': None}
2026-03-01 15:53:54,205 : INFO : EventManager : Event: ======'playfield_ball_count_change'====== Args={'balls': -1, 'change': -1}
2026-03-01 15:53:54,205 : INFO : Mode.base : Stopped.
2026-03-01 15:53:54,205 : INFO : EventManager : Event: ======'modes_active_modes_changed'====== Args={}
2026-03-01 15:53:54,206 : INFO : EventManager : Event: ======'mode_base_stopped'====== Args={}
2026-03-01 15:53:54,206 : INFO : EventManager : Event: ======'clear'====== Args={'key': 'base'}
2026-03-01 15:53:54,207 : INFO : EventManager : Event: ======'balldevice_playfield_ball_enter'====== Args={'new_balls': 1, 'unclaimed_balls': 1, 'device': <playfield.playfield>}
2026-03-01 15:53:54,207 : INFO : EventManager : Event: ======'playfield_ball_count_change'====== Args={'balls': 0, 'change': 1}
2026-03-01 15:53:54,207 : INFO : BallController : Found a new ball which was captured from playfield. Known balls: 3
2026-03-01 15:53:54,207 : INFO : EventManager : Event: ======'found_new_ball'====== Args={}
2026-03-01 15:53:54,207 : INFO : EventManager : Event: ======'balldevice_bd_trough_ball_enter'====== Args={'new_balls': 1, 'unclaimed_balls': 1, 'new_available_balls': 1, 'device': <ball_device.bd_trough>}
2026-03-01 15:53:54,208 : INFO : EventManager : Event: ======'ball_drain'====== Args={'device': <ball_device.bd_trough>, 'balls': 1}
2026-03-01 15:53:54,208 : INFO : EventManager : Event: ======'ball_ending'====== Args={}
2026-03-01 15:53:54,208 : INFO : EventManager : Event: ======'balldevice_balls_available'====== Args={}
2026-03-01 15:53:54,208 : INFO : EventManager : Event: ======'balldevice_bd_trough_ball_entered'====== Args={'new_balls': 1, 'device': <ball_device.bd_trough>}
2026-03-01 15:53:54,209 : INFO : EventManager : Event: ======'ball_ended'====== Args={}
2026-03-01 15:53:54,210 : INFO : EventManager : Event: ======'player_turn_will_end'====== Args={'player': <Player 1>, 'number': 1}
2026-03-01 15:53:54,210 : INFO : EventManager : Event: ======'player_turn_ending'====== Args={'player': <Player 1>, 'number': 1}
2026-03-01 15:53:54,211 : INFO : EventManager : Event: ======'player_turn_ended'====== Args={'player': <Player 1>, 'number': 1}
2026-03-01 15:53:54,211 : INFO : EventManager : Event: ======'player_turn_will_start'====== Args={'player': <Player 1>, 'number': 1}
2026-03-01 15:53:54,212 : INFO : EventManager : Event: ======'player_turn_starting'====== Args={'player': <Player 1>, 'number': 1}
2026-03-01 15:53:54,212 : INFO : EventManager : Event: ======'player_ball'====== Args={'value': 2, 'prev_value': 1, 'change': 1, 'player_num': 1}
2026-03-01 15:53:54,212 : INFO : EventManager : Event: ======'player_turn_started'====== Args={'player': <Player 1>, 'number': 1}
2026-03-01 15:53:54,213 : INFO : EventManager : Event: ======'ball_will_start'====== Args={'player': 1, 'ball': 2, 'balls_remaining': 1, 'is_extra_ball': False}
2026-03-01 15:53:54,214 : INFO : BallController : Found 1 ball(s) on playfield.
2026-03-01 15:53:54,214 : WARNING : BallController : Playfields still contain balls. Waiting for those to drain.
2026-03-01 15:53:54,851 : INFO : SwitchController : <<<<<<< 's_plunger' inactive >>>>>>>
2026-03-01 15:53:54,852 : INFO : ball_device.bd_plunger : State: ball_left
2026-03-01 15:53:54,852 : INFO : ball_device.bd_plunger : Ball left
2026-03-01 15:53:54,852 : INFO : ball_device.bd_plunger : Wait for confirm with timeout 10.0
2026-03-01 15:53:55,214 : INFO : BallController : Found 1 ball(s) on playfield.
2026-03-01 15:53:55,214 : WARNING : BallController : Playfields still contain balls. Waiting for those to drain.
2026-03-01 15:53:55,231 : INFO : SwitchController : <<<<<<< 's_flipper_right_lower' active >>>>>>>
2026-03-01 15:53:55,231 : INFO : EventManager : Event: ======'machine_var_audits_switches_s_flipper_right_lower'====== Args={'value': 492, 'prev_value': 491, 'change': 1}
2026-03-01 15:53:55,235 : INFO : SwitchController : <<<<<<< 's_flipper_right_upper' active >>>>>>>
2026-03-01 15:53:55,236 : INFO : EventManager : Event: ======'machine_var_audits_switches_s_flipper_right_upper'====== Args={'value': 507, 'prev_value': 506, 'change': 1}
2026-03-01 15:53:55,371 : INFO : SwitchController : <<<<<<< 's_flipper_right_upper' inactive >>>>>>>
2026-03-01 15:53:55,377 : INFO : SwitchController : <<<<<<< 's_flipper_right_lower' inactive >>>>>>>
2026-03-01 15:53:55,480 : INFO : SwitchController : <<<<<<< 's_flipper_right_lower' active >>>>>>>
2026-03-01 15:53:55,480 : INFO : EventManager : Event: ======'machine_var_audits_switches_s_flipper_right_lower'====== Args={'value': 493, 'prev_value': 492, 'change': 1}
2026-03-01 15:53:55,481 : INFO : SwitchController : <<<<<<< 's_flipper_right_upper' active >>>>>>>
2026-03-01 15:53:55,481 : INFO : EventManager : Event: ======'machine_var_audits_switches_s_flipper_right_upper'====== Args={'value': 508, 'prev_value': 507, 'change': 1}
2026-03-01 15:53:55,576 : INFO : SwitchController : <<<<<<< 's_flipper_right_upper' inactive >>>>>>>
2026-03-01 15:53:55,583 : INFO : SwitchController : <<<<<<< 's_flipper_right_lower' inactive >>>>>>>
2026-03-01 15:53:55,670 : INFO : SwitchController : <<<<<<< 's_flipper_right_lower' active >>>>>>>
2026-03-01 15:53:55,670 : INFO : EventManager : Event: ======'machine_var_audits_switches_s_flipper_right_lower'====== Args={'value': 494, 'prev_value': 493, 'change': 1}
2026-03-01 15:53:55,671 : INFO : SwitchController : <<<<<<< 's_flipper_right_upper' active >>>>>>>
2026-03-01 15:53:55,671 : INFO : EventManager : Event: ======'machine_var_audits_switches_s_flipper_right_upper'====== Args={'value': 509, 'prev_value': 508, 'change': 1}
2026-03-01 15:53:55,768 : INFO : SwitchController : <<<<<<< 's_flipper_right_upper' inactive >>>>>>>
2026-03-01 15:53:55,773 : INFO : SwitchController : <<<<<<< 's_flipper_right_lower' inactive >>>>>>>
2026-03-01 15:53:55,857 : INFO : SwitchController : <<<<<<< 's_flipper_right_lower' active >>>>>>>
2026-03-01 15:53:55,857 : INFO : EventManager : Event: ======'machine_var_audits_switches_s_flipper_right_lower'====== Args={'value': 495, 'prev_value': 494, 'change': 1}
2026-03-01 15:53:55,858 : INFO : SwitchController : <<<<<<< 's_flipper_right_upper' active >>>>>>>
2026-03-01 15:53:55,858 : INFO : EventManager : Event: ======'machine_var_audits_switches_s_flipper_right_upper'====== Args={'value': 510, 'prev_value': 509, 'change': 1}
2026-03-01 15:53:55,944 : INFO : SwitchController : <<<<<<< 's_flipper_right_upper' inactive >>>>>>>
2026-03-01 15:53:55,949 : INFO : SwitchController : <<<<<<< 's_flipper_right_lower' inactive >>>>>>>
2026-03-01 15:53:56,014 : INFO : SwitchController : <<<<<<< 's_flipper_right_lower' active >>>>>>>
2026-03-01 15:53:56,014 : INFO : EventManager : Event: ======'machine_var_audits_switches_s_flipper_right_lower'====== Args={'value': 496, 'prev_value': 495, 'change': 1}
2026-03-01 15:53:56,017 : INFO : SwitchController : <<<<<<< 's_flipper_right_upper' active >>>>>>>
2026-03-01 15:53:56,017 : INFO : EventManager : Event: ======'machine_var_audits_switches_s_flipper_right_upper'====== Args={'value': 511, 'prev_value': 510, 'change': 1}
2026-03-01 15:53:56,138 : INFO : SwitchController : <<<<<<< 's_flipper_right_upper' inactive >>>>>>>
2026-03-01 15:53:56,143 : INFO : SwitchController : <<<<<<< 's_flipper_right_lower' inactive >>>>>>>
2026-03-01 15:53:56,214 : INFO : BallController : Found 1 ball(s) on playfield.
2026-03-01 15:53:56,214 : WARNING : BallController : Playfields still contain balls. Waiting for those to drain.
2026-03-01 15:53:56,369 : INFO : SwitchController : <<<<<<< 's_flipper_right_lower' active >>>>>>>
2026-03-01 15:53:56,369 : INFO : EventManager : Event: ======'machine_var_audits_switches_s_flipper_right_lower'====== Args={'value': 497, 'prev_value': 496, 'change': 1}
2026-03-01 15:53:56,375 : INFO : SwitchController : <<<<<<< 's_flipper_right_upper' active >>>>>>>
2026-03-01 15:53:56,375 : INFO : EventManager : Event: ======'machine_var_audits_switches_s_flipper_right_upper'====== Args={'value': 512, 'prev_value': 511, 'change': 1}
2026-03-01 15:53:56,584 : INFO : SwitchController : <<<<<<< 's_flipper_right_upper' inactive >>>>>>>
2026-03-01 15:53:56,589 : INFO : SwitchController : <<<<<<< 's_flipper_right_lower' inactive >>>>>>>
2026-03-01 15:53:56,773 : INFO : SwitchController : <<<<<<< 's_sling_right' active >>>>>>>
2026-03-01 15:53:56,773 : INFO : EventManager : Event: ======'machine_var_audits_switches_s_sling_right'====== Args={'value': 33, 'prev_value': 32, 'change': 1}
2026-03-01 15:53:56,920 : INFO : SwitchController : <<<<<<< 's_sling_right' inactive >>>>>>>
2026-03-01 15:53:56,981 : INFO : SwitchController : <<<<<<< 's_sling_right' active >>>>>>>
2026-03-01 15:53:56,981 : INFO : EventManager : Event: ======'machine_var_audits_switches_s_sling_right'====== Args={'value': 34, 'prev_value': 33, 'change': 1}
2026-03-01 15:53:57,103 : INFO : SwitchController : <<<<<<< 's_sling_right' inactive >>>>>>>
2026-03-01 15:53:57,157 : INFO : SwitchController : <<<<<<< 's_sling_right' active >>>>>>>
2026-03-01 15:53:57,157 : INFO : EventManager : Event: ======'machine_var_audits_switches_s_sling_right'====== Args={'value': 35, 'prev_value': 34, 'change': 1}
2026-03-01 15:53:57,214 : INFO : BallController : Found 1 ball(s) on playfield.
2026-03-01 15:53:57,215 : WARNING : BallController : Playfields still contain balls. Waiting for those to drain.
2026-03-01 15:53:57,268 : INFO : SwitchController : <<<<<<< 's_sling_right' inactive >>>>>>>
2026-03-01 15:53:57,304 : INFO : SwitchController : <<<<<<< 's_sling_right' active >>>>>>>
2026-03-01 15:53:57,304 : INFO : EventManager : Event: ======'machine_var_audits_switches_s_sling_right'====== Args={'value': 36, 'prev_value': 35, 'change': 1}
2026-03-01 15:53:57,418 : INFO : SwitchController : <<<<<<< 's_sling_right' inactive >>>>>>>
2026-03-01 15:53:57,773 : INFO : SwitchController : <<<<<<< 's_flipper_right_lower' active >>>>>>>
2026-03-01 15:53:57,773 : INFO : EventManager : Event: ======'machine_var_audits_switches_s_flipper_right_lower'====== Args={'value': 498, 'prev_value': 497, 'change': 1}
2026-03-01 15:53:57,780 : INFO : SwitchController : <<<<<<< 's_flipper_right_upper' active >>>>>>>
2026-03-01 15:53:57,780 : INFO : EventManager : Event: ======'machine_var_audits_switches_s_flipper_right_upper'====== Args={'value': 513, 'prev_value': 512, 'change': 1}
2026-03-01 15:53:57,941 : INFO : SwitchController : <<<<<<< 's_flipper_right_upper' inactive >>>>>>>
2026-03-01 15:53:57,947 : INFO : SwitchController : <<<<<<< 's_flipper_right_lower' inactive >>>>>>>
2026-03-01 15:53:58,043 : INFO : SwitchController : <<<<<<< 's_flipper_right_lower' active >>>>>>>
2026-03-01 15:53:58,043 : INFO : EventManager : Event: ======'machine_var_audits_switches_s_flipper_right_lower'====== Args={'value': 499, 'prev_value': 498, 'change': 1}
2026-03-01 15:53:58,046 : INFO : SwitchController : <<<<<<< 's_flipper_right_upper' active >>>>>>>
2026-03-01 15:53:58,046 : INFO : EventManager : Event: ======'machine_var_audits_switches_s_flipper_right_upper'====== Args={'value': 514, 'prev_value': 513, 'change': 1}
2026-03-01 15:53:58,139 : INFO : SwitchController : <<<<<<< 's_flipper_right_upper' inactive >>>>>>>
2026-03-01 15:53:58,146 : INFO : SwitchController : <<<<<<< 's_flipper_right_lower' inactive >>>>>>>
2026-03-01 15:53:58,213 : INFO : SwitchController : <<<<<<< 's_flipper_right_lower' active >>>>>>>
2026-03-01 15:53:58,213 : INFO : EventManager : Event: ======'machine_var_audits_switches_s_flipper_right_lower'====== Args={'value': 500, 'prev_value': 499, 'change': 1}
2026-03-01 15:53:58,215 : INFO : BallController : Found 1 ball(s) on playfield.
2026-03-01 15:53:58,215 : WARNING : BallController : Playfields still contain balls. Waiting for those to drain.
2026-03-01 15:53:58,218 : INFO : SwitchController : <<<<<<< 's_flipper_right_upper' active >>>>>>>
2026-03-01 15:53:58,218 : INFO : EventManager : Event: ======'machine_var_audits_switches_s_flipper_right_upper'====== Args={'value': 515, 'prev_value': 514, 'change': 1}
2026-03-01 15:53:58,327 : INFO : SwitchController : <<<<<<< 's_flipper_right_upper' inactive >>>>>>>
2026-03-01 15:53:58,333 : INFO : SwitchController : <<<<<<< 's_flipper_right_lower' inactive >>>>>>>
2026-03-01 15:53:58,409 : INFO : SwitchController : <<<<<<< 's_flipper_right_lower' active >>>>>>>
2026-03-01 15:53:58,409 : INFO : EventManager : Event: ======'machine_var_audits_switches_s_flipper_right_lower'====== Args={'value': 501, 'prev_value': 500, 'change': 1}
2026-03-01 15:53:58,410 : INFO : SwitchController : <<<<<<< 's_flipper_right_upper' active >>>>>>>
2026-03-01 15:53:58,410 : INFO : EventManager : Event: ======'machine_var_audits_switches_s_flipper_right_upper'====== Args={'value': 516, 'prev_value': 515, 'change': 1}
2026-03-01 15:53:58,537 : INFO : SwitchController : <<<<<<< 's_flipper_right_upper' inactive >>>>>>>
2026-03-01 15:53:58,541 : INFO : SwitchController : <<<<<<< 's_flipper_right_lower' inactive >>>>>>>
2026-03-01 15:53:58,663 : INFO : SwitchController : <<<<<<< 's_flipper_right_lower' active >>>>>>>
2026-03-01 15:53:58,663 : INFO : EventManager : Event: ======'machine_var_audits_switches_s_flipper_right_lower'====== Args={'value': 502, 'prev_value': 501, 'change': 1}
2026-03-01 15:53:58,690 : INFO : SwitchController : <<<<<<< 's_flipper_right_upper' active >>>>>>>
2026-03-01 15:53:58,691 : INFO : EventManager : Event: ======'machine_var_audits_switches_s_flipper_right_upper'====== Args={'value': 517, 'prev_value': 516, 'change': 1}
2026-03-01 15:53:58,917 : INFO : SwitchController : <<<<<<< 's_flipper_right_upper' inactive >>>>>>>
2026-03-01 15:53:58,922 : INFO : SwitchController : <<<<<<< 's_flipper_right_lower' inactive >>>>>>>
2026-03-01 15:53:59,034 : INFO : SwitchController : <<<<<<< 's_flipper_right_lower' active >>>>>>>
2026-03-01 15:53:59,034 : INFO : EventManager : Event: ======'machine_var_audits_switches_s_flipper_right_lower'====== Args={'value': 503, 'prev_value': 502, 'change': 1}
2026-03-01 15:53:59,039 : INFO : SwitchController : <<<<<<< 's_flipper_right_upper' active >>>>>>>
2026-03-01 15:53:59,039 : INFO : EventManager : Event: ======'machine_var_audits_switches_s_flipper_right_upper'====== Args={'value': 518, 'prev_value': 517, 'change': 1}
2026-03-01 15:53:59,191 : INFO : SwitchController : <<<<<<< 's_flipper_right_upper' inactive >>>>>>>
2026-03-01 15:53:59,197 : INFO : SwitchController : <<<<<<< 's_flipper_right_lower' inactive >>>>>>>
2026-03-01 15:53:59,215 : INFO : BallController : Found 1 ball(s) on playfield.
2026-03-01 15:53:59,215 : WARNING : BallController : Playfields still contain balls. Waiting for those to drain.
2026-03-01 15:53:59,306 : INFO : SwitchController : <<<<<<< 's_flipper_right_lower' active >>>>>>>
2026-03-01 15:53:59,306 : INFO : EventManager : Event: ======'machine_var_audits_switches_s_flipper_right_lower'====== Args={'value': 504, 'prev_value': 503, 'change': 1}
2026-03-01 15:53:59,311 : INFO : SwitchController : <<<<<<< 's_flipper_right_upper' active >>>>>>>
2026-03-01 15:53:59,312 : INFO : EventManager : Event: ======'machine_var_audits_switches_s_flipper_right_upper'====== Args={'value': 519, 'prev_value': 518, 'change': 1}
2026-03-01 15:53:59,433 : INFO : SwitchController : <<<<<<< 's_flipper_right_upper' inactive >>>>>>>
2026-03-01 15:53:59,440 : INFO : SwitchController : <<<<<<< 's_flipper_right_lower' inactive >>>>>>>
2026-03-01 15:54:00,216 : INFO : BallController : Found 1 ball(s) on playfield.
2026-03-01 15:54:00,216 : WARNING : BallController : Playfields still contain balls. Waiting for those to drain.
2026-03-01 15:54:00,406 : INFO : SwitchController : <<<<<<< 's_flipper_right_lower' active >>>>>>>
2026-03-01 15:54:00,406 : INFO : EventManager : Event: ======'machine_var_audits_switches_s_flipper_right_lower'====== Args={'value': 505, 'prev_value': 504, 'change': 1}
2026-03-01 15:54:00,412 : INFO : SwitchController : <<<<<<< 's_flipper_right_upper' active >>>>>>>
2026-03-01 15:54:00,412 : INFO : EventManager : Event: ======'machine_var_audits_switches_s_flipper_right_upper'====== Args={'value': 520, 'prev_value': 519, 'change': 1}
2026-03-01 15:54:00,590 : INFO : SwitchController : <<<<<<< 's_flipper_right_upper' inactive >>>>>>>
2026-03-01 15:54:00,600 : INFO : SwitchController : <<<<<<< 's_flipper_right_lower' inactive >>>>>>>
2026-03-01 15:54:01,216 : INFO : BallController : Found 1 ball(s) on playfield.
2026-03-01 15:54:01,216 : WARNING : BallController : Playfields still contain balls. Waiting for those to drain.
2026-03-01 15:54:01,810 : INFO : SwitchController : <<<<<<< 's_trough_6' inactive >>>>>>>
2026-03-01 15:54:02,171 : INFO : SwitchController : <<<<<<< 's_flipper_right_lower' active >>>>>>>
2026-03-01 15:54:02,172 : INFO : EventManager : Event: ======'machine_var_audits_switches_s_flipper_right_lower'====== Args={'value': 506, 'prev_value': 505, 'change': 1}
2026-03-01 15:54:02,194 : INFO : SwitchController : <<<<<<< 's_flipper_right_upper' active >>>>>>>
2026-03-01 15:54:02,194 : INFO : EventManager : Event: ======'machine_var_audits_switches_s_flipper_right_upper'====== Args={'value': 521, 'prev_value': 520, 'change': 1}
2026-03-01 15:54:02,217 : INFO : BallController : Found 1 ball(s) on playfield.
2026-03-01 15:54:02,217 : WARNING : BallController : Playfields still contain balls. Waiting for those to drain.
2026-03-01 15:54:02,311 : INFO : ball_device.bd_trough : BCH: Count is unstable. Trying to reorder balls.
2026-03-01 15:54:02,311 : WARNING : ball_device.bd_trough : Cannot reorder device because eject_coil_reorder_pulse is not configured
2026-03-01 15:54:02,311 : INFO : ball_device.bd_trough : BCH: Repulse done. Waiting for balls to settle.
2026-03-01 15:54:02,340 : INFO : SwitchController : <<<<<<< 's_flipper_right_upper' inactive >>>>>>>
2026-03-01 15:54:02,345 : INFO : SwitchController : <<<<<<< 's_flipper_right_lower' inactive >>>>>>>
2026-03-01 15:54:02,446 : INFO : SwitchController : <<<<<<< 's_flipper_right_lower' active >>>>>>>
2026-03-01 15:54:02,447 : INFO : EventManager : Event: ======'machine_var_audits_switches_s_flipper_right_lower'====== Args={'value': 507, 'prev_value': 506, 'change': 1}
2026-03-01 15:54:02,448 : INFO : SwitchController : <<<<<<< 's_flipper_right_upper' active >>>>>>>
2026-03-01 15:54:02,448 : INFO : EventManager : Event: ======'machine_var_audits_switches_s_flipper_right_upper'====== Args={'value': 522, 'prev_value': 521, 'change': 1}
2026-03-01 15:54:02,549 : INFO : SwitchController : <<<<<<< 's_flipper_right_upper' inactive >>>>>>>
2026-03-01 15:54:02,556 : INFO : SwitchController : <<<<<<< 's_flipper_right_lower' inactive >>>>>>>
2026-03-01 15:54:02,648 : INFO : SwitchController : <<<<<<< 's_flipper_right_lower' active >>>>>>>
2026-03-01 15:54:02,648 : INFO : EventManager : Event: ======'machine_var_audits_switches_s_flipper_right_lower'====== Args={'value': 508, 'prev_value': 507, 'change': 1}
2026-03-01 15:54:02,652 : INFO : SwitchController : <<<<<<< 's_flipper_right_upper' active >>>>>>>
2026-03-01 15:54:02,652 : INFO : EventManager : Event: ======'machine_var_audits_switches_s_flipper_right_upper'====== Args={'value': 523, 'prev_value': 522, 'change': 1}
2026-03-01 15:54:02,739 : INFO : SwitchController : <<<<<<< 's_flipper_right_upper' inactive >>>>>>>
2026-03-01 15:54:02,745 : INFO : SwitchController : <<<<<<< 's_flipper_right_lower' inactive >>>>>>>
2026-03-01 15:54:02,837 : INFO : SwitchController : <<<<<<< 's_flipper_right_lower' active >>>>>>>
2026-03-01 15:54:02,838 : INFO : EventManager : Event: ======'machine_var_audits_switches_s_flipper_right_lower'====== Args={'value': 509, 'prev_value': 508, 'change': 1}
2026-03-01 15:54:02,840 : INFO : SwitchController : <<<<<<< 's_flipper_right_upper' active >>>>>>>
2026-03-01 15:54:02,840 : INFO : EventManager : Event: ======'machine_var_audits_switches_s_flipper_right_upper'====== Args={'value': 524, 'prev_value': 523, 'change': 1}
2026-03-01 15:54:02,927 : INFO : SwitchController : <<<<<<< 's_flipper_right_upper' inactive >>>>>>>
2026-03-01 15:54:02,933 : INFO : SwitchController : <<<<<<< 's_flipper_right_lower' inactive >>>>>>>
2026-03-01 15:54:03,029 : INFO : SwitchController : <<<<<<< 's_flipper_right_lower' active >>>>>>>
2026-03-01 15:54:03,030 : INFO : EventManager : Event: ======'machine_var_audits_switches_s_flipper_right_lower'====== Args={'value': 510, 'prev_value': 509, 'change': 1}
2026-03-01 15:54:03,030 : INFO : SwitchController : <<<<<<< 's_flipper_right_upper' active >>>>>>>
2026-03-01 15:54:03,031 : INFO : EventManager : Event: ======'machine_var_audits_switches_s_flipper_right_upper'====== Args={'value': 525, 'prev_value': 524, 'change': 1}
2026-03-01 15:54:03,143 : INFO : SwitchController : <<<<<<< 's_flipper_right_upper' inactive >>>>>>>
2026-03-01 15:54:03,150 : INFO : SwitchController : <<<<<<< 's_flipper_right_lower' inactive >>>>>>>
2026-03-01 15:54:03,217 : INFO : BallController : Found 1 ball(s) on playfield.
2026-03-01 15:54:03,218 : WARNING : BallController : Playfields still contain balls. Waiting for those to drain.
2026-03-01 15:54:03,463 : INFO : SwitchController : <<<<<<< 's_flipper_right_lower' active >>>>>>>
2026-03-01 15:54:03,463 : INFO : EventManager : Event: ======'machine_var_audits_switches_s_flipper_right_lower'====== Args={'value': 511, 'prev_value': 510, 'change': 1}
2026-03-01 15:54:03,464 : INFO : SwitchController : <<<<<<< 's_flipper_right_upper' active >>>>>>>
2026-03-01 15:54:03,465 : INFO : EventManager : Event: ======'machine_var_audits_switches_s_flipper_right_upper'====== Args={'value': 526, 'prev_value': 525, 'change': 1}
2026-03-01 15:54:03,598 : INFO : SwitchController : <<<<<<< 's_flipper_right_upper' inactive >>>>>>>
2026-03-01 15:54:03,604 : INFO : SwitchController : <<<<<<< 's_flipper_right_lower' inactive >>>>>>>
2026-03-01 15:54:03,864 : INFO : SwitchController : <<<<<<< 's_flipper_right_lower' active >>>>>>>
2026-03-01 15:54:03,864 : INFO : EventManager : Event: ======'machine_var_audits_switches_s_flipper_right_lower'====== Args={'value': 512, 'prev_value': 511, 'change': 1}
2026-03-01 15:54:03,869 : INFO : SwitchController : <<<<<<< 's_flipper_right_upper' active >>>>>>>
2026-03-01 15:54:03,869 : INFO : EventManager : Event: ======'machine_var_audits_switches_s_flipper_right_upper'====== Args={'value': 527, 'prev_value': 526, 'change': 1}
2026-03-01 15:54:04,020 : INFO : SwitchController : <<<<<<< 's_flipper_right_upper' inactive >>>>>>>
2026-03-01 15:54:04,028 : INFO : SwitchController : <<<<<<< 's_flipper_right_lower' inactive >>>>>>>
2026-03-01 15:54:04,223 : INFO : BallController : Found 1 ball(s) on playfield.
2026-03-01 15:54:04,223 : WARNING : BallController : Playfields still contain balls. Waiting for those to drain.
2026-03-01 15:54:04,854 : INFO : ball_device.bd_plunger : State: failed_confirm
2026-03-01 15:54:04,854 : INFO : ball_device.bd_plunger : Got timeout (10.0s) before confirm from <playfield.playfield>
2026-03-01 15:54:04,955 : INFO : ball_device.bd_plunger : Confirming eject because target is playfield and ball did not return.
2026-03-01 15:54:04,955 : INFO : ball_device.bd_plunger : Eject successful
2026-03-01 15:54:04,955 : INFO : EventManager : Event: ======'balldevice_bd_plunger_ball_eject_success'====== Args={'balls': 1, 'target': <playfield.playfield>}
2026-03-01 15:54:04,956 : INFO : EventManager : Event: ======'balldevice_playfield_ball_enter'====== Args={'new_balls': 1, 'unclaimed_balls': 1, 'device': <playfield.playfield>}
2026-03-01 15:54:04,956 : INFO : EventManager : Event: ======'playfield_ball_count_change'====== Args={'balls': 1, 'change': 1}
2026-03-01 15:54:04,956 : INFO : EventManager : Event: ======'balldevice_bd_plunger_ball_count_changed'====== Args={'balls': 0}
2026-03-01 15:54:04,956 : INFO : ball_device.bd_plunger : State: idle
2026-03-01 15:54:05,224 : INFO : BallController : Found 1 ball(s) on playfield.
2026-03-01 15:54:05,225 : WARNING : BallController : Playfields still contain balls. Waiting for those to drain.
2026-03-01 15:54:06,225 : INFO : BallController : Found 1 ball(s) on playfield.
2026-03-01 15:54:06,225 : WARNING : BallController : Playfields still contain balls. Waiting for those to drain.
2026-03-01 15:54:07,226 : INFO : BallController : Found 1 ball(s) on playfield.
2026-03-01 15:54:07,226 : WARNING : BallController : Playfields still contain balls. Waiting for those to drain.
2026-03-01 15:54:08,227 : INFO : BallController : Found 1 ball(s) on playfield.
2026-03-01 15:54:08,227 : WARNING : BallController : Playfields still contain balls. Waiting for those to drain.
2026-03-01 15:54:09,228 : INFO : BallController : Found 1 ball(s) on playfield.
2026-03-01 15:54:09,228 : WARNING : BallController : Playfields still contain balls. Waiting for those to drain.
2026-03-01 15:54:10,228 : INFO : BallController : Found 1 ball(s) on playfield.
2026-03-01 15:54:10,228 : WARNING : BallController : Playfields still contain balls. Waiting for those to drain.
2026-03-01 15:54:11,229 : INFO : BallController : Found 1 ball(s) on playfield.
2026-03-01 15:54:11,229 : WARNING : BallController : Playfields still contain balls. Waiting for those to drain.
2026-03-01 15:54:12,230 : INFO : BallController : Found 1 ball(s) on playfield.
2026-03-01 15:54:12,230 : WARNING : BallController : Playfields still contain balls. Waiting for those to drain.
2026-03-01 15:54:13,231 : INFO : BallController : Found 1 ball(s) on playfield.
2026-03-01 15:54:13,231 : WARNING : BallController : Playfields still contain balls. Waiting for those to drain.
2026-03-01 15:54:14,231 : INFO : BallController : Found 1 ball(s) on playfield.
2026-03-01 15:54:14,232 : WARNING : BallController : Playfields still contain balls. Waiting for those to drain.
2026-03-01 15:54:15,232 : INFO : BallController : Found 1 ball(s) on playfield.
2026-03-01 15:54:15,232 : WARNING : BallController : Playfields still contain balls. Waiting for those to drain.
2026-03-01 15:54:15,446 : INFO : Machine : Shutting down...
2026-03-01 15:54:15,447 : INFO : EventManager : Event: ======'shutdown'====== Args={}
2026-03-01 15:54:15,450 : INFO : EventManager : Event: ======'mode_game_will_stop'====== Args={}
2026-03-01 15:54:15,450 : INFO : EventManager : Event: ======'mode_game_stopping'====== Args={}
2026-03-01 15:54:15,450 : INFO : Mode.game : Stopped.
2026-03-01 15:54:15,450 : INFO : EventManager : Event: ======'modes_active_modes_changed'====== Args={}
2026-03-01 15:54:15,450 : INFO : EventManager : Event: ======'mode_game_stopped'====== Args={}
2026-03-01 15:54:15,451 : INFO : EventManager : Event: ======'clear'====== Args={'key': 'game'}
2026-03-01 15:54:15,556 : INFO : root : MPF run loop ended.
