2026-03-01 19:40:09,201 : INFO : root : Loading config.
2026-03-01 19:40:09,203 : INFO : YamlMultifileConfigLoader : Machine config file #1: config.yaml
2026-03-01 19:40:09,203 : INFO : ConfigProcessor : Loading config from cache: /var/folders/np/pd6clpgx1xs_0sdwz71m1gyh0000gn/T/be743be5f71a26736512bc9b8989a341.mpf_cache
2026-03-01 19:40:09,203 : WARNING : ConfigProcessor : Config file in cache changed: /Users/andre/NapoleonDynamite/config/config_switches.yaml
2026-03-01 19:40:09,203 : INFO : ConfigProcessor : Loading config from file /Users/andre/mpf/lib/python3.13/site-packages/mpf/mpfconfig.yaml.
2026-03-01 19:40:09,221 : INFO : ConfigProcessor : Loading config: /Users/andre/mpf/lib/python3.13/site-packages/mpf/mpfconfig.yaml
2026-03-01 19:40:09,222 : INFO : ConfigProcessor : Loading config from file /Users/andre/NapoleonDynamite/config/config.yaml.
2026-03-01 19:40:09,225 : INFO : ConfigProcessor : Loading config: /Users/andre/NapoleonDynamite/config/config.yaml
2026-03-01 19:40:09,225 : INFO : ConfigProcessor : Loading config: /Users/andre/NapoleonDynamite/config/config_ball_devices.yaml
2026-03-01 19:40:09,227 : INFO : ConfigProcessor : Loading config: /Users/andre/NapoleonDynamite/config/config_coils.yaml
2026-03-01 19:40:09,230 : INFO : ConfigProcessor : Loading config: /Users/andre/NapoleonDynamite/config/config_switches.yaml
2026-03-01 19:40:09,230 : INFO : ConfigProcessor : Config file cache created: /var/folders/np/pd6clpgx1xs_0sdwz71m1gyh0000gn/T/be743be5f71a26736512bc9b8989a341.mpf_cache
2026-03-01 19:40:09,246 : INFO : ConfigProcessor : Loading config from cache: /var/folders/np/pd6clpgx1xs_0sdwz71m1gyh0000gn/T/84cf549c59d2d394dc6f5889ffe6a1f1.mpf_cache
2026-03-01 19:40:09,246 : INFO : ConfigProcessor : Loading config from cache: /var/folders/np/pd6clpgx1xs_0sdwz71m1gyh0000gn/T/a5f85595fa0cbfb236c892eef8a78354.mpf_cache
2026-03-01 19:40:09,246 : INFO : ConfigProcessor : Loading config from cache: /var/folders/np/pd6clpgx1xs_0sdwz71m1gyh0000gn/T/84cf549c59d2d394dc6f5889ffe6a1f1.mpf_cache
2026-03-01 19:40:09,247 : INFO : ConfigProcessor : Loading config from cache: /var/folders/np/pd6clpgx1xs_0sdwz71m1gyh0000gn/T/128730e328aaa296072fe140e2e7dc9c.mpf_cache
2026-03-01 19:40:09,247 : INFO : ConfigProcessor : Loading config from cache: /var/folders/np/pd6clpgx1xs_0sdwz71m1gyh0000gn/T/6361db87863b427e5d069bbf0c807c9d.mpf_cache
2026-03-01 19:40:09,247 : INFO : ConfigProcessor : Loading config from cache: /var/folders/np/pd6clpgx1xs_0sdwz71m1gyh0000gn/T/43cb4b195f935f38e5e859c83c67061c.mpf_cache
2026-03-01 19:40:09,247 : INFO : Machine : Mission Pinball Framework Core Engine v0.80.0.dev13
2026-03-01 19:40:09,247 : INFO : Machine : Command line arguments: {'no_load_cache': False, 'create_config_cache': True, 'bcp': True, 'configfile': ['config.yaml'], 'force_assets_load': False, 'platform_integration_test': False, 'jsonlogging': False, 'logfile': 'logs/2026-03-01-19-40-09-mpf-ANDREs-MacBook-Pro-2.local.log', 'pause': False, 'production': False, 'text_ui': True, 'loglevel': 15, 'consoleloglevel': 20, 'force_platform': 'virtual', 'syslog_address': None, 'full_logfile_path': '/Users/andre/NapoleonDynamite/logs/2026-03-01-19-40-09-mpf-ANDREs-MacBook-Pro-2.local.log'}
2026-03-01 19:40:09,247 : INFO : Machine : MPF path: /Users/andre/mpf/lib/python3.13/site-packages/mpf
2026-03-01 19:40:09,247 : INFO : Machine : Machine path: /Users/andre/NapoleonDynamite
2026-03-01 19:40:09,247 : INFO : Machine : Platform: darwin
2026-03-01 19:40:09,247 : INFO : Machine : Python executable location: /Users/andre/mpf/bin/python3.13
2026-03-01 19:40:09,247 : INFO : Machine : Python version: 3.13.12 (64-bit)
2026-03-01 19:40:09,247 : INFO : Machine : Initializing MPF...
2026-03-01 19:40:09,271 : INFO : EventManager : Event: ======'machine_var_credits_string'====== Args={'value': 'FREE PLAY', 'prev_value': None, 'change': True}
2026-03-01 19:40:09,274 : INFO : EventManager : Event: ======'machine_var_master_volume'====== Args={'value': 0.5, 'prev_value': None, 'change': True}
2026-03-01 19:40:09,274 : INFO : EventManager : Event: ======'machine_var_mpf_version'====== Args={'value': 'Mission Pinball Framework v0.80.0.dev13', 'prev_value': None, 'change': True}
2026-03-01 19:40:09,274 : INFO : EventManager : Event: ======'machine_var_mpf_extended_version'====== Args={'value': 'Mission Pinball Framework v0.80.0.dev13, Config version:6, Show version: 6, BCP version:1.1', 'prev_value': None, 'change': True}
2026-03-01 19:40:09,275 : INFO : EventManager : Event: ======'machine_var_python_version'====== Args={'value': '3.13.12', 'prev_value': None, 'change': True}
2026-03-01 19:40:09,283 : INFO : EventManager : Event: ======'machine_var_platform'====== Args={'value': 'macOS-26.3-arm64-arm-64bit-Mach-O', 'prev_value': None, 'change': True}
2026-03-01 19:40:09,283 : INFO : EventManager : Event: ======'machine_var_platform_system'====== Args={'value': 'Darwin', 'prev_value': None, 'change': True}
2026-03-01 19:40:09,283 : INFO : EventManager : Event: ======'machine_var_platform_release'====== Args={'value': '25.3.0', 'prev_value': None, 'change': True}
2026-03-01 19:40:09,283 : INFO : EventManager : Event: ======'machine_var_platform_version'====== Args={'value': 'Darwin Kernel Version 25.3.0: Wed Jan 28 20:53:05 PST 2026; root:xnu-12377.81.4~5/RELEASE_ARM64_T6020', 'prev_value': None, 'change': True}
2026-03-01 19:40:09,283 : INFO : EventManager : Event: ======'machine_var_platform_machine'====== Args={'value': 'arm64', 'prev_value': None, 'change': True}
2026-03-01 19:40:09,283 : INFO : EventManager : Event: ======'machine_var_log_file_path'====== Args={'value': '/Users/andre/NapoleonDynamite/logs/2026-03-01-19-40-09-mpf-ANDREs-MacBook-Pro-2.local.log', 'prev_value': None, 'change': True}
2026-03-01 19:40:09,283 : INFO : EventManager : Event: ======'init_phase_1'====== Args={}
2026-03-01 19:40:09,289 : INFO : EventManager : Event: ======'init_phase_2'====== Args={}
2026-03-01 19:40:09,289 : INFO : SwitchController : Found active switch: ('3208_middle-0', <Platform.Virtual>) <switch.s_trough_1>
2026-03-01 19:40:09,289 : INFO : SwitchController : Found active switch: ('3208_middle-1', <Platform.Virtual>) <switch.s_trough_2>
2026-03-01 19:40:09,289 : INFO : SwitchController : Found active switch: ('3208_middle-2', <Platform.Virtual>) <switch.s_trough_3>
2026-03-01 19:40:09,289 : INFO : SwitchController : Found active switch: ('3208_middle-3', <Platform.Virtual>) <switch.s_trough_4>
2026-03-01 19:40:09,289 : INFO : SwitchController : Found active switch: ('3208_middle-4', <Platform.Virtual>) <switch.s_trough_5>
2026-03-01 19:40:09,289 : INFO : SwitchController : Found active switch: ('3208_middle-5', <Platform.Virtual>) <switch.s_trough_6>
2026-03-01 19:40:09,289 : INFO : SwitchController : Found active switch: ('3208_middle-6', <Platform.Virtual>) <switch.s_trough_7>
2026-03-01 19:40:09,290 : INFO : EventManager : Event: ======'bcp_connection_attempt'====== Args={'name': 'local_display', 'host': 'localhost', 'port': 5050}
2026-03-01 19:40:09,291 : INFO : BCPClientSocket : Connecting BCP to 'local_display' at localhost:5050...
2026-03-01 19:40:09,294 : INFO : BCPClientSocket : Connected BCP to 'local_display' localhost:5050
2026-03-01 19:40:09,294 : INFO : EventManager : Event: ======'bcp_clients_connected'====== Args={}
2026-03-01 19:40:09,295 : INFO : ball_device.bd_trough : BCH: Initial count: 7
2026-03-01 19:40:09,295 : INFO : ball_device.bd_trough : State: idle
2026-03-01 19:40:09,295 : ERROR : asyncio : Task exception was never retrieved
future: <Task finished name='Task-67' coro=<BallDevice._initialize_async() done, defined at /Users/andre/mpf/lib/python3.13/site-packages/mpf/devices/ball_device/ball_device.py:196> exception=ConfigFileError("Ball device 'bd_plunger' uses switch 's_plunger' which has a 'playfield_active' tag. This is handled internally by the device. Remove the redundant 'playfield_active' tag from that switch.")>
Traceback (most recent call last):
  File "/Users/andre/mpf/lib/python3.13/site-packages/mpf/devices/ball_device/ball_device.py", line 198, in _initialize_async
    await self.ball_count_handler.initialize()
  File "/Users/andre/mpf/lib/python3.13/site-packages/mpf/devices/ball_device/ball_count_handler.py", line 92, in initialize
    self.counter = counter_class(self.ball_device, self.ball_device.config.get("counter", {}))
                   ~~~~~~~~~~~~~^^^^^^^^^^^^^^^^^^^^^^^^^^^^^^^^^^^^^^^^^^^^^^^^^^^^^^^^^^^^^^
  File "/Users/andre/mpf/lib/python3.13/site-packages/mpf/devices/ball_device/switch_counter.py", line 81, in __init__
    self.ball_device.raise_config_error(
    ~~~~~~~~~~~~~~~~~~~~~~~~~~~~~~~~~~~^
        "Ball device '{}' uses switch '{}' which has a "
        ^^^^^^^^^^^^^^^^^^^^^^^^^^^^^^^^^^^^^^^^^^^^^^^^
    ...<2 lines>...
            self.ball_device.name, switch.name, self.ball_device.config['captures_from'].name,
            ^^^^^^^^^^^^^^^^^^^^^^^^^^^^^^^^^^^^^^^^^^^^^^^^^^^^^^^^^^^^^^^^^^^^^^^^^^^^^^^^^^
            self.ball_device.config['captures_from'].name), 13)
            ^^^^^^^^^^^^^^^^^^^^^^^^^^^^^^^^^^^^^^^^^^^^^^^^^^^
  File "/Users/andre/mpf/lib/python3.13/site-packages/mpf/core/logging.py", line 175, in raise_config_error
    raise ConfigFileError(msg, error_no, self.log.name if self.log else "", context, self._url_base) \
        from source_exception
mpf.exceptions.config_file_error.ConfigFileError: Config File Error in ball_device.bd_plunger: Ball device 'bd_plunger' uses switch 's_plunger' which has a 'playfield_active' tag. This is handled internally by the device. Remove the redundant 'playfield_active' tag from that switch. Error Code: CFE-ball_device-13 (https://missionpinball.org/latest/logs)
2026-03-01 19:40:09,299 : INFO : EventManager : Event: ======'init_phase_3'====== Args={}
2026-03-01 19:40:09,300 : INFO : Machine : Starting the main run loop with active modes: []
2026-03-01 19:40:09,300 : WARNING : Machine : Attract mode is not active, game will not be playable. Please check your attract mode configuration.
2026-03-01 19:40:09,300 : INFO : EventManager : Event: ======'init_phase_4'====== Args={}
2026-03-01 19:40:09,304 : INFO : Machine : Shutting down...
2026-03-01 19:40:09,304 : INFO : EventManager : Event: ======'shutdown'====== Args={}
2026-03-01 19:40:09,304 : ERROR : asyncio : Exception in callback Util.raise_exceptions() at /Users/andre/mpf/lib/python3.13/site-packages/mpf/core/utility_functions.py:789
handle: <Handle Util.raise_exceptions() at /Users/andre/mpf/lib/python3.13/site-packages/mpf/core/utility_functions.py:789>
Traceback (most recent call last):
  File "/Library/Frameworks/Python.framework/Versions/3.13/lib/python3.13/asyncio/events.py", line 89, in _run
    self._context.run(self._callback, *self._args)
    ~~~~~~~~~~~~~~~~~^^^^^^^^^^^^^^^^^^^^^^^^^^^^^
  File "/Users/andre/mpf/lib/python3.13/site-packages/mpf/core/utility_functions.py", line 797, in raise_exceptions
    future.result()
    ~~~~~~~~~~~~~^^
  File "/Users/andre/mpf/lib/python3.13/site-packages/mpf/core/ball_controller.py", line 90, in _add_new_balls_to_playfield
    self.num_balls_known = await self._count_all_balls_in_devices()
                           ^^^^^^^^^^^^^^^^^^^^^^^^^^^^^^^^^^^^^^^^
  File "/Users/andre/mpf/lib/python3.13/site-packages/mpf/core/ball_controller.py", line 129, in _count_all_balls_in_devices
    futures.append(asyncio.ensure_future(device.ball_count_handler.counter.wait_for_count_stable()))
                                         ^^^^^^^^^^^^^^^^^^^^^^^^^^^^^^^^^^^^^^^^^^^^^^^^^^^^^^^
AttributeError: 'NoneType' object has no attribute 'wait_for_count_stable'
2026-03-01 19:40:09,306 : INFO : EventManager : Event: ======'machine_var_audits_events_game_ended'====== Args={'value': 0, 'prev_value': None, 'change': True}
2026-03-01 19:40:09,306 : INFO : EventManager : Event: ======'machine_var_audits_events_game_started'====== Args={'value': 33, 'prev_value': None, 'change': True}
2026-03-01 19:40:09,306 : INFO : EventManager : Event: ======'machine_var_audits_missing_switches_s_bumper_lower'====== Args={'value': 2, 'prev_value': None, 'change': True}
2026-03-01 19:40:09,306 : INFO : EventManager : Event: ======'machine_var_audits_missing_switches_s_bumper_upper'====== Args={'value': 2, 'prev_value': None, 'change': True}
2026-03-01 19:40:09,306 : INFO : EventManager : Event: ======'machine_var_audits_missing_switches_s_flipper_left_eos'====== Args={'value': 7, 'prev_value': None, 'change': True}
2026-03-01 19:40:09,307 : INFO : EventManager : Event: ======'machine_var_audits_missing_switches_s_flipper_right_lower_eos'====== Args={'value': 15, 'prev_value': None, 'change': True}
2026-03-01 19:40:09,307 : INFO : EventManager : Event: ======'machine_var_audits_missing_switches_s_flipper_right_upper_eos'====== Args={'value': 19, 'prev_value': None, 'change': True}
2026-03-01 19:40:09,307 : INFO : EventManager : Event: ======'machine_var_audits_missing_switches_s_inlane_left'====== Args={'value': 2, 'prev_value': None, 'change': True}
2026-03-01 19:40:09,307 : INFO : EventManager : Event: ======'machine_var_audits_missing_switches_s_inlane_right_1'====== Args={'value': 2, 'prev_value': None, 'change': True}
2026-03-01 19:40:09,307 : INFO : EventManager : Event: ======'machine_var_audits_missing_switches_s_inlane_right_2'====== Args={'value': 2, 'prev_value': None, 'change': True}
2026-03-01 19:40:09,307 : INFO : EventManager : Event: ======'machine_var_audits_missing_switches_s_scoop_tina'====== Args={'value': 3, 'prev_value': None, 'change': True}
2026-03-01 19:40:09,307 : INFO : EventManager : Event: ======'machine_var_audits_missing_switches_s_sling_left'====== Args={'value': 2, 'prev_value': None, 'change': True}
2026-03-01 19:40:09,307 : INFO : EventManager : Event: ======'machine_var_audits_missing_switches_s_sling_right'====== Args={'value': 2, 'prev_value': None, 'change': True}
2026-03-01 19:40:09,307 : INFO : EventManager : Event: ======'machine_var_audits_missing_switches_s_start'====== Args={'value': 5, 'prev_value': None, 'change': True}
2026-03-01 19:40:09,307 : INFO : EventManager : Event: ======'machine_var_audits_player_score'====== Args={'value': {'average': 0, 'top': [], 'total': 0}, 'prev_value': None, 'change': True}
2026-03-01 19:40:09,307 : INFO : EventManager : Event: ======'machine_var_audits_shots_bumper_lower'====== Args={'value': 76, 'prev_value': None, 'change': True}
2026-03-01 19:40:09,307 : INFO : EventManager : Event: ======'machine_var_audits_shots_bumper_upper'====== Args={'value': 81, 'prev_value': None, 'change': True}
2026-03-01 19:40:09,307 : INFO : EventManager : Event: ======'machine_var_audits_shots_hurryup'====== Args={'value': 3, 'prev_value': None, 'change': True}
2026-03-01 19:40:09,307 : INFO : EventManager : Event: ======'machine_var_audits_shots_inlane_left'====== Args={'value': 17, 'prev_value': None, 'change': True}
2026-03-01 19:40:09,307 : INFO : EventManager : Event: ======'machine_var_audits_shots_left_lane'====== Args={'value': 11, 'prev_value': None, 'change': True}
2026-03-01 19:40:09,307 : INFO : EventManager : Event: ======'machine_var_audits_switches_s_bumper_lower'====== Args={'value': 79, 'prev_value': None, 'change': True}
2026-03-01 19:40:09,307 : INFO : EventManager : Event: ======'machine_var_audits_switches_s_bumper_upper'====== Args={'value': 82, 'prev_value': None, 'change': True}
2026-03-01 19:40:09,307 : INFO : EventManager : Event: ======'machine_var_audits_switches_s_flipper_left'====== Args={'value': 452, 'prev_value': None, 'change': True}
2026-03-01 19:40:09,307 : INFO : EventManager : Event: ======'machine_var_audits_switches_s_flipper_left_eos'====== Args={'value': 181, 'prev_value': None, 'change': True}
2026-03-01 19:40:09,307 : INFO : EventManager : Event: ======'machine_var_audits_switches_s_flipper_right_lower'====== Args={'value': 453, 'prev_value': None, 'change': True}
2026-03-01 19:40:09,307 : INFO : EventManager : Event: ======'machine_var_audits_switches_s_flipper_right_lower_eos'====== Args={'value': 161, 'prev_value': None, 'change': True}
2026-03-01 19:40:09,308 : INFO : EventManager : Event: ======'machine_var_audits_switches_s_flipper_right_upper'====== Args={'value': 469, 'prev_value': None, 'change': True}
2026-03-01 19:40:09,308 : INFO : EventManager : Event: ======'machine_var_audits_switches_s_flipper_right_upper_eos'====== Args={'value': 43, 'prev_value': None, 'change': True}
2026-03-01 19:40:09,308 : INFO : EventManager : Event: ======'machine_var_audits_switches_s_inlane_left'====== Args={'value': 30, 'prev_value': None, 'change': True}
2026-03-01 19:40:09,308 : INFO : EventManager : Event: ======'machine_var_audits_switches_s_inlane_right_1'====== Args={'value': 20, 'prev_value': None, 'change': True}
2026-03-01 19:40:09,308 : INFO : EventManager : Event: ======'machine_var_audits_switches_s_inlane_right_2'====== Args={'value': 4, 'prev_value': None, 'change': True}
2026-03-01 19:40:09,308 : INFO : EventManager : Event: ======'machine_var_audits_switches_s_plunger'====== Args={'value': 13, 'prev_value': None, 'change': True}
2026-03-01 19:40:09,308 : INFO : EventManager : Event: ======'machine_var_audits_switches_s_plunger_lane'====== Args={'value': 29, 'prev_value': None, 'change': True}
2026-03-01 19:40:09,308 : INFO : EventManager : Event: ======'machine_var_audits_switches_s_scoop_tina'====== Args={'value': 11, 'prev_value': None, 'change': True}
2026-03-01 19:40:09,308 : INFO : EventManager : Event: ======'machine_var_audits_switches_s_sling_left'====== Args={'value': 195, 'prev_value': None, 'change': True}
2026-03-01 19:40:09,308 : INFO : EventManager : Event: ======'machine_var_audits_switches_s_sling_right'====== Args={'value': 32, 'prev_value': None, 'change': True}
2026-03-01 19:40:09,308 : INFO : EventManager : Event: ======'machine_var_audits_switches_s_start'====== Args={'value': 31, 'prev_value': None, 'change': True}
2026-03-01 19:40:09,308 : INFO : EventManager : Event: ======'machine_var_audits_switches_s_trough_1'====== Args={'value': 128, 'prev_value': None, 'change': True}
2026-03-01 19:40:09,308 : INFO : EventManager : Event: ======'machine_var_audits_switches_s_trough_2'====== Args={'value': 116, 'prev_value': None, 'change': True}
2026-03-01 19:40:09,308 : INFO : EventManager : Event: ======'machine_var_audits_switches_s_trough_3'====== Args={'value': 142, 'prev_value': None, 'change': True}
2026-03-01 19:40:09,308 : INFO : EventManager : Event: ======'machine_var_audits_switches_s_trough_4'====== Args={'value': 197, 'prev_value': None, 'change': True}
2026-03-01 19:40:09,308 : INFO : EventManager : Event: ======'machine_var_audits_switches_s_trough_5'====== Args={'value': 215, 'prev_value': None, 'change': True}
2026-03-01 19:40:09,308 : INFO : EventManager : Event: ======'machine_var_audits_switches_s_trough_6'====== Args={'value': 211, 'prev_value': None, 'change': True}
2026-03-01 19:40:09,308 : INFO : EventManager : Event: ======'machine_var_audits_switches_s_trough_7'====== Args={'value': 175, 'prev_value': None, 'change': True}
2026-03-01 19:40:09,308 : INFO : EventManager : Event: ======'init_phase_5'====== Args={}
2026-03-01 19:40:09,308 : INFO : ball_device.bd_trough : BCH: Count is unstable. Trying to reorder balls.
2026-03-01 19:40:09,308 : WARNING : ball_device.bd_trough : Cannot reorder device because eject_coil_reorder_pulse is not configured
2026-03-01 19:40:09,308 : INFO : ball_device.bd_trough : BCH: Repulse done. Waiting for balls to settle.
2026-03-01 19:40:09,308 : ERROR : asyncio : Exception in callback EventManager._async_handler_done()() at /Users/andre/mpf/lib/python3.13/site-packages/mpf/core/events.py:124
handle: <Handle EventManager._async_handler_done()() at /Users/andre/mpf/lib/python3.13/site-packages/mpf/core/events.py:124>
Traceback (most recent call last):
  File "/Library/Frameworks/Python.framework/Versions/3.13/lib/python3.13/asyncio/events.py", line 89, in _run
    self._context.run(self._callback, *self._args)
    ~~~~~~~~~~~~~~~~~^^^^^^^^^^^^^^^^^^^^^^^^^^^^^
  File "/Users/andre/mpf/lib/python3.13/site-packages/mpf/core/events.py", line 127, in _async_handler_done
    future.result()
    ~~~~~~~~~~~~~^^
  File "/Users/andre/mpf/lib/python3.13/site-packages/mpf/devices/ball_device/ball_count_handler.py", line 115, in _reorder_balls
    self._ball_count = await self.counter.count_balls()
                             ^^^^^^^^^^^^^^^^^^^^^^^^
AttributeError: 'NoneType' object has no attribute 'count_balls'
2026-03-01 19:40:10,308 : ERROR : Machine : Runtime Exception
Traceback (most recent call last):
  File "/Users/andre/mpf/lib/python3.13/site-packages/mpf/core/machine.py", line 810, in _run_loop
    raise self._exception['exception']
  File "/Users/andre/mpf/lib/python3.13/site-packages/mpf/devices/ball_device/ball_device.py", line 198, in _initialize_async
    await self.ball_count_handler.initialize()
  File "/Users/andre/mpf/lib/python3.13/site-packages/mpf/devices/ball_device/ball_count_handler.py", line 92, in initialize
    self.counter = counter_class(self.ball_device, self.ball_device.config.get("counter", {}))
                   ~~~~~~~~~~~~~^^^^^^^^^^^^^^^^^^^^^^^^^^^^^^^^^^^^^^^^^^^^^^^^^^^^^^^^^^^^^^
  File "/Users/andre/mpf/lib/python3.13/site-packages/mpf/devices/ball_device/switch_counter.py", line 81, in __init__
    self.ball_device.raise_config_error(
    ~~~~~~~~~~~~~~~~~~~~~~~~~~~~~~~~~~~^
        "Ball device '{}' uses switch '{}' which has a "
        ^^^^^^^^^^^^^^^^^^^^^^^^^^^^^^^^^^^^^^^^^^^^^^^^
    ...<2 lines>...
            self.ball_device.name, switch.name, self.ball_device.config['captures_from'].name,
            ^^^^^^^^^^^^^^^^^^^^^^^^^^^^^^^^^^^^^^^^^^^^^^^^^^^^^^^^^^^^^^^^^^^^^^^^^^^^^^^^^^
            self.ball_device.config['captures_from'].name), 13)
            ^^^^^^^^^^^^^^^^^^^^^^^^^^^^^^^^^^^^^^^^^^^^^^^^^^^
  File "/Users/andre/mpf/lib/python3.13/site-packages/mpf/core/logging.py", line 175, in raise_config_error
    raise ConfigFileError(msg, error_no, self.log.name if self.log else "", context, self._url_base) \
        from source_exception
mpf.exceptions.config_file_error.ConfigFileError: Config File Error in ball_device.bd_plunger: Ball device 'bd_plunger' uses switch 's_plunger' which has a 'playfield_active' tag. This is handled internally by the device. Remove the redundant 'playfield_active' tag from that switch. Error Code: CFE-ball_device-13 (https://missionpinball.org/latest/logs)
2026-03-01 19:40:10,311 : INFO : root : MPF run loop ended.
