2026-02-28 18:36:55,964 : INFO : root : Loading config.
2026-02-28 18:36:55,966 : INFO : YamlMultifileConfigLoader : Machine config file #1: config.yaml
2026-02-28 18:36:55,967 : INFO : ConfigProcessor : Loading config from cache: /var/folders/np/pd6clpgx1xs_0sdwz71m1gyh0000gn/T/00addb5eaaf19e366a8bc2e537dfc5e2.mpf_cache
2026-02-28 18:36:56,000 : INFO : ConfigProcessor : Loading config from cache: /var/folders/np/pd6clpgx1xs_0sdwz71m1gyh0000gn/T/17249d28c5038822300153ccd16b5450.mpf_cache
2026-02-28 18:36:56,000 : INFO : ConfigProcessor : Loading config from cache: /var/folders/np/pd6clpgx1xs_0sdwz71m1gyh0000gn/T/786e273e12b38b2b1133a8d0aa2f17ad.mpf_cache
2026-02-28 18:36:56,000 : INFO : ConfigProcessor : Loading config from cache: /var/folders/np/pd6clpgx1xs_0sdwz71m1gyh0000gn/T/17249d28c5038822300153ccd16b5450.mpf_cache
2026-02-28 18:36:56,001 : INFO : ConfigProcessor : Loading config from cache: /var/folders/np/pd6clpgx1xs_0sdwz71m1gyh0000gn/T/128730e328aaa296072fe140e2e7dc9c.mpf_cache
2026-02-28 18:36:56,001 : INFO : ConfigProcessor : Loading config from cache: /var/folders/np/pd6clpgx1xs_0sdwz71m1gyh0000gn/T/6361db87863b427e5d069bbf0c807c9d.mpf_cache
2026-02-28 18:36:56,001 : WARNING : ConfigProcessor : Config file in cache changed: /Users/andre/NapoleonDynamite/modes/hurryup/config/hurryup.yaml
2026-02-28 18:36:56,001 : INFO : ConfigProcessor : Loading config from file /Users/andre/NapoleonDynamite/modes/hurryup/config/hurryup.yaml.
2026-02-28 18:36:56,003 : INFO : ConfigProcessor : Loading config: /Users/andre/NapoleonDynamite/modes/hurryup/config/hurryup.yaml
2026-02-28 18:36:56,004 : INFO : ConfigProcessor : Config file cache created: /var/folders/np/pd6clpgx1xs_0sdwz71m1gyh0000gn/T/43cb4b195f935f38e5e859c83c67061c.mpf_cache
2026-02-28 18:36:56,004 : INFO : Machine : Mission Pinball Framework Core Engine v0.80.0.dev12
2026-02-28 18:36:56,004 : INFO : Machine : Command line arguments: {'no_load_cache': False, 'create_config_cache': True, 'bcp': True, 'configfile': ['config.yaml'], 'force_assets_load': False, 'platform_integration_test': False, 'jsonlogging': False, 'logfile': 'logs/2026-02-28-18-36-55-mpf-ANDREs-MacBook-Pro-2.local.log', 'pause': False, 'production': False, 'text_ui': False, 'loglevel': 15, 'consoleloglevel': 20, 'force_platform': 'virtual', 'syslog_address': None, 'full_logfile_path': '/Users/andre/NapoleonDynamite/logs/2026-02-28-18-36-55-mpf-ANDREs-MacBook-Pro-2.local.log'}
2026-02-28 18:36:56,004 : INFO : Machine : MPF path: /Library/Frameworks/Python.framework/Versions/3.13/lib/python3.13/site-packages/mpf
2026-02-28 18:36:56,004 : INFO : Machine : Machine path: /Users/andre/NapoleonDynamite
2026-02-28 18:36:56,004 : INFO : Machine : Platform: darwin
2026-02-28 18:36:56,004 : INFO : Machine : Python executable location: /Library/Frameworks/Python.framework/Versions/3.13/bin/python3.13
2026-02-28 18:36:56,004 : INFO : Machine : Python version: 3.13.12 (64-bit)
2026-02-28 18:36:56,005 : INFO : Machine : Initializing MPF...
2026-02-28 18:36:56,067 : INFO : EventManager : Event: ======'machine_var_credits_string'====== Args={'value': 'FREE PLAY', 'prev_value': None, 'change': True}
2026-02-28 18:36:56,074 : INFO : EventManager : Event: ======'machine_var_master_volume'====== Args={'value': 0.5, 'prev_value': None, 'change': True}
2026-02-28 18:36:56,074 : INFO : EventManager : Event: ======'machine_var_mpf_version'====== Args={'value': 'Mission Pinball Framework v0.80.0.dev12', 'prev_value': None, 'change': True}
2026-02-28 18:36:56,074 : INFO : EventManager : Event: ======'machine_var_mpf_extended_version'====== Args={'value': 'Mission Pinball Framework v0.80.0.dev12, Config version:6, Show version: 6, BCP version:1.1', 'prev_value': None, 'change': True}
2026-02-28 18:36:56,074 : INFO : EventManager : Event: ======'machine_var_python_version'====== Args={'value': '3.13.12', 'prev_value': None, 'change': True}
2026-02-28 18:36:56,083 : INFO : EventManager : Event: ======'machine_var_platform'====== Args={'value': 'macOS-26.3-arm64-arm-64bit-Mach-O', 'prev_value': None, 'change': True}
2026-02-28 18:36:56,084 : INFO : EventManager : Event: ======'machine_var_platform_system'====== Args={'value': 'Darwin', 'prev_value': None, 'change': True}
2026-02-28 18:36:56,084 : INFO : EventManager : Event: ======'machine_var_platform_release'====== Args={'value': '25.3.0', 'prev_value': None, 'change': True}
2026-02-28 18:36:56,084 : INFO : EventManager : Event: ======'machine_var_platform_version'====== Args={'value': 'Darwin Kernel Version 25.3.0: Wed Jan 28 20:53:05 PST 2026; root:xnu-12377.81.4~5/RELEASE_ARM64_T6020', 'prev_value': None, 'change': True}
2026-02-28 18:36:56,084 : INFO : EventManager : Event: ======'machine_var_platform_machine'====== Args={'value': 'arm64', 'prev_value': None, 'change': True}
2026-02-28 18:36:56,084 : INFO : EventManager : Event: ======'machine_var_log_file_path'====== Args={'value': '/Users/andre/NapoleonDynamite/logs/2026-02-28-18-36-55-mpf-ANDREs-MacBook-Pro-2.local.log', 'prev_value': None, 'change': True}
2026-02-28 18:36:56,084 : INFO : EventManager : Event: ======'init_phase_1'====== Args={}
2026-02-28 18:36:56,092 : INFO : EventManager : Event: ======'init_phase_2'====== Args={}
2026-02-28 18:36:56,092 : INFO : SwitchController : Found active switch: (1004, <Platform.Virtual>) <switch.s_trough_1>
2026-02-28 18:36:56,092 : INFO : SwitchController : Found active switch: (1005, <Platform.Virtual>) <switch.s_trough_2>
2026-02-28 18:36:56,092 : INFO : SwitchController : Found active switch: (1006, <Platform.Virtual>) <switch.s_trough_3>
2026-02-28 18:36:56,092 : INFO : SwitchController : Found active switch: (1007, <Platform.Virtual>) <switch.s_trough_4>
2026-02-28 18:36:56,092 : INFO : SwitchController : Found active switch: (1008, <Platform.Virtual>) <switch.s_trough_5>
2026-02-28 18:36:56,092 : INFO : SwitchController : Found active switch: (1009, <Platform.Virtual>) <switch.s_trough_6>
2026-02-28 18:36:56,092 : INFO : SwitchController : Found active switch: (1010, <Platform.Virtual>) <switch.s_trough_7>
2026-02-28 18:36:56,093 : INFO : EventManager : Event: ======'bcp_connection_attempt'====== Args={'name': 'local_display', 'host': 'localhost', 'port': 5050}
2026-02-28 18:36:56,093 : INFO : BCPClientSocket : Connecting BCP to 'local_display' at localhost:5050...
2026-02-28 18:36:56,098 : INFO : BCPClientSocket : Connected BCP to 'local_display' localhost:5050
2026-02-28 18:36:56,098 : INFO : EventManager : Event: ======'bcp_clients_connected'====== Args={}
2026-02-28 18:36:56,098 : INFO : ball_device.bd_trough : BCH: Initial count: 7
2026-02-28 18:36:56,098 : INFO : ball_device.bd_trough : State: idle
2026-02-28 18:36:56,099 : INFO : ball_device.bd_plunger : BCH: Initial count: 0
2026-02-28 18:36:56,099 : INFO : ball_device.bd_plunger : State: idle
2026-02-28 18:36:56,104 : INFO : EventManager : Event: ======'init_phase_3'====== Args={}
2026-02-28 18:36:56,105 : INFO : EventManager : Event: ======'init_phase_4'====== Args={}
2026-02-28 18:36:56,105 : INFO : BallController : Initial balls found: 7
2026-02-28 18:36:56,105 : INFO : EventManager : Event: ======'machine_var_audits_events_game_ended'====== Args={'value': 0, 'prev_value': None, 'change': True}
2026-02-28 18:36:56,105 : INFO : EventManager : Event: ======'machine_var_audits_events_game_started'====== Args={'value': 8, 'prev_value': None, 'change': True}
2026-02-28 18:36:56,105 : INFO : EventManager : Event: ======'machine_var_audits_missing_switches_s_flipper_left'====== Args={'value': 8, 'prev_value': None, 'change': True}
2026-02-28 18:36:56,105 : INFO : EventManager : Event: ======'machine_var_audits_missing_switches_s_flipper_right_lower'====== Args={'value': 8, 'prev_value': None, 'change': True}
2026-02-28 18:36:56,105 : INFO : EventManager : Event: ======'machine_var_audits_missing_switches_s_flipper_right_upper'====== Args={'value': 8, 'prev_value': None, 'change': True}
2026-02-28 18:36:56,105 : INFO : EventManager : Event: ======'machine_var_audits_missing_switches_s_inlane_right_1'====== Args={'value': 7, 'prev_value': None, 'change': True}
2026-02-28 18:36:56,105 : INFO : EventManager : Event: ======'machine_var_audits_missing_switches_s_inlane_right_2'====== Args={'value': 7, 'prev_value': None, 'change': True}
2026-02-28 18:36:56,105 : INFO : EventManager : Event: ======'machine_var_audits_missing_switches_s_plunger_lane'====== Args={'value': 8, 'prev_value': None, 'change': True}
2026-02-28 18:36:56,105 : INFO : EventManager : Event: ======'machine_var_audits_missing_switches_s_sling_left'====== Args={'value': 8, 'prev_value': None, 'change': True}
2026-02-28 18:36:56,105 : INFO : EventManager : Event: ======'machine_var_audits_missing_switches_s_sling_right'====== Args={'value': 8, 'prev_value': None, 'change': True}
2026-02-28 18:36:56,105 : INFO : EventManager : Event: ======'machine_var_audits_missing_switches_s_start'====== Args={'value': 5, 'prev_value': None, 'change': True}
2026-02-28 18:36:56,105 : INFO : EventManager : Event: ======'machine_var_audits_missing_switches_s_trough_1'====== Args={'value': 8, 'prev_value': None, 'change': True}
2026-02-28 18:36:56,105 : INFO : EventManager : Event: ======'machine_var_audits_missing_switches_s_trough_2'====== Args={'value': 8, 'prev_value': None, 'change': True}
2026-02-28 18:36:56,105 : INFO : EventManager : Event: ======'machine_var_audits_missing_switches_s_trough_3'====== Args={'value': 8, 'prev_value': None, 'change': True}
2026-02-28 18:36:56,106 : INFO : EventManager : Event: ======'machine_var_audits_missing_switches_s_trough_4'====== Args={'value': 8, 'prev_value': None, 'change': True}
2026-02-28 18:36:56,106 : INFO : EventManager : Event: ======'machine_var_audits_missing_switches_s_trough_5'====== Args={'value': 8, 'prev_value': None, 'change': True}
2026-02-28 18:36:56,106 : INFO : EventManager : Event: ======'machine_var_audits_missing_switches_s_trough_6'====== Args={'value': 8, 'prev_value': None, 'change': True}
2026-02-28 18:36:56,106 : INFO : EventManager : Event: ======'machine_var_audits_missing_switches_s_trough_7'====== Args={'value': 8, 'prev_value': None, 'change': True}
2026-02-28 18:36:56,106 : INFO : EventManager : Event: ======'machine_var_audits_player_score'====== Args={'value': {'average': 0, 'top': [], 'total': 0}, 'prev_value': None, 'change': True}
2026-02-28 18:36:56,106 : INFO : EventManager : Event: ======'machine_var_audits_shots_bumper_lower'====== Args={'value': 71, 'prev_value': None, 'change': True}
2026-02-28 18:36:56,106 : INFO : EventManager : Event: ======'machine_var_audits_shots_bumper_upper'====== Args={'value': 81, 'prev_value': None, 'change': True}
2026-02-28 18:36:56,106 : INFO : EventManager : Event: ======'machine_var_audits_shots_inlane_left'====== Args={'value': 17, 'prev_value': None, 'change': True}
2026-02-28 18:36:56,106 : INFO : EventManager : Event: ======'machine_var_audits_shots_left_lane'====== Args={'value': 1, 'prev_value': None, 'change': True}
2026-02-28 18:36:56,106 : INFO : EventManager : Event: ======'machine_var_audits_switches_s_bumper_lower'====== Args={'value': 71, 'prev_value': None, 'change': True}
2026-02-28 18:36:56,106 : INFO : EventManager : Event: ======'machine_var_audits_switches_s_bumper_upper'====== Args={'value': 81, 'prev_value': None, 'change': True}
2026-02-28 18:36:56,106 : INFO : EventManager : Event: ======'machine_var_audits_switches_s_flipper_left'====== Args={'value': 0, 'prev_value': None, 'change': True}
2026-02-28 18:36:56,106 : INFO : EventManager : Event: ======'machine_var_audits_switches_s_flipper_right_lower'====== Args={'value': 0, 'prev_value': None, 'change': True}
2026-02-28 18:36:56,106 : INFO : EventManager : Event: ======'machine_var_audits_switches_s_flipper_right_upper'====== Args={'value': 0, 'prev_value': None, 'change': True}
2026-02-28 18:36:56,106 : INFO : EventManager : Event: ======'machine_var_audits_switches_s_inlane_left'====== Args={'value': 20, 'prev_value': None, 'change': True}
2026-02-28 18:36:56,106 : INFO : EventManager : Event: ======'machine_var_audits_switches_s_inlane_right_1'====== Args={'value': 2, 'prev_value': None, 'change': True}
2026-02-28 18:36:56,106 : INFO : EventManager : Event: ======'machine_var_audits_switches_s_inlane_right_2'====== Args={'value': 2, 'prev_value': None, 'change': True}
2026-02-28 18:36:56,106 : INFO : EventManager : Event: ======'machine_var_audits_switches_s_plunger_lane'====== Args={'value': 0, 'prev_value': None, 'change': True}
2026-02-28 18:36:56,106 : INFO : EventManager : Event: ======'machine_var_audits_switches_s_sling_left'====== Args={'value': 0, 'prev_value': None, 'change': True}
2026-02-28 18:36:56,106 : INFO : EventManager : Event: ======'machine_var_audits_switches_s_sling_right'====== Args={'value': 0, 'prev_value': None, 'change': True}
2026-02-28 18:36:56,106 : INFO : EventManager : Event: ======'machine_var_audits_switches_s_start'====== Args={'value': 3, 'prev_value': None, 'change': True}
2026-02-28 18:36:56,106 : INFO : EventManager : Event: ======'machine_var_audits_switches_s_trough_1'====== Args={'value': 0, 'prev_value': None, 'change': True}
2026-02-28 18:36:56,106 : INFO : EventManager : Event: ======'machine_var_audits_switches_s_trough_2'====== Args={'value': 0, 'prev_value': None, 'change': True}
2026-02-28 18:36:56,106 : INFO : EventManager : Event: ======'machine_var_audits_switches_s_trough_3'====== Args={'value': 0, 'prev_value': None, 'change': True}
2026-02-28 18:36:56,106 : INFO : EventManager : Event: ======'machine_var_audits_switches_s_trough_4'====== Args={'value': 0, 'prev_value': None, 'change': True}
2026-02-28 18:36:56,106 : INFO : EventManager : Event: ======'machine_var_audits_switches_s_trough_5'====== Args={'value': 0, 'prev_value': None, 'change': True}
2026-02-28 18:36:56,106 : INFO : EventManager : Event: ======'machine_var_audits_switches_s_trough_6'====== Args={'value': 0, 'prev_value': None, 'change': True}
2026-02-28 18:36:56,106 : INFO : EventManager : Event: ======'machine_var_audits_switches_s_trough_7'====== Args={'value': 0, 'prev_value': None, 'change': True}
2026-02-28 18:36:56,106 : INFO : EventManager : Event: ======'init_phase_5'====== Args={}
2026-02-28 18:36:56,106 : INFO : EventManager : Event: ======'init_done'====== Args={}
2026-02-28 18:36:56,106 : INFO : EventManager : Event: ======'machine_reset_phase_1'====== Args={}
2026-02-28 18:36:56,140 : INFO : EventManager : Event: ======'machine_reset_phase_2'====== Args={}
2026-02-28 18:36:56,140 : INFO : EventManager : Event: ======'machine_reset_phase_3'====== Args={}
2026-02-28 18:36:56,140 : INFO : EventManager : Event: ======'reset_complete'====== Args={}
2026-02-28 18:36:56,140 : INFO : EventManager : Event: ======'mode_attract_will_start'====== Args={}
2026-02-28 18:36:56,141 : INFO : Timer.attract_carousel_timer : Starting Timer.
2026-02-28 18:36:56,141 : INFO : EventManager : Event: ======'timer_attract_carousel_timer_started'====== Args={'ticks': 0, 'ticks_remaining': 1}
2026-02-28 18:36:56,141 : INFO : EventManager : Event: ======'timer_attract_carousel_timer_tick'====== Args={'ticks': 0, 'ticks_remaining': 1}
2026-02-28 18:36:56,141 : INFO : EventManager : Event: ======'mode_attract_starting'====== Args={}
2026-02-28 18:36:56,141 : INFO : Mode.attract : Started. Priority: 10
2026-02-28 18:36:56,141 : INFO : EventManager : Event: ======'modes_active_modes_changed'====== Args={}
2026-02-28 18:36:56,141 : INFO : EventManager : Event: ======'mode_attract_started'====== Args={}
2026-02-28 18:36:56,142 : INFO : EventManager : Event: ======'collecting_balls_complete'====== Args={}
2026-02-28 18:36:56,142 : INFO : EventManager : Event: ======'carousel_item_highlighted'====== Args={'carousel': 'attract', 'direction': None, 'item': 'title'}
2026-02-28 18:36:56,142 : INFO : EventManager : Event: ======'timer_attract_carousel_timer_tick'====== Args={'ticks': 0, 'ticks_remaining': 1}
2026-02-28 18:36:56,142 : INFO : Machine : Starting the main run loop with active modes: [<Mode.attract>]
2026-02-28 18:36:56,290 : INFO : EventManager : Event: ======'slide_attract_created'====== Args={'_from_bcp': True}
2026-02-28 18:36:56,290 : INFO : EventManager : Event: ======'slide__removed'====== Args={'_from_bcp': True}
2026-02-28 18:36:56,290 : INFO : EventManager : Event: ======'slide_attract_active'====== Args={'original_context': 'attract', 'original_calling_context': 'mode_attract_started', 'priority': 10.0, 'cmd': 'slides_play', '_from_bcp': True}
2026-02-28 18:37:00,100 : INFO : SwitchController : <<<<<<< 's_start' active >>>>>>>
2026-02-28 18:37:00,165 : INFO : SwitchController : <<<<<<< 's_start' inactive >>>>>>>
2026-02-28 18:37:00,166 : INFO : EventManager : Event: ======'request_to_start_game'====== Args={}
2026-02-28 18:37:00,166 : INFO : EventManager : Event: ======'game_start'====== Args={'buttons': [], 'hold_time': 0.06572337500983849}
2026-02-28 18:37:00,166 : INFO : EventManager : Event: ======'mode_game_will_start'====== Args={'buttons': [], 'hold_time': 0.06572337500983849}
2026-02-28 18:37:00,166 : INFO : EventManager : Event: ======'mode_game_starting'====== Args={'buttons': [], 'hold_time': 0.06572337500983849}
2026-02-28 18:37:00,167 : INFO : EventManager : Event: ======'mode_attract_will_stop'====== Args={}
2026-02-28 18:37:00,167 : INFO : EventManager : Event: ======'mode_attract_stopping'====== Args={}
2026-02-28 18:37:00,167 : INFO : Mode.attract : Stopped.
2026-02-28 18:37:00,167 : INFO : EventManager : Event: ======'modes_active_modes_changed'====== Args={}
2026-02-28 18:37:00,168 : INFO : EventManager : Event: ======'mode_attract_stopped'====== Args={}
2026-02-28 18:37:00,168 : INFO : EventManager : Event: ======'clear'====== Args={'key': 'attract'}
2026-02-28 18:37:00,169 : INFO : Timer.attract_carousel_timer : Stopping Timer
2026-02-28 18:37:00,169 : INFO : EventManager : Event: ======'timer_attract_carousel_timer_stopped'====== Args={'ticks': 0, 'ticks_remaining': 1}
2026-02-28 18:37:00,169 : INFO : Mode.game : Started. Priority: 20
2026-02-28 18:37:00,169 : INFO : EventManager : Event: ======'modes_active_modes_changed'====== Args={}
2026-02-28 18:37:00,169 : INFO : EventManager : Event: ======'mode_game_started'====== Args={'buttons': [], 'hold_time': 0.06572337500983849}
2026-02-28 18:37:00,170 : INFO : EventManager : Event: ======'game_will_start'====== Args={}
2026-02-28 18:37:00,170 : INFO : EventManager : Event: ======'game_starting'====== Args={'game': <Mode.game>}
2026-02-28 18:37:00,172 : INFO : EventManager : Unordered handler for class <Auditor> on event game_ended with priority 1. Handlers: [RegisteredHandler(callback=<bound method Auditor.disable of <Auditor>>, priority=1, kwargs={}, key=UUID('7eca925b-0763-4757-910f-1bdb36bb0cbe'), condition=None, blocking_facility=None), RegisteredHandler(callback=<bound method Auditor._save_audits of <Auditor>>, priority=1, kwargs={}, key=UUID('2c68b4b3-8ca2-47f8-943c-9b16bae53633'), condition=None, blocking_facility=None)]. The order of those handlers is not defined and they will be executed in random order. This might lead to race conditions and potential bugs.
2026-02-28 18:37:00,172 : INFO : EventManager : Event: ======'player_add_request'====== Args={}
2026-02-28 18:37:00,172 : INFO : EventManager : Event: ======'player_will_add'====== Args={'number': 1}
2026-02-28 18:37:00,173 : INFO : EventManager : Event: ======'player_adding'====== Args={'player': <Player 1>, 'number': 1}
2026-02-28 18:37:00,173 : INFO : EventManager : Event: ======'player_added'====== Args={'player': <Player 1>, 'num': 1}
2026-02-28 18:37:00,173 : INFO : Mode.game : Player added successfully. Total players: 1
2026-02-28 18:37:00,174 : INFO : EventManager : Event: ======'player_index'====== Args={'value': 0, 'prev_value': 0, 'change': 0, 'player_num': 1}
2026-02-28 18:37:00,175 : INFO : EventManager : Event: ======'player_number'====== Args={'value': 1, 'prev_value': 1, 'change': 0, 'player_num': 1}
2026-02-28 18:37:00,176 : INFO : EventManager : Event: ======'player_score'====== Args={'value': 0, 'prev_value': 0, 'change': 0, 'player_num': 1}
2026-02-28 18:37:00,176 : INFO : EventManager : Event: ======'game_started'====== Args={}
2026-02-28 18:37:00,177 : INFO : EventManager : Event: ======'player_turn_will_start'====== Args={'player': <Player 1>, 'number': 1}
2026-02-28 18:37:00,177 : INFO : EventManager : Event: ======'player_turn_starting'====== Args={'player': <Player 1>, 'number': 1}
2026-02-28 18:37:00,186 : INFO : EventManager : Event: ======'player_ball'====== Args={'value': 1, 'prev_value': 0, 'change': 1, 'player_num': 1}
2026-02-28 18:37:00,186 : INFO : EventManager : Event: ======'player_turn_started'====== Args={'player': <Player 1>, 'number': 1}
2026-02-28 18:37:00,186 : INFO : EventManager : Event: ======'ball_will_start'====== Args={'player': 1, 'ball': 1, 'balls_remaining': 2, 'is_extra_ball': False}
2026-02-28 18:37:00,187 : INFO : EventManager : Event: ======'ball_starting'====== Args={'player': 1, 'ball': 1, 'balls_remaining': 2, 'is_extra_ball': False}
2026-02-28 18:37:00,187 : INFO : EventManager : Event: ======'mode_base_will_start'====== Args={'queue': <QueuedEvent>, 'player': 1, 'ball': 1, 'balls_remaining': 2, 'is_extra_ball': False}
2026-02-28 18:37:00,187 : INFO : EventManager : Event: ======'player_shot_left_lane_enabled'====== Args={'value': True, 'prev_value': 0, 'change': 1, 'player_num': 1}
2026-02-28 18:37:00,188 : INFO : EventManager : Event: ======'mode_base_starting'====== Args={'queue': <QueuedEvent>, 'player': 1, 'ball': 1, 'balls_remaining': 2, 'is_extra_ball': False}
2026-02-28 18:37:00,188 : INFO : Mode.base : Started. Priority: 100
2026-02-28 18:37:00,188 : INFO : EventManager : Event: ======'modes_active_modes_changed'====== Args={}
2026-02-28 18:37:00,188 : INFO : EventManager : Event: ======'mode_base_started'====== Args={'queue': <QueuedEvent>, 'player': 1, 'ball': 1, 'balls_remaining': 2, 'is_extra_ball': False}
2026-02-28 18:37:00,188 : INFO : EventManager : Event: ======'start_mode_bumpers'====== Args={'priority': 0}
2026-02-28 18:37:00,189 : INFO : EventManager : Event: ======'mode_bumpers_will_start'====== Args={'priority': 0}
2026-02-28 18:37:00,189 : INFO : EventManager : Event: ======'player_shot_bumper_lower_enabled'====== Args={'value': True, 'prev_value': 0, 'change': 1, 'player_num': 1}
2026-02-28 18:37:00,190 : INFO : EventManager : Event: ======'player_shot_bumper_upper_enabled'====== Args={'value': True, 'prev_value': 0, 'change': 1, 'player_num': 1}
2026-02-28 18:37:00,190 : INFO : EventManager : Event: ======'bumpers_complete'====== Args={'state': 'unlit'}
2026-02-28 18:37:00,190 : INFO : EventManager : Event: ======'bumpers_unlit_complete'====== Args={}
2026-02-28 18:37:00,191 : INFO : EventManager : Event: ======'mode_bumpers_starting'====== Args={'priority': 0}
2026-02-28 18:37:00,191 : INFO : Mode.bumpers : Started. Priority: 200
2026-02-28 18:37:00,191 : INFO : EventManager : Event: ======'modes_active_modes_changed'====== Args={}
2026-02-28 18:37:00,191 : INFO : EventManager : Event: ======'mode_bumpers_started'====== Args={'priority': 0}
2026-02-28 18:37:00,191 : INFO : EventManager : Event: ======'balls_in_play'====== Args={'balls': 1}
2026-02-28 18:37:00,191 : INFO : EventManager : Event: ======'ball_started'====== Args={'player': 1, 'ball': 1, 'balls_remaining': 2, 'is_extra_ball': False}
2026-02-28 18:37:00,192 : INFO : EventManager : Event: ======'single_player_ball_started'====== Args={}
2026-02-28 18:37:00,192 : INFO : EventManager : Event: ======'ball_start_target'====== Args={'target': 'playfield'}
2026-02-28 18:37:00,192 : INFO : ball_device.bd_trough : Setting up player-controlled eject. Balls: 1, Target: <playfield.playfield>, player_controlled_eject_event: None
2026-02-28 18:37:00,192 : INFO : ball_device.bd_trough : Adding 1 ball(s) to the eject_queue with target <playfield.playfield>.
2026-02-28 18:37:00,192 : INFO : EventManager : Event: ======'balldevice_balls_available'====== Args={}
2026-02-28 18:37:00,192 : INFO : ball_device.bd_trough : State: waiting_for_target_ready
2026-02-28 18:37:00,192 : INFO : EventManager : Event: ======'balldevice_bd_trough_ball_eject_attempt'====== Args={'balls': 1, 'target': <ball_device.bd_plunger>, 'source': <ball_device.bd_trough>, 'mechanical_eject': False, 'num_attempts': 0}
2026-02-28 18:37:00,192 : INFO : ball_device.bd_plunger : State: waiting_for_ball
2026-02-28 18:37:00,193 : INFO : ball_device.bd_trough : State: ejecting
2026-02-28 18:37:00,193 : INFO : ball_device.bd_trough : Ejecting ball to <ball_device.bd_plunger>
2026-02-28 18:37:00,193 : INFO : EventManager : Event: ======'balldevice_bd_trough_ejecting_ball'====== Args={'balls': 1, 'target': <ball_device.bd_plunger>, 'source': <ball_device.bd_trough>, 'mechanical_eject': False, 'num_attempts': 0}
2026-02-28 18:37:00,193 : INFO : ball_device.bd_trough : Wait for ball to leave device
2026-02-28 18:37:00,193 : INFO : coil.c_trough_eject : Pulsing Driver for 10ms (1.0 pulse_power)
2026-02-28 18:37:00,229 : INFO : EventManager : Event: ======'slide_base_slide_created'====== Args={'_from_bcp': True}
2026-02-28 18:37:00,229 : INFO : EventManager : Event: ======'slide_attract_inactive'====== Args={'is_removing': True, '_from_bcp': True}
2026-02-28 18:37:00,230 : INFO : EventManager : Event: ======'slide_base_slide_active'====== Args={'original_context': 'base', 'original_calling_context': 'mode_base_started', 'priority': 100.0, 'queue': '<QueuedEvent>', 'player': 1.0, 'ball': 1.0, 'balls_remaining': 2.0, 'is_extra_ball': False, 'cmd': 'slides_play', '_from_bcp': True}
2026-02-28 18:37:00,230 : INFO : EventManager : Event: ======'slide_attract_removed'====== Args={'_from_bcp': True}
2026-02-28 18:37:01,443 : INFO : SwitchController : <<<<<<< 's_inlane_left' active >>>>>>>
2026-02-28 18:37:01,443 : INFO : EventManager : Event: ======'playfield_active'====== Args={'source': 'left_lane'}
2026-02-28 18:37:01,444 : INFO : EventManager : Event: ======'unexpected_ball_on_playfield'====== Args={}
2026-02-28 18:37:01,444 : INFO : EventManager : Event: ======'playfield_active'====== Args={'source': 'hurryup'}
2026-02-28 18:37:01,444 : INFO : EventManager : Event: ======'unexpected_ball_on_playfield'====== Args={}
2026-02-28 18:37:01,444 : INFO : EventManager : Event: ======'s_inlane_left_active'====== Args={}
2026-02-28 18:37:01,444 : INFO : EventManager : Event: ======'machine_var_audits_switches_s_inlane_left'====== Args={'value': 21, 'prev_value': 20, 'change': 1}
2026-02-28 18:37:01,446 : INFO : EventManager : Event: ======'player_shot_left_lane'====== Args={'value': 1, 'prev_value': 0, 'change': 1, 'player_num': 1}
2026-02-28 18:37:01,451 : INFO : EventManager : Event: ======'machine_var_audits_shots_left_lane'====== Args={'value': 2, 'prev_value': 1, 'change': 1}
2026-02-28 18:37:01,452 : INFO : EventManager : Event: ======'left_lane_hit'====== Args={'profile': 'default', 'state': 'unlit', 'advancing': True}
2026-02-28 18:37:01,453 : INFO : EventManager : Event: ======'left_lane_default_hit'====== Args={'profile': 'default', 'state': 'unlit', 'advancing': True}
2026-02-28 18:37:01,453 : INFO : EventManager : Event: ======'left_lane_default_unlit_hit'====== Args={'profile': 'default', 'state': 'unlit', 'advancing': True}
2026-02-28 18:37:01,453 : INFO : EventManager : Event: ======'left_lane_unlit_hit'====== Args={'profile': 'default', 'state': 'unlit', 'advancing': True}
2026-02-28 18:37:01,453 : INFO : EventManager : Event: ======'start_mode_hurryup'====== Args={'priority': 0}
2026-02-28 18:37:01,453 : INFO : EventManager : Event: ======'mode_hurryup_will_start'====== Args={'priority': 0}
2026-02-28 18:37:01,454 : INFO : EventManager : Event: ======'player_shot_hurryup_enabled'====== Args={'value': True, 'prev_value': 0, 'change': 1, 'player_num': 1}
2026-02-28 18:37:01,454 : INFO : EventManager : Event: ======'player_hurryup_hurryup_timer_tick'====== Args={'value': 0, 'prev_value': 0, 'change': 0, 'player_num': 1}
2026-02-28 18:37:01,466 : INFO : Timer.hurryup_timer : Starting Timer.
2026-02-28 18:37:01,467 : INFO : EventManager : Event: ======'timer_hurryup_timer_started'====== Args={'ticks': 0, 'ticks_remaining': 25}
2026-02-28 18:37:01,467 : INFO : EventManager : Event: ======'timer_hurryup_timer_tick'====== Args={'ticks': 0, 'ticks_remaining': 25}
2026-02-28 18:37:01,469 : INFO : EventManager : Event: ======'mode_hurryup_starting'====== Args={'priority': 0}
2026-02-28 18:37:01,469 : INFO : Mode.hurryup : Started. Priority: 1000
2026-02-28 18:37:01,469 : INFO : EventManager : Event: ======'modes_active_modes_changed'====== Args={}
2026-02-28 18:37:01,469 : INFO : EventManager : Event: ======'mode_hurryup_started'====== Args={'priority': 0}
2026-02-28 18:37:01,525 : INFO : EventManager : Event: ======'slide_hurryup_created'====== Args={'_from_bcp': True}
2026-02-28 18:37:01,525 : INFO : EventManager : Event: ======'slide_base_slide_inactive'====== Args={'is_removing': False, '_from_bcp': True}
2026-02-28 18:37:01,529 : INFO : EventManager : Event: ======'slide_hurryup_active'====== Args={'original_context': 'hurryup', 'original_calling_context': 'mode_hurryup_started', 'priority': 1000.0, 'cmd': 'slides_play', '_from_bcp': True}
2026-02-28 18:37:01,530 : INFO : SwitchController : <<<<<<< 's_inlane_left' inactive >>>>>>>
2026-02-28 18:37:01,668 : INFO : EventManager : Event: ======'player_hurryup_hurryup_timer_tick'====== Args={'value': 1, 'prev_value': 0, 'change': 1, 'player_num': 1}
2026-02-28 18:37:01,669 : INFO : EventManager : Event: ======'timer_hurryup_timer_tick'====== Args={'ticks': 1, 'ticks_remaining': 24}
2026-02-28 18:37:01,670 : INFO : EventManager : Event: ======'hurryup_value'====== Args={'priority': 0, 'current_hurryup': 98000}
2026-02-28 18:37:01,867 : INFO : EventManager : Event: ======'player_hurryup_hurryup_timer_tick'====== Args={'value': 2, 'prev_value': 1, 'change': 1, 'player_num': 1}
2026-02-28 18:37:01,868 : INFO : EventManager : Event: ======'timer_hurryup_timer_tick'====== Args={'ticks': 2, 'ticks_remaining': 23}
2026-02-28 18:37:01,869 : INFO : EventManager : Event: ======'hurryup_value'====== Args={'priority': 0, 'current_hurryup': 96000}
2026-02-28 18:37:02,067 : INFO : EventManager : Event: ======'player_hurryup_hurryup_timer_tick'====== Args={'value': 3, 'prev_value': 2, 'change': 1, 'player_num': 1}
2026-02-28 18:37:02,068 : INFO : EventManager : Event: ======'timer_hurryup_timer_tick'====== Args={'ticks': 3, 'ticks_remaining': 22}
2026-02-28 18:37:02,069 : INFO : EventManager : Event: ======'hurryup_value'====== Args={'priority': 0, 'current_hurryup': 94000}
2026-02-28 18:37:02,268 : INFO : EventManager : Event: ======'player_hurryup_hurryup_timer_tick'====== Args={'value': 4, 'prev_value': 3, 'change': 1, 'player_num': 1}
2026-02-28 18:37:02,269 : INFO : EventManager : Event: ======'timer_hurryup_timer_tick'====== Args={'ticks': 4, 'ticks_remaining': 21}
2026-02-28 18:37:02,270 : INFO : EventManager : Event: ======'hurryup_value'====== Args={'priority': 0, 'current_hurryup': 92000}
2026-02-28 18:37:02,467 : INFO : EventManager : Event: ======'player_hurryup_hurryup_timer_tick'====== Args={'value': 5, 'prev_value': 4, 'change': 1, 'player_num': 1}
2026-02-28 18:37:02,468 : INFO : EventManager : Event: ======'timer_hurryup_timer_tick'====== Args={'ticks': 5, 'ticks_remaining': 20}
2026-02-28 18:37:02,469 : INFO : EventManager : Event: ======'hurryup_value'====== Args={'priority': 0, 'current_hurryup': 90000}
2026-02-28 18:37:02,668 : INFO : EventManager : Event: ======'player_hurryup_hurryup_timer_tick'====== Args={'value': 6, 'prev_value': 5, 'change': 1, 'player_num': 1}
2026-02-28 18:37:02,669 : INFO : EventManager : Event: ======'timer_hurryup_timer_tick'====== Args={'ticks': 6, 'ticks_remaining': 19}
2026-02-28 18:37:02,670 : INFO : EventManager : Event: ======'hurryup_value'====== Args={'priority': 0, 'current_hurryup': 88000}
2026-02-28 18:37:02,868 : INFO : EventManager : Event: ======'player_hurryup_hurryup_timer_tick'====== Args={'value': 7, 'prev_value': 6, 'change': 1, 'player_num': 1}
2026-02-28 18:37:02,869 : INFO : EventManager : Event: ======'timer_hurryup_timer_tick'====== Args={'ticks': 7, 'ticks_remaining': 18}
2026-02-28 18:37:02,870 : INFO : EventManager : Event: ======'hurryup_value'====== Args={'priority': 0, 'current_hurryup': 86000}
2026-02-28 18:37:03,068 : INFO : EventManager : Event: ======'player_hurryup_hurryup_timer_tick'====== Args={'value': 8, 'prev_value': 7, 'change': 1, 'player_num': 1}
2026-02-28 18:37:03,069 : INFO : EventManager : Event: ======'timer_hurryup_timer_tick'====== Args={'ticks': 8, 'ticks_remaining': 17}
2026-02-28 18:37:03,070 : INFO : EventManager : Event: ======'hurryup_value'====== Args={'priority': 0, 'current_hurryup': 84000}
2026-02-28 18:37:03,267 : INFO : EventManager : Event: ======'player_hurryup_hurryup_timer_tick'====== Args={'value': 9, 'prev_value': 8, 'change': 1, 'player_num': 1}
2026-02-28 18:37:03,268 : INFO : EventManager : Event: ======'timer_hurryup_timer_tick'====== Args={'ticks': 9, 'ticks_remaining': 16}
2026-02-28 18:37:03,269 : INFO : EventManager : Event: ======'hurryup_value'====== Args={'priority': 0, 'current_hurryup': 82000}
2026-02-28 18:37:03,468 : INFO : EventManager : Event: ======'player_hurryup_hurryup_timer_tick'====== Args={'value': 10, 'prev_value': 9, 'change': 1, 'player_num': 1}
2026-02-28 18:37:03,469 : INFO : EventManager : Event: ======'timer_hurryup_timer_tick'====== Args={'ticks': 10, 'ticks_remaining': 15}
2026-02-28 18:37:03,470 : INFO : EventManager : Event: ======'hurryup_value'====== Args={'priority': 0, 'current_hurryup': 80000}
2026-02-28 18:37:03,668 : INFO : EventManager : Event: ======'player_hurryup_hurryup_timer_tick'====== Args={'value': 11, 'prev_value': 10, 'change': 1, 'player_num': 1}
2026-02-28 18:37:03,669 : INFO : EventManager : Event: ======'timer_hurryup_timer_tick'====== Args={'ticks': 11, 'ticks_remaining': 14}
2026-02-28 18:37:03,670 : INFO : EventManager : Event: ======'hurryup_value'====== Args={'priority': 0, 'current_hurryup': 78000}
2026-02-28 18:37:03,868 : INFO : EventManager : Event: ======'player_hurryup_hurryup_timer_tick'====== Args={'value': 12, 'prev_value': 11, 'change': 1, 'player_num': 1}
2026-02-28 18:37:03,869 : INFO : EventManager : Event: ======'timer_hurryup_timer_tick'====== Args={'ticks': 12, 'ticks_remaining': 13}
2026-02-28 18:37:03,870 : INFO : EventManager : Event: ======'hurryup_value'====== Args={'priority': 0, 'current_hurryup': 76000}
2026-02-28 18:37:04,068 : INFO : EventManager : Event: ======'player_hurryup_hurryup_timer_tick'====== Args={'value': 13, 'prev_value': 12, 'change': 1, 'player_num': 1}
2026-02-28 18:37:04,069 : INFO : EventManager : Event: ======'timer_hurryup_timer_tick'====== Args={'ticks': 13, 'ticks_remaining': 12}
2026-02-28 18:37:04,069 : INFO : EventManager : Event: ======'hurryup_value'====== Args={'priority': 0, 'current_hurryup': 74000}
2026-02-28 18:37:04,268 : INFO : EventManager : Event: ======'player_hurryup_hurryup_timer_tick'====== Args={'value': 14, 'prev_value': 13, 'change': 1, 'player_num': 1}
2026-02-28 18:37:04,269 : INFO : EventManager : Event: ======'timer_hurryup_timer_tick'====== Args={'ticks': 14, 'ticks_remaining': 11}
2026-02-28 18:37:04,270 : INFO : EventManager : Event: ======'hurryup_value'====== Args={'priority': 0, 'current_hurryup': 72000}
2026-02-28 18:37:04,468 : INFO : EventManager : Event: ======'player_hurryup_hurryup_timer_tick'====== Args={'value': 15, 'prev_value': 14, 'change': 1, 'player_num': 1}
2026-02-28 18:37:04,469 : INFO : EventManager : Event: ======'timer_hurryup_timer_tick'====== Args={'ticks': 15, 'ticks_remaining': 10}
2026-02-28 18:37:04,470 : INFO : EventManager : Event: ======'hurryup_value'====== Args={'priority': 0, 'current_hurryup': 70000}
2026-02-28 18:37:04,667 : INFO : EventManager : Event: ======'player_hurryup_hurryup_timer_tick'====== Args={'value': 16, 'prev_value': 15, 'change': 1, 'player_num': 1}
2026-02-28 18:37:04,669 : INFO : EventManager : Event: ======'timer_hurryup_timer_tick'====== Args={'ticks': 16, 'ticks_remaining': 9}
2026-02-28 18:37:04,670 : INFO : EventManager : Event: ======'hurryup_value'====== Args={'priority': 0, 'current_hurryup': 68000}
2026-02-28 18:37:04,868 : INFO : EventManager : Event: ======'player_hurryup_hurryup_timer_tick'====== Args={'value': 17, 'prev_value': 16, 'change': 1, 'player_num': 1}
2026-02-28 18:37:04,869 : INFO : EventManager : Event: ======'timer_hurryup_timer_tick'====== Args={'ticks': 17, 'ticks_remaining': 8}
2026-02-28 18:37:04,870 : INFO : EventManager : Event: ======'hurryup_value'====== Args={'priority': 0, 'current_hurryup': 66000}
2026-02-28 18:37:05,068 : INFO : EventManager : Event: ======'player_hurryup_hurryup_timer_tick'====== Args={'value': 18, 'prev_value': 17, 'change': 1, 'player_num': 1}
2026-02-28 18:37:05,069 : INFO : EventManager : Event: ======'timer_hurryup_timer_tick'====== Args={'ticks': 18, 'ticks_remaining': 7}
2026-02-28 18:37:05,070 : INFO : EventManager : Event: ======'hurryup_value'====== Args={'priority': 0, 'current_hurryup': 64000}
2026-02-28 18:37:05,268 : INFO : EventManager : Event: ======'player_hurryup_hurryup_timer_tick'====== Args={'value': 19, 'prev_value': 18, 'change': 1, 'player_num': 1}
2026-02-28 18:37:05,269 : INFO : EventManager : Event: ======'timer_hurryup_timer_tick'====== Args={'ticks': 19, 'ticks_remaining': 6}
2026-02-28 18:37:05,269 : INFO : EventManager : Event: ======'hurryup_value'====== Args={'priority': 0, 'current_hurryup': 62000}
2026-02-28 18:37:05,468 : INFO : EventManager : Event: ======'player_hurryup_hurryup_timer_tick'====== Args={'value': 20, 'prev_value': 19, 'change': 1, 'player_num': 1}
2026-02-28 18:37:05,469 : INFO : EventManager : Event: ======'timer_hurryup_timer_tick'====== Args={'ticks': 20, 'ticks_remaining': 5}
2026-02-28 18:37:05,470 : INFO : EventManager : Event: ======'hurryup_value'====== Args={'priority': 0, 'current_hurryup': 60000}
2026-02-28 18:37:05,668 : INFO : EventManager : Event: ======'player_hurryup_hurryup_timer_tick'====== Args={'value': 21, 'prev_value': 20, 'change': 1, 'player_num': 1}
2026-02-28 18:37:05,669 : INFO : EventManager : Event: ======'timer_hurryup_timer_tick'====== Args={'ticks': 21, 'ticks_remaining': 4}
2026-02-28 18:37:05,670 : INFO : EventManager : Event: ======'hurryup_value'====== Args={'priority': 0, 'current_hurryup': 58000}
2026-02-28 18:37:05,868 : INFO : EventManager : Event: ======'player_hurryup_hurryup_timer_tick'====== Args={'value': 22, 'prev_value': 21, 'change': 1, 'player_num': 1}
2026-02-28 18:37:05,869 : INFO : EventManager : Event: ======'timer_hurryup_timer_tick'====== Args={'ticks': 22, 'ticks_remaining': 3}
2026-02-28 18:37:05,870 : INFO : EventManager : Event: ======'hurryup_value'====== Args={'priority': 0, 'current_hurryup': 56000}
2026-02-28 18:37:06,068 : INFO : EventManager : Event: ======'player_hurryup_hurryup_timer_tick'====== Args={'value': 23, 'prev_value': 22, 'change': 1, 'player_num': 1}
2026-02-28 18:37:06,069 : INFO : EventManager : Event: ======'timer_hurryup_timer_tick'====== Args={'ticks': 23, 'ticks_remaining': 2}
2026-02-28 18:37:06,070 : INFO : EventManager : Event: ======'hurryup_value'====== Args={'priority': 0, 'current_hurryup': 54000}
2026-02-28 18:37:06,267 : INFO : EventManager : Event: ======'player_hurryup_hurryup_timer_tick'====== Args={'value': 24, 'prev_value': 23, 'change': 1, 'player_num': 1}
2026-02-28 18:37:06,268 : INFO : EventManager : Event: ======'timer_hurryup_timer_tick'====== Args={'ticks': 24, 'ticks_remaining': 1}
2026-02-28 18:37:06,270 : INFO : EventManager : Event: ======'hurryup_value'====== Args={'priority': 0, 'current_hurryup': 52000}
2026-02-28 18:37:06,467 : INFO : EventManager : Event: ======'player_hurryup_hurryup_timer_tick'====== Args={'value': 25, 'prev_value': 24, 'change': 1, 'player_num': 1}
2026-02-28 18:37:06,468 : INFO : Timer.hurryup_timer : Timer Complete
2026-02-28 18:37:06,468 : INFO : Timer.hurryup_timer : Stopping Timer
2026-02-28 18:37:06,469 : INFO : EventManager : Event: ======'timer_hurryup_timer_stopped'====== Args={'ticks': 25, 'ticks_remaining': 1}
2026-02-28 18:37:06,469 : INFO : EventManager : Event: ======'timer_hurryup_timer_complete'====== Args={'ticks': 25, 'ticks_remaining': 1}
2026-02-28 18:37:06,469 : INFO : EventManager : Event: ======'stop_mode_hurryup'====== Args={'priority': 0}
2026-02-28 18:37:06,470 : INFO : EventManager : Event: ======'mode_hurryup_will_stop'====== Args={}
2026-02-28 18:37:06,470 : INFO : EventManager : Event: ======'mode_hurryup_stopping'====== Args={}
2026-02-28 18:37:06,470 : INFO : Mode.hurryup : Stopped.
2026-02-28 18:37:06,470 : INFO : EventManager : Event: ======'modes_active_modes_changed'====== Args={}
2026-02-28 18:37:06,470 : INFO : EventManager : Event: ======'mode_hurryup_stopped'====== Args={}
2026-02-28 18:37:06,471 : INFO : EventManager : Event: ======'clear'====== Args={'key': 'hurryup'}
2026-02-28 18:37:06,471 : INFO : Timer.hurryup_timer : Stopping Timer
2026-02-28 18:37:06,472 : INFO : EventManager : Event: ======'timer_hurryup_timer_stopped'====== Args={'ticks': 25, 'ticks_remaining': 1}
2026-02-28 18:37:06,484 : INFO : EventManager : Event: ======'slide_hurryup_inactive'====== Args={'is_removing': True, '_from_bcp': True}
2026-02-28 18:37:06,484 : INFO : EventManager : Event: ======'slide_base_slide_active'====== Args={'_from_bcp': True}
2026-02-28 18:37:06,485 : INFO : EventManager : Event: ======'slide_hurryup_removed'====== Args={'_from_bcp': True}
2026-02-28 18:37:10,194 : INFO : EventManager : Event: ======'balldevice_bd_trough_ball_eject_failed'====== Args={'target': <ball_device.bd_plunger>, 'balls': 1, 'retry': True, 'num_attempts': 1}
2026-02-28 18:37:10,196 : INFO : ball_device.bd_trough : State: waiting_for_target_ready
2026-02-28 18:37:10,196 : INFO : EventManager : Event: ======'balldevice_bd_trough_ball_eject_attempt'====== Args={'balls': 1, 'target': <ball_device.bd_plunger>, 'source': <ball_device.bd_trough>, 'mechanical_eject': False, 'num_attempts': 1}
2026-02-28 18:37:10,197 : INFO : ball_device.bd_trough : State: ejecting
2026-02-28 18:37:10,197 : INFO : ball_device.bd_trough : Ejecting ball to <ball_device.bd_plunger>
2026-02-28 18:37:10,197 : INFO : EventManager : Event: ======'balldevice_bd_trough_ejecting_ball'====== Args={'balls': 1, 'target': <ball_device.bd_plunger>, 'source': <ball_device.bd_trough>, 'mechanical_eject': False, 'num_attempts': 1}
2026-02-28 18:37:10,199 : INFO : ball_device.bd_trough : Wait for ball to leave device
2026-02-28 18:37:10,200 : INFO : coil.c_trough_eject : Pulsing Driver for 10ms (1.0 pulse_power)
2026-02-28 18:37:11,700 : INFO : SwitchController : <<<<<<< 's_inlane_left' active >>>>>>>
2026-02-28 18:37:11,700 : INFO : EventManager : Event: ======'playfield_active'====== Args={'source': 'left_lane'}
2026-02-28 18:37:11,700 : INFO : EventManager : Event: ======'unexpected_ball_on_playfield'====== Args={}
2026-02-28 18:37:11,700 : INFO : EventManager : Event: ======'playfield_active'====== Args={'source': 'hurryup'}
2026-02-28 18:37:11,700 : INFO : EventManager : Event: ======'unexpected_ball_on_playfield'====== Args={}
2026-02-28 18:37:11,700 : INFO : EventManager : Event: ======'s_inlane_left_active'====== Args={}
2026-02-28 18:37:11,701 : INFO : EventManager : Event: ======'machine_var_audits_switches_s_inlane_left'====== Args={'value': 22, 'prev_value': 21, 'change': 1}
2026-02-28 18:37:11,701 : INFO : EventManager : Event: ======'machine_var_audits_shots_left_lane'====== Args={'value': 3, 'prev_value': 2, 'change': 1}
2026-02-28 18:37:11,702 : INFO : EventManager : Event: ======'left_lane_hit'====== Args={'profile': 'default', 'state': 'lit', 'advancing': False}
2026-02-28 18:37:11,702 : INFO : EventManager : Event: ======'left_lane_default_hit'====== Args={'profile': 'default', 'state': 'lit', 'advancing': False}
2026-02-28 18:37:11,702 : INFO : EventManager : Event: ======'left_lane_default_lit_hit'====== Args={'profile': 'default', 'state': 'lit', 'advancing': False}
2026-02-28 18:37:11,702 : INFO : EventManager : Event: ======'left_lane_lit_hit'====== Args={'profile': 'default', 'state': 'lit', 'advancing': False}
2026-02-28 18:37:11,702 : INFO : EventManager : Event: ======'start_mode_hurryup'====== Args={'priority': 0}
2026-02-28 18:37:11,703 : INFO : EventManager : Event: ======'mode_hurryup_will_start'====== Args={'priority': 0}
2026-02-28 18:37:11,703 : INFO : EventManager : Event: ======'player_hurryup_hurryup_timer_tick'====== Args={'value': 0, 'prev_value': 25, 'change': -25, 'player_num': 1}
2026-02-28 18:37:11,709 : INFO : Timer.hurryup_timer : Starting Timer.
2026-02-28 18:37:11,709 : INFO : EventManager : Event: ======'timer_hurryup_timer_started'====== Args={'ticks': 0, 'ticks_remaining': 25}
2026-02-28 18:37:11,709 : INFO : EventManager : Event: ======'timer_hurryup_timer_tick'====== Args={'ticks': 0, 'ticks_remaining': 25}
2026-02-28 18:37:11,718 : INFO : EventManager : Event: ======'mode_hurryup_starting'====== Args={'priority': 0}
2026-02-28 18:37:11,718 : INFO : Mode.hurryup : Started. Priority: 1000
2026-02-28 18:37:11,718 : INFO : EventManager : Event: ======'modes_active_modes_changed'====== Args={}
2026-02-28 18:37:11,718 : INFO : EventManager : Event: ======'mode_hurryup_started'====== Args={'priority': 0}
2026-02-28 18:37:11,725 : INFO : EventManager : Event: ======'slide_hurryup_created'====== Args={'_from_bcp': True}
2026-02-28 18:37:11,725 : INFO : EventManager : Event: ======'slide_base_slide_inactive'====== Args={'is_removing': False, '_from_bcp': True}
2026-02-28 18:37:11,725 : INFO : EventManager : Event: ======'slide_hurryup_active'====== Args={'original_context': 'hurryup', 'original_calling_context': 'mode_hurryup_started', 'priority': 1000.0, 'cmd': 'slides_play', '_from_bcp': True}
2026-02-28 18:37:11,816 : INFO : SwitchController : <<<<<<< 's_inlane_left' inactive >>>>>>>
2026-02-28 18:37:11,911 : INFO : EventManager : Event: ======'player_hurryup_hurryup_timer_tick'====== Args={'value': 1, 'prev_value': 0, 'change': 1, 'player_num': 1}
2026-02-28 18:37:11,912 : INFO : EventManager : Event: ======'timer_hurryup_timer_tick'====== Args={'ticks': 1, 'ticks_remaining': 24}
2026-02-28 18:37:11,913 : INFO : EventManager : Event: ======'hurryup_value'====== Args={'priority': 0, 'current_hurryup': 98000}
2026-02-28 18:37:12,111 : INFO : EventManager : Event: ======'player_hurryup_hurryup_timer_tick'====== Args={'value': 2, 'prev_value': 1, 'change': 1, 'player_num': 1}
2026-02-28 18:37:12,112 : INFO : EventManager : Event: ======'timer_hurryup_timer_tick'====== Args={'ticks': 2, 'ticks_remaining': 23}
2026-02-28 18:37:12,113 : INFO : EventManager : Event: ======'hurryup_value'====== Args={'priority': 0, 'current_hurryup': 96000}
2026-02-28 18:37:12,311 : INFO : EventManager : Event: ======'player_hurryup_hurryup_timer_tick'====== Args={'value': 3, 'prev_value': 2, 'change': 1, 'player_num': 1}
2026-02-28 18:37:12,312 : INFO : EventManager : Event: ======'timer_hurryup_timer_tick'====== Args={'ticks': 3, 'ticks_remaining': 22}
2026-02-28 18:37:12,313 : INFO : EventManager : Event: ======'hurryup_value'====== Args={'priority': 0, 'current_hurryup': 94000}
2026-02-28 18:37:12,442 : INFO : SwitchController : <<<<<<< 's_inlane_left' active >>>>>>>
2026-02-28 18:37:12,442 : INFO : EventManager : Event: ======'playfield_active'====== Args={'source': 'left_lane'}
2026-02-28 18:37:12,442 : INFO : EventManager : Event: ======'unexpected_ball_on_playfield'====== Args={}
2026-02-28 18:37:12,443 : INFO : EventManager : Event: ======'playfield_active'====== Args={'source': 'hurryup'}
2026-02-28 18:37:12,443 : INFO : EventManager : Event: ======'unexpected_ball_on_playfield'====== Args={}
2026-02-28 18:37:12,443 : INFO : EventManager : Event: ======'s_inlane_left_active'====== Args={}
2026-02-28 18:37:12,443 : INFO : EventManager : Event: ======'machine_var_audits_switches_s_inlane_left'====== Args={'value': 23, 'prev_value': 22, 'change': 1}
2026-02-28 18:37:12,444 : INFO : EventManager : Event: ======'player_shot_hurryup'====== Args={'value': 1, 'prev_value': 0, 'change': 1, 'player_num': 1}
2026-02-28 18:37:12,445 : INFO : EventManager : Event: ======'machine_var_audits_shots_hurryup'====== Args={'value': 1, 'prev_value': None, 'change': True}
2026-02-28 18:37:12,445 : INFO : EventManager : Event: ======'hurryup_hit'====== Args={'profile': 'default', 'state': 'unlit', 'advancing': True}
2026-02-28 18:37:12,446 : INFO : EventManager : Event: ======'hurryup_default_hit'====== Args={'profile': 'default', 'state': 'unlit', 'advancing': True}
2026-02-28 18:37:12,446 : INFO : EventManager : Event: ======'hurryup_default_unlit_hit'====== Args={'profile': 'default', 'state': 'unlit', 'advancing': True}
2026-02-28 18:37:12,446 : INFO : EventManager : Event: ======'hurryup_unlit_hit'====== Args={'profile': 'default', 'state': 'unlit', 'advancing': True}
2026-02-28 18:37:12,446 : INFO : EventManager : Event: ======'machine_var_audits_shots_left_lane'====== Args={'value': 4, 'prev_value': 3, 'change': 1}
2026-02-28 18:37:12,446 : INFO : EventManager : Event: ======'left_lane_hit'====== Args={'profile': 'default', 'state': 'lit', 'advancing': False}
2026-02-28 18:37:12,447 : INFO : EventManager : Event: ======'left_lane_default_hit'====== Args={'profile': 'default', 'state': 'lit', 'advancing': False}
2026-02-28 18:37:12,447 : INFO : EventManager : Event: ======'left_lane_default_lit_hit'====== Args={'profile': 'default', 'state': 'lit', 'advancing': False}
2026-02-28 18:37:12,447 : INFO : EventManager : Event: ======'left_lane_lit_hit'====== Args={'profile': 'default', 'state': 'lit', 'advancing': False}
2026-02-28 18:37:12,447 : INFO : EventManager : Event: ======'stop_mode_hurryup'====== Args={'priority': 0}
2026-02-28 18:37:12,447 : INFO : EventManager : Event: ======'player_score'====== Args={'value': 94000, 'prev_value': 0, 'change': 94000, 'player_num': 1, 'source': 'hurryup'}
2026-02-28 18:37:12,449 : INFO : EventManager : Event: ======'mode_hurryup_will_stop'====== Args={}
2026-02-28 18:37:12,449 : INFO : EventManager : Event: ======'mode_hurryup_stopping'====== Args={}
2026-02-28 18:37:12,449 : INFO : EventManager : Event: ======'start_mode_hurryup'====== Args={'priority': 0}
2026-02-28 18:37:12,449 : INFO : Mode.hurryup : Stopped.
2026-02-28 18:37:12,449 : INFO : EventManager : Event: ======'modes_active_modes_changed'====== Args={}
2026-02-28 18:37:12,450 : INFO : EventManager : Event: ======'mode_hurryup_stopped'====== Args={}
2026-02-28 18:37:12,450 : INFO : EventManager : Event: ======'clear'====== Args={'key': 'hurryup'}
2026-02-28 18:37:12,451 : INFO : Timer.hurryup_timer : Stopping Timer
2026-02-28 18:37:12,451 : INFO : EventManager : Event: ======'timer_hurryup_timer_stopped'====== Args={'ticks': 3, 'ticks_remaining': 22}
2026-02-28 18:37:12,467 : INFO : SwitchController : <<<<<<< 's_inlane_right_2' active >>>>>>>
2026-02-28 18:37:12,467 : INFO : EventManager : Event: ======'machine_var_audits_switches_s_inlane_right_2'====== Args={'value': 3, 'prev_value': 2, 'change': 1}
2026-02-28 18:37:12,468 : INFO : EventManager : Event: ======'slide_hurryup_inactive'====== Args={'is_removing': True, '_from_bcp': True}
2026-02-28 18:37:12,469 : INFO : EventManager : Event: ======'slide_base_slide_active'====== Args={'_from_bcp': True}
2026-02-28 18:37:12,469 : INFO : EventManager : Event: ======'slide_hurryup_removed'====== Args={'_from_bcp': True}
2026-02-28 18:37:12,508 : INFO : SwitchController : <<<<<<< 's_inlane_right_2' inactive >>>>>>>
2026-02-28 18:37:12,551 : INFO : SwitchController : <<<<<<< 's_inlane_left' inactive >>>>>>>
2026-02-28 18:37:20,201 : INFO : EventManager : Event: ======'balldevice_bd_trough_ball_eject_failed'====== Args={'target': <ball_device.bd_plunger>, 'balls': 1, 'retry': True, 'num_attempts': 2}
2026-02-28 18:37:20,203 : INFO : ball_device.bd_trough : State: waiting_for_target_ready
2026-02-28 18:37:20,203 : INFO : EventManager : Event: ======'balldevice_bd_trough_ball_eject_attempt'====== Args={'balls': 1, 'target': <ball_device.bd_plunger>, 'source': <ball_device.bd_trough>, 'mechanical_eject': False, 'num_attempts': 2}
2026-02-28 18:37:20,203 : INFO : ball_device.bd_trough : State: ejecting
2026-02-28 18:37:20,204 : INFO : ball_device.bd_trough : Ejecting ball to <ball_device.bd_plunger>
2026-02-28 18:37:20,204 : INFO : EventManager : Event: ======'balldevice_bd_trough_ejecting_ball'====== Args={'balls': 1, 'target': <ball_device.bd_plunger>, 'source': <ball_device.bd_trough>, 'mechanical_eject': False, 'num_attempts': 2}
2026-02-28 18:37:20,205 : INFO : ball_device.bd_trough : Wait for ball to leave device
2026-02-28 18:37:20,206 : INFO : coil.c_trough_eject : Pulsing Driver for 10ms (1.0 pulse_power)
2026-02-28 18:37:21,935 : INFO : SwitchController : <<<<<<< 's_inlane_left' active >>>>>>>
2026-02-28 18:37:21,935 : INFO : EventManager : Event: ======'playfield_active'====== Args={'source': 'left_lane'}
2026-02-28 18:37:21,935 : INFO : EventManager : Event: ======'unexpected_ball_on_playfield'====== Args={}
2026-02-28 18:37:21,935 : INFO : EventManager : Event: ======'playfield_active'====== Args={'source': 'hurryup'}
2026-02-28 18:37:21,936 : INFO : EventManager : Event: ======'unexpected_ball_on_playfield'====== Args={}
2026-02-28 18:37:21,936 : INFO : EventManager : Event: ======'s_inlane_left_active'====== Args={}
2026-02-28 18:37:21,936 : INFO : EventManager : Event: ======'machine_var_audits_switches_s_inlane_left'====== Args={'value': 24, 'prev_value': 23, 'change': 1}
2026-02-28 18:37:21,937 : INFO : EventManager : Event: ======'machine_var_audits_shots_left_lane'====== Args={'value': 5, 'prev_value': 4, 'change': 1}
2026-02-28 18:37:21,938 : INFO : EventManager : Event: ======'left_lane_hit'====== Args={'profile': 'default', 'state': 'lit', 'advancing': False}
2026-02-28 18:37:21,938 : INFO : EventManager : Event: ======'left_lane_default_hit'====== Args={'profile': 'default', 'state': 'lit', 'advancing': False}
2026-02-28 18:37:21,938 : INFO : EventManager : Event: ======'left_lane_default_lit_hit'====== Args={'profile': 'default', 'state': 'lit', 'advancing': False}
2026-02-28 18:37:21,938 : INFO : EventManager : Event: ======'left_lane_lit_hit'====== Args={'profile': 'default', 'state': 'lit', 'advancing': False}
2026-02-28 18:37:21,938 : INFO : EventManager : Event: ======'start_mode_hurryup'====== Args={'priority': 0}
2026-02-28 18:37:21,938 : INFO : EventManager : Event: ======'mode_hurryup_will_start'====== Args={'priority': 0}
2026-02-28 18:37:21,939 : INFO : EventManager : Event: ======'player_hurryup_hurryup_timer_tick'====== Args={'value': 0, 'prev_value': 3, 'change': -3, 'player_num': 1}
2026-02-28 18:37:21,946 : INFO : Timer.hurryup_timer : Starting Timer.
2026-02-28 18:37:21,946 : INFO : EventManager : Event: ======'timer_hurryup_timer_started'====== Args={'ticks': 0, 'ticks_remaining': 25}
2026-02-28 18:37:21,946 : INFO : EventManager : Event: ======'timer_hurryup_timer_tick'====== Args={'ticks': 0, 'ticks_remaining': 25}
2026-02-28 18:37:21,952 : INFO : EventManager : Event: ======'mode_hurryup_starting'====== Args={'priority': 0}
2026-02-28 18:37:21,952 : INFO : Mode.hurryup : Started. Priority: 1000
2026-02-28 18:37:21,952 : INFO : EventManager : Event: ======'modes_active_modes_changed'====== Args={}
2026-02-28 18:37:21,952 : INFO : EventManager : Event: ======'mode_hurryup_started'====== Args={'priority': 0}
2026-02-28 18:37:21,977 : INFO : EventManager : Event: ======'slide_hurryup_created'====== Args={'_from_bcp': True}
2026-02-28 18:37:21,977 : INFO : EventManager : Event: ======'slide_base_slide_inactive'====== Args={'is_removing': False, '_from_bcp': True}
2026-02-28 18:37:21,978 : INFO : EventManager : Event: ======'slide_hurryup_active'====== Args={'original_context': 'hurryup', 'original_calling_context': 'mode_hurryup_started', 'priority': 1000.0, 'cmd': 'slides_play', '_from_bcp': True}
2026-02-28 18:37:22,033 : INFO : SwitchController : <<<<<<< 's_inlane_left' inactive >>>>>>>
2026-02-28 18:37:22,147 : INFO : EventManager : Event: ======'player_hurryup_hurryup_timer_tick'====== Args={'value': 1, 'prev_value': 0, 'change': 1, 'player_num': 1}
2026-02-28 18:37:22,149 : INFO : EventManager : Event: ======'timer_hurryup_timer_tick'====== Args={'ticks': 1, 'ticks_remaining': 24}
2026-02-28 18:37:22,149 : INFO : EventManager : Event: ======'hurryup_value'====== Args={'priority': 0, 'current_hurryup': 98000}
2026-02-28 18:37:22,347 : INFO : EventManager : Event: ======'player_hurryup_hurryup_timer_tick'====== Args={'value': 2, 'prev_value': 1, 'change': 1, 'player_num': 1}
2026-02-28 18:37:22,349 : INFO : EventManager : Event: ======'timer_hurryup_timer_tick'====== Args={'ticks': 2, 'ticks_remaining': 23}
2026-02-28 18:37:22,351 : INFO : EventManager : Event: ======'hurryup_value'====== Args={'priority': 0, 'current_hurryup': 96000}
2026-02-28 18:37:22,547 : INFO : EventManager : Event: ======'player_hurryup_hurryup_timer_tick'====== Args={'value': 3, 'prev_value': 2, 'change': 1, 'player_num': 1}
2026-02-28 18:37:22,549 : INFO : EventManager : Event: ======'timer_hurryup_timer_tick'====== Args={'ticks': 3, 'ticks_remaining': 22}
2026-02-28 18:37:22,551 : INFO : EventManager : Event: ======'hurryup_value'====== Args={'priority': 0, 'current_hurryup': 94000}
2026-02-28 18:37:22,734 : INFO : SwitchController : <<<<<<< 's_inlane_left' active >>>>>>>
2026-02-28 18:37:22,734 : INFO : EventManager : Event: ======'playfield_active'====== Args={'source': 'left_lane'}
2026-02-28 18:37:22,735 : INFO : EventManager : Event: ======'unexpected_ball_on_playfield'====== Args={}
2026-02-28 18:37:22,735 : INFO : EventManager : Event: ======'playfield_active'====== Args={'source': 'hurryup'}
2026-02-28 18:37:22,735 : INFO : EventManager : Event: ======'unexpected_ball_on_playfield'====== Args={}
2026-02-28 18:37:22,735 : INFO : EventManager : Event: ======'s_inlane_left_active'====== Args={}
2026-02-28 18:37:22,735 : INFO : EventManager : Event: ======'machine_var_audits_switches_s_inlane_left'====== Args={'value': 25, 'prev_value': 24, 'change': 1}
2026-02-28 18:37:22,736 : INFO : EventManager : Event: ======'machine_var_audits_shots_hurryup'====== Args={'value': 2, 'prev_value': 1, 'change': 1}
2026-02-28 18:37:22,737 : INFO : EventManager : Event: ======'hurryup_hit'====== Args={'profile': 'default', 'state': 'lit', 'advancing': False}
2026-02-28 18:37:22,737 : INFO : EventManager : Event: ======'hurryup_default_hit'====== Args={'profile': 'default', 'state': 'lit', 'advancing': False}
2026-02-28 18:37:22,737 : INFO : EventManager : Event: ======'hurryup_default_lit_hit'====== Args={'profile': 'default', 'state': 'lit', 'advancing': False}
2026-02-28 18:37:22,737 : INFO : EventManager : Event: ======'hurryup_lit_hit'====== Args={'profile': 'default', 'state': 'lit', 'advancing': False}
2026-02-28 18:37:22,738 : INFO : EventManager : Event: ======'machine_var_audits_shots_left_lane'====== Args={'value': 6, 'prev_value': 5, 'change': 1}
2026-02-28 18:37:22,738 : INFO : EventManager : Event: ======'left_lane_hit'====== Args={'profile': 'default', 'state': 'lit', 'advancing': False}
2026-02-28 18:37:22,738 : INFO : EventManager : Event: ======'left_lane_default_hit'====== Args={'profile': 'default', 'state': 'lit', 'advancing': False}
2026-02-28 18:37:22,739 : INFO : EventManager : Event: ======'left_lane_default_lit_hit'====== Args={'profile': 'default', 'state': 'lit', 'advancing': False}
2026-02-28 18:37:22,739 : INFO : EventManager : Event: ======'left_lane_lit_hit'====== Args={'profile': 'default', 'state': 'lit', 'advancing': False}
2026-02-28 18:37:22,739 : INFO : EventManager : Event: ======'stop_mode_hurryup'====== Args={'priority': 0}
2026-02-28 18:37:22,740 : INFO : EventManager : Event: ======'player_score'====== Args={'value': 188000, 'prev_value': 94000, 'change': 94000, 'player_num': 1, 'source': 'hurryup'}
2026-02-28 18:37:22,742 : INFO : EventManager : Event: ======'mode_hurryup_will_stop'====== Args={}
2026-02-28 18:37:22,742 : INFO : EventManager : Event: ======'mode_hurryup_stopping'====== Args={}
2026-02-28 18:37:22,742 : INFO : EventManager : Event: ======'start_mode_hurryup'====== Args={'priority': 0}
2026-02-28 18:37:22,742 : INFO : Mode.hurryup : Stopped.
2026-02-28 18:37:22,742 : INFO : EventManager : Event: ======'modes_active_modes_changed'====== Args={}
2026-02-28 18:37:22,745 : INFO : EventManager : Event: ======'mode_hurryup_stopped'====== Args={}
2026-02-28 18:37:22,745 : INFO : EventManager : Event: ======'clear'====== Args={'key': 'hurryup'}
2026-02-28 18:37:22,745 : INFO : Timer.hurryup_timer : Stopping Timer
2026-02-28 18:37:22,745 : INFO : EventManager : Event: ======'timer_hurryup_timer_stopped'====== Args={'ticks': 3, 'ticks_remaining': 22}
2026-02-28 18:37:22,750 : INFO : EventManager : Event: ======'slide_hurryup_inactive'====== Args={'is_removing': True, '_from_bcp': True}
2026-02-28 18:37:22,751 : INFO : EventManager : Event: ======'slide_base_slide_active'====== Args={'_from_bcp': True}
2026-02-28 18:37:22,752 : INFO : EventManager : Event: ======'slide_hurryup_removed'====== Args={'_from_bcp': True}
2026-02-28 18:37:22,817 : INFO : SwitchController : <<<<<<< 's_inlane_left' inactive >>>>>>>
2026-02-28 18:37:24,467 : INFO : SwitchController : <<<<<<< 's_bumper_lower' active >>>>>>>
2026-02-28 18:37:24,468 : INFO : EventManager : Event: ======'playfield_active'====== Args={'source': 'bumper_lower'}
2026-02-28 18:37:24,468 : INFO : EventManager : Event: ======'unexpected_ball_on_playfield'====== Args={}
2026-02-28 18:37:24,468 : INFO : EventManager : Event: ======'s_bumper_lower_active'====== Args={}
2026-02-28 18:37:24,468 : INFO : EventManager : Event: ======'machine_var_audits_switches_s_bumper_lower'====== Args={'value': 72, 'prev_value': 71, 'change': 1}
2026-02-28 18:37:24,470 : INFO : EventManager : Event: ======'player_shot_bumper_lower'====== Args={'value': 1, 'prev_value': 0, 'change': 1, 'player_num': 1}
2026-02-28 18:37:24,471 : INFO : EventManager : Event: ======'machine_var_audits_shots_bumper_lower'====== Args={'value': 72, 'prev_value': 71, 'change': 1}
2026-02-28 18:37:24,478 : INFO : EventManager : Event: ======'bumper_lower_hit'====== Args={'profile': 'default', 'state': 'unlit', 'advancing': True}
2026-02-28 18:37:24,478 : INFO : EventManager : Event: ======'bumper_lower_default_hit'====== Args={'profile': 'default', 'state': 'unlit', 'advancing': True}
2026-02-28 18:37:24,478 : INFO : EventManager : Event: ======'bumper_lower_default_unlit_hit'====== Args={'profile': 'default', 'state': 'unlit', 'advancing': True}
2026-02-28 18:37:24,478 : INFO : EventManager : Event: ======'bumper_lower_unlit_hit'====== Args={'profile': 'default', 'state': 'unlit', 'advancing': True}
2026-02-28 18:37:24,478 : INFO : EventManager : Event: ======'bumpers_hit'====== Args={'shot': 'bumper_lower'}
2026-02-28 18:37:24,478 : INFO : EventManager : Event: ======'bumpers_unlit_hit'====== Args={'shot': 'bumper_lower'}
2026-02-28 18:37:24,478 : INFO : EventManager : Event: ======'player_initial_value'====== Args={'value': 0, 'prev_value': 0, 'change': 0, 'player_num': 1, 'source': 'bumpers'}
2026-02-28 18:37:24,484 : INFO : EventManager : Event: ======'player_score'====== Args={'value': 189000, 'prev_value': 188000, 'change': 1000, 'player_num': 1, 'source': 'bumpers'}
2026-02-28 18:37:24,567 : INFO : SwitchController : <<<<<<< 's_bumper_lower' inactive >>>>>>>
2026-02-28 18:37:24,725 : INFO : SwitchController : <<<<<<< 's_bumper_lower' active >>>>>>>
2026-02-28 18:37:24,726 : INFO : EventManager : Event: ======'playfield_active'====== Args={'source': 'bumper_lower'}
2026-02-28 18:37:24,726 : INFO : EventManager : Event: ======'unexpected_ball_on_playfield'====== Args={}
2026-02-28 18:37:24,726 : INFO : EventManager : Event: ======'s_bumper_lower_active'====== Args={}
2026-02-28 18:37:24,726 : INFO : EventManager : Event: ======'machine_var_audits_switches_s_bumper_lower'====== Args={'value': 73, 'prev_value': 72, 'change': 1}
2026-02-28 18:37:24,728 : INFO : EventManager : Event: ======'machine_var_audits_shots_bumper_lower'====== Args={'value': 73, 'prev_value': 72, 'change': 1}
2026-02-28 18:37:24,728 : INFO : EventManager : Event: ======'bumper_lower_hit'====== Args={'profile': 'default', 'state': 'lit', 'advancing': False}
2026-02-28 18:37:24,728 : INFO : EventManager : Event: ======'bumper_lower_default_hit'====== Args={'profile': 'default', 'state': 'lit', 'advancing': False}
2026-02-28 18:37:24,729 : INFO : EventManager : Event: ======'bumper_lower_default_lit_hit'====== Args={'profile': 'default', 'state': 'lit', 'advancing': False}
2026-02-28 18:37:24,729 : INFO : EventManager : Event: ======'bumper_lower_lit_hit'====== Args={'profile': 'default', 'state': 'lit', 'advancing': False}
2026-02-28 18:37:24,729 : INFO : EventManager : Event: ======'bumpers_hit'====== Args={'shot': 'bumper_lower'}
2026-02-28 18:37:24,729 : INFO : EventManager : Event: ======'bumpers_lit_hit'====== Args={'shot': 'bumper_lower'}
2026-02-28 18:37:24,729 : INFO : EventManager : Event: ======'player_score'====== Args={'value': 190000, 'prev_value': 189000, 'change': 1000, 'player_num': 1, 'source': 'bumpers'}
2026-02-28 18:37:24,809 : INFO : SwitchController : <<<<<<< 's_bumper_lower' inactive >>>>>>>
2026-02-28 18:37:24,901 : INFO : SwitchController : <<<<<<< 's_bumper_lower' active >>>>>>>
2026-02-28 18:37:24,901 : INFO : EventManager : Event: ======'playfield_active'====== Args={'source': 'bumper_lower'}
2026-02-28 18:37:24,901 : INFO : EventManager : Event: ======'unexpected_ball_on_playfield'====== Args={}
2026-02-28 18:37:24,901 : INFO : EventManager : Event: ======'s_bumper_lower_active'====== Args={}
2026-02-28 18:37:24,902 : INFO : EventManager : Event: ======'machine_var_audits_switches_s_bumper_lower'====== Args={'value': 74, 'prev_value': 73, 'change': 1}
2026-02-28 18:37:24,902 : INFO : EventManager : Event: ======'machine_var_audits_shots_bumper_lower'====== Args={'value': 74, 'prev_value': 73, 'change': 1}
2026-02-28 18:37:24,903 : INFO : EventManager : Event: ======'bumper_lower_hit'====== Args={'profile': 'default', 'state': 'lit', 'advancing': False}
2026-02-28 18:37:24,903 : INFO : EventManager : Event: ======'bumper_lower_default_hit'====== Args={'profile': 'default', 'state': 'lit', 'advancing': False}
2026-02-28 18:37:24,903 : INFO : EventManager : Event: ======'bumper_lower_default_lit_hit'====== Args={'profile': 'default', 'state': 'lit', 'advancing': False}
2026-02-28 18:37:24,904 : INFO : EventManager : Event: ======'bumper_lower_lit_hit'====== Args={'profile': 'default', 'state': 'lit', 'advancing': False}
2026-02-28 18:37:24,904 : INFO : EventManager : Event: ======'bumpers_hit'====== Args={'shot': 'bumper_lower'}
2026-02-28 18:37:24,904 : INFO : EventManager : Event: ======'bumpers_lit_hit'====== Args={'shot': 'bumper_lower'}
2026-02-28 18:37:24,904 : INFO : EventManager : Event: ======'player_score'====== Args={'value': 191000, 'prev_value': 190000, 'change': 1000, 'player_num': 1, 'source': 'bumpers'}
2026-02-28 18:37:25,000 : INFO : SwitchController : <<<<<<< 's_bumper_lower' inactive >>>>>>>
2026-02-28 18:37:25,101 : INFO : SwitchController : <<<<<<< 's_bumper_lower' active >>>>>>>
2026-02-28 18:37:25,101 : INFO : EventManager : Event: ======'playfield_active'====== Args={'source': 'bumper_lower'}
2026-02-28 18:37:25,101 : INFO : EventManager : Event: ======'unexpected_ball_on_playfield'====== Args={}
2026-02-28 18:37:25,101 : INFO : EventManager : Event: ======'s_bumper_lower_active'====== Args={}
2026-02-28 18:37:25,101 : INFO : EventManager : Event: ======'machine_var_audits_switches_s_bumper_lower'====== Args={'value': 75, 'prev_value': 74, 'change': 1}
2026-02-28 18:37:25,102 : INFO : EventManager : Event: ======'machine_var_audits_shots_bumper_lower'====== Args={'value': 75, 'prev_value': 74, 'change': 1}
2026-02-28 18:37:25,103 : INFO : EventManager : Event: ======'bumper_lower_hit'====== Args={'profile': 'default', 'state': 'lit', 'advancing': False}
2026-02-28 18:37:25,103 : INFO : EventManager : Event: ======'bumper_lower_default_hit'====== Args={'profile': 'default', 'state': 'lit', 'advancing': False}
2026-02-28 18:37:25,103 : INFO : EventManager : Event: ======'bumper_lower_default_lit_hit'====== Args={'profile': 'default', 'state': 'lit', 'advancing': False}
2026-02-28 18:37:25,103 : INFO : EventManager : Event: ======'bumper_lower_lit_hit'====== Args={'profile': 'default', 'state': 'lit', 'advancing': False}
2026-02-28 18:37:25,103 : INFO : EventManager : Event: ======'bumpers_hit'====== Args={'shot': 'bumper_lower'}
2026-02-28 18:37:25,103 : INFO : EventManager : Event: ======'bumpers_lit_hit'====== Args={'shot': 'bumper_lower'}
2026-02-28 18:37:25,103 : INFO : EventManager : Event: ======'player_score'====== Args={'value': 192000, 'prev_value': 191000, 'change': 1000, 'player_num': 1, 'source': 'bumpers'}
2026-02-28 18:37:25,166 : INFO : SwitchController : <<<<<<< 's_bumper_lower' inactive >>>>>>>
2026-02-28 18:37:25,251 : INFO : SwitchController : <<<<<<< 's_bumper_lower' active >>>>>>>
2026-02-28 18:37:25,251 : INFO : EventManager : Event: ======'playfield_active'====== Args={'source': 'bumper_lower'}
2026-02-28 18:37:25,251 : INFO : EventManager : Event: ======'unexpected_ball_on_playfield'====== Args={}
2026-02-28 18:37:25,252 : INFO : EventManager : Event: ======'s_bumper_lower_active'====== Args={}
2026-02-28 18:37:25,252 : INFO : EventManager : Event: ======'machine_var_audits_switches_s_bumper_lower'====== Args={'value': 76, 'prev_value': 75, 'change': 1}
2026-02-28 18:37:25,253 : INFO : EventManager : Event: ======'machine_var_audits_shots_bumper_lower'====== Args={'value': 76, 'prev_value': 75, 'change': 1}
2026-02-28 18:37:25,254 : INFO : EventManager : Event: ======'bumper_lower_hit'====== Args={'profile': 'default', 'state': 'lit', 'advancing': False}
2026-02-28 18:37:25,254 : INFO : EventManager : Event: ======'bumper_lower_default_hit'====== Args={'profile': 'default', 'state': 'lit', 'advancing': False}
2026-02-28 18:37:25,254 : INFO : EventManager : Event: ======'bumper_lower_default_lit_hit'====== Args={'profile': 'default', 'state': 'lit', 'advancing': False}
2026-02-28 18:37:25,254 : INFO : EventManager : Event: ======'bumper_lower_lit_hit'====== Args={'profile': 'default', 'state': 'lit', 'advancing': False}
2026-02-28 18:37:25,254 : INFO : EventManager : Event: ======'bumpers_hit'====== Args={'shot': 'bumper_lower'}
2026-02-28 18:37:25,254 : INFO : EventManager : Event: ======'bumpers_lit_hit'====== Args={'shot': 'bumper_lower'}
2026-02-28 18:37:25,254 : INFO : EventManager : Event: ======'player_score'====== Args={'value': 193000, 'prev_value': 192000, 'change': 1000, 'player_num': 1, 'source': 'bumpers'}
2026-02-28 18:37:25,334 : INFO : SwitchController : <<<<<<< 's_bumper_lower' inactive >>>>>>>
2026-02-28 18:37:26,125 : INFO : SwitchController : <<<<<<< 's_inlane_left' active >>>>>>>
2026-02-28 18:37:26,126 : INFO : EventManager : Event: ======'playfield_active'====== Args={'source': 'left_lane'}
2026-02-28 18:37:26,126 : INFO : EventManager : Event: ======'unexpected_ball_on_playfield'====== Args={}
2026-02-28 18:37:26,126 : INFO : EventManager : Event: ======'playfield_active'====== Args={'source': 'hurryup'}
2026-02-28 18:37:26,126 : INFO : EventManager : Event: ======'unexpected_ball_on_playfield'====== Args={}
2026-02-28 18:37:26,126 : INFO : EventManager : Event: ======'s_inlane_left_active'====== Args={}
2026-02-28 18:37:26,127 : INFO : EventManager : Event: ======'machine_var_audits_switches_s_inlane_left'====== Args={'value': 26, 'prev_value': 25, 'change': 1}
2026-02-28 18:37:26,128 : INFO : EventManager : Event: ======'machine_var_audits_shots_left_lane'====== Args={'value': 7, 'prev_value': 6, 'change': 1}
2026-02-28 18:37:26,128 : INFO : EventManager : Event: ======'left_lane_hit'====== Args={'profile': 'default', 'state': 'lit', 'advancing': False}
2026-02-28 18:37:26,128 : INFO : EventManager : Event: ======'left_lane_default_hit'====== Args={'profile': 'default', 'state': 'lit', 'advancing': False}
2026-02-28 18:37:26,128 : INFO : EventManager : Event: ======'left_lane_default_lit_hit'====== Args={'profile': 'default', 'state': 'lit', 'advancing': False}
2026-02-28 18:37:26,128 : INFO : EventManager : Event: ======'left_lane_lit_hit'====== Args={'profile': 'default', 'state': 'lit', 'advancing': False}
2026-02-28 18:37:26,128 : INFO : EventManager : Event: ======'start_mode_hurryup'====== Args={'priority': 0}
2026-02-28 18:37:26,129 : INFO : EventManager : Event: ======'mode_hurryup_will_start'====== Args={'priority': 0}
2026-02-28 18:37:26,130 : INFO : EventManager : Event: ======'player_hurryup_hurryup_timer_tick'====== Args={'value': 0, 'prev_value': 3, 'change': -3, 'player_num': 1}
2026-02-28 18:37:26,130 : INFO : Timer.hurryup_timer : Starting Timer.
2026-02-28 18:37:26,130 : INFO : EventManager : Event: ======'timer_hurryup_timer_started'====== Args={'ticks': 0, 'ticks_remaining': 25}
2026-02-28 18:37:26,131 : INFO : EventManager : Event: ======'timer_hurryup_timer_tick'====== Args={'ticks': 0, 'ticks_remaining': 25}
2026-02-28 18:37:26,133 : INFO : EventManager : Event: ======'mode_hurryup_starting'====== Args={'priority': 0}
2026-02-28 18:37:26,133 : INFO : Mode.hurryup : Started. Priority: 1000
2026-02-28 18:37:26,133 : INFO : EventManager : Event: ======'modes_active_modes_changed'====== Args={}
2026-02-28 18:37:26,134 : INFO : EventManager : Event: ======'mode_hurryup_started'====== Args={'priority': 0}
2026-02-28 18:37:26,169 : INFO : EventManager : Event: ======'slide_hurryup_created'====== Args={'_from_bcp': True}
2026-02-28 18:37:26,170 : INFO : EventManager : Event: ======'slide_base_slide_inactive'====== Args={'is_removing': False, '_from_bcp': True}
2026-02-28 18:37:26,171 : INFO : EventManager : Event: ======'slide_hurryup_active'====== Args={'original_context': 'hurryup', 'original_calling_context': 'mode_hurryup_started', 'priority': 1000.0, 'cmd': 'slides_play', '_from_bcp': True}
2026-02-28 18:37:26,217 : INFO : SwitchController : <<<<<<< 's_inlane_left' inactive >>>>>>>
2026-02-28 18:37:26,333 : INFO : EventManager : Event: ======'player_hurryup_hurryup_timer_tick'====== Args={'value': 1, 'prev_value': 0, 'change': 1, 'player_num': 1}
2026-02-28 18:37:26,334 : INFO : EventManager : Event: ======'timer_hurryup_timer_tick'====== Args={'ticks': 1, 'ticks_remaining': 24}
2026-02-28 18:37:26,335 : INFO : EventManager : Event: ======'hurryup_value'====== Args={'priority': 0, 'current_hurryup': 98000}
2026-02-28 18:37:26,531 : INFO : EventManager : Event: ======'player_hurryup_hurryup_timer_tick'====== Args={'value': 2, 'prev_value': 1, 'change': 1, 'player_num': 1}
2026-02-28 18:37:26,532 : INFO : EventManager : Event: ======'timer_hurryup_timer_tick'====== Args={'ticks': 2, 'ticks_remaining': 23}
2026-02-28 18:37:26,533 : INFO : EventManager : Event: ======'hurryup_value'====== Args={'priority': 0, 'current_hurryup': 96000}
2026-02-28 18:37:26,732 : INFO : EventManager : Event: ======'player_hurryup_hurryup_timer_tick'====== Args={'value': 3, 'prev_value': 2, 'change': 1, 'player_num': 1}
2026-02-28 18:37:26,734 : INFO : EventManager : Event: ======'timer_hurryup_timer_tick'====== Args={'ticks': 3, 'ticks_remaining': 22}
2026-02-28 18:37:26,735 : INFO : EventManager : Event: ======'hurryup_value'====== Args={'priority': 0, 'current_hurryup': 94000}
2026-02-28 18:37:26,932 : INFO : EventManager : Event: ======'player_hurryup_hurryup_timer_tick'====== Args={'value': 4, 'prev_value': 3, 'change': 1, 'player_num': 1}
2026-02-28 18:37:26,933 : INFO : EventManager : Event: ======'timer_hurryup_timer_tick'====== Args={'ticks': 4, 'ticks_remaining': 21}
2026-02-28 18:37:26,934 : INFO : EventManager : Event: ======'hurryup_value'====== Args={'priority': 0, 'current_hurryup': 92000}
2026-02-28 18:37:27,132 : INFO : EventManager : Event: ======'player_hurryup_hurryup_timer_tick'====== Args={'value': 5, 'prev_value': 4, 'change': 1, 'player_num': 1}
2026-02-28 18:37:27,134 : INFO : EventManager : Event: ======'timer_hurryup_timer_tick'====== Args={'ticks': 5, 'ticks_remaining': 20}
2026-02-28 18:37:27,135 : INFO : EventManager : Event: ======'hurryup_value'====== Args={'priority': 0, 'current_hurryup': 90000}
2026-02-28 18:37:27,233 : INFO : SwitchController : <<<<<<< 's_inlane_left' active >>>>>>>
2026-02-28 18:37:27,234 : INFO : EventManager : Event: ======'playfield_active'====== Args={'source': 'left_lane'}
2026-02-28 18:37:27,234 : INFO : EventManager : Event: ======'unexpected_ball_on_playfield'====== Args={}
2026-02-28 18:37:27,234 : INFO : EventManager : Event: ======'playfield_active'====== Args={'source': 'hurryup'}
2026-02-28 18:37:27,234 : INFO : EventManager : Event: ======'unexpected_ball_on_playfield'====== Args={}
2026-02-28 18:37:27,234 : INFO : EventManager : Event: ======'s_inlane_left_active'====== Args={}
2026-02-28 18:37:27,234 : INFO : EventManager : Event: ======'machine_var_audits_switches_s_inlane_left'====== Args={'value': 27, 'prev_value': 26, 'change': 1}
2026-02-28 18:37:27,236 : INFO : EventManager : Event: ======'machine_var_audits_shots_hurryup'====== Args={'value': 3, 'prev_value': 2, 'change': 1}
2026-02-28 18:37:27,236 : INFO : EventManager : Event: ======'hurryup_hit'====== Args={'profile': 'default', 'state': 'lit', 'advancing': False}
2026-02-28 18:37:27,236 : INFO : EventManager : Event: ======'hurryup_default_hit'====== Args={'profile': 'default', 'state': 'lit', 'advancing': False}
2026-02-28 18:37:27,236 : INFO : EventManager : Event: ======'hurryup_default_lit_hit'====== Args={'profile': 'default', 'state': 'lit', 'advancing': False}
2026-02-28 18:37:27,236 : INFO : EventManager : Event: ======'hurryup_lit_hit'====== Args={'profile': 'default', 'state': 'lit', 'advancing': False}
2026-02-28 18:37:27,237 : INFO : EventManager : Event: ======'machine_var_audits_shots_left_lane'====== Args={'value': 8, 'prev_value': 7, 'change': 1}
2026-02-28 18:37:27,237 : INFO : EventManager : Event: ======'left_lane_hit'====== Args={'profile': 'default', 'state': 'lit', 'advancing': False}
2026-02-28 18:37:27,237 : INFO : EventManager : Event: ======'left_lane_default_hit'====== Args={'profile': 'default', 'state': 'lit', 'advancing': False}
2026-02-28 18:37:27,237 : INFO : EventManager : Event: ======'left_lane_default_lit_hit'====== Args={'profile': 'default', 'state': 'lit', 'advancing': False}
2026-02-28 18:37:27,237 : INFO : EventManager : Event: ======'left_lane_lit_hit'====== Args={'profile': 'default', 'state': 'lit', 'advancing': False}
2026-02-28 18:37:27,238 : INFO : EventManager : Event: ======'stop_mode_hurryup'====== Args={'priority': 0}
2026-02-28 18:37:27,238 : INFO : EventManager : Event: ======'player_score'====== Args={'value': 283000, 'prev_value': 193000, 'change': 90000, 'player_num': 1, 'source': 'hurryup'}
2026-02-28 18:37:27,239 : INFO : EventManager : Event: ======'mode_hurryup_will_stop'====== Args={}
2026-02-28 18:37:27,239 : INFO : EventManager : Event: ======'mode_hurryup_stopping'====== Args={}
2026-02-28 18:37:27,239 : INFO : EventManager : Event: ======'start_mode_hurryup'====== Args={'priority': 0}
2026-02-28 18:37:27,239 : INFO : Mode.hurryup : Stopped.
2026-02-28 18:37:27,239 : INFO : EventManager : Event: ======'modes_active_modes_changed'====== Args={}
2026-02-28 18:37:27,242 : INFO : EventManager : Event: ======'mode_hurryup_stopped'====== Args={}
2026-02-28 18:37:27,242 : INFO : EventManager : Event: ======'clear'====== Args={'key': 'hurryup'}
2026-02-28 18:37:27,242 : INFO : Timer.hurryup_timer : Stopping Timer
2026-02-28 18:37:27,243 : INFO : EventManager : Event: ======'timer_hurryup_timer_stopped'====== Args={'ticks': 5, 'ticks_remaining': 20}
2026-02-28 18:37:27,250 : INFO : EventManager : Event: ======'slide_hurryup_inactive'====== Args={'is_removing': True, '_from_bcp': True}
2026-02-28 18:37:27,251 : INFO : EventManager : Event: ======'slide_base_slide_active'====== Args={'_from_bcp': True}
2026-02-28 18:37:27,252 : INFO : EventManager : Event: ======'slide_hurryup_removed'====== Args={'_from_bcp': True}
2026-02-28 18:37:27,317 : INFO : SwitchController : <<<<<<< 's_inlane_left' inactive >>>>>>>
2026-02-28 18:37:30,207 : INFO : EventManager : Event: ======'balldevice_bd_trough_ball_eject_failed'====== Args={'target': <ball_device.bd_plunger>, 'balls': 1, 'retry': True, 'num_attempts': 3}
2026-02-28 18:37:30,207 : INFO : ball_device.bd_trough : State: waiting_for_target_ready
2026-02-28 18:37:30,208 : INFO : EventManager : Event: ======'balldevice_bd_trough_ball_eject_attempt'====== Args={'balls': 1, 'target': <ball_device.bd_plunger>, 'source': <ball_device.bd_trough>, 'mechanical_eject': False, 'num_attempts': 3}
2026-02-28 18:37:30,208 : INFO : ball_device.bd_trough : State: ejecting
2026-02-28 18:37:30,208 : INFO : ball_device.bd_trough : Ejecting ball to <ball_device.bd_plunger>
2026-02-28 18:37:30,208 : INFO : EventManager : Event: ======'balldevice_bd_trough_ejecting_ball'====== Args={'balls': 1, 'target': <ball_device.bd_plunger>, 'source': <ball_device.bd_trough>, 'mechanical_eject': False, 'num_attempts': 3}
2026-02-28 18:37:30,208 : INFO : ball_device.bd_trough : Wait for ball to leave device
2026-02-28 18:37:30,208 : INFO : coil.c_trough_eject : Pulsing Driver for 10ms (1.0 pulse_power)
2026-02-28 18:37:40,209 : INFO : EventManager : Event: ======'balldevice_bd_trough_ball_eject_failed'====== Args={'target': <ball_device.bd_plunger>, 'balls': 1, 'retry': True, 'num_attempts': 4}
2026-02-28 18:37:40,211 : INFO : ball_device.bd_trough : State: waiting_for_target_ready
2026-02-28 18:37:40,211 : INFO : EventManager : Event: ======'balldevice_bd_trough_ball_eject_attempt'====== Args={'balls': 1, 'target': <ball_device.bd_plunger>, 'source': <ball_device.bd_trough>, 'mechanical_eject': False, 'num_attempts': 4}
2026-02-28 18:37:40,212 : INFO : ball_device.bd_trough : State: ejecting
2026-02-28 18:37:40,212 : INFO : ball_device.bd_trough : Ejecting ball to <ball_device.bd_plunger>
2026-02-28 18:37:40,213 : INFO : EventManager : Event: ======'balldevice_bd_trough_ejecting_ball'====== Args={'balls': 1, 'target': <ball_device.bd_plunger>, 'source': <ball_device.bd_trough>, 'mechanical_eject': False, 'num_attempts': 4}
2026-02-28 18:37:40,214 : INFO : ball_device.bd_trough : Wait for ball to leave device
2026-02-28 18:37:40,214 : INFO : coil.c_trough_eject : Pulsing Driver for 10ms (1.0 pulse_power)
2026-02-28 18:37:50,215 : INFO : EventManager : Event: ======'balldevice_bd_trough_ball_eject_failed'====== Args={'target': <ball_device.bd_plunger>, 'balls': 1, 'retry': True, 'num_attempts': 5}
2026-02-28 18:37:50,218 : INFO : ball_device.bd_trough : State: waiting_for_target_ready
2026-02-28 18:37:50,218 : INFO : EventManager : Event: ======'balldevice_bd_trough_ball_eject_attempt'====== Args={'balls': 1, 'target': <ball_device.bd_plunger>, 'source': <ball_device.bd_trough>, 'mechanical_eject': False, 'num_attempts': 5}
2026-02-28 18:37:50,219 : INFO : ball_device.bd_trough : State: ejecting
2026-02-28 18:37:50,219 : INFO : ball_device.bd_trough : Ejecting ball to <ball_device.bd_plunger>
2026-02-28 18:37:50,219 : INFO : EventManager : Event: ======'balldevice_bd_trough_ejecting_ball'====== Args={'balls': 1, 'target': <ball_device.bd_plunger>, 'source': <ball_device.bd_trough>, 'mechanical_eject': False, 'num_attempts': 5}
2026-02-28 18:37:50,220 : INFO : ball_device.bd_trough : Wait for ball to leave device
2026-02-28 18:37:50,221 : INFO : coil.c_trough_eject : Pulsing Driver for 10ms (1.0 pulse_power)
2026-02-28 18:37:54,104 : INFO : Machine : Shutting down...
2026-02-28 18:37:54,105 : INFO : EventManager : Event: ======'shutdown'====== Args={}
2026-02-28 18:37:54,105 : INFO : EventManager : Event: ======'mode_game_will_stop'====== Args={}
2026-02-28 18:37:54,105 : INFO : EventManager : Event: ======'mode_game_stopping'====== Args={}
2026-02-28 18:37:54,106 : INFO : EventManager : Event: ======'mode_base_will_stop'====== Args={}
2026-02-28 18:37:54,106 : INFO : EventManager : Event: ======'mode_base_stopping'====== Args={}
2026-02-28 18:37:54,106 : INFO : EventManager : Event: ======'mode_bumpers_will_stop'====== Args={}
2026-02-28 18:37:54,106 : INFO : EventManager : Event: ======'mode_bumpers_stopping'====== Args={}
2026-02-28 18:37:54,106 : INFO : EventManager : Event: ======'stop_mode_bumpers'====== Args={'priority': 0}
2026-02-28 18:37:54,106 : INFO : Mode.bumpers : Stopped.
2026-02-28 18:37:54,106 : INFO : EventManager : Event: ======'modes_active_modes_changed'====== Args={}
2026-02-28 18:37:54,106 : INFO : EventManager : Event: ======'mode_bumpers_stopped'====== Args={}
2026-02-28 18:37:54,106 : INFO : EventManager : Event: ======'clear'====== Args={'key': 'bumpers'}
2026-02-28 18:37:54,106 : INFO : Mode.base : Stopped.
2026-02-28 18:37:54,106 : INFO : EventManager : Event: ======'modes_active_modes_changed'====== Args={}
2026-02-28 18:37:54,106 : INFO : EventManager : Event: ======'mode_base_stopped'====== Args={}
2026-02-28 18:37:54,106 : INFO : EventManager : Event: ======'clear'====== Args={'key': 'base'}
2026-02-28 18:37:54,107 : INFO : Mode.game : Stopped.
2026-02-28 18:37:54,107 : INFO : EventManager : Event: ======'modes_active_modes_changed'====== Args={}
2026-02-28 18:37:54,107 : INFO : EventManager : Event: ======'mode_game_stopped'====== Args={}
2026-02-28 18:37:54,107 : INFO : EventManager : Event: ======'clear'====== Args={'key': 'game'}
2026-02-28 18:37:54,108 : INFO : root : MPF run loop ended.
