2026-03-01 15:38:37,596 : INFO : root : Loading config.
2026-03-01 15:38:37,954 : INFO : ConfigProcessor : Config spec file cache created: /var/folders/1s/015t8n3n70gcr2ch4xflj4yr0000gn/T/config_spec.mpf_cache
2026-03-01 15:38:37,954 : INFO : YamlMultifileConfigLoader : Machine config file #1: config.yaml
2026-03-01 15:38:37,955 : WARNING : ConfigProcessor : Config file in cache changed: /Users/pinball/NapoleonDynamite/config/config.yaml
2026-03-01 15:38:37,955 : INFO : ConfigProcessor : Loading config from file /Users/pinball/mpf/lib/python3.14/site-packages/mpf/mpfconfig.yaml.
2026-03-01 15:38:38,032 : INFO : ConfigProcessor : Loading config: /Users/pinball/mpf/lib/python3.14/site-packages/mpf/mpfconfig.yaml
2026-03-01 15:38:38,033 : INFO : ConfigProcessor : Loading config from file /Users/pinball/NapoleonDynamite/config/config.yaml.
2026-03-01 15:38:38,044 : INFO : ConfigProcessor : Loading config: /Users/pinball/NapoleonDynamite/config/config.yaml
2026-03-01 15:38:38,046 : INFO : ConfigProcessor : Loading config: /Users/pinball/NapoleonDynamite/config/config_ball_devices.yaml
2026-03-01 15:38:38,054 : INFO : ConfigProcessor : Loading config: /Users/pinball/NapoleonDynamite/config/config_coils.yaml
2026-03-01 15:38:38,066 : INFO : ConfigProcessor : Loading config: /Users/pinball/NapoleonDynamite/config/config_switches.yaml
2026-03-01 15:38:38,072 : INFO : ConfigProcessor : Config file cache created: /var/folders/1s/015t8n3n70gcr2ch4xflj4yr0000gn/T/954ddabc670342668a09b03520c7eb79.mpf_cache
2026-03-01 15:38:38,145 : INFO : ConfigProcessor : Loading config from cache: /var/folders/1s/015t8n3n70gcr2ch4xflj4yr0000gn/T/64218df07edc412f774c53ffb33c812d.mpf_cache
2026-03-01 15:38:38,146 : INFO : ConfigProcessor : Loading config from cache: /var/folders/1s/015t8n3n70gcr2ch4xflj4yr0000gn/T/767518d75df2d86a4d35c1fb94c70abd.mpf_cache
2026-03-01 15:38:38,146 : INFO : ConfigProcessor : Loading config from cache: /var/folders/1s/015t8n3n70gcr2ch4xflj4yr0000gn/T/64218df07edc412f774c53ffb33c812d.mpf_cache
2026-03-01 15:38:38,147 : INFO : ConfigProcessor : Loading config from cache: /var/folders/1s/015t8n3n70gcr2ch4xflj4yr0000gn/T/73548cb541cc3751ae5711fe0817282a.mpf_cache
2026-03-01 15:38:38,147 : INFO : ConfigProcessor : Loading config from cache: /var/folders/1s/015t8n3n70gcr2ch4xflj4yr0000gn/T/57f006170cd447d443f971cd8b826597.mpf_cache
2026-03-01 15:38:38,147 : INFO : ConfigProcessor : Loading config from cache: /var/folders/1s/015t8n3n70gcr2ch4xflj4yr0000gn/T/adb0ea3e4ccf2dafa758999a39c1d676.mpf_cache
2026-03-01 15:38:38,148 : INFO : Machine : Mission Pinball Framework Core Engine v0.80.0.dev13
2026-03-01 15:38:38,148 : INFO : Machine : Command line arguments: {'no_load_cache': False, 'create_config_cache': True, 'bcp': True, 'configfile': ['config.yaml'], 'force_assets_load': False, 'platform_integration_test': False, 'jsonlogging': False, 'logfile': 'logs/2026-03-01-15-38-37-mpf-ANDREs-Mac-mini.local.log', 'pause': False, 'production': False, 'text_ui': True, 'loglevel': 15, 'consoleloglevel': 20, 'force_platform': None, 'syslog_address': None, 'full_logfile_path': '/Users/pinball/NapoleonDynamite/logs/2026-03-01-15-38-37-mpf-ANDREs-Mac-mini.local.log'}
2026-03-01 15:38:38,148 : INFO : Machine : MPF path: /Users/pinball/mpf/lib/python3.14/site-packages/mpf
2026-03-01 15:38:38,148 : INFO : Machine : Machine path: /Users/pinball/NapoleonDynamite
2026-03-01 15:38:38,148 : INFO : Machine : Platform: darwin
2026-03-01 15:38:38,148 : INFO : Machine : Python executable location: /Users/pinball/mpf/bin/python3.14
2026-03-01 15:38:38,148 : INFO : Machine : Python version: 3.14.3 (64-bit)
2026-03-01 15:38:38,150 : INFO : Machine : Initializing MPF...
2026-03-01 15:38:38,297 : INFO : FAST : Auto-detecting ports for the following connections: ['net', 'exp']
2026-03-01 15:38:38,322 : INFO : FAST : Detected NET on port /dev/cu.usbmodem14101
2026-03-01 15:38:38,330 : INFO : FAST : Detected EXP on port /dev/cu.usbmodem14103
2026-03-01 15:38:38,435 : INFO : FAST [NET] : Trying to connect to /dev/cu.usbmodem14101 at 921600bps
2026-03-01 15:38:38,441 : INFO : FAST [NET] : Connected to /dev/cu.usbmodem14101 at 921600bps
2026-03-01 15:38:38,443 : INFO : FAST [NET] : Connected to FP-CPU-2000 with firmware v02.26
2026-03-01 15:38:38,445 : INFO : FAST [NET] : Registered I/O Board 0: Model: FP-I/O-0024, Firmware: 01.10, Switches: 24, Drivers: 8
2026-03-01 15:38:38,446 : INFO : FAST [NET] : Registered I/O Board 1: Model: FP-I/O-3208, Firmware: 01.10, Switches: 32, Drivers: 8
2026-03-01 15:38:38,448 : INFO : FAST [NET] : Registered I/O Board 2: Model: FP-I/O-0804, Firmware: 01.10, Switches: 8, Drivers: 4
2026-03-01 15:38:38,449 : INFO : FAST [EXP] : Trying to connect to /dev/cu.usbmodem14103 at 921600bps
2026-03-01 15:38:38,454 : INFO : FAST [EXP] : Connected to /dev/cu.usbmodem14103 at 921600bps
2026-03-01 15:38:38,455 : INFO : FAST [EXP] : Verifying hardware for EXP "neuron" (FP-EXP-2000, @48) with ID string "EXP FP-EXP-2000  0.34", board address 48
2026-03-01 15:38:38,457 : INFO : FAST [EXP] : Verifying hardware for EXP "neuron" (FP-EXP-2000, @48) with ID string "LED FP-BRK-0001  0.8", board address 480
2026-03-01 15:38:38,458 : INFO : EventManager : Event: ======'machine_var_credits_string'====== Args={'value': 'FREE PLAY', 'prev_value': None, 'change': True}
2026-03-01 15:38:38,479 : INFO : EventManager : Event: ======'machine_var_master_volume'====== Args={'value': 0.5, 'prev_value': None, 'change': True}
2026-03-01 15:38:38,479 : INFO : EventManager : Event: ======'machine_var_mpf_version'====== Args={'value': 'Mission Pinball Framework v0.80.0.dev13', 'prev_value': None, 'change': True}
2026-03-01 15:38:38,479 : INFO : EventManager : Event: ======'machine_var_mpf_extended_version'====== Args={'value': 'Mission Pinball Framework v0.80.0.dev13, Config version:6, Show version: 6, BCP version:1.1', 'prev_value': None, 'change': True}
2026-03-01 15:38:38,480 : INFO : EventManager : Event: ======'machine_var_python_version'====== Args={'value': '3.14.3', 'prev_value': None, 'change': True}
2026-03-01 15:38:38,503 : INFO : EventManager : Event: ======'machine_var_platform'====== Args={'value': 'macOS-14.8.4-x86_64-i386-64bit-Mach-O', 'prev_value': None, 'change': True}
2026-03-01 15:38:38,504 : INFO : EventManager : Event: ======'machine_var_platform_system'====== Args={'value': 'Darwin', 'prev_value': None, 'change': True}
2026-03-01 15:38:38,504 : INFO : EventManager : Event: ======'machine_var_platform_release'====== Args={'value': '23.6.0', 'prev_value': None, 'change': True}
2026-03-01 15:38:38,504 : INFO : EventManager : Event: ======'machine_var_platform_version'====== Args={'value': 'Darwin Kernel Version 23.6.0: Mon Jan 19 22:02:22 PST 2026; root:xnu-10063.141.1.710.3~1/RELEASE_X86_64', 'prev_value': None, 'change': True}
2026-03-01 15:38:38,504 : INFO : EventManager : Event: ======'machine_var_platform_machine'====== Args={'value': 'x86_64', 'prev_value': None, 'change': True}
2026-03-01 15:38:38,504 : INFO : EventManager : Event: ======'machine_var_log_file_path'====== Args={'value': '/Users/pinball/NapoleonDynamite/logs/2026-03-01-15-38-37-mpf-ANDREs-Mac-mini.local.log', 'prev_value': None, 'change': True}
2026-03-01 15:38:38,504 : INFO : EventManager : Event: ======'init_phase_1'====== Args={}
2026-03-01 15:38:38,667 : INFO : SwitchController : <<<<<<< 's_flipper_left_eos' active >>>>>>>
2026-03-01 15:38:38,667 : INFO : SwitchController : <<<<<<< 's_flipper_right_lower_eos' active >>>>>>>
2026-03-01 15:38:38,667 : INFO : SwitchController : <<<<<<< 's_trough_7' active >>>>>>>
2026-03-01 15:38:38,667 : INFO : SwitchController : <<<<<<< 's_bumper_lower' active >>>>>>>
2026-03-01 15:38:38,667 : INFO : SwitchController : <<<<<<< 's_bumper_upper' active >>>>>>>
2026-03-01 15:38:38,668 : INFO : SwitchController : <<<<<<< 's_inlane_right_2' active >>>>>>>
2026-03-01 15:38:38,668 : INFO : SwitchController : <<<<<<< 's_inlane_left' active >>>>>>>
2026-03-01 15:38:38,699 : INFO : EventManager : Event: ======'init_phase_2'====== Args={}
2026-03-01 15:38:38,700 : INFO : SwitchController : Found active switch: (37, [FAST Platform Interface]) <switch.s_flipper_left_eos>
2026-03-01 15:38:38,700 : INFO : SwitchController : Found active switch: (32, [FAST Platform Interface]) <switch.s_flipper_right_lower_eos>
2026-03-01 15:38:38,700 : INFO : SwitchController : Found active switch: (30, [FAST Platform Interface]) <switch.s_trough_7>
2026-03-01 15:38:38,700 : INFO : SwitchController : Found active switch: (41, [FAST Platform Interface]) <switch.s_bumper_lower>
2026-03-01 15:38:38,700 : INFO : SwitchController : Found active switch: (42, [FAST Platform Interface]) <switch.s_bumper_upper>
2026-03-01 15:38:38,700 : INFO : SwitchController : Found active switch: (36, [FAST Platform Interface]) <switch.s_inlane_right_2>
2026-03-01 15:38:38,700 : INFO : SwitchController : Found active switch: (39, [FAST Platform Interface]) <switch.s_inlane_left>
2026-03-01 15:38:38,706 : INFO : EventManager : Event: ======'bcp_connection_attempt'====== Args={'name': 'local_display', 'host': 'localhost', 'port': 5050}
2026-03-01 15:38:38,708 : INFO : BCPClientSocket : Connecting BCP to 'local_display' at localhost:5050...
2026-03-01 15:38:38,718 : INFO : BCPClientSocket : Connected BCP to 'local_display' localhost:5050
2026-03-01 15:38:38,718 : INFO : EventManager : Event: ======'bcp_clients_connected'====== Args={}
2026-03-01 15:38:39,169 : INFO : ball_device.bd_trough : BCH: Initial count: 1
2026-03-01 15:38:39,170 : INFO : ball_device.bd_trough : State: idle
2026-03-01 15:38:39,170 : INFO : ball_device.bd_plunger : BCH: Initial count: 0
2026-03-01 15:38:39,170 : INFO : ball_device.bd_plunger : State: idle
2026-03-01 15:38:39,186 : INFO : EventManager : Event: ======'init_phase_3'====== Args={}
2026-03-01 15:38:39,190 : INFO : EventManager : Event: ======'init_phase_4'====== Args={}
2026-03-01 15:38:39,191 : INFO : BallController : Initial balls found: 1
2026-03-01 15:38:39,192 : INFO : EventManager : Event: ======'machine_var_audits_events_game_ended'====== Args={'value': 0, 'prev_value': None, 'change': True}
2026-03-01 15:38:39,192 : INFO : EventManager : Event: ======'machine_var_audits_events_game_started'====== Args={'value': 31, 'prev_value': None, 'change': True}
2026-03-01 15:38:39,192 : INFO : EventManager : Event: ======'machine_var_audits_missing_switches_s_bumper_lower'====== Args={'value': 22, 'prev_value': None, 'change': True}
2026-03-01 15:38:39,192 : INFO : EventManager : Event: ======'machine_var_audits_missing_switches_s_bumper_upper'====== Args={'value': 23, 'prev_value': None, 'change': True}
2026-03-01 15:38:39,192 : INFO : EventManager : Event: ======'machine_var_audits_missing_switches_s_flipper_right_upper_eos'====== Args={'value': 17, 'prev_value': None, 'change': True}
2026-03-01 15:38:39,193 : INFO : EventManager : Event: ======'machine_var_audits_missing_switches_s_inlane_left'====== Args={'value': 22, 'prev_value': None, 'change': True}
2026-03-01 15:38:39,193 : INFO : EventManager : Event: ======'machine_var_audits_missing_switches_s_inlane_right_1'====== Args={'value': 4, 'prev_value': None, 'change': True}
2026-03-01 15:38:39,193 : INFO : EventManager : Event: ======'machine_var_audits_missing_switches_s_inlane_right_2'====== Args={'value': 22, 'prev_value': None, 'change': True}
2026-03-01 15:38:39,193 : INFO : EventManager : Event: ======'machine_var_audits_missing_switches_s_scoop_tina'====== Args={'value': 4, 'prev_value': None, 'change': True}
2026-03-01 15:38:39,193 : INFO : EventManager : Event: ======'machine_var_audits_missing_switches_s_sling_left'====== Args={'value': 4, 'prev_value': None, 'change': True}
2026-03-01 15:38:39,193 : INFO : EventManager : Event: ======'machine_var_audits_missing_switches_s_sling_right'====== Args={'value': 4, 'prev_value': None, 'change': True}
2026-03-01 15:38:39,194 : INFO : EventManager : Event: ======'machine_var_audits_player_score'====== Args={'value': {'average': 0, 'top': [], 'total': 0}, 'prev_value': None, 'change': True}
2026-03-01 15:38:39,194 : INFO : EventManager : Event: ======'machine_var_audits_shots_bumper_lower'====== Args={'value': 76, 'prev_value': None, 'change': True}
2026-03-01 15:38:39,194 : INFO : EventManager : Event: ======'machine_var_audits_shots_bumper_upper'====== Args={'value': 81, 'prev_value': None, 'change': True}
2026-03-01 15:38:39,194 : INFO : EventManager : Event: ======'machine_var_audits_shots_hurryup'====== Args={'value': 3, 'prev_value': None, 'change': True}
2026-03-01 15:38:39,194 : INFO : EventManager : Event: ======'machine_var_audits_shots_inlane_left'====== Args={'value': 17, 'prev_value': None, 'change': True}
2026-03-01 15:38:39,194 : INFO : EventManager : Event: ======'machine_var_audits_shots_left_lane'====== Args={'value': 8, 'prev_value': None, 'change': True}
2026-03-01 15:38:39,194 : INFO : EventManager : Event: ======'machine_var_audits_switches_s_bumper_lower'====== Args={'value': 76, 'prev_value': None, 'change': True}
2026-03-01 15:38:39,194 : INFO : EventManager : Event: ======'machine_var_audits_switches_s_bumper_upper'====== Args={'value': 81, 'prev_value': None, 'change': True}
2026-03-01 15:38:39,195 : INFO : EventManager : Event: ======'machine_var_audits_switches_s_flipper_left'====== Args={'value': 446, 'prev_value': None, 'change': True}
2026-03-01 15:38:39,195 : INFO : EventManager : Event: ======'machine_var_audits_switches_s_flipper_left_eos'====== Args={'value': 182, 'prev_value': None, 'change': True}
2026-03-01 15:38:39,195 : INFO : EventManager : Event: ======'machine_var_audits_switches_s_flipper_right_lower'====== Args={'value': 454, 'prev_value': None, 'change': True}
2026-03-01 15:38:39,195 : INFO : EventManager : Event: ======'machine_var_audits_switches_s_flipper_right_lower_eos'====== Args={'value': 165, 'prev_value': None, 'change': True}
2026-03-01 15:38:39,195 : INFO : EventManager : Event: ======'machine_var_audits_switches_s_flipper_right_upper'====== Args={'value': 470, 'prev_value': None, 'change': True}
2026-03-01 15:38:39,195 : INFO : EventManager : Event: ======'machine_var_audits_switches_s_flipper_right_upper_eos'====== Args={'value': 43, 'prev_value': None, 'change': True}
2026-03-01 15:38:39,195 : INFO : EventManager : Event: ======'machine_var_audits_switches_s_inlane_left'====== Args={'value': 27, 'prev_value': None, 'change': True}
2026-03-01 15:38:39,195 : INFO : EventManager : Event: ======'machine_var_audits_switches_s_inlane_right_1'====== Args={'value': 18, 'prev_value': None, 'change': True}
2026-03-01 15:38:39,195 : INFO : EventManager : Event: ======'machine_var_audits_switches_s_inlane_right_2'====== Args={'value': 3, 'prev_value': None, 'change': True}
2026-03-01 15:38:39,195 : INFO : EventManager : Event: ======'machine_var_audits_switches_s_plunger'====== Args={'value': 13, 'prev_value': None, 'change': True}
2026-03-01 15:38:39,196 : INFO : EventManager : Event: ======'machine_var_audits_switches_s_plunger_lane'====== Args={'value': 29, 'prev_value': None, 'change': True}
2026-03-01 15:38:39,196 : INFO : EventManager : Event: ======'machine_var_audits_switches_s_scoop_tina'====== Args={'value': 11, 'prev_value': None, 'change': True}
2026-03-01 15:38:39,196 : INFO : EventManager : Event: ======'machine_var_audits_switches_s_sling_left'====== Args={'value': 193, 'prev_value': None, 'change': True}
2026-03-01 15:38:39,196 : INFO : EventManager : Event: ======'machine_var_audits_switches_s_sling_right'====== Args={'value': 30, 'prev_value': None, 'change': True}
2026-03-01 15:38:39,196 : INFO : EventManager : Event: ======'machine_var_audits_switches_s_start'====== Args={'value': 34, 'prev_value': None, 'change': True}
2026-03-01 15:38:39,196 : INFO : EventManager : Event: ======'machine_var_audits_switches_s_trough_1'====== Args={'value': 128, 'prev_value': None, 'change': True}
2026-03-01 15:38:39,196 : INFO : EventManager : Event: ======'machine_var_audits_switches_s_trough_2'====== Args={'value': 116, 'prev_value': None, 'change': True}
2026-03-01 15:38:39,196 : INFO : EventManager : Event: ======'machine_var_audits_switches_s_trough_3'====== Args={'value': 142, 'prev_value': None, 'change': True}
2026-03-01 15:38:39,196 : INFO : EventManager : Event: ======'machine_var_audits_switches_s_trough_4'====== Args={'value': 197, 'prev_value': None, 'change': True}
2026-03-01 15:38:39,196 : INFO : EventManager : Event: ======'machine_var_audits_switches_s_trough_5'====== Args={'value': 215, 'prev_value': None, 'change': True}
2026-03-01 15:38:39,196 : INFO : EventManager : Event: ======'machine_var_audits_switches_s_trough_6'====== Args={'value': 211, 'prev_value': None, 'change': True}
2026-03-01 15:38:39,197 : INFO : EventManager : Event: ======'machine_var_audits_switches_s_trough_7'====== Args={'value': 175, 'prev_value': None, 'change': True}
2026-03-01 15:38:39,197 : INFO : EventManager : Event: ======'init_phase_5'====== Args={}
2026-03-01 15:38:39,198 : INFO : ball_device.bd_trough : BCH: Count is unstable. Trying to reorder balls.
2026-03-01 15:38:39,198 : WARNING : ball_device.bd_trough : Cannot reorder device because eject_coil_reorder_pulse is not configured
2026-03-01 15:38:39,198 : INFO : ball_device.bd_trough : BCH: Repulse done. Waiting for balls to settle.
2026-03-01 15:38:39,198 : INFO : ball_device.bd_trough : BCH: Reordered count: 1
2026-03-01 15:38:39,199 : INFO : EventManager : Event: ======'init_done'====== Args={}
2026-03-01 15:38:39,199 : INFO : EventManager : Event: ======'machine_reset_phase_1'====== Args={}
2026-03-01 15:38:39,226 : INFO : EventManager : Event: ======'machine_reset_phase_2'====== Args={}
2026-03-01 15:38:39,227 : INFO : EventManager : Event: ======'machine_reset_phase_3'====== Args={}
2026-03-01 15:38:39,227 : INFO : EventManager : Event: ======'reset_complete'====== Args={}
2026-03-01 15:38:39,227 : INFO : EventManager : Event: ======'mode_attract_will_start'====== Args={}
2026-03-01 15:38:39,228 : INFO : Timer.attract_carousel_timer : Starting Timer.
2026-03-01 15:38:39,228 : INFO : EventManager : Event: ======'timer_attract_carousel_timer_started'====== Args={'ticks': 0, 'ticks_remaining': 1}
2026-03-01 15:38:39,228 : INFO : EventManager : Event: ======'timer_attract_carousel_timer_tick'====== Args={'ticks': 0, 'ticks_remaining': 1}
2026-03-01 15:38:39,229 : INFO : EventManager : Event: ======'mode_attract_starting'====== Args={}
2026-03-01 15:38:39,229 : INFO : Mode.attract : Started. Priority: 10
2026-03-01 15:38:39,229 : INFO : EventManager : Event: ======'modes_active_modes_changed'====== Args={}
2026-03-01 15:38:39,229 : INFO : EventManager : Event: ======'mode_attract_started'====== Args={}
2026-03-01 15:38:39,230 : INFO : EventManager : Event: ======'collecting_balls_complete'====== Args={}
2026-03-01 15:38:39,231 : INFO : EventManager : Event: ======'carousel_item_highlighted'====== Args={'carousel': 'attract', 'direction': None, 'item': 'title'}
2026-03-01 15:38:39,231 : INFO : EventManager : Event: ======'timer_attract_carousel_timer_tick'====== Args={'ticks': 0, 'ticks_remaining': 1}
2026-03-01 15:38:39,232 : INFO : Machine : Starting the main run loop with active modes: [<Mode.attract>]
2026-03-01 15:38:39,451 : INFO : EventManager : Event: ======'slide_attract_created'====== Args={'_from_bcp': True}
2026-03-01 15:38:39,451 : INFO : EventManager : Event: ======'slide__removed'====== Args={'_from_bcp': True}
2026-03-01 15:38:39,452 : INFO : EventManager : Event: ======'slide_attract_active'====== Args={'original_context': 'attract', 'original_calling_context': 'mode_attract_started', 'priority': 10.0, 'cmd': 'slides_play', '_from_bcp': True}
2026-03-01 15:38:43,141 : INFO : SwitchController : <<<<<<< 's_start' active >>>>>>>
2026-03-01 15:38:43,405 : INFO : SwitchController : <<<<<<< 's_start' inactive >>>>>>>
2026-03-01 15:38:43,405 : INFO : EventManager : Event: ======'request_to_start_game'====== Args={}
2026-03-01 15:38:43,406 : INFO : EventManager : Event: ======'game_start'====== Args={'buttons': [], 'hold_time': 0.2636903759994311}
2026-03-01 15:38:43,406 : INFO : EventManager : Event: ======'mode_game_will_start'====== Args={'buttons': [], 'hold_time': 0.2636903759994311}
2026-03-01 15:38:43,407 : INFO : EventManager : Event: ======'mode_game_starting'====== Args={'buttons': [], 'hold_time': 0.2636903759994311}
2026-03-01 15:38:43,407 : INFO : EventManager : Event: ======'mode_attract_will_stop'====== Args={}
2026-03-01 15:38:43,407 : INFO : EventManager : Event: ======'mode_attract_stopping'====== Args={}
2026-03-01 15:38:43,407 : INFO : Mode.attract : Stopped.
2026-03-01 15:38:43,407 : INFO : EventManager : Event: ======'modes_active_modes_changed'====== Args={}
2026-03-01 15:38:43,408 : INFO : EventManager : Event: ======'mode_attract_stopped'====== Args={}
2026-03-01 15:38:43,408 : INFO : EventManager : Event: ======'clear'====== Args={'key': 'attract'}
2026-03-01 15:38:43,408 : INFO : Timer.attract_carousel_timer : Stopping Timer
2026-03-01 15:38:43,408 : INFO : EventManager : Event: ======'timer_attract_carousel_timer_stopped'====== Args={'ticks': 0, 'ticks_remaining': 1}
2026-03-01 15:38:43,408 : INFO : Mode.game : Started. Priority: 20
2026-03-01 15:38:43,408 : INFO : EventManager : Event: ======'modes_active_modes_changed'====== Args={}
2026-03-01 15:38:43,408 : INFO : EventManager : Event: ======'mode_game_started'====== Args={'buttons': [], 'hold_time': 0.2636903759994311}
2026-03-01 15:38:43,409 : INFO : EventManager : Event: ======'game_will_start'====== Args={}
2026-03-01 15:38:43,409 : INFO : EventManager : Event: ======'game_starting'====== Args={'game': <Mode.game>}
2026-03-01 15:38:43,414 : INFO : EventManager : Unordered handler for class <Auditor> on event game_ended with priority 1. Handlers: [RegisteredHandler(callback=<bound method Auditor.disable of <Auditor>>, priority=1, kwargs={}, key=UUID('04ed0d48-c0f8-4aa7-ba2a-43d0fdad76b8'), condition=None, blocking_facility=None), RegisteredHandler(callback=<bound method Auditor._save_audits of <Auditor>>, priority=1, kwargs={}, key=UUID('32cdb818-ff01-4bfb-b58d-1a3c33393481'), condition=None, blocking_facility=None)]. The order of those handlers is not defined and they will be executed in random order. This might lead to race conditions and potential bugs.
2026-03-01 15:38:43,415 : INFO : EventManager : Event: ======'player_add_request'====== Args={}
2026-03-01 15:38:43,415 : INFO : EventManager : Event: ======'player_will_add'====== Args={'number': 1}
2026-03-01 15:38:43,415 : INFO : EventManager : Event: ======'player_adding'====== Args={'player': <Player 1>, 'number': 1}
2026-03-01 15:38:43,415 : INFO : EventManager : Event: ======'player_added'====== Args={'player': <Player 1>, 'num': 1}
2026-03-01 15:38:43,415 : INFO : Mode.game : Player added successfully. Total players: 1
2026-03-01 15:38:43,415 : INFO : EventManager : Event: ======'player_index'====== Args={'value': 0, 'prev_value': 0, 'change': 0, 'player_num': 1}
2026-03-01 15:38:43,416 : INFO : EventManager : Event: ======'player_number'====== Args={'value': 1, 'prev_value': 1, 'change': 0, 'player_num': 1}
2026-03-01 15:38:43,416 : INFO : EventManager : Event: ======'player_score'====== Args={'value': 0, 'prev_value': 0, 'change': 0, 'player_num': 1}
2026-03-01 15:38:43,417 : INFO : EventManager : Event: ======'game_started'====== Args={}
2026-03-01 15:38:43,429 : INFO : EventManager : Event: ======'player_turn_will_start'====== Args={'player': <Player 1>, 'number': 1}
2026-03-01 15:38:43,435 : INFO : EventManager : Event: ======'player_turn_starting'====== Args={'player': <Player 1>, 'number': 1}
2026-03-01 15:38:43,436 : INFO : EventManager : Event: ======'player_ball'====== Args={'value': 1, 'prev_value': 0, 'change': 1, 'player_num': 1}
2026-03-01 15:38:43,436 : INFO : EventManager : Event: ======'player_turn_started'====== Args={'player': <Player 1>, 'number': 1}
2026-03-01 15:38:43,437 : INFO : EventManager : Event: ======'ball_will_start'====== Args={'player': 1, 'ball': 1, 'balls_remaining': 2, 'is_extra_ball': False}
2026-03-01 15:38:43,437 : INFO : EventManager : Event: ======'ball_starting'====== Args={'player': 1, 'ball': 1, 'balls_remaining': 2, 'is_extra_ball': False}
2026-03-01 15:38:43,438 : INFO : EventManager : Event: ======'mode_base_will_start'====== Args={'queue': <QueuedEvent>, 'player': 1, 'ball': 1, 'balls_remaining': 2, 'is_extra_ball': False}
2026-03-01 15:38:43,438 : INFO : EventManager : Event: ======'player_shot_left_lane_enabled'====== Args={'value': True, 'prev_value': 0, 'change': 1, 'player_num': 1}
2026-03-01 15:38:43,439 : INFO : EventManager : Event: ======'mode_base_starting'====== Args={'queue': <QueuedEvent>, 'player': 1, 'ball': 1, 'balls_remaining': 2, 'is_extra_ball': False}
2026-03-01 15:38:43,439 : INFO : Mode.base : Started. Priority: 100
2026-03-01 15:38:43,439 : INFO : EventManager : Event: ======'modes_active_modes_changed'====== Args={}
2026-03-01 15:38:43,439 : INFO : EventManager : Event: ======'mode_base_started'====== Args={'queue': <QueuedEvent>, 'player': 1, 'ball': 1, 'balls_remaining': 2, 'is_extra_ball': False}
2026-03-01 15:38:43,440 : INFO : EventManager : Event: ======'balls_in_play'====== Args={'balls': 1}
2026-03-01 15:38:43,440 : INFO : EventManager : Event: ======'ball_started'====== Args={'player': 1, 'ball': 1, 'balls_remaining': 2, 'is_extra_ball': False}
2026-03-01 15:38:43,441 : INFO : EventManager : Event: ======'single_player_ball_started'====== Args={}
2026-03-01 15:38:43,442 : INFO : EventManager : Event: ======'ball_start_target'====== Args={'target': 'playfield'}
2026-03-01 15:38:43,442 : INFO : ball_device.bd_trough : Setting up player-controlled eject. Balls: 1, Target: <playfield.playfield>, player_controlled_eject_event: None
2026-03-01 15:38:43,442 : INFO : ball_device.bd_trough : Adding 1 ball(s) to the eject_queue with target <playfield.playfield>.
2026-03-01 15:38:43,443 : INFO : EventManager : Event: ======'balldevice_balls_available'====== Args={}
2026-03-01 15:38:43,444 : INFO : ball_device.bd_trough : BCH: Count is unstable. Trying to reorder balls.
2026-03-01 15:38:43,444 : WARNING : ball_device.bd_trough : Cannot reorder device because eject_coil_reorder_pulse is not configured
2026-03-01 15:38:43,444 : INFO : ball_device.bd_trough : BCH: Repulse done. Waiting for balls to settle.
2026-03-01 15:38:43,444 : INFO : ball_device.bd_trough : State: waiting_for_target_ready
2026-03-01 15:38:43,444 : INFO : EventManager : Event: ======'balldevice_bd_trough_ball_eject_attempt'====== Args={'balls': 1, 'target': <ball_device.bd_plunger>, 'source': <ball_device.bd_trough>, 'mechanical_eject': False, 'num_attempts': 0}
2026-03-01 15:38:43,444 : INFO : ball_device.bd_plunger : State: waiting_for_ball
2026-03-01 15:38:43,445 : INFO : ball_device.bd_trough : State: ejecting
2026-03-01 15:38:43,445 : INFO : ball_device.bd_trough : Ejecting ball to <ball_device.bd_plunger>
2026-03-01 15:38:43,445 : INFO : EventManager : Event: ======'balldevice_bd_trough_ejecting_ball'====== Args={'balls': 1, 'target': <ball_device.bd_plunger>, 'source': <ball_device.bd_trough>, 'mechanical_eject': False, 'num_attempts': 0}
2026-03-01 15:38:43,446 : INFO : ball_device.bd_trough : Wait for ball to leave device
2026-03-01 15:38:43,446 : INFO : coil.c_trough_eject : Pulsing Driver for 20ms (1.0 pulse_power)
2026-03-01 15:38:43,468 : INFO : SwitchController : <<<<<<< 's_trough_1' active >>>>>>>
2026-03-01 15:38:43,469 : INFO : EventManager : Event: ======'machine_var_audits_switches_s_trough_1'====== Args={'value': 129, 'prev_value': 128, 'change': 1}
2026-03-01 15:38:43,469 : INFO : SwitchController : <<<<<<< 's_trough_7' inactive >>>>>>>
2026-03-01 15:38:43,470 : INFO : ball_device.bd_trough : State: ball_left
2026-03-01 15:38:43,470 : INFO : ball_device.bd_trough : Ball left
2026-03-01 15:38:43,470 : INFO : ball_device.bd_trough : Wait for confirm with timeout 10.0
2026-03-01 15:38:43,485 : INFO : SwitchController : <<<<<<< 's_trough_7' active >>>>>>>
2026-03-01 15:38:43,485 : INFO : EventManager : Event: ======'machine_var_audits_switches_s_trough_7'====== Args={'value': 176, 'prev_value': 175, 'change': 1}
2026-03-01 15:38:43,512 : INFO : EventManager : Event: ======'slide_base_slide_created'====== Args={'_from_bcp': True}
2026-03-01 15:38:43,512 : INFO : EventManager : Event: ======'slide_attract_inactive'====== Args={'is_removing': True, '_from_bcp': True}
2026-03-01 15:38:43,512 : INFO : EventManager : Event: ======'slide_base_slide_active'====== Args={'original_context': 'base', 'original_calling_context': 'mode_base_started', 'priority': 100.0, 'queue': '<QueuedEvent>', 'player': 1.0, 'ball': 1.0, 'balls_remaining': 2.0, 'is_extra_ball': False, 'cmd': 'slides_play', '_from_bcp': True}
2026-03-01 15:38:43,513 : INFO : EventManager : Event: ======'slide_attract_removed'====== Args={'_from_bcp': True}
2026-03-01 15:38:43,575 : INFO : SwitchController : <<<<<<< 's_start' active >>>>>>>
2026-03-01 15:38:43,575 : INFO : EventManager : Event: ======'sw_start'====== Args={}
2026-03-01 15:38:43,575 : INFO : EventManager : Event: ======'machine_var_audits_switches_s_start'====== Args={'value': 35, 'prev_value': 34, 'change': 1}
2026-03-01 15:38:43,576 : INFO : EventManager : Event: ======'player_add_request'====== Args={}
2026-03-01 15:38:43,576 : INFO : EventManager : Event: ======'player_will_add'====== Args={'number': 2}
2026-03-01 15:38:43,576 : INFO : EventManager : Event: ======'player_adding'====== Args={'player': <Player 2>, 'number': 2}
2026-03-01 15:38:43,576 : INFO : EventManager : Event: ======'player_added'====== Args={'player': <Player 2>, 'num': 2}
2026-03-01 15:38:43,576 : INFO : Mode.game : Player added successfully. Total players: 2
2026-03-01 15:38:43,576 : INFO : EventManager : Event: ======'multiplayer_game'====== Args={}
2026-03-01 15:38:43,577 : INFO : EventManager : Event: ======'player_index'====== Args={'value': 1, 'prev_value': 1, 'change': 0, 'player_num': 2}
2026-03-01 15:38:43,577 : INFO : EventManager : Event: ======'player_number'====== Args={'value': 2, 'prev_value': 2, 'change': 0, 'player_num': 2}
2026-03-01 15:38:43,577 : INFO : EventManager : Event: ======'player_score'====== Args={'value': 0, 'prev_value': 0, 'change': 0, 'player_num': 2}
2026-03-01 15:38:43,622 : INFO : SwitchController : <<<<<<< 's_start' inactive >>>>>>>
2026-03-01 15:38:43,623 : INFO : SwitchController : <<<<<<< 's_plunger' active >>>>>>>
2026-03-01 15:38:43,623 : INFO : EventManager : Event: ======'machine_var_audits_switches_s_plunger'====== Args={'value': 14, 'prev_value': 13, 'change': 1}
2026-03-01 15:38:43,650 : INFO : SwitchController : <<<<<<< 's_trough_2' active >>>>>>>
2026-03-01 15:38:43,650 : INFO : EventManager : Event: ======'machine_var_audits_switches_s_trough_2'====== Args={'value': 117, 'prev_value': 116, 'change': 1}
2026-03-01 15:38:43,652 : INFO : SwitchController : <<<<<<< 's_trough_6' active >>>>>>>
2026-03-01 15:38:43,653 : INFO : EventManager : Event: ======'machine_var_audits_switches_s_trough_6'====== Args={'value': 212, 'prev_value': 211, 'change': 1}
2026-03-01 15:38:43,654 : INFO : SwitchController : <<<<<<< 's_trough_5' active >>>>>>>
2026-03-01 15:38:43,655 : INFO : EventManager : Event: ======'machine_var_audits_switches_s_trough_5'====== Args={'value': 216, 'prev_value': 215, 'change': 1}
2026-03-01 15:38:43,656 : INFO : SwitchController : <<<<<<< 's_trough_4' active >>>>>>>
2026-03-01 15:38:43,657 : INFO : EventManager : Event: ======'machine_var_audits_switches_s_trough_4'====== Args={'value': 198, 'prev_value': 197, 'change': 1}
2026-03-01 15:38:43,660 : INFO : SwitchController : <<<<<<< 's_trough_3' active >>>>>>>
2026-03-01 15:38:43,660 : INFO : EventManager : Event: ======'machine_var_audits_switches_s_trough_3'====== Args={'value': 143, 'prev_value': 142, 'change': 1}
2026-03-01 15:38:43,687 : INFO : SwitchController : <<<<<<< 's_trough_4' inactive >>>>>>>
2026-03-01 15:38:43,688 : INFO : SwitchController : <<<<<<< 's_trough_5' inactive >>>>>>>
2026-03-01 15:38:43,691 : INFO : SwitchController : <<<<<<< 's_trough_3' inactive >>>>>>>
2026-03-01 15:38:43,693 : INFO : SwitchController : <<<<<<< 's_trough_2' inactive >>>>>>>
2026-03-01 15:38:43,715 : INFO : SwitchController : <<<<<<< 's_trough_1' inactive >>>>>>>
2026-03-01 15:38:44,124 : INFO : ball_device.bd_plunger : Received ball from <ball_device.bd_trough>
2026-03-01 15:38:44,124 : INFO : EventManager : Event: ======'balldevice_bd_plunger_ball_enter'====== Args={'new_balls': 1, 'unclaimed_balls': 0, 'new_available_balls': 0, 'device': <ball_device.bd_plunger>}
2026-03-01 15:38:44,125 : INFO : EventManager : Event: ======'balldevice_bd_plunger_ball_entered'====== Args={'new_balls': 0, 'device': <ball_device.bd_plunger>}
2026-03-01 15:38:44,125 : INFO : EventManager : Event: ======'balldevice_bd_plunger_ball_count_changed'====== Args={'balls': 1}
2026-03-01 15:38:44,125 : INFO : ball_device.bd_trough : Got eject confirm
2026-03-01 15:38:44,125 : INFO : ball_device.bd_trough : Eject successful
2026-03-01 15:38:44,125 : INFO : EventManager : Event: ======'balldevice_bd_trough_ball_eject_success'====== Args={'balls': 1, 'target': <ball_device.bd_plunger>}
2026-03-01 15:38:44,126 : INFO : ball_device.bd_plunger : State: waiting_for_target_ready
2026-03-01 15:38:44,126 : INFO : EventManager : Event: ======'balldevice_bd_plunger_ball_eject_attempt'====== Args={'balls': 1, 'target': <playfield.playfield>, 'source': <ball_device.bd_plunger>, 'mechanical_eject': False, 'num_attempts': 0}
2026-03-01 15:38:44,126 : INFO : EventManager : Event: ======'balldevice_bd_trough_ball_count_changed'====== Args={'balls': 0}
2026-03-01 15:38:44,126 : INFO : ball_device.bd_trough : State: idle
2026-03-01 15:38:44,127 : INFO : ball_device.bd_plunger : State: ejecting
2026-03-01 15:38:44,127 : INFO : ball_device.bd_plunger : Ejecting ball to <playfield.playfield>
2026-03-01 15:38:44,127 : INFO : EventManager : Event: ======'balldevice_bd_plunger_ejecting_ball'====== Args={'balls': 1, 'target': <playfield.playfield>, 'source': <ball_device.bd_plunger>, 'mechanical_eject': False, 'num_attempts': 0}
2026-03-01 15:38:44,128 : INFO : ball_device.bd_plunger : Wait for ball to leave device
2026-03-01 15:38:44,215 : INFO : EventManager : Event: ======'balldevice_bd_trough_ball_count_changed'====== Args={'balls': 2}
2026-03-01 15:38:44,216 : INFO : ball_device.bd_trough : Received unexpected ball
2026-03-01 15:38:44,216 : INFO : EventManager : Event: ======'balldevice_captured_from_playfield'====== Args={'balls': 1}
2026-03-01 15:38:44,216 : INFO : EventManager : Event: ======'sw_playfield_active'====== Args={'balls': 1}
2026-03-01 15:38:44,216 : INFO : EventManager : Event: ======'playfield_active'====== Args={'source': None}
2026-03-01 15:38:44,216 : INFO : EventManager : Event: ======'playfield_ball_count_change'====== Args={'balls': -1, 'change': -1}
2026-03-01 15:38:44,217 : INFO : EventManager : Event: ======'balldevice_playfield_ball_enter'====== Args={'new_balls': 1, 'unclaimed_balls': 1, 'device': <playfield.playfield>}
2026-03-01 15:38:44,217 : INFO : EventManager : Event: ======'playfield_ball_count_change'====== Args={'balls': 0, 'change': 1}
2026-03-01 15:38:44,217 : INFO : BallController : Found a new ball which was captured from playfield. Known balls: 2
2026-03-01 15:38:44,217 : INFO : EventManager : Event: ======'found_new_ball'====== Args={}
2026-03-01 15:38:44,217 : INFO : EventManager : Event: ======'balldevice_bd_trough_ball_enter'====== Args={'new_balls': 1, 'unclaimed_balls': 1, 'new_available_balls': 1, 'device': <ball_device.bd_trough>}
2026-03-01 15:38:44,217 : INFO : EventManager : Event: ======'ball_drain'====== Args={'device': <ball_device.bd_trough>, 'balls': 1}
2026-03-01 15:38:44,218 : INFO : EventManager : Event: ======'ball_will_end'====== Args={}
2026-03-01 15:38:44,218 : INFO : EventManager : Event: ======'balldevice_balls_available'====== Args={}
2026-03-01 15:38:44,218 : INFO : EventManager : Event: ======'balldevice_bd_trough_ball_entered'====== Args={'new_balls': 1, 'device': <ball_device.bd_trough>}
2026-03-01 15:38:44,218 : INFO : ball_device.bd_trough : Received unexpected ball
2026-03-01 15:38:44,218 : INFO : EventManager : Event: ======'balldevice_captured_from_playfield'====== Args={'balls': 1}
2026-03-01 15:38:44,218 : INFO : EventManager : Event: ======'mode_base_will_stop'====== Args={}
2026-03-01 15:38:44,218 : INFO : EventManager : Event: ======'mode_base_stopping'====== Args={}
2026-03-01 15:38:44,219 : INFO : EventManager : Event: ======'sw_playfield_active'====== Args={'balls': 1}
2026-03-01 15:38:44,219 : INFO : EventManager : Event: ======'playfield_active'====== Args={'source': None}
2026-03-01 15:38:44,219 : INFO : EventManager : Event: ======'playfield_ball_count_change'====== Args={'balls': -1, 'change': -1}
2026-03-01 15:38:44,219 : INFO : Mode.base : Stopped.
2026-03-01 15:38:44,219 : INFO : EventManager : Event: ======'modes_active_modes_changed'====== Args={}
2026-03-01 15:38:44,220 : INFO : EventManager : Event: ======'mode_base_stopped'====== Args={}
2026-03-01 15:38:44,220 : INFO : EventManager : Event: ======'clear'====== Args={'key': 'base'}
2026-03-01 15:38:44,221 : INFO : EventManager : Event: ======'balldevice_playfield_ball_enter'====== Args={'new_balls': 1, 'unclaimed_balls': 1, 'device': <playfield.playfield>}
2026-03-01 15:38:44,221 : INFO : EventManager : Event: ======'playfield_ball_count_change'====== Args={'balls': 0, 'change': 1}
2026-03-01 15:38:44,221 : INFO : BallController : Found a new ball which was captured from playfield. Known balls: 3
2026-03-01 15:38:44,221 : INFO : EventManager : Event: ======'found_new_ball'====== Args={}
2026-03-01 15:38:44,221 : INFO : EventManager : Event: ======'balldevice_bd_trough_ball_enter'====== Args={'new_balls': 1, 'unclaimed_balls': 1, 'new_available_balls': 1, 'device': <ball_device.bd_trough>}
2026-03-01 15:38:44,221 : INFO : EventManager : Event: ======'ball_drain'====== Args={'device': <ball_device.bd_trough>, 'balls': 1}
2026-03-01 15:38:44,222 : INFO : EventManager : Event: ======'ball_ending'====== Args={}
2026-03-01 15:38:44,222 : INFO : EventManager : Event: ======'balldevice_balls_available'====== Args={}
2026-03-01 15:38:44,222 : INFO : EventManager : Event: ======'balldevice_bd_trough_ball_entered'====== Args={'new_balls': 1, 'device': <ball_device.bd_trough>}
2026-03-01 15:38:44,223 : INFO : EventManager : Event: ======'ball_ended'====== Args={}
2026-03-01 15:38:44,224 : INFO : EventManager : Event: ======'player_turn_will_end'====== Args={'player': <Player 1>, 'number': 1}
2026-03-01 15:38:44,224 : INFO : EventManager : Event: ======'player_turn_ending'====== Args={'player': <Player 1>, 'number': 1}
2026-03-01 15:38:44,225 : INFO : EventManager : Event: ======'player_turn_ended'====== Args={'player': <Player 1>, 'number': 1}
2026-03-01 15:38:44,225 : INFO : EventManager : Event: ======'player_turn_will_start'====== Args={'player': <Player 2>, 'number': 2}
2026-03-01 15:38:44,225 : INFO : EventManager : Event: ======'player_turn_starting'====== Args={'player': <Player 2>, 'number': 2}
2026-03-01 15:38:44,226 : INFO : EventManager : Event: ======'player_ball'====== Args={'value': 1, 'prev_value': 0, 'change': 1, 'player_num': 2}
2026-03-01 15:38:44,226 : INFO : EventManager : Event: ======'player_turn_started'====== Args={'player': <Player 2>, 'number': 2}
2026-03-01 15:38:44,227 : INFO : EventManager : Event: ======'ball_will_start'====== Args={'player': 2, 'ball': 1, 'balls_remaining': 2, 'is_extra_ball': False}
2026-03-01 15:38:44,227 : INFO : BallController : Found 1 ball(s) on playfield.
2026-03-01 15:38:44,227 : WARNING : BallController : Playfields still contain balls. Waiting for those to drain.
2026-03-01 15:38:44,974 : INFO : SwitchController : <<<<<<< 's_plunger' inactive >>>>>>>
2026-03-01 15:38:44,975 : INFO : ball_device.bd_plunger : State: ball_left
2026-03-01 15:38:44,975 : INFO : ball_device.bd_plunger : Ball left
2026-03-01 15:38:44,975 : INFO : ball_device.bd_plunger : Wait for confirm with timeout 10.0
2026-03-01 15:38:45,227 : INFO : BallController : Found 1 ball(s) on playfield.
2026-03-01 15:38:45,227 : WARNING : BallController : Playfields still contain balls. Waiting for those to drain.
2026-03-01 15:38:45,863 : INFO : SwitchController : <<<<<<< 's_flipper_right_lower' active >>>>>>>
2026-03-01 15:38:45,863 : INFO : EventManager : Event: ======'machine_var_audits_switches_s_flipper_right_lower'====== Args={'value': 455, 'prev_value': 454, 'change': 1}
2026-03-01 15:38:45,871 : INFO : SwitchController : <<<<<<< 's_flipper_right_upper' active >>>>>>>
2026-03-01 15:38:45,871 : INFO : EventManager : Event: ======'machine_var_audits_switches_s_flipper_right_upper'====== Args={'value': 471, 'prev_value': 470, 'change': 1}
2026-03-01 15:38:46,228 : INFO : BallController : Found 1 ball(s) on playfield.
2026-03-01 15:38:46,228 : WARNING : BallController : Playfields still contain balls. Waiting for those to drain.
2026-03-01 15:38:47,229 : INFO : BallController : Found 1 ball(s) on playfield.
2026-03-01 15:38:47,229 : WARNING : BallController : Playfields still contain balls. Waiting for those to drain.
2026-03-01 15:38:48,230 : INFO : BallController : Found 1 ball(s) on playfield.
2026-03-01 15:38:48,230 : WARNING : BallController : Playfields still contain balls. Waiting for those to drain.
2026-03-01 15:38:48,266 : INFO : SwitchController : <<<<<<< 's_flipper_right_lower_eos' inactive >>>>>>>
2026-03-01 15:38:49,068 : INFO : SwitchController : <<<<<<< 's_flipper_right_lower_eos' active >>>>>>>
2026-03-01 15:38:49,069 : INFO : EventManager : Event: ======'machine_var_audits_switches_s_flipper_right_lower_eos'====== Args={'value': 166, 'prev_value': 165, 'change': 1}
2026-03-01 15:38:49,231 : INFO : BallController : Found 1 ball(s) on playfield.
2026-03-01 15:38:49,231 : WARNING : BallController : Playfields still contain balls. Waiting for those to drain.
2026-03-01 15:38:49,698 : INFO : SwitchController : <<<<<<< 's_flipper_right_lower_eos' inactive >>>>>>>
2026-03-01 15:38:50,232 : INFO : BallController : Found 1 ball(s) on playfield.
2026-03-01 15:38:50,232 : WARNING : BallController : Playfields still contain balls. Waiting for those to drain.
2026-03-01 15:38:50,424 : INFO : SwitchController : <<<<<<< 's_flipper_right_lower_eos' active >>>>>>>
2026-03-01 15:38:50,424 : INFO : EventManager : Event: ======'machine_var_audits_switches_s_flipper_right_lower_eos'====== Args={'value': 167, 'prev_value': 166, 'change': 1}
2026-03-01 15:38:51,232 : INFO : BallController : Found 1 ball(s) on playfield.
2026-03-01 15:38:51,232 : WARNING : BallController : Playfields still contain balls. Waiting for those to drain.
2026-03-01 15:38:52,067 : INFO : SwitchController : <<<<<<< 's_trough_6' inactive >>>>>>>
2026-03-01 15:38:52,233 : INFO : BallController : Found 1 ball(s) on playfield.
2026-03-01 15:38:52,234 : WARNING : BallController : Playfields still contain balls. Waiting for those to drain.
2026-03-01 15:38:52,568 : INFO : ball_device.bd_trough : BCH: Count is unstable. Trying to reorder balls.
2026-03-01 15:38:52,569 : WARNING : ball_device.bd_trough : Cannot reorder device because eject_coil_reorder_pulse is not configured
2026-03-01 15:38:52,569 : INFO : ball_device.bd_trough : BCH: Repulse done. Waiting for balls to settle.
2026-03-01 15:38:53,234 : INFO : BallController : Found 1 ball(s) on playfield.
2026-03-01 15:38:53,234 : WARNING : BallController : Playfields still contain balls. Waiting for those to drain.
2026-03-01 15:38:54,236 : INFO : BallController : Found 1 ball(s) on playfield.
2026-03-01 15:38:54,236 : WARNING : BallController : Playfields still contain balls. Waiting for those to drain.
2026-03-01 15:38:54,976 : INFO : ball_device.bd_plunger : State: failed_confirm
2026-03-01 15:38:54,976 : INFO : ball_device.bd_plunger : Got timeout (10.0s) before confirm from <playfield.playfield>
2026-03-01 15:38:55,076 : INFO : ball_device.bd_plunger : Confirming eject because target is playfield and ball did not return.
2026-03-01 15:38:55,076 : INFO : ball_device.bd_plunger : Eject successful
2026-03-01 15:38:55,077 : INFO : EventManager : Event: ======'balldevice_bd_plunger_ball_eject_success'====== Args={'balls': 1, 'target': <playfield.playfield>}
2026-03-01 15:38:55,077 : INFO : EventManager : Event: ======'balldevice_playfield_ball_enter'====== Args={'new_balls': 1, 'unclaimed_balls': 1, 'device': <playfield.playfield>}
2026-03-01 15:38:55,077 : INFO : EventManager : Event: ======'playfield_ball_count_change'====== Args={'balls': 1, 'change': 1}
2026-03-01 15:38:55,078 : INFO : EventManager : Event: ======'balldevice_bd_plunger_ball_count_changed'====== Args={'balls': 0}
2026-03-01 15:38:55,078 : INFO : ball_device.bd_plunger : State: idle
2026-03-01 15:38:55,236 : INFO : BallController : Found 1 ball(s) on playfield.
2026-03-01 15:38:55,236 : WARNING : BallController : Playfields still contain balls. Waiting for those to drain.
2026-03-01 15:38:56,238 : INFO : BallController : Found 1 ball(s) on playfield.
2026-03-01 15:38:56,238 : WARNING : BallController : Playfields still contain balls. Waiting for those to drain.
2026-03-01 15:38:57,239 : INFO : BallController : Found 1 ball(s) on playfield.
2026-03-01 15:38:57,240 : WARNING : BallController : Playfields still contain balls. Waiting for those to drain.
2026-03-01 15:38:58,240 : INFO : BallController : Found 1 ball(s) on playfield.
2026-03-01 15:38:58,241 : WARNING : BallController : Playfields still contain balls. Waiting for those to drain.
2026-03-01 15:38:59,241 : INFO : BallController : Found 1 ball(s) on playfield.
2026-03-01 15:38:59,241 : WARNING : BallController : Playfields still contain balls. Waiting for those to drain.
2026-03-01 15:38:59,884 : INFO : Machine : Shutting down...
2026-03-01 15:38:59,884 : INFO : EventManager : Event: ======'shutdown'====== Args={}
2026-03-01 15:38:59,885 : INFO : EventManager : Event: ======'mode_game_will_stop'====== Args={}
2026-03-01 15:38:59,885 : INFO : EventManager : Event: ======'mode_game_stopping'====== Args={}
2026-03-01 15:38:59,886 : INFO : Mode.game : Stopped.
2026-03-01 15:38:59,886 : INFO : EventManager : Event: ======'modes_active_modes_changed'====== Args={}
2026-03-01 15:38:59,886 : INFO : EventManager : Event: ======'mode_game_stopped'====== Args={}
2026-03-01 15:38:59,886 : INFO : EventManager : Event: ======'clear'====== Args={'key': 'game'}
2026-03-01 15:38:59,991 : INFO : root : MPF run loop ended.
