2026-02-28 17:31:04,202 : INFO : root : Loading config.
2026-02-28 17:31:04,203 : INFO : YamlMultifileConfigLoader : Machine config file #1: config.yaml
2026-02-28 17:31:04,203 : INFO : ConfigProcessor : Loading config from cache: /var/folders/np/pd6clpgx1xs_0sdwz71m1gyh0000gn/T/00addb5eaaf19e366a8bc2e537dfc5e2.mpf_cache
2026-02-28 17:31:04,220 : INFO : ConfigProcessor : Loading config from cache: /var/folders/np/pd6clpgx1xs_0sdwz71m1gyh0000gn/T/17249d28c5038822300153ccd16b5450.mpf_cache
2026-02-28 17:31:04,220 : INFO : ConfigProcessor : Loading config from cache: /var/folders/np/pd6clpgx1xs_0sdwz71m1gyh0000gn/T/786e273e12b38b2b1133a8d0aa2f17ad.mpf_cache
2026-02-28 17:31:04,220 : INFO : ConfigProcessor : Loading config from cache: /var/folders/np/pd6clpgx1xs_0sdwz71m1gyh0000gn/T/17249d28c5038822300153ccd16b5450.mpf_cache
2026-02-28 17:31:04,220 : INFO : ConfigProcessor : Loading config from cache: /var/folders/np/pd6clpgx1xs_0sdwz71m1gyh0000gn/T/128730e328aaa296072fe140e2e7dc9c.mpf_cache
2026-02-28 17:31:04,221 : INFO : ConfigProcessor : Loading config from cache: /var/folders/np/pd6clpgx1xs_0sdwz71m1gyh0000gn/T/6361db87863b427e5d069bbf0c807c9d.mpf_cache
2026-02-28 17:31:04,221 : INFO : Machine : Mission Pinball Framework Core Engine v0.80.0.dev12
2026-02-28 17:31:04,221 : INFO : Machine : Command line arguments: {'no_load_cache': False, 'create_config_cache': True, 'bcp': True, 'configfile': ['config.yaml'], 'force_assets_load': False, 'platform_integration_test': False, 'jsonlogging': False, 'logfile': 'logs/2026-02-28-17-31-04-mpf-ANDREs-MacBook-Pro-2.local.log', 'pause': False, 'production': False, 'text_ui': False, 'loglevel': 15, 'consoleloglevel': 20, 'force_platform': 'virtual', 'syslog_address': None, 'full_logfile_path': '/Users/andre/NapoleonDynamite/logs/2026-02-28-17-31-04-mpf-ANDREs-MacBook-Pro-2.local.log'}
2026-02-28 17:31:04,221 : INFO : Machine : MPF path: /Library/Frameworks/Python.framework/Versions/3.13/lib/python3.13/site-packages/mpf
2026-02-28 17:31:04,221 : INFO : Machine : Machine path: /Users/andre/NapoleonDynamite
2026-02-28 17:31:04,221 : INFO : Machine : Platform: darwin
2026-02-28 17:31:04,221 : INFO : Machine : Python executable location: /Library/Frameworks/Python.framework/Versions/3.13/bin/python3.13
2026-02-28 17:31:04,221 : INFO : Machine : Python version: 3.13.12 (64-bit)
2026-02-28 17:31:04,221 : INFO : Machine : Initializing MPF...
2026-02-28 17:31:04,241 : INFO : EventManager : Event: ======'machine_var_credits_string'====== Args={'value': 'FREE PLAY', 'prev_value': None, 'change': True}
2026-02-28 17:31:04,245 : INFO : EventManager : Event: ======'machine_var_master_volume'====== Args={'value': 0.5, 'prev_value': None, 'change': True}
2026-02-28 17:31:04,245 : INFO : EventManager : Event: ======'machine_var_mpf_version'====== Args={'value': 'Mission Pinball Framework v0.80.0.dev12', 'prev_value': None, 'change': True}
2026-02-28 17:31:04,245 : INFO : EventManager : Event: ======'machine_var_mpf_extended_version'====== Args={'value': 'Mission Pinball Framework v0.80.0.dev12, Config version:6, Show version: 6, BCP version:1.1', 'prev_value': None, 'change': True}
2026-02-28 17:31:04,245 : INFO : EventManager : Event: ======'machine_var_python_version'====== Args={'value': '3.13.12', 'prev_value': None, 'change': True}
2026-02-28 17:31:04,254 : INFO : EventManager : Event: ======'machine_var_platform'====== Args={'value': 'macOS-26.3-arm64-arm-64bit-Mach-O', 'prev_value': None, 'change': True}
2026-02-28 17:31:04,254 : INFO : EventManager : Event: ======'machine_var_platform_system'====== Args={'value': 'Darwin', 'prev_value': None, 'change': True}
2026-02-28 17:31:04,254 : INFO : EventManager : Event: ======'machine_var_platform_release'====== Args={'value': '25.3.0', 'prev_value': None, 'change': True}
2026-02-28 17:31:04,254 : INFO : EventManager : Event: ======'machine_var_platform_version'====== Args={'value': 'Darwin Kernel Version 25.3.0: Wed Jan 28 20:53:05 PST 2026; root:xnu-12377.81.4~5/RELEASE_ARM64_T6020', 'prev_value': None, 'change': True}
2026-02-28 17:31:04,254 : INFO : EventManager : Event: ======'machine_var_platform_machine'====== Args={'value': 'arm64', 'prev_value': None, 'change': True}
2026-02-28 17:31:04,254 : INFO : EventManager : Event: ======'machine_var_log_file_path'====== Args={'value': '/Users/andre/NapoleonDynamite/logs/2026-02-28-17-31-04-mpf-ANDREs-MacBook-Pro-2.local.log', 'prev_value': None, 'change': True}
2026-02-28 17:31:04,254 : INFO : EventManager : Event: ======'init_phase_1'====== Args={}
2026-02-28 17:31:04,260 : INFO : EventManager : Event: ======'init_phase_2'====== Args={}
2026-02-28 17:31:04,260 : INFO : SwitchController : Found active switch: (1004, <Platform.Virtual>) <switch.s_trough_1>
2026-02-28 17:31:04,260 : INFO : SwitchController : Found active switch: (1005, <Platform.Virtual>) <switch.s_trough_2>
2026-02-28 17:31:04,260 : INFO : SwitchController : Found active switch: (1006, <Platform.Virtual>) <switch.s_trough_3>
2026-02-28 17:31:04,260 : INFO : SwitchController : Found active switch: (1007, <Platform.Virtual>) <switch.s_trough_4>
2026-02-28 17:31:04,260 : INFO : SwitchController : Found active switch: (1008, <Platform.Virtual>) <switch.s_trough_5>
2026-02-28 17:31:04,260 : INFO : SwitchController : Found active switch: (1009, <Platform.Virtual>) <switch.s_trough_6>
2026-02-28 17:31:04,260 : INFO : SwitchController : Found active switch: (1010, <Platform.Virtual>) <switch.s_trough_7>
2026-02-28 17:31:04,261 : INFO : EventManager : Event: ======'bcp_connection_attempt'====== Args={'name': 'local_display', 'host': 'localhost', 'port': 5050}
2026-02-28 17:31:04,262 : INFO : BCPClientSocket : Connecting BCP to 'local_display' at localhost:5050...
2026-02-28 17:31:04,265 : INFO : BCPClientSocket : Connected BCP to 'local_display' localhost:5050
2026-02-28 17:31:04,266 : INFO : EventManager : Event: ======'bcp_clients_connected'====== Args={}
2026-02-28 17:31:04,266 : INFO : ball_device.bd_trough : BCH: Initial count: 7
2026-02-28 17:31:04,266 : INFO : ball_device.bd_trough : State: idle
2026-02-28 17:31:04,266 : INFO : ball_device.bd_plunger : BCH: Initial count: 0
2026-02-28 17:31:04,266 : INFO : ball_device.bd_plunger : State: idle
2026-02-28 17:31:04,271 : INFO : EventManager : Event: ======'init_phase_3'====== Args={}
2026-02-28 17:31:04,271 : INFO : EventManager : Event: ======'init_phase_4'====== Args={}
2026-02-28 17:31:04,271 : INFO : BallController : Initial balls found: 7
2026-02-28 17:31:04,272 : INFO : EventManager : Event: ======'machine_var_audits_events_game_ended'====== Args={'value': 0, 'prev_value': None, 'change': True}
2026-02-28 17:31:04,272 : INFO : EventManager : Event: ======'machine_var_audits_events_game_started'====== Args={'value': 5, 'prev_value': None, 'change': True}
2026-02-28 17:31:04,272 : INFO : EventManager : Event: ======'machine_var_audits_missing_switches_s_bumper_lower'====== Args={'value': 1, 'prev_value': None, 'change': True}
2026-02-28 17:31:04,272 : INFO : EventManager : Event: ======'machine_var_audits_missing_switches_s_bumper_upper'====== Args={'value': 1, 'prev_value': None, 'change': True}
2026-02-28 17:31:04,272 : INFO : EventManager : Event: ======'machine_var_audits_missing_switches_s_flipper_left'====== Args={'value': 5, 'prev_value': None, 'change': True}
2026-02-28 17:31:04,272 : INFO : EventManager : Event: ======'machine_var_audits_missing_switches_s_flipper_right_lower'====== Args={'value': 5, 'prev_value': None, 'change': True}
2026-02-28 17:31:04,272 : INFO : EventManager : Event: ======'machine_var_audits_missing_switches_s_flipper_right_upper'====== Args={'value': 5, 'prev_value': None, 'change': True}
2026-02-28 17:31:04,272 : INFO : EventManager : Event: ======'machine_var_audits_missing_switches_s_inlane_right_1'====== Args={'value': 4, 'prev_value': None, 'change': True}
2026-02-28 17:31:04,272 : INFO : EventManager : Event: ======'machine_var_audits_missing_switches_s_inlane_right_2'====== Args={'value': 4, 'prev_value': None, 'change': True}
2026-02-28 17:31:04,272 : INFO : EventManager : Event: ======'machine_var_audits_missing_switches_s_plunger_lane'====== Args={'value': 5, 'prev_value': None, 'change': True}
2026-02-28 17:31:04,272 : INFO : EventManager : Event: ======'machine_var_audits_missing_switches_s_sling_left'====== Args={'value': 5, 'prev_value': None, 'change': True}
2026-02-28 17:31:04,272 : INFO : EventManager : Event: ======'machine_var_audits_missing_switches_s_sling_right'====== Args={'value': 5, 'prev_value': None, 'change': True}
2026-02-28 17:31:04,272 : INFO : EventManager : Event: ======'machine_var_audits_missing_switches_s_start'====== Args={'value': 2, 'prev_value': None, 'change': True}
2026-02-28 17:31:04,272 : INFO : EventManager : Event: ======'machine_var_audits_missing_switches_s_trough_1'====== Args={'value': 5, 'prev_value': None, 'change': True}
2026-02-28 17:31:04,272 : INFO : EventManager : Event: ======'machine_var_audits_missing_switches_s_trough_2'====== Args={'value': 5, 'prev_value': None, 'change': True}
2026-02-28 17:31:04,272 : INFO : EventManager : Event: ======'machine_var_audits_missing_switches_s_trough_3'====== Args={'value': 5, 'prev_value': None, 'change': True}
2026-02-28 17:31:04,272 : INFO : EventManager : Event: ======'machine_var_audits_missing_switches_s_trough_4'====== Args={'value': 5, 'prev_value': None, 'change': True}
2026-02-28 17:31:04,272 : INFO : EventManager : Event: ======'machine_var_audits_missing_switches_s_trough_5'====== Args={'value': 5, 'prev_value': None, 'change': True}
2026-02-28 17:31:04,272 : INFO : EventManager : Event: ======'machine_var_audits_missing_switches_s_trough_6'====== Args={'value': 5, 'prev_value': None, 'change': True}
2026-02-28 17:31:04,272 : INFO : EventManager : Event: ======'machine_var_audits_missing_switches_s_trough_7'====== Args={'value': 5, 'prev_value': None, 'change': True}
2026-02-28 17:31:04,272 : INFO : EventManager : Event: ======'machine_var_audits_player_score'====== Args={'value': {'average': 0, 'top': [], 'total': 0}, 'prev_value': None, 'change': True}
2026-02-28 17:31:04,272 : INFO : EventManager : Event: ======'machine_var_audits_shots_bumper_lower'====== Args={'value': 68, 'prev_value': None, 'change': True}
2026-02-28 17:31:04,272 : INFO : EventManager : Event: ======'machine_var_audits_shots_bumper_upper'====== Args={'value': 78, 'prev_value': None, 'change': True}
2026-02-28 17:31:04,272 : INFO : EventManager : Event: ======'machine_var_audits_shots_inlane_left'====== Args={'value': 14, 'prev_value': None, 'change': True}
2026-02-28 17:31:04,272 : INFO : EventManager : Event: ======'machine_var_audits_switches_s_bumper_lower'====== Args={'value': 68, 'prev_value': None, 'change': True}
2026-02-28 17:31:04,272 : INFO : EventManager : Event: ======'machine_var_audits_switches_s_bumper_upper'====== Args={'value': 78, 'prev_value': None, 'change': True}
2026-02-28 17:31:04,272 : INFO : EventManager : Event: ======'machine_var_audits_switches_s_flipper_left'====== Args={'value': 0, 'prev_value': None, 'change': True}
2026-02-28 17:31:04,272 : INFO : EventManager : Event: ======'machine_var_audits_switches_s_flipper_right_lower'====== Args={'value': 0, 'prev_value': None, 'change': True}
2026-02-28 17:31:04,272 : INFO : EventManager : Event: ======'machine_var_audits_switches_s_flipper_right_upper'====== Args={'value': 0, 'prev_value': None, 'change': True}
2026-02-28 17:31:04,272 : INFO : EventManager : Event: ======'machine_var_audits_switches_s_inlane_left'====== Args={'value': 16, 'prev_value': None, 'change': True}
2026-02-28 17:31:04,272 : INFO : EventManager : Event: ======'machine_var_audits_switches_s_inlane_right_1'====== Args={'value': 2, 'prev_value': None, 'change': True}
2026-02-28 17:31:04,272 : INFO : EventManager : Event: ======'machine_var_audits_switches_s_inlane_right_2'====== Args={'value': 2, 'prev_value': None, 'change': True}
2026-02-28 17:31:04,272 : INFO : EventManager : Event: ======'machine_var_audits_switches_s_plunger_lane'====== Args={'value': 0, 'prev_value': None, 'change': True}
2026-02-28 17:31:04,272 : INFO : EventManager : Event: ======'machine_var_audits_switches_s_sling_left'====== Args={'value': 0, 'prev_value': None, 'change': True}
2026-02-28 17:31:04,272 : INFO : EventManager : Event: ======'machine_var_audits_switches_s_sling_right'====== Args={'value': 0, 'prev_value': None, 'change': True}
2026-02-28 17:31:04,272 : INFO : EventManager : Event: ======'machine_var_audits_switches_s_start'====== Args={'value': 3, 'prev_value': None, 'change': True}
2026-02-28 17:31:04,272 : INFO : EventManager : Event: ======'machine_var_audits_switches_s_trough_1'====== Args={'value': 0, 'prev_value': None, 'change': True}
2026-02-28 17:31:04,272 : INFO : EventManager : Event: ======'machine_var_audits_switches_s_trough_2'====== Args={'value': 0, 'prev_value': None, 'change': True}
2026-02-28 17:31:04,272 : INFO : EventManager : Event: ======'machine_var_audits_switches_s_trough_3'====== Args={'value': 0, 'prev_value': None, 'change': True}
2026-02-28 17:31:04,272 : INFO : EventManager : Event: ======'machine_var_audits_switches_s_trough_4'====== Args={'value': 0, 'prev_value': None, 'change': True}
2026-02-28 17:31:04,272 : INFO : EventManager : Event: ======'machine_var_audits_switches_s_trough_5'====== Args={'value': 0, 'prev_value': None, 'change': True}
2026-02-28 17:31:04,272 : INFO : EventManager : Event: ======'machine_var_audits_switches_s_trough_6'====== Args={'value': 0, 'prev_value': None, 'change': True}
2026-02-28 17:31:04,272 : INFO : EventManager : Event: ======'machine_var_audits_switches_s_trough_7'====== Args={'value': 0, 'prev_value': None, 'change': True}
2026-02-28 17:31:04,273 : INFO : EventManager : Event: ======'init_phase_5'====== Args={}
2026-02-28 17:31:04,273 : INFO : EventManager : Event: ======'init_done'====== Args={}
2026-02-28 17:31:04,273 : INFO : EventManager : Event: ======'machine_reset_phase_1'====== Args={}
2026-02-28 17:31:04,294 : INFO : EventManager : Event: ======'machine_reset_phase_2'====== Args={}
2026-02-28 17:31:04,295 : INFO : EventManager : Event: ======'machine_reset_phase_3'====== Args={}
2026-02-28 17:31:04,295 : INFO : EventManager : Event: ======'reset_complete'====== Args={}
2026-02-28 17:31:04,295 : INFO : EventManager : Event: ======'mode_attract_will_start'====== Args={}
2026-02-28 17:31:04,295 : INFO : Timer.attract_carousel_timer : Starting Timer.
2026-02-28 17:31:04,295 : INFO : EventManager : Event: ======'timer_attract_carousel_timer_started'====== Args={'ticks': 0, 'ticks_remaining': 1}
2026-02-28 17:31:04,295 : INFO : EventManager : Event: ======'timer_attract_carousel_timer_tick'====== Args={'ticks': 0, 'ticks_remaining': 1}
2026-02-28 17:31:04,295 : INFO : EventManager : Event: ======'mode_attract_starting'====== Args={}
2026-02-28 17:31:04,295 : INFO : Mode.attract : Started. Priority: 10
2026-02-28 17:31:04,295 : INFO : EventManager : Event: ======'modes_active_modes_changed'====== Args={}
2026-02-28 17:31:04,295 : INFO : EventManager : Event: ======'mode_attract_started'====== Args={}
2026-02-28 17:31:04,296 : INFO : EventManager : Event: ======'collecting_balls_complete'====== Args={}
2026-02-28 17:31:04,296 : INFO : EventManager : Event: ======'carousel_item_highlighted'====== Args={'carousel': 'attract', 'direction': None, 'item': 'title'}
2026-02-28 17:31:04,296 : INFO : EventManager : Event: ======'timer_attract_carousel_timer_tick'====== Args={'ticks': 0, 'ticks_remaining': 1}
2026-02-28 17:31:04,296 : INFO : Machine : Starting the main run loop with active modes: [<Mode.attract>]
2026-02-28 17:31:04,416 : INFO : EventManager : Event: ======'slide_attract_created'====== Args={'_from_bcp': True}
2026-02-28 17:31:04,417 : INFO : EventManager : Event: ======'slide__removed'====== Args={'_from_bcp': True}
2026-02-28 17:31:04,417 : INFO : EventManager : Event: ======'slide_attract_active'====== Args={'original_context': 'attract', 'original_calling_context': 'mode_attract_started', 'priority': 10.0, 'cmd': 'slides_play', '_from_bcp': True}
2026-02-28 17:31:09,297 : INFO : Timer.attract_carousel_timer : Timer Complete
2026-02-28 17:31:09,297 : INFO : Timer.attract_carousel_timer : Stopping Timer
2026-02-28 17:31:09,298 : INFO : EventManager : Event: ======'timer_attract_carousel_timer_stopped'====== Args={'ticks': 1, 'ticks_remaining': 1}
2026-02-28 17:31:09,298 : INFO : EventManager : Event: ======'timer_attract_carousel_timer_complete'====== Args={'ticks': 1, 'ticks_remaining': 1}
2026-02-28 17:31:09,299 : INFO : EventManager : Event: ======'carousel_item_highlighted'====== Args={'carousel': 'attract', 'direction': 'forwards', 'item': 'credits'}
2026-02-28 17:31:09,299 : INFO : Timer.attract_carousel_timer : Starting Timer.
2026-02-28 17:31:09,299 : INFO : EventManager : Event: ======'timer_attract_carousel_timer_started'====== Args={'ticks': 0, 'ticks_remaining': 1}
2026-02-28 17:31:09,300 : INFO : EventManager : Event: ======'timer_attract_carousel_timer_tick'====== Args={'ticks': 0, 'ticks_remaining': 1}
2026-02-28 17:31:12,389 : INFO : SwitchController : <<<<<<< 's_flipper_left' active >>>>>>>
2026-02-28 17:31:12,390 : INFO : EventManager : Event: ======'s_flipper_left_active'====== Args={}
2026-02-28 17:31:12,391 : INFO : EventManager : Event: ======'carousel_item_highlighted'====== Args={'carousel': 'attract', 'direction': 'backwards', 'item': 'title'}
2026-02-28 17:31:12,391 : INFO : EventManager : Event: ======'timer_attract_carousel_timer_tick'====== Args={'ticks': 0, 'ticks_remaining': 1}
2026-02-28 17:31:12,572 : INFO : SwitchController : <<<<<<< 's_flipper_left' inactive >>>>>>>
2026-02-28 17:31:12,956 : INFO : SwitchController : <<<<<<< 's_flipper_right_lower' active >>>>>>>
2026-02-28 17:31:12,956 : INFO : EventManager : Event: ======'s_flipper_right_lower_active'====== Args={}
2026-02-28 17:31:12,957 : INFO : EventManager : Event: ======'carousel_item_highlighted'====== Args={'carousel': 'attract', 'direction': 'forwards', 'item': 'credits'}
2026-02-28 17:31:12,957 : INFO : EventManager : Event: ======'timer_attract_carousel_timer_tick'====== Args={'ticks': 0, 'ticks_remaining': 1}
2026-02-28 17:31:13,104 : INFO : SwitchController : <<<<<<< 's_flipper_right_lower' inactive >>>>>>>
2026-02-28 17:31:13,355 : INFO : SwitchController : <<<<<<< 's_flipper_right_lower' active >>>>>>>
2026-02-28 17:31:13,356 : INFO : EventManager : Event: ======'s_flipper_right_lower_active'====== Args={}
2026-02-28 17:31:13,356 : INFO : EventManager : Event: ======'carousel_item_highlighted'====== Args={'carousel': 'attract', 'direction': 'forwards', 'item': 'logo'}
2026-02-28 17:31:13,357 : INFO : EventManager : Event: ======'timer_attract_carousel_timer_tick'====== Args={'ticks': 0, 'ticks_remaining': 1}
2026-02-28 17:31:13,505 : INFO : SwitchController : <<<<<<< 's_flipper_right_lower' inactive >>>>>>>
2026-02-28 17:31:14,473 : INFO : SwitchController : <<<<<<< 's_start' active >>>>>>>
2026-02-28 17:31:14,556 : INFO : SwitchController : <<<<<<< 's_start' inactive >>>>>>>
2026-02-28 17:31:14,556 : INFO : EventManager : Event: ======'request_to_start_game'====== Args={}
2026-02-28 17:31:14,557 : INFO : EventManager : Event: ======'game_start'====== Args={'buttons': [], 'hold_time': 0.08313675003591925}
2026-02-28 17:31:14,558 : INFO : EventManager : Event: ======'mode_game_will_start'====== Args={'buttons': [], 'hold_time': 0.08313675003591925}
2026-02-28 17:31:14,561 : INFO : EventManager : Event: ======'mode_game_starting'====== Args={'buttons': [], 'hold_time': 0.08313675003591925}
2026-02-28 17:31:14,561 : INFO : EventManager : Event: ======'mode_attract_will_stop'====== Args={}
2026-02-28 17:31:14,561 : INFO : EventManager : Event: ======'mode_attract_stopping'====== Args={}
2026-02-28 17:31:14,561 : INFO : Mode.attract : Stopped.
2026-02-28 17:31:14,561 : INFO : EventManager : Event: ======'modes_active_modes_changed'====== Args={}
2026-02-28 17:31:14,562 : INFO : EventManager : Event: ======'mode_attract_stopped'====== Args={}
2026-02-28 17:31:14,562 : INFO : EventManager : Event: ======'clear'====== Args={'key': 'attract'}
2026-02-28 17:31:14,564 : INFO : Timer.attract_carousel_timer : Stopping Timer
2026-02-28 17:31:14,564 : INFO : EventManager : Event: ======'timer_attract_carousel_timer_stopped'====== Args={'ticks': 0, 'ticks_remaining': 1}
2026-02-28 17:31:14,564 : INFO : Mode.game : Started. Priority: 20
2026-02-28 17:31:14,564 : INFO : EventManager : Event: ======'modes_active_modes_changed'====== Args={}
2026-02-28 17:31:14,565 : INFO : EventManager : Event: ======'mode_game_started'====== Args={'buttons': [], 'hold_time': 0.08313675003591925}
2026-02-28 17:31:14,566 : INFO : EventManager : Event: ======'game_will_start'====== Args={}
2026-02-28 17:31:14,566 : INFO : EventManager : Event: ======'game_starting'====== Args={'game': <Mode.game>}
2026-02-28 17:31:14,567 : INFO : EventManager : Unordered handler for class <Auditor> on event game_ended with priority 1. Handlers: [RegisteredHandler(callback=<bound method Auditor.disable of <Auditor>>, priority=1, kwargs={}, key=UUID('545b73ce-5161-4fb8-841b-e628a42dfecc'), condition=None, blocking_facility=None), RegisteredHandler(callback=<bound method Auditor._save_audits of <Auditor>>, priority=1, kwargs={}, key=UUID('d70aa2b2-c5c9-478d-ac4c-3fb0c3bd92f7'), condition=None, blocking_facility=None)]. The order of those handlers is not defined and they will be executed in random order. This might lead to race conditions and potential bugs.
2026-02-28 17:31:14,568 : INFO : EventManager : Event: ======'player_add_request'====== Args={}
2026-02-28 17:31:14,568 : INFO : EventManager : Event: ======'player_will_add'====== Args={'number': 1}
2026-02-28 17:31:14,568 : INFO : EventManager : Event: ======'player_adding'====== Args={'player': <Player 1>, 'number': 1}
2026-02-28 17:31:14,569 : INFO : EventManager : Event: ======'player_added'====== Args={'player': <Player 1>, 'num': 1}
2026-02-28 17:31:14,569 : INFO : Mode.game : Player added successfully. Total players: 1
2026-02-28 17:31:14,569 : INFO : EventManager : Event: ======'player_index'====== Args={'value': 0, 'prev_value': 0, 'change': 0, 'player_num': 1}
2026-02-28 17:31:14,570 : INFO : EventManager : Event: ======'player_number'====== Args={'value': 1, 'prev_value': 1, 'change': 0, 'player_num': 1}
2026-02-28 17:31:14,570 : INFO : EventManager : Event: ======'player_score'====== Args={'value': 0, 'prev_value': 0, 'change': 0, 'player_num': 1}
2026-02-28 17:31:14,572 : INFO : EventManager : Event: ======'game_started'====== Args={}
2026-02-28 17:31:14,572 : INFO : EventManager : Event: ======'player_turn_will_start'====== Args={'player': <Player 1>, 'number': 1}
2026-02-28 17:31:14,573 : INFO : EventManager : Event: ======'player_turn_starting'====== Args={'player': <Player 1>, 'number': 1}
2026-02-28 17:31:14,573 : INFO : EventManager : Event: ======'player_ball'====== Args={'value': 1, 'prev_value': 0, 'change': 1, 'player_num': 1}
2026-02-28 17:31:14,580 : INFO : EventManager : Event: ======'player_turn_started'====== Args={'player': <Player 1>, 'number': 1}
2026-02-28 17:31:14,581 : INFO : EventManager : Event: ======'ball_will_start'====== Args={'player': 1, 'ball': 1, 'balls_remaining': 2, 'is_extra_ball': False}
2026-02-28 17:31:14,581 : INFO : EventManager : Event: ======'ball_starting'====== Args={'player': 1, 'ball': 1, 'balls_remaining': 2, 'is_extra_ball': False}
2026-02-28 17:31:14,582 : INFO : EventManager : Event: ======'mode_base_will_start'====== Args={'queue': <QueuedEvent>, 'player': 1, 'ball': 1, 'balls_remaining': 2, 'is_extra_ball': False}
2026-02-28 17:31:14,582 : INFO : EventManager : Event: ======'player_shot_inlane_left_enabled'====== Args={'value': True, 'prev_value': 0, 'change': 1, 'player_num': 1}
2026-02-28 17:31:14,583 : INFO : EventManager : Event: ======'mode_base_starting'====== Args={'queue': <QueuedEvent>, 'player': 1, 'ball': 1, 'balls_remaining': 2, 'is_extra_ball': False}
2026-02-28 17:31:14,583 : INFO : Mode.base : Started. Priority: 100
2026-02-28 17:31:14,583 : INFO : EventManager : Event: ======'modes_active_modes_changed'====== Args={}
2026-02-28 17:31:14,583 : INFO : EventManager : Event: ======'mode_base_started'====== Args={'queue': <QueuedEvent>, 'player': 1, 'ball': 1, 'balls_remaining': 2, 'is_extra_ball': False}
2026-02-28 17:31:14,584 : INFO : EventManager : Event: ======'start_mode_bumpers'====== Args={'priority': 0}
2026-02-28 17:31:14,584 : INFO : EventManager : Event: ======'mode_bumpers_will_start'====== Args={'priority': 0}
2026-02-28 17:31:14,584 : INFO : EventManager : Event: ======'player_shot_bumper_lower_enabled'====== Args={'value': True, 'prev_value': 0, 'change': 1, 'player_num': 1}
2026-02-28 17:31:14,585 : INFO : EventManager : Event: ======'player_shot_bumper_upper_enabled'====== Args={'value': True, 'prev_value': 0, 'change': 1, 'player_num': 1}
2026-02-28 17:31:14,585 : INFO : EventManager : Event: ======'bumpers_complete'====== Args={'state': 'unlit'}
2026-02-28 17:31:14,585 : INFO : EventManager : Event: ======'bumpers_unlit_complete'====== Args={}
2026-02-28 17:31:14,586 : INFO : EventManager : Event: ======'mode_bumpers_starting'====== Args={'priority': 0}
2026-02-28 17:31:14,586 : INFO : Mode.bumpers : Started. Priority: 200
2026-02-28 17:31:14,586 : INFO : EventManager : Event: ======'modes_active_modes_changed'====== Args={}
2026-02-28 17:31:14,586 : INFO : EventManager : Event: ======'mode_bumpers_started'====== Args={'priority': 0}
2026-02-28 17:31:14,586 : INFO : EventManager : Event: ======'balls_in_play'====== Args={'balls': 1}
2026-02-28 17:31:14,586 : INFO : EventManager : Event: ======'ball_started'====== Args={'player': 1, 'ball': 1, 'balls_remaining': 2, 'is_extra_ball': False}
2026-02-28 17:31:14,586 : INFO : EventManager : Event: ======'single_player_ball_started'====== Args={}
2026-02-28 17:31:14,587 : INFO : EventManager : Event: ======'ball_start_target'====== Args={'target': 'playfield'}
2026-02-28 17:31:14,587 : INFO : ball_device.bd_trough : Setting up player-controlled eject. Balls: 1, Target: <playfield.playfield>, player_controlled_eject_event: None
2026-02-28 17:31:14,587 : INFO : ball_device.bd_trough : Adding 1 ball(s) to the eject_queue with target <playfield.playfield>.
2026-02-28 17:31:14,587 : INFO : EventManager : Event: ======'balldevice_balls_available'====== Args={}
2026-02-28 17:31:14,587 : INFO : ball_device.bd_trough : State: waiting_for_target_ready
2026-02-28 17:31:14,587 : INFO : EventManager : Event: ======'balldevice_bd_trough_ball_eject_attempt'====== Args={'balls': 1, 'target': <ball_device.bd_plunger>, 'source': <ball_device.bd_trough>, 'mechanical_eject': False, 'num_attempts': 0}
2026-02-28 17:31:14,587 : INFO : ball_device.bd_plunger : State: waiting_for_ball
2026-02-28 17:31:14,588 : INFO : ball_device.bd_trough : State: ejecting
2026-02-28 17:31:14,588 : INFO : ball_device.bd_trough : Ejecting ball to <ball_device.bd_plunger>
2026-02-28 17:31:14,588 : INFO : EventManager : Event: ======'balldevice_bd_trough_ejecting_ball'====== Args={'balls': 1, 'target': <ball_device.bd_plunger>, 'source': <ball_device.bd_trough>, 'mechanical_eject': False, 'num_attempts': 0}
2026-02-28 17:31:14,588 : INFO : ball_device.bd_trough : Wait for ball to leave device
2026-02-28 17:31:14,588 : INFO : coil.c_trough_eject : Pulsing Driver for 10ms (1.0 pulse_power)
2026-02-28 17:31:14,623 : INFO : EventManager : Event: ======'slide_base_slide_created'====== Args={'_from_bcp': True}
2026-02-28 17:31:14,623 : INFO : EventManager : Event: ======'slide_attract_inactive'====== Args={'is_removing': True, '_from_bcp': True}
2026-02-28 17:31:14,624 : INFO : EventManager : Event: ======'slide_base_slide_active'====== Args={'original_context': 'base', 'original_calling_context': 'mode_base_started', 'priority': 100.0, 'queue': '<QueuedEvent>', 'player': 1.0, 'ball': 1.0, 'balls_remaining': 2.0, 'is_extra_ball': False, 'cmd': 'slides_play', '_from_bcp': True}
2026-02-28 17:31:14,624 : INFO : EventManager : Event: ======'slide_attract_removed'====== Args={'_from_bcp': True}
2026-02-28 17:31:16,447 : INFO : SwitchController : <<<<<<< 's_inlane_left' active >>>>>>>
2026-02-28 17:31:16,448 : INFO : EventManager : Event: ======'playfield_active'====== Args={'source': 'inlane_left'}
2026-02-28 17:31:16,448 : INFO : EventManager : Event: ======'unexpected_ball_on_playfield'====== Args={}
2026-02-28 17:31:16,448 : INFO : EventManager : Event: ======'s_inlane_left_active'====== Args={}
2026-02-28 17:31:16,448 : INFO : EventManager : Event: ======'machine_var_audits_switches_s_inlane_left'====== Args={'value': 17, 'prev_value': 16, 'change': 1}
2026-02-28 17:31:16,450 : INFO : EventManager : Event: ======'player_shot_inlane_left'====== Args={'value': 1, 'prev_value': 0, 'change': 1, 'player_num': 1}
2026-02-28 17:31:16,450 : INFO : EventManager : Event: ======'machine_var_audits_shots_inlane_left'====== Args={'value': 15, 'prev_value': 14, 'change': 1}
2026-02-28 17:31:16,451 : INFO : EventManager : Event: ======'inlane_left_hit'====== Args={'profile': 'default', 'state': 'unlit', 'advancing': True}
2026-02-28 17:31:16,451 : INFO : EventManager : Event: ======'inlane_left_default_hit'====== Args={'profile': 'default', 'state': 'unlit', 'advancing': True}
2026-02-28 17:31:16,451 : INFO : EventManager : Event: ======'inlane_left_default_unlit_hit'====== Args={'profile': 'default', 'state': 'unlit', 'advancing': True}
2026-02-28 17:31:16,451 : INFO : EventManager : Event: ======'inlane_left_unlit_hit'====== Args={'profile': 'default', 'state': 'unlit', 'advancing': True}
2026-02-28 17:31:16,539 : INFO : SwitchController : <<<<<<< 's_inlane_left' inactive >>>>>>>
2026-02-28 17:31:24,590 : INFO : EventManager : Event: ======'balldevice_bd_trough_ball_eject_failed'====== Args={'target': <ball_device.bd_plunger>, 'balls': 1, 'retry': True, 'num_attempts': 1}
2026-02-28 17:31:24,592 : INFO : ball_device.bd_trough : State: waiting_for_target_ready
2026-02-28 17:31:24,592 : INFO : EventManager : Event: ======'balldevice_bd_trough_ball_eject_attempt'====== Args={'balls': 1, 'target': <ball_device.bd_plunger>, 'source': <ball_device.bd_trough>, 'mechanical_eject': False, 'num_attempts': 1}
2026-02-28 17:31:24,593 : INFO : ball_device.bd_trough : State: ejecting
2026-02-28 17:31:24,593 : INFO : ball_device.bd_trough : Ejecting ball to <ball_device.bd_plunger>
2026-02-28 17:31:24,593 : INFO : EventManager : Event: ======'balldevice_bd_trough_ejecting_ball'====== Args={'balls': 1, 'target': <ball_device.bd_plunger>, 'source': <ball_device.bd_trough>, 'mechanical_eject': False, 'num_attempts': 1}
2026-02-28 17:31:24,593 : INFO : ball_device.bd_trough : Wait for ball to leave device
2026-02-28 17:31:24,594 : INFO : coil.c_trough_eject : Pulsing Driver for 10ms (1.0 pulse_power)
2026-02-28 17:31:27,283 : INFO : Machine : Shutting down...
2026-02-28 17:31:27,283 : INFO : EventManager : Event: ======'shutdown'====== Args={}
2026-02-28 17:31:27,284 : INFO : EventManager : Event: ======'mode_game_will_stop'====== Args={}
2026-02-28 17:31:27,284 : INFO : EventManager : Event: ======'mode_game_stopping'====== Args={}
2026-02-28 17:31:27,285 : INFO : EventManager : Event: ======'mode_bumpers_will_stop'====== Args={}
2026-02-28 17:31:27,285 : INFO : EventManager : Event: ======'mode_bumpers_stopping'====== Args={}
2026-02-28 17:31:27,285 : INFO : EventManager : Event: ======'mode_base_will_stop'====== Args={}
2026-02-28 17:31:27,285 : INFO : EventManager : Event: ======'mode_base_stopping'====== Args={}
2026-02-28 17:31:27,285 : INFO : EventManager : Event: ======'stop_mode_bumpers'====== Args={'priority': 0}
2026-02-28 17:31:27,285 : INFO : Mode.base : Stopped.
2026-02-28 17:31:27,285 : INFO : EventManager : Event: ======'modes_active_modes_changed'====== Args={}
2026-02-28 17:31:27,285 : INFO : EventManager : Event: ======'mode_base_stopped'====== Args={}
2026-02-28 17:31:27,285 : INFO : EventManager : Event: ======'clear'====== Args={'key': 'base'}
2026-02-28 17:31:27,285 : INFO : Mode.bumpers : Stopped.
2026-02-28 17:31:27,285 : INFO : EventManager : Event: ======'modes_active_modes_changed'====== Args={}
2026-02-28 17:31:27,285 : INFO : EventManager : Event: ======'mode_bumpers_stopped'====== Args={}
2026-02-28 17:31:27,285 : INFO : EventManager : Event: ======'clear'====== Args={'key': 'bumpers'}
2026-02-28 17:31:27,286 : INFO : Mode.game : Stopped.
2026-02-28 17:31:27,286 : INFO : EventManager : Event: ======'modes_active_modes_changed'====== Args={}
2026-02-28 17:31:27,286 : INFO : EventManager : Event: ======'mode_game_stopped'====== Args={}
2026-02-28 17:31:27,286 : INFO : EventManager : Event: ======'clear'====== Args={'key': 'game'}
2026-02-28 17:31:27,287 : INFO : root : MPF run loop ended.
