2026-03-01 16:03:29,287 : INFO : root : Loading config.
2026-03-01 16:03:29,670 : INFO : ConfigProcessor : Config spec file cache created: /var/folders/1s/015t8n3n70gcr2ch4xflj4yr0000gn/T/config_spec.mpf_cache
2026-03-01 16:03:29,670 : INFO : YamlMultifileConfigLoader : Machine config file #1: config.yaml
2026-03-01 16:03:29,671 : INFO : ConfigProcessor : Loading config from cache: /var/folders/1s/015t8n3n70gcr2ch4xflj4yr0000gn/T/954ddabc670342668a09b03520c7eb79.mpf_cache
2026-03-01 16:03:29,753 : INFO : ConfigProcessor : Loading config from cache: /var/folders/1s/015t8n3n70gcr2ch4xflj4yr0000gn/T/64218df07edc412f774c53ffb33c812d.mpf_cache
2026-03-01 16:03:29,754 : INFO : ConfigProcessor : Loading config from cache: /var/folders/1s/015t8n3n70gcr2ch4xflj4yr0000gn/T/767518d75df2d86a4d35c1fb94c70abd.mpf_cache
2026-03-01 16:03:29,755 : INFO : ConfigProcessor : Loading config from cache: /var/folders/1s/015t8n3n70gcr2ch4xflj4yr0000gn/T/64218df07edc412f774c53ffb33c812d.mpf_cache
2026-03-01 16:03:29,755 : INFO : ConfigProcessor : Loading config from cache: /var/folders/1s/015t8n3n70gcr2ch4xflj4yr0000gn/T/73548cb541cc3751ae5711fe0817282a.mpf_cache
2026-03-01 16:03:29,756 : INFO : ConfigProcessor : Loading config from cache: /var/folders/1s/015t8n3n70gcr2ch4xflj4yr0000gn/T/57f006170cd447d443f971cd8b826597.mpf_cache
2026-03-01 16:03:29,756 : INFO : ConfigProcessor : Loading config from cache: /var/folders/1s/015t8n3n70gcr2ch4xflj4yr0000gn/T/adb0ea3e4ccf2dafa758999a39c1d676.mpf_cache
2026-03-01 16:03:29,757 : INFO : Machine : Mission Pinball Framework Core Engine v0.80.0.dev13
2026-03-01 16:03:29,757 : INFO : Machine : Command line arguments: {'no_load_cache': False, 'create_config_cache': True, 'bcp': True, 'configfile': ['config.yaml'], 'force_assets_load': False, 'platform_integration_test': False, 'jsonlogging': False, 'logfile': 'logs/2026-03-01-16-03-29-mpf-ANDREs-Mac-mini.local.log', 'pause': False, 'production': False, 'text_ui': True, 'loglevel': 15, 'consoleloglevel': 20, 'force_platform': None, 'syslog_address': None, 'full_logfile_path': '/Users/pinball/NapoleonDynamite/logs/2026-03-01-16-03-29-mpf-ANDREs-Mac-mini.local.log'}
2026-03-01 16:03:29,757 : INFO : Machine : MPF path: /Users/pinball/mpf/lib/python3.14/site-packages/mpf
2026-03-01 16:03:29,757 : INFO : Machine : Machine path: /Users/pinball/NapoleonDynamite
2026-03-01 16:03:29,757 : INFO : Machine : Platform: darwin
2026-03-01 16:03:29,757 : INFO : Machine : Python executable location: /Users/pinball/mpf/bin/python3.14
2026-03-01 16:03:29,757 : INFO : Machine : Python version: 3.14.3 (64-bit)
2026-03-01 16:03:29,758 : INFO : Machine : Initializing MPF...
2026-03-01 16:03:29,867 : INFO : FAST : Auto-detecting ports for the following connections: ['net', 'exp']
2026-03-01 16:03:29,889 : INFO : FAST : Detected NET on port /dev/cu.usbmodem14101
2026-03-01 16:03:29,898 : INFO : FAST : Detected EXP on port /dev/cu.usbmodem14103
2026-03-01 16:03:30,005 : INFO : FAST [NET] : Trying to connect to /dev/cu.usbmodem14101 at 921600bps
2026-03-01 16:03:30,010 : INFO : FAST [NET] : Connected to /dev/cu.usbmodem14101 at 921600bps
2026-03-01 16:03:30,013 : INFO : FAST [NET] : Connected to FP-CPU-2000 with firmware v02.26
2026-03-01 16:03:30,015 : INFO : FAST [NET] : Registered I/O Board 0: Model: FP-I/O-0024, Firmware: 01.10, Switches: 24, Drivers: 8
2026-03-01 16:03:30,017 : INFO : FAST [NET] : Registered I/O Board 1: Model: FP-I/O-3208, Firmware: 01.10, Switches: 32, Drivers: 8
2026-03-01 16:03:30,018 : INFO : FAST [NET] : Registered I/O Board 2: Model: FP-I/O-0804, Firmware: 01.10, Switches: 8, Drivers: 4
2026-03-01 16:03:30,020 : INFO : FAST [EXP] : Trying to connect to /dev/cu.usbmodem14103 at 921600bps
2026-03-01 16:03:30,026 : INFO : FAST [EXP] : Connected to /dev/cu.usbmodem14103 at 921600bps
2026-03-01 16:03:30,028 : INFO : FAST [EXP] : Verifying hardware for EXP "neuron" (FP-EXP-2000, @48) with ID string "EXP FP-EXP-2000  0.34", board address 48
2026-03-01 16:03:30,030 : INFO : FAST [EXP] : Verifying hardware for EXP "neuron" (FP-EXP-2000, @48) with ID string "LED FP-BRK-0001  0.8", board address 480
2026-03-01 16:03:30,032 : INFO : EventManager : Event: ======'machine_var_credits_string'====== Args={'value': 'FREE PLAY', 'prev_value': None, 'change': True}
2026-03-01 16:03:30,051 : INFO : EventManager : Event: ======'machine_var_master_volume'====== Args={'value': 0.5, 'prev_value': None, 'change': True}
2026-03-01 16:03:30,051 : INFO : EventManager : Event: ======'machine_var_mpf_version'====== Args={'value': 'Mission Pinball Framework v0.80.0.dev13', 'prev_value': None, 'change': True}
2026-03-01 16:03:30,051 : INFO : EventManager : Event: ======'machine_var_mpf_extended_version'====== Args={'value': 'Mission Pinball Framework v0.80.0.dev13, Config version:6, Show version: 6, BCP version:1.1', 'prev_value': None, 'change': True}
2026-03-01 16:03:30,051 : INFO : EventManager : Event: ======'machine_var_python_version'====== Args={'value': '3.14.3', 'prev_value': None, 'change': True}
2026-03-01 16:03:30,089 : INFO : EventManager : Event: ======'machine_var_platform'====== Args={'value': 'macOS-14.8.4-x86_64-i386-64bit-Mach-O', 'prev_value': None, 'change': True}
2026-03-01 16:03:30,090 : INFO : EventManager : Event: ======'machine_var_platform_system'====== Args={'value': 'Darwin', 'prev_value': None, 'change': True}
2026-03-01 16:03:30,090 : INFO : EventManager : Event: ======'machine_var_platform_release'====== Args={'value': '23.6.0', 'prev_value': None, 'change': True}
2026-03-01 16:03:30,090 : INFO : EventManager : Event: ======'machine_var_platform_version'====== Args={'value': 'Darwin Kernel Version 23.6.0: Mon Jan 19 22:02:22 PST 2026; root:xnu-10063.141.1.710.3~1/RELEASE_X86_64', 'prev_value': None, 'change': True}
2026-03-01 16:03:30,090 : INFO : EventManager : Event: ======'machine_var_platform_machine'====== Args={'value': 'x86_64', 'prev_value': None, 'change': True}
2026-03-01 16:03:30,090 : INFO : EventManager : Event: ======'machine_var_log_file_path'====== Args={'value': '/Users/pinball/NapoleonDynamite/logs/2026-03-01-16-03-29-mpf-ANDREs-Mac-mini.local.log', 'prev_value': None, 'change': True}
2026-03-01 16:03:30,091 : INFO : EventManager : Event: ======'init_phase_1'====== Args={}
2026-03-01 16:03:30,267 : INFO : SwitchController : <<<<<<< 's_flipper_left_eos' active >>>>>>>
2026-03-01 16:03:30,267 : INFO : SwitchController : <<<<<<< 's_flipper_right_lower_eos' active >>>>>>>
2026-03-01 16:03:30,267 : INFO : SwitchController : <<<<<<< 's_trough_7' active >>>>>>>
2026-03-01 16:03:30,267 : INFO : SwitchController : <<<<<<< 's_inlane_right_2' active >>>>>>>
2026-03-01 16:03:30,267 : INFO : SwitchController : <<<<<<< 's_inlane_left' active >>>>>>>
2026-03-01 16:03:30,298 : INFO : EventManager : Event: ======'init_phase_2'====== Args={}
2026-03-01 16:03:30,299 : INFO : SwitchController : Found active switch: (37, [FAST Platform Interface]) <switch.s_flipper_left_eos>
2026-03-01 16:03:30,299 : INFO : SwitchController : Found active switch: (32, [FAST Platform Interface]) <switch.s_flipper_right_lower_eos>
2026-03-01 16:03:30,299 : INFO : SwitchController : Found active switch: (30, [FAST Platform Interface]) <switch.s_trough_7>
2026-03-01 16:03:30,299 : INFO : SwitchController : Found active switch: (36, [FAST Platform Interface]) <switch.s_inlane_right_2>
2026-03-01 16:03:30,299 : INFO : SwitchController : Found active switch: (39, [FAST Platform Interface]) <switch.s_inlane_left>
2026-03-01 16:03:30,305 : INFO : EventManager : Event: ======'bcp_connection_attempt'====== Args={'name': 'local_display', 'host': 'localhost', 'port': 5050}
2026-03-01 16:03:30,307 : INFO : BCPClientSocket : Connecting BCP to 'local_display' at localhost:5050...
2026-03-01 16:03:30,316 : INFO : BCPClientSocket : Connected BCP to 'local_display' localhost:5050
2026-03-01 16:03:30,317 : INFO : EventManager : Event: ======'bcp_clients_connected'====== Args={}
2026-03-01 16:03:30,768 : INFO : ball_device.bd_trough : BCH: Initial count: 1
2026-03-01 16:03:30,769 : INFO : ball_device.bd_trough : State: idle
2026-03-01 16:03:30,770 : INFO : ball_device.bd_plunger : BCH: Initial count: 0
2026-03-01 16:03:30,770 : INFO : ball_device.bd_plunger : State: idle
2026-03-01 16:03:30,787 : INFO : EventManager : Event: ======'init_phase_3'====== Args={}
2026-03-01 16:03:30,789 : INFO : EventManager : Event: ======'init_phase_4'====== Args={}
2026-03-01 16:03:30,790 : INFO : BallController : Initial balls found: 1
2026-03-01 16:03:30,791 : INFO : EventManager : Event: ======'machine_var_audits_events_game_ended'====== Args={'value': 0, 'prev_value': None, 'change': True}
2026-03-01 16:03:30,792 : INFO : EventManager : Event: ======'machine_var_audits_events_game_started'====== Args={'value': 38, 'prev_value': None, 'change': True}
2026-03-01 16:03:30,792 : INFO : EventManager : Event: ======'machine_var_audits_missing_switches_s_bumper_lower'====== Args={'value': 28, 'prev_value': None, 'change': True}
2026-03-01 16:03:30,792 : INFO : EventManager : Event: ======'machine_var_audits_missing_switches_s_bumper_upper'====== Args={'value': 29, 'prev_value': None, 'change': True}
2026-03-01 16:03:30,792 : INFO : EventManager : Event: ======'machine_var_audits_missing_switches_s_flipper_left'====== Args={'value': 1, 'prev_value': None, 'change': True}
2026-03-01 16:03:30,792 : INFO : EventManager : Event: ======'machine_var_audits_missing_switches_s_flipper_left_eos'====== Args={'value': 7, 'prev_value': None, 'change': True}
2026-03-01 16:03:30,792 : INFO : EventManager : Event: ======'machine_var_audits_missing_switches_s_flipper_right_lower_eos'====== Args={'value': 6, 'prev_value': None, 'change': True}
2026-03-01 16:03:30,792 : INFO : EventManager : Event: ======'machine_var_audits_missing_switches_s_flipper_right_upper_eos'====== Args={'value': 24, 'prev_value': None, 'change': True}
2026-03-01 16:03:30,792 : INFO : EventManager : Event: ======'machine_var_audits_missing_switches_s_inlane_left'====== Args={'value': 29, 'prev_value': None, 'change': True}
2026-03-01 16:03:30,792 : INFO : EventManager : Event: ======'machine_var_audits_missing_switches_s_inlane_right_1'====== Args={'value': 11, 'prev_value': None, 'change': True}
2026-03-01 16:03:30,793 : INFO : EventManager : Event: ======'machine_var_audits_missing_switches_s_inlane_right_2'====== Args={'value': 29, 'prev_value': None, 'change': True}
2026-03-01 16:03:30,793 : INFO : EventManager : Event: ======'machine_var_audits_missing_switches_s_scoop_tina'====== Args={'value': 10, 'prev_value': None, 'change': True}
2026-03-01 16:03:30,793 : INFO : EventManager : Event: ======'machine_var_audits_missing_switches_s_sling_left'====== Args={'value': 5, 'prev_value': None, 'change': True}
2026-03-01 16:03:30,793 : INFO : EventManager : Event: ======'machine_var_audits_missing_switches_s_sling_right'====== Args={'value': 1, 'prev_value': None, 'change': True}
2026-03-01 16:03:30,793 : INFO : EventManager : Event: ======'machine_var_audits_missing_switches_s_start'====== Args={'value': 1, 'prev_value': None, 'change': True}
2026-03-01 16:03:30,793 : INFO : EventManager : Event: ======'machine_var_audits_player_score'====== Args={'value': {'average': 0, 'top': [], 'total': 0}, 'prev_value': None, 'change': True}
2026-03-01 16:03:30,793 : INFO : EventManager : Event: ======'machine_var_audits_shots_bumper_lower'====== Args={'value': 76, 'prev_value': None, 'change': True}
2026-03-01 16:03:30,793 : INFO : EventManager : Event: ======'machine_var_audits_shots_bumper_upper'====== Args={'value': 81, 'prev_value': None, 'change': True}
2026-03-01 16:03:30,793 : INFO : EventManager : Event: ======'machine_var_audits_shots_hurryup'====== Args={'value': 3, 'prev_value': None, 'change': True}
2026-03-01 16:03:30,793 : INFO : EventManager : Event: ======'machine_var_audits_shots_inlane_left'====== Args={'value': 17, 'prev_value': None, 'change': True}
2026-03-01 16:03:30,793 : INFO : EventManager : Event: ======'machine_var_audits_shots_left_lane'====== Args={'value': 8, 'prev_value': None, 'change': True}
2026-03-01 16:03:30,793 : INFO : EventManager : Event: ======'machine_var_audits_switches_s_bumper_lower'====== Args={'value': 76, 'prev_value': None, 'change': True}
2026-03-01 16:03:30,794 : INFO : EventManager : Event: ======'machine_var_audits_switches_s_bumper_upper'====== Args={'value': 81, 'prev_value': None, 'change': True}
2026-03-01 16:03:30,794 : INFO : EventManager : Event: ======'machine_var_audits_switches_s_flipper_left'====== Args={'value': 494, 'prev_value': None, 'change': True}
2026-03-01 16:03:30,794 : INFO : EventManager : Event: ======'machine_var_audits_switches_s_flipper_left_eos'====== Args={'value': 182, 'prev_value': None, 'change': True}
2026-03-01 16:03:30,794 : INFO : EventManager : Event: ======'machine_var_audits_switches_s_flipper_right_lower'====== Args={'value': 537, 'prev_value': None, 'change': True}
2026-03-01 16:03:30,794 : INFO : EventManager : Event: ======'machine_var_audits_switches_s_flipper_right_lower_eos'====== Args={'value': 167, 'prev_value': None, 'change': True}
2026-03-01 16:03:30,794 : INFO : EventManager : Event: ======'machine_var_audits_switches_s_flipper_right_upper'====== Args={'value': 552, 'prev_value': None, 'change': True}
2026-03-01 16:03:30,794 : INFO : EventManager : Event: ======'machine_var_audits_switches_s_flipper_right_upper_eos'====== Args={'value': 43, 'prev_value': None, 'change': True}
2026-03-01 16:03:30,794 : INFO : EventManager : Event: ======'machine_var_audits_switches_s_inlane_left'====== Args={'value': 27, 'prev_value': None, 'change': True}
2026-03-01 16:03:30,794 : INFO : EventManager : Event: ======'machine_var_audits_switches_s_inlane_right_1'====== Args={'value': 18, 'prev_value': None, 'change': True}
2026-03-01 16:03:30,794 : INFO : EventManager : Event: ======'machine_var_audits_switches_s_inlane_right_2'====== Args={'value': 3, 'prev_value': None, 'change': True}
2026-03-01 16:03:30,794 : INFO : EventManager : Event: ======'machine_var_audits_switches_s_plunger'====== Args={'value': 24, 'prev_value': None, 'change': True}
2026-03-01 16:03:30,795 : INFO : EventManager : Event: ======'machine_var_audits_switches_s_plunger_lane'====== Args={'value': 29, 'prev_value': None, 'change': True}
2026-03-01 16:03:30,795 : INFO : EventManager : Event: ======'machine_var_audits_switches_s_scoop_tina'====== Args={'value': 11, 'prev_value': None, 'change': True}
2026-03-01 16:03:30,795 : INFO : EventManager : Event: ======'machine_var_audits_switches_s_sling_left'====== Args={'value': 195, 'prev_value': None, 'change': True}
2026-03-01 16:03:30,795 : INFO : EventManager : Event: ======'machine_var_audits_switches_s_sling_right'====== Args={'value': 37, 'prev_value': None, 'change': True}
2026-03-01 16:03:30,795 : INFO : EventManager : Event: ======'machine_var_audits_switches_s_start'====== Args={'value': 37, 'prev_value': None, 'change': True}
2026-03-01 16:03:30,795 : INFO : EventManager : Event: ======'machine_var_audits_switches_s_trough_1'====== Args={'value': 135, 'prev_value': None, 'change': True}
2026-03-01 16:03:30,796 : INFO : EventManager : Event: ======'machine_var_audits_switches_s_trough_2'====== Args={'value': 123, 'prev_value': None, 'change': True}
2026-03-01 16:03:30,796 : INFO : EventManager : Event: ======'machine_var_audits_switches_s_trough_3'====== Args={'value': 149, 'prev_value': None, 'change': True}
2026-03-01 16:03:30,796 : INFO : EventManager : Event: ======'machine_var_audits_switches_s_trough_4'====== Args={'value': 204, 'prev_value': None, 'change': True}
2026-03-01 16:03:30,796 : INFO : EventManager : Event: ======'machine_var_audits_switches_s_trough_5'====== Args={'value': 222, 'prev_value': None, 'change': True}
2026-03-01 16:03:30,796 : INFO : EventManager : Event: ======'machine_var_audits_switches_s_trough_6'====== Args={'value': 218, 'prev_value': None, 'change': True}
2026-03-01 16:03:30,796 : INFO : EventManager : Event: ======'machine_var_audits_switches_s_trough_7'====== Args={'value': 182, 'prev_value': None, 'change': True}
2026-03-01 16:03:30,797 : INFO : EventManager : Event: ======'init_phase_5'====== Args={}
2026-03-01 16:03:30,798 : INFO : ball_device.bd_trough : BCH: Count is unstable. Trying to reorder balls.
2026-03-01 16:03:30,798 : WARNING : ball_device.bd_trough : Cannot reorder device because eject_coil_reorder_pulse is not configured
2026-03-01 16:03:30,798 : INFO : ball_device.bd_trough : BCH: Repulse done. Waiting for balls to settle.
2026-03-01 16:03:30,798 : INFO : ball_device.bd_trough : BCH: Reordered count: 1
2026-03-01 16:03:30,799 : INFO : EventManager : Event: ======'init_done'====== Args={}
2026-03-01 16:03:30,799 : INFO : EventManager : Event: ======'machine_reset_phase_1'====== Args={}
2026-03-01 16:03:30,824 : INFO : EventManager : Event: ======'machine_reset_phase_2'====== Args={}
2026-03-01 16:03:30,825 : INFO : EventManager : Event: ======'machine_reset_phase_3'====== Args={}
2026-03-01 16:03:30,825 : INFO : EventManager : Event: ======'reset_complete'====== Args={}
2026-03-01 16:03:30,825 : INFO : EventManager : Event: ======'mode_attract_will_start'====== Args={}
2026-03-01 16:03:30,826 : INFO : Timer.attract_carousel_timer : Starting Timer.
2026-03-01 16:03:30,826 : INFO : EventManager : Event: ======'timer_attract_carousel_timer_started'====== Args={'ticks': 0, 'ticks_remaining': 1}
2026-03-01 16:03:30,826 : INFO : EventManager : Event: ======'timer_attract_carousel_timer_tick'====== Args={'ticks': 0, 'ticks_remaining': 1}
2026-03-01 16:03:30,827 : INFO : EventManager : Event: ======'mode_attract_starting'====== Args={}
2026-03-01 16:03:30,827 : INFO : Mode.attract : Started. Priority: 10
2026-03-01 16:03:30,827 : INFO : EventManager : Event: ======'modes_active_modes_changed'====== Args={}
2026-03-01 16:03:30,827 : INFO : EventManager : Event: ======'mode_attract_started'====== Args={}
2026-03-01 16:03:30,828 : INFO : EventManager : Event: ======'collecting_balls_complete'====== Args={}
2026-03-01 16:03:30,828 : INFO : EventManager : Event: ======'carousel_item_highlighted'====== Args={'carousel': 'attract', 'direction': None, 'item': 'title'}
2026-03-01 16:03:30,829 : INFO : EventManager : Event: ======'timer_attract_carousel_timer_tick'====== Args={'ticks': 0, 'ticks_remaining': 1}
2026-03-01 16:03:30,829 : INFO : Machine : Starting the main run loop with active modes: [<Mode.attract>]
2026-03-01 16:03:31,058 : INFO : EventManager : Event: ======'slide_attract_created'====== Args={'_from_bcp': True}
2026-03-01 16:03:31,058 : INFO : EventManager : Event: ======'slide__removed'====== Args={'_from_bcp': True}
2026-03-01 16:03:31,059 : INFO : EventManager : Event: ======'slide_attract_active'====== Args={'original_context': 'attract', 'original_calling_context': 'mode_attract_started', 'priority': 10.0, 'cmd': 'slides_play', '_from_bcp': True}
2026-03-01 16:03:35,829 : INFO : Timer.attract_carousel_timer : Timer Complete
2026-03-01 16:03:35,829 : INFO : Timer.attract_carousel_timer : Stopping Timer
2026-03-01 16:03:35,829 : INFO : EventManager : Event: ======'timer_attract_carousel_timer_stopped'====== Args={'ticks': 1, 'ticks_remaining': 1}
2026-03-01 16:03:35,829 : INFO : EventManager : Event: ======'timer_attract_carousel_timer_complete'====== Args={'ticks': 1, 'ticks_remaining': 1}
2026-03-01 16:03:35,830 : INFO : EventManager : Event: ======'carousel_item_highlighted'====== Args={'carousel': 'attract', 'direction': 'forwards', 'item': 'credits'}
2026-03-01 16:03:35,830 : INFO : Timer.attract_carousel_timer : Starting Timer.
2026-03-01 16:03:35,830 : INFO : EventManager : Event: ======'timer_attract_carousel_timer_started'====== Args={'ticks': 0, 'ticks_remaining': 1}
2026-03-01 16:03:35,830 : INFO : EventManager : Event: ======'timer_attract_carousel_timer_tick'====== Args={'ticks': 0, 'ticks_remaining': 1}
2026-03-01 16:03:39,620 : INFO : SwitchController : <<<<<<< 's_sling_right' active >>>>>>>
2026-03-01 16:03:39,710 : INFO : SwitchController : <<<<<<< 's_sling_right' inactive >>>>>>>
2026-03-01 16:03:39,807 : INFO : SwitchController : <<<<<<< 's_sling_right' active >>>>>>>
2026-03-01 16:03:39,961 : INFO : SwitchController : <<<<<<< 's_sling_right' inactive >>>>>>>
2026-03-01 16:03:40,831 : INFO : Timer.attract_carousel_timer : Timer Complete
2026-03-01 16:03:40,831 : INFO : Timer.attract_carousel_timer : Stopping Timer
2026-03-01 16:03:40,831 : INFO : EventManager : Event: ======'timer_attract_carousel_timer_stopped'====== Args={'ticks': 1, 'ticks_remaining': 1}
2026-03-01 16:03:40,831 : INFO : EventManager : Event: ======'timer_attract_carousel_timer_complete'====== Args={'ticks': 1, 'ticks_remaining': 1}
2026-03-01 16:03:40,832 : INFO : EventManager : Event: ======'carousel_item_highlighted'====== Args={'carousel': 'attract', 'direction': 'forwards', 'item': 'logo'}
2026-03-01 16:03:40,832 : INFO : Timer.attract_carousel_timer : Starting Timer.
2026-03-01 16:03:40,832 : INFO : EventManager : Event: ======'timer_attract_carousel_timer_started'====== Args={'ticks': 0, 'ticks_remaining': 1}
2026-03-01 16:03:40,832 : INFO : EventManager : Event: ======'timer_attract_carousel_timer_tick'====== Args={'ticks': 0, 'ticks_remaining': 1}
2026-03-01 16:03:41,691 : INFO : SwitchController : <<<<<<< 's_start' active >>>>>>>
2026-03-01 16:03:41,830 : INFO : SwitchController : <<<<<<< 's_start' inactive >>>>>>>
2026-03-01 16:03:41,830 : INFO : EventManager : Event: ======'request_to_start_game'====== Args={}
2026-03-01 16:03:41,831 : INFO : EventManager : Event: ======'game_start'====== Args={'buttons': [], 'hold_time': 0.13906036800108268}
2026-03-01 16:03:41,831 : INFO : EventManager : Event: ======'mode_game_will_start'====== Args={'buttons': [], 'hold_time': 0.13906036800108268}
2026-03-01 16:03:41,832 : INFO : EventManager : Event: ======'mode_game_starting'====== Args={'buttons': [], 'hold_time': 0.13906036800108268}
2026-03-01 16:03:41,832 : INFO : EventManager : Event: ======'mode_attract_will_stop'====== Args={}
2026-03-01 16:03:41,832 : INFO : EventManager : Event: ======'mode_attract_stopping'====== Args={}
2026-03-01 16:03:41,832 : INFO : Mode.attract : Stopped.
2026-03-01 16:03:41,832 : INFO : EventManager : Event: ======'modes_active_modes_changed'====== Args={}
2026-03-01 16:03:41,833 : INFO : EventManager : Event: ======'mode_attract_stopped'====== Args={}
2026-03-01 16:03:41,833 : INFO : EventManager : Event: ======'clear'====== Args={'key': 'attract'}
2026-03-01 16:03:41,833 : INFO : Timer.attract_carousel_timer : Stopping Timer
2026-03-01 16:03:41,833 : INFO : EventManager : Event: ======'timer_attract_carousel_timer_stopped'====== Args={'ticks': 0, 'ticks_remaining': 1}
2026-03-01 16:03:41,833 : INFO : Mode.game : Started. Priority: 20
2026-03-01 16:03:41,834 : INFO : EventManager : Event: ======'modes_active_modes_changed'====== Args={}
2026-03-01 16:03:41,834 : INFO : EventManager : Event: ======'mode_game_started'====== Args={'buttons': [], 'hold_time': 0.13906036800108268}
2026-03-01 16:03:41,835 : INFO : EventManager : Event: ======'game_will_start'====== Args={}
2026-03-01 16:03:41,835 : INFO : EventManager : Event: ======'game_starting'====== Args={'game': <Mode.game>}
2026-03-01 16:03:41,836 : INFO : EventManager : Unordered handler for class <Auditor> on event game_ended with priority 1. Handlers: [RegisteredHandler(callback=<bound method Auditor.disable of <Auditor>>, priority=1, kwargs={}, key=UUID('ec5f06ac-c5fd-4c91-bb00-c41793288ba2'), condition=None, blocking_facility=None), RegisteredHandler(callback=<bound method Auditor._save_audits of <Auditor>>, priority=1, kwargs={}, key=UUID('c794586c-2945-4695-a222-70af9ff8ee50'), condition=None, blocking_facility=None)]. The order of those handlers is not defined and they will be executed in random order. This might lead to race conditions and potential bugs.
2026-03-01 16:03:41,836 : INFO : EventManager : Event: ======'player_add_request'====== Args={}
2026-03-01 16:03:41,837 : INFO : EventManager : Event: ======'player_will_add'====== Args={'number': 1}
2026-03-01 16:03:41,837 : INFO : EventManager : Event: ======'player_adding'====== Args={'player': <Player 1>, 'number': 1}
2026-03-01 16:03:41,837 : INFO : EventManager : Event: ======'player_added'====== Args={'player': <Player 1>, 'num': 1}
2026-03-01 16:03:41,837 : INFO : Mode.game : Player added successfully. Total players: 1
2026-03-01 16:03:41,837 : INFO : EventManager : Event: ======'player_index'====== Args={'value': 0, 'prev_value': 0, 'change': 0, 'player_num': 1}
2026-03-01 16:03:41,838 : INFO : EventManager : Event: ======'player_number'====== Args={'value': 1, 'prev_value': 1, 'change': 0, 'player_num': 1}
2026-03-01 16:03:41,838 : INFO : EventManager : Event: ======'player_score'====== Args={'value': 0, 'prev_value': 0, 'change': 0, 'player_num': 1}
2026-03-01 16:03:41,839 : INFO : EventManager : Event: ======'game_started'====== Args={}
2026-03-01 16:03:41,840 : INFO : EventManager : Event: ======'player_turn_will_start'====== Args={'player': <Player 1>, 'number': 1}
2026-03-01 16:03:41,859 : INFO : EventManager : Event: ======'player_turn_starting'====== Args={'player': <Player 1>, 'number': 1}
2026-03-01 16:03:41,860 : INFO : EventManager : Event: ======'player_ball'====== Args={'value': 1, 'prev_value': 0, 'change': 1, 'player_num': 1}
2026-03-01 16:03:41,860 : INFO : EventManager : Event: ======'player_turn_started'====== Args={'player': <Player 1>, 'number': 1}
2026-03-01 16:03:41,861 : INFO : EventManager : Event: ======'ball_will_start'====== Args={'player': 1, 'ball': 1, 'balls_remaining': 2, 'is_extra_ball': False}
2026-03-01 16:03:41,861 : INFO : EventManager : Event: ======'ball_starting'====== Args={'player': 1, 'ball': 1, 'balls_remaining': 2, 'is_extra_ball': False}
2026-03-01 16:03:41,861 : INFO : EventManager : Event: ======'mode_base_will_start'====== Args={'queue': <QueuedEvent>, 'player': 1, 'ball': 1, 'balls_remaining': 2, 'is_extra_ball': False}
2026-03-01 16:03:41,862 : INFO : EventManager : Event: ======'mode_base_starting'====== Args={'queue': <QueuedEvent>, 'player': 1, 'ball': 1, 'balls_remaining': 2, 'is_extra_ball': False}
2026-03-01 16:03:41,862 : INFO : Mode.base : Started. Priority: 100
2026-03-01 16:03:41,862 : INFO : EventManager : Event: ======'modes_active_modes_changed'====== Args={}
2026-03-01 16:03:41,862 : INFO : EventManager : Event: ======'mode_base_started'====== Args={'queue': <QueuedEvent>, 'player': 1, 'ball': 1, 'balls_remaining': 2, 'is_extra_ball': False}
2026-03-01 16:03:41,863 : INFO : EventManager : Event: ======'balls_in_play'====== Args={'balls': 1}
2026-03-01 16:03:41,863 : INFO : EventManager : Event: ======'ball_started'====== Args={'player': 1, 'ball': 1, 'balls_remaining': 2, 'is_extra_ball': False}
2026-03-01 16:03:41,864 : INFO : EventManager : Event: ======'single_player_ball_started'====== Args={}
2026-03-01 16:03:41,865 : INFO : EventManager : Event: ======'ball_start_target'====== Args={'target': 'playfield'}
2026-03-01 16:03:41,865 : INFO : ball_device.bd_trough : Setting up player-controlled eject. Balls: 1, Target: <playfield.playfield>, player_controlled_eject_event: None
2026-03-01 16:03:41,865 : INFO : ball_device.bd_trough : Adding 1 ball(s) to the eject_queue with target <playfield.playfield>.
2026-03-01 16:03:41,865 : INFO : EventManager : Event: ======'balldevice_balls_available'====== Args={}
2026-03-01 16:03:41,866 : INFO : ball_device.bd_trough : BCH: Count is unstable. Trying to reorder balls.
2026-03-01 16:03:41,866 : WARNING : ball_device.bd_trough : Cannot reorder device because eject_coil_reorder_pulse is not configured
2026-03-01 16:03:41,866 : INFO : ball_device.bd_trough : BCH: Repulse done. Waiting for balls to settle.
2026-03-01 16:03:41,866 : INFO : ball_device.bd_trough : State: waiting_for_target_ready
2026-03-01 16:03:41,866 : INFO : EventManager : Event: ======'balldevice_bd_trough_ball_eject_attempt'====== Args={'balls': 1, 'target': <ball_device.bd_plunger>, 'source': <ball_device.bd_trough>, 'mechanical_eject': False, 'num_attempts': 0}
2026-03-01 16:03:41,866 : INFO : ball_device.bd_plunger : State: waiting_for_ball
2026-03-01 16:03:41,867 : INFO : ball_device.bd_trough : State: ejecting
2026-03-01 16:03:41,867 : INFO : ball_device.bd_trough : Ejecting ball to <ball_device.bd_plunger>
2026-03-01 16:03:41,867 : INFO : EventManager : Event: ======'balldevice_bd_trough_ejecting_ball'====== Args={'balls': 1, 'target': <ball_device.bd_plunger>, 'source': <ball_device.bd_trough>, 'mechanical_eject': False, 'num_attempts': 0}
2026-03-01 16:03:41,868 : INFO : ball_device.bd_trough : Wait for ball to leave device
2026-03-01 16:03:41,868 : INFO : coil.c_trough_eject : Pulsing Driver for 20ms (1.0 pulse_power)
2026-03-01 16:03:41,890 : INFO : SwitchController : <<<<<<< 's_trough_1' active >>>>>>>
2026-03-01 16:03:41,891 : INFO : EventManager : Event: ======'machine_var_audits_switches_s_trough_1'====== Args={'value': 136, 'prev_value': 135, 'change': 1}
2026-03-01 16:03:41,891 : INFO : SwitchController : <<<<<<< 's_trough_7' inactive >>>>>>>
2026-03-01 16:03:41,891 : INFO : ball_device.bd_trough : State: ball_left
2026-03-01 16:03:41,892 : INFO : ball_device.bd_trough : Ball left
2026-03-01 16:03:41,892 : INFO : ball_device.bd_trough : Wait for confirm with timeout 10.0
2026-03-01 16:03:41,895 : INFO : EventManager : Event: ======'slide_base_slide_created'====== Args={'_from_bcp': True}
2026-03-01 16:03:41,896 : INFO : EventManager : Event: ======'slide_attract_inactive'====== Args={'is_removing': True, '_from_bcp': True}
2026-03-01 16:03:41,896 : INFO : EventManager : Event: ======'slide_base_slide_active'====== Args={'original_context': 'base', 'original_calling_context': 'mode_base_started', 'priority': 100.0, 'queue': '<QueuedEvent>', 'player': 1.0, 'ball': 1.0, 'balls_remaining': 2.0, 'is_extra_ball': False, 'cmd': 'slides_play', '_from_bcp': True}
2026-03-01 16:03:41,896 : INFO : EventManager : Event: ======'slide_attract_removed'====== Args={'_from_bcp': True}
2026-03-01 16:03:41,909 : INFO : SwitchController : <<<<<<< 's_trough_7' active >>>>>>>
2026-03-01 16:03:41,909 : INFO : EventManager : Event: ======'machine_var_audits_switches_s_trough_7'====== Args={'value': 183, 'prev_value': 182, 'change': 1}
2026-03-01 16:03:42,036 : INFO : SwitchController : <<<<<<< 's_plunger' active >>>>>>>
2026-03-01 16:03:42,037 : INFO : EventManager : Event: ======'machine_var_audits_switches_s_plunger'====== Args={'value': 25, 'prev_value': 24, 'change': 1}
2026-03-01 16:03:42,081 : INFO : SwitchController : <<<<<<< 's_trough_2' active >>>>>>>
2026-03-01 16:03:42,081 : INFO : EventManager : Event: ======'machine_var_audits_switches_s_trough_2'====== Args={'value': 124, 'prev_value': 123, 'change': 1}
2026-03-01 16:03:42,082 : INFO : SwitchController : <<<<<<< 's_trough_6' active >>>>>>>
2026-03-01 16:03:42,083 : INFO : EventManager : Event: ======'machine_var_audits_switches_s_trough_6'====== Args={'value': 219, 'prev_value': 218, 'change': 1}
2026-03-01 16:03:42,083 : INFO : SwitchController : <<<<<<< 's_trough_5' active >>>>>>>
2026-03-01 16:03:42,084 : INFO : EventManager : Event: ======'machine_var_audits_switches_s_trough_5'====== Args={'value': 223, 'prev_value': 222, 'change': 1}
2026-03-01 16:03:42,086 : INFO : SwitchController : <<<<<<< 's_trough_4' active >>>>>>>
2026-03-01 16:03:42,087 : INFO : EventManager : Event: ======'machine_var_audits_switches_s_trough_4'====== Args={'value': 205, 'prev_value': 204, 'change': 1}
2026-03-01 16:03:42,097 : INFO : SwitchController : <<<<<<< 's_trough_3' active >>>>>>>
2026-03-01 16:03:42,097 : INFO : EventManager : Event: ======'machine_var_audits_switches_s_trough_3'====== Args={'value': 150, 'prev_value': 149, 'change': 1}
2026-03-01 16:03:42,127 : INFO : SwitchController : <<<<<<< 's_trough_4' inactive >>>>>>>
2026-03-01 16:03:42,127 : INFO : SwitchController : <<<<<<< 's_trough_5' inactive >>>>>>>
2026-03-01 16:03:42,132 : INFO : SwitchController : <<<<<<< 's_trough_3' inactive >>>>>>>
2026-03-01 16:03:42,135 : INFO : SwitchController : <<<<<<< 's_trough_2' inactive >>>>>>>
2026-03-01 16:03:42,159 : INFO : SwitchController : <<<<<<< 's_trough_1' inactive >>>>>>>
2026-03-01 16:03:42,537 : INFO : ball_device.bd_plunger : Received ball from <ball_device.bd_trough>
2026-03-01 16:03:42,537 : INFO : EventManager : Event: ======'balldevice_bd_plunger_ball_enter'====== Args={'new_balls': 1, 'unclaimed_balls': 0, 'new_available_balls': 0, 'device': <ball_device.bd_plunger>}
2026-03-01 16:03:42,538 : INFO : EventManager : Event: ======'balldevice_bd_plunger_ball_entered'====== Args={'new_balls': 0, 'device': <ball_device.bd_plunger>}
2026-03-01 16:03:42,538 : INFO : EventManager : Event: ======'balldevice_bd_plunger_ball_count_changed'====== Args={'balls': 1}
2026-03-01 16:03:42,538 : INFO : ball_device.bd_trough : Got eject confirm
2026-03-01 16:03:42,539 : INFO : ball_device.bd_trough : Eject successful
2026-03-01 16:03:42,539 : INFO : EventManager : Event: ======'balldevice_bd_trough_ball_eject_success'====== Args={'balls': 1, 'target': <ball_device.bd_plunger>}
2026-03-01 16:03:42,539 : INFO : ball_device.bd_plunger : State: waiting_for_target_ready
2026-03-01 16:03:42,539 : INFO : EventManager : Event: ======'balldevice_bd_plunger_ball_eject_attempt'====== Args={'balls': 1, 'target': <playfield.playfield>, 'source': <ball_device.bd_plunger>, 'mechanical_eject': False, 'num_attempts': 0}
2026-03-01 16:03:42,539 : INFO : EventManager : Event: ======'balldevice_bd_trough_ball_count_changed'====== Args={'balls': 0}
2026-03-01 16:03:42,540 : INFO : ball_device.bd_trough : State: idle
2026-03-01 16:03:42,540 : INFO : ball_device.bd_plunger : State: ejecting
2026-03-01 16:03:42,540 : INFO : ball_device.bd_plunger : Ejecting ball to <playfield.playfield>
2026-03-01 16:03:42,540 : INFO : EventManager : Event: ======'balldevice_bd_plunger_ejecting_ball'====== Args={'balls': 1, 'target': <playfield.playfield>, 'source': <ball_device.bd_plunger>, 'mechanical_eject': False, 'num_attempts': 0}
2026-03-01 16:03:42,541 : INFO : ball_device.bd_plunger : Wait for ball to leave device
2026-03-01 16:03:42,659 : INFO : EventManager : Event: ======'balldevice_bd_trough_ball_count_changed'====== Args={'balls': 2}
2026-03-01 16:03:42,660 : INFO : ball_device.bd_trough : Received unexpected ball
2026-03-01 16:03:42,660 : INFO : EventManager : Event: ======'balldevice_captured_from_playfield'====== Args={'balls': 1}
2026-03-01 16:03:42,660 : INFO : EventManager : Event: ======'sw_playfield_active'====== Args={'balls': 1}
2026-03-01 16:03:42,660 : INFO : EventManager : Event: ======'playfield_active'====== Args={'source': None}
2026-03-01 16:03:42,660 : INFO : EventManager : Event: ======'playfield_ball_count_change'====== Args={'balls': -1, 'change': -1}
2026-03-01 16:03:42,661 : INFO : EventManager : Event: ======'balldevice_playfield_ball_enter'====== Args={'new_balls': 1, 'unclaimed_balls': 1, 'device': <playfield.playfield>}
2026-03-01 16:03:42,661 : INFO : EventManager : Event: ======'playfield_ball_count_change'====== Args={'balls': 0, 'change': 1}
2026-03-01 16:03:42,661 : INFO : BallController : Found a new ball which was captured from playfield. Known balls: 2
2026-03-01 16:03:42,661 : INFO : EventManager : Event: ======'found_new_ball'====== Args={}
2026-03-01 16:03:42,661 : INFO : EventManager : Event: ======'balldevice_bd_trough_ball_enter'====== Args={'new_balls': 1, 'unclaimed_balls': 1, 'new_available_balls': 1, 'device': <ball_device.bd_trough>}
2026-03-01 16:03:42,662 : INFO : EventManager : Event: ======'ball_drain'====== Args={'device': <ball_device.bd_trough>, 'balls': 1}
2026-03-01 16:03:42,662 : INFO : EventManager : Event: ======'ball_will_end'====== Args={}
2026-03-01 16:03:42,662 : INFO : EventManager : Event: ======'balldevice_balls_available'====== Args={}
2026-03-01 16:03:42,662 : INFO : EventManager : Event: ======'balldevice_bd_trough_ball_entered'====== Args={'new_balls': 1, 'device': <ball_device.bd_trough>}
2026-03-01 16:03:42,662 : INFO : ball_device.bd_trough : Received unexpected ball
2026-03-01 16:03:42,663 : INFO : EventManager : Event: ======'balldevice_captured_from_playfield'====== Args={'balls': 1}
2026-03-01 16:03:42,663 : INFO : EventManager : Event: ======'mode_base_will_stop'====== Args={}
2026-03-01 16:03:42,663 : INFO : EventManager : Event: ======'mode_base_stopping'====== Args={}
2026-03-01 16:03:42,663 : INFO : EventManager : Event: ======'sw_playfield_active'====== Args={'balls': 1}
2026-03-01 16:03:42,663 : INFO : EventManager : Event: ======'playfield_active'====== Args={'source': None}
2026-03-01 16:03:42,663 : INFO : EventManager : Event: ======'playfield_ball_count_change'====== Args={'balls': -1, 'change': -1}
2026-03-01 16:03:42,664 : INFO : Mode.base : Stopped.
2026-03-01 16:03:42,664 : INFO : EventManager : Event: ======'modes_active_modes_changed'====== Args={}
2026-03-01 16:03:42,664 : INFO : EventManager : Event: ======'mode_base_stopped'====== Args={}
2026-03-01 16:03:42,664 : INFO : EventManager : Event: ======'clear'====== Args={'key': 'base'}
2026-03-01 16:03:42,665 : INFO : EventManager : Event: ======'balldevice_playfield_ball_enter'====== Args={'new_balls': 1, 'unclaimed_balls': 1, 'device': <playfield.playfield>}
2026-03-01 16:03:42,665 : INFO : EventManager : Event: ======'playfield_ball_count_change'====== Args={'balls': 0, 'change': 1}
2026-03-01 16:03:42,665 : INFO : BallController : Found a new ball which was captured from playfield. Known balls: 3
2026-03-01 16:03:42,665 : INFO : EventManager : Event: ======'found_new_ball'====== Args={}
2026-03-01 16:03:42,665 : INFO : EventManager : Event: ======'balldevice_bd_trough_ball_enter'====== Args={'new_balls': 1, 'unclaimed_balls': 1, 'new_available_balls': 1, 'device': <ball_device.bd_trough>}
2026-03-01 16:03:42,665 : INFO : EventManager : Event: ======'ball_drain'====== Args={'device': <ball_device.bd_trough>, 'balls': 1}
2026-03-01 16:03:42,665 : INFO : EventManager : Event: ======'ball_ending'====== Args={}
2026-03-01 16:03:42,666 : INFO : EventManager : Event: ======'balldevice_balls_available'====== Args={}
2026-03-01 16:03:42,666 : INFO : EventManager : Event: ======'balldevice_bd_trough_ball_entered'====== Args={'new_balls': 1, 'device': <ball_device.bd_trough>}
2026-03-01 16:03:42,666 : INFO : EventManager : Event: ======'ball_ended'====== Args={}
2026-03-01 16:03:42,668 : INFO : EventManager : Event: ======'player_turn_will_end'====== Args={'player': <Player 1>, 'number': 1}
2026-03-01 16:03:42,668 : INFO : EventManager : Event: ======'player_turn_ending'====== Args={'player': <Player 1>, 'number': 1}
2026-03-01 16:03:42,669 : INFO : EventManager : Event: ======'player_turn_ended'====== Args={'player': <Player 1>, 'number': 1}
2026-03-01 16:03:42,669 : INFO : EventManager : Event: ======'player_turn_will_start'====== Args={'player': <Player 1>, 'number': 1}
2026-03-01 16:03:42,670 : INFO : EventManager : Event: ======'player_turn_starting'====== Args={'player': <Player 1>, 'number': 1}
2026-03-01 16:03:42,670 : INFO : EventManager : Event: ======'player_ball'====== Args={'value': 2, 'prev_value': 1, 'change': 1, 'player_num': 1}
2026-03-01 16:03:42,670 : INFO : EventManager : Event: ======'player_turn_started'====== Args={'player': <Player 1>, 'number': 1}
2026-03-01 16:03:42,671 : INFO : EventManager : Event: ======'ball_will_start'====== Args={'player': 1, 'ball': 2, 'balls_remaining': 1, 'is_extra_ball': False}
2026-03-01 16:03:42,672 : INFO : BallController : Found 1 ball(s) on playfield.
2026-03-01 16:03:42,672 : WARNING : BallController : Playfields still contain balls. Waiting for those to drain.
2026-03-01 16:03:43,673 : INFO : BallController : Found 1 ball(s) on playfield.
2026-03-01 16:03:43,673 : WARNING : BallController : Playfields still contain balls. Waiting for those to drain.
2026-03-01 16:03:44,674 : INFO : BallController : Found 1 ball(s) on playfield.
2026-03-01 16:03:44,674 : WARNING : BallController : Playfields still contain balls. Waiting for those to drain.
2026-03-01 16:03:45,675 : INFO : BallController : Found 1 ball(s) on playfield.
2026-03-01 16:03:45,675 : WARNING : BallController : Playfields still contain balls. Waiting for those to drain.
2026-03-01 16:03:46,676 : INFO : BallController : Found 1 ball(s) on playfield.
2026-03-01 16:03:46,677 : WARNING : BallController : Playfields still contain balls. Waiting for those to drain.
2026-03-01 16:03:47,678 : INFO : BallController : Found 1 ball(s) on playfield.
2026-03-01 16:03:47,678 : WARNING : BallController : Playfields still contain balls. Waiting for those to drain.
2026-03-01 16:03:48,679 : INFO : BallController : Found 1 ball(s) on playfield.
2026-03-01 16:03:48,680 : WARNING : BallController : Playfields still contain balls. Waiting for those to drain.
2026-03-01 16:03:49,681 : INFO : BallController : Found 1 ball(s) on playfield.
2026-03-01 16:03:49,681 : WARNING : BallController : Playfields still contain balls. Waiting for those to drain.
2026-03-01 16:03:49,788 : INFO : SwitchController : <<<<<<< 's_flipper_left' active >>>>>>>
2026-03-01 16:03:49,794 : INFO : EventManager : Event: ======'machine_var_audits_switches_s_flipper_left'====== Args={'value': 495, 'prev_value': 494, 'change': 1}
2026-03-01 16:03:49,947 : INFO : SwitchController : <<<<<<< 's_flipper_left' inactive >>>>>>>
2026-03-01 16:03:50,075 : INFO : SwitchController : <<<<<<< 's_flipper_left' active >>>>>>>
2026-03-01 16:03:50,075 : INFO : EventManager : Event: ======'machine_var_audits_switches_s_flipper_left'====== Args={'value': 496, 'prev_value': 495, 'change': 1}
2026-03-01 16:03:50,187 : INFO : SwitchController : <<<<<<< 's_flipper_left' inactive >>>>>>>
2026-03-01 16:03:50,263 : INFO : SwitchController : <<<<<<< 's_flipper_left' active >>>>>>>
2026-03-01 16:03:50,264 : INFO : EventManager : Event: ======'machine_var_audits_switches_s_flipper_left'====== Args={'value': 497, 'prev_value': 496, 'change': 1}
2026-03-01 16:03:50,369 : INFO : SwitchController : <<<<<<< 's_flipper_left' inactive >>>>>>>
2026-03-01 16:03:50,682 : INFO : BallController : Found 1 ball(s) on playfield.
2026-03-01 16:03:50,682 : WARNING : BallController : Playfields still contain balls. Waiting for those to drain.
2026-03-01 16:03:51,684 : INFO : BallController : Found 1 ball(s) on playfield.
2026-03-01 16:03:51,684 : WARNING : BallController : Playfields still contain balls. Waiting for those to drain.
2026-03-01 16:03:52,541 : INFO : EventManager : Event: ======'balldevice_bd_plunger_ball_eject_failed'====== Args={'target': <playfield.playfield>, 'balls': 1, 'retry': True, 'num_attempts': 1}
2026-03-01 16:03:52,543 : INFO : ball_device.bd_plunger : State: waiting_for_target_ready
2026-03-01 16:03:52,543 : INFO : EventManager : Event: ======'balldevice_bd_plunger_ball_eject_attempt'====== Args={'balls': 1, 'target': <playfield.playfield>, 'source': <ball_device.bd_plunger>, 'mechanical_eject': False, 'num_attempts': 1}
2026-03-01 16:03:52,543 : INFO : ball_device.bd_plunger : State: ejecting
2026-03-01 16:03:52,543 : INFO : ball_device.bd_plunger : Ejecting ball to <playfield.playfield>
2026-03-01 16:03:52,543 : INFO : EventManager : Event: ======'balldevice_bd_plunger_ejecting_ball'====== Args={'balls': 1, 'target': <playfield.playfield>, 'source': <ball_device.bd_plunger>, 'mechanical_eject': False, 'num_attempts': 1}
2026-03-01 16:03:52,544 : INFO : ball_device.bd_plunger : Wait for ball to leave device
2026-03-01 16:03:52,685 : INFO : BallController : Found 1 ball(s) on playfield.
2026-03-01 16:03:52,685 : WARNING : BallController : Playfields still contain balls. Waiting for those to drain.
2026-03-01 16:03:53,686 : INFO : BallController : Found 1 ball(s) on playfield.
2026-03-01 16:03:53,687 : WARNING : BallController : Playfields still contain balls. Waiting for those to drain.
2026-03-01 16:03:54,688 : INFO : BallController : Found 1 ball(s) on playfield.
2026-03-01 16:03:54,688 : WARNING : BallController : Playfields still contain balls. Waiting for those to drain.
2026-03-01 16:03:55,689 : INFO : BallController : Found 1 ball(s) on playfield.
2026-03-01 16:03:55,689 : WARNING : BallController : Playfields still contain balls. Waiting for those to drain.
2026-03-01 16:03:56,689 : INFO : BallController : Found 1 ball(s) on playfield.
2026-03-01 16:03:56,690 : WARNING : BallController : Playfields still contain balls. Waiting for those to drain.
2026-03-01 16:03:57,663 : INFO : Machine : Shutting down...
2026-03-01 16:03:57,663 : INFO : EventManager : Event: ======'shutdown'====== Args={}
2026-03-01 16:03:57,664 : INFO : EventManager : Event: ======'mode_game_will_stop'====== Args={}
2026-03-01 16:03:57,664 : INFO : EventManager : Event: ======'mode_game_stopping'====== Args={}
2026-03-01 16:03:57,665 : INFO : Mode.game : Stopped.
2026-03-01 16:03:57,665 : INFO : EventManager : Event: ======'modes_active_modes_changed'====== Args={}
2026-03-01 16:03:57,665 : INFO : EventManager : Event: ======'mode_game_stopped'====== Args={}
2026-03-01 16:03:57,665 : INFO : EventManager : Event: ======'clear'====== Args={'key': 'game'}
2026-03-01 16:03:57,772 : INFO : root : MPF run loop ended.
