2026-03-01 16:10:31,962 : INFO : root : Loading config.
2026-03-01 16:10:32,348 : INFO : ConfigProcessor : Config spec file cache created: /var/folders/1s/015t8n3n70gcr2ch4xflj4yr0000gn/T/config_spec.mpf_cache
2026-03-01 16:10:32,348 : INFO : YamlMultifileConfigLoader : Machine config file #1: config.yaml
2026-03-01 16:10:32,349 : WARNING : ConfigProcessor : Config file in cache changed: /Users/pinball/NapoleonDynamite/config/config.yaml
2026-03-01 16:10:32,349 : INFO : ConfigProcessor : Loading config from file /Users/pinball/mpf/lib/python3.14/site-packages/mpf/mpfconfig.yaml.
2026-03-01 16:10:32,432 : INFO : ConfigProcessor : Loading config: /Users/pinball/mpf/lib/python3.14/site-packages/mpf/mpfconfig.yaml
2026-03-01 16:10:32,433 : INFO : ConfigProcessor : Loading config from file /Users/pinball/NapoleonDynamite/config/config.yaml.
2026-03-01 16:10:32,444 : INFO : ConfigProcessor : Loading config: /Users/pinball/NapoleonDynamite/config/config.yaml
2026-03-01 16:10:32,447 : INFO : ConfigProcessor : Loading config: /Users/pinball/NapoleonDynamite/config/config_ball_devices.yaml
2026-03-01 16:10:32,454 : INFO : ConfigProcessor : Loading config: /Users/pinball/NapoleonDynamite/config/config_coils.yaml
2026-03-01 16:10:32,464 : INFO : ConfigProcessor : Loading config: /Users/pinball/NapoleonDynamite/config/config_switches.yaml
2026-03-01 16:10:32,470 : INFO : ConfigProcessor : Config file cache created: /var/folders/1s/015t8n3n70gcr2ch4xflj4yr0000gn/T/954ddabc670342668a09b03520c7eb79.mpf_cache
2026-03-01 16:10:32,551 : INFO : ConfigProcessor : Loading config from cache: /var/folders/1s/015t8n3n70gcr2ch4xflj4yr0000gn/T/64218df07edc412f774c53ffb33c812d.mpf_cache
2026-03-01 16:10:32,551 : INFO : ConfigProcessor : Loading config from cache: /var/folders/1s/015t8n3n70gcr2ch4xflj4yr0000gn/T/767518d75df2d86a4d35c1fb94c70abd.mpf_cache
2026-03-01 16:10:32,552 : INFO : ConfigProcessor : Loading config from cache: /var/folders/1s/015t8n3n70gcr2ch4xflj4yr0000gn/T/64218df07edc412f774c53ffb33c812d.mpf_cache
2026-03-01 16:10:32,552 : INFO : ConfigProcessor : Loading config from cache: /var/folders/1s/015t8n3n70gcr2ch4xflj4yr0000gn/T/73548cb541cc3751ae5711fe0817282a.mpf_cache
2026-03-01 16:10:32,553 : INFO : Machine : Mission Pinball Framework Core Engine v0.80.0.dev13
2026-03-01 16:10:32,553 : INFO : Machine : Command line arguments: {'no_load_cache': False, 'create_config_cache': True, 'bcp': True, 'configfile': ['config.yaml'], 'force_assets_load': False, 'platform_integration_test': False, 'jsonlogging': False, 'logfile': 'logs/2026-03-01-16-10-31-mpf-ANDREs-Mac-mini.local.log', 'pause': False, 'production': False, 'text_ui': True, 'loglevel': 15, 'consoleloglevel': 20, 'force_platform': None, 'syslog_address': None, 'full_logfile_path': '/Users/pinball/NapoleonDynamite/logs/2026-03-01-16-10-31-mpf-ANDREs-Mac-mini.local.log'}
2026-03-01 16:10:32,553 : INFO : Machine : MPF path: /Users/pinball/mpf/lib/python3.14/site-packages/mpf
2026-03-01 16:10:32,553 : INFO : Machine : Machine path: /Users/pinball/NapoleonDynamite
2026-03-01 16:10:32,553 : INFO : Machine : Platform: darwin
2026-03-01 16:10:32,553 : INFO : Machine : Python executable location: /Users/pinball/mpf/bin/python3.14
2026-03-01 16:10:32,553 : INFO : Machine : Python version: 3.14.3 (64-bit)
2026-03-01 16:10:32,555 : INFO : Machine : Initializing MPF...
2026-03-01 16:10:32,703 : INFO : FAST : Auto-detecting ports for the following connections: ['net', 'exp']
2026-03-01 16:10:32,727 : INFO : FAST : Detected NET on port /dev/cu.usbmodem14101
2026-03-01 16:10:32,735 : INFO : FAST : Detected EXP on port /dev/cu.usbmodem14103
2026-03-01 16:10:32,839 : INFO : FAST [NET] : Trying to connect to /dev/cu.usbmodem14101 at 921600bps
2026-03-01 16:10:32,844 : INFO : FAST [NET] : Connected to /dev/cu.usbmodem14101 at 921600bps
2026-03-01 16:10:32,846 : INFO : FAST [NET] : Connected to FP-CPU-2000 with firmware v02.26
2026-03-01 16:10:32,849 : INFO : FAST [NET] : Registered I/O Board 0: Model: FP-I/O-0024, Firmware: 01.10, Switches: 24, Drivers: 8
2026-03-01 16:10:32,850 : INFO : FAST [NET] : Registered I/O Board 1: Model: FP-I/O-3208, Firmware: 01.10, Switches: 32, Drivers: 8
2026-03-01 16:10:32,851 : INFO : FAST [NET] : Registered I/O Board 2: Model: FP-I/O-0804, Firmware: 01.10, Switches: 8, Drivers: 4
2026-03-01 16:10:32,853 : INFO : FAST [EXP] : Trying to connect to /dev/cu.usbmodem14103 at 921600bps
2026-03-01 16:10:32,858 : INFO : FAST [EXP] : Connected to /dev/cu.usbmodem14103 at 921600bps
2026-03-01 16:10:32,859 : INFO : FAST [EXP] : Verifying hardware for EXP "neuron" (FP-EXP-2000, @48) with ID string "EXP FP-EXP-2000  0.34", board address 48
2026-03-01 16:10:32,861 : INFO : FAST [EXP] : Verifying hardware for EXP "neuron" (FP-EXP-2000, @48) with ID string "LED FP-BRK-0001  0.8", board address 480
2026-03-01 16:10:32,862 : INFO : EventManager : Event: ======'machine_var_credits_string'====== Args={'value': 'FREE PLAY', 'prev_value': None, 'change': True}
2026-03-01 16:10:32,883 : INFO : EventManager : Event: ======'machine_var_master_volume'====== Args={'value': 0.5, 'prev_value': None, 'change': True}
2026-03-01 16:10:32,883 : INFO : EventManager : Event: ======'machine_var_mpf_version'====== Args={'value': 'Mission Pinball Framework v0.80.0.dev13', 'prev_value': None, 'change': True}
2026-03-01 16:10:32,883 : INFO : EventManager : Event: ======'machine_var_mpf_extended_version'====== Args={'value': 'Mission Pinball Framework v0.80.0.dev13, Config version:6, Show version: 6, BCP version:1.1', 'prev_value': None, 'change': True}
2026-03-01 16:10:32,883 : INFO : EventManager : Event: ======'machine_var_python_version'====== Args={'value': '3.14.3', 'prev_value': None, 'change': True}
2026-03-01 16:10:32,914 : INFO : EventManager : Event: ======'machine_var_platform'====== Args={'value': 'macOS-14.8.4-x86_64-i386-64bit-Mach-O', 'prev_value': None, 'change': True}
2026-03-01 16:10:32,915 : INFO : EventManager : Event: ======'machine_var_platform_system'====== Args={'value': 'Darwin', 'prev_value': None, 'change': True}
2026-03-01 16:10:32,915 : INFO : EventManager : Event: ======'machine_var_platform_release'====== Args={'value': '23.6.0', 'prev_value': None, 'change': True}
2026-03-01 16:10:32,915 : INFO : EventManager : Event: ======'machine_var_platform_version'====== Args={'value': 'Darwin Kernel Version 23.6.0: Mon Jan 19 22:02:22 PST 2026; root:xnu-10063.141.1.710.3~1/RELEASE_X86_64', 'prev_value': None, 'change': True}
2026-03-01 16:10:32,915 : INFO : EventManager : Event: ======'machine_var_platform_machine'====== Args={'value': 'x86_64', 'prev_value': None, 'change': True}
2026-03-01 16:10:32,915 : INFO : EventManager : Event: ======'machine_var_log_file_path'====== Args={'value': '/Users/pinball/NapoleonDynamite/logs/2026-03-01-16-10-31-mpf-ANDREs-Mac-mini.local.log', 'prev_value': None, 'change': True}
2026-03-01 16:10:32,915 : INFO : EventManager : Event: ======'init_phase_1'====== Args={}
2026-03-01 16:10:33,072 : INFO : SwitchController : <<<<<<< 's_flipper_left_eos' active >>>>>>>
2026-03-01 16:10:33,072 : INFO : SwitchController : <<<<<<< 's_flipper_right_lower_eos' active >>>>>>>
2026-03-01 16:10:33,072 : INFO : SwitchController : <<<<<<< 's_trough_6' active >>>>>>>
2026-03-01 16:10:33,073 : INFO : SwitchController : <<<<<<< 's_trough_7' active >>>>>>>
2026-03-01 16:10:33,073 : INFO : SwitchController : <<<<<<< 's_plunger' active >>>>>>>
2026-03-01 16:10:33,073 : INFO : SwitchController : <<<<<<< 's_inlane_right_2' active >>>>>>>
2026-03-01 16:10:33,073 : INFO : SwitchController : <<<<<<< 's_inlane_left' active >>>>>>>
2026-03-01 16:10:33,104 : INFO : EventManager : Event: ======'init_phase_2'====== Args={}
2026-03-01 16:10:33,105 : INFO : SwitchController : Found active switch: (37, [FAST Platform Interface]) <switch.s_flipper_left_eos>
2026-03-01 16:10:33,105 : INFO : SwitchController : Found active switch: (32, [FAST Platform Interface]) <switch.s_flipper_right_lower_eos>
2026-03-01 16:10:33,105 : INFO : SwitchController : Found active switch: (29, [FAST Platform Interface]) <switch.s_trough_6>
2026-03-01 16:10:33,105 : INFO : SwitchController : Found active switch: (30, [FAST Platform Interface]) <switch.s_trough_7>
2026-03-01 16:10:33,106 : INFO : SwitchController : Found active switch: (31, [FAST Platform Interface]) <switch.s_plunger>
2026-03-01 16:10:33,106 : INFO : SwitchController : Found active switch: (36, [FAST Platform Interface]) <switch.s_inlane_right_2>
2026-03-01 16:10:33,106 : INFO : SwitchController : Found active switch: (39, [FAST Platform Interface]) <switch.s_inlane_left>
2026-03-01 16:10:33,110 : INFO : EventManager : Event: ======'bcp_connection_attempt'====== Args={'name': 'local_display', 'host': 'localhost', 'port': 5050}
2026-03-01 16:10:33,112 : INFO : BCPClientSocket : Connecting BCP to 'local_display' at localhost:5050...
2026-03-01 16:10:33,121 : INFO : BCPClientSocket : Connected BCP to 'local_display' localhost:5050
2026-03-01 16:10:33,122 : INFO : EventManager : Event: ======'bcp_clients_connected'====== Args={}
2026-03-01 16:10:33,574 : INFO : ball_device.bd_trough : BCH: Initial count: 2
2026-03-01 16:10:33,575 : INFO : ball_device.bd_trough : State: idle
2026-03-01 16:10:33,575 : INFO : ball_device.bd_plunger : BCH: Initial count: 1
2026-03-01 16:10:33,576 : INFO : ball_device.bd_plunger : State: idle
2026-03-01 16:10:33,591 : INFO : EventManager : Event: ======'init_phase_3'====== Args={}
2026-03-01 16:10:33,594 : INFO : EventManager : Event: ======'init_phase_4'====== Args={}
2026-03-01 16:10:33,594 : INFO : BallController : Initial balls found: 3
2026-03-01 16:10:33,596 : INFO : EventManager : Event: ======'machine_var_audits_events_game_ended'====== Args={'value': 0, 'prev_value': None, 'change': True}
2026-03-01 16:10:33,596 : INFO : EventManager : Event: ======'machine_var_audits_events_game_started'====== Args={'value': 39, 'prev_value': None, 'change': True}
2026-03-01 16:10:33,596 : INFO : EventManager : Event: ======'machine_var_audits_missing_switches_s_bumper_lower'====== Args={'value': 28, 'prev_value': None, 'change': True}
2026-03-01 16:10:33,596 : INFO : EventManager : Event: ======'machine_var_audits_missing_switches_s_bumper_upper'====== Args={'value': 29, 'prev_value': None, 'change': True}
2026-03-01 16:10:33,596 : INFO : EventManager : Event: ======'machine_var_audits_missing_switches_s_flipper_left_eos'====== Args={'value': 8, 'prev_value': None, 'change': True}
2026-03-01 16:10:33,596 : INFO : EventManager : Event: ======'machine_var_audits_missing_switches_s_flipper_right_lower'====== Args={'value': 1, 'prev_value': None, 'change': True}
2026-03-01 16:10:33,596 : INFO : EventManager : Event: ======'machine_var_audits_missing_switches_s_flipper_right_lower_eos'====== Args={'value': 7, 'prev_value': None, 'change': True}
2026-03-01 16:10:33,596 : INFO : EventManager : Event: ======'machine_var_audits_missing_switches_s_flipper_right_upper'====== Args={'value': 1, 'prev_value': None, 'change': True}
2026-03-01 16:10:33,596 : INFO : EventManager : Event: ======'machine_var_audits_missing_switches_s_flipper_right_upper_eos'====== Args={'value': 25, 'prev_value': None, 'change': True}
2026-03-01 16:10:33,596 : INFO : EventManager : Event: ======'machine_var_audits_missing_switches_s_inlane_left'====== Args={'value': 30, 'prev_value': None, 'change': True}
2026-03-01 16:10:33,597 : INFO : EventManager : Event: ======'machine_var_audits_missing_switches_s_inlane_right_1'====== Args={'value': 12, 'prev_value': None, 'change': True}
2026-03-01 16:10:33,597 : INFO : EventManager : Event: ======'machine_var_audits_missing_switches_s_inlane_right_2'====== Args={'value': 30, 'prev_value': None, 'change': True}
2026-03-01 16:10:33,597 : INFO : EventManager : Event: ======'machine_var_audits_missing_switches_s_scoop_tina'====== Args={'value': 10, 'prev_value': None, 'change': True}
2026-03-01 16:10:33,597 : INFO : EventManager : Event: ======'machine_var_audits_missing_switches_s_sling_left'====== Args={'value': 6, 'prev_value': None, 'change': True}
2026-03-01 16:10:33,597 : INFO : EventManager : Event: ======'machine_var_audits_missing_switches_s_sling_right'====== Args={'value': 2, 'prev_value': None, 'change': True}
2026-03-01 16:10:33,597 : INFO : EventManager : Event: ======'machine_var_audits_missing_switches_s_start'====== Args={'value': 2, 'prev_value': None, 'change': True}
2026-03-01 16:10:33,597 : INFO : EventManager : Event: ======'machine_var_audits_player_score'====== Args={'value': {'average': 0, 'top': [], 'total': 0}, 'prev_value': None, 'change': True}
2026-03-01 16:10:33,597 : INFO : EventManager : Event: ======'machine_var_audits_shots_bumper_lower'====== Args={'value': 76, 'prev_value': None, 'change': True}
2026-03-01 16:10:33,597 : INFO : EventManager : Event: ======'machine_var_audits_shots_bumper_upper'====== Args={'value': 81, 'prev_value': None, 'change': True}
2026-03-01 16:10:33,597 : INFO : EventManager : Event: ======'machine_var_audits_shots_hurryup'====== Args={'value': 3, 'prev_value': None, 'change': True}
2026-03-01 16:10:33,597 : INFO : EventManager : Event: ======'machine_var_audits_shots_inlane_left'====== Args={'value': 17, 'prev_value': None, 'change': True}
2026-03-01 16:10:33,597 : INFO : EventManager : Event: ======'machine_var_audits_shots_left_lane'====== Args={'value': 8, 'prev_value': None, 'change': True}
2026-03-01 16:10:33,598 : INFO : EventManager : Event: ======'machine_var_audits_switches_s_bumper_lower'====== Args={'value': 76, 'prev_value': None, 'change': True}
2026-03-01 16:10:33,598 : INFO : EventManager : Event: ======'machine_var_audits_switches_s_bumper_upper'====== Args={'value': 81, 'prev_value': None, 'change': True}
2026-03-01 16:10:33,598 : INFO : EventManager : Event: ======'machine_var_audits_switches_s_flipper_left'====== Args={'value': 497, 'prev_value': None, 'change': True}
2026-03-01 16:10:33,598 : INFO : EventManager : Event: ======'machine_var_audits_switches_s_flipper_left_eos'====== Args={'value': 182, 'prev_value': None, 'change': True}
2026-03-01 16:10:33,598 : INFO : EventManager : Event: ======'machine_var_audits_switches_s_flipper_right_lower'====== Args={'value': 537, 'prev_value': None, 'change': True}
2026-03-01 16:10:33,598 : INFO : EventManager : Event: ======'machine_var_audits_switches_s_flipper_right_lower_eos'====== Args={'value': 167, 'prev_value': None, 'change': True}
2026-03-01 16:10:33,598 : INFO : EventManager : Event: ======'machine_var_audits_switches_s_flipper_right_upper'====== Args={'value': 552, 'prev_value': None, 'change': True}
2026-03-01 16:10:33,598 : INFO : EventManager : Event: ======'machine_var_audits_switches_s_flipper_right_upper_eos'====== Args={'value': 43, 'prev_value': None, 'change': True}
2026-03-01 16:10:33,598 : INFO : EventManager : Event: ======'machine_var_audits_switches_s_inlane_left'====== Args={'value': 27, 'prev_value': None, 'change': True}
2026-03-01 16:10:33,598 : INFO : EventManager : Event: ======'machine_var_audits_switches_s_inlane_right_1'====== Args={'value': 18, 'prev_value': None, 'change': True}
2026-03-01 16:10:33,598 : INFO : EventManager : Event: ======'machine_var_audits_switches_s_inlane_right_2'====== Args={'value': 3, 'prev_value': None, 'change': True}
2026-03-01 16:10:33,598 : INFO : EventManager : Event: ======'machine_var_audits_switches_s_plunger'====== Args={'value': 25, 'prev_value': None, 'change': True}
2026-03-01 16:10:33,598 : INFO : EventManager : Event: ======'machine_var_audits_switches_s_plunger_lane'====== Args={'value': 29, 'prev_value': None, 'change': True}
2026-03-01 16:10:33,599 : INFO : EventManager : Event: ======'machine_var_audits_switches_s_scoop_tina'====== Args={'value': 11, 'prev_value': None, 'change': True}
2026-03-01 16:10:33,599 : INFO : EventManager : Event: ======'machine_var_audits_switches_s_sling_left'====== Args={'value': 195, 'prev_value': None, 'change': True}
2026-03-01 16:10:33,599 : INFO : EventManager : Event: ======'machine_var_audits_switches_s_sling_right'====== Args={'value': 37, 'prev_value': None, 'change': True}
2026-03-01 16:10:33,599 : INFO : EventManager : Event: ======'machine_var_audits_switches_s_start'====== Args={'value': 37, 'prev_value': None, 'change': True}
2026-03-01 16:10:33,599 : INFO : EventManager : Event: ======'machine_var_audits_switches_s_trough_1'====== Args={'value': 136, 'prev_value': None, 'change': True}
2026-03-01 16:10:33,599 : INFO : EventManager : Event: ======'machine_var_audits_switches_s_trough_2'====== Args={'value': 124, 'prev_value': None, 'change': True}
2026-03-01 16:10:33,599 : INFO : EventManager : Event: ======'machine_var_audits_switches_s_trough_3'====== Args={'value': 150, 'prev_value': None, 'change': True}
2026-03-01 16:10:33,599 : INFO : EventManager : Event: ======'machine_var_audits_switches_s_trough_4'====== Args={'value': 205, 'prev_value': None, 'change': True}
2026-03-01 16:10:33,599 : INFO : EventManager : Event: ======'machine_var_audits_switches_s_trough_5'====== Args={'value': 223, 'prev_value': None, 'change': True}
2026-03-01 16:10:33,599 : INFO : EventManager : Event: ======'machine_var_audits_switches_s_trough_6'====== Args={'value': 219, 'prev_value': None, 'change': True}
2026-03-01 16:10:33,599 : INFO : EventManager : Event: ======'machine_var_audits_switches_s_trough_7'====== Args={'value': 183, 'prev_value': None, 'change': True}
2026-03-01 16:10:33,600 : INFO : EventManager : Event: ======'init_phase_5'====== Args={}
2026-03-01 16:10:33,601 : INFO : ball_device.bd_trough : BCH: Count is unstable. Trying to reorder balls.
2026-03-01 16:10:33,601 : WARNING : ball_device.bd_trough : Cannot reorder device because eject_coil_reorder_pulse is not configured
2026-03-01 16:10:33,601 : INFO : ball_device.bd_trough : BCH: Repulse done. Waiting for balls to settle.
2026-03-01 16:10:33,601 : INFO : ball_device.bd_trough : BCH: Reordered count: 2
2026-03-01 16:10:33,601 : INFO : EventManager : Event: ======'init_done'====== Args={}
2026-03-01 16:10:33,602 : INFO : EventManager : Event: ======'machine_reset_phase_1'====== Args={}
2026-03-01 16:10:33,631 : INFO : EventManager : Event: ======'machine_reset_phase_2'====== Args={}
2026-03-01 16:10:33,633 : INFO : EventManager : Event: ======'machine_reset_phase_3'====== Args={}
2026-03-01 16:10:33,633 : INFO : EventManager : Event: ======'reset_complete'====== Args={}
2026-03-01 16:10:33,634 : INFO : EventManager : Event: ======'mode_attract_will_start'====== Args={}
2026-03-01 16:10:33,635 : INFO : Timer.attract_carousel_timer : Starting Timer.
2026-03-01 16:10:33,635 : INFO : EventManager : Event: ======'timer_attract_carousel_timer_started'====== Args={'ticks': 0, 'ticks_remaining': 1}
2026-03-01 16:10:33,635 : INFO : EventManager : Event: ======'timer_attract_carousel_timer_tick'====== Args={'ticks': 0, 'ticks_remaining': 1}
2026-03-01 16:10:33,637 : INFO : EventManager : Event: ======'mode_attract_starting'====== Args={}
2026-03-01 16:10:33,637 : INFO : Mode.attract : Started. Priority: 10
2026-03-01 16:10:33,638 : INFO : EventManager : Event: ======'modes_active_modes_changed'====== Args={}
2026-03-01 16:10:33,638 : INFO : EventManager : Event: ======'mode_attract_started'====== Args={}
2026-03-01 16:10:33,639 : INFO : EventManager : Event: ======'collecting_balls'====== Args={}
2026-03-01 16:10:33,639 : INFO : ball_device.bd_plunger : Adding 1 ball(s) to the eject_queue with target <playfield.playfield>.
2026-03-01 16:10:33,639 : INFO : EventManager : Event: ======'balldevice_balls_available'====== Args={}
2026-03-01 16:10:33,640 : INFO : EventManager : Event: ======'carousel_item_highlighted'====== Args={'carousel': 'attract', 'direction': None, 'item': 'title'}
2026-03-01 16:10:33,641 : INFO : EventManager : Event: ======'timer_attract_carousel_timer_tick'====== Args={'ticks': 0, 'ticks_remaining': 1}
2026-03-01 16:10:33,642 : INFO : Machine : Starting the main run loop with active modes: [<Mode.attract>]
2026-03-01 16:10:33,642 : INFO : ball_device.bd_plunger : State: waiting_for_target_ready
2026-03-01 16:10:33,642 : INFO : EventManager : Event: ======'balldevice_bd_plunger_ball_eject_attempt'====== Args={'balls': 1, 'target': <playfield.playfield>, 'source': <ball_device.bd_plunger>, 'mechanical_eject': False, 'num_attempts': 0}
2026-03-01 16:10:33,642 : INFO : ball_device.bd_plunger : State: ejecting
2026-03-01 16:10:33,643 : INFO : ball_device.bd_plunger : Ejecting ball to <playfield.playfield>
2026-03-01 16:10:33,643 : INFO : EventManager : Event: ======'balldevice_bd_plunger_ejecting_ball'====== Args={'balls': 1, 'target': <playfield.playfield>, 'source': <ball_device.bd_plunger>, 'mechanical_eject': False, 'num_attempts': 0}
2026-03-01 16:10:33,643 : INFO : ball_device.bd_plunger : Wait for ball to leave device
2026-03-01 16:10:33,825 : INFO : EventManager : Event: ======'slide_attract_created'====== Args={'_from_bcp': True}
2026-03-01 16:10:33,825 : INFO : EventManager : Event: ======'slide__removed'====== Args={'_from_bcp': True}
2026-03-01 16:10:33,826 : INFO : EventManager : Event: ======'slide_attract_active'====== Args={'original_context': 'attract', 'original_calling_context': 'mode_attract_started', 'priority': 10.0, 'cmd': 'slides_play', '_from_bcp': True}
2026-03-01 16:10:37,886 : INFO : SwitchController : <<<<<<< 's_start' active >>>>>>>
2026-03-01 16:10:37,992 : INFO : SwitchController : <<<<<<< 's_start' inactive >>>>>>>
2026-03-01 16:10:37,992 : INFO : EventManager : Event: ======'request_to_start_game'====== Args={}
2026-03-01 16:10:37,992 : INFO : EventManager : Event: ======'collecting_balls'====== Args={}
2026-03-01 16:10:37,993 : INFO : BallController : Known balls: 3
2026-03-01 16:10:37,993 : INFO : BallController : bd_trough contains 2 balls. Tags ['trough', 'home', 'drain']
2026-03-01 16:10:37,993 : INFO : BallController : bd_plunger contains 1 balls. Tags []
2026-03-01 16:10:37,993 : INFO : BallController : playfield contains 0 balls. Tags ['default']
2026-03-01 16:10:37,993 : WARNING : BallController : BallController denies game start. Balls are not in their home positions.
2026-03-01 16:10:38,641 : INFO : Timer.attract_carousel_timer : Timer Complete
2026-03-01 16:10:38,641 : INFO : Timer.attract_carousel_timer : Stopping Timer
2026-03-01 16:10:38,642 : INFO : EventManager : Event: ======'timer_attract_carousel_timer_stopped'====== Args={'ticks': 1, 'ticks_remaining': 1}
2026-03-01 16:10:38,642 : INFO : EventManager : Event: ======'timer_attract_carousel_timer_complete'====== Args={'ticks': 1, 'ticks_remaining': 1}
2026-03-01 16:10:38,642 : INFO : EventManager : Event: ======'carousel_item_highlighted'====== Args={'carousel': 'attract', 'direction': 'forwards', 'item': 'credits'}
2026-03-01 16:10:38,642 : INFO : Timer.attract_carousel_timer : Starting Timer.
2026-03-01 16:10:38,642 : INFO : EventManager : Event: ======'timer_attract_carousel_timer_started'====== Args={'ticks': 0, 'ticks_remaining': 1}
2026-03-01 16:10:38,643 : INFO : EventManager : Event: ======'timer_attract_carousel_timer_tick'====== Args={'ticks': 0, 'ticks_remaining': 1}
2026-03-01 16:10:39,409 : INFO : SwitchController : <<<<<<< 's_start' active >>>>>>>
2026-03-01 16:10:39,622 : INFO : SwitchController : <<<<<<< 's_start' inactive >>>>>>>
2026-03-01 16:10:39,622 : INFO : EventManager : Event: ======'request_to_start_game'====== Args={}
2026-03-01 16:10:39,622 : INFO : EventManager : Event: ======'collecting_balls'====== Args={}
2026-03-01 16:10:39,623 : INFO : BallController : Known balls: 3
2026-03-01 16:10:39,623 : INFO : BallController : bd_trough contains 2 balls. Tags ['trough', 'home', 'drain']
2026-03-01 16:10:39,623 : INFO : BallController : bd_plunger contains 1 balls. Tags []
2026-03-01 16:10:39,623 : INFO : BallController : playfield contains 0 balls. Tags ['default']
2026-03-01 16:10:39,623 : WARNING : BallController : BallController denies game start. Balls are not in their home positions.
2026-03-01 16:10:40,024 : INFO : SwitchController : <<<<<<< 's_start' active >>>>>>>
2026-03-01 16:10:40,194 : INFO : SwitchController : <<<<<<< 's_start' inactive >>>>>>>
2026-03-01 16:10:40,194 : INFO : EventManager : Event: ======'request_to_start_game'====== Args={}
2026-03-01 16:10:40,194 : INFO : EventManager : Event: ======'collecting_balls'====== Args={}
2026-03-01 16:10:40,195 : INFO : BallController : Known balls: 3
2026-03-01 16:10:40,195 : INFO : BallController : bd_trough contains 2 balls. Tags ['trough', 'home', 'drain']
2026-03-01 16:10:40,195 : INFO : BallController : bd_plunger contains 1 balls. Tags []
2026-03-01 16:10:40,195 : INFO : BallController : playfield contains 0 balls. Tags ['default']
2026-03-01 16:10:40,195 : WARNING : BallController : BallController denies game start. Balls are not in their home positions.
2026-03-01 16:10:40,458 : INFO : SwitchController : <<<<<<< 's_start' active >>>>>>>
2026-03-01 16:10:40,624 : INFO : SwitchController : <<<<<<< 's_start' inactive >>>>>>>
2026-03-01 16:10:40,624 : INFO : EventManager : Event: ======'request_to_start_game'====== Args={}
2026-03-01 16:10:40,625 : INFO : EventManager : Event: ======'collecting_balls'====== Args={}
2026-03-01 16:10:40,625 : INFO : BallController : Known balls: 3
2026-03-01 16:10:40,625 : INFO : BallController : bd_trough contains 2 balls. Tags ['trough', 'home', 'drain']
2026-03-01 16:10:40,625 : INFO : BallController : bd_plunger contains 1 balls. Tags []
2026-03-01 16:10:40,625 : INFO : BallController : playfield contains 0 balls. Tags ['default']
2026-03-01 16:10:40,625 : WARNING : BallController : BallController denies game start. Balls are not in their home positions.
2026-03-01 16:10:40,950 : INFO : SwitchController : <<<<<<< 's_start' active >>>>>>>
2026-03-01 16:10:41,141 : INFO : SwitchController : <<<<<<< 's_start' inactive >>>>>>>
2026-03-01 16:10:41,142 : INFO : EventManager : Event: ======'request_to_start_game'====== Args={}
2026-03-01 16:10:41,142 : INFO : EventManager : Event: ======'collecting_balls'====== Args={}
2026-03-01 16:10:41,143 : INFO : BallController : Known balls: 3
2026-03-01 16:10:41,143 : INFO : BallController : bd_trough contains 2 balls. Tags ['trough', 'home', 'drain']
2026-03-01 16:10:41,143 : INFO : BallController : bd_plunger contains 1 balls. Tags []
2026-03-01 16:10:41,143 : INFO : BallController : playfield contains 0 balls. Tags ['default']
2026-03-01 16:10:41,143 : WARNING : BallController : BallController denies game start. Balls are not in their home positions.
2026-03-01 16:10:42,508 : INFO : SwitchController : <<<<<<< 's_plunger' inactive >>>>>>>
2026-03-01 16:10:42,509 : INFO : ball_device.bd_plunger : State: ball_left
2026-03-01 16:10:42,509 : INFO : ball_device.bd_plunger : Ball left
2026-03-01 16:10:42,509 : INFO : ball_device.bd_plunger : Wait for confirm with timeout 10.0
2026-03-01 16:10:43,643 : INFO : Timer.attract_carousel_timer : Timer Complete
2026-03-01 16:10:43,643 : INFO : Timer.attract_carousel_timer : Stopping Timer
2026-03-01 16:10:43,643 : INFO : EventManager : Event: ======'timer_attract_carousel_timer_stopped'====== Args={'ticks': 1, 'ticks_remaining': 1}
2026-03-01 16:10:43,643 : INFO : EventManager : Event: ======'timer_attract_carousel_timer_complete'====== Args={'ticks': 1, 'ticks_remaining': 1}
2026-03-01 16:10:43,643 : INFO : EventManager : Event: ======'carousel_item_highlighted'====== Args={'carousel': 'attract', 'direction': 'forwards', 'item': 'logo'}
2026-03-01 16:10:43,644 : INFO : Timer.attract_carousel_timer : Starting Timer.
2026-03-01 16:10:43,644 : INFO : EventManager : Event: ======'timer_attract_carousel_timer_started'====== Args={'ticks': 0, 'ticks_remaining': 1}
2026-03-01 16:10:43,644 : INFO : EventManager : Event: ======'timer_attract_carousel_timer_tick'====== Args={'ticks': 0, 'ticks_remaining': 1}
2026-03-01 16:10:46,372 : INFO : SwitchController : <<<<<<< 's_trough_6' inactive >>>>>>>
2026-03-01 16:10:46,757 : INFO : SwitchController : <<<<<<< 's_flipper_right_lower' active >>>>>>>
2026-03-01 16:10:46,757 : INFO : EventManager : Event: ======'s_flipper_right_lower_active'====== Args={}
2026-03-01 16:10:46,757 : INFO : EventManager : Event: ======'carousel_item_highlighted'====== Args={'carousel': 'attract', 'direction': 'forwards', 'item': 'title'}
2026-03-01 16:10:46,757 : INFO : EventManager : Event: ======'timer_attract_carousel_timer_tick'====== Args={'ticks': 0, 'ticks_remaining': 1}
2026-03-01 16:10:46,759 : INFO : SwitchController : <<<<<<< 's_flipper_right_upper' active >>>>>>>
2026-03-01 16:10:46,873 : INFO : ball_device.bd_trough : BCH: Count is unstable. Trying to reorder balls.
2026-03-01 16:10:46,873 : WARNING : ball_device.bd_trough : Cannot reorder device because eject_coil_reorder_pulse is not configured
2026-03-01 16:10:46,873 : INFO : ball_device.bd_trough : BCH: Repulse done. Waiting for balls to settle.
2026-03-01 16:10:46,932 : INFO : SwitchController : <<<<<<< 's_flipper_right_upper' inactive >>>>>>>
2026-03-01 16:10:46,937 : INFO : SwitchController : <<<<<<< 's_flipper_right_lower' inactive >>>>>>>
2026-03-01 16:10:46,989 : INFO : SwitchController : <<<<<<< 's_flipper_right_lower' active >>>>>>>
2026-03-01 16:10:46,989 : INFO : EventManager : Event: ======'s_flipper_right_lower_active'====== Args={}
2026-03-01 16:10:46,990 : INFO : EventManager : Event: ======'carousel_item_highlighted'====== Args={'carousel': 'attract', 'direction': 'forwards', 'item': 'credits'}
2026-03-01 16:10:46,990 : INFO : EventManager : Event: ======'timer_attract_carousel_timer_tick'====== Args={'ticks': 0, 'ticks_remaining': 1}
2026-03-01 16:10:46,993 : INFO : SwitchController : <<<<<<< 's_flipper_right_upper' active >>>>>>>
2026-03-01 16:10:47,130 : INFO : SwitchController : <<<<<<< 's_flipper_right_upper' inactive >>>>>>>
2026-03-01 16:10:47,135 : INFO : SwitchController : <<<<<<< 's_flipper_right_lower' inactive >>>>>>>
2026-03-01 16:10:47,211 : INFO : SwitchController : <<<<<<< 's_flipper_right_lower' active >>>>>>>
2026-03-01 16:10:47,211 : INFO : EventManager : Event: ======'s_flipper_right_lower_active'====== Args={}
2026-03-01 16:10:47,211 : INFO : EventManager : Event: ======'carousel_item_highlighted'====== Args={'carousel': 'attract', 'direction': 'forwards', 'item': 'logo'}
2026-03-01 16:10:47,212 : INFO : EventManager : Event: ======'timer_attract_carousel_timer_tick'====== Args={'ticks': 0, 'ticks_remaining': 1}
2026-03-01 16:10:47,216 : INFO : SwitchController : <<<<<<< 's_flipper_right_upper' active >>>>>>>
2026-03-01 16:10:47,338 : INFO : SwitchController : <<<<<<< 's_flipper_right_upper' inactive >>>>>>>
2026-03-01 16:10:47,342 : INFO : SwitchController : <<<<<<< 's_flipper_right_lower' inactive >>>>>>>
2026-03-01 16:10:47,592 : INFO : SwitchController : <<<<<<< 's_flipper_right_lower' active >>>>>>>
2026-03-01 16:10:47,593 : INFO : EventManager : Event: ======'s_flipper_right_lower_active'====== Args={}
2026-03-01 16:10:47,593 : INFO : EventManager : Event: ======'carousel_item_highlighted'====== Args={'carousel': 'attract', 'direction': 'forwards', 'item': 'title'}
2026-03-01 16:10:47,593 : INFO : EventManager : Event: ======'timer_attract_carousel_timer_tick'====== Args={'ticks': 0, 'ticks_remaining': 1}
2026-03-01 16:10:47,594 : INFO : SwitchController : <<<<<<< 's_flipper_right_upper' active >>>>>>>
2026-03-01 16:10:47,742 : INFO : SwitchController : <<<<<<< 's_flipper_right_upper' inactive >>>>>>>
2026-03-01 16:10:47,746 : INFO : SwitchController : <<<<<<< 's_flipper_right_lower' inactive >>>>>>>
