2026-02-17 13:19:03,222 : INFO : root : Loading config.
2026-02-17 13:19:03,560 : INFO : ConfigProcessor : Config spec file cache created: /var/folders/1s/015t8n3n70gcr2ch4xflj4yr0000gn/T/config_spec.mpf_cache
2026-02-17 13:19:03,561 : INFO : YamlMultifileConfigLoader : Machine config file #1: config.yaml
2026-02-17 13:19:03,561 : INFO : ConfigProcessor : Loading config from file /Users/pinball/mpf/lib/python3.14/site-packages/mpf/mpfconfig.yaml.
2026-02-17 13:19:03,631 : INFO : ConfigProcessor : Loading config: /Users/pinball/mpf/lib/python3.14/site-packages/mpf/mpfconfig.yaml
2026-02-17 13:19:03,631 : INFO : ConfigProcessor : Loading config from file /Users/pinball/NapoleonDynamite/config/config.yaml.
2026-02-17 13:19:03,634 : INFO : ConfigProcessor : Loading config: /Users/pinball/NapoleonDynamite/config/config.yaml
2026-02-17 13:19:03,636 : INFO : ConfigProcessor : Loading config: /Users/pinball/NapoleonDynamite/config/config_ball_devices.yaml
2026-02-17 13:19:03,638 : INFO : ConfigProcessor : Loading config: /Users/pinball/NapoleonDynamite/config/config_coils.yaml
2026-02-17 13:19:03,644 : INFO : ConfigProcessor : Loading config: /Users/pinball/NapoleonDynamite/config/config_switches.yaml
2026-02-17 13:19:03,645 : INFO : ConfigProcessor : Config file cache created: /var/folders/1s/015t8n3n70gcr2ch4xflj4yr0000gn/T/954ddabc670342668a09b03520c7eb79.mpf_cache
2026-02-17 13:19:03,751 : INFO : ConfigProcessor : Loading config from file /Users/pinball/mpf/lib/python3.14/site-packages/mpf/modes/attract/config/attract.yaml.
2026-02-17 13:19:03,753 : INFO : ConfigProcessor : Loading config: /Users/pinball/mpf/lib/python3.14/site-packages/mpf/modes/attract/config/attract.yaml
2026-02-17 13:19:03,753 : INFO : ConfigProcessor : Loading config from file /Users/pinball/NapoleonDynamite/modes/attract/config/attract.yaml.
2026-02-17 13:19:03,759 : INFO : ConfigProcessor : Loading config: /Users/pinball/NapoleonDynamite/modes/attract/config/attract.yaml
2026-02-17 13:19:03,759 : INFO : ConfigProcessor : Config file cache created: /var/folders/1s/015t8n3n70gcr2ch4xflj4yr0000gn/T/64218df07edc412f774c53ffb33c812d.mpf_cache
2026-02-17 13:19:03,759 : INFO : ConfigProcessor : Loading config from file /Users/pinball/mpf/lib/python3.14/site-packages/mpf/modes/game/config/game.yaml.
2026-02-17 13:19:03,762 : INFO : ConfigProcessor : Loading config: /Users/pinball/mpf/lib/python3.14/site-packages/mpf/modes/game/config/game.yaml
2026-02-17 13:19:03,762 : INFO : ConfigProcessor : Config file cache created: /var/folders/1s/015t8n3n70gcr2ch4xflj4yr0000gn/T/767518d75df2d86a4d35c1fb94c70abd.mpf_cache
2026-02-17 13:19:03,762 : INFO : ConfigProcessor : Loading config from cache: /var/folders/1s/015t8n3n70gcr2ch4xflj4yr0000gn/T/64218df07edc412f774c53ffb33c812d.mpf_cache
2026-02-17 13:19:03,763 : INFO : ConfigProcessor : Loading config from file /Users/pinball/NapoleonDynamite/modes/base/config/base.yaml.
2026-02-17 13:19:03,765 : INFO : ConfigProcessor : Loading config: /Users/pinball/NapoleonDynamite/modes/base/config/base.yaml
2026-02-17 13:19:03,765 : INFO : ConfigProcessor : Config file cache created: /var/folders/1s/015t8n3n70gcr2ch4xflj4yr0000gn/T/73548cb541cc3751ae5711fe0817282a.mpf_cache
2026-02-17 13:19:03,766 : INFO : Machine : Mission Pinball Framework Core Engine v0.80.0.dev13
2026-02-17 13:19:03,766 : INFO : Machine : Command line arguments: {'no_load_cache': False, 'create_config_cache': True, 'bcp': False, 'configfile': ['config.yaml'], 'force_assets_load': False, 'platform_integration_test': False, 'jsonlogging': False, 'logfile': 'logs/2026-02-17-13-19-03-mpf-ANDREs-Mac-mini.local.log', 'pause': False, 'production': False, 'text_ui': False, 'loglevel': 15, 'consoleloglevel': 20, 'force_platform': 'virtual', 'syslog_address': None, 'full_logfile_path': '/Users/pinball/NapoleonDynamite/logs/2026-02-17-13-19-03-mpf-ANDREs-Mac-mini.local.log'}
2026-02-17 13:19:03,766 : INFO : Machine : MPF path: /Users/pinball/mpf/lib/python3.14/site-packages/mpf
2026-02-17 13:19:03,766 : INFO : Machine : Machine path: /Users/pinball/NapoleonDynamite
2026-02-17 13:19:03,766 : INFO : Machine : Platform: darwin
2026-02-17 13:19:03,766 : INFO : Machine : Python executable location: /Users/pinball/mpf/bin/python3.14
2026-02-17 13:19:03,766 : INFO : Machine : Python version: 3.14.3 (64-bit)
2026-02-17 13:19:03,768 : INFO : Machine : Initializing MPF...
2026-02-17 13:19:03,886 : INFO : EventManager : Event: ======'machine_var_credits_string'====== Args={'value': 'FREE PLAY', 'prev_value': None, 'change': True}
2026-02-17 13:19:03,907 : INFO : EventManager : Event: ======'machine_var_master_volume'====== Args={'value': 0.5, 'prev_value': None, 'change': True}
2026-02-17 13:19:03,907 : INFO : EventManager : Event: ======'machine_var_mpf_version'====== Args={'value': 'Mission Pinball Framework v0.80.0.dev13', 'prev_value': None, 'change': True}
2026-02-17 13:19:03,907 : INFO : EventManager : Event: ======'machine_var_mpf_extended_version'====== Args={'value': 'Mission Pinball Framework v0.80.0.dev13, Config version:6, Show version: 6, BCP version:1.1', 'prev_value': None, 'change': True}
2026-02-17 13:19:03,915 : INFO : EventManager : Event: ======'machine_var_python_version'====== Args={'value': '3.14.3', 'prev_value': None, 'change': True}
2026-02-17 13:19:03,940 : INFO : EventManager : Event: ======'machine_var_platform'====== Args={'value': 'macOS-14.8.4-x86_64-i386-64bit-Mach-O', 'prev_value': None, 'change': True}
2026-02-17 13:19:03,940 : INFO : EventManager : Event: ======'machine_var_platform_system'====== Args={'value': 'Darwin', 'prev_value': None, 'change': True}
2026-02-17 13:19:03,940 : INFO : EventManager : Event: ======'machine_var_platform_release'====== Args={'value': '23.6.0', 'prev_value': None, 'change': True}
2026-02-17 13:19:03,940 : INFO : EventManager : Event: ======'machine_var_platform_version'====== Args={'value': 'Darwin Kernel Version 23.6.0: Mon Jan 19 22:02:22 PST 2026; root:xnu-10063.141.1.710.3~1/RELEASE_X86_64', 'prev_value': None, 'change': True}
2026-02-17 13:19:03,941 : INFO : EventManager : Event: ======'machine_var_platform_machine'====== Args={'value': 'x86_64', 'prev_value': None, 'change': True}
2026-02-17 13:19:03,941 : INFO : EventManager : Event: ======'machine_var_log_file_path'====== Args={'value': '/Users/pinball/NapoleonDynamite/logs/2026-02-17-13-19-03-mpf-ANDREs-Mac-mini.local.log', 'prev_value': None, 'change': True}
2026-02-17 13:19:03,941 : INFO : EventManager : Event: ======'init_phase_1'====== Args={}
2026-02-17 13:19:03,965 : INFO : EventManager : Event: ======'init_phase_2'====== Args={}
2026-02-17 13:19:03,968 : INFO : ball_device.bd_plunger : BCH: Initial count: 0
2026-02-17 13:19:03,969 : INFO : ball_device.bd_plunger : State: idle
2026-02-17 13:19:03,969 : INFO : ball_device.bd_trough : BCH: Initial count: 0
2026-02-17 13:19:03,970 : INFO : ball_device.bd_trough : State: idle
2026-02-17 13:19:03,976 : INFO : EventManager : Event: ======'init_phase_3'====== Args={}
2026-02-17 13:19:03,978 : INFO : EventManager : Event: ======'init_phase_4'====== Args={}
2026-02-17 13:19:03,979 : INFO : BallController : Initial balls found: 0
2026-02-17 13:19:03,980 : INFO : EventManager : Event: ======'machine_var_audits_switches_s_trough_1'====== Args={'value': 0, 'prev_value': None, 'change': True}
2026-02-17 13:19:03,980 : INFO : EventManager : Event: ======'machine_var_audits_switches_s_trough_3'====== Args={'value': 0, 'prev_value': None, 'change': True}
2026-02-17 13:19:03,980 : INFO : EventManager : Event: ======'machine_var_audits_switches_s_flipper_right'====== Args={'value': 0, 'prev_value': None, 'change': True}
2026-02-17 13:19:03,980 : INFO : EventManager : Event: ======'machine_var_audits_switches_s_plunger_lane'====== Args={'value': 0, 'prev_value': None, 'change': True}
2026-02-17 13:19:03,980 : INFO : EventManager : Event: ======'machine_var_audits_switches_s_trough_6'====== Args={'value': 0, 'prev_value': None, 'change': True}
2026-02-17 13:19:03,980 : INFO : EventManager : Event: ======'machine_var_audits_switches_s_trough_4'====== Args={'value': 0, 'prev_value': None, 'change': True}
2026-02-17 13:19:03,980 : INFO : EventManager : Event: ======'machine_var_audits_switches_s_trough_5'====== Args={'value': 0, 'prev_value': None, 'change': True}
2026-02-17 13:19:03,980 : INFO : EventManager : Event: ======'machine_var_audits_switches_s_trough_2'====== Args={'value': 0, 'prev_value': None, 'change': True}
2026-02-17 13:19:03,980 : INFO : EventManager : Event: ======'machine_var_audits_switches_s_flipper_left'====== Args={'value': 0, 'prev_value': None, 'change': True}
2026-02-17 13:19:03,981 : INFO : EventManager : Event: ======'machine_var_audits_events_game_started'====== Args={'value': 0, 'prev_value': None, 'change': True}
2026-02-17 13:19:03,981 : INFO : EventManager : Event: ======'machine_var_audits_events_game_ended'====== Args={'value': 0, 'prev_value': None, 'change': True}
2026-02-17 13:19:03,981 : INFO : EventManager : Event: ======'machine_var_audits_player_score'====== Args={'value': {'top': [], 'average': 0, 'total': 0}, 'prev_value': None, 'change': True}
2026-02-17 13:19:03,981 : INFO : EventManager : Event: ======'init_phase_5'====== Args={}
2026-02-17 13:19:03,982 : INFO : EventManager : Event: ======'init_done'====== Args={}
2026-02-17 13:19:03,982 : INFO : EventManager : Event: ======'machine_reset_phase_1'====== Args={}
2026-02-17 13:19:03,983 : INFO : EventManager : Event: ======'machine_reset_phase_2'====== Args={}
2026-02-17 13:19:03,983 : INFO : EventManager : Event: ======'machine_reset_phase_3'====== Args={}
2026-02-17 13:19:03,983 : INFO : EventManager : Event: ======'reset_complete'====== Args={}
2026-02-17 13:19:03,984 : INFO : EventManager : Event: ======'mode_attract_will_start'====== Args={}
2026-02-17 13:19:03,984 : INFO : Timer.attract_carousel_timer : Starting Timer.
2026-02-17 13:19:03,984 : INFO : EventManager : Event: ======'timer_attract_carousel_timer_started'====== Args={'ticks': 0, 'ticks_remaining': 1}
2026-02-17 13:19:03,984 : INFO : EventManager : Event: ======'timer_attract_carousel_timer_tick'====== Args={'ticks': 0, 'ticks_remaining': 1}
2026-02-17 13:19:03,985 : INFO : EventManager : Event: ======'mode_attract_starting'====== Args={}
2026-02-17 13:19:03,985 : INFO : Mode.attract : Started. Priority: 10
2026-02-17 13:19:03,985 : INFO : EventManager : Event: ======'modes_active_modes_changed'====== Args={}
2026-02-17 13:19:03,985 : INFO : EventManager : Event: ======'mode_attract_started'====== Args={}
2026-02-17 13:19:03,985 : INFO : EventManager : Event: ======'collecting_balls_complete'====== Args={}
2026-02-17 13:19:03,986 : INFO : EventManager : Event: ======'carousel_item_highlighted'====== Args={'carousel': 'attract', 'direction': None, 'item': 'title'}
2026-02-17 13:19:03,986 : INFO : EventManager : Event: ======'timer_attract_carousel_timer_tick'====== Args={'ticks': 0, 'ticks_remaining': 1}
2026-02-17 13:19:03,987 : INFO : Machine : Starting the main run loop with active modes: [<Mode.attract>]
2026-02-17 13:19:07,944 : INFO : Machine : Shutting down...
2026-02-17 13:19:07,944 : INFO : EventManager : Event: ======'shutdown'====== Args={}
2026-02-17 13:19:07,947 : INFO : root : MPF run loop ended.
