2026-02-28 20:25:43,805 : INFO : root : Loading config.
2026-02-28 20:25:43,893 : INFO : ConfigProcessor : Config spec file cache created: /var/folders/np/pd6clpgx1xs_0sdwz71m1gyh0000gn/T/config_spec.mpf_cache
2026-02-28 20:25:43,893 : INFO : YamlMultifileConfigLoader : Machine config file #1: config.yaml
2026-02-28 20:25:43,894 : INFO : ConfigProcessor : Loading config from file /Users/andre/mpf/lib/python3.13/site-packages/mpf/mpfconfig.yaml.
2026-02-28 20:25:43,914 : INFO : ConfigProcessor : Loading config: /Users/andre/mpf/lib/python3.13/site-packages/mpf/mpfconfig.yaml
2026-02-28 20:25:43,914 : INFO : ConfigProcessor : Loading config from file /Users/andre/NapoleonDynamite/config/config.yaml.
2026-02-28 20:25:43,916 : INFO : ConfigProcessor : Loading config: /Users/andre/NapoleonDynamite/config/config.yaml
2026-02-28 20:25:43,917 : INFO : ConfigProcessor : Loading config: /Users/andre/NapoleonDynamite/config/config_ball_devices.yaml
2026-02-28 20:25:43,918 : INFO : ConfigProcessor : Loading config: /Users/andre/NapoleonDynamite/config/config_coils.yaml
2026-02-28 20:25:43,921 : INFO : ConfigProcessor : Loading config: /Users/andre/NapoleonDynamite/config/config_switches.yaml
2026-02-28 20:25:43,922 : INFO : ConfigProcessor : Config file cache created: /var/folders/np/pd6clpgx1xs_0sdwz71m1gyh0000gn/T/be743be5f71a26736512bc9b8989a341.mpf_cache
2026-02-28 20:25:43,955 : INFO : ConfigProcessor : Loading config from file /Users/andre/mpf/lib/python3.13/site-packages/mpf/modes/attract/config/attract.yaml.
2026-02-28 20:25:43,956 : INFO : ConfigProcessor : Loading config: /Users/andre/mpf/lib/python3.13/site-packages/mpf/modes/attract/config/attract.yaml
2026-02-28 20:25:43,956 : INFO : ConfigProcessor : Loading config from file /Users/andre/NapoleonDynamite/modes/attract/config/attract.yaml.
2026-02-28 20:25:43,957 : INFO : ConfigProcessor : Loading config: /Users/andre/NapoleonDynamite/modes/attract/config/attract.yaml
2026-02-28 20:25:43,957 : INFO : ConfigProcessor : Config file cache created: /var/folders/np/pd6clpgx1xs_0sdwz71m1gyh0000gn/T/84cf549c59d2d394dc6f5889ffe6a1f1.mpf_cache
2026-02-28 20:25:43,958 : INFO : ConfigProcessor : Loading config from file /Users/andre/mpf/lib/python3.13/site-packages/mpf/modes/game/config/game.yaml.
2026-02-28 20:25:43,959 : INFO : ConfigProcessor : Loading config: /Users/andre/mpf/lib/python3.13/site-packages/mpf/modes/game/config/game.yaml
2026-02-28 20:25:43,959 : INFO : ConfigProcessor : Config file cache created: /var/folders/np/pd6clpgx1xs_0sdwz71m1gyh0000gn/T/a5f85595fa0cbfb236c892eef8a78354.mpf_cache
2026-02-28 20:25:43,959 : INFO : ConfigProcessor : Loading config from cache: /var/folders/np/pd6clpgx1xs_0sdwz71m1gyh0000gn/T/84cf549c59d2d394dc6f5889ffe6a1f1.mpf_cache
2026-02-28 20:25:43,959 : INFO : ConfigProcessor : Loading config from cache: /var/folders/np/pd6clpgx1xs_0sdwz71m1gyh0000gn/T/128730e328aaa296072fe140e2e7dc9c.mpf_cache
2026-02-28 20:25:43,960 : INFO : ConfigProcessor : Loading config from cache: /var/folders/np/pd6clpgx1xs_0sdwz71m1gyh0000gn/T/6361db87863b427e5d069bbf0c807c9d.mpf_cache
2026-02-28 20:25:43,960 : INFO : ConfigProcessor : Loading config from cache: /var/folders/np/pd6clpgx1xs_0sdwz71m1gyh0000gn/T/43cb4b195f935f38e5e859c83c67061c.mpf_cache
2026-02-28 20:25:43,960 : INFO : Machine : Mission Pinball Framework Core Engine v0.80.0.dev13
2026-02-28 20:25:43,960 : INFO : Machine : Command line arguments: {'no_load_cache': False, 'create_config_cache': True, 'bcp': True, 'configfile': ['config.yaml'], 'force_assets_load': False, 'platform_integration_test': False, 'jsonlogging': False, 'logfile': 'logs/2026-02-28-20-25-43-mpf-ANDREs-MacBook-Pro-2.local.log', 'pause': False, 'production': False, 'text_ui': False, 'loglevel': 15, 'consoleloglevel': 20, 'force_platform': 'virtual', 'syslog_address': None, 'full_logfile_path': '/Users/andre/NapoleonDynamite/logs/2026-02-28-20-25-43-mpf-ANDREs-MacBook-Pro-2.local.log'}
2026-02-28 20:25:43,961 : INFO : Machine : MPF path: /Users/andre/mpf/lib/python3.13/site-packages/mpf
2026-02-28 20:25:43,961 : INFO : Machine : Machine path: /Users/andre/NapoleonDynamite
2026-02-28 20:25:43,961 : INFO : Machine : Platform: darwin
2026-02-28 20:25:43,961 : INFO : Machine : Python executable location: /Users/andre/mpf/bin/python3.13
2026-02-28 20:25:43,961 : INFO : Machine : Python version: 3.13.12 (64-bit)
2026-02-28 20:25:43,961 : INFO : Machine : Initializing MPF...
2026-02-28 20:25:43,997 : INFO : EventManager : Event: ======'machine_var_credits_string'====== Args={'value': 'FREE PLAY', 'prev_value': None, 'change': True}
2026-02-28 20:25:44,003 : INFO : EventManager : Event: ======'machine_var_master_volume'====== Args={'value': 0.5, 'prev_value': None, 'change': True}
2026-02-28 20:25:44,003 : INFO : EventManager : Event: ======'machine_var_mpf_version'====== Args={'value': 'Mission Pinball Framework v0.80.0.dev13', 'prev_value': None, 'change': True}
2026-02-28 20:25:44,003 : INFO : EventManager : Event: ======'machine_var_mpf_extended_version'====== Args={'value': 'Mission Pinball Framework v0.80.0.dev13, Config version:6, Show version: 6, BCP version:1.1', 'prev_value': None, 'change': True}
2026-02-28 20:25:44,004 : INFO : EventManager : Event: ======'machine_var_python_version'====== Args={'value': '3.13.12', 'prev_value': None, 'change': True}
2026-02-28 20:25:44,016 : INFO : EventManager : Event: ======'machine_var_platform'====== Args={'value': 'macOS-26.3-arm64-arm-64bit-Mach-O', 'prev_value': None, 'change': True}
2026-02-28 20:25:44,016 : INFO : EventManager : Event: ======'machine_var_platform_system'====== Args={'value': 'Darwin', 'prev_value': None, 'change': True}
2026-02-28 20:25:44,016 : INFO : EventManager : Event: ======'machine_var_platform_release'====== Args={'value': '25.3.0', 'prev_value': None, 'change': True}
2026-02-28 20:25:44,016 : INFO : EventManager : Event: ======'machine_var_platform_version'====== Args={'value': 'Darwin Kernel Version 25.3.0: Wed Jan 28 20:53:05 PST 2026; root:xnu-12377.81.4~5/RELEASE_ARM64_T6020', 'prev_value': None, 'change': True}
2026-02-28 20:25:44,016 : INFO : EventManager : Event: ======'machine_var_platform_machine'====== Args={'value': 'arm64', 'prev_value': None, 'change': True}
2026-02-28 20:25:44,016 : INFO : EventManager : Event: ======'machine_var_log_file_path'====== Args={'value': '/Users/andre/NapoleonDynamite/logs/2026-02-28-20-25-43-mpf-ANDREs-MacBook-Pro-2.local.log', 'prev_value': None, 'change': True}
2026-02-28 20:25:44,016 : INFO : EventManager : Event: ======'init_phase_1'====== Args={}
2026-02-28 20:25:44,024 : INFO : EventManager : Event: ======'init_phase_2'====== Args={}
2026-02-28 20:25:44,025 : INFO : EventManager : Event: ======'bcp_connection_attempt'====== Args={'name': 'local_display', 'host': 'localhost', 'port': 5050}
2026-02-28 20:25:44,026 : INFO : BCPClientSocket : Connecting BCP to 'local_display' at localhost:5050...
2026-02-28 20:25:44,029 : INFO : BCPClientSocket : Connected BCP to 'local_display' localhost:5050
2026-02-28 20:25:44,030 : INFO : EventManager : Event: ======'bcp_clients_connected'====== Args={}
2026-02-28 20:25:44,030 : INFO : ball_device.bd_trough : BCH: Initial count: 0
2026-02-28 20:25:44,030 : INFO : ball_device.bd_trough : State: idle
2026-02-28 20:25:44,030 : INFO : ball_device.bd_plunger : BCH: Initial count: 0
2026-02-28 20:25:44,030 : INFO : ball_device.bd_plunger : State: idle
2026-02-28 20:25:44,035 : INFO : EventManager : Event: ======'init_phase_3'====== Args={}
2026-02-28 20:25:44,036 : INFO : EventManager : Event: ======'init_phase_4'====== Args={}
2026-02-28 20:25:44,036 : INFO : BallController : Initial balls found: 0
2026-02-28 20:25:44,036 : INFO : EventManager : Event: ======'machine_var_audits_events_game_ended'====== Args={'value': 0, 'prev_value': None, 'change': True}
2026-02-28 20:25:44,036 : INFO : EventManager : Event: ======'machine_var_audits_events_game_started'====== Args={'value': 9, 'prev_value': None, 'change': True}
2026-02-28 20:25:44,036 : INFO : EventManager : Event: ======'machine_var_audits_missing_switches_s_bumper_upper'====== Args={'value': 1, 'prev_value': None, 'change': True}
2026-02-28 20:25:44,036 : INFO : EventManager : Event: ======'machine_var_audits_missing_switches_s_flipper_left'====== Args={'value': 9, 'prev_value': None, 'change': True}
2026-02-28 20:25:44,036 : INFO : EventManager : Event: ======'machine_var_audits_missing_switches_s_flipper_right_lower'====== Args={'value': 9, 'prev_value': None, 'change': True}
2026-02-28 20:25:44,037 : INFO : EventManager : Event: ======'machine_var_audits_missing_switches_s_flipper_right_upper'====== Args={'value': 9, 'prev_value': None, 'change': True}
2026-02-28 20:25:44,037 : INFO : EventManager : Event: ======'machine_var_audits_missing_switches_s_inlane_right_1'====== Args={'value': 8, 'prev_value': None, 'change': True}
2026-02-28 20:25:44,037 : INFO : EventManager : Event: ======'machine_var_audits_missing_switches_s_plunger_lane'====== Args={'value': 9, 'prev_value': None, 'change': True}
2026-02-28 20:25:44,037 : INFO : EventManager : Event: ======'machine_var_audits_missing_switches_s_sling_left'====== Args={'value': 9, 'prev_value': None, 'change': True}
2026-02-28 20:25:44,037 : INFO : EventManager : Event: ======'machine_var_audits_missing_switches_s_sling_right'====== Args={'value': 9, 'prev_value': None, 'change': True}
2026-02-28 20:25:44,037 : INFO : EventManager : Event: ======'machine_var_audits_missing_switches_s_start'====== Args={'value': 6, 'prev_value': None, 'change': True}
2026-02-28 20:25:44,037 : INFO : EventManager : Event: ======'machine_var_audits_missing_switches_s_trough_1'====== Args={'value': 9, 'prev_value': None, 'change': True}
2026-02-28 20:25:44,037 : INFO : EventManager : Event: ======'machine_var_audits_missing_switches_s_trough_2'====== Args={'value': 9, 'prev_value': None, 'change': True}
2026-02-28 20:25:44,037 : INFO : EventManager : Event: ======'machine_var_audits_missing_switches_s_trough_3'====== Args={'value': 9, 'prev_value': None, 'change': True}
2026-02-28 20:25:44,037 : INFO : EventManager : Event: ======'machine_var_audits_missing_switches_s_trough_4'====== Args={'value': 9, 'prev_value': None, 'change': True}
2026-02-28 20:25:44,037 : INFO : EventManager : Event: ======'machine_var_audits_missing_switches_s_trough_5'====== Args={'value': 9, 'prev_value': None, 'change': True}
2026-02-28 20:25:44,037 : INFO : EventManager : Event: ======'machine_var_audits_missing_switches_s_trough_6'====== Args={'value': 9, 'prev_value': None, 'change': True}
2026-02-28 20:25:44,037 : INFO : EventManager : Event: ======'machine_var_audits_missing_switches_s_trough_7'====== Args={'value': 9, 'prev_value': None, 'change': True}
2026-02-28 20:25:44,037 : INFO : EventManager : Event: ======'machine_var_audits_player_score'====== Args={'value': {'average': 0, 'top': [], 'total': 0}, 'prev_value': None, 'change': True}
2026-02-28 20:25:44,037 : INFO : EventManager : Event: ======'machine_var_audits_shots_bumper_lower'====== Args={'value': 76, 'prev_value': None, 'change': True}
2026-02-28 20:25:44,037 : INFO : EventManager : Event: ======'machine_var_audits_shots_bumper_upper'====== Args={'value': 81, 'prev_value': None, 'change': True}
2026-02-28 20:25:44,037 : INFO : EventManager : Event: ======'machine_var_audits_shots_hurryup'====== Args={'value': 3, 'prev_value': None, 'change': True}
2026-02-28 20:25:44,037 : INFO : EventManager : Event: ======'machine_var_audits_shots_inlane_left'====== Args={'value': 17, 'prev_value': None, 'change': True}
2026-02-28 20:25:44,037 : INFO : EventManager : Event: ======'machine_var_audits_shots_left_lane'====== Args={'value': 8, 'prev_value': None, 'change': True}
2026-02-28 20:25:44,037 : INFO : EventManager : Event: ======'machine_var_audits_switches_s_bumper_lower'====== Args={'value': 76, 'prev_value': None, 'change': True}
2026-02-28 20:25:44,037 : INFO : EventManager : Event: ======'machine_var_audits_switches_s_bumper_upper'====== Args={'value': 81, 'prev_value': None, 'change': True}
2026-02-28 20:25:44,037 : INFO : EventManager : Event: ======'machine_var_audits_switches_s_flipper_left'====== Args={'value': 0, 'prev_value': None, 'change': True}
2026-02-28 20:25:44,037 : INFO : EventManager : Event: ======'machine_var_audits_switches_s_flipper_right_lower'====== Args={'value': 0, 'prev_value': None, 'change': True}
2026-02-28 20:25:44,037 : INFO : EventManager : Event: ======'machine_var_audits_switches_s_flipper_right_upper'====== Args={'value': 0, 'prev_value': None, 'change': True}
2026-02-28 20:25:44,037 : INFO : EventManager : Event: ======'machine_var_audits_switches_s_inlane_left'====== Args={'value': 27, 'prev_value': None, 'change': True}
2026-02-28 20:25:44,037 : INFO : EventManager : Event: ======'machine_var_audits_switches_s_inlane_right_1'====== Args={'value': 2, 'prev_value': None, 'change': True}
2026-02-28 20:25:44,037 : INFO : EventManager : Event: ======'machine_var_audits_switches_s_inlane_right_2'====== Args={'value': 3, 'prev_value': None, 'change': True}
2026-02-28 20:25:44,037 : INFO : EventManager : Event: ======'machine_var_audits_switches_s_plunger_lane'====== Args={'value': 0, 'prev_value': None, 'change': True}
2026-02-28 20:25:44,037 : INFO : EventManager : Event: ======'machine_var_audits_switches_s_sling_left'====== Args={'value': 0, 'prev_value': None, 'change': True}
2026-02-28 20:25:44,037 : INFO : EventManager : Event: ======'machine_var_audits_switches_s_sling_right'====== Args={'value': 0, 'prev_value': None, 'change': True}
2026-02-28 20:25:44,037 : INFO : EventManager : Event: ======'machine_var_audits_switches_s_start'====== Args={'value': 3, 'prev_value': None, 'change': True}
2026-02-28 20:25:44,037 : INFO : EventManager : Event: ======'machine_var_audits_switches_s_trough_1'====== Args={'value': 0, 'prev_value': None, 'change': True}
2026-02-28 20:25:44,037 : INFO : EventManager : Event: ======'machine_var_audits_switches_s_trough_2'====== Args={'value': 0, 'prev_value': None, 'change': True}
2026-02-28 20:25:44,037 : INFO : EventManager : Event: ======'machine_var_audits_switches_s_trough_3'====== Args={'value': 0, 'prev_value': None, 'change': True}
2026-02-28 20:25:44,037 : INFO : EventManager : Event: ======'machine_var_audits_switches_s_trough_4'====== Args={'value': 0, 'prev_value': None, 'change': True}
2026-02-28 20:25:44,037 : INFO : EventManager : Event: ======'machine_var_audits_switches_s_trough_5'====== Args={'value': 0, 'prev_value': None, 'change': True}
2026-02-28 20:25:44,037 : INFO : EventManager : Event: ======'machine_var_audits_switches_s_trough_6'====== Args={'value': 0, 'prev_value': None, 'change': True}
2026-02-28 20:25:44,037 : INFO : EventManager : Event: ======'machine_var_audits_switches_s_trough_7'====== Args={'value': 0, 'prev_value': None, 'change': True}
2026-02-28 20:25:44,037 : INFO : EventManager : Event: ======'init_phase_5'====== Args={}
2026-02-28 20:25:44,037 : INFO : EventManager : Event: ======'init_done'====== Args={}
2026-02-28 20:25:44,037 : INFO : EventManager : Event: ======'machine_reset_phase_1'====== Args={}
2026-02-28 20:25:44,072 : INFO : EventManager : Event: ======'machine_reset_phase_2'====== Args={}
2026-02-28 20:25:44,073 : INFO : EventManager : Event: ======'machine_reset_phase_3'====== Args={}
2026-02-28 20:25:44,073 : INFO : EventManager : Event: ======'reset_complete'====== Args={}
2026-02-28 20:25:44,073 : INFO : EventManager : Event: ======'mode_attract_will_start'====== Args={}
2026-02-28 20:25:44,073 : INFO : Timer.attract_carousel_timer : Starting Timer.
2026-02-28 20:25:44,073 : INFO : EventManager : Event: ======'timer_attract_carousel_timer_started'====== Args={'ticks': 0, 'ticks_remaining': 1}
2026-02-28 20:25:44,073 : INFO : EventManager : Event: ======'timer_attract_carousel_timer_tick'====== Args={'ticks': 0, 'ticks_remaining': 1}
2026-02-28 20:25:44,073 : INFO : EventManager : Event: ======'mode_attract_starting'====== Args={}
2026-02-28 20:25:44,073 : INFO : Mode.attract : Started. Priority: 10
2026-02-28 20:25:44,073 : INFO : EventManager : Event: ======'modes_active_modes_changed'====== Args={}
2026-02-28 20:25:44,074 : INFO : EventManager : Event: ======'mode_attract_started'====== Args={}
2026-02-28 20:25:44,074 : INFO : EventManager : Event: ======'collecting_balls_complete'====== Args={}
2026-02-28 20:25:44,074 : INFO : EventManager : Event: ======'carousel_item_highlighted'====== Args={'carousel': 'attract', 'direction': None, 'item': 'title'}
2026-02-28 20:25:44,074 : INFO : EventManager : Event: ======'timer_attract_carousel_timer_tick'====== Args={'ticks': 0, 'ticks_remaining': 1}
2026-02-28 20:25:44,074 : INFO : Machine : Starting the main run loop with active modes: [<Mode.attract>]
2026-02-28 20:25:44,208 : INFO : EventManager : Event: ======'slide_attract_created'====== Args={'_from_bcp': True}
2026-02-28 20:25:44,208 : INFO : EventManager : Event: ======'slide__removed'====== Args={'_from_bcp': True}
2026-02-28 20:25:44,208 : INFO : EventManager : Event: ======'slide_attract_active'====== Args={'original_context': 'attract', 'original_calling_context': 'mode_attract_started', 'priority': 10.0, 'cmd': 'slides_play', '_from_bcp': True}
2026-02-28 20:25:46,935 : INFO : SwitchController : <<<<<<< 's_start' active >>>>>>>
2026-02-28 20:25:47,051 : INFO : SwitchController : <<<<<<< 's_start' inactive >>>>>>>
2026-02-28 20:25:47,052 : INFO : EventManager : Event: ======'request_to_start_game'====== Args={}
2026-02-28 20:25:47,052 : INFO : BallController : Known balls: 0
2026-02-28 20:25:47,052 : INFO : BallController : bd_trough contains 0 balls. Tags ['trough', 'home', 'drain']
2026-02-28 20:25:47,052 : INFO : BallController : bd_plunger contains 0 balls. Tags []
2026-02-28 20:25:47,053 : INFO : BallController : playfield contains 0 balls. Tags ['default']
2026-02-28 20:25:47,053 : WARNING : BallController : BallController denies game start. Not enough balls. 0 found. 1 required
2026-02-28 20:25:47,053 : INFO : BallController : Triggering ball search.
2026-02-28 20:25:49,074 : INFO : Timer.attract_carousel_timer : Timer Complete
2026-02-28 20:25:49,075 : INFO : Timer.attract_carousel_timer : Stopping Timer
2026-02-28 20:25:49,075 : INFO : EventManager : Event: ======'timer_attract_carousel_timer_stopped'====== Args={'ticks': 1, 'ticks_remaining': 1}
2026-02-28 20:25:49,075 : INFO : EventManager : Event: ======'timer_attract_carousel_timer_complete'====== Args={'ticks': 1, 'ticks_remaining': 1}
2026-02-28 20:25:49,075 : INFO : EventManager : Event: ======'carousel_item_highlighted'====== Args={'carousel': 'attract', 'direction': 'forwards', 'item': 'credits'}
2026-02-28 20:25:49,075 : INFO : Timer.attract_carousel_timer : Starting Timer.
2026-02-28 20:25:49,076 : INFO : EventManager : Event: ======'timer_attract_carousel_timer_started'====== Args={'ticks': 0, 'ticks_remaining': 1}
2026-02-28 20:25:49,076 : INFO : EventManager : Event: ======'timer_attract_carousel_timer_tick'====== Args={'ticks': 0, 'ticks_remaining': 1}
2026-02-28 20:25:50,931 : INFO : Machine : Shutting down...
2026-02-28 20:25:50,932 : INFO : EventManager : Event: ======'shutdown'====== Args={}
2026-02-28 20:25:50,934 : INFO : root : MPF run loop ended.
