2026-03-01 11:10:26,377 : INFO : root : Loading config.
2026-03-01 11:10:26,740 : INFO : ConfigProcessor : Config spec file cache created: /var/folders/1s/015t8n3n70gcr2ch4xflj4yr0000gn/T/config_spec.mpf_cache
2026-03-01 11:10:26,741 : INFO : YamlMultifileConfigLoader : Machine config file #1: config.yaml
2026-03-01 11:10:26,741 : INFO : ConfigProcessor : Loading config from cache: /var/folders/1s/015t8n3n70gcr2ch4xflj4yr0000gn/T/954ddabc670342668a09b03520c7eb79.mpf_cache
2026-03-01 11:10:26,806 : INFO : ConfigProcessor : Loading config from cache: /var/folders/1s/015t8n3n70gcr2ch4xflj4yr0000gn/T/64218df07edc412f774c53ffb33c812d.mpf_cache
2026-03-01 11:10:26,807 : INFO : ConfigProcessor : Loading config from cache: /var/folders/1s/015t8n3n70gcr2ch4xflj4yr0000gn/T/767518d75df2d86a4d35c1fb94c70abd.mpf_cache
2026-03-01 11:10:26,807 : INFO : ConfigProcessor : Loading config from cache: /var/folders/1s/015t8n3n70gcr2ch4xflj4yr0000gn/T/64218df07edc412f774c53ffb33c812d.mpf_cache
2026-03-01 11:10:26,808 : INFO : ConfigProcessor : Loading config from cache: /var/folders/1s/015t8n3n70gcr2ch4xflj4yr0000gn/T/73548cb541cc3751ae5711fe0817282a.mpf_cache
2026-03-01 11:10:26,808 : INFO : ConfigProcessor : Loading config from cache: /var/folders/1s/015t8n3n70gcr2ch4xflj4yr0000gn/T/57f006170cd447d443f971cd8b826597.mpf_cache
2026-03-01 11:10:26,808 : INFO : ConfigProcessor : Loading config from cache: /var/folders/1s/015t8n3n70gcr2ch4xflj4yr0000gn/T/adb0ea3e4ccf2dafa758999a39c1d676.mpf_cache
2026-03-01 11:10:26,809 : INFO : Machine : Mission Pinball Framework Core Engine v0.80.0.dev13
2026-03-01 11:10:26,809 : INFO : Machine : Command line arguments: {'no_load_cache': False, 'create_config_cache': True, 'bcp': True, 'configfile': ['config.yaml'], 'force_assets_load': False, 'platform_integration_test': False, 'jsonlogging': False, 'logfile': 'logs/2026-03-01-11-10-26-mpf-ANDREs-Mac-mini.local.log', 'pause': False, 'production': False, 'text_ui': True, 'loglevel': 15, 'consoleloglevel': 20, 'force_platform': None, 'syslog_address': None, 'full_logfile_path': '/Users/pinball/NapoleonDynamite/logs/2026-03-01-11-10-26-mpf-ANDREs-Mac-mini.local.log'}
2026-03-01 11:10:26,809 : INFO : Machine : MPF path: /Users/pinball/mpf/lib/python3.14/site-packages/mpf
2026-03-01 11:10:26,809 : INFO : Machine : Machine path: /Users/pinball/NapoleonDynamite
2026-03-01 11:10:26,809 : INFO : Machine : Platform: darwin
2026-03-01 11:10:26,809 : INFO : Machine : Python executable location: /Users/pinball/mpf/bin/python3.14
2026-03-01 11:10:26,809 : INFO : Machine : Python version: 3.14.3 (64-bit)
2026-03-01 11:10:26,810 : INFO : Machine : Initializing MPF...
2026-03-01 11:10:26,898 : INFO : FAST : Auto-detecting ports for the following connections: ['net', 'exp']
2026-03-01 11:10:26,920 : INFO : FAST : Detected NET on port /dev/cu.usbmodem14101
2026-03-01 11:10:27,923 : INFO : FAST : Detected EXP on port /dev/cu.usbmodem14103
2026-03-01 11:10:28,027 : INFO : FAST [NET] : Trying to connect to /dev/cu.usbmodem14101 at 921600bps
2026-03-01 11:10:28,032 : INFO : FAST [NET] : Connected to /dev/cu.usbmodem14101 at 921600bps
2026-03-01 11:10:28,034 : INFO : FAST [NET] : Connected to FP-CPU-2000 with firmware v02.26
2026-03-01 11:10:28,036 : INFO : FAST [NET] : Registered I/O Board 0: Model: FP-I/O-0024, Firmware: 01.10, Switches: 24, Drivers: 8
2026-03-01 11:10:28,038 : INFO : FAST [NET] : Registered I/O Board 1: Model: FP-I/O-3208, Firmware: 01.10, Switches: 32, Drivers: 8
2026-03-01 11:10:28,039 : INFO : FAST [NET] : Registered I/O Board 2: Model: FP-I/O-0804, Firmware: 01.10, Switches: 8, Drivers: 4
2026-03-01 11:10:28,041 : INFO : FAST [EXP] : Trying to connect to /dev/cu.usbmodem14103 at 921600bps
2026-03-01 11:10:28,045 : INFO : FAST [EXP] : Connected to /dev/cu.usbmodem14103 at 921600bps
2026-03-01 11:10:28,047 : INFO : FAST [EXP] : Verifying hardware for EXP "neuron" (FP-EXP-2000, @48) with ID string "EXP FP-EXP-2000  0.34", board address 48
2026-03-01 11:10:28,048 : INFO : FAST [EXP] : Verifying hardware for EXP "neuron" (FP-EXP-2000, @48) with ID string "LED FP-BRK-0001  0.8", board address 480
2026-03-01 11:10:28,050 : INFO : EventManager : Event: ======'machine_var_credits_string'====== Args={'value': 'FREE PLAY', 'prev_value': None, 'change': True}
2026-03-01 11:10:28,065 : INFO : EventManager : Event: ======'machine_var_master_volume'====== Args={'value': 0.5, 'prev_value': None, 'change': True}
2026-03-01 11:10:28,065 : INFO : EventManager : Event: ======'machine_var_mpf_version'====== Args={'value': 'Mission Pinball Framework v0.80.0.dev13', 'prev_value': None, 'change': True}
2026-03-01 11:10:28,065 : INFO : EventManager : Event: ======'machine_var_mpf_extended_version'====== Args={'value': 'Mission Pinball Framework v0.80.0.dev13, Config version:6, Show version: 6, BCP version:1.1', 'prev_value': None, 'change': True}
2026-03-01 11:10:28,065 : INFO : EventManager : Event: ======'machine_var_python_version'====== Args={'value': '3.14.3', 'prev_value': None, 'change': True}
2026-03-01 11:10:28,084 : INFO : EventManager : Event: ======'machine_var_platform'====== Args={'value': 'macOS-14.8.4-x86_64-i386-64bit-Mach-O', 'prev_value': None, 'change': True}
2026-03-01 11:10:28,085 : INFO : EventManager : Event: ======'machine_var_platform_system'====== Args={'value': 'Darwin', 'prev_value': None, 'change': True}
2026-03-01 11:10:28,085 : INFO : EventManager : Event: ======'machine_var_platform_release'====== Args={'value': '23.6.0', 'prev_value': None, 'change': True}
2026-03-01 11:10:28,085 : INFO : EventManager : Event: ======'machine_var_platform_version'====== Args={'value': 'Darwin Kernel Version 23.6.0: Mon Jan 19 22:02:22 PST 2026; root:xnu-10063.141.1.710.3~1/RELEASE_X86_64', 'prev_value': None, 'change': True}
2026-03-01 11:10:28,085 : INFO : EventManager : Event: ======'machine_var_platform_machine'====== Args={'value': 'x86_64', 'prev_value': None, 'change': True}
2026-03-01 11:10:28,085 : INFO : EventManager : Event: ======'machine_var_log_file_path'====== Args={'value': '/Users/pinball/NapoleonDynamite/logs/2026-03-01-11-10-26-mpf-ANDREs-Mac-mini.local.log', 'prev_value': None, 'change': True}
2026-03-01 11:10:28,085 : INFO : EventManager : Event: ======'init_phase_1'====== Args={}
2026-03-01 11:10:28,327 : INFO : SwitchController : <<<<<<< 's_flipper_left_eos' active >>>>>>>
2026-03-01 11:10:28,327 : INFO : SwitchController : <<<<<<< 's_flipper_right_lower_eos' active >>>>>>>
2026-03-01 11:10:28,327 : INFO : SwitchController : <<<<<<< 's_trough_1' active >>>>>>>
2026-03-01 11:10:28,328 : INFO : SwitchController : <<<<<<< 's_trough_2' active >>>>>>>
2026-03-01 11:10:28,328 : INFO : SwitchController : <<<<<<< 's_trough_3' active >>>>>>>
2026-03-01 11:10:28,328 : INFO : SwitchController : <<<<<<< 's_trough_4' active >>>>>>>
2026-03-01 11:10:28,328 : INFO : SwitchController : <<<<<<< 's_trough_5' active >>>>>>>
2026-03-01 11:10:28,328 : INFO : SwitchController : <<<<<<< 's_trough_6' active >>>>>>>
2026-03-01 11:10:28,328 : INFO : SwitchController : <<<<<<< 's_trough_7' active >>>>>>>
2026-03-01 11:10:28,328 : INFO : SwitchController : <<<<<<< 's_bumper_lower' active >>>>>>>
2026-03-01 11:10:28,328 : INFO : SwitchController : <<<<<<< 's_bumper_upper' active >>>>>>>
2026-03-01 11:10:28,328 : INFO : SwitchController : <<<<<<< 's_inlane_right_2' active >>>>>>>
2026-03-01 11:10:28,328 : INFO : SwitchController : <<<<<<< 's_inlane_left' active >>>>>>>
2026-03-01 11:10:28,360 : INFO : EventManager : Event: ======'init_phase_2'====== Args={}
2026-03-01 11:10:28,360 : INFO : SwitchController : Found active switch: (37, [FAST Platform Interface]) <switch.s_flipper_left_eos>
2026-03-01 11:10:28,361 : INFO : SwitchController : Found active switch: (32, [FAST Platform Interface]) <switch.s_flipper_right_lower_eos>
2026-03-01 11:10:28,361 : INFO : SwitchController : Found active switch: (24, [FAST Platform Interface]) <switch.s_trough_1>
2026-03-01 11:10:28,361 : INFO : SwitchController : Found active switch: (25, [FAST Platform Interface]) <switch.s_trough_2>
2026-03-01 11:10:28,361 : INFO : SwitchController : Found active switch: (26, [FAST Platform Interface]) <switch.s_trough_3>
2026-03-01 11:10:28,361 : INFO : SwitchController : Found active switch: (27, [FAST Platform Interface]) <switch.s_trough_4>
2026-03-01 11:10:28,361 : INFO : SwitchController : Found active switch: (28, [FAST Platform Interface]) <switch.s_trough_5>
2026-03-01 11:10:28,361 : INFO : SwitchController : Found active switch: (29, [FAST Platform Interface]) <switch.s_trough_6>
2026-03-01 11:10:28,361 : INFO : SwitchController : Found active switch: (30, [FAST Platform Interface]) <switch.s_trough_7>
2026-03-01 11:10:28,361 : INFO : SwitchController : Found active switch: (41, [FAST Platform Interface]) <switch.s_bumper_lower>
2026-03-01 11:10:28,361 : INFO : SwitchController : Found active switch: (42, [FAST Platform Interface]) <switch.s_bumper_upper>
2026-03-01 11:10:28,361 : INFO : SwitchController : Found active switch: (36, [FAST Platform Interface]) <switch.s_inlane_right_2>
2026-03-01 11:10:28,362 : INFO : SwitchController : Found active switch: (39, [FAST Platform Interface]) <switch.s_inlane_left>
2026-03-01 11:10:28,367 : INFO : EventManager : Event: ======'bcp_connection_attempt'====== Args={'name': 'local_display', 'host': 'localhost', 'port': 5050}
2026-03-01 11:10:28,369 : INFO : BCPClientSocket : Connecting BCP to 'local_display' at localhost:5050...
2026-03-01 11:10:28,378 : INFO : BCPClientSocket : Connected BCP to 'local_display' localhost:5050
2026-03-01 11:10:28,378 : INFO : EventManager : Event: ======'bcp_clients_connected'====== Args={}
2026-03-01 11:10:28,829 : INFO : ball_device.bd_trough : BCH: Initial count: 7
2026-03-01 11:10:28,830 : INFO : ball_device.bd_trough : State: idle
2026-03-01 11:10:28,830 : INFO : ball_device.bd_plunger : BCH: Initial count: 0
2026-03-01 11:10:28,831 : INFO : ball_device.bd_plunger : State: idle
2026-03-01 11:10:28,846 : INFO : EventManager : Event: ======'init_phase_3'====== Args={}
2026-03-01 11:10:28,849 : INFO : EventManager : Event: ======'init_phase_4'====== Args={}
2026-03-01 11:10:28,849 : INFO : BallController : Initial balls found: 7
2026-03-01 11:10:28,850 : INFO : EventManager : Event: ======'machine_var_audits_events_game_ended'====== Args={'value': 0, 'prev_value': None, 'change': True}
2026-03-01 11:10:28,850 : INFO : EventManager : Event: ======'machine_var_audits_events_game_started'====== Args={'value': 12, 'prev_value': None, 'change': True}
2026-03-01 11:10:28,851 : INFO : EventManager : Event: ======'machine_var_audits_missing_switches_s_bumper_lower'====== Args={'value': 3, 'prev_value': None, 'change': True}
2026-03-01 11:10:28,851 : INFO : EventManager : Event: ======'machine_var_audits_missing_switches_s_bumper_upper'====== Args={'value': 4, 'prev_value': None, 'change': True}
2026-03-01 11:10:28,851 : INFO : EventManager : Event: ======'machine_var_audits_missing_switches_s_flipper_left_eos'====== Args={'value': 3, 'prev_value': None, 'change': True}
2026-03-01 11:10:28,851 : INFO : EventManager : Event: ======'machine_var_audits_missing_switches_s_flipper_right_lower_eos'====== Args={'value': 3, 'prev_value': None, 'change': True}
2026-03-01 11:10:28,851 : INFO : EventManager : Event: ======'machine_var_audits_missing_switches_s_inlane_left'====== Args={'value': 3, 'prev_value': None, 'change': True}
2026-03-01 11:10:28,851 : INFO : EventManager : Event: ======'machine_var_audits_missing_switches_s_inlane_right_2'====== Args={'value': 3, 'prev_value': None, 'change': True}
2026-03-01 11:10:28,851 : INFO : EventManager : Event: ======'machine_var_audits_missing_switches_s_trough_4'====== Args={'value': 1, 'prev_value': None, 'change': True}
2026-03-01 11:10:28,851 : INFO : EventManager : Event: ======'machine_var_audits_missing_switches_s_trough_5'====== Args={'value': 1, 'prev_value': None, 'change': True}
2026-03-01 11:10:28,851 : INFO : EventManager : Event: ======'machine_var_audits_missing_switches_s_trough_6'====== Args={'value': 1, 'prev_value': None, 'change': True}
2026-03-01 11:10:28,851 : INFO : EventManager : Event: ======'machine_var_audits_player_score'====== Args={'value': {'average': 0, 'top': [], 'total': 0}, 'prev_value': None, 'change': True}
2026-03-01 11:10:28,851 : INFO : EventManager : Event: ======'machine_var_audits_shots_bumper_lower'====== Args={'value': 76, 'prev_value': None, 'change': True}
2026-03-01 11:10:28,851 : INFO : EventManager : Event: ======'machine_var_audits_shots_bumper_upper'====== Args={'value': 81, 'prev_value': None, 'change': True}
2026-03-01 11:10:28,852 : INFO : EventManager : Event: ======'machine_var_audits_shots_hurryup'====== Args={'value': 3, 'prev_value': None, 'change': True}
2026-03-01 11:10:28,852 : INFO : EventManager : Event: ======'machine_var_audits_shots_inlane_left'====== Args={'value': 17, 'prev_value': None, 'change': True}
2026-03-01 11:10:28,852 : INFO : EventManager : Event: ======'machine_var_audits_shots_left_lane'====== Args={'value': 8, 'prev_value': None, 'change': True}
2026-03-01 11:10:28,852 : INFO : EventManager : Event: ======'machine_var_audits_switches_s_bumper_lower'====== Args={'value': 76, 'prev_value': None, 'change': True}
2026-03-01 11:10:28,852 : INFO : EventManager : Event: ======'machine_var_audits_switches_s_bumper_upper'====== Args={'value': 81, 'prev_value': None, 'change': True}
2026-03-01 11:10:28,852 : INFO : EventManager : Event: ======'machine_var_audits_switches_s_flipper_left'====== Args={'value': 1, 'prev_value': None, 'change': True}
2026-03-01 11:10:28,852 : INFO : EventManager : Event: ======'machine_var_audits_switches_s_flipper_left_eos'====== Args={'value': 0, 'prev_value': None, 'change': True}
2026-03-01 11:10:28,852 : INFO : EventManager : Event: ======'machine_var_audits_switches_s_flipper_right_lower'====== Args={'value': 16, 'prev_value': None, 'change': True}
2026-03-01 11:10:28,852 : INFO : EventManager : Event: ======'machine_var_audits_switches_s_flipper_right_lower_eos'====== Args={'value': 0, 'prev_value': None, 'change': True}
2026-03-01 11:10:28,852 : INFO : EventManager : Event: ======'machine_var_audits_switches_s_flipper_right_upper'====== Args={'value': 16, 'prev_value': None, 'change': True}
2026-03-01 11:10:28,852 : INFO : EventManager : Event: ======'machine_var_audits_switches_s_flipper_right_upper_eos'====== Args={'value': 1, 'prev_value': None, 'change': True}
2026-03-01 11:10:28,852 : INFO : EventManager : Event: ======'machine_var_audits_switches_s_inlane_left'====== Args={'value': 27, 'prev_value': None, 'change': True}
2026-03-01 11:10:28,852 : INFO : EventManager : Event: ======'machine_var_audits_switches_s_inlane_right_1'====== Args={'value': 9, 'prev_value': None, 'change': True}
2026-03-01 11:10:28,853 : INFO : EventManager : Event: ======'machine_var_audits_switches_s_inlane_right_2'====== Args={'value': 3, 'prev_value': None, 'change': True}
2026-03-01 11:10:28,853 : INFO : EventManager : Event: ======'machine_var_audits_switches_s_plunger_lane'====== Args={'value': 3, 'prev_value': None, 'change': True}
2026-03-01 11:10:28,853 : INFO : EventManager : Event: ======'machine_var_audits_switches_s_scoop_tina'====== Args={'value': 1, 'prev_value': None, 'change': True}
2026-03-01 11:10:28,853 : INFO : EventManager : Event: ======'machine_var_audits_switches_s_sling_left'====== Args={'value': 160, 'prev_value': None, 'change': True}
2026-03-01 11:10:28,853 : INFO : EventManager : Event: ======'machine_var_audits_switches_s_sling_right'====== Args={'value': 4, 'prev_value': None, 'change': True}
2026-03-01 11:10:28,853 : INFO : EventManager : Event: ======'machine_var_audits_switches_s_start'====== Args={'value': 14, 'prev_value': None, 'change': True}
2026-03-01 11:10:28,853 : INFO : EventManager : Event: ======'machine_var_audits_switches_s_trough_1'====== Args={'value': 12, 'prev_value': None, 'change': True}
2026-03-01 11:10:28,853 : INFO : EventManager : Event: ======'machine_var_audits_switches_s_trough_2'====== Args={'value': 14, 'prev_value': None, 'change': True}
2026-03-01 11:10:28,853 : INFO : EventManager : Event: ======'machine_var_audits_switches_s_trough_3'====== Args={'value': 20, 'prev_value': None, 'change': True}
2026-03-01 11:10:28,853 : INFO : EventManager : Event: ======'machine_var_audits_switches_s_trough_4'====== Args={'value': 27, 'prev_value': None, 'change': True}
2026-03-01 11:10:28,853 : INFO : EventManager : Event: ======'machine_var_audits_switches_s_trough_5'====== Args={'value': 32, 'prev_value': None, 'change': True}
2026-03-01 11:10:28,853 : INFO : EventManager : Event: ======'machine_var_audits_switches_s_trough_6'====== Args={'value': 35, 'prev_value': None, 'change': True}
2026-03-01 11:10:28,854 : INFO : EventManager : Event: ======'machine_var_audits_switches_s_trough_7'====== Args={'value': 12, 'prev_value': None, 'change': True}
2026-03-01 11:10:28,854 : INFO : EventManager : Event: ======'init_phase_5'====== Args={}
2026-03-01 11:10:28,855 : INFO : ball_device.bd_trough : BCH: Count is unstable. Trying to reorder balls.
2026-03-01 11:10:28,855 : WARNING : ball_device.bd_trough : Cannot reorder device because eject_coil_reorder_pulse is not configured
2026-03-01 11:10:28,855 : INFO : ball_device.bd_trough : BCH: Repulse done. Waiting for balls to settle.
2026-03-01 11:10:28,855 : INFO : ball_device.bd_trough : BCH: Reordered count: 7
2026-03-01 11:10:28,855 : INFO : EventManager : Event: ======'init_done'====== Args={}
2026-03-01 11:10:28,856 : INFO : EventManager : Event: ======'machine_reset_phase_1'====== Args={}
2026-03-01 11:10:28,891 : INFO : EventManager : Event: ======'machine_reset_phase_2'====== Args={}
2026-03-01 11:10:28,894 : INFO : EventManager : Event: ======'machine_reset_phase_3'====== Args={}
2026-03-01 11:10:28,896 : INFO : EventManager : Event: ======'reset_complete'====== Args={}
2026-03-01 11:10:28,896 : INFO : EventManager : Event: ======'mode_attract_will_start'====== Args={}
2026-03-01 11:10:28,896 : INFO : Timer.attract_carousel_timer : Starting Timer.
2026-03-01 11:10:28,896 : INFO : EventManager : Event: ======'timer_attract_carousel_timer_started'====== Args={'ticks': 0, 'ticks_remaining': 1}
2026-03-01 11:10:28,896 : INFO : EventManager : Event: ======'timer_attract_carousel_timer_tick'====== Args={'ticks': 0, 'ticks_remaining': 1}
2026-03-01 11:10:28,897 : INFO : EventManager : Event: ======'mode_attract_starting'====== Args={}
2026-03-01 11:10:28,897 : INFO : Mode.attract : Started. Priority: 10
2026-03-01 11:10:28,897 : INFO : EventManager : Event: ======'modes_active_modes_changed'====== Args={}
2026-03-01 11:10:28,897 : INFO : EventManager : Event: ======'mode_attract_started'====== Args={}
2026-03-01 11:10:28,898 : INFO : EventManager : Event: ======'collecting_balls_complete'====== Args={}
2026-03-01 11:10:28,899 : INFO : EventManager : Event: ======'carousel_item_highlighted'====== Args={'carousel': 'attract', 'direction': None, 'item': 'title'}
2026-03-01 11:10:28,899 : INFO : EventManager : Event: ======'timer_attract_carousel_timer_tick'====== Args={'ticks': 0, 'ticks_remaining': 1}
2026-03-01 11:10:28,900 : INFO : Machine : Starting the main run loop with active modes: [<Mode.attract>]
2026-03-01 11:10:29,115 : INFO : EventManager : Event: ======'slide_attract_created'====== Args={'_from_bcp': True}
2026-03-01 11:10:29,115 : INFO : EventManager : Event: ======'slide__removed'====== Args={'_from_bcp': True}
2026-03-01 11:10:29,115 : INFO : EventManager : Event: ======'slide_attract_active'====== Args={'original_context': 'attract', 'original_calling_context': 'mode_attract_started', 'priority': 10.0, 'cmd': 'slides_play', '_from_bcp': True}
2026-03-01 11:10:33,900 : INFO : Timer.attract_carousel_timer : Timer Complete
2026-03-01 11:10:33,900 : INFO : Timer.attract_carousel_timer : Stopping Timer
2026-03-01 11:10:33,900 : INFO : EventManager : Event: ======'timer_attract_carousel_timer_stopped'====== Args={'ticks': 1, 'ticks_remaining': 1}
2026-03-01 11:10:33,900 : INFO : EventManager : Event: ======'timer_attract_carousel_timer_complete'====== Args={'ticks': 1, 'ticks_remaining': 1}
2026-03-01 11:10:33,900 : INFO : EventManager : Event: ======'carousel_item_highlighted'====== Args={'carousel': 'attract', 'direction': 'forwards', 'item': 'credits'}
2026-03-01 11:10:33,901 : INFO : Timer.attract_carousel_timer : Starting Timer.
2026-03-01 11:10:33,901 : INFO : EventManager : Event: ======'timer_attract_carousel_timer_started'====== Args={'ticks': 0, 'ticks_remaining': 1}
2026-03-01 11:10:33,901 : INFO : EventManager : Event: ======'timer_attract_carousel_timer_tick'====== Args={'ticks': 0, 'ticks_remaining': 1}
2026-03-01 11:10:37,250 : INFO : SwitchController : <<<<<<< 's_start' active >>>>>>>
2026-03-01 11:10:37,401 : INFO : SwitchController : <<<<<<< 's_start' inactive >>>>>>>
2026-03-01 11:10:37,401 : INFO : EventManager : Event: ======'request_to_start_game'====== Args={}
2026-03-01 11:10:37,401 : INFO : EventManager : Event: ======'game_start'====== Args={'buttons': [], 'hold_time': 0.1509069050000562}
2026-03-01 11:10:37,402 : INFO : EventManager : Event: ======'mode_game_will_start'====== Args={'buttons': [], 'hold_time': 0.1509069050000562}
2026-03-01 11:10:37,403 : INFO : EventManager : Event: ======'mode_game_starting'====== Args={'buttons': [], 'hold_time': 0.1509069050000562}
2026-03-01 11:10:37,403 : INFO : EventManager : Event: ======'mode_attract_will_stop'====== Args={}
2026-03-01 11:10:37,403 : INFO : EventManager : Event: ======'mode_attract_stopping'====== Args={}
2026-03-01 11:10:37,403 : INFO : Mode.attract : Stopped.
2026-03-01 11:10:37,403 : INFO : EventManager : Event: ======'modes_active_modes_changed'====== Args={}
2026-03-01 11:10:37,404 : INFO : EventManager : Event: ======'mode_attract_stopped'====== Args={}
2026-03-01 11:10:37,404 : INFO : EventManager : Event: ======'clear'====== Args={'key': 'attract'}
2026-03-01 11:10:37,404 : INFO : Timer.attract_carousel_timer : Stopping Timer
2026-03-01 11:10:37,404 : INFO : EventManager : Event: ======'timer_attract_carousel_timer_stopped'====== Args={'ticks': 0, 'ticks_remaining': 1}
2026-03-01 11:10:37,405 : INFO : Mode.game : Started. Priority: 20
2026-03-01 11:10:37,405 : INFO : EventManager : Event: ======'modes_active_modes_changed'====== Args={}
2026-03-01 11:10:37,405 : INFO : EventManager : Event: ======'mode_game_started'====== Args={'buttons': [], 'hold_time': 0.1509069050000562}
2026-03-01 11:10:37,406 : INFO : EventManager : Event: ======'game_will_start'====== Args={}
2026-03-01 11:10:37,406 : INFO : EventManager : Event: ======'game_starting'====== Args={'game': <Mode.game>}
2026-03-01 11:10:37,408 : INFO : EventManager : Unordered handler for class <Auditor> on event game_ended with priority 1. Handlers: [RegisteredHandler(callback=<bound method Auditor.disable of <Auditor>>, priority=1, kwargs={}, key=UUID('2b33a606-15e2-4465-8dfa-9b1e49d098c9'), condition=None, blocking_facility=None), RegisteredHandler(callback=<bound method Auditor._save_audits of <Auditor>>, priority=1, kwargs={}, key=UUID('c3e20ae9-4079-4471-ba99-b405da20d21d'), condition=None, blocking_facility=None)]. The order of those handlers is not defined and they will be executed in random order. This might lead to race conditions and potential bugs.
2026-03-01 11:10:37,408 : INFO : EventManager : Event: ======'player_add_request'====== Args={}
2026-03-01 11:10:37,408 : INFO : EventManager : Event: ======'player_will_add'====== Args={'number': 1}
2026-03-01 11:10:37,408 : INFO : EventManager : Event: ======'player_adding'====== Args={'player': <Player 1>, 'number': 1}
2026-03-01 11:10:37,408 : INFO : EventManager : Event: ======'player_added'====== Args={'player': <Player 1>, 'num': 1}
2026-03-01 11:10:37,409 : INFO : Mode.game : Player added successfully. Total players: 1
2026-03-01 11:10:37,409 : INFO : EventManager : Event: ======'player_index'====== Args={'value': 0, 'prev_value': 0, 'change': 0, 'player_num': 1}
2026-03-01 11:10:37,409 : INFO : EventManager : Event: ======'player_number'====== Args={'value': 1, 'prev_value': 1, 'change': 0, 'player_num': 1}
2026-03-01 11:10:37,409 : INFO : EventManager : Event: ======'player_score'====== Args={'value': 0, 'prev_value': 0, 'change': 0, 'player_num': 1}
2026-03-01 11:10:37,410 : INFO : EventManager : Event: ======'game_started'====== Args={}
2026-03-01 11:10:37,411 : INFO : EventManager : Event: ======'player_turn_will_start'====== Args={'player': <Player 1>, 'number': 1}
2026-03-01 11:10:37,424 : INFO : EventManager : Event: ======'player_turn_starting'====== Args={'player': <Player 1>, 'number': 1}
2026-03-01 11:10:37,424 : INFO : EventManager : Event: ======'player_ball'====== Args={'value': 1, 'prev_value': 0, 'change': 1, 'player_num': 1}
2026-03-01 11:10:37,425 : INFO : EventManager : Event: ======'player_turn_started'====== Args={'player': <Player 1>, 'number': 1}
2026-03-01 11:10:37,426 : INFO : EventManager : Event: ======'ball_will_start'====== Args={'player': 1, 'ball': 1, 'balls_remaining': 2, 'is_extra_ball': False}
2026-03-01 11:10:37,426 : INFO : EventManager : Event: ======'ball_starting'====== Args={'player': 1, 'ball': 1, 'balls_remaining': 2, 'is_extra_ball': False}
2026-03-01 11:10:37,426 : INFO : EventManager : Event: ======'mode_base_will_start'====== Args={'queue': <QueuedEvent>, 'player': 1, 'ball': 1, 'balls_remaining': 2, 'is_extra_ball': False}
2026-03-01 11:10:37,427 : INFO : EventManager : Event: ======'player_shot_left_lane_enabled'====== Args={'value': True, 'prev_value': 0, 'change': 1, 'player_num': 1}
2026-03-01 11:10:37,428 : INFO : EventManager : Event: ======'mode_base_starting'====== Args={'queue': <QueuedEvent>, 'player': 1, 'ball': 1, 'balls_remaining': 2, 'is_extra_ball': False}
2026-03-01 11:10:37,428 : INFO : Mode.base : Started. Priority: 100
2026-03-01 11:10:37,428 : INFO : EventManager : Event: ======'modes_active_modes_changed'====== Args={}
2026-03-01 11:10:37,428 : INFO : EventManager : Event: ======'mode_base_started'====== Args={'queue': <QueuedEvent>, 'player': 1, 'ball': 1, 'balls_remaining': 2, 'is_extra_ball': False}
2026-03-01 11:10:37,428 : INFO : EventManager : Event: ======'start_mode_bumpers'====== Args={'priority': 0}
2026-03-01 11:10:37,429 : INFO : EventManager : Event: ======'mode_bumpers_will_start'====== Args={'priority': 0}
2026-03-01 11:10:37,429 : INFO : EventManager : Event: ======'player_shot_bumper_lower_enabled'====== Args={'value': True, 'prev_value': 0, 'change': 1, 'player_num': 1}
2026-03-01 11:10:37,429 : INFO : EventManager : Event: ======'player_shot_bumper_upper_enabled'====== Args={'value': True, 'prev_value': 0, 'change': 1, 'player_num': 1}
2026-03-01 11:10:37,430 : INFO : EventManager : Event: ======'bumpers_complete'====== Args={'state': 'unlit'}
2026-03-01 11:10:37,430 : INFO : EventManager : Event: ======'bumpers_unlit_complete'====== Args={}
2026-03-01 11:10:37,431 : INFO : EventManager : Event: ======'mode_bumpers_starting'====== Args={'priority': 0}
2026-03-01 11:10:37,431 : INFO : Mode.bumpers : Started. Priority: 200
2026-03-01 11:10:37,431 : INFO : EventManager : Event: ======'modes_active_modes_changed'====== Args={}
2026-03-01 11:10:37,431 : INFO : EventManager : Event: ======'mode_bumpers_started'====== Args={'priority': 0}
2026-03-01 11:10:37,431 : INFO : EventManager : Event: ======'balls_in_play'====== Args={'balls': 1}
2026-03-01 11:10:37,431 : INFO : EventManager : Event: ======'ball_started'====== Args={'player': 1, 'ball': 1, 'balls_remaining': 2, 'is_extra_ball': False}
2026-03-01 11:10:37,432 : INFO : EventManager : Event: ======'single_player_ball_started'====== Args={}
2026-03-01 11:10:37,432 : INFO : EventManager : Event: ======'ball_start_target'====== Args={'target': 'playfield'}
2026-03-01 11:10:37,433 : INFO : ball_device.bd_trough : Setting up player-controlled eject. Balls: 1, Target: <playfield.playfield>, player_controlled_eject_event: None
2026-03-01 11:10:37,433 : INFO : ball_device.bd_trough : Adding 1 ball(s) to the eject_queue with target <playfield.playfield>.
2026-03-01 11:10:37,433 : INFO : EventManager : Event: ======'balldevice_balls_available'====== Args={}
2026-03-01 11:10:37,434 : INFO : ball_device.bd_trough : State: waiting_for_target_ready
2026-03-01 11:10:37,434 : INFO : EventManager : Event: ======'balldevice_bd_trough_ball_eject_attempt'====== Args={'balls': 1, 'target': <ball_device.bd_plunger>, 'source': <ball_device.bd_trough>, 'mechanical_eject': False, 'num_attempts': 0}
2026-03-01 11:10:37,435 : INFO : ball_device.bd_plunger : State: waiting_for_ball
2026-03-01 11:10:37,435 : INFO : ball_device.bd_trough : State: ejecting
2026-03-01 11:10:37,435 : INFO : ball_device.bd_trough : Ejecting ball to <ball_device.bd_plunger>
2026-03-01 11:10:37,435 : INFO : EventManager : Event: ======'balldevice_bd_trough_ejecting_ball'====== Args={'balls': 1, 'target': <ball_device.bd_plunger>, 'source': <ball_device.bd_trough>, 'mechanical_eject': False, 'num_attempts': 0}
2026-03-01 11:10:37,440 : INFO : ball_device.bd_trough : Wait for ball to leave device
2026-03-01 11:10:37,440 : INFO : coil.c_trough_eject : Pulsing Driver for 10ms (1.0 pulse_power)
2026-03-01 11:10:37,472 : INFO : EventManager : Event: ======'slide_base_slide_created'====== Args={'_from_bcp': True}
2026-03-01 11:10:37,472 : INFO : EventManager : Event: ======'slide_attract_inactive'====== Args={'is_removing': True, '_from_bcp': True}
2026-03-01 11:10:37,473 : INFO : EventManager : Event: ======'slide_base_slide_active'====== Args={'original_context': 'base', 'original_calling_context': 'mode_base_started', 'priority': 100.0, 'queue': '<QueuedEvent>', 'player': 1.0, 'ball': 1.0, 'balls_remaining': 2.0, 'is_extra_ball': False, 'cmd': 'slides_play', '_from_bcp': True}
2026-03-01 11:10:37,473 : INFO : EventManager : Event: ======'slide_attract_removed'====== Args={'_from_bcp': True}
2026-03-01 11:10:41,499 : INFO : SwitchController : <<<<<<< 's_flipper_right_upper' active >>>>>>>
2026-03-01 11:10:41,499 : INFO : EventManager : Event: ======'machine_var_audits_switches_s_flipper_right_upper'====== Args={'value': 17, 'prev_value': 16, 'change': 1}
2026-03-01 11:10:41,509 : INFO : SwitchController : <<<<<<< 's_flipper_right_lower' active >>>>>>>
2026-03-01 11:10:41,510 : INFO : EventManager : Event: ======'machine_var_audits_switches_s_flipper_right_lower'====== Args={'value': 17, 'prev_value': 16, 'change': 1}
2026-03-01 11:10:41,521 : INFO : SwitchController : <<<<<<< 's_flipper_right_upper_eos' active >>>>>>>
2026-03-01 11:10:41,522 : INFO : EventManager : Event: ======'machine_var_audits_switches_s_flipper_right_upper_eos'====== Args={'value': 2, 'prev_value': 1, 'change': 1}
2026-03-01 11:10:41,529 : INFO : SwitchController : <<<<<<< 's_flipper_right_lower_eos' inactive >>>>>>>
2026-03-01 11:10:41,623 : INFO : SwitchController : <<<<<<< 's_flipper_right_lower' inactive >>>>>>>
2026-03-01 11:10:41,627 : INFO : SwitchController : <<<<<<< 's_flipper_right_upper' inactive >>>>>>>
2026-03-01 11:10:41,718 : INFO : SwitchController : <<<<<<< 's_flipper_right_lower_eos' active >>>>>>>
2026-03-01 11:10:41,718 : INFO : EventManager : Event: ======'machine_var_audits_switches_s_flipper_right_lower_eos'====== Args={'value': 1, 'prev_value': 0, 'change': 1}
2026-03-01 11:10:41,728 : INFO : SwitchController : <<<<<<< 's_flipper_right_upper_eos' inactive >>>>>>>
2026-03-01 11:10:42,069 : INFO : SwitchController : <<<<<<< 's_flipper_right_upper' active >>>>>>>
2026-03-01 11:10:42,069 : INFO : EventManager : Event: ======'machine_var_audits_switches_s_flipper_right_upper'====== Args={'value': 18, 'prev_value': 17, 'change': 1}
2026-03-01 11:10:42,091 : INFO : SwitchController : <<<<<<< 's_flipper_right_upper_eos' active >>>>>>>
2026-03-01 11:10:42,092 : INFO : EventManager : Event: ======'machine_var_audits_switches_s_flipper_right_upper_eos'====== Args={'value': 3, 'prev_value': 2, 'change': 1}
2026-03-01 11:10:42,130 : INFO : SwitchController : <<<<<<< 's_flipper_right_lower' active >>>>>>>
2026-03-01 11:10:42,130 : INFO : EventManager : Event: ======'machine_var_audits_switches_s_flipper_right_lower'====== Args={'value': 18, 'prev_value': 17, 'change': 1}
2026-03-01 11:10:42,156 : INFO : SwitchController : <<<<<<< 's_flipper_right_lower' inactive >>>>>>>
2026-03-01 11:10:42,156 : INFO : SwitchController : <<<<<<< 's_flipper_right_lower_eos' inactive >>>>>>>
2026-03-01 11:10:42,170 : INFO : SwitchController : <<<<<<< 's_flipper_right_upper' inactive >>>>>>>
2026-03-01 11:10:42,243 : INFO : SwitchController : <<<<<<< 's_flipper_right_lower_eos' active >>>>>>>
2026-03-01 11:10:42,244 : INFO : EventManager : Event: ======'machine_var_audits_switches_s_flipper_right_lower_eos'====== Args={'value': 2, 'prev_value': 1, 'change': 1}
2026-03-01 11:10:42,271 : INFO : SwitchController : <<<<<<< 's_flipper_right_upper_eos' inactive >>>>>>>
2026-03-01 11:10:42,444 : INFO : SwitchController : <<<<<<< 's_flipper_right_upper' active >>>>>>>
2026-03-01 11:10:42,444 : INFO : EventManager : Event: ======'machine_var_audits_switches_s_flipper_right_upper'====== Args={'value': 19, 'prev_value': 18, 'change': 1}
2026-03-01 11:10:42,448 : INFO : SwitchController : <<<<<<< 's_flipper_right_lower' active >>>>>>>
2026-03-01 11:10:42,448 : INFO : EventManager : Event: ======'machine_var_audits_switches_s_flipper_right_lower'====== Args={'value': 19, 'prev_value': 18, 'change': 1}
2026-03-01 11:10:42,466 : INFO : SwitchController : <<<<<<< 's_flipper_right_upper_eos' active >>>>>>>
2026-03-01 11:10:42,466 : INFO : EventManager : Event: ======'machine_var_audits_switches_s_flipper_right_upper_eos'====== Args={'value': 4, 'prev_value': 3, 'change': 1}
2026-03-01 11:10:42,472 : INFO : SwitchController : <<<<<<< 's_flipper_right_lower_eos' inactive >>>>>>>
2026-03-01 11:10:42,552 : INFO : SwitchController : <<<<<<< 's_flipper_right_lower' inactive >>>>>>>
2026-03-01 11:10:42,558 : INFO : SwitchController : <<<<<<< 's_flipper_right_upper' inactive >>>>>>>
2026-03-01 11:10:42,647 : INFO : SwitchController : <<<<<<< 's_flipper_right_lower_eos' active >>>>>>>
2026-03-01 11:10:42,647 : INFO : EventManager : Event: ======'machine_var_audits_switches_s_flipper_right_lower_eos'====== Args={'value': 3, 'prev_value': 2, 'change': 1}
2026-03-01 11:10:42,663 : INFO : SwitchController : <<<<<<< 's_flipper_right_upper_eos' inactive >>>>>>>
2026-03-01 11:10:42,700 : INFO : SwitchController : <<<<<<< 's_flipper_right_upper' active >>>>>>>
2026-03-01 11:10:42,701 : INFO : EventManager : Event: ======'machine_var_audits_switches_s_flipper_right_upper'====== Args={'value': 20, 'prev_value': 19, 'change': 1}
2026-03-01 11:10:42,701 : INFO : SwitchController : <<<<<<< 's_flipper_right_lower' active >>>>>>>
2026-03-01 11:10:42,702 : INFO : EventManager : Event: ======'machine_var_audits_switches_s_flipper_right_lower'====== Args={'value': 20, 'prev_value': 19, 'change': 1}
2026-03-01 11:10:42,723 : INFO : SwitchController : <<<<<<< 's_flipper_right_upper_eos' active >>>>>>>
2026-03-01 11:10:42,723 : INFO : EventManager : Event: ======'machine_var_audits_switches_s_flipper_right_upper_eos'====== Args={'value': 5, 'prev_value': 4, 'change': 1}
2026-03-01 11:10:42,725 : INFO : SwitchController : <<<<<<< 's_flipper_right_lower_eos' inactive >>>>>>>
2026-03-01 11:10:42,773 : INFO : SwitchController : <<<<<<< 's_flipper_right_lower' inactive >>>>>>>
2026-03-01 11:10:42,778 : INFO : SwitchController : <<<<<<< 's_flipper_right_upper' inactive >>>>>>>
2026-03-01 11:10:42,868 : INFO : SwitchController : <<<<<<< 's_flipper_right_lower_eos' active >>>>>>>
2026-03-01 11:10:42,868 : INFO : EventManager : Event: ======'machine_var_audits_switches_s_flipper_right_lower_eos'====== Args={'value': 4, 'prev_value': 3, 'change': 1}
2026-03-01 11:10:42,884 : INFO : SwitchController : <<<<<<< 's_flipper_right_upper_eos' inactive >>>>>>>
2026-03-01 11:10:47,442 : INFO : EventManager : Event: ======'balldevice_bd_trough_ball_eject_failed'====== Args={'target': <ball_device.bd_plunger>, 'balls': 1, 'retry': True, 'num_attempts': 1}
2026-03-01 11:10:47,443 : INFO : ball_device.bd_trough : State: waiting_for_target_ready
2026-03-01 11:10:47,443 : INFO : EventManager : Event: ======'balldevice_bd_trough_ball_eject_attempt'====== Args={'balls': 1, 'target': <ball_device.bd_plunger>, 'source': <ball_device.bd_trough>, 'mechanical_eject': False, 'num_attempts': 1}
2026-03-01 11:10:47,444 : INFO : ball_device.bd_trough : State: ejecting
2026-03-01 11:10:47,444 : INFO : ball_device.bd_trough : Ejecting ball to <ball_device.bd_plunger>
2026-03-01 11:10:47,444 : INFO : EventManager : Event: ======'balldevice_bd_trough_ejecting_ball'====== Args={'balls': 1, 'target': <ball_device.bd_plunger>, 'source': <ball_device.bd_trough>, 'mechanical_eject': False, 'num_attempts': 1}
2026-03-01 11:10:47,445 : INFO : ball_device.bd_trough : Wait for ball to leave device
2026-03-01 11:10:47,445 : INFO : coil.c_trough_eject : Pulsing Driver for 10ms (1.0 pulse_power)
2026-03-01 11:10:57,445 : INFO : EventManager : Event: ======'balldevice_bd_trough_ball_eject_failed'====== Args={'target': <ball_device.bd_plunger>, 'balls': 1, 'retry': True, 'num_attempts': 2}
2026-03-01 11:10:57,446 : INFO : ball_device.bd_trough : State: waiting_for_target_ready
2026-03-01 11:10:57,446 : INFO : EventManager : Event: ======'balldevice_bd_trough_ball_eject_attempt'====== Args={'balls': 1, 'target': <ball_device.bd_plunger>, 'source': <ball_device.bd_trough>, 'mechanical_eject': False, 'num_attempts': 2}
2026-03-01 11:10:57,447 : INFO : ball_device.bd_trough : State: ejecting
2026-03-01 11:10:57,447 : INFO : ball_device.bd_trough : Ejecting ball to <ball_device.bd_plunger>
2026-03-01 11:10:57,447 : INFO : EventManager : Event: ======'balldevice_bd_trough_ejecting_ball'====== Args={'balls': 1, 'target': <ball_device.bd_plunger>, 'source': <ball_device.bd_trough>, 'mechanical_eject': False, 'num_attempts': 2}
2026-03-01 11:10:57,447 : INFO : ball_device.bd_trough : Wait for ball to leave device
2026-03-01 11:10:57,447 : INFO : coil.c_trough_eject : Pulsing Driver for 10ms (1.0 pulse_power)
2026-03-01 11:11:00,700 : INFO : SwitchController : <<<<<<< 's_flipper_right_upper' active >>>>>>>
2026-03-01 11:11:00,700 : INFO : EventManager : Event: ======'machine_var_audits_switches_s_flipper_right_upper'====== Args={'value': 21, 'prev_value': 20, 'change': 1}
2026-03-01 11:11:00,709 : INFO : SwitchController : <<<<<<< 's_flipper_right_lower' active >>>>>>>
2026-03-01 11:11:00,709 : INFO : EventManager : Event: ======'machine_var_audits_switches_s_flipper_right_lower'====== Args={'value': 21, 'prev_value': 20, 'change': 1}
2026-03-01 11:11:00,723 : INFO : SwitchController : <<<<<<< 's_flipper_right_upper_eos' active >>>>>>>
2026-03-01 11:11:00,724 : INFO : EventManager : Event: ======'machine_var_audits_switches_s_flipper_right_upper_eos'====== Args={'value': 6, 'prev_value': 5, 'change': 1}
2026-03-01 11:11:00,728 : INFO : SwitchController : <<<<<<< 's_flipper_right_lower_eos' inactive >>>>>>>
2026-03-01 11:11:00,824 : INFO : SwitchController : <<<<<<< 's_flipper_right_lower' inactive >>>>>>>
2026-03-01 11:11:00,832 : INFO : SwitchController : <<<<<<< 's_flipper_right_upper' inactive >>>>>>>
2026-03-01 11:11:00,920 : INFO : SwitchController : <<<<<<< 's_flipper_right_lower_eos' active >>>>>>>
2026-03-01 11:11:00,920 : INFO : EventManager : Event: ======'machine_var_audits_switches_s_flipper_right_lower_eos'====== Args={'value': 5, 'prev_value': 4, 'change': 1}
2026-03-01 11:11:00,937 : INFO : SwitchController : <<<<<<< 's_flipper_right_upper_eos' inactive >>>>>>>
2026-03-01 11:11:01,182 : INFO : SwitchController : <<<<<<< 's_flipper_right_upper' active >>>>>>>
2026-03-01 11:11:01,182 : INFO : EventManager : Event: ======'machine_var_audits_switches_s_flipper_right_upper'====== Args={'value': 22, 'prev_value': 21, 'change': 1}
2026-03-01 11:11:01,187 : INFO : SwitchController : <<<<<<< 's_flipper_right_lower' active >>>>>>>
2026-03-01 11:11:01,187 : INFO : EventManager : Event: ======'machine_var_audits_switches_s_flipper_right_lower'====== Args={'value': 22, 'prev_value': 21, 'change': 1}
2026-03-01 11:11:01,205 : INFO : SwitchController : <<<<<<< 's_flipper_right_upper_eos' active >>>>>>>
2026-03-01 11:11:01,205 : INFO : EventManager : Event: ======'machine_var_audits_switches_s_flipper_right_upper_eos'====== Args={'value': 7, 'prev_value': 6, 'change': 1}
2026-03-01 11:11:01,213 : INFO : SwitchController : <<<<<<< 's_flipper_right_lower_eos' inactive >>>>>>>
2026-03-01 11:11:01,265 : INFO : SwitchController : <<<<<<< 's_flipper_right_lower' inactive >>>>>>>
2026-03-01 11:11:01,280 : INFO : SwitchController : <<<<<<< 's_flipper_right_upper' inactive >>>>>>>
2026-03-01 11:11:01,361 : INFO : SwitchController : <<<<<<< 's_flipper_right_lower_eos' active >>>>>>>
2026-03-01 11:11:01,361 : INFO : EventManager : Event: ======'machine_var_audits_switches_s_flipper_right_lower_eos'====== Args={'value': 6, 'prev_value': 5, 'change': 1}
2026-03-01 11:11:01,386 : INFO : SwitchController : <<<<<<< 's_flipper_right_upper_eos' inactive >>>>>>>
2026-03-01 11:11:01,623 : INFO : SwitchController : <<<<<<< 's_flipper_right_upper' active >>>>>>>
2026-03-01 11:11:01,623 : INFO : EventManager : Event: ======'machine_var_audits_switches_s_flipper_right_upper'====== Args={'value': 23, 'prev_value': 22, 'change': 1}
2026-03-01 11:11:01,626 : INFO : SwitchController : <<<<<<< 's_flipper_right_lower' active >>>>>>>
2026-03-01 11:11:01,626 : INFO : EventManager : Event: ======'machine_var_audits_switches_s_flipper_right_lower'====== Args={'value': 23, 'prev_value': 22, 'change': 1}
2026-03-01 11:11:01,647 : INFO : SwitchController : <<<<<<< 's_flipper_right_upper_eos' active >>>>>>>
2026-03-01 11:11:01,647 : INFO : EventManager : Event: ======'machine_var_audits_switches_s_flipper_right_upper_eos'====== Args={'value': 8, 'prev_value': 7, 'change': 1}
2026-03-01 11:11:01,652 : INFO : SwitchController : <<<<<<< 's_flipper_right_lower_eos' inactive >>>>>>>
2026-03-01 11:11:01,735 : INFO : SwitchController : <<<<<<< 's_flipper_right_lower' inactive >>>>>>>
2026-03-01 11:11:01,749 : INFO : SwitchController : <<<<<<< 's_flipper_right_upper' inactive >>>>>>>
2026-03-01 11:11:01,831 : INFO : SwitchController : <<<<<<< 's_flipper_right_lower_eos' active >>>>>>>
2026-03-01 11:11:01,831 : INFO : EventManager : Event: ======'machine_var_audits_switches_s_flipper_right_lower_eos'====== Args={'value': 7, 'prev_value': 6, 'change': 1}
2026-03-01 11:11:01,852 : INFO : SwitchController : <<<<<<< 's_flipper_right_upper_eos' inactive >>>>>>>
2026-03-01 11:11:02,062 : INFO : SwitchController : <<<<<<< 's_flipper_right_upper' active >>>>>>>
2026-03-01 11:11:02,062 : INFO : EventManager : Event: ======'machine_var_audits_switches_s_flipper_right_upper'====== Args={'value': 24, 'prev_value': 23, 'change': 1}
2026-03-01 11:11:02,064 : INFO : SwitchController : <<<<<<< 's_flipper_right_lower' active >>>>>>>
2026-03-01 11:11:02,064 : INFO : EventManager : Event: ======'machine_var_audits_switches_s_flipper_right_lower'====== Args={'value': 24, 'prev_value': 23, 'change': 1}
2026-03-01 11:11:02,086 : INFO : SwitchController : <<<<<<< 's_flipper_right_upper_eos' active >>>>>>>
2026-03-01 11:11:02,086 : INFO : EventManager : Event: ======'machine_var_audits_switches_s_flipper_right_upper_eos'====== Args={'value': 9, 'prev_value': 8, 'change': 1}
2026-03-01 11:11:02,090 : INFO : SwitchController : <<<<<<< 's_flipper_right_lower_eos' inactive >>>>>>>
2026-03-01 11:11:02,154 : INFO : SwitchController : <<<<<<< 's_flipper_right_lower' inactive >>>>>>>
2026-03-01 11:11:02,169 : INFO : SwitchController : <<<<<<< 's_flipper_right_upper' inactive >>>>>>>
2026-03-01 11:11:02,249 : INFO : SwitchController : <<<<<<< 's_flipper_right_lower_eos' active >>>>>>>
2026-03-01 11:11:02,249 : INFO : EventManager : Event: ======'machine_var_audits_switches_s_flipper_right_lower_eos'====== Args={'value': 8, 'prev_value': 7, 'change': 1}
2026-03-01 11:11:02,273 : INFO : SwitchController : <<<<<<< 's_flipper_right_upper_eos' inactive >>>>>>>
2026-03-01 11:11:02,479 : INFO : SwitchController : <<<<<<< 's_flipper_right_upper' active >>>>>>>
2026-03-01 11:11:02,479 : INFO : EventManager : Event: ======'machine_var_audits_switches_s_flipper_right_upper'====== Args={'value': 25, 'prev_value': 24, 'change': 1}
2026-03-01 11:11:02,482 : INFO : SwitchController : <<<<<<< 's_flipper_right_lower' active >>>>>>>
2026-03-01 11:11:02,482 : INFO : EventManager : Event: ======'machine_var_audits_switches_s_flipper_right_lower'====== Args={'value': 25, 'prev_value': 24, 'change': 1}
2026-03-01 11:11:02,501 : INFO : SwitchController : <<<<<<< 's_flipper_right_upper_eos' active >>>>>>>
2026-03-01 11:11:02,501 : INFO : EventManager : Event: ======'machine_var_audits_switches_s_flipper_right_upper_eos'====== Args={'value': 10, 'prev_value': 9, 'change': 1}
2026-03-01 11:11:02,507 : INFO : SwitchController : <<<<<<< 's_flipper_right_lower_eos' inactive >>>>>>>
2026-03-01 11:11:02,591 : INFO : SwitchController : <<<<<<< 's_flipper_right_lower' inactive >>>>>>>
2026-03-01 11:11:02,600 : INFO : SwitchController : <<<<<<< 's_flipper_right_upper' inactive >>>>>>>
2026-03-01 11:11:02,687 : INFO : SwitchController : <<<<<<< 's_flipper_right_lower_eos' active >>>>>>>
2026-03-01 11:11:02,687 : INFO : EventManager : Event: ======'machine_var_audits_switches_s_flipper_right_lower_eos'====== Args={'value': 9, 'prev_value': 8, 'change': 1}
2026-03-01 11:11:02,707 : INFO : SwitchController : <<<<<<< 's_flipper_right_upper_eos' inactive >>>>>>>
2026-03-01 11:11:02,915 : INFO : SwitchController : <<<<<<< 's_flipper_right_upper' active >>>>>>>
2026-03-01 11:11:02,915 : INFO : EventManager : Event: ======'machine_var_audits_switches_s_flipper_right_upper'====== Args={'value': 26, 'prev_value': 25, 'change': 1}
2026-03-01 11:11:02,923 : INFO : SwitchController : <<<<<<< 's_flipper_right_lower' active >>>>>>>
2026-03-01 11:11:02,923 : INFO : EventManager : Event: ======'machine_var_audits_switches_s_flipper_right_lower'====== Args={'value': 26, 'prev_value': 25, 'change': 1}
2026-03-01 11:11:02,939 : INFO : SwitchController : <<<<<<< 's_flipper_right_upper_eos' active >>>>>>>
2026-03-01 11:11:02,939 : INFO : EventManager : Event: ======'machine_var_audits_switches_s_flipper_right_upper_eos'====== Args={'value': 11, 'prev_value': 10, 'change': 1}
2026-03-01 11:11:02,949 : INFO : SwitchController : <<<<<<< 's_flipper_right_lower_eos' inactive >>>>>>>
2026-03-01 11:11:03,171 : INFO : SwitchController : <<<<<<< 's_flipper_right_lower' inactive >>>>>>>
2026-03-01 11:11:03,177 : INFO : SwitchController : <<<<<<< 's_flipper_right_upper' inactive >>>>>>>
2026-03-01 11:11:03,266 : INFO : SwitchController : <<<<<<< 's_flipper_right_lower_eos' active >>>>>>>
2026-03-01 11:11:03,266 : INFO : EventManager : Event: ======'machine_var_audits_switches_s_flipper_right_lower_eos'====== Args={'value': 10, 'prev_value': 9, 'change': 1}
2026-03-01 11:11:03,285 : INFO : SwitchController : <<<<<<< 's_flipper_right_upper_eos' inactive >>>>>>>
2026-03-01 11:11:03,600 : INFO : SwitchController : <<<<<<< 's_flipper_right_upper' active >>>>>>>
2026-03-01 11:11:03,600 : INFO : EventManager : Event: ======'machine_var_audits_switches_s_flipper_right_upper'====== Args={'value': 27, 'prev_value': 26, 'change': 1}
2026-03-01 11:11:03,603 : INFO : SwitchController : <<<<<<< 's_flipper_right_lower' active >>>>>>>
2026-03-01 11:11:03,604 : INFO : EventManager : Event: ======'machine_var_audits_switches_s_flipper_right_lower'====== Args={'value': 27, 'prev_value': 26, 'change': 1}
2026-03-01 11:11:03,622 : INFO : SwitchController : <<<<<<< 's_flipper_right_upper_eos' active >>>>>>>
2026-03-01 11:11:03,622 : INFO : EventManager : Event: ======'machine_var_audits_switches_s_flipper_right_upper_eos'====== Args={'value': 12, 'prev_value': 11, 'change': 1}
2026-03-01 11:11:03,630 : INFO : SwitchController : <<<<<<< 's_flipper_right_lower_eos' inactive >>>>>>>
2026-03-01 11:11:03,655 : INFO : SwitchController : <<<<<<< 's_flipper_right_lower' inactive >>>>>>>
2026-03-01 11:11:03,662 : INFO : SwitchController : <<<<<<< 's_flipper_right_upper' inactive >>>>>>>
2026-03-01 11:11:03,749 : INFO : SwitchController : <<<<<<< 's_flipper_right_lower_eos' active >>>>>>>
2026-03-01 11:11:03,749 : INFO : EventManager : Event: ======'machine_var_audits_switches_s_flipper_right_lower_eos'====== Args={'value': 11, 'prev_value': 10, 'change': 1}
2026-03-01 11:11:03,769 : INFO : SwitchController : <<<<<<< 's_flipper_right_upper_eos' inactive >>>>>>>
2026-03-01 11:11:03,819 : INFO : SwitchController : <<<<<<< 's_flipper_right_upper' active >>>>>>>
2026-03-01 11:11:03,819 : INFO : EventManager : Event: ======'machine_var_audits_switches_s_flipper_right_upper'====== Args={'value': 28, 'prev_value': 27, 'change': 1}
2026-03-01 11:11:03,824 : INFO : SwitchController : <<<<<<< 's_flipper_right_lower' active >>>>>>>
2026-03-01 11:11:03,824 : INFO : EventManager : Event: ======'machine_var_audits_switches_s_flipper_right_lower'====== Args={'value': 28, 'prev_value': 27, 'change': 1}
2026-03-01 11:11:03,842 : INFO : SwitchController : <<<<<<< 's_flipper_right_upper_eos' active >>>>>>>
2026-03-01 11:11:03,842 : INFO : EventManager : Event: ======'machine_var_audits_switches_s_flipper_right_upper_eos'====== Args={'value': 13, 'prev_value': 12, 'change': 1}
2026-03-01 11:11:03,848 : INFO : SwitchController : <<<<<<< 's_flipper_right_lower' inactive >>>>>>>
2026-03-01 11:11:03,851 : INFO : SwitchController : <<<<<<< 's_flipper_right_lower_eos' inactive >>>>>>>
2026-03-01 11:11:03,860 : INFO : SwitchController : <<<<<<< 's_flipper_right_upper' inactive >>>>>>>
2026-03-01 11:11:03,935 : INFO : SwitchController : <<<<<<< 's_flipper_right_lower_eos' active >>>>>>>
2026-03-01 11:11:03,935 : INFO : EventManager : Event: ======'machine_var_audits_switches_s_flipper_right_lower_eos'====== Args={'value': 12, 'prev_value': 11, 'change': 1}
2026-03-01 11:11:03,965 : INFO : SwitchController : <<<<<<< 's_flipper_right_upper_eos' inactive >>>>>>>
2026-03-01 11:11:04,110 : INFO : SwitchController : <<<<<<< 's_flipper_right_upper' active >>>>>>>
2026-03-01 11:11:04,110 : INFO : EventManager : Event: ======'machine_var_audits_switches_s_flipper_right_upper'====== Args={'value': 29, 'prev_value': 28, 'change': 1}
2026-03-01 11:11:04,132 : INFO : SwitchController : <<<<<<< 's_flipper_right_upper_eos' active >>>>>>>
2026-03-01 11:11:04,132 : INFO : EventManager : Event: ======'machine_var_audits_switches_s_flipper_right_upper_eos'====== Args={'value': 14, 'prev_value': 13, 'change': 1}
2026-03-01 11:11:04,147 : INFO : SwitchController : <<<<<<< 's_flipper_right_lower' active >>>>>>>
2026-03-01 11:11:04,147 : INFO : EventManager : Event: ======'machine_var_audits_switches_s_flipper_right_lower'====== Args={'value': 29, 'prev_value': 28, 'change': 1}
2026-03-01 11:11:04,171 : INFO : SwitchController : <<<<<<< 's_flipper_right_lower_eos' inactive >>>>>>>
2026-03-01 11:11:04,225 : INFO : SwitchController : <<<<<<< 's_flipper_right_lower' inactive >>>>>>>
2026-03-01 11:11:04,232 : INFO : SwitchController : <<<<<<< 's_flipper_right_upper' inactive >>>>>>>
2026-03-01 11:11:04,320 : INFO : SwitchController : <<<<<<< 's_flipper_right_lower_eos' active >>>>>>>
2026-03-01 11:11:04,321 : INFO : EventManager : Event: ======'machine_var_audits_switches_s_flipper_right_lower_eos'====== Args={'value': 13, 'prev_value': 12, 'change': 1}
2026-03-01 11:11:04,340 : INFO : SwitchController : <<<<<<< 's_flipper_right_upper_eos' inactive >>>>>>>
2026-03-01 11:11:07,449 : INFO : EventManager : Event: ======'balldevice_bd_trough_ball_eject_failed'====== Args={'target': <ball_device.bd_plunger>, 'balls': 1, 'retry': True, 'num_attempts': 3}
2026-03-01 11:11:07,450 : INFO : ball_device.bd_trough : State: waiting_for_target_ready
2026-03-01 11:11:07,450 : INFO : EventManager : Event: ======'balldevice_bd_trough_ball_eject_attempt'====== Args={'balls': 1, 'target': <ball_device.bd_plunger>, 'source': <ball_device.bd_trough>, 'mechanical_eject': False, 'num_attempts': 3}
2026-03-01 11:11:07,451 : INFO : ball_device.bd_trough : State: ejecting
2026-03-01 11:11:07,451 : INFO : ball_device.bd_trough : Ejecting ball to <ball_device.bd_plunger>
2026-03-01 11:11:07,451 : INFO : EventManager : Event: ======'balldevice_bd_trough_ejecting_ball'====== Args={'balls': 1, 'target': <ball_device.bd_plunger>, 'source': <ball_device.bd_trough>, 'mechanical_eject': False, 'num_attempts': 3}
2026-03-01 11:11:07,451 : INFO : ball_device.bd_trough : Wait for ball to leave device
2026-03-01 11:11:07,451 : INFO : coil.c_trough_eject : Pulsing Driver for 10ms (1.0 pulse_power)
