2026-02-09 21:28:15,127 : INFO : root : Loading config.
2026-02-09 21:28:15,128 : INFO : YamlMultifileConfigLoader : Machine config file #1: config.yaml
2026-02-09 21:28:15,128 : INFO : ConfigProcessor : Loading config from cache: /var/folders/np/pd6clpgx1xs_0sdwz71m1gyh0000gn/T/00addb5eaaf19e366a8bc2e537dfc5e2.mpf_cache
2026-02-09 21:28:15,157 : INFO : ConfigProcessor : Loading config from cache: /var/folders/np/pd6clpgx1xs_0sdwz71m1gyh0000gn/T/17249d28c5038822300153ccd16b5450.mpf_cache
2026-02-09 21:28:15,158 : INFO : ConfigProcessor : Loading config from cache: /var/folders/np/pd6clpgx1xs_0sdwz71m1gyh0000gn/T/786e273e12b38b2b1133a8d0aa2f17ad.mpf_cache
2026-02-09 21:28:15,158 : INFO : ConfigProcessor : Loading config from cache: /var/folders/np/pd6clpgx1xs_0sdwz71m1gyh0000gn/T/17249d28c5038822300153ccd16b5450.mpf_cache
2026-02-09 21:28:15,158 : INFO : ConfigProcessor : Loading config from cache: /var/folders/np/pd6clpgx1xs_0sdwz71m1gyh0000gn/T/128730e328aaa296072fe140e2e7dc9c.mpf_cache
2026-02-09 21:28:15,159 : INFO : Machine : Mission Pinball Framework Core Engine v0.80.0.dev12
2026-02-09 21:28:15,159 : INFO : Machine : Command line arguments: {'no_load_cache': False, 'create_config_cache': True, 'bcp': True, 'configfile': ['config.yaml'], 'force_assets_load': False, 'platform_integration_test': False, 'jsonlogging': False, 'logfile': 'logs/2026-02-09-21-28-15-mpf-ANDREs-MacBook-Pro-2.local.log', 'pause': False, 'production': False, 'text_ui': False, 'loglevel': 15, 'consoleloglevel': 20, 'force_platform': 'virtual', 'syslog_address': None, 'full_logfile_path': '/Users/andre/NapoleonDynamite/logs/2026-02-09-21-28-15-mpf-ANDREs-MacBook-Pro-2.local.log'}
2026-02-09 21:28:15,159 : INFO : Machine : MPF path: /Library/Frameworks/Python.framework/Versions/3.13/lib/python3.13/site-packages/mpf
2026-02-09 21:28:15,159 : INFO : Machine : Machine path: /Users/andre/NapoleonDynamite
2026-02-09 21:28:15,159 : INFO : Machine : Platform: darwin
2026-02-09 21:28:15,159 : INFO : Machine : Python executable location: /Library/Frameworks/Python.framework/Versions/3.13/bin/python3.13
2026-02-09 21:28:15,159 : INFO : Machine : Python version: 3.13.12 (64-bit)
2026-02-09 21:28:15,160 : INFO : Machine : Initializing MPF...
2026-02-09 21:28:15,193 : INFO : EventManager : Event: ======'machine_var_credits_string'====== Args={'value': 'FREE PLAY', 'prev_value': None, 'change': True}
2026-02-09 21:28:15,198 : INFO : EventManager : Event: ======'machine_var_master_volume'====== Args={'value': 0.5, 'prev_value': None, 'change': True}
2026-02-09 21:28:15,198 : INFO : EventManager : Event: ======'machine_var_mpf_version'====== Args={'value': 'Mission Pinball Framework v0.80.0.dev12', 'prev_value': None, 'change': True}
2026-02-09 21:28:15,198 : INFO : EventManager : Event: ======'machine_var_mpf_extended_version'====== Args={'value': 'Mission Pinball Framework v0.80.0.dev12, Config version:6, Show version: 6, BCP version:1.1', 'prev_value': None, 'change': True}
2026-02-09 21:28:15,199 : INFO : EventManager : Event: ======'machine_var_python_version'====== Args={'value': '3.13.12', 'prev_value': None, 'change': True}
2026-02-09 21:28:15,208 : INFO : EventManager : Event: ======'machine_var_platform'====== Args={'value': 'macOS-26.2-arm64-arm-64bit-Mach-O', 'prev_value': None, 'change': True}
2026-02-09 21:28:15,208 : INFO : EventManager : Event: ======'machine_var_platform_system'====== Args={'value': 'Darwin', 'prev_value': None, 'change': True}
2026-02-09 21:28:15,208 : INFO : EventManager : Event: ======'machine_var_platform_release'====== Args={'value': '25.2.0', 'prev_value': None, 'change': True}
2026-02-09 21:28:15,208 : INFO : EventManager : Event: ======'machine_var_platform_version'====== Args={'value': 'Darwin Kernel Version 25.2.0: Tue Nov 18 21:07:05 PST 2025; root:xnu-12377.61.12~1/RELEASE_ARM64_T6020', 'prev_value': None, 'change': True}
2026-02-09 21:28:15,208 : INFO : EventManager : Event: ======'machine_var_platform_machine'====== Args={'value': 'arm64', 'prev_value': None, 'change': True}
2026-02-09 21:28:15,208 : INFO : EventManager : Event: ======'machine_var_log_file_path'====== Args={'value': '/Users/andre/NapoleonDynamite/logs/2026-02-09-21-28-15-mpf-ANDREs-MacBook-Pro-2.local.log', 'prev_value': None, 'change': True}
2026-02-09 21:28:15,208 : INFO : EventManager : Event: ======'init_phase_1'====== Args={}
2026-02-09 21:28:15,215 : INFO : EventManager : Event: ======'init_phase_2'====== Args={}
2026-02-09 21:28:15,215 : INFO : EventManager : Event: ======'bcp_connection_attempt'====== Args={'name': 'local_display', 'host': 'localhost', 'port': 5050}
2026-02-09 21:28:15,216 : INFO : BCPClientSocket : Connecting BCP to 'local_display' at localhost:5050...
2026-02-09 21:28:19,764 : INFO : BCPClientSocket : Connected BCP to 'local_display' localhost:5050
2026-02-09 21:28:19,765 : INFO : EventManager : Event: ======'bcp_clients_connected'====== Args={}
2026-02-09 21:28:19,766 : INFO : ball_device.bd_plunger : BCH: Initial count: 0
2026-02-09 21:28:19,767 : INFO : ball_device.bd_plunger : State: idle
2026-02-09 21:28:19,767 : INFO : ball_device.bd_trough : BCH: Initial count: 0
2026-02-09 21:28:19,768 : INFO : ball_device.bd_trough : State: idle
2026-02-09 21:28:19,776 : INFO : EventManager : Event: ======'init_phase_3'====== Args={}
2026-02-09 21:28:19,778 : INFO : EventManager : Event: ======'init_phase_4'====== Args={}
2026-02-09 21:28:19,778 : INFO : BallController : Initial balls found: 0
2026-02-09 21:28:19,780 : INFO : EventManager : Event: ======'machine_var_audits_switches_s_plunger_lane'====== Args={'value': 0, 'prev_value': None, 'change': True}
2026-02-09 21:28:19,780 : INFO : EventManager : Event: ======'machine_var_audits_switches_s_trough_2'====== Args={'value': 0, 'prev_value': None, 'change': True}
2026-02-09 21:28:19,780 : INFO : EventManager : Event: ======'machine_var_audits_switches_s_trough_5'====== Args={'value': 0, 'prev_value': None, 'change': True}
2026-02-09 21:28:19,780 : INFO : EventManager : Event: ======'machine_var_audits_switches_s_trough_3'====== Args={'value': 0, 'prev_value': None, 'change': True}
2026-02-09 21:28:19,780 : INFO : EventManager : Event: ======'machine_var_audits_switches_s_trough_4'====== Args={'value': 0, 'prev_value': None, 'change': True}
2026-02-09 21:28:19,780 : INFO : EventManager : Event: ======'machine_var_audits_switches_s_trough_6'====== Args={'value': 0, 'prev_value': None, 'change': True}
2026-02-09 21:28:19,780 : INFO : EventManager : Event: ======'machine_var_audits_switches_s_flipper_right'====== Args={'value': 0, 'prev_value': None, 'change': True}
2026-02-09 21:28:19,780 : INFO : EventManager : Event: ======'machine_var_audits_switches_s_flipper_left'====== Args={'value': 0, 'prev_value': None, 'change': True}
2026-02-09 21:28:19,780 : INFO : EventManager : Event: ======'machine_var_audits_switches_s_trough_1'====== Args={'value': 0, 'prev_value': None, 'change': True}
2026-02-09 21:28:19,780 : INFO : EventManager : Event: ======'machine_var_audits_events_game_started'====== Args={'value': 0, 'prev_value': None, 'change': True}
2026-02-09 21:28:19,780 : INFO : EventManager : Event: ======'machine_var_audits_events_game_ended'====== Args={'value': 0, 'prev_value': None, 'change': True}
2026-02-09 21:28:19,780 : INFO : EventManager : Event: ======'machine_var_audits_player_score'====== Args={'value': {'top': [], 'average': 0, 'total': 0}, 'prev_value': None, 'change': True}
2026-02-09 21:28:19,781 : INFO : EventManager : Event: ======'init_phase_5'====== Args={}
2026-02-09 21:28:19,781 : INFO : EventManager : Event: ======'init_done'====== Args={}
2026-02-09 21:28:19,782 : INFO : EventManager : Event: ======'machine_reset_phase_1'====== Args={}
2026-02-09 21:28:19,811 : INFO : EventManager : Event: ======'machine_reset_phase_2'====== Args={}
2026-02-09 21:28:19,812 : INFO : EventManager : Event: ======'machine_reset_phase_3'====== Args={}
2026-02-09 21:28:19,812 : INFO : EventManager : Event: ======'reset_complete'====== Args={}
2026-02-09 21:28:19,812 : INFO : EventManager : Event: ======'mode_attract_will_start'====== Args={}
2026-02-09 21:28:19,813 : INFO : Timer.attract_carousel_timer : Starting Timer.
2026-02-09 21:28:19,813 : INFO : EventManager : Event: ======'timer_attract_carousel_timer_started'====== Args={'ticks': 0, 'ticks_remaining': 1}
2026-02-09 21:28:19,813 : INFO : EventManager : Event: ======'timer_attract_carousel_timer_tick'====== Args={'ticks': 0, 'ticks_remaining': 1}
2026-02-09 21:28:19,814 : INFO : EventManager : Event: ======'mode_attract_starting'====== Args={}
2026-02-09 21:28:19,814 : INFO : Mode.attract : Started. Priority: 10
2026-02-09 21:28:19,814 : INFO : EventManager : Event: ======'modes_active_modes_changed'====== Args={}
2026-02-09 21:28:19,814 : INFO : EventManager : Event: ======'mode_attract_started'====== Args={}
2026-02-09 21:28:19,815 : INFO : EventManager : Event: ======'collecting_balls_complete'====== Args={}
2026-02-09 21:28:19,815 : INFO : EventManager : Event: ======'carousel_item_highlighted'====== Args={'carousel': 'attract', 'direction': None, 'item': 'title'}
2026-02-09 21:28:19,816 : INFO : EventManager : Event: ======'timer_attract_carousel_timer_tick'====== Args={'ticks': 0, 'ticks_remaining': 1}
2026-02-09 21:28:19,816 : INFO : Machine : Starting the main run loop with active modes: [<Mode.attract>]
2026-02-09 21:28:19,947 : INFO : EventManager : Event: ======'slide_attract_created'====== Args={'_from_bcp': True}
2026-02-09 21:28:19,947 : INFO : EventManager : Event: ======'slide__removed'====== Args={'_from_bcp': True}
2026-02-09 21:28:19,947 : INFO : EventManager : Event: ======'slide_attract_active'====== Args={'original_context': 'attract', 'original_calling_context': 'mode_attract_started', 'priority': 10.0, 'cmd': 'slides_play', '_from_bcp': True}
2026-02-09 21:28:24,816 : INFO : Timer.attract_carousel_timer : Timer Complete
2026-02-09 21:28:24,816 : INFO : Timer.attract_carousel_timer : Stopping Timer
2026-02-09 21:28:24,816 : INFO : EventManager : Event: ======'timer_attract_carousel_timer_stopped'====== Args={'ticks': 1, 'ticks_remaining': 1}
2026-02-09 21:28:24,817 : INFO : EventManager : Event: ======'timer_attract_carousel_timer_complete'====== Args={'ticks': 1, 'ticks_remaining': 1}
2026-02-09 21:28:24,818 : INFO : EventManager : Event: ======'carousel_item_highlighted'====== Args={'carousel': 'attract', 'direction': 'forwards', 'item': 'credits'}
2026-02-09 21:28:24,820 : INFO : Timer.attract_carousel_timer : Starting Timer.
2026-02-09 21:28:24,820 : INFO : EventManager : Event: ======'timer_attract_carousel_timer_started'====== Args={'ticks': 0, 'ticks_remaining': 1}
2026-02-09 21:28:24,820 : INFO : EventManager : Event: ======'timer_attract_carousel_timer_tick'====== Args={'ticks': 0, 'ticks_remaining': 1}
2026-02-09 21:28:27,744 : INFO : SwitchController : <<<<<<< 's_flipper_right' active >>>>>>>
2026-02-09 21:28:27,745 : INFO : EventManager : Event: ======'s_flipper_right_active'====== Args={}
2026-02-09 21:28:27,745 : INFO : EventManager : Event: ======'carousel_item_highlighted'====== Args={'carousel': 'attract', 'direction': 'forwards', 'item': 'logo'}
2026-02-09 21:28:27,746 : INFO : EventManager : Event: ======'timer_attract_carousel_timer_tick'====== Args={'ticks': 0, 'ticks_remaining': 1}
2026-02-09 21:28:27,845 : INFO : SwitchController : <<<<<<< 's_flipper_right' inactive >>>>>>>
2026-02-09 21:28:29,094 : INFO : SwitchController : <<<<<<< 's_flipper_right' active >>>>>>>
2026-02-09 21:28:29,094 : INFO : EventManager : Event: ======'s_flipper_right_active'====== Args={}
2026-02-09 21:28:29,095 : INFO : EventManager : Event: ======'carousel_item_highlighted'====== Args={'carousel': 'attract', 'direction': 'forwards', 'item': 'title'}
2026-02-09 21:28:29,095 : INFO : EventManager : Event: ======'timer_attract_carousel_timer_tick'====== Args={'ticks': 0, 'ticks_remaining': 1}
2026-02-09 21:28:29,227 : INFO : SwitchController : <<<<<<< 's_flipper_right' inactive >>>>>>>
2026-02-09 21:28:29,878 : INFO : SwitchController : <<<<<<< 's_flipper_right' active >>>>>>>
2026-02-09 21:28:29,878 : INFO : EventManager : Event: ======'s_flipper_right_active'====== Args={}
2026-02-09 21:28:29,878 : INFO : EventManager : Event: ======'carousel_item_highlighted'====== Args={'carousel': 'attract', 'direction': 'forwards', 'item': 'credits'}
2026-02-09 21:28:29,879 : INFO : EventManager : Event: ======'timer_attract_carousel_timer_tick'====== Args={'ticks': 0, 'ticks_remaining': 1}
2026-02-09 21:28:29,994 : INFO : SwitchController : <<<<<<< 's_flipper_right' inactive >>>>>>>
2026-02-09 21:28:30,611 : INFO : SwitchController : <<<<<<< 's_flipper_right' active >>>>>>>
2026-02-09 21:28:30,611 : INFO : EventManager : Event: ======'s_flipper_right_active'====== Args={}
2026-02-09 21:28:30,612 : INFO : EventManager : Event: ======'carousel_item_highlighted'====== Args={'carousel': 'attract', 'direction': 'forwards', 'item': 'logo'}
2026-02-09 21:28:30,613 : INFO : EventManager : Event: ======'timer_attract_carousel_timer_tick'====== Args={'ticks': 0, 'ticks_remaining': 1}
2026-02-09 21:28:30,727 : INFO : SwitchController : <<<<<<< 's_flipper_right' inactive >>>>>>>
2026-02-09 21:28:31,243 : INFO : SwitchController : <<<<<<< 's_flipper_right' active >>>>>>>
2026-02-09 21:28:31,244 : INFO : EventManager : Event: ======'s_flipper_right_active'====== Args={}
2026-02-09 21:28:31,244 : INFO : EventManager : Event: ======'carousel_item_highlighted'====== Args={'carousel': 'attract', 'direction': 'forwards', 'item': 'title'}
2026-02-09 21:28:31,245 : INFO : EventManager : Event: ======'timer_attract_carousel_timer_tick'====== Args={'ticks': 0, 'ticks_remaining': 1}
2026-02-09 21:28:31,335 : INFO : SwitchController : <<<<<<< 's_flipper_right' inactive >>>>>>>
2026-02-09 21:28:36,246 : INFO : Timer.attract_carousel_timer : Timer Complete
2026-02-09 21:28:36,247 : INFO : Timer.attract_carousel_timer : Stopping Timer
2026-02-09 21:28:36,247 : INFO : EventManager : Event: ======'timer_attract_carousel_timer_stopped'====== Args={'ticks': 1, 'ticks_remaining': 1}
2026-02-09 21:28:36,247 : INFO : EventManager : Event: ======'timer_attract_carousel_timer_complete'====== Args={'ticks': 1, 'ticks_remaining': 1}
2026-02-09 21:28:36,247 : INFO : EventManager : Event: ======'carousel_item_highlighted'====== Args={'carousel': 'attract', 'direction': 'forwards', 'item': 'credits'}
2026-02-09 21:28:36,248 : INFO : Timer.attract_carousel_timer : Starting Timer.
2026-02-09 21:28:36,249 : INFO : EventManager : Event: ======'timer_attract_carousel_timer_started'====== Args={'ticks': 0, 'ticks_remaining': 1}
2026-02-09 21:28:36,249 : INFO : EventManager : Event: ======'timer_attract_carousel_timer_tick'====== Args={'ticks': 0, 'ticks_remaining': 1}
2026-02-09 21:28:41,250 : INFO : Timer.attract_carousel_timer : Timer Complete
2026-02-09 21:28:41,250 : INFO : Timer.attract_carousel_timer : Stopping Timer
2026-02-09 21:28:41,250 : INFO : EventManager : Event: ======'timer_attract_carousel_timer_stopped'====== Args={'ticks': 1, 'ticks_remaining': 1}
2026-02-09 21:28:41,250 : INFO : EventManager : Event: ======'timer_attract_carousel_timer_complete'====== Args={'ticks': 1, 'ticks_remaining': 1}
2026-02-09 21:28:41,253 : INFO : EventManager : Event: ======'carousel_item_highlighted'====== Args={'carousel': 'attract', 'direction': 'forwards', 'item': 'logo'}
2026-02-09 21:28:41,254 : INFO : Timer.attract_carousel_timer : Starting Timer.
2026-02-09 21:28:41,254 : INFO : EventManager : Event: ======'timer_attract_carousel_timer_started'====== Args={'ticks': 0, 'ticks_remaining': 1}
2026-02-09 21:28:41,254 : INFO : EventManager : Event: ======'timer_attract_carousel_timer_tick'====== Args={'ticks': 0, 'ticks_remaining': 1}
2026-02-09 21:28:46,255 : INFO : Timer.attract_carousel_timer : Timer Complete
2026-02-09 21:28:46,255 : INFO : Timer.attract_carousel_timer : Stopping Timer
2026-02-09 21:28:46,255 : INFO : EventManager : Event: ======'timer_attract_carousel_timer_stopped'====== Args={'ticks': 1, 'ticks_remaining': 1}
2026-02-09 21:28:46,256 : INFO : EventManager : Event: ======'timer_attract_carousel_timer_complete'====== Args={'ticks': 1, 'ticks_remaining': 1}
2026-02-09 21:28:46,256 : INFO : EventManager : Event: ======'carousel_item_highlighted'====== Args={'carousel': 'attract', 'direction': 'forwards', 'item': 'title'}
2026-02-09 21:28:46,256 : INFO : Timer.attract_carousel_timer : Starting Timer.
2026-02-09 21:28:46,256 : INFO : EventManager : Event: ======'timer_attract_carousel_timer_started'====== Args={'ticks': 0, 'ticks_remaining': 1}
2026-02-09 21:28:46,257 : INFO : EventManager : Event: ======'timer_attract_carousel_timer_tick'====== Args={'ticks': 0, 'ticks_remaining': 1}
2026-02-09 21:28:51,258 : INFO : Timer.attract_carousel_timer : Timer Complete
2026-02-09 21:28:51,259 : INFO : Timer.attract_carousel_timer : Stopping Timer
2026-02-09 21:28:51,259 : INFO : EventManager : Event: ======'timer_attract_carousel_timer_stopped'====== Args={'ticks': 1, 'ticks_remaining': 1}
2026-02-09 21:28:51,259 : INFO : EventManager : Event: ======'timer_attract_carousel_timer_complete'====== Args={'ticks': 1, 'ticks_remaining': 1}
2026-02-09 21:28:51,262 : INFO : EventManager : Event: ======'carousel_item_highlighted'====== Args={'carousel': 'attract', 'direction': 'forwards', 'item': 'credits'}
2026-02-09 21:28:51,263 : INFO : Timer.attract_carousel_timer : Starting Timer.
2026-02-09 21:28:51,264 : INFO : EventManager : Event: ======'timer_attract_carousel_timer_started'====== Args={'ticks': 0, 'ticks_remaining': 1}
2026-02-09 21:28:51,264 : INFO : EventManager : Event: ======'timer_attract_carousel_timer_tick'====== Args={'ticks': 0, 'ticks_remaining': 1}
2026-02-09 21:28:56,265 : INFO : Timer.attract_carousel_timer : Timer Complete
2026-02-09 21:28:56,265 : INFO : Timer.attract_carousel_timer : Stopping Timer
2026-02-09 21:28:56,265 : INFO : EventManager : Event: ======'timer_attract_carousel_timer_stopped'====== Args={'ticks': 1, 'ticks_remaining': 1}
2026-02-09 21:28:56,265 : INFO : EventManager : Event: ======'timer_attract_carousel_timer_complete'====== Args={'ticks': 1, 'ticks_remaining': 1}
2026-02-09 21:28:56,266 : INFO : EventManager : Event: ======'carousel_item_highlighted'====== Args={'carousel': 'attract', 'direction': 'forwards', 'item': 'logo'}
2026-02-09 21:28:56,266 : INFO : Timer.attract_carousel_timer : Starting Timer.
2026-02-09 21:28:56,266 : INFO : EventManager : Event: ======'timer_attract_carousel_timer_started'====== Args={'ticks': 0, 'ticks_remaining': 1}
2026-02-09 21:28:56,266 : INFO : EventManager : Event: ======'timer_attract_carousel_timer_tick'====== Args={'ticks': 0, 'ticks_remaining': 1}
2026-02-09 21:29:01,267 : INFO : Timer.attract_carousel_timer : Timer Complete
2026-02-09 21:29:01,267 : INFO : Timer.attract_carousel_timer : Stopping Timer
2026-02-09 21:29:01,268 : INFO : EventManager : Event: ======'timer_attract_carousel_timer_stopped'====== Args={'ticks': 1, 'ticks_remaining': 1}
2026-02-09 21:29:01,268 : INFO : EventManager : Event: ======'timer_attract_carousel_timer_complete'====== Args={'ticks': 1, 'ticks_remaining': 1}
2026-02-09 21:29:01,268 : INFO : EventManager : Event: ======'carousel_item_highlighted'====== Args={'carousel': 'attract', 'direction': 'forwards', 'item': 'title'}
2026-02-09 21:29:01,268 : INFO : Timer.attract_carousel_timer : Starting Timer.
2026-02-09 21:29:01,268 : INFO : EventManager : Event: ======'timer_attract_carousel_timer_started'====== Args={'ticks': 0, 'ticks_remaining': 1}
2026-02-09 21:29:01,268 : INFO : EventManager : Event: ======'timer_attract_carousel_timer_tick'====== Args={'ticks': 0, 'ticks_remaining': 1}
2026-02-09 21:29:06,270 : INFO : Timer.attract_carousel_timer : Timer Complete
2026-02-09 21:29:06,270 : INFO : Timer.attract_carousel_timer : Stopping Timer
2026-02-09 21:29:06,271 : INFO : EventManager : Event: ======'timer_attract_carousel_timer_stopped'====== Args={'ticks': 1, 'ticks_remaining': 1}
2026-02-09 21:29:06,271 : INFO : EventManager : Event: ======'timer_attract_carousel_timer_complete'====== Args={'ticks': 1, 'ticks_remaining': 1}
2026-02-09 21:29:06,271 : INFO : EventManager : Event: ======'carousel_item_highlighted'====== Args={'carousel': 'attract', 'direction': 'forwards', 'item': 'credits'}
2026-02-09 21:29:06,272 : INFO : Timer.attract_carousel_timer : Starting Timer.
2026-02-09 21:29:06,272 : INFO : EventManager : Event: ======'timer_attract_carousel_timer_started'====== Args={'ticks': 0, 'ticks_remaining': 1}
2026-02-09 21:29:06,272 : INFO : EventManager : Event: ======'timer_attract_carousel_timer_tick'====== Args={'ticks': 0, 'ticks_remaining': 1}
2026-02-09 21:29:11,273 : INFO : Timer.attract_carousel_timer : Timer Complete
2026-02-09 21:29:11,273 : INFO : Timer.attract_carousel_timer : Stopping Timer
2026-02-09 21:29:11,273 : INFO : EventManager : Event: ======'timer_attract_carousel_timer_stopped'====== Args={'ticks': 1, 'ticks_remaining': 1}
2026-02-09 21:29:11,274 : INFO : EventManager : Event: ======'timer_attract_carousel_timer_complete'====== Args={'ticks': 1, 'ticks_remaining': 1}
2026-02-09 21:29:11,274 : INFO : EventManager : Event: ======'carousel_item_highlighted'====== Args={'carousel': 'attract', 'direction': 'forwards', 'item': 'logo'}
2026-02-09 21:29:11,274 : INFO : Timer.attract_carousel_timer : Starting Timer.
2026-02-09 21:29:11,274 : INFO : EventManager : Event: ======'timer_attract_carousel_timer_started'====== Args={'ticks': 0, 'ticks_remaining': 1}
2026-02-09 21:29:11,274 : INFO : EventManager : Event: ======'timer_attract_carousel_timer_tick'====== Args={'ticks': 0, 'ticks_remaining': 1}
2026-02-09 21:29:16,276 : INFO : Timer.attract_carousel_timer : Timer Complete
2026-02-09 21:29:16,276 : INFO : Timer.attract_carousel_timer : Stopping Timer
2026-02-09 21:29:16,276 : INFO : EventManager : Event: ======'timer_attract_carousel_timer_stopped'====== Args={'ticks': 1, 'ticks_remaining': 1}
2026-02-09 21:29:16,276 : INFO : EventManager : Event: ======'timer_attract_carousel_timer_complete'====== Args={'ticks': 1, 'ticks_remaining': 1}
2026-02-09 21:29:16,277 : INFO : EventManager : Event: ======'carousel_item_highlighted'====== Args={'carousel': 'attract', 'direction': 'forwards', 'item': 'title'}
2026-02-09 21:29:16,278 : INFO : Timer.attract_carousel_timer : Starting Timer.
2026-02-09 21:29:16,278 : INFO : EventManager : Event: ======'timer_attract_carousel_timer_started'====== Args={'ticks': 0, 'ticks_remaining': 1}
2026-02-09 21:29:16,278 : INFO : EventManager : Event: ======'timer_attract_carousel_timer_tick'====== Args={'ticks': 0, 'ticks_remaining': 1}
2026-02-09 21:29:16,466 : INFO : Machine : Shutting down...
2026-02-09 21:29:16,466 : INFO : EventManager : Event: ======'shutdown'====== Args={}
2026-02-09 21:29:16,469 : INFO : root : MPF run loop ended.
