2026-03-04 13:58:06,926 : INFO : root : Loading config.
2026-03-04 13:58:07,286 : INFO : ConfigProcessor : Config spec file cache created: /var/folders/1s/015t8n3n70gcr2ch4xflj4yr0000gn/T/config_spec.mpf_cache
2026-03-04 13:58:07,287 : INFO : YamlMultifileConfigLoader : Machine config file #1: config.yaml
2026-03-04 13:58:07,287 : INFO : ConfigProcessor : Loading config from cache: /var/folders/1s/015t8n3n70gcr2ch4xflj4yr0000gn/T/954ddabc670342668a09b03520c7eb79.mpf_cache
2026-03-04 13:58:07,353 : INFO : ConfigProcessor : Loading config from cache: /var/folders/1s/015t8n3n70gcr2ch4xflj4yr0000gn/T/64218df07edc412f774c53ffb33c812d.mpf_cache
2026-03-04 13:58:07,353 : INFO : ConfigProcessor : Loading config from cache: /var/folders/1s/015t8n3n70gcr2ch4xflj4yr0000gn/T/767518d75df2d86a4d35c1fb94c70abd.mpf_cache
2026-03-04 13:58:07,353 : INFO : ConfigProcessor : Loading config from cache: /var/folders/1s/015t8n3n70gcr2ch4xflj4yr0000gn/T/64218df07edc412f774c53ffb33c812d.mpf_cache
2026-03-04 13:58:07,354 : INFO : ConfigProcessor : Loading config from cache: /var/folders/1s/015t8n3n70gcr2ch4xflj4yr0000gn/T/73548cb541cc3751ae5711fe0817282a.mpf_cache
2026-03-04 13:58:07,354 : WARNING : ConfigProcessor : Config file in cache changed: /Users/pinball/NapoleonDynamite/modes/bumpers/config/bumpers.yaml
2026-03-04 13:58:07,354 : INFO : ConfigProcessor : Loading config from file /Users/pinball/NapoleonDynamite/modes/bumpers/config/bumpers.yaml.
2026-03-04 13:58:07,364 : INFO : ConfigProcessor : Loading config: /Users/pinball/NapoleonDynamite/modes/bumpers/config/bumpers.yaml
2026-03-04 13:58:07,365 : INFO : ConfigProcessor : Config file cache created: /var/folders/1s/015t8n3n70gcr2ch4xflj4yr0000gn/T/57f006170cd447d443f971cd8b826597.mpf_cache
2026-03-04 13:58:07,365 : INFO : Machine : Mission Pinball Framework Core Engine v0.80.0.dev13
2026-03-04 13:58:07,365 : INFO : Machine : Command line arguments: {'no_load_cache': False, 'create_config_cache': True, 'bcp': True, 'configfile': ['config.yaml'], 'force_assets_load': False, 'platform_integration_test': False, 'jsonlogging': False, 'logfile': 'logs/2026-03-04-13-58-06-mpf-ANDREs-Mac-mini.local.log', 'pause': False, 'production': False, 'text_ui': True, 'loglevel': 15, 'consoleloglevel': 20, 'force_platform': None, 'syslog_address': None, 'full_logfile_path': '/Users/pinball/NapoleonDynamite/logs/2026-03-04-13-58-06-mpf-ANDREs-Mac-mini.local.log'}
2026-03-04 13:58:07,365 : INFO : Machine : MPF path: /Users/pinball/mpf/lib/python3.14/site-packages/mpf
2026-03-04 13:58:07,365 : INFO : Machine : Machine path: /Users/pinball/NapoleonDynamite
2026-03-04 13:58:07,365 : INFO : Machine : Platform: darwin
2026-03-04 13:58:07,366 : INFO : Machine : Python executable location: /Users/pinball/mpf/bin/python3.14
2026-03-04 13:58:07,366 : INFO : Machine : Python version: 3.14.3 (64-bit)
2026-03-04 13:58:07,367 : INFO : Machine : Initializing MPF...
2026-03-04 13:58:07,493 : INFO : FAST : Auto-detecting ports for the following connections: ['net', 'exp']
2026-03-04 13:58:07,514 : INFO : FAST : Detected NET on port /dev/cu.usbmodem14101
2026-03-04 13:58:07,522 : INFO : FAST : Detected EXP on port /dev/cu.usbmodem14103
2026-03-04 13:58:07,627 : INFO : FAST [NET] : Trying to connect to /dev/cu.usbmodem14101 at 921600bps
2026-03-04 13:58:07,632 : INFO : FAST [NET] : Connected to /dev/cu.usbmodem14101 at 921600bps
2026-03-04 13:58:07,634 : INFO : FAST [NET] : Connected to FP-CPU-2000 with firmware v02.26
2026-03-04 13:58:07,637 : INFO : FAST [NET] : Registered I/O Board 0: Model: FP-I/O-0024, Firmware: 01.10, Switches: 24, Drivers: 8
2026-03-04 13:58:07,639 : INFO : FAST [NET] : Registered I/O Board 1: Model: FP-I/O-3208, Firmware: 01.10, Switches: 32, Drivers: 8
2026-03-04 13:58:07,640 : INFO : FAST [NET] : Registered I/O Board 2: Model: FP-I/O-0804, Firmware: 01.10, Switches: 8, Drivers: 4
2026-03-04 13:58:07,642 : INFO : FAST [NET] : Registered I/O Board 3: Model: FP-I/O-0804, Firmware: 01.10, Switches: 8, Drivers: 4
2026-03-04 13:58:07,643 : INFO : FAST [EXP] : Trying to connect to /dev/cu.usbmodem14103 at 921600bps
2026-03-04 13:58:07,647 : INFO : FAST [EXP] : Connected to /dev/cu.usbmodem14103 at 921600bps
2026-03-04 13:58:07,649 : INFO : FAST [EXP] : Verifying hardware for EXP "neuron" (FP-EXP-2000, @48) with ID string "EXP FP-EXP-2000  0.34", board address 48
2026-03-04 13:58:07,650 : INFO : FAST [EXP] : Verifying hardware for EXP "neuron" (FP-EXP-2000, @48) with ID string "LED FP-BRK-0001  0.8", board address 480
2026-03-04 13:58:07,651 : INFO : EventManager : Event: ======'machine_var_credits_string'====== Args={'value': 'FREE PLAY', 'prev_value': None, 'change': True}
2026-03-04 13:58:07,669 : INFO : EventManager : Event: ======'machine_var_master_volume'====== Args={'value': 0.5, 'prev_value': None, 'change': True}
2026-03-04 13:58:07,669 : INFO : EventManager : Event: ======'machine_var_player1_score'====== Args={'value': 67080, 'prev_value': None, 'change': True}
2026-03-04 13:58:07,669 : INFO : EventManager : Event: ======'machine_var_mpf_version'====== Args={'value': 'Mission Pinball Framework v0.80.0.dev13', 'prev_value': None, 'change': True}
2026-03-04 13:58:07,669 : INFO : EventManager : Event: ======'machine_var_mpf_extended_version'====== Args={'value': 'Mission Pinball Framework v0.80.0.dev13, Config version:6, Show version: 6, BCP version:1.1', 'prev_value': None, 'change': True}
2026-03-04 13:58:07,670 : INFO : EventManager : Event: ======'machine_var_python_version'====== Args={'value': '3.14.3', 'prev_value': None, 'change': True}
2026-03-04 13:58:07,691 : INFO : EventManager : Event: ======'machine_var_platform'====== Args={'value': 'macOS-14.8.4-x86_64-i386-64bit-Mach-O', 'prev_value': None, 'change': True}
2026-03-04 13:58:07,692 : INFO : EventManager : Event: ======'machine_var_platform_system'====== Args={'value': 'Darwin', 'prev_value': None, 'change': True}
2026-03-04 13:58:07,692 : INFO : EventManager : Event: ======'machine_var_platform_release'====== Args={'value': '23.6.0', 'prev_value': None, 'change': True}
2026-03-04 13:58:07,692 : INFO : EventManager : Event: ======'machine_var_platform_version'====== Args={'value': 'Darwin Kernel Version 23.6.0: Mon Jan 19 22:02:22 PST 2026; root:xnu-10063.141.1.710.3~1/RELEASE_X86_64', 'prev_value': None, 'change': True}
2026-03-04 13:58:07,692 : INFO : EventManager : Event: ======'machine_var_platform_machine'====== Args={'value': 'x86_64', 'prev_value': None, 'change': True}
2026-03-04 13:58:07,692 : INFO : EventManager : Event: ======'machine_var_log_file_path'====== Args={'value': '/Users/pinball/NapoleonDynamite/logs/2026-03-04-13-58-06-mpf-ANDREs-Mac-mini.local.log', 'prev_value': None, 'change': True}
2026-03-04 13:58:07,692 : INFO : EventManager : Event: ======'init_phase_1'====== Args={}
2026-03-04 13:58:07,864 : INFO : SwitchController : <<<<<<< 's_flipper_left_eos' active >>>>>>>
2026-03-04 13:58:07,865 : INFO : SwitchController : <<<<<<< 's_plunger' active >>>>>>>
2026-03-04 13:58:07,896 : INFO : EventManager : Event: ======'init_phase_2'====== Args={}
2026-03-04 13:58:07,896 : INFO : SwitchController : Found active switch: (37, [FAST Platform Interface]) <switch.s_flipper_left_eos>
2026-03-04 13:58:07,896 : INFO : SwitchController : Found active switch: (31, [FAST Platform Interface]) <switch.s_plunger>
2026-03-04 13:58:07,902 : INFO : EventManager : Event: ======'bcp_connection_attempt'====== Args={'name': 'local_display', 'host': 'localhost', 'port': 5050}
2026-03-04 13:58:07,904 : INFO : BCPClientSocket : Connecting BCP to 'local_display' at localhost:5050...
2026-03-04 13:58:07,920 : INFO : BCPClientSocket : Connected BCP to 'local_display' localhost:5050
2026-03-04 13:58:07,920 : INFO : EventManager : Event: ======'bcp_clients_connected'====== Args={}
2026-03-04 13:58:07,926 : INFO : ball_device.bd_trough : BCH: Initial count: 0
2026-03-04 13:58:07,926 : INFO : ball_device.bd_trough : State: idle
2026-03-04 13:58:07,927 : INFO : ball_device.bd_scoop_tina : BCH: Initial count: 0
2026-03-04 13:58:07,927 : INFO : ball_device.bd_scoop_tina : State: idle
2026-03-04 13:58:08,366 : INFO : ball_device.bd_plunger : BCH: Initial count: 1
2026-03-04 13:58:08,366 : INFO : ball_device.bd_plunger : State: idle
2026-03-04 13:58:08,383 : INFO : EventManager : Event: ======'init_phase_3'====== Args={}
2026-03-04 13:58:08,385 : INFO : EventManager : Event: ======'init_phase_4'====== Args={}
2026-03-04 13:58:08,386 : INFO : BallController : Initial balls found: 1
2026-03-04 13:58:08,387 : INFO : EventManager : Event: ======'machine_var_audits_events_game_ended'====== Args={'value': 17, 'prev_value': None, 'change': True}
2026-03-04 13:58:08,387 : INFO : EventManager : Event: ======'machine_var_audits_events_game_started'====== Args={'value': 33, 'prev_value': None, 'change': True}
2026-03-04 13:58:08,387 : INFO : EventManager : Event: ======'machine_var_audits_missing_switches_s_bumper_lower'====== Args={'value': 1, 'prev_value': None, 'change': True}
2026-03-04 13:58:08,388 : INFO : EventManager : Event: ======'machine_var_audits_missing_switches_s_bumper_upper'====== Args={'value': 1, 'prev_value': None, 'change': True}
2026-03-04 13:58:08,388 : INFO : EventManager : Event: ======'machine_var_audits_missing_switches_s_flipper_right_lower_eos'====== Args={'value': 3, 'prev_value': None, 'change': True}
2026-03-04 13:58:08,388 : INFO : EventManager : Event: ======'machine_var_audits_missing_switches_s_inlane_left'====== Args={'value': 1, 'prev_value': None, 'change': True}
2026-03-04 13:58:08,388 : INFO : EventManager : Event: ======'machine_var_audits_missing_switches_s_scoop_tina'====== Args={'value': 4, 'prev_value': None, 'change': True}
2026-03-04 13:58:08,388 : INFO : EventManager : Event: ======'machine_var_audits_missing_switches_s_start'====== Args={'value': 2, 'prev_value': None, 'change': True}
2026-03-04 13:58:08,388 : INFO : EventManager : Event: ======'machine_var_audits_player_score'====== Args={'value': {'average': 50738, 'top': [628090, 123050, 67080, 33050, 15710, 11130, 10070, 10020, 7390, 3050], 'total': 18}, 'prev_value': None, 'change': True}
2026-03-04 13:58:08,388 : INFO : EventManager : Event: ======'machine_var_audits_shots_shot_bumper_lower'====== Args={'value': 35, 'prev_value': None, 'change': True}
2026-03-04 13:58:08,388 : INFO : EventManager : Event: ======'machine_var_audits_shots_shot_bumper_upper'====== Args={'value': 36, 'prev_value': None, 'change': True}
2026-03-04 13:58:08,388 : INFO : EventManager : Event: ======'machine_var_audits_shots_shot_inlane_left'====== Args={'value': 41, 'prev_value': None, 'change': True}
2026-03-04 13:58:08,388 : INFO : EventManager : Event: ======'machine_var_audits_shots_shot_inlane_right_1'====== Args={'value': 978, 'prev_value': None, 'change': True}
2026-03-04 13:58:08,388 : INFO : EventManager : Event: ======'machine_var_audits_shots_shot_inlane_right_2'====== Args={'value': 31, 'prev_value': None, 'change': True}
2026-03-04 13:58:08,388 : INFO : EventManager : Event: ======'machine_var_audits_shots_shot_scoop'====== Args={'value': 1, 'prev_value': None, 'change': True}
2026-03-04 13:58:08,389 : INFO : EventManager : Event: ======'machine_var_audits_shots_shot_sling_left'====== Args={'value': 583, 'prev_value': None, 'change': True}
2026-03-04 13:58:08,389 : INFO : EventManager : Event: ======'machine_var_audits_shots_shot_sling_right'====== Args={'value': 75, 'prev_value': None, 'change': True}
2026-03-04 13:58:08,389 : INFO : EventManager : Event: ======'machine_var_audits_shots_sling_left'====== Args={'value': 21, 'prev_value': None, 'change': True}
2026-03-04 13:58:08,389 : INFO : EventManager : Event: ======'machine_var_audits_shots_sling_right'====== Args={'value': 28, 'prev_value': None, 'change': True}
2026-03-04 13:58:08,389 : INFO : EventManager : Event: ======'machine_var_audits_switches_s_bumper_lower'====== Args={'value': 35, 'prev_value': None, 'change': True}
2026-03-04 13:58:08,389 : INFO : EventManager : Event: ======'machine_var_audits_switches_s_bumper_upper'====== Args={'value': 42, 'prev_value': None, 'change': True}
2026-03-04 13:58:08,389 : INFO : EventManager : Event: ======'machine_var_audits_switches_s_flipper_left'====== Args={'value': 738, 'prev_value': None, 'change': True}
2026-03-04 13:58:08,389 : INFO : EventManager : Event: ======'machine_var_audits_switches_s_flipper_left_eos'====== Args={'value': 631, 'prev_value': None, 'change': True}
2026-03-04 13:58:08,389 : INFO : EventManager : Event: ======'machine_var_audits_switches_s_flipper_right_lower'====== Args={'value': 1537, 'prev_value': None, 'change': True}
2026-03-04 13:58:08,389 : INFO : EventManager : Event: ======'machine_var_audits_switches_s_flipper_right_lower_eos'====== Args={'value': 728, 'prev_value': None, 'change': True}
2026-03-04 13:58:08,389 : INFO : EventManager : Event: ======'machine_var_audits_switches_s_flipper_right_upper'====== Args={'value': 1385, 'prev_value': None, 'change': True}
2026-03-04 13:58:08,389 : INFO : EventManager : Event: ======'machine_var_audits_switches_s_flipper_right_upper_eos'====== Args={'value': 837, 'prev_value': None, 'change': True}
2026-03-04 13:58:08,390 : INFO : EventManager : Event: ======'machine_var_audits_switches_s_inlane_left'====== Args={'value': 41, 'prev_value': None, 'change': True}
2026-03-04 13:58:08,390 : INFO : EventManager : Event: ======'machine_var_audits_switches_s_inlane_right_1'====== Args={'value': 1310, 'prev_value': None, 'change': True}
2026-03-04 13:58:08,390 : INFO : EventManager : Event: ======'machine_var_audits_switches_s_inlane_right_2'====== Args={'value': 31, 'prev_value': None, 'change': True}
2026-03-04 13:58:08,390 : INFO : EventManager : Event: ======'machine_var_audits_switches_s_plunger'====== Args={'value': 104, 'prev_value': None, 'change': True}
2026-03-04 13:58:08,390 : INFO : EventManager : Event: ======'machine_var_audits_switches_s_scoop_tina'====== Args={'value': 1, 'prev_value': None, 'change': True}
2026-03-04 13:58:08,390 : INFO : EventManager : Event: ======'machine_var_audits_switches_s_sling_left'====== Args={'value': 606, 'prev_value': None, 'change': True}
2026-03-04 13:58:08,390 : INFO : EventManager : Event: ======'machine_var_audits_switches_s_sling_right'====== Args={'value': 103, 'prev_value': None, 'change': True}
2026-03-04 13:58:08,390 : INFO : EventManager : Event: ======'machine_var_audits_switches_s_start'====== Args={'value': 9, 'prev_value': None, 'change': True}
2026-03-04 13:58:08,390 : INFO : EventManager : Event: ======'machine_var_audits_switches_s_trough_1'====== Args={'value': 87, 'prev_value': None, 'change': True}
2026-03-04 13:58:08,390 : INFO : EventManager : Event: ======'machine_var_audits_switches_s_trough_2'====== Args={'value': 97, 'prev_value': None, 'change': True}
2026-03-04 13:58:08,390 : INFO : EventManager : Event: ======'machine_var_audits_switches_s_trough_3'====== Args={'value': 107, 'prev_value': None, 'change': True}
2026-03-04 13:58:08,390 : INFO : EventManager : Event: ======'machine_var_audits_switches_s_trough_4'====== Args={'value': 116, 'prev_value': None, 'change': True}
2026-03-04 13:58:08,390 : INFO : EventManager : Event: ======'machine_var_audits_switches_s_trough_5'====== Args={'value': 123, 'prev_value': None, 'change': True}
2026-03-04 13:58:08,391 : INFO : EventManager : Event: ======'machine_var_audits_switches_s_trough_6'====== Args={'value': 119, 'prev_value': None, 'change': True}
2026-03-04 13:58:08,391 : INFO : EventManager : Event: ======'machine_var_audits_switches_s_trough_7'====== Args={'value': 97, 'prev_value': None, 'change': True}
2026-03-04 13:58:08,391 : INFO : EventManager : Event: ======'init_phase_5'====== Args={}
2026-03-04 13:58:08,392 : INFO : EventManager : Event: ======'init_done'====== Args={}
2026-03-04 13:58:08,392 : INFO : EventManager : Event: ======'machine_reset_phase_1'====== Args={}
2026-03-04 13:58:08,426 : INFO : EventManager : Event: ======'machine_reset_phase_2'====== Args={}
2026-03-04 13:58:08,426 : INFO : EventManager : Event: ======'machine_reset_phase_3'====== Args={}
2026-03-04 13:58:08,427 : INFO : EventManager : Event: ======'reset_complete'====== Args={}
2026-03-04 13:58:08,427 : INFO : EventManager : Event: ======'mode_attract_will_start'====== Args={}
2026-03-04 13:58:08,427 : INFO : Timer.attract_carousel_timer : Starting Timer.
2026-03-04 13:58:08,427 : INFO : EventManager : Event: ======'timer_attract_carousel_timer_started'====== Args={'ticks': 0, 'ticks_remaining': 1}
2026-03-04 13:58:08,428 : INFO : EventManager : Event: ======'timer_attract_carousel_timer_tick'====== Args={'ticks': 0, 'ticks_remaining': 1}
2026-03-04 13:58:08,429 : INFO : EventManager : Event: ======'mode_attract_starting'====== Args={}
2026-03-04 13:58:08,429 : INFO : Mode.attract : Started. Priority: 10
2026-03-04 13:58:08,429 : INFO : EventManager : Event: ======'modes_active_modes_changed'====== Args={}
2026-03-04 13:58:08,429 : INFO : EventManager : Event: ======'mode_attract_started'====== Args={}
2026-03-04 13:58:08,430 : INFO : EventManager : Event: ======'collecting_balls'====== Args={}
2026-03-04 13:58:08,430 : INFO : ball_device.bd_plunger : Adding 1 ball(s) to the eject_queue with target <playfield.playfield>.
2026-03-04 13:58:08,430 : INFO : EventManager : Event: ======'balldevice_balls_available'====== Args={}
2026-03-04 13:58:08,431 : INFO : EventManager : Event: ======'carousel_item_highlighted'====== Args={'carousel': 'attract', 'direction': None, 'item': 'title'}
2026-03-04 13:58:08,431 : INFO : EventManager : Event: ======'timer_attract_carousel_timer_tick'====== Args={'ticks': 0, 'ticks_remaining': 1}
2026-03-04 13:58:08,431 : INFO : Machine : Starting the main run loop with active modes: [<Mode.attract>]
2026-03-04 13:58:08,432 : INFO : ball_device.bd_plunger : State: waiting_for_target_ready
2026-03-04 13:58:08,432 : INFO : EventManager : Event: ======'balldevice_bd_plunger_ball_eject_attempt'====== Args={'balls': 1, 'target': <playfield.playfield>, 'source': <ball_device.bd_plunger>, 'mechanical_eject': False, 'num_attempts': 0}
2026-03-04 13:58:08,432 : INFO : ball_device.bd_plunger : State: ejecting
2026-03-04 13:58:08,432 : INFO : ball_device.bd_plunger : Ejecting ball to <playfield.playfield>
2026-03-04 13:58:08,432 : INFO : EventManager : Event: ======'balldevice_bd_plunger_ejecting_ball'====== Args={'balls': 1, 'target': <playfield.playfield>, 'source': <ball_device.bd_plunger>, 'mechanical_eject': False, 'num_attempts': 0}
2026-03-04 13:58:08,433 : INFO : ball_device.bd_plunger : Wait for ball to leave device
2026-03-04 13:58:08,644 : INFO : EventManager : Event: ======'slide_attract_created'====== Args={'_from_bcp': True}
2026-03-04 13:58:08,644 : INFO : EventManager : Event: ======'slide__removed'====== Args={'_from_bcp': True}
2026-03-04 13:58:08,645 : INFO : EventManager : Event: ======'slide_attract_active'====== Args={'original_context': 'attract', 'original_calling_context': 'mode_attract_started', 'priority': 10.0, 'cmd': 'slides_play', '_from_bcp': True}
2026-03-04 13:58:13,431 : INFO : Timer.attract_carousel_timer : Timer Complete
2026-03-04 13:58:13,431 : INFO : Timer.attract_carousel_timer : Stopping Timer
2026-03-04 13:58:13,431 : INFO : EventManager : Event: ======'timer_attract_carousel_timer_stopped'====== Args={'ticks': 1, 'ticks_remaining': 1}
2026-03-04 13:58:13,432 : INFO : EventManager : Event: ======'timer_attract_carousel_timer_complete'====== Args={'ticks': 1, 'ticks_remaining': 1}
2026-03-04 13:58:13,432 : INFO : EventManager : Event: ======'carousel_item_highlighted'====== Args={'carousel': 'attract', 'direction': 'forwards', 'item': 'credits'}
2026-03-04 13:58:13,432 : INFO : Timer.attract_carousel_timer : Starting Timer.
2026-03-04 13:58:13,432 : INFO : EventManager : Event: ======'timer_attract_carousel_timer_started'====== Args={'ticks': 0, 'ticks_remaining': 1}
2026-03-04 13:58:13,432 : INFO : EventManager : Event: ======'timer_attract_carousel_timer_tick'====== Args={'ticks': 0, 'ticks_remaining': 1}
2026-03-04 13:58:13,433 : INFO : EventManager : Event: ======'balldevice_bd_plunger_ball_eject_failed'====== Args={'target': <playfield.playfield>, 'balls': 1, 'retry': True, 'num_attempts': 1}
2026-03-04 13:58:13,434 : INFO : ball_device.bd_plunger : State: waiting_for_target_ready
2026-03-04 13:58:13,434 : INFO : EventManager : Event: ======'balldevice_bd_plunger_ball_eject_attempt'====== Args={'balls': 1, 'target': <playfield.playfield>, 'source': <ball_device.bd_plunger>, 'mechanical_eject': False, 'num_attempts': 1}
2026-03-04 13:58:13,434 : INFO : ball_device.bd_plunger : State: ejecting
2026-03-04 13:58:13,434 : INFO : ball_device.bd_plunger : Ejecting ball to <playfield.playfield>
2026-03-04 13:58:13,434 : INFO : EventManager : Event: ======'balldevice_bd_plunger_ejecting_ball'====== Args={'balls': 1, 'target': <playfield.playfield>, 'source': <ball_device.bd_plunger>, 'mechanical_eject': False, 'num_attempts': 1}
2026-03-04 13:58:13,435 : INFO : ball_device.bd_plunger : Wait for ball to leave device
2026-03-04 13:58:15,818 : INFO : SwitchController : <<<<<<< 's_plunger' inactive >>>>>>>
2026-03-04 13:58:15,818 : INFO : ball_device.bd_plunger : State: ball_left
2026-03-04 13:58:15,818 : INFO : ball_device.bd_plunger : Ball left
2026-03-04 13:58:15,818 : INFO : ball_device.bd_plunger : Wait for confirm with timeout 5.0
2026-03-04 13:58:16,321 : INFO : SwitchController : <<<<<<< 's_trough_5' active >>>>>>>
2026-03-04 13:58:16,727 : INFO : SwitchController : <<<<<<< 's_trough_5' inactive >>>>>>>
2026-03-04 13:58:16,744 : INFO : SwitchController : <<<<<<< 's_trough_4' active >>>>>>>
2026-03-04 13:58:16,866 : INFO : SwitchController : <<<<<<< 's_trough_4' inactive >>>>>>>
2026-03-04 13:58:16,883 : INFO : SwitchController : <<<<<<< 's_trough_3' active >>>>>>>
2026-03-04 13:58:16,970 : INFO : SwitchController : <<<<<<< 's_trough_3' inactive >>>>>>>
2026-03-04 13:58:16,979 : INFO : SwitchController : <<<<<<< 's_trough_2' active >>>>>>>
2026-03-04 13:58:17,055 : INFO : SwitchController : <<<<<<< 's_trough_2' inactive >>>>>>>
2026-03-04 13:58:17,061 : INFO : SwitchController : <<<<<<< 's_trough_1' active >>>>>>>
2026-03-04 13:58:17,562 : INFO : EventManager : Event: ======'balldevice_bd_trough_ball_count_changed'====== Args={'balls': 1}
2026-03-04 13:58:17,562 : INFO : ball_device.bd_trough : Received unexpected ball
2026-03-04 13:58:17,562 : INFO : EventManager : Event: ======'balldevice_captured_from_playfield'====== Args={'balls': 1}
2026-03-04 13:58:17,562 : INFO : EventManager : Event: ======'sw_playfield_active'====== Args={'balls': 1}
2026-03-04 13:58:17,563 : INFO : EventManager : Event: ======'playfield_active'====== Args={'source': None}
2026-03-04 13:58:17,563 : INFO : EventManager : Event: ======'playfield_ball_count_change'====== Args={'balls': -1, 'change': -1}
2026-03-04 13:58:17,563 : INFO : EventManager : Event: ======'balldevice_bd_trough_ball_enter'====== Args={'new_balls': 1, 'unclaimed_balls': 1, 'new_available_balls': 1, 'device': <ball_device.bd_trough>}
2026-03-04 13:58:17,563 : INFO : EventManager : Event: ======'ball_drain'====== Args={'device': <ball_device.bd_trough>, 'balls': 1}
2026-03-04 13:58:17,564 : INFO : EventManager : Event: ======'collecting_balls_complete'====== Args={}
2026-03-04 13:58:17,564 : INFO : ball_device.bd_plunger : Got eject confirm
2026-03-04 13:58:17,564 : INFO : ball_device.bd_plunger : Eject successful
2026-03-04 13:58:17,564 : INFO : EventManager : Event: ======'balldevice_bd_plunger_ball_eject_success'====== Args={'balls': 1, 'target': <playfield.playfield>}
2026-03-04 13:58:17,564 : INFO : EventManager : Event: ======'balldevice_balls_available'====== Args={}
2026-03-04 13:58:17,564 : INFO : EventManager : Event: ======'balldevice_bd_trough_ball_entered'====== Args={'new_balls': 1, 'device': <ball_device.bd_trough>}
2026-03-04 13:58:17,564 : INFO : EventManager : Event: ======'balldevice_playfield_ball_enter'====== Args={'new_balls': 1, 'unclaimed_balls': 1, 'device': <playfield.playfield>}
2026-03-04 13:58:17,564 : INFO : EventManager : Event: ======'playfield_ball_count_change'====== Args={'balls': 0, 'change': 1}
2026-03-04 13:58:17,565 : INFO : EventManager : Event: ======'balldevice_bd_plunger_ball_count_changed'====== Args={'balls': 0}
2026-03-04 13:58:17,565 : INFO : ball_device.bd_plunger : State: idle
2026-03-04 13:58:17,890 : INFO : SwitchController : <<<<<<< 's_start' active >>>>>>>
2026-03-04 13:58:18,046 : INFO : SwitchController : <<<<<<< 's_start' inactive >>>>>>>
2026-03-04 13:58:18,046 : INFO : EventManager : Event: ======'request_to_start_game'====== Args={}
2026-03-04 13:58:18,047 : INFO : EventManager : Event: ======'game_start'====== Args={'buttons': [], 'hold_time': 0.1561327419767622}
2026-03-04 13:58:18,047 : INFO : EventManager : Event: ======'mode_game_will_start'====== Args={'buttons': [], 'hold_time': 0.1561327419767622}
2026-03-04 13:58:18,048 : INFO : EventManager : Event: ======'mode_game_starting'====== Args={'buttons': [], 'hold_time': 0.1561327419767622}
2026-03-04 13:58:18,048 : INFO : EventManager : Event: ======'mode_attract_will_stop'====== Args={}
2026-03-04 13:58:18,048 : INFO : EventManager : Event: ======'mode_attract_stopping'====== Args={}
2026-03-04 13:58:18,048 : INFO : Mode.attract : Stopped.
2026-03-04 13:58:18,048 : INFO : EventManager : Event: ======'modes_active_modes_changed'====== Args={}
2026-03-04 13:58:18,049 : INFO : EventManager : Event: ======'mode_attract_stopped'====== Args={}
2026-03-04 13:58:18,049 : INFO : EventManager : Event: ======'clear'====== Args={'key': 'attract'}
2026-03-04 13:58:18,049 : INFO : Timer.attract_carousel_timer : Stopping Timer
2026-03-04 13:58:18,049 : INFO : EventManager : Event: ======'timer_attract_carousel_timer_stopped'====== Args={'ticks': 0, 'ticks_remaining': 1}
2026-03-04 13:58:18,050 : INFO : Mode.game : Started. Priority: 20
2026-03-04 13:58:18,050 : INFO : EventManager : Event: ======'modes_active_modes_changed'====== Args={}
2026-03-04 13:58:18,050 : INFO : EventManager : Event: ======'mode_game_started'====== Args={'buttons': [], 'hold_time': 0.1561327419767622}
2026-03-04 13:58:18,051 : INFO : EventManager : Event: ======'game_will_start'====== Args={}
2026-03-04 13:58:18,051 : INFO : EventManager : Event: ======'game_starting'====== Args={'game': <Mode.game>}
2026-03-04 13:58:18,052 : INFO : EventManager : Unordered handler for class <Auditor> on event game_ended with priority 1. Handlers: [RegisteredHandler(callback=<bound method Auditor.disable of <Auditor>>, priority=1, kwargs={}, key=UUID('2aab9625-18b1-4093-b6c0-27d1dee7b91d'), condition=None, blocking_facility=None), RegisteredHandler(callback=<bound method Auditor._save_audits of <Auditor>>, priority=1, kwargs={}, key=UUID('bde6a537-0582-41e3-bbd6-e613aedcdc68'), condition=None, blocking_facility=None)]. The order of those handlers is not defined and they will be executed in random order. This might lead to race conditions and potential bugs.
2026-03-04 13:58:18,052 : INFO : EventManager : Event: ======'player_add_request'====== Args={}
2026-03-04 13:58:18,053 : INFO : EventManager : Event: ======'player_will_add'====== Args={'number': 1}
2026-03-04 13:58:18,053 : INFO : EventManager : Event: ======'player_adding'====== Args={'player': <Player 1>, 'number': 1}
2026-03-04 13:58:18,053 : INFO : EventManager : Event: ======'player_added'====== Args={'player': <Player 1>, 'num': 1}
2026-03-04 13:58:18,053 : INFO : Mode.game : Player added successfully. Total players: 1
2026-03-04 13:58:18,053 : INFO : EventManager : Event: ======'player_index'====== Args={'value': 0, 'prev_value': 0, 'change': 0, 'player_num': 1}
2026-03-04 13:58:18,054 : INFO : EventManager : Event: ======'player_number'====== Args={'value': 1, 'prev_value': 1, 'change': 0, 'player_num': 1}
2026-03-04 13:58:18,054 : INFO : EventManager : Event: ======'player_score'====== Args={'value': 0, 'prev_value': 0, 'change': 0, 'player_num': 1}
2026-03-04 13:58:18,055 : INFO : EventManager : Event: ======'game_started'====== Args={}
2026-03-04 13:58:18,055 : INFO : EventManager : Event: ======'player_turn_will_start'====== Args={'player': <Player 1>, 'number': 1}
2026-03-04 13:58:18,056 : INFO : EventManager : Event: ======'player_turn_starting'====== Args={'player': <Player 1>, 'number': 1}
2026-03-04 13:58:18,076 : INFO : EventManager : Event: ======'player_ball'====== Args={'value': 1, 'prev_value': 0, 'change': 1, 'player_num': 1}
2026-03-04 13:58:18,076 : INFO : EventManager : Event: ======'player_turn_started'====== Args={'player': <Player 1>, 'number': 1}
2026-03-04 13:58:18,077 : INFO : EventManager : Event: ======'ball_will_start'====== Args={'player': 1, 'ball': 1, 'balls_remaining': 2, 'is_extra_ball': False}
2026-03-04 13:58:18,078 : INFO : EventManager : Event: ======'ball_starting'====== Args={'player': 1, 'ball': 1, 'balls_remaining': 2, 'is_extra_ball': False}
2026-03-04 13:58:18,078 : INFO : EventManager : Event: ======'mode_base_will_start'====== Args={'queue': <QueuedEvent>, 'player': 1, 'ball': 1, 'balls_remaining': 2, 'is_extra_ball': False}
2026-03-04 13:58:18,079 : INFO : EventManager : Event: ======'mode_base_starting'====== Args={'queue': <QueuedEvent>, 'player': 1, 'ball': 1, 'balls_remaining': 2, 'is_extra_ball': False}
2026-03-04 13:58:18,079 : INFO : Mode.base : Started. Priority: 100
2026-03-04 13:58:18,080 : INFO : EventManager : Event: ======'modes_active_modes_changed'====== Args={}
2026-03-04 13:58:18,080 : INFO : EventManager : Event: ======'mode_base_started'====== Args={'queue': <QueuedEvent>, 'player': 1, 'ball': 1, 'balls_remaining': 2, 'is_extra_ball': False}
2026-03-04 13:58:18,080 : INFO : EventManager : Event: ======'start_mode_bumpers'====== Args={'priority': 0}
2026-03-04 13:58:18,082 : INFO : EventManager : Event: ======'mode_bumpers_will_start'====== Args={'priority': 0}
2026-03-04 13:58:18,082 : INFO : EventManager : Event: ======'player_shot_shot_sling_left_enabled'====== Args={'value': True, 'prev_value': 0, 'change': 1, 'player_num': 1}
2026-03-04 13:58:18,083 : INFO : EventManager : Event: ======'player_shot_shot_sling_right_enabled'====== Args={'value': True, 'prev_value': 0, 'change': 1, 'player_num': 1}
2026-03-04 13:58:18,084 : INFO : EventManager : Event: ======'player_shot_shot_bumper_lower_enabled'====== Args={'value': True, 'prev_value': 0, 'change': 1, 'player_num': 1}
2026-03-04 13:58:18,084 : INFO : EventManager : Event: ======'player_shot_shot_bumper_upper_enabled'====== Args={'value': True, 'prev_value': 0, 'change': 1, 'player_num': 1}
2026-03-04 13:58:18,085 : INFO : EventManager : Event: ======'player_shot_shot_inlane_left_enabled'====== Args={'value': True, 'prev_value': 0, 'change': 1, 'player_num': 1}
2026-03-04 13:58:18,085 : INFO : EventManager : Event: ======'player_shot_shot_inlane_right_1_enabled'====== Args={'value': True, 'prev_value': 0, 'change': 1, 'player_num': 1}
2026-03-04 13:58:18,086 : INFO : EventManager : Event: ======'player_shot_shot_inlane_right_2_enabled'====== Args={'value': True, 'prev_value': 0, 'change': 1, 'player_num': 1}
2026-03-04 13:58:18,086 : INFO : EventManager : Event: ======'player_shot_shot_scoop_enabled'====== Args={'value': True, 'prev_value': 0, 'change': 1, 'player_num': 1}
2026-03-04 13:58:18,086 : INFO : EventManager : Event: ======'slings_complete'====== Args={'state': 'unlit'}
2026-03-04 13:58:18,086 : INFO : EventManager : Event: ======'slings_unlit_complete'====== Args={}
2026-03-04 13:58:18,087 : INFO : EventManager : Event: ======'bumpers_complete'====== Args={'state': 'unlit'}
2026-03-04 13:58:18,087 : INFO : EventManager : Event: ======'bumpers_unlit_complete'====== Args={}
2026-03-04 13:58:18,087 : INFO : EventManager : Event: ======'inlanes_complete'====== Args={'state': 'unlit'}
2026-03-04 13:58:18,087 : INFO : EventManager : Event: ======'inlanes_unlit_complete'====== Args={}
2026-03-04 13:58:18,089 : INFO : EventManager : Event: ======'mode_bumpers_starting'====== Args={'priority': 0}
2026-03-04 13:58:18,089 : INFO : Mode.bumpers : Started. Priority: 200
2026-03-04 13:58:18,089 : INFO : EventManager : Event: ======'modes_active_modes_changed'====== Args={}
2026-03-04 13:58:18,089 : INFO : EventManager : Event: ======'mode_bumpers_started'====== Args={'priority': 0}
2026-03-04 13:58:18,090 : INFO : EventManager : Event: ======'balls_in_play'====== Args={'balls': 1}
2026-03-04 13:58:18,090 : INFO : EventManager : Event: ======'ball_started'====== Args={'player': 1, 'ball': 1, 'balls_remaining': 2, 'is_extra_ball': False}
2026-03-04 13:58:18,100 : INFO : EventManager : Event: ======'single_player_ball_started'====== Args={}
2026-03-04 13:58:18,101 : INFO : EventManager : Event: ======'ball_start_target'====== Args={'target': 'playfield'}
2026-03-04 13:58:18,101 : INFO : ball_device.bd_plunger : Setting up player-controlled eject. Balls: 1, Target: <playfield.playfield>, player_controlled_eject_event: None
2026-03-04 13:58:18,102 : INFO : EventManager : Event: ======'balldevice_balls_available'====== Args={}
2026-03-04 13:58:18,103 : INFO : ball_device.bd_trough : State: waiting_for_target_ready
2026-03-04 13:58:18,104 : INFO : EventManager : Event: ======'balldevice_bd_trough_ball_eject_attempt'====== Args={'balls': 1, 'target': <ball_device.bd_plunger>, 'source': <ball_device.bd_trough>, 'mechanical_eject': True, 'num_attempts': 0}
2026-03-04 13:58:18,104 : INFO : ball_device.bd_plunger : State: waiting_for_ball
2026-03-04 13:58:18,104 : INFO : ball_device.bd_trough : State: ejecting
2026-03-04 13:58:18,104 : INFO : ball_device.bd_trough : Ejecting ball to <ball_device.bd_plunger>
2026-03-04 13:58:18,104 : INFO : EventManager : Event: ======'balldevice_bd_trough_ejecting_ball'====== Args={'balls': 1, 'target': <ball_device.bd_plunger>, 'source': <ball_device.bd_trough>, 'mechanical_eject': True, 'num_attempts': 0}
2026-03-04 13:58:18,105 : INFO : ball_device.bd_trough : Wait for ball to leave device
2026-03-04 13:58:18,105 : INFO : coil.c_trough_eject : Pulsing Driver for 20ms (1.0 pulse_power)
2026-03-04 13:58:18,116 : INFO : EventManager : Event: ======'slide_base_slide_created'====== Args={'_from_bcp': True}
2026-03-04 13:58:18,116 : INFO : EventManager : Event: ======'slide_attract_inactive'====== Args={'is_removing': True, '_from_bcp': True}
2026-03-04 13:58:18,117 : INFO : EventManager : Event: ======'slide_base_slide_active'====== Args={'original_context': 'base', 'original_calling_context': 'mode_base_started', 'priority': 100.0, 'queue': '<QueuedEvent>', 'player': 1.0, 'ball': 1.0, 'balls_remaining': 2.0, 'is_extra_ball': False, 'cmd': 'slides_play', '_from_bcp': True}
2026-03-04 13:58:18,117 : INFO : EventManager : Event: ======'slide_attract_removed'====== Args={'_from_bcp': True}
2026-03-04 13:58:18,133 : INFO : SwitchController : <<<<<<< 's_trough_1' inactive >>>>>>>
2026-03-04 13:58:18,133 : INFO : SwitchController : <<<<<<< 's_trough_7' active >>>>>>>
2026-03-04 13:58:18,133 : INFO : EventManager : Event: ======'machine_var_audits_switches_s_trough_7'====== Args={'value': 98, 'prev_value': 97, 'change': 1}
2026-03-04 13:58:18,134 : INFO : ball_device.bd_trough : State: ball_left
2026-03-04 13:58:18,134 : INFO : ball_device.bd_trough : Ball left
2026-03-04 13:58:18,135 : INFO : ball_device.bd_trough : Wait for confirm with timeout 3.0
2026-03-04 13:58:18,154 : INFO : SwitchController : <<<<<<< 's_trough_7' inactive >>>>>>>
2026-03-04 13:58:18,244 : INFO : SwitchController : <<<<<<< 's_plunger' active >>>>>>>
2026-03-04 13:58:18,245 : INFO : EventManager : Event: ======'machine_var_audits_switches_s_plunger'====== Args={'value': 105, 'prev_value': 104, 'change': 1}
2026-03-04 13:58:18,745 : INFO : ball_device.bd_plunger : Received ball from <ball_device.bd_trough>
2026-03-04 13:58:18,745 : INFO : EventManager : Event: ======'balldevice_bd_plunger_ball_enter'====== Args={'new_balls': 1, 'unclaimed_balls': 0, 'new_available_balls': 0, 'device': <ball_device.bd_plunger>}
2026-03-04 13:58:18,745 : INFO : EventManager : Event: ======'balldevice_bd_plunger_ball_entered'====== Args={'new_balls': 0, 'device': <ball_device.bd_plunger>}
2026-03-04 13:58:18,746 : INFO : EventManager : Event: ======'balldevice_bd_plunger_ball_count_changed'====== Args={'balls': 1}
2026-03-04 13:58:18,746 : INFO : ball_device.bd_trough : Got eject confirm
2026-03-04 13:58:18,746 : INFO : ball_device.bd_trough : Eject successful
2026-03-04 13:58:18,746 : INFO : EventManager : Event: ======'balldevice_bd_trough_ball_eject_success'====== Args={'balls': 1, 'target': <ball_device.bd_plunger>}
2026-03-04 13:58:18,746 : INFO : ball_device.bd_plunger : State: waiting_for_target_ready
2026-03-04 13:58:18,746 : INFO : EventManager : Event: ======'balldevice_bd_plunger_ball_eject_attempt'====== Args={'balls': 1, 'target': <playfield.playfield>, 'source': <ball_device.bd_plunger>, 'mechanical_eject': True, 'num_attempts': 0}
2026-03-04 13:58:18,746 : INFO : EventManager : Event: ======'balldevice_bd_trough_ball_count_changed'====== Args={'balls': 0}
2026-03-04 13:58:18,746 : INFO : ball_device.bd_trough : State: idle
2026-03-04 13:58:18,747 : INFO : ball_device.bd_plunger : State: ejecting
2026-03-04 13:58:18,747 : INFO : ball_device.bd_plunger : Ejecting ball to <playfield.playfield>
2026-03-04 13:58:18,747 : INFO : EventManager : Event: ======'balldevice_bd_plunger_ejecting_ball'====== Args={'balls': 1, 'target': <playfield.playfield>, 'source': <ball_device.bd_plunger>, 'mechanical_eject': True, 'num_attempts': 0}
2026-03-04 13:58:18,748 : INFO : ball_device.bd_plunger : Wait for ball to leave device
2026-03-04 13:58:19,498 : INFO : SwitchController : <<<<<<< 's_plunger' inactive >>>>>>>
2026-03-04 13:58:19,500 : INFO : ball_device.bd_plunger : State: ball_left
2026-03-04 13:58:19,500 : INFO : ball_device.bd_plunger : Ball left
2026-03-04 13:58:19,500 : INFO : ball_device.bd_plunger : Wait for confirm with timeout 5.0
2026-03-04 13:58:20,044 : INFO : SwitchController : <<<<<<< 's_flipper_right_lower' active >>>>>>>
2026-03-04 13:58:20,044 : INFO : EventManager : Event: ======'machine_var_audits_switches_s_flipper_right_lower'====== Args={'value': 1538, 'prev_value': 1537, 'change': 1}
2026-03-04 13:58:20,084 : INFO : SwitchController : <<<<<<< 's_flipper_right_upper' active >>>>>>>
2026-03-04 13:58:20,085 : INFO : EventManager : Event: ======'machine_var_audits_switches_s_flipper_right_upper'====== Args={'value': 1386, 'prev_value': 1385, 'change': 1}
2026-03-04 13:58:20,191 : INFO : SwitchController : <<<<<<< 's_flipper_right_upper' inactive >>>>>>>
2026-03-04 13:58:20,210 : INFO : SwitchController : <<<<<<< 's_flipper_right_lower' inactive >>>>>>>
2026-03-04 13:58:20,211 : INFO : SwitchController : <<<<<<< 's_flipper_left' active >>>>>>>
2026-03-04 13:58:20,211 : INFO : EventManager : Event: ======'machine_var_audits_switches_s_flipper_left'====== Args={'value': 739, 'prev_value': 738, 'change': 1}
2026-03-04 13:58:20,234 : INFO : SwitchController : <<<<<<< 's_flipper_left_eos' inactive >>>>>>>
2026-03-04 13:58:20,350 : INFO : SwitchController : <<<<<<< 's_flipper_left' inactive >>>>>>>
2026-03-04 13:58:20,438 : INFO : SwitchController : <<<<<<< 's_flipper_left_eos' active >>>>>>>
2026-03-04 13:58:20,438 : INFO : EventManager : Event: ======'machine_var_audits_switches_s_flipper_left_eos'====== Args={'value': 632, 'prev_value': 631, 'change': 1}
2026-03-04 13:58:20,574 : INFO : SwitchController : <<<<<<< 's_flipper_right_lower' active >>>>>>>
2026-03-04 13:58:20,575 : INFO : EventManager : Event: ======'machine_var_audits_switches_s_flipper_right_lower'====== Args={'value': 1539, 'prev_value': 1538, 'change': 1}
2026-03-04 13:58:20,581 : INFO : SwitchController : <<<<<<< 's_flipper_right_upper' active >>>>>>>
2026-03-04 13:58:20,581 : INFO : EventManager : Event: ======'machine_var_audits_switches_s_flipper_right_upper'====== Args={'value': 1387, 'prev_value': 1386, 'change': 1}
2026-03-04 13:58:20,669 : INFO : SwitchController : <<<<<<< 's_flipper_right_upper' inactive >>>>>>>
2026-03-04 13:58:20,692 : INFO : SwitchController : <<<<<<< 's_flipper_right_lower' inactive >>>>>>>
2026-03-04 13:58:24,501 : INFO : ball_device.bd_plunger : State: failed_confirm
2026-03-04 13:58:24,501 : INFO : ball_device.bd_plunger : Got timeout (5.0s) before confirm from <playfield.playfield>
2026-03-04 13:58:24,603 : INFO : ball_device.bd_plunger : Confirming eject because target is playfield and ball did not return.
2026-03-04 13:58:24,603 : INFO : ball_device.bd_plunger : Eject successful
2026-03-04 13:58:24,603 : INFO : EventManager : Event: ======'balldevice_bd_plunger_ball_eject_success'====== Args={'balls': 1, 'target': <playfield.playfield>}
2026-03-04 13:58:24,603 : INFO : EventManager : Event: ======'balldevice_playfield_ball_enter'====== Args={'new_balls': 1, 'unclaimed_balls': 1, 'device': <playfield.playfield>}
2026-03-04 13:58:24,604 : INFO : EventManager : Event: ======'playfield_ball_count_change'====== Args={'balls': 1, 'change': 1}
2026-03-04 13:58:24,604 : INFO : EventManager : Event: ======'balldevice_bd_plunger_ball_count_changed'====== Args={'balls': 0}
2026-03-04 13:58:24,604 : INFO : ball_device.bd_plunger : State: idle
2026-03-04 13:58:25,630 : INFO : SwitchController : <<<<<<< 's_flipper_right_lower' active >>>>>>>
2026-03-04 13:58:25,630 : INFO : EventManager : Event: ======'machine_var_audits_switches_s_flipper_right_lower'====== Args={'value': 1540, 'prev_value': 1539, 'change': 1}
2026-03-04 13:58:25,630 : INFO : SwitchController : <<<<<<< 's_flipper_right_upper' active >>>>>>>
2026-03-04 13:58:25,630 : INFO : EventManager : Event: ======'machine_var_audits_switches_s_flipper_right_upper'====== Args={'value': 1388, 'prev_value': 1387, 'change': 1}
2026-03-04 13:58:26,159 : INFO : SwitchController : <<<<<<< 's_flipper_right_lower' inactive >>>>>>>
2026-03-04 13:58:26,160 : INFO : SwitchController : <<<<<<< 's_flipper_right_upper' inactive >>>>>>>
2026-03-04 13:58:26,249 : INFO : SwitchController : <<<<<<< 's_flipper_left' active >>>>>>>
2026-03-04 13:58:26,249 : INFO : EventManager : Event: ======'machine_var_audits_switches_s_flipper_left'====== Args={'value': 740, 'prev_value': 739, 'change': 1}
2026-03-04 13:58:26,271 : INFO : SwitchController : <<<<<<< 's_flipper_left_eos' inactive >>>>>>>
2026-03-04 13:58:26,497 : INFO : SwitchController : <<<<<<< 's_flipper_left' inactive >>>>>>>
2026-03-04 13:58:26,586 : INFO : SwitchController : <<<<<<< 's_flipper_left_eos' active >>>>>>>
2026-03-04 13:58:26,586 : INFO : EventManager : Event: ======'machine_var_audits_switches_s_flipper_left_eos'====== Args={'value': 633, 'prev_value': 632, 'change': 1}
2026-03-04 13:58:26,674 : INFO : SwitchController : <<<<<<< 's_flipper_right_lower' active >>>>>>>
2026-03-04 13:58:26,674 : INFO : EventManager : Event: ======'machine_var_audits_switches_s_flipper_right_lower'====== Args={'value': 1541, 'prev_value': 1540, 'change': 1}
2026-03-04 13:58:26,679 : INFO : SwitchController : <<<<<<< 's_flipper_right_upper' active >>>>>>>
2026-03-04 13:58:26,679 : INFO : EventManager : Event: ======'machine_var_audits_switches_s_flipper_right_upper'====== Args={'value': 1389, 'prev_value': 1388, 'change': 1}
2026-03-04 13:58:26,838 : INFO : SwitchController : <<<<<<< 's_flipper_right_upper' inactive >>>>>>>
2026-03-04 13:58:26,861 : INFO : SwitchController : <<<<<<< 's_flipper_right_lower' inactive >>>>>>>
2026-03-04 13:58:28,067 : INFO : SwitchController : <<<<<<< 's_flipper_right_lower' active >>>>>>>
2026-03-04 13:58:28,067 : INFO : EventManager : Event: ======'machine_var_audits_switches_s_flipper_right_lower'====== Args={'value': 1542, 'prev_value': 1541, 'change': 1}
2026-03-04 13:58:28,071 : INFO : SwitchController : <<<<<<< 's_flipper_right_upper' active >>>>>>>
2026-03-04 13:58:28,072 : INFO : EventManager : Event: ======'machine_var_audits_switches_s_flipper_right_upper'====== Args={'value': 1390, 'prev_value': 1389, 'change': 1}
2026-03-04 13:58:28,179 : INFO : SwitchController : <<<<<<< 's_flipper_right_upper' inactive >>>>>>>
2026-03-04 13:58:28,199 : INFO : SwitchController : <<<<<<< 's_flipper_right_lower' inactive >>>>>>>
2026-03-04 13:58:28,634 : INFO : SwitchController : <<<<<<< 's_inlane_right_2' active >>>>>>>
2026-03-04 13:58:28,634 : INFO : EventManager : Event: ======'s_inlane_right_2_active'====== Args={}
2026-03-04 13:58:28,634 : INFO : EventManager : Event: ======'sw_playfield_active'====== Args={}
2026-03-04 13:58:28,634 : INFO : EventManager : Event: ======'machine_var_audits_switches_s_inlane_right_2'====== Args={'value': 32, 'prev_value': 31, 'change': 1}
2026-03-04 13:58:28,635 : INFO : EventManager : Event: ======'player_shot_shot_inlane_right_2'====== Args={'value': 1, 'prev_value': 0, 'change': 1, 'player_num': 1}
2026-03-04 13:58:28,636 : INFO : EventManager : Event: ======'machine_var_audits_shots_shot_inlane_right_2'====== Args={'value': 32, 'prev_value': 31, 'change': 1}
2026-03-04 13:58:28,636 : INFO : EventManager : Event: ======'shot_inlane_right_2_hit'====== Args={'profile': 'default', 'state': 'unlit', 'advancing': True}
2026-03-04 13:58:28,636 : INFO : EventManager : Event: ======'shot_inlane_right_2_default_hit'====== Args={'profile': 'default', 'state': 'unlit', 'advancing': True}
2026-03-04 13:58:28,636 : INFO : EventManager : Event: ======'shot_inlane_right_2_default_unlit_hit'====== Args={'profile': 'default', 'state': 'unlit', 'advancing': True}
2026-03-04 13:58:28,637 : INFO : EventManager : Event: ======'shot_inlane_right_2_unlit_hit'====== Args={'profile': 'default', 'state': 'unlit', 'advancing': True}
2026-03-04 13:58:28,637 : INFO : EventManager : Event: ======'inlanes_hit'====== Args={'shot': 'shot_inlane_right_2'}
2026-03-04 13:58:28,637 : INFO : EventManager : Event: ======'inlanes_unlit_hit'====== Args={'shot': 'shot_inlane_right_2'}
2026-03-04 13:58:28,637 : INFO : EventManager : Event: ======'player_initial_value'====== Args={'value': 0, 'prev_value': 0, 'change': 0, 'player_num': 1, 'source': 'bumpers'}
2026-03-04 13:58:28,638 : INFO : EventManager : Event: ======'player_score'====== Args={'value': 10, 'prev_value': 0, 'change': 10, 'player_num': 1, 'source': 'bumpers'}
2026-03-04 13:58:28,709 : INFO : SwitchController : <<<<<<< 's_inlane_right_2' inactive >>>>>>>
2026-03-04 13:58:30,193 : INFO : SwitchController : <<<<<<< 's_sling_left' active >>>>>>>
2026-03-04 13:58:30,194 : INFO : EventManager : Event: ======'s_sling_left_active'====== Args={}
2026-03-04 13:58:30,194 : INFO : EventManager : Event: ======'machine_var_audits_switches_s_sling_left'====== Args={'value': 607, 'prev_value': 606, 'change': 1}
2026-03-04 13:58:30,195 : INFO : EventManager : Event: ======'player_shot_shot_sling_left'====== Args={'value': 1, 'prev_value': 0, 'change': 1, 'player_num': 1}
2026-03-04 13:58:30,195 : INFO : EventManager : Event: ======'machine_var_audits_shots_shot_sling_left'====== Args={'value': 584, 'prev_value': 583, 'change': 1}
2026-03-04 13:58:30,202 : INFO : EventManager : Event: ======'shot_sling_left_hit'====== Args={'profile': 'default', 'state': 'unlit', 'advancing': True}
2026-03-04 13:58:30,202 : INFO : EventManager : Event: ======'shot_sling_left_default_hit'====== Args={'profile': 'default', 'state': 'unlit', 'advancing': True}
2026-03-04 13:58:30,202 : INFO : EventManager : Event: ======'shot_sling_left_default_unlit_hit'====== Args={'profile': 'default', 'state': 'unlit', 'advancing': True}
2026-03-04 13:58:30,202 : INFO : EventManager : Event: ======'shot_sling_left_unlit_hit'====== Args={'profile': 'default', 'state': 'unlit', 'advancing': True}
2026-03-04 13:58:30,203 : INFO : EventManager : Event: ======'slings_hit'====== Args={'shot': 'shot_sling_left'}
2026-03-04 13:58:30,203 : INFO : EventManager : Event: ======'slings_unlit_hit'====== Args={'shot': 'shot_sling_left'}
2026-03-04 13:58:30,203 : INFO : EventManager : Event: ======'player_score'====== Args={'value': 1010, 'prev_value': 10, 'change': 1000, 'player_num': 1, 'source': 'bumpers'}
2026-03-04 13:58:30,217 : INFO : SwitchController : <<<<<<< 's_sling_left' inactive >>>>>>>
2026-03-04 13:58:33,208 : INFO : SwitchController : <<<<<<< 's_sling_left' active >>>>>>>
2026-03-04 13:58:33,209 : INFO : EventManager : Event: ======'s_sling_left_active'====== Args={}
2026-03-04 13:58:33,209 : INFO : EventManager : Event: ======'machine_var_audits_switches_s_sling_left'====== Args={'value': 608, 'prev_value': 607, 'change': 1}
2026-03-04 13:58:33,209 : INFO : EventManager : Event: ======'machine_var_audits_shots_shot_sling_left'====== Args={'value': 585, 'prev_value': 584, 'change': 1}
2026-03-04 13:58:33,210 : INFO : EventManager : Event: ======'shot_sling_left_hit'====== Args={'profile': 'default', 'state': 'lit', 'advancing': False}
2026-03-04 13:58:33,210 : INFO : EventManager : Event: ======'shot_sling_left_default_hit'====== Args={'profile': 'default', 'state': 'lit', 'advancing': False}
2026-03-04 13:58:33,210 : INFO : EventManager : Event: ======'shot_sling_left_default_lit_hit'====== Args={'profile': 'default', 'state': 'lit', 'advancing': False}
2026-03-04 13:58:33,210 : INFO : EventManager : Event: ======'shot_sling_left_lit_hit'====== Args={'profile': 'default', 'state': 'lit', 'advancing': False}
2026-03-04 13:58:33,210 : INFO : EventManager : Event: ======'slings_hit'====== Args={'shot': 'shot_sling_left'}
2026-03-04 13:58:33,210 : INFO : EventManager : Event: ======'slings_lit_hit'====== Args={'shot': 'shot_sling_left'}
2026-03-04 13:58:33,210 : INFO : EventManager : Event: ======'player_score'====== Args={'value': 2010, 'prev_value': 1010, 'change': 1000, 'player_num': 1, 'source': 'bumpers'}
2026-03-04 13:58:33,232 : INFO : SwitchController : <<<<<<< 's_sling_left' inactive >>>>>>>
2026-03-04 13:58:35,376 : INFO : SwitchController : <<<<<<< 's_sling_left' active >>>>>>>
2026-03-04 13:58:35,377 : INFO : EventManager : Event: ======'s_sling_left_active'====== Args={}
2026-03-04 13:58:35,377 : INFO : EventManager : Event: ======'machine_var_audits_switches_s_sling_left'====== Args={'value': 609, 'prev_value': 608, 'change': 1}
2026-03-04 13:58:35,378 : INFO : EventManager : Event: ======'machine_var_audits_shots_shot_sling_left'====== Args={'value': 586, 'prev_value': 585, 'change': 1}
2026-03-04 13:58:35,384 : INFO : EventManager : Event: ======'shot_sling_left_hit'====== Args={'profile': 'default', 'state': 'lit', 'advancing': False}
2026-03-04 13:58:35,384 : INFO : EventManager : Event: ======'shot_sling_left_default_hit'====== Args={'profile': 'default', 'state': 'lit', 'advancing': False}
2026-03-04 13:58:35,384 : INFO : EventManager : Event: ======'shot_sling_left_default_lit_hit'====== Args={'profile': 'default', 'state': 'lit', 'advancing': False}
2026-03-04 13:58:35,384 : INFO : EventManager : Event: ======'shot_sling_left_lit_hit'====== Args={'profile': 'default', 'state': 'lit', 'advancing': False}
2026-03-04 13:58:35,384 : INFO : EventManager : Event: ======'slings_hit'====== Args={'shot': 'shot_sling_left'}
2026-03-04 13:58:35,384 : INFO : EventManager : Event: ======'slings_lit_hit'====== Args={'shot': 'shot_sling_left'}
2026-03-04 13:58:35,384 : INFO : EventManager : Event: ======'player_score'====== Args={'value': 3010, 'prev_value': 2010, 'change': 1000, 'player_num': 1, 'source': 'bumpers'}
2026-03-04 13:58:35,400 : INFO : SwitchController : <<<<<<< 's_sling_left' inactive >>>>>>>
2026-03-04 13:58:41,199 : INFO : SwitchController : <<<<<<< 's_sling_right' active >>>>>>>
2026-03-04 13:58:41,199 : INFO : EventManager : Event: ======'s_sling_right_active'====== Args={}
2026-03-04 13:58:41,199 : INFO : EventManager : Event: ======'machine_var_audits_switches_s_sling_right'====== Args={'value': 104, 'prev_value': 103, 'change': 1}
2026-03-04 13:58:41,200 : INFO : EventManager : Event: ======'player_shot_shot_sling_right'====== Args={'value': 1, 'prev_value': 0, 'change': 1, 'player_num': 1}
2026-03-04 13:58:41,201 : INFO : EventManager : Event: ======'machine_var_audits_shots_shot_sling_right'====== Args={'value': 76, 'prev_value': 75, 'change': 1}
2026-03-04 13:58:41,201 : INFO : EventManager : Event: ======'shot_sling_right_hit'====== Args={'profile': 'default', 'state': 'unlit', 'advancing': True}
2026-03-04 13:58:41,201 : INFO : EventManager : Event: ======'shot_sling_right_default_hit'====== Args={'profile': 'default', 'state': 'unlit', 'advancing': True}
2026-03-04 13:58:41,201 : INFO : EventManager : Event: ======'shot_sling_right_default_unlit_hit'====== Args={'profile': 'default', 'state': 'unlit', 'advancing': True}
2026-03-04 13:58:41,201 : INFO : EventManager : Event: ======'shot_sling_right_unlit_hit'====== Args={'profile': 'default', 'state': 'unlit', 'advancing': True}
2026-03-04 13:58:41,201 : INFO : EventManager : Event: ======'slings_complete'====== Args={'state': 'lit'}
2026-03-04 13:58:41,201 : INFO : EventManager : Event: ======'slings_lit_complete'====== Args={}
2026-03-04 13:58:41,201 : INFO : EventManager : Event: ======'slings_hit'====== Args={'shot': 'shot_sling_right'}
2026-03-04 13:58:41,201 : INFO : EventManager : Event: ======'slings_unlit_hit'====== Args={'shot': 'shot_sling_right'}
2026-03-04 13:58:41,201 : INFO : EventManager : Event: ======'player_score'====== Args={'value': 4010, 'prev_value': 3010, 'change': 1000, 'player_num': 1, 'source': 'bumpers'}
2026-03-04 13:58:41,222 : INFO : SwitchController : <<<<<<< 's_sling_right' inactive >>>>>>>
2026-03-04 13:58:41,232 : INFO : SwitchController : <<<<<<< 's_sling_right' active >>>>>>>
2026-03-04 13:58:41,232 : INFO : EventManager : Event: ======'s_sling_right_active'====== Args={}
2026-03-04 13:58:41,232 : INFO : EventManager : Event: ======'machine_var_audits_switches_s_sling_right'====== Args={'value': 105, 'prev_value': 104, 'change': 1}
2026-03-04 13:58:41,233 : INFO : EventManager : Event: ======'machine_var_audits_shots_shot_sling_right'====== Args={'value': 77, 'prev_value': 76, 'change': 1}
2026-03-04 13:58:41,233 : INFO : EventManager : Event: ======'shot_sling_right_hit'====== Args={'profile': 'default', 'state': 'lit', 'advancing': False}
2026-03-04 13:58:41,233 : INFO : EventManager : Event: ======'shot_sling_right_default_hit'====== Args={'profile': 'default', 'state': 'lit', 'advancing': False}
2026-03-04 13:58:41,233 : INFO : EventManager : Event: ======'shot_sling_right_default_lit_hit'====== Args={'profile': 'default', 'state': 'lit', 'advancing': False}
2026-03-04 13:58:41,233 : INFO : EventManager : Event: ======'shot_sling_right_lit_hit'====== Args={'profile': 'default', 'state': 'lit', 'advancing': False}
2026-03-04 13:58:41,233 : INFO : EventManager : Event: ======'slings_hit'====== Args={'shot': 'shot_sling_right'}
2026-03-04 13:58:41,233 : INFO : EventManager : Event: ======'slings_lit_hit'====== Args={'shot': 'shot_sling_right'}
2026-03-04 13:58:41,233 : INFO : EventManager : Event: ======'player_score'====== Args={'value': 5010, 'prev_value': 4010, 'change': 1000, 'player_num': 1, 'source': 'bumpers'}
2026-03-04 13:58:41,245 : INFO : SwitchController : <<<<<<< 's_sling_right' inactive >>>>>>>
2026-03-04 13:58:41,737 : INFO : SwitchController : <<<<<<< 's_sling_right' active >>>>>>>
2026-03-04 13:58:41,737 : INFO : EventManager : Event: ======'s_sling_right_active'====== Args={}
2026-03-04 13:58:41,737 : INFO : EventManager : Event: ======'machine_var_audits_switches_s_sling_right'====== Args={'value': 106, 'prev_value': 105, 'change': 1}
2026-03-04 13:58:41,737 : INFO : EventManager : Event: ======'machine_var_audits_shots_shot_sling_right'====== Args={'value': 78, 'prev_value': 77, 'change': 1}
2026-03-04 13:58:41,738 : INFO : EventManager : Event: ======'shot_sling_right_hit'====== Args={'profile': 'default', 'state': 'lit', 'advancing': False}
2026-03-04 13:58:41,738 : INFO : EventManager : Event: ======'shot_sling_right_default_hit'====== Args={'profile': 'default', 'state': 'lit', 'advancing': False}
2026-03-04 13:58:41,738 : INFO : EventManager : Event: ======'shot_sling_right_default_lit_hit'====== Args={'profile': 'default', 'state': 'lit', 'advancing': False}
2026-03-04 13:58:41,738 : INFO : EventManager : Event: ======'shot_sling_right_lit_hit'====== Args={'profile': 'default', 'state': 'lit', 'advancing': False}
2026-03-04 13:58:41,738 : INFO : EventManager : Event: ======'slings_hit'====== Args={'shot': 'shot_sling_right'}
2026-03-04 13:58:41,738 : INFO : EventManager : Event: ======'slings_lit_hit'====== Args={'shot': 'shot_sling_right'}
2026-03-04 13:58:41,738 : INFO : EventManager : Event: ======'player_score'====== Args={'value': 6010, 'prev_value': 5010, 'change': 1000, 'player_num': 1, 'source': 'bumpers'}
2026-03-04 13:58:41,756 : INFO : SwitchController : <<<<<<< 's_sling_right' inactive >>>>>>>
2026-03-04 13:58:42,422 : INFO : SwitchController : <<<<<<< 's_sling_right' active >>>>>>>
2026-03-04 13:58:42,422 : INFO : EventManager : Event: ======'s_sling_right_active'====== Args={}
2026-03-04 13:58:42,423 : INFO : EventManager : Event: ======'machine_var_audits_switches_s_sling_right'====== Args={'value': 107, 'prev_value': 106, 'change': 1}
2026-03-04 13:58:42,423 : INFO : EventManager : Event: ======'machine_var_audits_shots_shot_sling_right'====== Args={'value': 79, 'prev_value': 78, 'change': 1}
2026-03-04 13:58:42,423 : INFO : EventManager : Event: ======'shot_sling_right_hit'====== Args={'profile': 'default', 'state': 'lit', 'advancing': False}
2026-03-04 13:58:42,423 : INFO : EventManager : Event: ======'shot_sling_right_default_hit'====== Args={'profile': 'default', 'state': 'lit', 'advancing': False}
2026-03-04 13:58:42,424 : INFO : EventManager : Event: ======'shot_sling_right_default_lit_hit'====== Args={'profile': 'default', 'state': 'lit', 'advancing': False}
2026-03-04 13:58:42,424 : INFO : EventManager : Event: ======'shot_sling_right_lit_hit'====== Args={'profile': 'default', 'state': 'lit', 'advancing': False}
2026-03-04 13:58:42,424 : INFO : EventManager : Event: ======'slings_hit'====== Args={'shot': 'shot_sling_right'}
2026-03-04 13:58:42,424 : INFO : EventManager : Event: ======'slings_lit_hit'====== Args={'shot': 'shot_sling_right'}
2026-03-04 13:58:42,424 : INFO : EventManager : Event: ======'player_score'====== Args={'value': 7010, 'prev_value': 6010, 'change': 1000, 'player_num': 1, 'source': 'bumpers'}
2026-03-04 13:58:42,443 : INFO : SwitchController : <<<<<<< 's_sling_right' inactive >>>>>>>
2026-03-04 13:58:45,697 : INFO : SwitchController : <<<<<<< 's_sling_right' active >>>>>>>
2026-03-04 13:58:45,697 : INFO : EventManager : Event: ======'s_sling_right_active'====== Args={}
2026-03-04 13:58:45,697 : INFO : EventManager : Event: ======'machine_var_audits_switches_s_sling_right'====== Args={'value': 108, 'prev_value': 107, 'change': 1}
2026-03-04 13:58:45,698 : INFO : EventManager : Event: ======'machine_var_audits_shots_shot_sling_right'====== Args={'value': 80, 'prev_value': 79, 'change': 1}
2026-03-04 13:58:45,698 : INFO : EventManager : Event: ======'shot_sling_right_hit'====== Args={'profile': 'default', 'state': 'lit', 'advancing': False}
2026-03-04 13:58:45,699 : INFO : EventManager : Event: ======'shot_sling_right_default_hit'====== Args={'profile': 'default', 'state': 'lit', 'advancing': False}
2026-03-04 13:58:45,699 : INFO : EventManager : Event: ======'shot_sling_right_default_lit_hit'====== Args={'profile': 'default', 'state': 'lit', 'advancing': False}
2026-03-04 13:58:45,699 : INFO : EventManager : Event: ======'shot_sling_right_lit_hit'====== Args={'profile': 'default', 'state': 'lit', 'advancing': False}
2026-03-04 13:58:45,699 : INFO : EventManager : Event: ======'slings_hit'====== Args={'shot': 'shot_sling_right'}
2026-03-04 13:58:45,699 : INFO : EventManager : Event: ======'slings_lit_hit'====== Args={'shot': 'shot_sling_right'}
2026-03-04 13:58:45,699 : INFO : EventManager : Event: ======'player_score'====== Args={'value': 8010, 'prev_value': 7010, 'change': 1000, 'player_num': 1, 'source': 'bumpers'}
2026-03-04 13:58:45,721 : INFO : SwitchController : <<<<<<< 's_sling_right' inactive >>>>>>>
2026-03-04 13:58:49,765 : INFO : SwitchController : <<<<<<< 's_sling_left' active >>>>>>>
2026-03-04 13:58:49,766 : INFO : EventManager : Event: ======'s_sling_left_active'====== Args={}
2026-03-04 13:58:49,766 : INFO : EventManager : Event: ======'machine_var_audits_switches_s_sling_left'====== Args={'value': 610, 'prev_value': 609, 'change': 1}
2026-03-04 13:58:49,766 : INFO : EventManager : Event: ======'machine_var_audits_shots_shot_sling_left'====== Args={'value': 587, 'prev_value': 586, 'change': 1}
2026-03-04 13:58:49,775 : INFO : EventManager : Event: ======'shot_sling_left_hit'====== Args={'profile': 'default', 'state': 'lit', 'advancing': False}
2026-03-04 13:58:49,775 : INFO : EventManager : Event: ======'shot_sling_left_default_hit'====== Args={'profile': 'default', 'state': 'lit', 'advancing': False}
2026-03-04 13:58:49,775 : INFO : EventManager : Event: ======'shot_sling_left_default_lit_hit'====== Args={'profile': 'default', 'state': 'lit', 'advancing': False}
2026-03-04 13:58:49,775 : INFO : EventManager : Event: ======'shot_sling_left_lit_hit'====== Args={'profile': 'default', 'state': 'lit', 'advancing': False}
2026-03-04 13:58:49,775 : INFO : EventManager : Event: ======'slings_hit'====== Args={'shot': 'shot_sling_left'}
2026-03-04 13:58:49,776 : INFO : EventManager : Event: ======'slings_lit_hit'====== Args={'shot': 'shot_sling_left'}
2026-03-04 13:58:49,776 : INFO : EventManager : Event: ======'player_score'====== Args={'value': 9010, 'prev_value': 8010, 'change': 1000, 'player_num': 1, 'source': 'bumpers'}
2026-03-04 13:58:49,787 : INFO : SwitchController : <<<<<<< 's_sling_left' inactive >>>>>>>
2026-03-04 13:58:50,933 : INFO : SwitchController : <<<<<<< 's_sling_left' active >>>>>>>
2026-03-04 13:58:50,933 : INFO : EventManager : Event: ======'s_sling_left_active'====== Args={}
2026-03-04 13:58:50,933 : INFO : EventManager : Event: ======'machine_var_audits_switches_s_sling_left'====== Args={'value': 611, 'prev_value': 610, 'change': 1}
2026-03-04 13:58:50,934 : INFO : EventManager : Event: ======'machine_var_audits_shots_shot_sling_left'====== Args={'value': 588, 'prev_value': 587, 'change': 1}
2026-03-04 13:58:50,935 : INFO : EventManager : Event: ======'shot_sling_left_hit'====== Args={'profile': 'default', 'state': 'lit', 'advancing': False}
2026-03-04 13:58:50,935 : INFO : EventManager : Event: ======'shot_sling_left_default_hit'====== Args={'profile': 'default', 'state': 'lit', 'advancing': False}
2026-03-04 13:58:50,935 : INFO : EventManager : Event: ======'shot_sling_left_default_lit_hit'====== Args={'profile': 'default', 'state': 'lit', 'advancing': False}
2026-03-04 13:58:50,935 : INFO : EventManager : Event: ======'shot_sling_left_lit_hit'====== Args={'profile': 'default', 'state': 'lit', 'advancing': False}
2026-03-04 13:58:50,935 : INFO : EventManager : Event: ======'slings_hit'====== Args={'shot': 'shot_sling_left'}
2026-03-04 13:58:50,935 : INFO : EventManager : Event: ======'slings_lit_hit'====== Args={'shot': 'shot_sling_left'}
2026-03-04 13:58:50,935 : INFO : EventManager : Event: ======'player_score'====== Args={'value': 10010, 'prev_value': 9010, 'change': 1000, 'player_num': 1, 'source': 'bumpers'}
2026-03-04 13:58:50,953 : INFO : SwitchController : <<<<<<< 's_sling_left' inactive >>>>>>>
2026-03-04 13:58:52,490 : INFO : SwitchController : <<<<<<< 's_sling_left' active >>>>>>>
2026-03-04 13:58:52,491 : INFO : EventManager : Event: ======'s_sling_left_active'====== Args={}
2026-03-04 13:58:52,491 : INFO : EventManager : Event: ======'machine_var_audits_switches_s_sling_left'====== Args={'value': 612, 'prev_value': 611, 'change': 1}
2026-03-04 13:58:52,491 : INFO : EventManager : Event: ======'machine_var_audits_shots_shot_sling_left'====== Args={'value': 589, 'prev_value': 588, 'change': 1}
2026-03-04 13:58:52,492 : INFO : EventManager : Event: ======'shot_sling_left_hit'====== Args={'profile': 'default', 'state': 'lit', 'advancing': False}
2026-03-04 13:58:52,492 : INFO : EventManager : Event: ======'shot_sling_left_default_hit'====== Args={'profile': 'default', 'state': 'lit', 'advancing': False}
2026-03-04 13:58:52,492 : INFO : EventManager : Event: ======'shot_sling_left_default_lit_hit'====== Args={'profile': 'default', 'state': 'lit', 'advancing': False}
2026-03-04 13:58:52,492 : INFO : EventManager : Event: ======'shot_sling_left_lit_hit'====== Args={'profile': 'default', 'state': 'lit', 'advancing': False}
2026-03-04 13:58:52,492 : INFO : EventManager : Event: ======'slings_hit'====== Args={'shot': 'shot_sling_left'}
2026-03-04 13:58:52,492 : INFO : EventManager : Event: ======'slings_lit_hit'====== Args={'shot': 'shot_sling_left'}
2026-03-04 13:58:52,492 : INFO : EventManager : Event: ======'player_score'====== Args={'value': 11010, 'prev_value': 10010, 'change': 1000, 'player_num': 1, 'source': 'bumpers'}
2026-03-04 13:58:52,511 : INFO : SwitchController : <<<<<<< 's_sling_left' inactive >>>>>>>
2026-03-04 13:58:56,094 : INFO : SwitchController : <<<<<<< 's_trough_6' active >>>>>>>
2026-03-04 13:58:56,095 : INFO : EventManager : Event: ======'machine_var_audits_switches_s_trough_6'====== Args={'value': 120, 'prev_value': 119, 'change': 1}
2026-03-04 13:58:56,221 : INFO : SwitchController : <<<<<<< 's_trough_6' inactive >>>>>>>
2026-03-04 13:58:56,241 : INFO : SwitchController : <<<<<<< 's_trough_5' active >>>>>>>
2026-03-04 13:58:56,242 : INFO : EventManager : Event: ======'machine_var_audits_switches_s_trough_5'====== Args={'value': 124, 'prev_value': 123, 'change': 1}
2026-03-04 13:58:56,329 : INFO : SwitchController : <<<<<<< 's_trough_5' inactive >>>>>>>
2026-03-04 13:58:56,338 : INFO : SwitchController : <<<<<<< 's_trough_4' active >>>>>>>
2026-03-04 13:58:56,338 : INFO : EventManager : Event: ======'machine_var_audits_switches_s_trough_4'====== Args={'value': 117, 'prev_value': 116, 'change': 1}
2026-03-04 13:58:56,418 : INFO : SwitchController : <<<<<<< 's_trough_4' inactive >>>>>>>
2026-03-04 13:58:56,427 : INFO : SwitchController : <<<<<<< 's_trough_3' active >>>>>>>
2026-03-04 13:58:56,427 : INFO : EventManager : Event: ======'machine_var_audits_switches_s_trough_3'====== Args={'value': 108, 'prev_value': 107, 'change': 1}
2026-03-04 13:58:56,496 : INFO : SwitchController : <<<<<<< 's_trough_3' inactive >>>>>>>
2026-03-04 13:58:56,502 : INFO : SwitchController : <<<<<<< 's_trough_2' active >>>>>>>
2026-03-04 13:58:56,502 : INFO : EventManager : Event: ======'machine_var_audits_switches_s_trough_2'====== Args={'value': 98, 'prev_value': 97, 'change': 1}
2026-03-04 13:58:56,564 : INFO : SwitchController : <<<<<<< 's_trough_2' inactive >>>>>>>
2026-03-04 13:58:56,570 : INFO : SwitchController : <<<<<<< 's_trough_1' active >>>>>>>
2026-03-04 13:58:56,570 : INFO : EventManager : Event: ======'machine_var_audits_switches_s_trough_1'====== Args={'value': 88, 'prev_value': 87, 'change': 1}
2026-03-04 13:58:57,071 : INFO : EventManager : Event: ======'balldevice_bd_trough_ball_count_changed'====== Args={'balls': 1}
2026-03-04 13:58:57,071 : INFO : ball_device.bd_trough : Received unexpected ball
2026-03-04 13:58:57,071 : INFO : EventManager : Event: ======'balldevice_captured_from_playfield'====== Args={'balls': 1}
2026-03-04 13:58:57,072 : INFO : EventManager : Event: ======'sw_playfield_active'====== Args={'balls': 1}
2026-03-04 13:58:57,072 : INFO : EventManager : Event: ======'playfield_ball_count_change'====== Args={'balls': 0, 'change': -1}
2026-03-04 13:58:57,072 : INFO : EventManager : Event: ======'balldevice_bd_trough_ball_enter'====== Args={'new_balls': 1, 'unclaimed_balls': 1, 'new_available_balls': 1, 'device': <ball_device.bd_trough>}
2026-03-04 13:58:57,072 : INFO : EventManager : Event: ======'ball_drain'====== Args={'device': <ball_device.bd_trough>, 'balls': 1}
2026-03-04 13:58:57,073 : INFO : EventManager : Event: ======'ball_will_end'====== Args={}
2026-03-04 13:58:57,073 : INFO : EventManager : Event: ======'balldevice_balls_available'====== Args={}
2026-03-04 13:58:57,073 : INFO : EventManager : Event: ======'balldevice_bd_trough_ball_entered'====== Args={'new_balls': 1, 'device': <ball_device.bd_trough>}
2026-03-04 13:58:57,073 : INFO : EventManager : Event: ======'mode_base_will_stop'====== Args={}
2026-03-04 13:58:57,073 : INFO : EventManager : Event: ======'mode_base_stopping'====== Args={}
2026-03-04 13:58:57,074 : INFO : EventManager : Event: ======'stop_mode_bumpers'====== Args={'priority': 0}
2026-03-04 13:58:57,074 : INFO : EventManager : Event: ======'mode_bumpers_will_stop'====== Args={}
2026-03-04 13:58:57,074 : INFO : EventManager : Event: ======'mode_bumpers_stopping'====== Args={}
2026-03-04 13:58:57,074 : INFO : Mode.base : Stopped.
2026-03-04 13:58:57,074 : INFO : EventManager : Event: ======'modes_active_modes_changed'====== Args={}
2026-03-04 13:58:57,074 : INFO : EventManager : Event: ======'mode_base_stopped'====== Args={}
2026-03-04 13:58:57,075 : INFO : EventManager : Event: ======'clear'====== Args={'key': 'base'}
2026-03-04 13:58:57,075 : INFO : Mode.bumpers : Stopped.
2026-03-04 13:58:57,075 : INFO : EventManager : Event: ======'modes_active_modes_changed'====== Args={}
2026-03-04 13:58:57,075 : INFO : EventManager : Event: ======'mode_bumpers_stopped'====== Args={}
2026-03-04 13:58:57,075 : INFO : EventManager : Event: ======'clear'====== Args={'key': 'bumpers'}
2026-03-04 13:58:57,077 : INFO : EventManager : Event: ======'ball_ending'====== Args={}
2026-03-04 13:58:57,077 : INFO : EventManager : Event: ======'ball_ended'====== Args={}
2026-03-04 13:58:57,079 : INFO : EventManager : Event: ======'player_turn_will_end'====== Args={'player': <Player 1>, 'number': 1}
2026-03-04 13:58:57,079 : INFO : EventManager : Event: ======'player_turn_ending'====== Args={'player': <Player 1>, 'number': 1}
2026-03-04 13:58:57,079 : INFO : EventManager : Event: ======'player_turn_ended'====== Args={'player': <Player 1>, 'number': 1}
2026-03-04 13:58:57,080 : INFO : EventManager : Event: ======'player_turn_will_start'====== Args={'player': <Player 1>, 'number': 1}
2026-03-04 13:58:57,080 : INFO : EventManager : Event: ======'player_turn_starting'====== Args={'player': <Player 1>, 'number': 1}
2026-03-04 13:58:57,080 : INFO : EventManager : Event: ======'player_ball'====== Args={'value': 2, 'prev_value': 1, 'change': 1, 'player_num': 1}
2026-03-04 13:58:57,081 : INFO : EventManager : Event: ======'player_turn_started'====== Args={'player': <Player 1>, 'number': 1}
2026-03-04 13:58:57,082 : INFO : EventManager : Event: ======'ball_will_start'====== Args={'player': 1, 'ball': 2, 'balls_remaining': 1, 'is_extra_ball': False}
2026-03-04 13:58:57,083 : INFO : EventManager : Event: ======'ball_starting'====== Args={'player': 1, 'ball': 2, 'balls_remaining': 1, 'is_extra_ball': False}
2026-03-04 13:58:57,083 : INFO : EventManager : Event: ======'mode_base_will_start'====== Args={'queue': <QueuedEvent>, 'player': 1, 'ball': 2, 'balls_remaining': 1, 'is_extra_ball': False}
2026-03-04 13:58:57,084 : INFO : EventManager : Event: ======'mode_base_starting'====== Args={'queue': <QueuedEvent>, 'player': 1, 'ball': 2, 'balls_remaining': 1, 'is_extra_ball': False}
2026-03-04 13:58:57,085 : INFO : Mode.base : Started. Priority: 100
2026-03-04 13:58:57,085 : INFO : EventManager : Event: ======'modes_active_modes_changed'====== Args={}
2026-03-04 13:58:57,085 : INFO : EventManager : Event: ======'mode_base_started'====== Args={'queue': <QueuedEvent>, 'player': 1, 'ball': 2, 'balls_remaining': 1, 'is_extra_ball': False}
2026-03-04 13:58:57,085 : INFO : EventManager : Event: ======'start_mode_bumpers'====== Args={'priority': 0}
2026-03-04 13:58:57,086 : INFO : EventManager : Event: ======'mode_bumpers_will_start'====== Args={'priority': 0}
2026-03-04 13:58:57,090 : INFO : EventManager : Event: ======'mode_bumpers_starting'====== Args={'priority': 0}
2026-03-04 13:58:57,090 : INFO : Mode.bumpers : Started. Priority: 200
2026-03-04 13:58:57,090 : INFO : EventManager : Event: ======'modes_active_modes_changed'====== Args={}
2026-03-04 13:58:57,090 : INFO : EventManager : Event: ======'mode_bumpers_started'====== Args={'priority': 0}
2026-03-04 13:58:57,091 : INFO : EventManager : Event: ======'balls_in_play'====== Args={'balls': 1}
2026-03-04 13:58:57,091 : INFO : EventManager : Event: ======'ball_started'====== Args={'player': 1, 'ball': 2, 'balls_remaining': 1, 'is_extra_ball': False}
2026-03-04 13:58:57,101 : INFO : EventManager : Event: ======'single_player_ball_started'====== Args={}
2026-03-04 13:58:57,101 : INFO : EventManager : Event: ======'ball_start_target'====== Args={'target': 'playfield'}
2026-03-04 13:58:57,102 : INFO : ball_device.bd_plunger : Setting up player-controlled eject. Balls: 1, Target: <playfield.playfield>, player_controlled_eject_event: None
2026-03-04 13:58:57,102 : INFO : EventManager : Event: ======'balldevice_balls_available'====== Args={}
2026-03-04 13:58:57,103 : INFO : ball_device.bd_trough : State: waiting_for_target_ready
2026-03-04 13:58:57,103 : INFO : EventManager : Event: ======'balldevice_bd_trough_ball_eject_attempt'====== Args={'balls': 1, 'target': <ball_device.bd_plunger>, 'source': <ball_device.bd_trough>, 'mechanical_eject': True, 'num_attempts': 0}
2026-03-04 13:58:57,103 : INFO : ball_device.bd_plunger : State: waiting_for_ball
2026-03-04 13:58:57,103 : INFO : ball_device.bd_trough : State: ejecting
2026-03-04 13:58:57,103 : INFO : ball_device.bd_trough : Ejecting ball to <ball_device.bd_plunger>
2026-03-04 13:58:57,103 : INFO : EventManager : Event: ======'balldevice_bd_trough_ejecting_ball'====== Args={'balls': 1, 'target': <ball_device.bd_plunger>, 'source': <ball_device.bd_trough>, 'mechanical_eject': True, 'num_attempts': 0}
2026-03-04 13:58:57,104 : INFO : ball_device.bd_trough : Wait for ball to leave device
2026-03-04 13:58:57,104 : INFO : coil.c_trough_eject : Pulsing Driver for 20ms (1.0 pulse_power)
2026-03-04 13:58:57,132 : INFO : SwitchController : <<<<<<< 's_trough_1' inactive >>>>>>>
2026-03-04 13:58:57,132 : INFO : SwitchController : <<<<<<< 's_trough_7' active >>>>>>>
2026-03-04 13:58:57,132 : INFO : EventManager : Event: ======'machine_var_audits_switches_s_trough_7'====== Args={'value': 99, 'prev_value': 98, 'change': 1}
2026-03-04 13:58:57,133 : INFO : ball_device.bd_trough : State: ball_left
2026-03-04 13:58:57,133 : INFO : ball_device.bd_trough : Ball left
2026-03-04 13:58:57,133 : INFO : ball_device.bd_trough : Wait for confirm with timeout 3.0
2026-03-04 13:58:57,154 : INFO : SwitchController : <<<<<<< 's_trough_7' inactive >>>>>>>
2026-03-04 13:58:57,154 : INFO : EventManager : Event: ======'slide_base_slide_created'====== Args={'_from_bcp': True}
2026-03-04 13:58:57,154 : INFO : EventManager : Event: ======'slide_base_slide_inactive'====== Args={'is_removing': True, '_from_bcp': True}
2026-03-04 13:58:57,154 : INFO : EventManager : Event: ======'slide_base_slide_active'====== Args={'original_context': 'base', 'original_calling_context': 'mode_base_started', 'priority': 100.0, 'queue': '<QueuedEvent>', 'player': 1.0, 'ball': 2.0, 'balls_remaining': 1.0, 'is_extra_ball': False, 'cmd': 'slides_play', '_from_bcp': True}
2026-03-04 13:58:57,154 : INFO : EventManager : Event: ======'slide_base_slide_removed'====== Args={'_from_bcp': True}
2026-03-04 13:58:57,255 : INFO : SwitchController : <<<<<<< 's_plunger' active >>>>>>>
2026-03-04 13:58:57,256 : INFO : EventManager : Event: ======'machine_var_audits_switches_s_plunger'====== Args={'value': 106, 'prev_value': 105, 'change': 1}
2026-03-04 13:58:57,757 : INFO : ball_device.bd_plunger : Received ball from <ball_device.bd_trough>
2026-03-04 13:58:57,757 : INFO : EventManager : Event: ======'balldevice_bd_plunger_ball_enter'====== Args={'new_balls': 1, 'unclaimed_balls': 0, 'new_available_balls': 0, 'device': <ball_device.bd_plunger>}
2026-03-04 13:58:57,758 : INFO : EventManager : Event: ======'balldevice_bd_plunger_ball_entered'====== Args={'new_balls': 0, 'device': <ball_device.bd_plunger>}
2026-03-04 13:58:57,759 : INFO : EventManager : Event: ======'balldevice_bd_plunger_ball_count_changed'====== Args={'balls': 1}
2026-03-04 13:58:57,759 : INFO : ball_device.bd_trough : Got eject confirm
2026-03-04 13:58:57,760 : INFO : ball_device.bd_trough : Eject successful
2026-03-04 13:58:57,760 : INFO : EventManager : Event: ======'balldevice_bd_trough_ball_eject_success'====== Args={'balls': 1, 'target': <ball_device.bd_plunger>}
2026-03-04 13:58:57,760 : INFO : ball_device.bd_plunger : State: waiting_for_target_ready
2026-03-04 13:58:57,761 : INFO : EventManager : Event: ======'balldevice_bd_plunger_ball_eject_attempt'====== Args={'balls': 1, 'target': <playfield.playfield>, 'source': <ball_device.bd_plunger>, 'mechanical_eject': True, 'num_attempts': 0}
2026-03-04 13:58:57,761 : INFO : EventManager : Event: ======'balldevice_bd_trough_ball_count_changed'====== Args={'balls': 0}
2026-03-04 13:58:57,762 : INFO : ball_device.bd_trough : State: idle
2026-03-04 13:58:57,763 : INFO : ball_device.bd_plunger : State: ejecting
2026-03-04 13:58:57,763 : INFO : ball_device.bd_plunger : Ejecting ball to <playfield.playfield>
2026-03-04 13:58:57,763 : INFO : EventManager : Event: ======'balldevice_bd_plunger_ejecting_ball'====== Args={'balls': 1, 'target': <playfield.playfield>, 'source': <ball_device.bd_plunger>, 'mechanical_eject': True, 'num_attempts': 0}
2026-03-04 13:58:57,765 : INFO : ball_device.bd_plunger : Wait for ball to leave device
2026-03-04 13:59:03,958 : INFO : Machine : Shutting down...
2026-03-04 13:59:03,958 : INFO : EventManager : Event: ======'shutdown'====== Args={}
2026-03-04 13:59:03,959 : INFO : EventManager : Event: ======'mode_game_will_stop'====== Args={}
2026-03-04 13:59:03,959 : INFO : EventManager : Event: ======'mode_game_stopping'====== Args={}
2026-03-04 13:59:03,959 : INFO : EventManager : Event: ======'mode_base_will_stop'====== Args={}
2026-03-04 13:59:03,959 : INFO : EventManager : Event: ======'mode_base_stopping'====== Args={}
2026-03-04 13:59:03,959 : INFO : EventManager : Event: ======'mode_bumpers_will_stop'====== Args={}
2026-03-04 13:59:03,960 : INFO : EventManager : Event: ======'mode_bumpers_stopping'====== Args={}
2026-03-04 13:59:03,960 : INFO : EventManager : Event: ======'stop_mode_bumpers'====== Args={'priority': 0}
2026-03-04 13:59:03,960 : INFO : Mode.bumpers : Stopped.
2026-03-04 13:59:03,960 : INFO : EventManager : Event: ======'modes_active_modes_changed'====== Args={}
2026-03-04 13:59:03,960 : INFO : EventManager : Event: ======'mode_bumpers_stopped'====== Args={}
2026-03-04 13:59:03,960 : INFO : EventManager : Event: ======'clear'====== Args={'key': 'bumpers'}
2026-03-04 13:59:03,961 : INFO : Mode.base : Stopped.
2026-03-04 13:59:03,961 : INFO : EventManager : Event: ======'modes_active_modes_changed'====== Args={}
2026-03-04 13:59:03,961 : INFO : EventManager : Event: ======'mode_base_stopped'====== Args={}
2026-03-04 13:59:03,961 : INFO : EventManager : Event: ======'clear'====== Args={'key': 'base'}
2026-03-04 13:59:03,962 : INFO : Mode.game : Stopped.
2026-03-04 13:59:03,962 : INFO : EventManager : Event: ======'modes_active_modes_changed'====== Args={}
2026-03-04 13:59:03,962 : INFO : EventManager : Event: ======'mode_game_stopped'====== Args={}
2026-03-04 13:59:03,962 : INFO : EventManager : Event: ======'clear'====== Args={'key': 'game'}
2026-03-04 13:59:04,068 : INFO : root : MPF run loop ended.
