2026-03-01 11:52:55,124 : INFO : root : Loading config.
2026-03-01 11:52:55,448 : INFO : ConfigProcessor : Config spec file cache created: /var/folders/1s/015t8n3n70gcr2ch4xflj4yr0000gn/T/config_spec.mpf_cache
2026-03-01 11:52:55,448 : INFO : YamlMultifileConfigLoader : Machine config file #1: config.yaml
2026-03-01 11:52:55,449 : INFO : ConfigProcessor : Loading config from cache: /var/folders/1s/015t8n3n70gcr2ch4xflj4yr0000gn/T/954ddabc670342668a09b03520c7eb79.mpf_cache
2026-03-01 11:52:55,449 : WARNING : ConfigProcessor : Config file in cache changed: /Users/pinball/NapoleonDynamite/config/config_switches.yaml
2026-03-01 11:52:55,449 : INFO : ConfigProcessor : Loading config from file /Users/pinball/mpf/lib/python3.14/site-packages/mpf/mpfconfig.yaml.
2026-03-01 11:52:55,520 : INFO : ConfigProcessor : Loading config: /Users/pinball/mpf/lib/python3.14/site-packages/mpf/mpfconfig.yaml
2026-03-01 11:52:55,520 : INFO : ConfigProcessor : Loading config from file /Users/pinball/NapoleonDynamite/config/config.yaml.
2026-03-01 11:52:55,530 : INFO : ConfigProcessor : Loading config: /Users/pinball/NapoleonDynamite/config/config.yaml
2026-03-01 11:52:55,533 : INFO : ConfigProcessor : Loading config: /Users/pinball/NapoleonDynamite/config/config_ball_devices.yaml
2026-03-01 11:52:55,539 : INFO : ConfigProcessor : Loading config: /Users/pinball/NapoleonDynamite/config/config_coils.yaml
2026-03-01 11:52:55,551 : INFO : ConfigProcessor : Loading config: /Users/pinball/NapoleonDynamite/config/config_switches.yaml
2026-03-01 11:52:55,552 : INFO : ConfigProcessor : Config file cache created: /var/folders/1s/015t8n3n70gcr2ch4xflj4yr0000gn/T/954ddabc670342668a09b03520c7eb79.mpf_cache
2026-03-01 11:52:55,611 : INFO : ConfigProcessor : Loading config from cache: /var/folders/1s/015t8n3n70gcr2ch4xflj4yr0000gn/T/64218df07edc412f774c53ffb33c812d.mpf_cache
2026-03-01 11:52:55,611 : INFO : ConfigProcessor : Loading config from cache: /var/folders/1s/015t8n3n70gcr2ch4xflj4yr0000gn/T/767518d75df2d86a4d35c1fb94c70abd.mpf_cache
2026-03-01 11:52:55,612 : INFO : ConfigProcessor : Loading config from cache: /var/folders/1s/015t8n3n70gcr2ch4xflj4yr0000gn/T/64218df07edc412f774c53ffb33c812d.mpf_cache
2026-03-01 11:52:55,612 : INFO : ConfigProcessor : Loading config from cache: /var/folders/1s/015t8n3n70gcr2ch4xflj4yr0000gn/T/73548cb541cc3751ae5711fe0817282a.mpf_cache
2026-03-01 11:52:55,612 : INFO : ConfigProcessor : Loading config from cache: /var/folders/1s/015t8n3n70gcr2ch4xflj4yr0000gn/T/57f006170cd447d443f971cd8b826597.mpf_cache
2026-03-01 11:52:55,613 : WARNING : ConfigProcessor : Config file in cache changed: /Users/pinball/NapoleonDynamite/modes/hurryup/config/hurryup.yaml
2026-03-01 11:52:55,613 : INFO : ConfigProcessor : Loading config from file /Users/pinball/NapoleonDynamite/modes/hurryup/config/hurryup.yaml.
2026-03-01 11:52:55,618 : INFO : ConfigProcessor : Loading config: /Users/pinball/NapoleonDynamite/modes/hurryup/config/hurryup.yaml
2026-03-01 11:52:55,618 : INFO : ConfigProcessor : Config file cache created: /var/folders/1s/015t8n3n70gcr2ch4xflj4yr0000gn/T/adb0ea3e4ccf2dafa758999a39c1d676.mpf_cache
2026-03-01 11:52:55,619 : INFO : Machine : Mission Pinball Framework Core Engine v0.80.0.dev13
2026-03-01 11:52:55,619 : INFO : Machine : Command line arguments: {'no_load_cache': False, 'create_config_cache': True, 'bcp': True, 'configfile': ['config.yaml'], 'force_assets_load': False, 'platform_integration_test': False, 'jsonlogging': False, 'logfile': 'logs/2026-03-01-11-52-55-mpf-ANDREs-Mac-mini.local.log', 'pause': False, 'production': False, 'text_ui': True, 'loglevel': 15, 'consoleloglevel': 20, 'force_platform': None, 'syslog_address': None, 'full_logfile_path': '/Users/pinball/NapoleonDynamite/logs/2026-03-01-11-52-55-mpf-ANDREs-Mac-mini.local.log'}
2026-03-01 11:52:55,619 : INFO : Machine : MPF path: /Users/pinball/mpf/lib/python3.14/site-packages/mpf
2026-03-01 11:52:55,619 : INFO : Machine : Machine path: /Users/pinball/NapoleonDynamite
2026-03-01 11:52:55,619 : INFO : Machine : Platform: darwin
2026-03-01 11:52:55,619 : INFO : Machine : Python executable location: /Users/pinball/mpf/bin/python3.14
2026-03-01 11:52:55,619 : INFO : Machine : Python version: 3.14.3 (64-bit)
2026-03-01 11:52:55,620 : INFO : Machine : Initializing MPF...
2026-03-01 11:52:55,713 : INFO : FAST : Auto-detecting ports for the following connections: ['net', 'exp']
2026-03-01 11:52:55,735 : INFO : FAST : Detected NET on port /dev/cu.usbmodem14101
2026-03-01 11:52:55,743 : INFO : FAST : Detected EXP on port /dev/cu.usbmodem14103
2026-03-01 11:52:55,849 : INFO : FAST [NET] : Trying to connect to /dev/cu.usbmodem14101 at 921600bps
2026-03-01 11:52:55,853 : INFO : FAST [NET] : Connected to /dev/cu.usbmodem14101 at 921600bps
2026-03-01 11:52:55,855 : INFO : FAST [NET] : Connected to FP-CPU-2000 with firmware v02.26
2026-03-01 11:52:55,857 : INFO : FAST [NET] : Registered I/O Board 0: Model: FP-I/O-0024, Firmware: 01.10, Switches: 24, Drivers: 8
2026-03-01 11:52:55,859 : INFO : FAST [NET] : Registered I/O Board 1: Model: FP-I/O-3208, Firmware: 01.10, Switches: 32, Drivers: 8
2026-03-01 11:52:55,860 : INFO : FAST [NET] : Registered I/O Board 2: Model: FP-I/O-0804, Firmware: 01.10, Switches: 8, Drivers: 4
2026-03-01 11:52:55,862 : INFO : FAST [EXP] : Trying to connect to /dev/cu.usbmodem14103 at 921600bps
2026-03-01 11:52:55,866 : INFO : FAST [EXP] : Connected to /dev/cu.usbmodem14103 at 921600bps
2026-03-01 11:52:55,867 : INFO : FAST [EXP] : Verifying hardware for EXP "neuron" (FP-EXP-2000, @48) with ID string "EXP FP-EXP-2000  0.34", board address 48
2026-03-01 11:52:55,869 : INFO : FAST [EXP] : Verifying hardware for EXP "neuron" (FP-EXP-2000, @48) with ID string "LED FP-BRK-0001  0.8", board address 480
2026-03-01 11:52:55,870 : INFO : EventManager : Event: ======'machine_var_credits_string'====== Args={'value': 'FREE PLAY', 'prev_value': None, 'change': True}
2026-03-01 11:52:55,884 : INFO : EventManager : Event: ======'machine_var_master_volume'====== Args={'value': 0.5, 'prev_value': None, 'change': True}
2026-03-01 11:52:55,884 : INFO : EventManager : Event: ======'machine_var_mpf_version'====== Args={'value': 'Mission Pinball Framework v0.80.0.dev13', 'prev_value': None, 'change': True}
2026-03-01 11:52:55,884 : INFO : EventManager : Event: ======'machine_var_mpf_extended_version'====== Args={'value': 'Mission Pinball Framework v0.80.0.dev13, Config version:6, Show version: 6, BCP version:1.1', 'prev_value': None, 'change': True}
2026-03-01 11:52:55,885 : INFO : EventManager : Event: ======'machine_var_python_version'====== Args={'value': '3.14.3', 'prev_value': None, 'change': True}
2026-03-01 11:52:55,904 : INFO : EventManager : Event: ======'machine_var_platform'====== Args={'value': 'macOS-14.8.4-x86_64-i386-64bit-Mach-O', 'prev_value': None, 'change': True}
2026-03-01 11:52:55,904 : INFO : EventManager : Event: ======'machine_var_platform_system'====== Args={'value': 'Darwin', 'prev_value': None, 'change': True}
2026-03-01 11:52:55,904 : INFO : EventManager : Event: ======'machine_var_platform_release'====== Args={'value': '23.6.0', 'prev_value': None, 'change': True}
2026-03-01 11:52:55,904 : INFO : EventManager : Event: ======'machine_var_platform_version'====== Args={'value': 'Darwin Kernel Version 23.6.0: Mon Jan 19 22:02:22 PST 2026; root:xnu-10063.141.1.710.3~1/RELEASE_X86_64', 'prev_value': None, 'change': True}
2026-03-01 11:52:55,904 : INFO : EventManager : Event: ======'machine_var_platform_machine'====== Args={'value': 'x86_64', 'prev_value': None, 'change': True}
2026-03-01 11:52:55,905 : INFO : EventManager : Event: ======'machine_var_log_file_path'====== Args={'value': '/Users/pinball/NapoleonDynamite/logs/2026-03-01-11-52-55-mpf-ANDREs-Mac-mini.local.log', 'prev_value': None, 'change': True}
2026-03-01 11:52:55,905 : INFO : EventManager : Event: ======'init_phase_1'====== Args={}
2026-03-01 11:52:55,924 : ERROR : asyncio : Exception in callback EventManager._async_handler_done()() at /Users/pinball/mpf/lib/python3.14/site-packages/mpf/core/events.py:124
handle: <Handle EventManager._async_handler_done()() at /Users/pinball/mpf/lib/python3.14/site-packages/mpf/core/events.py:124>
Traceback (most recent call last):
  File "/Library/Frameworks/Python.framework/Versions/3.14/lib/python3.14/asyncio/events.py", line 94, in _run
    self._context.run(self._callback, *self._args)
    ~~~~~~~~~~~~~~~~~^^^^^^^^^^^^^^^^^^^^^^^^^^^^^
  File "/Users/pinball/mpf/lib/python3.14/site-packages/mpf/core/events.py", line 127, in _async_handler_done
    future.result()
    ~~~~~~~~~~~~~^^
  File "/Users/pinball/mpf/lib/python3.14/site-packages/mpf/core/device_manager.py", line 89, in _load_device_modules
    await self.machine.mode_controller.load_mode_devices()
  File "/Users/pinball/mpf/lib/python3.14/site-packages/mpf/core/mode_controller.py", line 86, in load_mode_devices
    await mode.load_mode_devices()
  File "/Users/pinball/mpf/lib/python3.14/site-packages/mpf/core/mode.py", line 438, in load_mode_devices
    settings = device.validate_and_parse_config(settings, True, "mode:" + self.name)
  File "/Users/pinball/mpf/lib/python3.14/site-packages/mpf/devices/shot.py", line 79, in validate_and_parse_config
    config = super().validate_and_parse_config(config, is_mode_config, debug_prefix)
  File "/Users/pinball/mpf/lib/python3.14/site-packages/mpf/core/device.py", line 108, in validate_and_parse_config
    self.machine.config_validator.validate_config(
    ~~~~~~~~~~~~~~~~~~~~~~~~~~~~~~~~~~~~~~~~~~~~~^
        self.config_section, config, self.name, "device", prefix=debug_prefix)
        ^^^^^^^^^^^^^^^^^^^^^^^^^^^^^^^^^^^^^^^^^^^^^^^^^^^^^^^^^^^^^^^^^^^^^^
  File "/Users/pinball/mpf/lib/python3.14/site-packages/mpf/core/config_validator.py", line 164, in validate_config
    return self._validate_config(config_spec, source, base_spec=base_spec, add_missing_keys=add_missing_keys,
           ~~~~~~~~~~~~~~~~~~~~~^^^^^^^^^^^^^^^^^^^^^^^^^^^^^^^^^^^^^^^^^^^^^^^^^^^^^^^^^^^^^^^^^^^^^^^^^^^^^
                                 validation_failure_info=validation_failure_info)
                                 ^^^^^^^^^^^^^^^^^^^^^^^^^^^^^^^^^^^^^^^^^^^^^^^^
  File "/Users/pinball/mpf/lib/python3.14/site-packages/mpf/core/config_validator.py", line 204, in _validate_config
    processed_config[k] = self.validate_config_item(
                          ~~~~~~~~~~~~~~~~~~~~~~~~~^
        this_spec[k], item=source[k],
        ^^^^^^^^^^^^^^^^^^^^^^^^^^^^^
        validation_failure_info=ValidationPath(validation_failure_info, k))
        ^^^^^^^^^^^^^^^^^^^^^^^^^^^^^^^^^^^^^^^^^^^^^^^^^^^^^^^^^^^^^^^^^^^
  File "/Users/pinball/mpf/lib/python3.14/site-packages/mpf/core/config_validator.py", line 256, in validate_config_item
    new_list.append(self.validate_item(i, validation, validation_failure_info))
                    ~~~~~~~~~~~~~~~~~~^^^^^^^^^^^^^^^^^^^^^^^^^^^^^^^^^^^^^^^^
  File "/Users/pinball/mpf/lib/python3.14/site-packages/mpf/core/config_validator.py", line 699, in validate_item
    return self.validator_list[validator](item, validation_failure_info=validation_failure_info, param=param)
           ~~~~~~~~~~~~~~~~~~~~~~~~~~~~~~^^^^^^^^^^^^^^^^^^^^^^^^^^^^^^^^^^^^^^^^^^^^^^^^^^^^^^^^^^^^^^^^^^^^
  File "/Users/pinball/mpf/lib/python3.14/site-packages/mpf/core/config_validator.py", line 413, in _validate_type_machine
    raise self.validation_error(item, validation_failure_info,
                                'Device "{}" not found in "{}:" section in your config.'.format(item, param),
                                6)
mpf.exceptions.config_file_error.ConfigFileError: Config File Error in ConfigValidator: Config validation error: Entry mode:hurryup:shots:hurryup:switch = "left_lane" is not valid. Device "left_lane" not found in "switches:" section in your config. Error Code: CFE-ConfigValidator-6 (https://missionpinball.org/latest/logs)
2026-03-01 11:52:55,936 : INFO : Machine : Starting the main run loop with active modes: []
2026-03-01 11:52:55,936 : WARNING : Machine : Attract mode is not active, game will not be playable. Please check your attract mode configuration.
2026-03-01 11:52:55,937 : INFO : Machine : Shutting down...
2026-03-01 11:52:55,937 : INFO : EventManager : Event: ======'shutdown'====== Args={}
2026-03-01 11:52:57,043 : ERROR : Machine : Runtime Exception
Traceback (most recent call last):
  File "/Users/pinball/mpf/lib/python3.14/site-packages/mpf/core/machine.py", line 810, in _run_loop
    raise self._exception['exception']
  File "/Library/Frameworks/Python.framework/Versions/3.14/lib/python3.14/asyncio/events.py", line 94, in _run
    self._context.run(self._callback, *self._args)
    ~~~~~~~~~~~~~~~~~^^^^^^^^^^^^^^^^^^^^^^^^^^^^^
  File "/Users/pinball/mpf/lib/python3.14/site-packages/mpf/core/events.py", line 127, in _async_handler_done
    future.result()
    ~~~~~~~~~~~~~^^
  File "/Users/pinball/mpf/lib/python3.14/site-packages/mpf/core/device_manager.py", line 89, in _load_device_modules
    await self.machine.mode_controller.load_mode_devices()
  File "/Users/pinball/mpf/lib/python3.14/site-packages/mpf/core/mode_controller.py", line 86, in load_mode_devices
    await mode.load_mode_devices()
  File "/Users/pinball/mpf/lib/python3.14/site-packages/mpf/core/mode.py", line 438, in load_mode_devices
    settings = device.validate_and_parse_config(settings, True, "mode:" + self.name)
  File "/Users/pinball/mpf/lib/python3.14/site-packages/mpf/devices/shot.py", line 79, in validate_and_parse_config
    config = super().validate_and_parse_config(config, is_mode_config, debug_prefix)
  File "/Users/pinball/mpf/lib/python3.14/site-packages/mpf/core/device.py", line 108, in validate_and_parse_config
    self.machine.config_validator.validate_config(
    ~~~~~~~~~~~~~~~~~~~~~~~~~~~~~~~~~~~~~~~~~~~~~^
        self.config_section, config, self.name, "device", prefix=debug_prefix)
        ^^^^^^^^^^^^^^^^^^^^^^^^^^^^^^^^^^^^^^^^^^^^^^^^^^^^^^^^^^^^^^^^^^^^^^
  File "/Users/pinball/mpf/lib/python3.14/site-packages/mpf/core/config_validator.py", line 164, in validate_config
    return self._validate_config(config_spec, source, base_spec=base_spec, add_missing_keys=add_missing_keys,
           ~~~~~~~~~~~~~~~~~~~~~^^^^^^^^^^^^^^^^^^^^^^^^^^^^^^^^^^^^^^^^^^^^^^^^^^^^^^^^^^^^^^^^^^^^^^^^^^^^^
                                 validation_failure_info=validation_failure_info)
                                 ^^^^^^^^^^^^^^^^^^^^^^^^^^^^^^^^^^^^^^^^^^^^^^^^
  File "/Users/pinball/mpf/lib/python3.14/site-packages/mpf/core/config_validator.py", line 204, in _validate_config
    processed_config[k] = self.validate_config_item(
                          ~~~~~~~~~~~~~~~~~~~~~~~~~^
        this_spec[k], item=source[k],
        ^^^^^^^^^^^^^^^^^^^^^^^^^^^^^
        validation_failure_info=ValidationPath(validation_failure_info, k))
        ^^^^^^^^^^^^^^^^^^^^^^^^^^^^^^^^^^^^^^^^^^^^^^^^^^^^^^^^^^^^^^^^^^^
  File "/Users/pinball/mpf/lib/python3.14/site-packages/mpf/core/config_validator.py", line 256, in validate_config_item
    new_list.append(self.validate_item(i, validation, validation_failure_info))
                    ~~~~~~~~~~~~~~~~~~^^^^^^^^^^^^^^^^^^^^^^^^^^^^^^^^^^^^^^^^
  File "/Users/pinball/mpf/lib/python3.14/site-packages/mpf/core/config_validator.py", line 699, in validate_item
    return self.validator_list[validator](item, validation_failure_info=validation_failure_info, param=param)
           ~~~~~~~~~~~~~~~~~~~~~~~~~~~~~~^^^^^^^^^^^^^^^^^^^^^^^^^^^^^^^^^^^^^^^^^^^^^^^^^^^^^^^^^^^^^^^^^^^^
  File "/Users/pinball/mpf/lib/python3.14/site-packages/mpf/core/config_validator.py", line 413, in _validate_type_machine
    raise self.validation_error(item, validation_failure_info,
                                'Device "{}" not found in "{}:" section in your config.'.format(item, param),
                                6)
mpf.exceptions.config_file_error.ConfigFileError: Config File Error in ConfigValidator: Config validation error: Entry mode:hurryup:shots:hurryup:switch = "left_lane" is not valid. Device "left_lane" not found in "switches:" section in your config. Error Code: CFE-ConfigValidator-6 (https://missionpinball.org/latest/logs)
2026-03-01 11:52:57,047 : INFO : root : MPF run loop ended.
