2026-02-09 20:02:46,164 : INFO : root : Loading config.
2026-02-09 20:02:46,166 : INFO : YamlMultifileConfigLoader : Machine config file #1: config.yaml
2026-02-09 20:02:46,166 : INFO : ConfigProcessor : Loading config from cache: /var/folders/np/pd6clpgx1xs_0sdwz71m1gyh0000gn/T/00addb5eaaf19e366a8bc2e537dfc5e2.mpf_cache
2026-02-09 20:02:46,195 : WARNING : ConfigProcessor : Config file in cache changed: /Users/andre/NapoleonDynamite/modes/attract/config/attract.yaml
2026-02-09 20:02:46,195 : INFO : ConfigProcessor : Loading config from file /Library/Frameworks/Python.framework/Versions/3.13/lib/python3.13/site-packages/mpf/modes/attract/config/attract.yaml.
2026-02-09 20:02:46,197 : INFO : ConfigProcessor : Loading config: /Library/Frameworks/Python.framework/Versions/3.13/lib/python3.13/site-packages/mpf/modes/attract/config/attract.yaml
2026-02-09 20:02:46,197 : INFO : ConfigProcessor : Loading config from file /Users/andre/NapoleonDynamite/modes/attract/config/attract.yaml.
2026-02-09 20:02:46,198 : INFO : ConfigProcessor : Loading config: /Users/andre/NapoleonDynamite/modes/attract/config/attract.yaml
2026-02-09 20:02:46,199 : INFO : ConfigProcessor : Config file cache created: /var/folders/np/pd6clpgx1xs_0sdwz71m1gyh0000gn/T/17249d28c5038822300153ccd16b5450.mpf_cache
2026-02-09 20:02:46,199 : INFO : ConfigProcessor : Loading config from cache: /var/folders/np/pd6clpgx1xs_0sdwz71m1gyh0000gn/T/786e273e12b38b2b1133a8d0aa2f17ad.mpf_cache
2026-02-09 20:02:46,199 : INFO : ConfigProcessor : Loading config from cache: /var/folders/np/pd6clpgx1xs_0sdwz71m1gyh0000gn/T/17249d28c5038822300153ccd16b5450.mpf_cache
2026-02-09 20:02:46,199 : INFO : ConfigProcessor : Loading config from cache: /var/folders/np/pd6clpgx1xs_0sdwz71m1gyh0000gn/T/128730e328aaa296072fe140e2e7dc9c.mpf_cache
2026-02-09 20:02:46,199 : INFO : Machine : Mission Pinball Framework Core Engine v0.80.0.dev12
2026-02-09 20:02:46,199 : INFO : Machine : Command line arguments: {'no_load_cache': False, 'create_config_cache': True, 'bcp': True, 'configfile': ['config.yaml'], 'force_assets_load': False, 'platform_integration_test': False, 'jsonlogging': False, 'logfile': 'logs/2026-02-09-20-02-46-mpf-ANDREs-MacBook-Pro-2.local.log', 'pause': False, 'production': False, 'text_ui': False, 'loglevel': 15, 'consoleloglevel': 20, 'force_platform': 'virtual', 'syslog_address': None, 'full_logfile_path': '/Users/andre/NapoleonDynamite/logs/2026-02-09-20-02-46-mpf-ANDREs-MacBook-Pro-2.local.log'}
2026-02-09 20:02:46,199 : INFO : Machine : MPF path: /Library/Frameworks/Python.framework/Versions/3.13/lib/python3.13/site-packages/mpf
2026-02-09 20:02:46,199 : INFO : Machine : Machine path: /Users/andre/NapoleonDynamite
2026-02-09 20:02:46,199 : INFO : Machine : Platform: darwin
2026-02-09 20:02:46,199 : INFO : Machine : Python executable location: /Library/Frameworks/Python.framework/Versions/3.13/bin/python3.13
2026-02-09 20:02:46,199 : INFO : Machine : Python version: 3.13.12 (64-bit)
2026-02-09 20:02:46,200 : INFO : Machine : Initializing MPF...
2026-02-09 20:02:46,233 : INFO : EventManager : Event: ======'machine_var_credits_string'====== Args={'value': 'FREE PLAY', 'prev_value': None, 'change': True}
2026-02-09 20:02:46,239 : INFO : EventManager : Event: ======'machine_var_master_volume'====== Args={'value': 0.5, 'prev_value': None, 'change': True}
2026-02-09 20:02:46,239 : INFO : EventManager : Event: ======'machine_var_mpf_version'====== Args={'value': 'Mission Pinball Framework v0.80.0.dev12', 'prev_value': None, 'change': True}
2026-02-09 20:02:46,239 : INFO : EventManager : Event: ======'machine_var_mpf_extended_version'====== Args={'value': 'Mission Pinball Framework v0.80.0.dev12, Config version:6, Show version: 6, BCP version:1.1', 'prev_value': None, 'change': True}
2026-02-09 20:02:46,239 : INFO : EventManager : Event: ======'machine_var_python_version'====== Args={'value': '3.13.12', 'prev_value': None, 'change': True}
2026-02-09 20:02:46,250 : INFO : EventManager : Event: ======'machine_var_platform'====== Args={'value': 'macOS-26.2-arm64-arm-64bit-Mach-O', 'prev_value': None, 'change': True}
2026-02-09 20:02:46,250 : INFO : EventManager : Event: ======'machine_var_platform_system'====== Args={'value': 'Darwin', 'prev_value': None, 'change': True}
2026-02-09 20:02:46,250 : INFO : EventManager : Event: ======'machine_var_platform_release'====== Args={'value': '25.2.0', 'prev_value': None, 'change': True}
2026-02-09 20:02:46,250 : INFO : EventManager : Event: ======'machine_var_platform_version'====== Args={'value': 'Darwin Kernel Version 25.2.0: Tue Nov 18 21:07:05 PST 2025; root:xnu-12377.61.12~1/RELEASE_ARM64_T6020', 'prev_value': None, 'change': True}
2026-02-09 20:02:46,250 : INFO : EventManager : Event: ======'machine_var_platform_machine'====== Args={'value': 'arm64', 'prev_value': None, 'change': True}
2026-02-09 20:02:46,250 : INFO : EventManager : Event: ======'machine_var_log_file_path'====== Args={'value': '/Users/andre/NapoleonDynamite/logs/2026-02-09-20-02-46-mpf-ANDREs-MacBook-Pro-2.local.log', 'prev_value': None, 'change': True}
2026-02-09 20:02:46,250 : INFO : EventManager : Event: ======'init_phase_1'====== Args={}
2026-02-09 20:02:46,257 : INFO : EventManager : Event: ======'init_phase_2'====== Args={}
2026-02-09 20:02:46,258 : INFO : EventManager : Event: ======'bcp_connection_attempt'====== Args={'name': 'local_display', 'host': 'localhost', 'port': 5050}
2026-02-09 20:02:46,259 : INFO : BCPClientSocket : Connecting BCP to 'local_display' at localhost:5050...
2026-02-09 20:02:53,081 : INFO : BCPClientSocket : Connected BCP to 'local_display' localhost:5050
2026-02-09 20:02:53,082 : INFO : EventManager : Event: ======'bcp_clients_connected'====== Args={}
2026-02-09 20:02:53,082 : INFO : ball_device.bd_plunger : BCH: Initial count: 0
2026-02-09 20:02:53,083 : INFO : ball_device.bd_plunger : State: idle
2026-02-09 20:02:53,083 : INFO : ball_device.bd_trough : BCH: Initial count: 0
2026-02-09 20:02:53,083 : INFO : ball_device.bd_trough : State: idle
2026-02-09 20:02:53,090 : INFO : EventManager : Event: ======'init_phase_3'====== Args={}
2026-02-09 20:02:53,092 : INFO : EventManager : Event: ======'init_phase_4'====== Args={}
2026-02-09 20:02:53,092 : INFO : BallController : Initial balls found: 0
2026-02-09 20:02:53,093 : INFO : EventManager : Event: ======'machine_var_audits_switches_s_trough_1'====== Args={'value': 0, 'prev_value': None, 'change': True}
2026-02-09 20:02:53,093 : INFO : EventManager : Event: ======'machine_var_audits_switches_s_flipper_left'====== Args={'value': 0, 'prev_value': None, 'change': True}
2026-02-09 20:02:53,093 : INFO : EventManager : Event: ======'machine_var_audits_switches_s_trough_6'====== Args={'value': 0, 'prev_value': None, 'change': True}
2026-02-09 20:02:53,093 : INFO : EventManager : Event: ======'machine_var_audits_switches_s_flipper_right'====== Args={'value': 0, 'prev_value': None, 'change': True}
2026-02-09 20:02:53,093 : INFO : EventManager : Event: ======'machine_var_audits_switches_s_trough_3'====== Args={'value': 0, 'prev_value': None, 'change': True}
2026-02-09 20:02:53,093 : INFO : EventManager : Event: ======'machine_var_audits_switches_s_trough_5'====== Args={'value': 0, 'prev_value': None, 'change': True}
2026-02-09 20:02:53,093 : INFO : EventManager : Event: ======'machine_var_audits_switches_s_plunger_lane'====== Args={'value': 0, 'prev_value': None, 'change': True}
2026-02-09 20:02:53,093 : INFO : EventManager : Event: ======'machine_var_audits_switches_s_trough_2'====== Args={'value': 0, 'prev_value': None, 'change': True}
2026-02-09 20:02:53,093 : INFO : EventManager : Event: ======'machine_var_audits_switches_s_trough_4'====== Args={'value': 0, 'prev_value': None, 'change': True}
2026-02-09 20:02:53,093 : INFO : EventManager : Event: ======'machine_var_audits_events_game_started'====== Args={'value': 0, 'prev_value': None, 'change': True}
2026-02-09 20:02:53,093 : INFO : EventManager : Event: ======'machine_var_audits_events_game_ended'====== Args={'value': 0, 'prev_value': None, 'change': True}
2026-02-09 20:02:53,093 : INFO : EventManager : Event: ======'machine_var_audits_player_score'====== Args={'value': {'top': [], 'average': 0, 'total': 0}, 'prev_value': None, 'change': True}
2026-02-09 20:02:53,094 : INFO : EventManager : Event: ======'init_phase_5'====== Args={}
2026-02-09 20:02:53,094 : INFO : EventManager : Event: ======'init_done'====== Args={}
2026-02-09 20:02:53,095 : INFO : EventManager : Event: ======'machine_reset_phase_1'====== Args={}
2026-02-09 20:02:53,131 : INFO : EventManager : Event: ======'machine_reset_phase_2'====== Args={}
2026-02-09 20:02:53,131 : INFO : EventManager : Event: ======'machine_reset_phase_3'====== Args={}
2026-02-09 20:02:53,131 : INFO : EventManager : Event: ======'reset_complete'====== Args={}
2026-02-09 20:02:53,132 : INFO : EventManager : Event: ======'mode_attract_will_start'====== Args={}
2026-02-09 20:02:53,132 : INFO : Timer.attract_carousel_timer : Starting Timer.
2026-02-09 20:02:53,132 : INFO : EventManager : Event: ======'timer_attract_carousel_timer_started'====== Args={'ticks': 0, 'ticks_remaining': 1}
2026-02-09 20:02:53,132 : INFO : EventManager : Event: ======'timer_attract_carousel_timer_tick'====== Args={'ticks': 0, 'ticks_remaining': 1}
2026-02-09 20:02:53,133 : INFO : EventManager : Event: ======'mode_attract_starting'====== Args={}
2026-02-09 20:02:53,133 : INFO : Mode.attract : Started. Priority: 10
2026-02-09 20:02:53,133 : INFO : EventManager : Event: ======'modes_active_modes_changed'====== Args={}
2026-02-09 20:02:53,133 : INFO : EventManager : Event: ======'mode_attract_started'====== Args={}
2026-02-09 20:02:53,134 : INFO : EventManager : Event: ======'collecting_balls_complete'====== Args={}
2026-02-09 20:02:53,134 : INFO : EventManager : Event: ======'carousel_item_highlighted'====== Args={'carousel': 'attract', 'direction': None, 'item': 'title'}
2026-02-09 20:02:53,134 : INFO : EventManager : Event: ======'timer_attract_carousel_timer_tick'====== Args={'ticks': 0, 'ticks_remaining': 1}
2026-02-09 20:02:53,135 : INFO : Machine : Starting the main run loop with active modes: [<Mode.attract>]
2026-02-09 20:02:53,255 : INFO : EventManager : Event: ======'slide_attract_created'====== Args={'_from_bcp': True}
2026-02-09 20:02:53,255 : INFO : EventManager : Event: ======'slide__removed'====== Args={'_from_bcp': True}
2026-02-09 20:02:53,255 : INFO : EventManager : Event: ======'slide_attract_active'====== Args={'original_context': 'attract', 'original_calling_context': 'mode_attract_started', 'priority': 10.0, 'cmd': 'slides_play', '_from_bcp': True}
2026-02-09 20:02:58,135 : INFO : Timer.attract_carousel_timer : Timer Complete
2026-02-09 20:02:58,135 : INFO : Timer.attract_carousel_timer : Stopping Timer
2026-02-09 20:02:58,135 : INFO : EventManager : Event: ======'timer_attract_carousel_timer_stopped'====== Args={'ticks': 1, 'ticks_remaining': 1}
2026-02-09 20:02:58,136 : INFO : EventManager : Event: ======'timer_attract_carousel_timer_complete'====== Args={'ticks': 1, 'ticks_remaining': 1}
2026-02-09 20:02:58,136 : INFO : EventManager : Event: ======'carousel_item_highlighted'====== Args={'carousel': 'attract', 'direction': 'forwards', 'item': 'credits'}
2026-02-09 20:02:58,137 : INFO : Timer.attract_carousel_timer : Starting Timer.
2026-02-09 20:02:58,137 : INFO : EventManager : Event: ======'timer_attract_carousel_timer_started'====== Args={'ticks': 0, 'ticks_remaining': 1}
2026-02-09 20:02:58,138 : INFO : EventManager : Event: ======'timer_attract_carousel_timer_tick'====== Args={'ticks': 0, 'ticks_remaining': 1}
2026-02-09 20:03:03,138 : INFO : Timer.attract_carousel_timer : Timer Complete
2026-02-09 20:03:03,138 : INFO : Timer.attract_carousel_timer : Stopping Timer
2026-02-09 20:03:03,138 : INFO : EventManager : Event: ======'timer_attract_carousel_timer_stopped'====== Args={'ticks': 1, 'ticks_remaining': 1}
2026-02-09 20:03:03,138 : INFO : EventManager : Event: ======'timer_attract_carousel_timer_complete'====== Args={'ticks': 1, 'ticks_remaining': 1}
2026-02-09 20:03:03,139 : INFO : EventManager : Event: ======'carousel_item_highlighted'====== Args={'carousel': 'attract', 'direction': 'forwards', 'item': 'logo'}
2026-02-09 20:03:03,139 : INFO : Timer.attract_carousel_timer : Starting Timer.
2026-02-09 20:03:03,139 : INFO : EventManager : Event: ======'timer_attract_carousel_timer_started'====== Args={'ticks': 0, 'ticks_remaining': 1}
2026-02-09 20:03:03,140 : INFO : EventManager : Event: ======'timer_attract_carousel_timer_tick'====== Args={'ticks': 0, 'ticks_remaining': 1}
2026-02-09 20:03:08,141 : INFO : Timer.attract_carousel_timer : Timer Complete
2026-02-09 20:03:08,141 : INFO : Timer.attract_carousel_timer : Stopping Timer
2026-02-09 20:03:08,141 : INFO : EventManager : Event: ======'timer_attract_carousel_timer_stopped'====== Args={'ticks': 1, 'ticks_remaining': 1}
2026-02-09 20:03:08,141 : INFO : EventManager : Event: ======'timer_attract_carousel_timer_complete'====== Args={'ticks': 1, 'ticks_remaining': 1}
2026-02-09 20:03:08,141 : INFO : EventManager : Event: ======'carousel_item_highlighted'====== Args={'carousel': 'attract', 'direction': 'forwards', 'item': 'title'}
2026-02-09 20:03:08,142 : INFO : Timer.attract_carousel_timer : Starting Timer.
2026-02-09 20:03:08,142 : INFO : EventManager : Event: ======'timer_attract_carousel_timer_started'====== Args={'ticks': 0, 'ticks_remaining': 1}
2026-02-09 20:03:08,142 : INFO : EventManager : Event: ======'timer_attract_carousel_timer_tick'====== Args={'ticks': 0, 'ticks_remaining': 1}
2026-02-09 20:03:13,143 : INFO : Timer.attract_carousel_timer : Timer Complete
2026-02-09 20:03:13,143 : INFO : Timer.attract_carousel_timer : Stopping Timer
2026-02-09 20:03:13,143 : INFO : EventManager : Event: ======'timer_attract_carousel_timer_stopped'====== Args={'ticks': 1, 'ticks_remaining': 1}
2026-02-09 20:03:13,143 : INFO : EventManager : Event: ======'timer_attract_carousel_timer_complete'====== Args={'ticks': 1, 'ticks_remaining': 1}
2026-02-09 20:03:13,144 : INFO : EventManager : Event: ======'carousel_item_highlighted'====== Args={'carousel': 'attract', 'direction': 'forwards', 'item': 'credits'}
2026-02-09 20:03:13,144 : INFO : Timer.attract_carousel_timer : Starting Timer.
2026-02-09 20:03:13,144 : INFO : EventManager : Event: ======'timer_attract_carousel_timer_started'====== Args={'ticks': 0, 'ticks_remaining': 1}
2026-02-09 20:03:13,144 : INFO : EventManager : Event: ======'timer_attract_carousel_timer_tick'====== Args={'ticks': 0, 'ticks_remaining': 1}
2026-02-09 20:03:18,145 : INFO : Timer.attract_carousel_timer : Timer Complete
2026-02-09 20:03:18,145 : INFO : Timer.attract_carousel_timer : Stopping Timer
2026-02-09 20:03:18,146 : INFO : EventManager : Event: ======'timer_attract_carousel_timer_stopped'====== Args={'ticks': 1, 'ticks_remaining': 1}
2026-02-09 20:03:18,146 : INFO : EventManager : Event: ======'timer_attract_carousel_timer_complete'====== Args={'ticks': 1, 'ticks_remaining': 1}
2026-02-09 20:03:18,146 : INFO : EventManager : Event: ======'carousel_item_highlighted'====== Args={'carousel': 'attract', 'direction': 'forwards', 'item': 'logo'}
2026-02-09 20:03:18,147 : INFO : Timer.attract_carousel_timer : Starting Timer.
2026-02-09 20:03:18,147 : INFO : EventManager : Event: ======'timer_attract_carousel_timer_started'====== Args={'ticks': 0, 'ticks_remaining': 1}
2026-02-09 20:03:18,147 : INFO : EventManager : Event: ======'timer_attract_carousel_timer_tick'====== Args={'ticks': 0, 'ticks_remaining': 1}
2026-02-09 20:03:23,148 : INFO : Timer.attract_carousel_timer : Timer Complete
2026-02-09 20:03:23,148 : INFO : Timer.attract_carousel_timer : Stopping Timer
2026-02-09 20:03:23,148 : INFO : EventManager : Event: ======'timer_attract_carousel_timer_stopped'====== Args={'ticks': 1, 'ticks_remaining': 1}
2026-02-09 20:03:23,148 : INFO : EventManager : Event: ======'timer_attract_carousel_timer_complete'====== Args={'ticks': 1, 'ticks_remaining': 1}
2026-02-09 20:03:23,148 : INFO : EventManager : Event: ======'carousel_item_highlighted'====== Args={'carousel': 'attract', 'direction': 'forwards', 'item': 'title'}
2026-02-09 20:03:23,149 : INFO : Timer.attract_carousel_timer : Starting Timer.
2026-02-09 20:03:23,149 : INFO : EventManager : Event: ======'timer_attract_carousel_timer_started'====== Args={'ticks': 0, 'ticks_remaining': 1}
2026-02-09 20:03:23,149 : INFO : EventManager : Event: ======'timer_attract_carousel_timer_tick'====== Args={'ticks': 0, 'ticks_remaining': 1}
2026-02-09 20:03:28,150 : INFO : Timer.attract_carousel_timer : Timer Complete
2026-02-09 20:03:28,150 : INFO : Timer.attract_carousel_timer : Stopping Timer
2026-02-09 20:03:28,150 : INFO : EventManager : Event: ======'timer_attract_carousel_timer_stopped'====== Args={'ticks': 1, 'ticks_remaining': 1}
2026-02-09 20:03:28,150 : INFO : EventManager : Event: ======'timer_attract_carousel_timer_complete'====== Args={'ticks': 1, 'ticks_remaining': 1}
2026-02-09 20:03:28,151 : INFO : EventManager : Event: ======'carousel_item_highlighted'====== Args={'carousel': 'attract', 'direction': 'forwards', 'item': 'credits'}
2026-02-09 20:03:28,151 : INFO : Timer.attract_carousel_timer : Starting Timer.
2026-02-09 20:03:28,152 : INFO : EventManager : Event: ======'timer_attract_carousel_timer_started'====== Args={'ticks': 0, 'ticks_remaining': 1}
2026-02-09 20:03:28,152 : INFO : EventManager : Event: ======'timer_attract_carousel_timer_tick'====== Args={'ticks': 0, 'ticks_remaining': 1}
2026-02-09 20:03:33,152 : INFO : Timer.attract_carousel_timer : Timer Complete
2026-02-09 20:03:33,152 : INFO : Timer.attract_carousel_timer : Stopping Timer
2026-02-09 20:03:33,152 : INFO : EventManager : Event: ======'timer_attract_carousel_timer_stopped'====== Args={'ticks': 1, 'ticks_remaining': 1}
2026-02-09 20:03:33,152 : INFO : EventManager : Event: ======'timer_attract_carousel_timer_complete'====== Args={'ticks': 1, 'ticks_remaining': 1}
2026-02-09 20:03:33,153 : INFO : EventManager : Event: ======'carousel_item_highlighted'====== Args={'carousel': 'attract', 'direction': 'forwards', 'item': 'logo'}
2026-02-09 20:03:33,153 : INFO : Timer.attract_carousel_timer : Starting Timer.
2026-02-09 20:03:33,153 : INFO : EventManager : Event: ======'timer_attract_carousel_timer_started'====== Args={'ticks': 0, 'ticks_remaining': 1}
2026-02-09 20:03:33,153 : INFO : EventManager : Event: ======'timer_attract_carousel_timer_tick'====== Args={'ticks': 0, 'ticks_remaining': 1}
2026-02-09 20:03:38,154 : INFO : Timer.attract_carousel_timer : Timer Complete
2026-02-09 20:03:38,155 : INFO : Timer.attract_carousel_timer : Stopping Timer
2026-02-09 20:03:38,155 : INFO : EventManager : Event: ======'timer_attract_carousel_timer_stopped'====== Args={'ticks': 1, 'ticks_remaining': 1}
2026-02-09 20:03:38,155 : INFO : EventManager : Event: ======'timer_attract_carousel_timer_complete'====== Args={'ticks': 1, 'ticks_remaining': 1}
2026-02-09 20:03:38,156 : INFO : EventManager : Event: ======'carousel_item_highlighted'====== Args={'carousel': 'attract', 'direction': 'forwards', 'item': 'title'}
2026-02-09 20:03:38,156 : INFO : Timer.attract_carousel_timer : Starting Timer.
2026-02-09 20:03:38,156 : INFO : EventManager : Event: ======'timer_attract_carousel_timer_started'====== Args={'ticks': 0, 'ticks_remaining': 1}
2026-02-09 20:03:38,156 : INFO : EventManager : Event: ======'timer_attract_carousel_timer_tick'====== Args={'ticks': 0, 'ticks_remaining': 1}
2026-02-09 20:03:43,158 : INFO : Timer.attract_carousel_timer : Timer Complete
2026-02-09 20:03:43,158 : INFO : Timer.attract_carousel_timer : Stopping Timer
2026-02-09 20:03:43,158 : INFO : EventManager : Event: ======'timer_attract_carousel_timer_stopped'====== Args={'ticks': 1, 'ticks_remaining': 1}
2026-02-09 20:03:43,159 : INFO : EventManager : Event: ======'timer_attract_carousel_timer_complete'====== Args={'ticks': 1, 'ticks_remaining': 1}
2026-02-09 20:03:43,160 : INFO : EventManager : Event: ======'carousel_item_highlighted'====== Args={'carousel': 'attract', 'direction': 'forwards', 'item': 'credits'}
2026-02-09 20:03:43,160 : INFO : Timer.attract_carousel_timer : Starting Timer.
2026-02-09 20:03:43,161 : INFO : EventManager : Event: ======'timer_attract_carousel_timer_started'====== Args={'ticks': 0, 'ticks_remaining': 1}
2026-02-09 20:03:43,161 : INFO : EventManager : Event: ======'timer_attract_carousel_timer_tick'====== Args={'ticks': 0, 'ticks_remaining': 1}
2026-02-09 20:03:48,162 : INFO : Timer.attract_carousel_timer : Timer Complete
2026-02-09 20:03:48,163 : INFO : Timer.attract_carousel_timer : Stopping Timer
2026-02-09 20:03:48,163 : INFO : EventManager : Event: ======'timer_attract_carousel_timer_stopped'====== Args={'ticks': 1, 'ticks_remaining': 1}
2026-02-09 20:03:48,163 : INFO : EventManager : Event: ======'timer_attract_carousel_timer_complete'====== Args={'ticks': 1, 'ticks_remaining': 1}
2026-02-09 20:03:48,163 : INFO : EventManager : Event: ======'carousel_item_highlighted'====== Args={'carousel': 'attract', 'direction': 'forwards', 'item': 'logo'}
2026-02-09 20:03:48,164 : INFO : Timer.attract_carousel_timer : Starting Timer.
2026-02-09 20:03:48,164 : INFO : EventManager : Event: ======'timer_attract_carousel_timer_started'====== Args={'ticks': 0, 'ticks_remaining': 1}
2026-02-09 20:03:48,164 : INFO : EventManager : Event: ======'timer_attract_carousel_timer_tick'====== Args={'ticks': 0, 'ticks_remaining': 1}
2026-02-09 20:03:48,492 : INFO : Machine : Shutting down...
2026-02-09 20:03:48,493 : INFO : EventManager : Event: ======'shutdown'====== Args={}
2026-02-09 20:03:48,495 : INFO : root : MPF run loop ended.
