2026-03-01 19:11:01,650 : INFO : root : Loading config.
2026-03-01 19:11:02,018 : INFO : ConfigProcessor : Config spec file cache created: /var/folders/1s/015t8n3n70gcr2ch4xflj4yr0000gn/T/config_spec.mpf_cache
2026-03-01 19:11:02,019 : INFO : YamlMultifileConfigLoader : Machine config file #1: config.yaml
2026-03-01 19:11:02,019 : INFO : ConfigProcessor : Loading config from cache: /var/folders/1s/015t8n3n70gcr2ch4xflj4yr0000gn/T/954ddabc670342668a09b03520c7eb79.mpf_cache
2026-03-01 19:11:02,082 : INFO : ConfigProcessor : Loading config from cache: /var/folders/1s/015t8n3n70gcr2ch4xflj4yr0000gn/T/64218df07edc412f774c53ffb33c812d.mpf_cache
2026-03-01 19:11:02,083 : INFO : ConfigProcessor : Loading config from cache: /var/folders/1s/015t8n3n70gcr2ch4xflj4yr0000gn/T/767518d75df2d86a4d35c1fb94c70abd.mpf_cache
2026-03-01 19:11:02,084 : INFO : ConfigProcessor : Loading config from cache: /var/folders/1s/015t8n3n70gcr2ch4xflj4yr0000gn/T/64218df07edc412f774c53ffb33c812d.mpf_cache
2026-03-01 19:11:02,084 : INFO : ConfigProcessor : Loading config from cache: /var/folders/1s/015t8n3n70gcr2ch4xflj4yr0000gn/T/73548cb541cc3751ae5711fe0817282a.mpf_cache
2026-03-01 19:11:02,085 : INFO : Machine : Mission Pinball Framework Core Engine v0.80.0.dev13
2026-03-01 19:11:02,085 : INFO : Machine : Command line arguments: {'no_load_cache': False, 'create_config_cache': True, 'bcp': True, 'configfile': ['config.yaml'], 'force_assets_load': False, 'platform_integration_test': False, 'jsonlogging': False, 'logfile': 'logs/2026-03-01-19-11-01-mpf-ANDREs-Mac-mini.local.log', 'pause': False, 'production': False, 'text_ui': False, 'loglevel': 15, 'consoleloglevel': 20, 'force_platform': None, 'syslog_address': None, 'full_logfile_path': '/Users/pinball/NapoleonDynamite/logs/2026-03-01-19-11-01-mpf-ANDREs-Mac-mini.local.log'}
2026-03-01 19:11:02,085 : INFO : Machine : MPF path: /Users/pinball/mpf/lib/python3.14/site-packages/mpf
2026-03-01 19:11:02,085 : INFO : Machine : Machine path: /Users/pinball/NapoleonDynamite
2026-03-01 19:11:02,085 : INFO : Machine : Platform: darwin
2026-03-01 19:11:02,085 : INFO : Machine : Python executable location: /Users/pinball/mpf/bin/python3.14
2026-03-01 19:11:02,085 : INFO : Machine : Python version: 3.14.3 (64-bit)
2026-03-01 19:11:02,087 : INFO : Machine : Initializing MPF...
2026-03-01 19:11:02,170 : INFO : FAST : Auto-detecting ports for the following connections: ['net', 'exp']
2026-03-01 19:11:02,191 : INFO : FAST : Detected NET on port /dev/cu.usbmodem14101
2026-03-01 19:11:02,199 : INFO : FAST : Detected EXP on port /dev/cu.usbmodem14103
2026-03-01 19:11:02,303 : INFO : FAST [NET] : Trying to connect to /dev/cu.usbmodem14101 at 921600bps
2026-03-01 19:11:02,308 : INFO : FAST [NET] : Connected to /dev/cu.usbmodem14101 at 921600bps
2026-03-01 19:11:02,310 : INFO : FAST [NET] : Connected to FP-CPU-2000 with firmware v02.26
2026-03-01 19:11:02,313 : INFO : FAST [NET] : Registered I/O Board 0: Model: FP-I/O-0024, Firmware: 01.10, Switches: 24, Drivers: 8
2026-03-01 19:11:02,314 : INFO : FAST [NET] : Registered I/O Board 1: Model: FP-I/O-3208, Firmware: 01.10, Switches: 32, Drivers: 8
2026-03-01 19:11:02,316 : INFO : FAST [NET] : Registered I/O Board 2: Model: FP-I/O-0804, Firmware: 01.10, Switches: 8, Drivers: 4
2026-03-01 19:11:02,317 : INFO : FAST [EXP] : Trying to connect to /dev/cu.usbmodem14103 at 921600bps
2026-03-01 19:11:02,322 : INFO : FAST [EXP] : Connected to /dev/cu.usbmodem14103 at 921600bps
2026-03-01 19:11:02,324 : INFO : FAST [EXP] : Verifying hardware for EXP "neuron" (FP-EXP-2000, @48) with ID string "EXP FP-EXP-2000  0.34", board address 48
2026-03-01 19:11:02,326 : INFO : FAST [EXP] : Verifying hardware for EXP "neuron" (FP-EXP-2000, @48) with ID string "LED FP-BRK-0001  0.8", board address 480
2026-03-01 19:11:02,327 : INFO : EventManager : Event: ======'machine_var_credits_string'====== Args={'value': 'FREE PLAY', 'prev_value': None, 'change': True}
2026-03-01 19:11:02,344 : INFO : EventManager : Event: ======'machine_var_master_volume'====== Args={'value': 0.5, 'prev_value': None, 'change': True}
2026-03-01 19:11:02,344 : INFO : EventManager : Event: ======'machine_var_mpf_version'====== Args={'value': 'Mission Pinball Framework v0.80.0.dev13', 'prev_value': None, 'change': True}
2026-03-01 19:11:02,344 : INFO : EventManager : Event: ======'machine_var_mpf_extended_version'====== Args={'value': 'Mission Pinball Framework v0.80.0.dev13, Config version:6, Show version: 6, BCP version:1.1', 'prev_value': None, 'change': True}
2026-03-01 19:11:02,344 : INFO : EventManager : Event: ======'machine_var_python_version'====== Args={'value': '3.14.3', 'prev_value': None, 'change': True}
2026-03-01 19:11:02,364 : INFO : EventManager : Event: ======'machine_var_platform'====== Args={'value': 'macOS-14.8.4-x86_64-i386-64bit-Mach-O', 'prev_value': None, 'change': True}
2026-03-01 19:11:02,365 : INFO : EventManager : Event: ======'machine_var_platform_system'====== Args={'value': 'Darwin', 'prev_value': None, 'change': True}
2026-03-01 19:11:02,365 : INFO : EventManager : Event: ======'machine_var_platform_release'====== Args={'value': '23.6.0', 'prev_value': None, 'change': True}
2026-03-01 19:11:02,365 : INFO : EventManager : Event: ======'machine_var_platform_version'====== Args={'value': 'Darwin Kernel Version 23.6.0: Mon Jan 19 22:02:22 PST 2026; root:xnu-10063.141.1.710.3~1/RELEASE_X86_64', 'prev_value': None, 'change': True}
2026-03-01 19:11:02,365 : INFO : EventManager : Event: ======'machine_var_platform_machine'====== Args={'value': 'x86_64', 'prev_value': None, 'change': True}
2026-03-01 19:11:02,365 : INFO : EventManager : Event: ======'machine_var_log_file_path'====== Args={'value': '/Users/pinball/NapoleonDynamite/logs/2026-03-01-19-11-01-mpf-ANDREs-Mac-mini.local.log', 'prev_value': None, 'change': True}
2026-03-01 19:11:02,365 : INFO : EventManager : Event: ======'init_phase_1'====== Args={}
2026-03-01 19:11:02,521 : INFO : SwitchController : <<<<<<< 's_flipper_left_eos' active >>>>>>>
2026-03-01 19:11:02,522 : INFO : SwitchController : <<<<<<< 's_flipper_right_lower_eos' active >>>>>>>
2026-03-01 19:11:02,522 : INFO : SwitchController : <<<<<<< 's_trough_7' active >>>>>>>
2026-03-01 19:11:02,522 : INFO : SwitchController : <<<<<<< 's_bumper_lower' active >>>>>>>
2026-03-01 19:11:02,522 : INFO : SwitchController : <<<<<<< 's_bumper_upper' active >>>>>>>
2026-03-01 19:11:02,522 : INFO : SwitchController : <<<<<<< 's_inlane_right_2' active >>>>>>>
2026-03-01 19:11:02,522 : INFO : SwitchController : <<<<<<< 's_inlane_left' active >>>>>>>
2026-03-01 19:11:02,554 : INFO : EventManager : Event: ======'init_phase_2'====== Args={}
2026-03-01 19:11:02,555 : INFO : SwitchController : Found active switch: (37, [FAST Platform Interface]) <switch.s_flipper_left_eos>
2026-03-01 19:11:02,555 : INFO : SwitchController : Found active switch: (32, [FAST Platform Interface]) <switch.s_flipper_right_lower_eos>
2026-03-01 19:11:02,555 : INFO : SwitchController : Found active switch: (30, [FAST Platform Interface]) <switch.s_trough_7>
2026-03-01 19:11:02,555 : INFO : SwitchController : Found active switch: (41, [FAST Platform Interface]) <switch.s_bumper_lower>
2026-03-01 19:11:02,555 : INFO : SwitchController : Found active switch: (42, [FAST Platform Interface]) <switch.s_bumper_upper>
2026-03-01 19:11:02,555 : INFO : SwitchController : Found active switch: (36, [FAST Platform Interface]) <switch.s_inlane_right_2>
2026-03-01 19:11:02,555 : INFO : SwitchController : Found active switch: (39, [FAST Platform Interface]) <switch.s_inlane_left>
2026-03-01 19:11:02,562 : INFO : EventManager : Event: ======'bcp_connection_attempt'====== Args={'name': 'local_display', 'host': 'localhost', 'port': 5050}
2026-03-01 19:11:02,563 : INFO : BCPClientSocket : Connecting BCP to 'local_display' at localhost:5050...
2026-03-01 19:11:02,582 : INFO : BCPClientSocket : Connected BCP to 'local_display' localhost:5050
2026-03-01 19:11:02,583 : INFO : EventManager : Event: ======'bcp_clients_connected'====== Args={}
2026-03-01 19:11:03,022 : INFO : ball_device.bd_trough : BCH: Initial count: 1
2026-03-01 19:11:03,023 : INFO : ball_device.bd_trough : State: idle
2026-03-01 19:11:03,024 : INFO : ball_device.bd_plunger : BCH: Initial count: 0
2026-03-01 19:11:03,024 : INFO : ball_device.bd_plunger : State: idle
2026-03-01 19:11:03,039 : INFO : EventManager : Event: ======'init_phase_3'====== Args={}
2026-03-01 19:11:03,042 : INFO : EventManager : Event: ======'init_phase_4'====== Args={}
2026-03-01 19:11:03,043 : INFO : BallController : Initial balls found: 1
2026-03-01 19:11:03,044 : INFO : EventManager : Event: ======'machine_var_audits_events_game_ended'====== Args={'value': 0, 'prev_value': None, 'change': True}
2026-03-01 19:11:03,044 : INFO : EventManager : Event: ======'machine_var_audits_events_game_started'====== Args={'value': 33, 'prev_value': None, 'change': True}
2026-03-01 19:11:03,044 : INFO : EventManager : Event: ======'machine_var_audits_missing_switches_s_bumper_lower'====== Args={'value': 2, 'prev_value': None, 'change': True}
2026-03-01 19:11:03,044 : INFO : EventManager : Event: ======'machine_var_audits_missing_switches_s_bumper_upper'====== Args={'value': 2, 'prev_value': None, 'change': True}
2026-03-01 19:11:03,044 : INFO : EventManager : Event: ======'machine_var_audits_missing_switches_s_flipper_left_eos'====== Args={'value': 7, 'prev_value': None, 'change': True}
2026-03-01 19:11:03,044 : INFO : EventManager : Event: ======'machine_var_audits_missing_switches_s_flipper_right_lower_eos'====== Args={'value': 15, 'prev_value': None, 'change': True}
2026-03-01 19:11:03,044 : INFO : EventManager : Event: ======'machine_var_audits_missing_switches_s_flipper_right_upper_eos'====== Args={'value': 19, 'prev_value': None, 'change': True}
2026-03-01 19:11:03,044 : INFO : EventManager : Event: ======'machine_var_audits_missing_switches_s_inlane_left'====== Args={'value': 2, 'prev_value': None, 'change': True}
2026-03-01 19:11:03,045 : INFO : EventManager : Event: ======'machine_var_audits_missing_switches_s_inlane_right_1'====== Args={'value': 2, 'prev_value': None, 'change': True}
2026-03-01 19:11:03,045 : INFO : EventManager : Event: ======'machine_var_audits_missing_switches_s_inlane_right_2'====== Args={'value': 2, 'prev_value': None, 'change': True}
2026-03-01 19:11:03,045 : INFO : EventManager : Event: ======'machine_var_audits_missing_switches_s_scoop_tina'====== Args={'value': 3, 'prev_value': None, 'change': True}
2026-03-01 19:11:03,045 : INFO : EventManager : Event: ======'machine_var_audits_missing_switches_s_sling_left'====== Args={'value': 2, 'prev_value': None, 'change': True}
2026-03-01 19:11:03,045 : INFO : EventManager : Event: ======'machine_var_audits_missing_switches_s_sling_right'====== Args={'value': 2, 'prev_value': None, 'change': True}
2026-03-01 19:11:03,045 : INFO : EventManager : Event: ======'machine_var_audits_missing_switches_s_start'====== Args={'value': 5, 'prev_value': None, 'change': True}
2026-03-01 19:11:03,045 : INFO : EventManager : Event: ======'machine_var_audits_player_score'====== Args={'value': {'average': 0, 'top': [], 'total': 0}, 'prev_value': None, 'change': True}
2026-03-01 19:11:03,045 : INFO : EventManager : Event: ======'machine_var_audits_shots_bumper_lower'====== Args={'value': 76, 'prev_value': None, 'change': True}
2026-03-01 19:11:03,045 : INFO : EventManager : Event: ======'machine_var_audits_shots_bumper_upper'====== Args={'value': 81, 'prev_value': None, 'change': True}
2026-03-01 19:11:03,045 : INFO : EventManager : Event: ======'machine_var_audits_shots_hurryup'====== Args={'value': 3, 'prev_value': None, 'change': True}
2026-03-01 19:11:03,045 : INFO : EventManager : Event: ======'machine_var_audits_shots_inlane_left'====== Args={'value': 17, 'prev_value': None, 'change': True}
2026-03-01 19:11:03,045 : INFO : EventManager : Event: ======'machine_var_audits_shots_left_lane'====== Args={'value': 11, 'prev_value': None, 'change': True}
2026-03-01 19:11:03,045 : INFO : EventManager : Event: ======'machine_var_audits_switches_s_bumper_lower'====== Args={'value': 79, 'prev_value': None, 'change': True}
2026-03-01 19:11:03,045 : INFO : EventManager : Event: ======'machine_var_audits_switches_s_bumper_upper'====== Args={'value': 82, 'prev_value': None, 'change': True}
2026-03-01 19:11:03,045 : INFO : EventManager : Event: ======'machine_var_audits_switches_s_flipper_left'====== Args={'value': 452, 'prev_value': None, 'change': True}
2026-03-01 19:11:03,045 : INFO : EventManager : Event: ======'machine_var_audits_switches_s_flipper_left_eos'====== Args={'value': 181, 'prev_value': None, 'change': True}
2026-03-01 19:11:03,045 : INFO : EventManager : Event: ======'machine_var_audits_switches_s_flipper_right_lower'====== Args={'value': 453, 'prev_value': None, 'change': True}
2026-03-01 19:11:03,046 : INFO : EventManager : Event: ======'machine_var_audits_switches_s_flipper_right_lower_eos'====== Args={'value': 161, 'prev_value': None, 'change': True}
2026-03-01 19:11:03,046 : INFO : EventManager : Event: ======'machine_var_audits_switches_s_flipper_right_upper'====== Args={'value': 469, 'prev_value': None, 'change': True}
2026-03-01 19:11:03,046 : INFO : EventManager : Event: ======'machine_var_audits_switches_s_flipper_right_upper_eos'====== Args={'value': 43, 'prev_value': None, 'change': True}
2026-03-01 19:11:03,046 : INFO : EventManager : Event: ======'machine_var_audits_switches_s_inlane_left'====== Args={'value': 30, 'prev_value': None, 'change': True}
2026-03-01 19:11:03,046 : INFO : EventManager : Event: ======'machine_var_audits_switches_s_inlane_right_1'====== Args={'value': 20, 'prev_value': None, 'change': True}
2026-03-01 19:11:03,046 : INFO : EventManager : Event: ======'machine_var_audits_switches_s_inlane_right_2'====== Args={'value': 4, 'prev_value': None, 'change': True}
2026-03-01 19:11:03,046 : INFO : EventManager : Event: ======'machine_var_audits_switches_s_plunger'====== Args={'value': 13, 'prev_value': None, 'change': True}
2026-03-01 19:11:03,046 : INFO : EventManager : Event: ======'machine_var_audits_switches_s_plunger_lane'====== Args={'value': 29, 'prev_value': None, 'change': True}
2026-03-01 19:11:03,046 : INFO : EventManager : Event: ======'machine_var_audits_switches_s_scoop_tina'====== Args={'value': 11, 'prev_value': None, 'change': True}
2026-03-01 19:11:03,046 : INFO : EventManager : Event: ======'machine_var_audits_switches_s_sling_left'====== Args={'value': 195, 'prev_value': None, 'change': True}
2026-03-01 19:11:03,046 : INFO : EventManager : Event: ======'machine_var_audits_switches_s_sling_right'====== Args={'value': 32, 'prev_value': None, 'change': True}
2026-03-01 19:11:03,046 : INFO : EventManager : Event: ======'machine_var_audits_switches_s_start'====== Args={'value': 31, 'prev_value': None, 'change': True}
2026-03-01 19:11:03,046 : INFO : EventManager : Event: ======'machine_var_audits_switches_s_trough_1'====== Args={'value': 128, 'prev_value': None, 'change': True}
2026-03-01 19:11:03,046 : INFO : EventManager : Event: ======'machine_var_audits_switches_s_trough_2'====== Args={'value': 116, 'prev_value': None, 'change': True}
2026-03-01 19:11:03,046 : INFO : EventManager : Event: ======'machine_var_audits_switches_s_trough_3'====== Args={'value': 142, 'prev_value': None, 'change': True}
2026-03-01 19:11:03,046 : INFO : EventManager : Event: ======'machine_var_audits_switches_s_trough_4'====== Args={'value': 197, 'prev_value': None, 'change': True}
2026-03-01 19:11:03,046 : INFO : EventManager : Event: ======'machine_var_audits_switches_s_trough_5'====== Args={'value': 215, 'prev_value': None, 'change': True}
2026-03-01 19:11:03,046 : INFO : EventManager : Event: ======'machine_var_audits_switches_s_trough_6'====== Args={'value': 211, 'prev_value': None, 'change': True}
2026-03-01 19:11:03,047 : INFO : EventManager : Event: ======'machine_var_audits_switches_s_trough_7'====== Args={'value': 175, 'prev_value': None, 'change': True}
2026-03-01 19:11:03,047 : INFO : EventManager : Event: ======'init_phase_5'====== Args={}
2026-03-01 19:11:03,048 : INFO : ball_device.bd_trough : BCH: Count is unstable. Trying to reorder balls.
2026-03-01 19:11:03,048 : WARNING : ball_device.bd_trough : Cannot reorder device because eject_coil_reorder_pulse is not configured
2026-03-01 19:11:03,048 : INFO : ball_device.bd_trough : BCH: Repulse done. Waiting for balls to settle.
2026-03-01 19:11:03,048 : INFO : ball_device.bd_trough : BCH: Reordered count: 1
2026-03-01 19:11:03,049 : INFO : EventManager : Event: ======'init_done'====== Args={}
2026-03-01 19:11:03,049 : INFO : EventManager : Event: ======'machine_reset_phase_1'====== Args={}
2026-03-01 19:11:03,088 : INFO : EventManager : Event: ======'machine_reset_phase_2'====== Args={}
2026-03-01 19:11:03,089 : INFO : EventManager : Event: ======'machine_reset_phase_3'====== Args={}
2026-03-01 19:11:03,089 : INFO : EventManager : Event: ======'reset_complete'====== Args={}
2026-03-01 19:11:03,090 : INFO : EventManager : Event: ======'mode_attract_will_start'====== Args={}
2026-03-01 19:11:03,090 : INFO : Timer.attract_carousel_timer : Starting Timer.
2026-03-01 19:11:03,090 : INFO : EventManager : Event: ======'timer_attract_carousel_timer_started'====== Args={'ticks': 0, 'ticks_remaining': 1}
2026-03-01 19:11:03,090 : INFO : EventManager : Event: ======'timer_attract_carousel_timer_tick'====== Args={'ticks': 0, 'ticks_remaining': 1}
2026-03-01 19:11:03,091 : INFO : EventManager : Event: ======'mode_attract_starting'====== Args={}
2026-03-01 19:11:03,092 : INFO : Mode.attract : Started. Priority: 10
2026-03-01 19:11:03,092 : INFO : EventManager : Event: ======'modes_active_modes_changed'====== Args={}
2026-03-01 19:11:03,092 : INFO : EventManager : Event: ======'mode_attract_started'====== Args={}
2026-03-01 19:11:03,093 : INFO : EventManager : Event: ======'collecting_balls_complete'====== Args={}
2026-03-01 19:11:03,093 : INFO : EventManager : Event: ======'carousel_item_highlighted'====== Args={'carousel': 'attract', 'direction': None, 'item': 'title'}
2026-03-01 19:11:03,093 : INFO : EventManager : Event: ======'timer_attract_carousel_timer_tick'====== Args={'ticks': 0, 'ticks_remaining': 1}
2026-03-01 19:11:03,094 : INFO : Machine : Starting the main run loop with active modes: [<Mode.attract>]
2026-03-01 19:11:03,317 : INFO : EventManager : Event: ======'slide_attract_created'====== Args={'_from_bcp': True}
2026-03-01 19:11:03,317 : INFO : EventManager : Event: ======'slide__removed'====== Args={'_from_bcp': True}
2026-03-01 19:11:03,318 : INFO : EventManager : Event: ======'slide_attract_active'====== Args={'original_context': 'attract', 'original_calling_context': 'mode_attract_started', 'priority': 10.0, 'cmd': 'slides_play', '_from_bcp': True}
2026-03-01 19:11:05,077 : INFO : SwitchController : <<<<<<< 's_flipper_right_lower' active >>>>>>>
2026-03-01 19:11:05,077 : INFO : EventManager : Event: ======'s_flipper_right_lower_active'====== Args={}
2026-03-01 19:11:05,077 : INFO : EventManager : Event: ======'carousel_item_highlighted'====== Args={'carousel': 'attract', 'direction': 'forwards', 'item': 'credits'}
2026-03-01 19:11:05,078 : INFO : EventManager : Event: ======'timer_attract_carousel_timer_tick'====== Args={'ticks': 0, 'ticks_remaining': 1}
2026-03-01 19:11:05,086 : INFO : SwitchController : <<<<<<< 's_flipper_right_upper' active >>>>>>>
2026-03-01 19:11:05,257 : INFO : SwitchController : <<<<<<< 's_flipper_right_upper' inactive >>>>>>>
2026-03-01 19:11:05,269 : INFO : SwitchController : <<<<<<< 's_flipper_right_lower' inactive >>>>>>>
2026-03-01 19:11:05,377 : INFO : SwitchController : <<<<<<< 's_flipper_right_lower' active >>>>>>>
2026-03-01 19:11:05,377 : INFO : EventManager : Event: ======'s_flipper_right_lower_active'====== Args={}
2026-03-01 19:11:05,377 : INFO : EventManager : Event: ======'carousel_item_highlighted'====== Args={'carousel': 'attract', 'direction': 'forwards', 'item': 'logo'}
2026-03-01 19:11:05,378 : INFO : EventManager : Event: ======'timer_attract_carousel_timer_tick'====== Args={'ticks': 0, 'ticks_remaining': 1}
2026-03-01 19:11:05,379 : INFO : SwitchController : <<<<<<< 's_flipper_right_upper' active >>>>>>>
2026-03-01 19:11:05,544 : INFO : SwitchController : <<<<<<< 's_flipper_right_upper' inactive >>>>>>>
2026-03-01 19:11:05,555 : INFO : SwitchController : <<<<<<< 's_flipper_right_lower' inactive >>>>>>>
2026-03-01 19:11:05,641 : INFO : SwitchController : <<<<<<< 's_flipper_right_lower' active >>>>>>>
2026-03-01 19:11:05,641 : INFO : EventManager : Event: ======'s_flipper_right_lower_active'====== Args={}
2026-03-01 19:11:05,641 : INFO : EventManager : Event: ======'carousel_item_highlighted'====== Args={'carousel': 'attract', 'direction': 'forwards', 'item': 'title'}
2026-03-01 19:11:05,642 : INFO : EventManager : Event: ======'timer_attract_carousel_timer_tick'====== Args={'ticks': 0, 'ticks_remaining': 1}
2026-03-01 19:11:05,646 : INFO : SwitchController : <<<<<<< 's_flipper_right_upper' active >>>>>>>
2026-03-01 19:11:05,779 : INFO : SwitchController : <<<<<<< 's_flipper_right_upper' inactive >>>>>>>
2026-03-01 19:11:05,791 : INFO : SwitchController : <<<<<<< 's_flipper_right_lower' inactive >>>>>>>
2026-03-01 19:11:05,879 : INFO : SwitchController : <<<<<<< 's_flipper_right_lower' active >>>>>>>
2026-03-01 19:11:05,879 : INFO : EventManager : Event: ======'s_flipper_right_lower_active'====== Args={}
2026-03-01 19:11:05,880 : INFO : EventManager : Event: ======'carousel_item_highlighted'====== Args={'carousel': 'attract', 'direction': 'forwards', 'item': 'credits'}
2026-03-01 19:11:05,880 : INFO : EventManager : Event: ======'timer_attract_carousel_timer_tick'====== Args={'ticks': 0, 'ticks_remaining': 1}
2026-03-01 19:11:05,884 : INFO : SwitchController : <<<<<<< 's_flipper_right_upper' active >>>>>>>
2026-03-01 19:11:06,001 : INFO : SwitchController : <<<<<<< 's_flipper_right_upper' inactive >>>>>>>
2026-03-01 19:11:06,011 : INFO : SwitchController : <<<<<<< 's_flipper_right_lower' inactive >>>>>>>
2026-03-01 19:11:06,091 : INFO : SwitchController : <<<<<<< 's_flipper_right_lower' active >>>>>>>
2026-03-01 19:11:06,091 : INFO : EventManager : Event: ======'s_flipper_right_lower_active'====== Args={}
2026-03-01 19:11:06,091 : INFO : EventManager : Event: ======'carousel_item_highlighted'====== Args={'carousel': 'attract', 'direction': 'forwards', 'item': 'logo'}
2026-03-01 19:11:06,092 : INFO : EventManager : Event: ======'timer_attract_carousel_timer_tick'====== Args={'ticks': 0, 'ticks_remaining': 1}
2026-03-01 19:11:06,093 : INFO : SwitchController : <<<<<<< 's_flipper_right_upper' active >>>>>>>
2026-03-01 19:11:06,200 : INFO : SwitchController : <<<<<<< 's_flipper_right_upper' inactive >>>>>>>
2026-03-01 19:11:06,212 : INFO : SwitchController : <<<<<<< 's_flipper_right_lower' inactive >>>>>>>
2026-03-01 19:11:11,093 : INFO : Timer.attract_carousel_timer : Timer Complete
2026-03-01 19:11:11,093 : INFO : Timer.attract_carousel_timer : Stopping Timer
2026-03-01 19:11:11,093 : INFO : EventManager : Event: ======'timer_attract_carousel_timer_stopped'====== Args={'ticks': 1, 'ticks_remaining': 1}
2026-03-01 19:11:11,093 : INFO : EventManager : Event: ======'timer_attract_carousel_timer_complete'====== Args={'ticks': 1, 'ticks_remaining': 1}
2026-03-01 19:11:11,094 : INFO : EventManager : Event: ======'carousel_item_highlighted'====== Args={'carousel': 'attract', 'direction': 'forwards', 'item': 'title'}
2026-03-01 19:11:11,094 : INFO : Timer.attract_carousel_timer : Starting Timer.
2026-03-01 19:11:11,095 : INFO : EventManager : Event: ======'timer_attract_carousel_timer_started'====== Args={'ticks': 0, 'ticks_remaining': 1}
2026-03-01 19:11:11,095 : INFO : EventManager : Event: ======'timer_attract_carousel_timer_tick'====== Args={'ticks': 0, 'ticks_remaining': 1}
2026-03-01 19:11:11,422 : INFO : SwitchController : <<<<<<< 's_start' active >>>>>>>
2026-03-01 19:11:11,519 : INFO : SwitchController : <<<<<<< 's_start' inactive >>>>>>>
2026-03-01 19:11:11,520 : INFO : EventManager : Event: ======'request_to_start_game'====== Args={}
2026-03-01 19:11:11,520 : INFO : EventManager : Event: ======'game_start'====== Args={'buttons': [], 'hold_time': 0.0976576640005078}
2026-03-01 19:11:11,520 : INFO : EventManager : Event: ======'mode_game_will_start'====== Args={'buttons': [], 'hold_time': 0.0976576640005078}
2026-03-01 19:11:11,521 : INFO : EventManager : Event: ======'mode_game_starting'====== Args={'buttons': [], 'hold_time': 0.0976576640005078}
2026-03-01 19:11:11,521 : INFO : EventManager : Event: ======'mode_attract_will_stop'====== Args={}
2026-03-01 19:11:11,521 : INFO : EventManager : Event: ======'mode_attract_stopping'====== Args={}
2026-03-01 19:11:11,521 : INFO : Mode.attract : Stopped.
2026-03-01 19:11:11,521 : INFO : EventManager : Event: ======'modes_active_modes_changed'====== Args={}
2026-03-01 19:11:11,522 : INFO : EventManager : Event: ======'mode_attract_stopped'====== Args={}
2026-03-01 19:11:11,522 : INFO : EventManager : Event: ======'clear'====== Args={'key': 'attract'}
2026-03-01 19:11:11,522 : INFO : Timer.attract_carousel_timer : Stopping Timer
2026-03-01 19:11:11,522 : INFO : EventManager : Event: ======'timer_attract_carousel_timer_stopped'====== Args={'ticks': 0, 'ticks_remaining': 1}
2026-03-01 19:11:11,522 : INFO : Mode.game : Started. Priority: 20
2026-03-01 19:11:11,522 : INFO : EventManager : Event: ======'modes_active_modes_changed'====== Args={}
2026-03-01 19:11:11,522 : INFO : EventManager : Event: ======'mode_game_started'====== Args={'buttons': [], 'hold_time': 0.0976576640005078}
2026-03-01 19:11:11,523 : INFO : EventManager : Event: ======'game_will_start'====== Args={}
2026-03-01 19:11:11,524 : INFO : EventManager : Event: ======'game_starting'====== Args={'game': <Mode.game>}
2026-03-01 19:11:11,525 : INFO : EventManager : Unordered handler for class <Auditor> on event game_ended with priority 1. Handlers: [RegisteredHandler(callback=<bound method Auditor.disable of <Auditor>>, priority=1, kwargs={}, key=UUID('80bdeb20-e7ba-4543-b1ce-7fce1635211f'), condition=None, blocking_facility=None), RegisteredHandler(callback=<bound method Auditor._save_audits of <Auditor>>, priority=1, kwargs={}, key=UUID('51a91073-ba4d-4468-a46c-49e16b02c04a'), condition=None, blocking_facility=None)]. The order of those handlers is not defined and they will be executed in random order. This might lead to race conditions and potential bugs.
2026-03-01 19:11:11,526 : INFO : EventManager : Event: ======'player_add_request'====== Args={}
2026-03-01 19:11:11,526 : INFO : EventManager : Event: ======'player_will_add'====== Args={'number': 1}
2026-03-01 19:11:11,526 : INFO : EventManager : Event: ======'player_adding'====== Args={'player': <Player 1>, 'number': 1}
2026-03-01 19:11:11,526 : INFO : EventManager : Event: ======'player_added'====== Args={'player': <Player 1>, 'num': 1}
2026-03-01 19:11:11,526 : INFO : Mode.game : Player added successfully. Total players: 1
2026-03-01 19:11:11,527 : INFO : EventManager : Event: ======'player_index'====== Args={'value': 0, 'prev_value': 0, 'change': 0, 'player_num': 1}
2026-03-01 19:11:11,527 : INFO : EventManager : Event: ======'player_number'====== Args={'value': 1, 'prev_value': 1, 'change': 0, 'player_num': 1}
2026-03-01 19:11:11,527 : INFO : EventManager : Event: ======'player_score'====== Args={'value': 0, 'prev_value': 0, 'change': 0, 'player_num': 1}
2026-03-01 19:11:11,528 : INFO : EventManager : Event: ======'game_started'====== Args={}
2026-03-01 19:11:11,528 : INFO : EventManager : Event: ======'player_turn_will_start'====== Args={'player': <Player 1>, 'number': 1}
2026-03-01 19:11:11,539 : INFO : EventManager : Event: ======'player_turn_starting'====== Args={'player': <Player 1>, 'number': 1}
2026-03-01 19:11:11,540 : INFO : EventManager : Event: ======'player_ball'====== Args={'value': 1, 'prev_value': 0, 'change': 1, 'player_num': 1}
2026-03-01 19:11:11,540 : INFO : EventManager : Event: ======'player_turn_started'====== Args={'player': <Player 1>, 'number': 1}
2026-03-01 19:11:11,541 : INFO : EventManager : Event: ======'ball_will_start'====== Args={'player': 1, 'ball': 1, 'balls_remaining': 2, 'is_extra_ball': False}
2026-03-01 19:11:11,541 : INFO : EventManager : Event: ======'ball_starting'====== Args={'player': 1, 'ball': 1, 'balls_remaining': 2, 'is_extra_ball': False}
2026-03-01 19:11:11,541 : INFO : EventManager : Event: ======'mode_base_will_start'====== Args={'queue': <QueuedEvent>, 'player': 1, 'ball': 1, 'balls_remaining': 2, 'is_extra_ball': False}
2026-03-01 19:11:11,542 : INFO : EventManager : Event: ======'player_shot_left_lane_enabled'====== Args={'value': True, 'prev_value': 0, 'change': 1, 'player_num': 1}
2026-03-01 19:11:11,543 : INFO : EventManager : Event: ======'mode_base_starting'====== Args={'queue': <QueuedEvent>, 'player': 1, 'ball': 1, 'balls_remaining': 2, 'is_extra_ball': False}
2026-03-01 19:11:11,544 : INFO : Mode.base : Started. Priority: 100
2026-03-01 19:11:11,544 : INFO : EventManager : Event: ======'modes_active_modes_changed'====== Args={}
2026-03-01 19:11:11,544 : INFO : EventManager : Event: ======'mode_base_started'====== Args={'queue': <QueuedEvent>, 'player': 1, 'ball': 1, 'balls_remaining': 2, 'is_extra_ball': False}
2026-03-01 19:11:11,546 : INFO : EventManager : Event: ======'balls_in_play'====== Args={'balls': 1}
2026-03-01 19:11:11,546 : INFO : EventManager : Event: ======'ball_started'====== Args={'player': 1, 'ball': 1, 'balls_remaining': 2, 'is_extra_ball': False}
2026-03-01 19:11:11,547 : INFO : EventManager : Event: ======'single_player_ball_started'====== Args={}
2026-03-01 19:11:11,547 : INFO : EventManager : Event: ======'ball_start_target'====== Args={'target': 'playfield'}
2026-03-01 19:11:11,547 : INFO : ball_device.bd_plunger : Setting up player-controlled eject. Balls: 1, Target: <playfield.playfield>, player_controlled_eject_event: None
2026-03-01 19:11:11,548 : INFO : EventManager : Event: ======'balldevice_balls_available'====== Args={}
2026-03-01 19:11:11,549 : INFO : ball_device.bd_trough : BCH: Count is unstable. Trying to reorder balls.
2026-03-01 19:11:11,549 : WARNING : ball_device.bd_trough : Cannot reorder device because eject_coil_reorder_pulse is not configured
2026-03-01 19:11:11,549 : INFO : ball_device.bd_trough : BCH: Repulse done. Waiting for balls to settle.
2026-03-01 19:11:11,549 : INFO : ball_device.bd_trough : State: waiting_for_target_ready
2026-03-01 19:11:11,549 : INFO : EventManager : Event: ======'balldevice_bd_trough_ball_eject_attempt'====== Args={'balls': 1, 'target': <ball_device.bd_plunger>, 'source': <ball_device.bd_trough>, 'mechanical_eject': True, 'num_attempts': 0}
2026-03-01 19:11:11,550 : INFO : ball_device.bd_plunger : State: waiting_for_ball
2026-03-01 19:11:11,551 : INFO : ball_device.bd_trough : State: ejecting
2026-03-01 19:11:11,551 : INFO : ball_device.bd_trough : Ejecting ball to <ball_device.bd_plunger>
2026-03-01 19:11:11,551 : INFO : EventManager : Event: ======'balldevice_bd_trough_ejecting_ball'====== Args={'balls': 1, 'target': <ball_device.bd_plunger>, 'source': <ball_device.bd_trough>, 'mechanical_eject': True, 'num_attempts': 0}
2026-03-01 19:11:11,552 : INFO : ball_device.bd_trough : Wait for ball to leave device
2026-03-01 19:11:11,553 : INFO : coil.c_trough_eject : Pulsing Driver for 15ms (1.0 pulse_power)
2026-03-01 19:11:11,577 : INFO : SwitchController : <<<<<<< 's_trough_1' active >>>>>>>
2026-03-01 19:11:11,577 : INFO : EventManager : Event: ======'machine_var_audits_switches_s_trough_1'====== Args={'value': 129, 'prev_value': 128, 'change': 1}
2026-03-01 19:11:11,578 : INFO : SwitchController : <<<<<<< 's_trough_7' inactive >>>>>>>
2026-03-01 19:11:11,579 : INFO : ball_device.bd_trough : State: ball_left
2026-03-01 19:11:11,579 : INFO : ball_device.bd_trough : Ball left
2026-03-01 19:11:11,579 : INFO : ball_device.bd_trough : Wait for confirm with timeout 3.0
2026-03-01 19:11:11,594 : INFO : SwitchController : <<<<<<< 's_trough_7' active >>>>>>>
2026-03-01 19:11:11,594 : INFO : EventManager : Event: ======'machine_var_audits_switches_s_trough_7'====== Args={'value': 176, 'prev_value': 175, 'change': 1}
2026-03-01 19:11:11,601 : INFO : EventManager : Event: ======'slide_base_slide_created'====== Args={'_from_bcp': True}
2026-03-01 19:11:11,601 : INFO : EventManager : Event: ======'slide_attract_inactive'====== Args={'is_removing': True, '_from_bcp': True}
2026-03-01 19:11:11,602 : INFO : EventManager : Event: ======'slide_base_slide_active'====== Args={'original_context': 'base', 'original_calling_context': 'mode_base_started', 'priority': 100.0, 'queue': '<QueuedEvent>', 'player': 1.0, 'ball': 1.0, 'balls_remaining': 2.0, 'is_extra_ball': False, 'cmd': 'slides_play', '_from_bcp': True}
2026-03-01 19:11:11,602 : INFO : EventManager : Event: ======'slide_attract_removed'====== Args={'_from_bcp': True}
2026-03-01 19:11:11,762 : INFO : SwitchController : <<<<<<< 's_trough_2' active >>>>>>>
2026-03-01 19:11:11,762 : INFO : EventManager : Event: ======'machine_var_audits_switches_s_trough_2'====== Args={'value': 117, 'prev_value': 116, 'change': 1}
2026-03-01 19:11:11,763 : INFO : SwitchController : <<<<<<< 's_trough_6' active >>>>>>>
2026-03-01 19:11:11,763 : INFO : EventManager : Event: ======'machine_var_audits_switches_s_trough_6'====== Args={'value': 212, 'prev_value': 211, 'change': 1}
2026-03-01 19:11:11,765 : INFO : SwitchController : <<<<<<< 's_trough_5' active >>>>>>>
2026-03-01 19:11:11,765 : INFO : EventManager : Event: ======'machine_var_audits_switches_s_trough_5'====== Args={'value': 216, 'prev_value': 215, 'change': 1}
2026-03-01 19:11:11,766 : INFO : SwitchController : <<<<<<< 's_trough_4' active >>>>>>>
2026-03-01 19:11:11,766 : INFO : EventManager : Event: ======'machine_var_audits_switches_s_trough_4'====== Args={'value': 198, 'prev_value': 197, 'change': 1}
2026-03-01 19:11:11,771 : INFO : SwitchController : <<<<<<< 's_trough_3' active >>>>>>>
2026-03-01 19:11:11,771 : INFO : EventManager : Event: ======'machine_var_audits_switches_s_trough_3'====== Args={'value': 143, 'prev_value': 142, 'change': 1}
2026-03-01 19:11:11,802 : INFO : SwitchController : <<<<<<< 's_trough_4' inactive >>>>>>>
2026-03-01 19:11:11,803 : INFO : SwitchController : <<<<<<< 's_trough_5' inactive >>>>>>>
2026-03-01 19:11:11,806 : INFO : SwitchController : <<<<<<< 's_trough_3' inactive >>>>>>>
2026-03-01 19:11:11,809 : INFO : SwitchController : <<<<<<< 's_trough_2' inactive >>>>>>>
2026-03-01 19:11:11,833 : INFO : SwitchController : <<<<<<< 's_trough_1' inactive >>>>>>>
2026-03-01 19:11:11,891 : INFO : SwitchController : <<<<<<< 's_plunger' active >>>>>>>
2026-03-01 19:11:11,891 : INFO : EventManager : Event: ======'machine_var_audits_switches_s_plunger'====== Args={'value': 14, 'prev_value': 13, 'change': 1}
2026-03-01 19:11:12,392 : INFO : ball_device.bd_plunger : Received ball from <ball_device.bd_trough>
2026-03-01 19:11:12,393 : INFO : EventManager : Event: ======'balldevice_bd_plunger_ball_enter'====== Args={'new_balls': 1, 'unclaimed_balls': 0, 'new_available_balls': 0, 'device': <ball_device.bd_plunger>}
2026-03-01 19:11:12,393 : INFO : EventManager : Event: ======'balldevice_bd_plunger_ball_entered'====== Args={'new_balls': 0, 'device': <ball_device.bd_plunger>}
2026-03-01 19:11:12,393 : INFO : EventManager : Event: ======'balldevice_bd_plunger_ball_count_changed'====== Args={'balls': 1}
2026-03-01 19:11:12,394 : INFO : ball_device.bd_trough : Got eject confirm
2026-03-01 19:11:12,394 : INFO : ball_device.bd_trough : Eject successful
2026-03-01 19:11:12,394 : INFO : EventManager : Event: ======'balldevice_bd_trough_ball_eject_success'====== Args={'balls': 1, 'target': <ball_device.bd_plunger>}
2026-03-01 19:11:12,394 : INFO : ball_device.bd_plunger : State: waiting_for_target_ready
2026-03-01 19:11:12,394 : INFO : EventManager : Event: ======'balldevice_bd_plunger_ball_eject_attempt'====== Args={'balls': 1, 'target': <playfield.playfield>, 'source': <ball_device.bd_plunger>, 'mechanical_eject': True, 'num_attempts': 0}
2026-03-01 19:11:12,394 : INFO : EventManager : Event: ======'balldevice_bd_trough_ball_count_changed'====== Args={'balls': 0}
2026-03-01 19:11:12,394 : INFO : ball_device.bd_trough : State: idle
2026-03-01 19:11:12,395 : INFO : EventManager : Event: ======'balldevice_bd_trough_ball_count_changed'====== Args={'balls': 2}
2026-03-01 19:11:12,395 : INFO : ball_device.bd_trough : Received unexpected ball
2026-03-01 19:11:12,395 : INFO : EventManager : Event: ======'balldevice_captured_from_playfield'====== Args={'balls': 1}
2026-03-01 19:11:12,395 : INFO : ball_device.bd_plunger : State: ejecting
2026-03-01 19:11:12,395 : INFO : ball_device.bd_plunger : Ejecting ball to <playfield.playfield>
2026-03-01 19:11:12,395 : INFO : EventManager : Event: ======'balldevice_bd_plunger_ejecting_ball'====== Args={'balls': 1, 'target': <playfield.playfield>, 'source': <ball_device.bd_plunger>, 'mechanical_eject': True, 'num_attempts': 0}
2026-03-01 19:11:12,395 : INFO : EventManager : Event: ======'sw_playfield_active'====== Args={'balls': 1}
2026-03-01 19:11:12,395 : INFO : EventManager : Event: ======'playfield_active'====== Args={'source': None}
2026-03-01 19:11:12,395 : INFO : EventManager : Event: ======'unexpected_ball_on_playfield'====== Args={}
2026-03-01 19:11:12,396 : INFO : EventManager : Event: ======'playfield_ball_count_change'====== Args={'balls': -1, 'change': -1}
2026-03-01 19:11:12,396 : INFO : EventManager : Event: ======'balldevice_playfield_ball_enter'====== Args={'new_balls': 1, 'unclaimed_balls': 1, 'device': <playfield.playfield>}
2026-03-01 19:11:12,396 : INFO : EventManager : Event: ======'playfield_ball_count_change'====== Args={'balls': 0, 'change': 1}
2026-03-01 19:11:12,396 : INFO : BallController : Found a new ball which was captured from playfield. Known balls: 2
2026-03-01 19:11:12,396 : INFO : EventManager : Event: ======'found_new_ball'====== Args={}
2026-03-01 19:11:12,396 : INFO : EventManager : Event: ======'balldevice_bd_trough_ball_enter'====== Args={'new_balls': 1, 'unclaimed_balls': 1, 'new_available_balls': 1, 'device': <ball_device.bd_trough>}
2026-03-01 19:11:12,396 : INFO : EventManager : Event: ======'ball_drain'====== Args={'device': <ball_device.bd_trough>, 'balls': 1}
2026-03-01 19:11:12,397 : INFO : ball_device.bd_plunger : Wait for ball to leave device
2026-03-01 19:11:12,397 : INFO : EventManager : Event: ======'ball_will_end'====== Args={}
2026-03-01 19:11:12,397 : INFO : EventManager : Event: ======'balldevice_balls_available'====== Args={}
2026-03-01 19:11:12,397 : INFO : EventManager : Event: ======'balldevice_bd_trough_ball_entered'====== Args={'new_balls': 1, 'device': <ball_device.bd_trough>}
2026-03-01 19:11:12,397 : INFO : ball_device.bd_trough : Received unexpected ball
2026-03-01 19:11:12,397 : INFO : EventManager : Event: ======'balldevice_captured_from_playfield'====== Args={'balls': 1}
2026-03-01 19:11:12,398 : INFO : EventManager : Event: ======'mode_base_will_stop'====== Args={}
2026-03-01 19:11:12,398 : INFO : EventManager : Event: ======'mode_base_stopping'====== Args={}
2026-03-01 19:11:12,398 : INFO : EventManager : Event: ======'sw_playfield_active'====== Args={'balls': 1}
2026-03-01 19:11:12,398 : INFO : EventManager : Event: ======'playfield_active'====== Args={'source': None}
2026-03-01 19:11:12,398 : INFO : EventManager : Event: ======'playfield_ball_count_change'====== Args={'balls': -1, 'change': -1}
2026-03-01 19:11:12,398 : INFO : Mode.base : Stopped.
2026-03-01 19:11:12,398 : INFO : EventManager : Event: ======'modes_active_modes_changed'====== Args={}
2026-03-01 19:11:12,399 : INFO : EventManager : Event: ======'mode_base_stopped'====== Args={}
2026-03-01 19:11:12,399 : INFO : EventManager : Event: ======'clear'====== Args={'key': 'base'}
2026-03-01 19:11:12,401 : INFO : EventManager : Event: ======'balldevice_playfield_ball_enter'====== Args={'new_balls': 1, 'unclaimed_balls': 1, 'device': <playfield.playfield>}
2026-03-01 19:11:12,401 : INFO : EventManager : Event: ======'playfield_ball_count_change'====== Args={'balls': 0, 'change': 1}
2026-03-01 19:11:12,401 : INFO : BallController : Found a new ball which was captured from playfield. Known balls: 3
2026-03-01 19:11:12,401 : INFO : EventManager : Event: ======'found_new_ball'====== Args={}
2026-03-01 19:11:12,401 : INFO : EventManager : Event: ======'balldevice_bd_trough_ball_enter'====== Args={'new_balls': 1, 'unclaimed_balls': 1, 'new_available_balls': 1, 'device': <ball_device.bd_trough>}
2026-03-01 19:11:12,402 : INFO : EventManager : Event: ======'ball_drain'====== Args={'device': <ball_device.bd_trough>, 'balls': 1}
2026-03-01 19:11:12,402 : INFO : EventManager : Event: ======'ball_ending'====== Args={}
2026-03-01 19:11:12,402 : INFO : EventManager : Event: ======'balldevice_balls_available'====== Args={}
2026-03-01 19:11:12,402 : INFO : EventManager : Event: ======'balldevice_bd_trough_ball_entered'====== Args={'new_balls': 1, 'device': <ball_device.bd_trough>}
2026-03-01 19:11:12,403 : INFO : EventManager : Event: ======'ball_ended'====== Args={}
2026-03-01 19:11:12,404 : INFO : EventManager : Event: ======'player_turn_will_end'====== Args={'player': <Player 1>, 'number': 1}
2026-03-01 19:11:12,405 : INFO : EventManager : Event: ======'player_turn_ending'====== Args={'player': <Player 1>, 'number': 1}
2026-03-01 19:11:12,405 : INFO : EventManager : Event: ======'player_turn_ended'====== Args={'player': <Player 1>, 'number': 1}
2026-03-01 19:11:12,406 : INFO : EventManager : Event: ======'player_turn_will_start'====== Args={'player': <Player 1>, 'number': 1}
2026-03-01 19:11:12,406 : INFO : EventManager : Event: ======'player_turn_starting'====== Args={'player': <Player 1>, 'number': 1}
2026-03-01 19:11:12,407 : INFO : EventManager : Event: ======'player_ball'====== Args={'value': 2, 'prev_value': 1, 'change': 1, 'player_num': 1}
2026-03-01 19:11:12,407 : INFO : EventManager : Event: ======'player_turn_started'====== Args={'player': <Player 1>, 'number': 1}
2026-03-01 19:11:12,408 : INFO : EventManager : Event: ======'ball_will_start'====== Args={'player': 1, 'ball': 2, 'balls_remaining': 1, 'is_extra_ball': False}
2026-03-01 19:11:12,408 : INFO : BallController : Found 1 ball(s) on playfield.
2026-03-01 19:11:12,408 : WARNING : BallController : Playfields still contain balls. Waiting for those to drain.
2026-03-01 19:11:13,409 : INFO : BallController : Found 1 ball(s) on playfield.
2026-03-01 19:11:13,410 : WARNING : BallController : Playfields still contain balls. Waiting for those to drain.
2026-03-01 19:11:14,311 : INFO : SwitchController : <<<<<<< 's_plunger' inactive >>>>>>>
2026-03-01 19:11:14,312 : INFO : ball_device.bd_plunger : State: ball_left
2026-03-01 19:11:14,312 : INFO : ball_device.bd_plunger : Ball left
2026-03-01 19:11:14,312 : INFO : ball_device.bd_plunger : Wait for confirm with timeout 10.0
2026-03-01 19:11:14,410 : INFO : BallController : Found 1 ball(s) on playfield.
2026-03-01 19:11:14,410 : WARNING : BallController : Playfields still contain balls. Waiting for those to drain.
2026-03-01 19:11:15,410 : INFO : BallController : Found 1 ball(s) on playfield.
2026-03-01 19:11:15,410 : WARNING : BallController : Playfields still contain balls. Waiting for those to drain.
2026-03-01 19:11:16,411 : INFO : BallController : Found 1 ball(s) on playfield.
2026-03-01 19:11:16,411 : WARNING : BallController : Playfields still contain balls. Waiting for those to drain.
2026-03-01 19:11:16,906 : INFO : SwitchController : <<<<<<< 's_flipper_right_lower' active >>>>>>>
2026-03-01 19:11:16,906 : INFO : EventManager : Event: ======'machine_var_audits_switches_s_flipper_right_lower'====== Args={'value': 454, 'prev_value': 453, 'change': 1}
2026-03-01 19:11:16,914 : INFO : SwitchController : <<<<<<< 's_flipper_right_upper' active >>>>>>>
2026-03-01 19:11:16,915 : INFO : EventManager : Event: ======'machine_var_audits_switches_s_flipper_right_upper'====== Args={'value': 470, 'prev_value': 469, 'change': 1}
2026-03-01 19:11:17,043 : INFO : SwitchController : <<<<<<< 's_flipper_right_upper' inactive >>>>>>>
2026-03-01 19:11:17,050 : INFO : SwitchController : <<<<<<< 's_flipper_right_lower' inactive >>>>>>>
2026-03-01 19:11:17,051 : INFO : SwitchController : <<<<<<< 's_flipper_left' active >>>>>>>
2026-03-01 19:11:17,051 : INFO : EventManager : Event: ======'machine_var_audits_switches_s_flipper_left'====== Args={'value': 453, 'prev_value': 452, 'change': 1}
2026-03-01 19:11:17,155 : INFO : SwitchController : <<<<<<< 's_flipper_right_lower' active >>>>>>>
2026-03-01 19:11:17,155 : INFO : EventManager : Event: ======'machine_var_audits_switches_s_flipper_right_lower'====== Args={'value': 455, 'prev_value': 454, 'change': 1}
2026-03-01 19:11:17,158 : INFO : SwitchController : <<<<<<< 's_flipper_right_upper' active >>>>>>>
2026-03-01 19:11:17,158 : INFO : EventManager : Event: ======'machine_var_audits_switches_s_flipper_right_upper'====== Args={'value': 471, 'prev_value': 470, 'change': 1}
2026-03-01 19:11:17,184 : INFO : SwitchController : <<<<<<< 's_flipper_left' inactive >>>>>>>
2026-03-01 19:11:17,254 : INFO : SwitchController : <<<<<<< 's_flipper_right_upper' inactive >>>>>>>
2026-03-01 19:11:17,260 : INFO : SwitchController : <<<<<<< 's_flipper_right_lower' inactive >>>>>>>
2026-03-01 19:11:17,298 : INFO : SwitchController : <<<<<<< 's_flipper_left' active >>>>>>>
2026-03-01 19:11:17,298 : INFO : EventManager : Event: ======'machine_var_audits_switches_s_flipper_left'====== Args={'value': 454, 'prev_value': 453, 'change': 1}
2026-03-01 19:11:17,374 : INFO : SwitchController : <<<<<<< 's_flipper_right_lower' active >>>>>>>
2026-03-01 19:11:17,374 : INFO : EventManager : Event: ======'machine_var_audits_switches_s_flipper_right_lower'====== Args={'value': 456, 'prev_value': 455, 'change': 1}
2026-03-01 19:11:17,376 : INFO : SwitchController : <<<<<<< 's_flipper_right_upper' active >>>>>>>
2026-03-01 19:11:17,376 : INFO : EventManager : Event: ======'machine_var_audits_switches_s_flipper_right_upper'====== Args={'value': 472, 'prev_value': 471, 'change': 1}
2026-03-01 19:11:17,377 : INFO : SwitchController : <<<<<<< 's_flipper_left' inactive >>>>>>>
2026-03-01 19:11:17,411 : INFO : BallController : Found 1 ball(s) on playfield.
2026-03-01 19:11:17,412 : WARNING : BallController : Playfields still contain balls. Waiting for those to drain.
2026-03-01 19:11:17,451 : INFO : SwitchController : <<<<<<< 's_flipper_right_upper' inactive >>>>>>>
2026-03-01 19:11:17,458 : INFO : SwitchController : <<<<<<< 's_flipper_right_lower' inactive >>>>>>>
2026-03-01 19:11:17,481 : INFO : SwitchController : <<<<<<< 's_flipper_left' active >>>>>>>
2026-03-01 19:11:17,481 : INFO : EventManager : Event: ======'machine_var_audits_switches_s_flipper_left'====== Args={'value': 455, 'prev_value': 454, 'change': 1}
2026-03-01 19:11:17,569 : INFO : SwitchController : <<<<<<< 's_flipper_right_lower' active >>>>>>>
2026-03-01 19:11:17,569 : INFO : EventManager : Event: ======'machine_var_audits_switches_s_flipper_right_lower'====== Args={'value': 457, 'prev_value': 456, 'change': 1}
2026-03-01 19:11:17,570 : INFO : SwitchController : <<<<<<< 's_flipper_right_upper' active >>>>>>>
2026-03-01 19:11:17,570 : INFO : EventManager : Event: ======'machine_var_audits_switches_s_flipper_right_upper'====== Args={'value': 473, 'prev_value': 472, 'change': 1}
2026-03-01 19:11:17,571 : INFO : SwitchController : <<<<<<< 's_flipper_left' inactive >>>>>>>
2026-03-01 19:11:17,665 : INFO : SwitchController : <<<<<<< 's_flipper_right_upper' inactive >>>>>>>
2026-03-01 19:11:17,671 : INFO : SwitchController : <<<<<<< 's_flipper_right_lower' inactive >>>>>>>
2026-03-01 19:11:17,684 : INFO : SwitchController : <<<<<<< 's_flipper_left' active >>>>>>>
2026-03-01 19:11:17,685 : INFO : EventManager : Event: ======'machine_var_audits_switches_s_flipper_left'====== Args={'value': 456, 'prev_value': 455, 'change': 1}
2026-03-01 19:11:17,775 : INFO : SwitchController : <<<<<<< 's_flipper_right_lower' active >>>>>>>
2026-03-01 19:11:17,775 : INFO : EventManager : Event: ======'machine_var_audits_switches_s_flipper_right_lower'====== Args={'value': 458, 'prev_value': 457, 'change': 1}
2026-03-01 19:11:17,776 : INFO : SwitchController : <<<<<<< 's_flipper_right_upper' active >>>>>>>
2026-03-01 19:11:17,776 : INFO : EventManager : Event: ======'machine_var_audits_switches_s_flipper_right_upper'====== Args={'value': 474, 'prev_value': 473, 'change': 1}
2026-03-01 19:11:17,783 : INFO : SwitchController : <<<<<<< 's_flipper_left' inactive >>>>>>>
2026-03-01 19:11:17,895 : INFO : SwitchController : <<<<<<< 's_flipper_right_upper' inactive >>>>>>>
2026-03-01 19:11:17,899 : INFO : SwitchController : <<<<<<< 's_flipper_left' active >>>>>>>
2026-03-01 19:11:17,899 : INFO : EventManager : Event: ======'machine_var_audits_switches_s_flipper_left'====== Args={'value': 457, 'prev_value': 456, 'change': 1}
2026-03-01 19:11:17,900 : INFO : SwitchController : <<<<<<< 's_flipper_right_lower' inactive >>>>>>>
2026-03-01 19:11:18,033 : INFO : SwitchController : <<<<<<< 's_flipper_left' inactive >>>>>>>
2026-03-01 19:11:18,412 : INFO : BallController : Found 1 ball(s) on playfield.
2026-03-01 19:11:18,412 : WARNING : BallController : Playfields still contain balls. Waiting for those to drain.
2026-03-01 19:11:19,413 : INFO : BallController : Found 1 ball(s) on playfield.
2026-03-01 19:11:19,413 : WARNING : BallController : Playfields still contain balls. Waiting for those to drain.
2026-03-01 19:11:20,413 : INFO : BallController : Found 1 ball(s) on playfield.
2026-03-01 19:11:20,413 : WARNING : BallController : Playfields still contain balls. Waiting for those to drain.
2026-03-01 19:11:21,414 : INFO : BallController : Found 1 ball(s) on playfield.
2026-03-01 19:11:21,414 : WARNING : BallController : Playfields still contain balls. Waiting for those to drain.
2026-03-01 19:11:22,414 : INFO : BallController : Found 1 ball(s) on playfield.
2026-03-01 19:11:22,414 : WARNING : BallController : Playfields still contain balls. Waiting for those to drain.
2026-03-01 19:11:23,415 : INFO : BallController : Found 1 ball(s) on playfield.
2026-03-01 19:11:23,416 : WARNING : BallController : Playfields still contain balls. Waiting for those to drain.
2026-03-01 19:11:24,023 : INFO : SwitchController : <<<<<<< 's_trough_6' inactive >>>>>>>
2026-03-01 19:11:24,312 : INFO : ball_device.bd_plunger : State: failed_confirm
2026-03-01 19:11:24,312 : INFO : ball_device.bd_plunger : Got timeout (10.0s) before confirm from <playfield.playfield>
2026-03-01 19:11:24,413 : INFO : ball_device.bd_plunger : Confirming eject because target is playfield and ball did not return.
2026-03-01 19:11:24,413 : INFO : ball_device.bd_plunger : Eject successful
2026-03-01 19:11:24,413 : INFO : EventManager : Event: ======'balldevice_bd_plunger_ball_eject_success'====== Args={'balls': 1, 'target': <playfield.playfield>}
2026-03-01 19:11:24,414 : INFO : EventManager : Event: ======'balldevice_playfield_ball_enter'====== Args={'new_balls': 1, 'unclaimed_balls': 1, 'device': <playfield.playfield>}
2026-03-01 19:11:24,414 : INFO : EventManager : Event: ======'playfield_ball_count_change'====== Args={'balls': 1, 'change': 1}
2026-03-01 19:11:24,414 : INFO : EventManager : Event: ======'balldevice_bd_plunger_ball_count_changed'====== Args={'balls': 0}
2026-03-01 19:11:24,414 : INFO : ball_device.bd_plunger : State: idle
2026-03-01 19:11:24,416 : INFO : BallController : Found 1 ball(s) on playfield.
2026-03-01 19:11:24,416 : WARNING : BallController : Playfields still contain balls. Waiting for those to drain.
2026-03-01 19:11:24,523 : INFO : ball_device.bd_trough : BCH: Count is unstable. Trying to reorder balls.
2026-03-01 19:11:24,523 : WARNING : ball_device.bd_trough : Cannot reorder device because eject_coil_reorder_pulse is not configured
2026-03-01 19:11:24,523 : INFO : ball_device.bd_trough : BCH: Repulse done. Waiting for balls to settle.
2026-03-01 19:11:25,417 : INFO : BallController : Found 1 ball(s) on playfield.
2026-03-01 19:11:25,417 : WARNING : BallController : Playfields still contain balls. Waiting for those to drain.
2026-03-01 19:11:26,073 : INFO : SwitchController : <<<<<<< 's_plunger' active >>>>>>>
2026-03-01 19:11:26,073 : INFO : EventManager : Event: ======'machine_var_audits_switches_s_plunger'====== Args={'value': 15, 'prev_value': 14, 'change': 1}
2026-03-01 19:11:26,418 : INFO : BallController : Found 1 ball(s) on playfield.
2026-03-01 19:11:26,418 : WARNING : BallController : Playfields still contain balls. Waiting for those to drain.
2026-03-01 19:11:26,574 : INFO : EventManager : Event: ======'balldevice_bd_plunger_ball_count_changed'====== Args={'balls': 1}
2026-03-01 19:11:26,574 : INFO : ball_device.bd_plunger : Received unexpected ball
2026-03-01 19:11:26,574 : INFO : EventManager : Event: ======'balldevice_captured_from_playfield'====== Args={'balls': 1}
2026-03-01 19:11:26,575 : INFO : EventManager : Event: ======'sw_playfield_active'====== Args={'balls': 1}
2026-03-01 19:11:26,575 : INFO : EventManager : Event: ======'playfield_ball_count_change'====== Args={'balls': 0, 'change': -1}
2026-03-01 19:11:26,575 : INFO : EventManager : Event: ======'balldevice_bd_plunger_ball_enter'====== Args={'new_balls': 1, 'unclaimed_balls': 1, 'new_available_balls': 1, 'device': <ball_device.bd_plunger>}
2026-03-01 19:11:26,576 : INFO : ball_device.bd_plunger : Ejecting 1 unexpected balls using path deque([<ball_device.bd_plunger>, <playfield.playfield>])
2026-03-01 19:11:26,576 : INFO : EventManager : Event: ======'balldevice_balls_available'====== Args={}
2026-03-01 19:11:26,576 : INFO : EventManager : Event: ======'balldevice_balls_available'====== Args={}
2026-03-01 19:11:26,576 : INFO : EventManager : Event: ======'balldevice_bd_plunger_ball_entered'====== Args={'new_balls': 1, 'device': <ball_device.bd_plunger>}
2026-03-01 19:11:26,577 : INFO : ball_device.bd_plunger : State: waiting_for_target_ready
2026-03-01 19:11:26,577 : INFO : EventManager : Event: ======'balldevice_bd_plunger_ball_eject_attempt'====== Args={'balls': 1, 'target': <playfield.playfield>, 'source': <ball_device.bd_plunger>, 'mechanical_eject': False, 'num_attempts': 0}
2026-03-01 19:11:26,577 : INFO : ball_device.bd_plunger : State: ejecting
2026-03-01 19:11:26,578 : INFO : ball_device.bd_plunger : Ejecting ball to <playfield.playfield>
2026-03-01 19:11:26,578 : INFO : EventManager : Event: ======'balldevice_bd_plunger_ejecting_ball'====== Args={'balls': 1, 'target': <playfield.playfield>, 'source': <ball_device.bd_plunger>, 'mechanical_eject': False, 'num_attempts': 0}
2026-03-01 19:11:26,578 : INFO : ball_device.bd_plunger : Wait for ball to leave device
2026-03-01 19:11:27,419 : INFO : BallController : Found 1 ball(s) on playfield.
2026-03-01 19:11:27,419 : WARNING : BallController : Playfields still contain balls. Waiting for those to drain.
2026-03-01 19:11:28,419 : INFO : BallController : Found 1 ball(s) on playfield.
2026-03-01 19:11:28,419 : WARNING : BallController : Playfields still contain balls. Waiting for those to drain.
2026-03-01 19:11:29,420 : INFO : BallController : Found 1 ball(s) on playfield.
2026-03-01 19:11:29,420 : WARNING : BallController : Playfields still contain balls. Waiting for those to drain.
2026-03-01 19:11:30,421 : INFO : BallController : Found 1 ball(s) on playfield.
2026-03-01 19:11:30,421 : WARNING : BallController : Playfields still contain balls. Waiting for those to drain.
2026-03-01 19:11:30,775 : INFO : SwitchController : <<<<<<< 's_plunger' inactive >>>>>>>
2026-03-01 19:11:30,776 : INFO : ball_device.bd_plunger : State: ball_left
2026-03-01 19:11:30,776 : INFO : ball_device.bd_plunger : Ball left
2026-03-01 19:11:30,777 : INFO : ball_device.bd_plunger : Wait for confirm with timeout 10.0
2026-03-01 19:11:31,412 : INFO : SwitchController : <<<<<<< 's_plunger' active >>>>>>>
2026-03-01 19:11:31,412 : INFO : EventManager : Event: ======'machine_var_audits_switches_s_plunger'====== Args={'value': 16, 'prev_value': 15, 'change': 1}
2026-03-01 19:11:31,422 : INFO : BallController : Found 1 ball(s) on playfield.
2026-03-01 19:11:31,422 : WARNING : BallController : Playfields still contain balls. Waiting for those to drain.
2026-03-01 19:11:31,460 : INFO : SwitchController : <<<<<<< 's_plunger' inactive >>>>>>>
2026-03-01 19:11:32,423 : INFO : BallController : Found 1 ball(s) on playfield.
2026-03-01 19:11:32,423 : WARNING : BallController : Playfields still contain balls. Waiting for those to drain.
2026-03-01 19:11:32,849 : INFO : SwitchController : <<<<<<< 's_plunger' active >>>>>>>
2026-03-01 19:11:32,849 : INFO : EventManager : Event: ======'machine_var_audits_switches_s_plunger'====== Args={'value': 17, 'prev_value': 16, 'change': 1}
2026-03-01 19:11:33,330 : INFO : SwitchController : <<<<<<< 's_plunger' inactive >>>>>>>
2026-03-01 19:11:33,424 : INFO : BallController : Found 1 ball(s) on playfield.
2026-03-01 19:11:33,425 : WARNING : BallController : Playfields still contain balls. Waiting for those to drain.
2026-03-01 19:11:34,426 : INFO : BallController : Found 1 ball(s) on playfield.
2026-03-01 19:11:34,426 : WARNING : BallController : Playfields still contain balls. Waiting for those to drain.
2026-03-01 19:11:34,568 : INFO : SwitchController : <<<<<<< 's_plunger' active >>>>>>>
2026-03-01 19:11:34,568 : INFO : EventManager : Event: ======'machine_var_audits_switches_s_plunger'====== Args={'value': 18, 'prev_value': 17, 'change': 1}
2026-03-01 19:11:34,871 : INFO : SwitchController : <<<<<<< 's_plunger' inactive >>>>>>>
2026-03-01 19:11:35,363 : INFO : SwitchController : <<<<<<< 's_plunger' active >>>>>>>
2026-03-01 19:11:35,364 : INFO : EventManager : Event: ======'machine_var_audits_switches_s_plunger'====== Args={'value': 19, 'prev_value': 18, 'change': 1}
2026-03-01 19:11:35,426 : INFO : BallController : Found 1 ball(s) on playfield.
2026-03-01 19:11:35,426 : WARNING : BallController : Playfields still contain balls. Waiting for those to drain.
2026-03-01 19:11:36,428 : INFO : BallController : Found 1 ball(s) on playfield.
2026-03-01 19:11:36,428 : WARNING : BallController : Playfields still contain balls. Waiting for those to drain.
2026-03-01 19:11:36,909 : INFO : SwitchController : <<<<<<< 's_plunger' inactive >>>>>>>
2026-03-01 19:11:37,429 : INFO : BallController : Found 1 ball(s) on playfield.
2026-03-01 19:11:37,429 : WARNING : BallController : Playfields still contain balls. Waiting for those to drain.
2026-03-01 19:11:37,439 : INFO : SwitchController : <<<<<<< 's_plunger' active >>>>>>>
2026-03-01 19:11:37,439 : INFO : EventManager : Event: ======'machine_var_audits_switches_s_plunger'====== Args={'value': 20, 'prev_value': 19, 'change': 1}
2026-03-01 19:11:37,786 : INFO : SwitchController : <<<<<<< 's_plunger' inactive >>>>>>>
2026-03-01 19:11:38,386 : INFO : SwitchController : <<<<<<< 's_plunger' active >>>>>>>
2026-03-01 19:11:38,386 : INFO : EventManager : Event: ======'machine_var_audits_switches_s_plunger'====== Args={'value': 21, 'prev_value': 20, 'change': 1}
2026-03-01 19:11:38,430 : INFO : BallController : Found 1 ball(s) on playfield.
2026-03-01 19:11:38,430 : WARNING : BallController : Playfields still contain balls. Waiting for those to drain.
2026-03-01 19:11:38,683 : INFO : SwitchController : <<<<<<< 's_plunger' inactive >>>>>>>
2026-03-01 19:11:39,431 : INFO : BallController : Found 1 ball(s) on playfield.
2026-03-01 19:11:39,431 : WARNING : BallController : Playfields still contain balls. Waiting for those to drain.
2026-03-01 19:11:40,068 : INFO : SwitchController : <<<<<<< 's_plunger' active >>>>>>>
2026-03-01 19:11:40,068 : INFO : EventManager : Event: ======'machine_var_audits_switches_s_plunger'====== Args={'value': 22, 'prev_value': 21, 'change': 1}
2026-03-01 19:11:40,273 : INFO : SwitchController : <<<<<<< 's_plunger' inactive >>>>>>>
2026-03-01 19:11:40,432 : INFO : BallController : Found 1 ball(s) on playfield.
2026-03-01 19:11:40,433 : WARNING : BallController : Playfields still contain balls. Waiting for those to drain.
2026-03-01 19:11:40,459 : INFO : SwitchController : <<<<<<< 's_plunger' active >>>>>>>
2026-03-01 19:11:40,459 : INFO : EventManager : Event: ======'machine_var_audits_switches_s_plunger'====== Args={'value': 23, 'prev_value': 22, 'change': 1}
2026-03-01 19:11:40,597 : INFO : SwitchController : <<<<<<< 's_plunger' inactive >>>>>>>
2026-03-01 19:11:40,777 : INFO : ball_device.bd_plunger : State: failed_confirm
2026-03-01 19:11:40,777 : INFO : ball_device.bd_plunger : Got timeout (10.0s) before confirm from <playfield.playfield>
2026-03-01 19:11:40,804 : INFO : SwitchController : <<<<<<< 's_plunger' active >>>>>>>
2026-03-01 19:11:40,805 : INFO : EventManager : Event: ======'machine_var_audits_switches_s_plunger'====== Args={'value': 24, 'prev_value': 23, 'change': 1}
2026-03-01 19:11:40,877 : INFO : ball_device.bd_plunger : Confirming eject because target is playfield and ball did not return.
2026-03-01 19:11:40,878 : INFO : ball_device.bd_plunger : Eject successful
2026-03-01 19:11:40,878 : INFO : EventManager : Event: ======'balldevice_bd_plunger_ball_eject_success'====== Args={'balls': 1, 'target': <playfield.playfield>}
2026-03-01 19:11:40,878 : INFO : EventManager : Event: ======'balldevice_playfield_ball_enter'====== Args={'new_balls': 1, 'unclaimed_balls': 1, 'device': <playfield.playfield>}
2026-03-01 19:11:40,878 : INFO : EventManager : Event: ======'playfield_ball_count_change'====== Args={'balls': 1, 'change': 1}
2026-03-01 19:11:40,879 : INFO : EventManager : Event: ======'balldevice_bd_plunger_ball_count_changed'====== Args={'balls': 0}
2026-03-01 19:11:40,879 : INFO : ball_device.bd_plunger : State: idle
2026-03-01 19:11:40,924 : INFO : SwitchController : <<<<<<< 's_plunger' inactive >>>>>>>
2026-03-01 19:11:41,093 : INFO : SwitchController : <<<<<<< 's_plunger' active >>>>>>>
2026-03-01 19:11:41,094 : INFO : EventManager : Event: ======'machine_var_audits_switches_s_plunger'====== Args={'value': 25, 'prev_value': 24, 'change': 1}
2026-03-01 19:11:41,291 : INFO : SwitchController : <<<<<<< 's_plunger' inactive >>>>>>>
2026-03-01 19:11:41,433 : INFO : BallController : Found 1 ball(s) on playfield.
2026-03-01 19:11:41,433 : WARNING : BallController : Playfields still contain balls. Waiting for those to drain.
2026-03-01 19:11:42,434 : INFO : BallController : Found 1 ball(s) on playfield.
2026-03-01 19:11:42,434 : WARNING : BallController : Playfields still contain balls. Waiting for those to drain.
2026-03-01 19:11:43,435 : INFO : BallController : Found 1 ball(s) on playfield.
2026-03-01 19:11:43,436 : WARNING : BallController : Playfields still contain balls. Waiting for those to drain.
2026-03-01 19:11:44,436 : INFO : BallController : Found 1 ball(s) on playfield.
2026-03-01 19:11:44,437 : WARNING : BallController : Playfields still contain balls. Waiting for those to drain.
2026-03-01 19:11:45,437 : INFO : BallController : Found 1 ball(s) on playfield.
2026-03-01 19:11:45,437 : WARNING : BallController : Playfields still contain balls. Waiting for those to drain.
2026-03-01 19:11:46,438 : INFO : BallController : Found 1 ball(s) on playfield.
2026-03-01 19:11:46,438 : WARNING : BallController : Playfields still contain balls. Waiting for those to drain.
2026-03-01 19:11:47,439 : INFO : BallController : Found 1 ball(s) on playfield.
2026-03-01 19:11:47,440 : WARNING : BallController : Playfields still contain balls. Waiting for those to drain.
2026-03-01 19:11:48,440 : INFO : BallController : Found 1 ball(s) on playfield.
2026-03-01 19:11:48,440 : WARNING : BallController : Playfields still contain balls. Waiting for those to drain.
2026-03-01 19:11:49,441 : INFO : BallController : Found 1 ball(s) on playfield.
2026-03-01 19:11:49,441 : WARNING : BallController : Playfields still contain balls. Waiting for those to drain.
2026-03-01 19:11:50,442 : INFO : BallController : Found 1 ball(s) on playfield.
2026-03-01 19:11:50,442 : WARNING : BallController : Playfields still contain balls. Waiting for those to drain.
2026-03-01 19:11:51,442 : INFO : BallController : Found 1 ball(s) on playfield.
2026-03-01 19:11:51,443 : WARNING : BallController : Playfields still contain balls. Waiting for those to drain.
2026-03-01 19:11:52,193 : INFO : Machine : Shutting down...
2026-03-01 19:11:52,194 : INFO : EventManager : Event: ======'shutdown'====== Args={}
2026-03-01 19:11:52,195 : INFO : EventManager : Event: ======'mode_game_will_stop'====== Args={}
2026-03-01 19:11:52,195 : INFO : EventManager : Event: ======'mode_game_stopping'====== Args={}
2026-03-01 19:11:52,195 : INFO : Mode.game : Stopped.
2026-03-01 19:11:52,196 : INFO : EventManager : Event: ======'modes_active_modes_changed'====== Args={}
2026-03-01 19:11:52,196 : INFO : EventManager : Event: ======'mode_game_stopped'====== Args={}
2026-03-01 19:11:52,196 : INFO : EventManager : Event: ======'clear'====== Args={'key': 'game'}
2026-03-01 19:11:52,302 : INFO : root : MPF run loop ended.
