2026-03-01 11:32:48,800 : INFO : root : Loading config.
2026-03-01 11:32:49,133 : INFO : ConfigProcessor : Config spec file cache created: /var/folders/1s/015t8n3n70gcr2ch4xflj4yr0000gn/T/config_spec.mpf_cache
2026-03-01 11:32:49,133 : INFO : YamlMultifileConfigLoader : Machine config file #1: config.yaml
2026-03-01 11:32:49,134 : INFO : ConfigProcessor : Loading config from cache: /var/folders/1s/015t8n3n70gcr2ch4xflj4yr0000gn/T/954ddabc670342668a09b03520c7eb79.mpf_cache
2026-03-01 11:32:49,185 : INFO : ConfigProcessor : Loading config from cache: /var/folders/1s/015t8n3n70gcr2ch4xflj4yr0000gn/T/64218df07edc412f774c53ffb33c812d.mpf_cache
2026-03-01 11:32:49,186 : INFO : ConfigProcessor : Loading config from cache: /var/folders/1s/015t8n3n70gcr2ch4xflj4yr0000gn/T/767518d75df2d86a4d35c1fb94c70abd.mpf_cache
2026-03-01 11:32:49,187 : INFO : ConfigProcessor : Loading config from cache: /var/folders/1s/015t8n3n70gcr2ch4xflj4yr0000gn/T/64218df07edc412f774c53ffb33c812d.mpf_cache
2026-03-01 11:32:49,187 : INFO : ConfigProcessor : Loading config from cache: /var/folders/1s/015t8n3n70gcr2ch4xflj4yr0000gn/T/73548cb541cc3751ae5711fe0817282a.mpf_cache
2026-03-01 11:32:49,188 : INFO : ConfigProcessor : Loading config from cache: /var/folders/1s/015t8n3n70gcr2ch4xflj4yr0000gn/T/57f006170cd447d443f971cd8b826597.mpf_cache
2026-03-01 11:32:49,188 : INFO : ConfigProcessor : Loading config from cache: /var/folders/1s/015t8n3n70gcr2ch4xflj4yr0000gn/T/adb0ea3e4ccf2dafa758999a39c1d676.mpf_cache
2026-03-01 11:32:49,189 : INFO : Machine : Mission Pinball Framework Core Engine v0.80.0.dev13
2026-03-01 11:32:49,189 : INFO : Machine : Command line arguments: {'no_load_cache': False, 'create_config_cache': True, 'bcp': True, 'configfile': ['config.yaml'], 'force_assets_load': False, 'platform_integration_test': False, 'jsonlogging': False, 'logfile': 'logs/2026-03-01-11-32-48-mpf-ANDREs-Mac-mini.local.log', 'pause': False, 'production': False, 'text_ui': True, 'loglevel': 15, 'consoleloglevel': 20, 'force_platform': None, 'syslog_address': None, 'full_logfile_path': '/Users/pinball/NapoleonDynamite/logs/2026-03-01-11-32-48-mpf-ANDREs-Mac-mini.local.log'}
2026-03-01 11:32:49,189 : INFO : Machine : MPF path: /Users/pinball/mpf/lib/python3.14/site-packages/mpf
2026-03-01 11:32:49,189 : INFO : Machine : Machine path: /Users/pinball/NapoleonDynamite
2026-03-01 11:32:49,190 : INFO : Machine : Platform: darwin
2026-03-01 11:32:49,190 : INFO : Machine : Python executable location: /Users/pinball/mpf/bin/python3.14
2026-03-01 11:32:49,190 : INFO : Machine : Python version: 3.14.3 (64-bit)
2026-03-01 11:32:49,191 : INFO : Machine : Initializing MPF...
2026-03-01 11:32:49,270 : INFO : FAST : Auto-detecting ports for the following connections: ['net', 'exp']
2026-03-01 11:32:49,292 : INFO : FAST : Detected NET on port /dev/cu.usbmodem14101
2026-03-01 11:32:49,300 : INFO : FAST : Detected EXP on port /dev/cu.usbmodem14103
2026-03-01 11:32:49,403 : INFO : FAST [NET] : Trying to connect to /dev/cu.usbmodem14101 at 921600bps
2026-03-01 11:32:49,408 : INFO : FAST [NET] : Connected to /dev/cu.usbmodem14101 at 921600bps
2026-03-01 11:32:49,411 : INFO : FAST [NET] : Connected to FP-CPU-2000 with firmware v02.26
2026-03-01 11:32:49,413 : INFO : FAST [NET] : Registered I/O Board 0: Model: FP-I/O-0024, Firmware: 01.10, Switches: 24, Drivers: 8
2026-03-01 11:32:49,414 : INFO : FAST [NET] : Registered I/O Board 1: Model: FP-I/O-3208, Firmware: 01.10, Switches: 32, Drivers: 8
2026-03-01 11:32:49,415 : INFO : FAST [NET] : Registered I/O Board 2: Model: FP-I/O-0804, Firmware: 01.10, Switches: 8, Drivers: 4
2026-03-01 11:32:49,417 : INFO : FAST [EXP] : Trying to connect to /dev/cu.usbmodem14103 at 921600bps
2026-03-01 11:32:49,423 : INFO : FAST [EXP] : Connected to /dev/cu.usbmodem14103 at 921600bps
2026-03-01 11:32:49,424 : INFO : FAST [EXP] : Verifying hardware for EXP "neuron" (FP-EXP-2000, @48) with ID string "EXP FP-EXP-2000  0.34", board address 48
2026-03-01 11:32:49,425 : INFO : FAST [EXP] : Verifying hardware for EXP "neuron" (FP-EXP-2000, @48) with ID string "LED FP-BRK-0001  0.8", board address 480
2026-03-01 11:32:49,426 : INFO : EventManager : Event: ======'machine_var_credits_string'====== Args={'value': 'FREE PLAY', 'prev_value': None, 'change': True}
2026-03-01 11:32:49,441 : INFO : EventManager : Event: ======'machine_var_master_volume'====== Args={'value': 0.5, 'prev_value': None, 'change': True}
2026-03-01 11:32:49,441 : INFO : EventManager : Event: ======'machine_var_mpf_version'====== Args={'value': 'Mission Pinball Framework v0.80.0.dev13', 'prev_value': None, 'change': True}
2026-03-01 11:32:49,442 : INFO : EventManager : Event: ======'machine_var_mpf_extended_version'====== Args={'value': 'Mission Pinball Framework v0.80.0.dev13, Config version:6, Show version: 6, BCP version:1.1', 'prev_value': None, 'change': True}
2026-03-01 11:32:49,442 : INFO : EventManager : Event: ======'machine_var_python_version'====== Args={'value': '3.14.3', 'prev_value': None, 'change': True}
2026-03-01 11:32:49,461 : INFO : EventManager : Event: ======'machine_var_platform'====== Args={'value': 'macOS-14.8.4-x86_64-i386-64bit-Mach-O', 'prev_value': None, 'change': True}
2026-03-01 11:32:49,462 : INFO : EventManager : Event: ======'machine_var_platform_system'====== Args={'value': 'Darwin', 'prev_value': None, 'change': True}
2026-03-01 11:32:49,462 : INFO : EventManager : Event: ======'machine_var_platform_release'====== Args={'value': '23.6.0', 'prev_value': None, 'change': True}
2026-03-01 11:32:49,462 : INFO : EventManager : Event: ======'machine_var_platform_version'====== Args={'value': 'Darwin Kernel Version 23.6.0: Mon Jan 19 22:02:22 PST 2026; root:xnu-10063.141.1.710.3~1/RELEASE_X86_64', 'prev_value': None, 'change': True}
2026-03-01 11:32:49,462 : INFO : EventManager : Event: ======'machine_var_platform_machine'====== Args={'value': 'x86_64', 'prev_value': None, 'change': True}
2026-03-01 11:32:49,462 : INFO : EventManager : Event: ======'machine_var_log_file_path'====== Args={'value': '/Users/pinball/NapoleonDynamite/logs/2026-03-01-11-32-48-mpf-ANDREs-Mac-mini.local.log', 'prev_value': None, 'change': True}
2026-03-01 11:32:49,462 : INFO : EventManager : Event: ======'init_phase_1'====== Args={}
2026-03-01 11:32:49,629 : INFO : SwitchController : <<<<<<< 's_flipper_left_eos' active >>>>>>>
2026-03-01 11:32:49,629 : INFO : SwitchController : <<<<<<< 's_flipper_right_lower_eos' active >>>>>>>
2026-03-01 11:32:49,629 : INFO : SwitchController : <<<<<<< 's_trough_7' active >>>>>>>
2026-03-01 11:32:49,630 : INFO : SwitchController : <<<<<<< 's_bumper_lower' active >>>>>>>
2026-03-01 11:32:49,630 : INFO : SwitchController : <<<<<<< 's_bumper_upper' active >>>>>>>
2026-03-01 11:32:49,630 : INFO : SwitchController : <<<<<<< 's_inlane_right_2' active >>>>>>>
2026-03-01 11:32:49,630 : INFO : SwitchController : <<<<<<< 's_inlane_left' active >>>>>>>
2026-03-01 11:32:49,662 : INFO : EventManager : Event: ======'init_phase_2'====== Args={}
2026-03-01 11:32:49,663 : INFO : SwitchController : Found active switch: (37, [FAST Platform Interface]) <switch.s_flipper_left_eos>
2026-03-01 11:32:49,663 : INFO : SwitchController : Found active switch: (32, [FAST Platform Interface]) <switch.s_flipper_right_lower_eos>
2026-03-01 11:32:49,663 : INFO : SwitchController : Found active switch: (30, [FAST Platform Interface]) <switch.s_trough_7>
2026-03-01 11:32:49,663 : INFO : SwitchController : Found active switch: (41, [FAST Platform Interface]) <switch.s_bumper_lower>
2026-03-01 11:32:49,663 : INFO : SwitchController : Found active switch: (42, [FAST Platform Interface]) <switch.s_bumper_upper>
2026-03-01 11:32:49,663 : INFO : SwitchController : Found active switch: (36, [FAST Platform Interface]) <switch.s_inlane_right_2>
2026-03-01 11:32:49,663 : INFO : SwitchController : Found active switch: (39, [FAST Platform Interface]) <switch.s_inlane_left>
2026-03-01 11:32:49,671 : INFO : EventManager : Event: ======'bcp_connection_attempt'====== Args={'name': 'local_display', 'host': 'localhost', 'port': 5050}
2026-03-01 11:32:49,673 : INFO : BCPClientSocket : Connecting BCP to 'local_display' at localhost:5050...
2026-03-01 11:32:54,178 : INFO : BCPClientSocket : Connected BCP to 'local_display' localhost:5050
2026-03-01 11:32:54,178 : INFO : EventManager : Event: ======'bcp_clients_connected'====== Args={}
2026-03-01 11:32:54,181 : INFO : ball_device.bd_trough : BCH: Initial count: 1
2026-03-01 11:32:54,182 : INFO : ball_device.bd_trough : State: idle
2026-03-01 11:32:54,182 : INFO : ball_device.bd_plunger : BCH: Initial count: 0
2026-03-01 11:32:54,182 : INFO : ball_device.bd_plunger : State: idle
2026-03-01 11:32:54,197 : INFO : EventManager : Event: ======'init_phase_3'====== Args={}
2026-03-01 11:32:54,203 : INFO : EventManager : Event: ======'init_phase_4'====== Args={}
2026-03-01 11:32:54,204 : INFO : BallController : Initial balls found: 1
2026-03-01 11:32:54,205 : INFO : EventManager : Event: ======'machine_var_audits_events_game_ended'====== Args={'value': 0, 'prev_value': None, 'change': True}
2026-03-01 11:32:54,206 : INFO : EventManager : Event: ======'machine_var_audits_events_game_started'====== Args={'value': 14, 'prev_value': None, 'change': True}
2026-03-01 11:32:54,206 : INFO : EventManager : Event: ======'machine_var_audits_missing_switches_s_bumper_lower'====== Args={'value': 5, 'prev_value': None, 'change': True}
2026-03-01 11:32:54,206 : INFO : EventManager : Event: ======'machine_var_audits_missing_switches_s_bumper_upper'====== Args={'value': 6, 'prev_value': None, 'change': True}
2026-03-01 11:32:54,206 : INFO : EventManager : Event: ======'machine_var_audits_missing_switches_s_inlane_left'====== Args={'value': 5, 'prev_value': None, 'change': True}
2026-03-01 11:32:54,206 : INFO : EventManager : Event: ======'machine_var_audits_missing_switches_s_inlane_right_1'====== Args={'value': 2, 'prev_value': None, 'change': True}
2026-03-01 11:32:54,206 : INFO : EventManager : Event: ======'machine_var_audits_missing_switches_s_inlane_right_2'====== Args={'value': 5, 'prev_value': None, 'change': True}
2026-03-01 11:32:54,206 : INFO : EventManager : Event: ======'machine_var_audits_missing_switches_s_scoop_tina'====== Args={'value': 2, 'prev_value': None, 'change': True}
2026-03-01 11:32:54,206 : INFO : EventManager : Event: ======'machine_var_audits_player_score'====== Args={'value': {'average': 0, 'top': [], 'total': 0}, 'prev_value': None, 'change': True}
2026-03-01 11:32:54,207 : INFO : EventManager : Event: ======'machine_var_audits_shots_bumper_lower'====== Args={'value': 76, 'prev_value': None, 'change': True}
2026-03-01 11:32:54,207 : INFO : EventManager : Event: ======'machine_var_audits_shots_bumper_upper'====== Args={'value': 81, 'prev_value': None, 'change': True}
2026-03-01 11:32:54,207 : INFO : EventManager : Event: ======'machine_var_audits_shots_hurryup'====== Args={'value': 3, 'prev_value': None, 'change': True}
2026-03-01 11:32:54,207 : INFO : EventManager : Event: ======'machine_var_audits_shots_inlane_left'====== Args={'value': 17, 'prev_value': None, 'change': True}
2026-03-01 11:32:54,207 : INFO : EventManager : Event: ======'machine_var_audits_shots_left_lane'====== Args={'value': 8, 'prev_value': None, 'change': True}
2026-03-01 11:32:54,207 : INFO : EventManager : Event: ======'machine_var_audits_switches_s_bumper_lower'====== Args={'value': 76, 'prev_value': None, 'change': True}
2026-03-01 11:32:54,207 : INFO : EventManager : Event: ======'machine_var_audits_switches_s_bumper_upper'====== Args={'value': 81, 'prev_value': None, 'change': True}
2026-03-01 11:32:54,207 : INFO : EventManager : Event: ======'machine_var_audits_switches_s_flipper_left'====== Args={'value': 79, 'prev_value': None, 'change': True}
2026-03-01 11:32:54,207 : INFO : EventManager : Event: ======'machine_var_audits_switches_s_flipper_left_eos'====== Args={'value': 48, 'prev_value': None, 'change': True}
2026-03-01 11:32:54,207 : INFO : EventManager : Event: ======'machine_var_audits_switches_s_flipper_right_lower'====== Args={'value': 117, 'prev_value': None, 'change': True}
2026-03-01 11:32:54,207 : INFO : EventManager : Event: ======'machine_var_audits_switches_s_flipper_right_lower_eos'====== Args={'value': 72, 'prev_value': None, 'change': True}
2026-03-01 11:32:54,207 : INFO : EventManager : Event: ======'machine_var_audits_switches_s_flipper_right_upper'====== Args={'value': 123, 'prev_value': None, 'change': True}
2026-03-01 11:32:54,207 : INFO : EventManager : Event: ======'machine_var_audits_switches_s_flipper_right_upper_eos'====== Args={'value': 43, 'prev_value': None, 'change': True}
2026-03-01 11:32:54,208 : INFO : EventManager : Event: ======'machine_var_audits_switches_s_inlane_left'====== Args={'value': 27, 'prev_value': None, 'change': True}
2026-03-01 11:32:54,208 : INFO : EventManager : Event: ======'machine_var_audits_switches_s_inlane_right_1'====== Args={'value': 9, 'prev_value': None, 'change': True}
2026-03-01 11:32:54,208 : INFO : EventManager : Event: ======'machine_var_audits_switches_s_inlane_right_2'====== Args={'value': 3, 'prev_value': None, 'change': True}
2026-03-01 11:32:54,208 : INFO : EventManager : Event: ======'machine_var_audits_switches_s_plunger_lane'====== Args={'value': 8, 'prev_value': None, 'change': True}
2026-03-01 11:32:54,208 : INFO : EventManager : Event: ======'machine_var_audits_switches_s_scoop_tina'====== Args={'value': 1, 'prev_value': None, 'change': True}
2026-03-01 11:32:54,208 : INFO : EventManager : Event: ======'machine_var_audits_switches_s_sling_left'====== Args={'value': 168, 'prev_value': None, 'change': True}
2026-03-01 11:32:54,208 : INFO : EventManager : Event: ======'machine_var_audits_switches_s_sling_right'====== Args={'value': 9, 'prev_value': None, 'change': True}
2026-03-01 11:32:54,208 : INFO : EventManager : Event: ======'machine_var_audits_switches_s_start'====== Args={'value': 17, 'prev_value': None, 'change': True}
2026-03-01 11:32:54,208 : INFO : EventManager : Event: ======'machine_var_audits_switches_s_trough_1'====== Args={'value': 13, 'prev_value': None, 'change': True}
2026-03-01 11:32:54,208 : INFO : EventManager : Event: ======'machine_var_audits_switches_s_trough_2'====== Args={'value': 15, 'prev_value': None, 'change': True}
2026-03-01 11:32:54,208 : INFO : EventManager : Event: ======'machine_var_audits_switches_s_trough_3'====== Args={'value': 22, 'prev_value': None, 'change': True}
2026-03-01 11:32:54,208 : INFO : EventManager : Event: ======'machine_var_audits_switches_s_trough_4'====== Args={'value': 31, 'prev_value': None, 'change': True}
2026-03-01 11:32:54,208 : INFO : EventManager : Event: ======'machine_var_audits_switches_s_trough_5'====== Args={'value': 42, 'prev_value': None, 'change': True}
2026-03-01 11:32:54,209 : INFO : EventManager : Event: ======'machine_var_audits_switches_s_trough_6'====== Args={'value': 48, 'prev_value': None, 'change': True}
2026-03-01 11:32:54,209 : INFO : EventManager : Event: ======'machine_var_audits_switches_s_trough_7'====== Args={'value': 13, 'prev_value': None, 'change': True}
2026-03-01 11:32:54,209 : INFO : EventManager : Event: ======'init_phase_5'====== Args={}
2026-03-01 11:32:54,210 : INFO : ball_device.bd_trough : BCH: Count is unstable. Trying to reorder balls.
2026-03-01 11:32:54,210 : WARNING : ball_device.bd_trough : Cannot reorder device because eject_coil_reorder_pulse is not configured
2026-03-01 11:32:54,210 : INFO : ball_device.bd_trough : BCH: Repulse done. Waiting for balls to settle.
2026-03-01 11:32:54,210 : INFO : ball_device.bd_trough : BCH: Reordered count: 1
2026-03-01 11:32:54,210 : INFO : EventManager : Event: ======'init_done'====== Args={}
2026-03-01 11:32:54,211 : INFO : EventManager : Event: ======'machine_reset_phase_1'====== Args={}
2026-03-01 11:32:54,541 : INFO : EventManager : Event: ======'machine_reset_phase_2'====== Args={}
2026-03-01 11:32:54,542 : INFO : EventManager : Event: ======'machine_reset_phase_3'====== Args={}
2026-03-01 11:32:54,544 : INFO : EventManager : Event: ======'reset_complete'====== Args={}
2026-03-01 11:32:54,544 : INFO : EventManager : Event: ======'mode_attract_will_start'====== Args={}
2026-03-01 11:32:54,545 : INFO : Timer.attract_carousel_timer : Starting Timer.
2026-03-01 11:32:54,545 : INFO : EventManager : Event: ======'timer_attract_carousel_timer_started'====== Args={'ticks': 0, 'ticks_remaining': 1}
2026-03-01 11:32:54,545 : INFO : EventManager : Event: ======'timer_attract_carousel_timer_tick'====== Args={'ticks': 0, 'ticks_remaining': 1}
2026-03-01 11:32:54,547 : INFO : EventManager : Event: ======'mode_attract_starting'====== Args={}
2026-03-01 11:32:54,547 : INFO : Mode.attract : Started. Priority: 10
2026-03-01 11:32:54,547 : INFO : EventManager : Event: ======'modes_active_modes_changed'====== Args={}
2026-03-01 11:32:54,547 : INFO : EventManager : Event: ======'mode_attract_started'====== Args={}
2026-03-01 11:32:54,549 : INFO : EventManager : Event: ======'collecting_balls_complete'====== Args={}
2026-03-01 11:32:54,549 : INFO : EventManager : Event: ======'carousel_item_highlighted'====== Args={'carousel': 'attract', 'direction': None, 'item': 'title'}
2026-03-01 11:32:54,549 : INFO : EventManager : Event: ======'timer_attract_carousel_timer_tick'====== Args={'ticks': 0, 'ticks_remaining': 1}
2026-03-01 11:32:54,550 : INFO : Machine : Starting the main run loop with active modes: [<Mode.attract>]
2026-03-01 11:32:55,034 : INFO : EventManager : Event: ======'slide_attract_created'====== Args={'_from_bcp': True}
2026-03-01 11:32:55,034 : INFO : EventManager : Event: ======'slide__removed'====== Args={'_from_bcp': True}
2026-03-01 11:32:55,035 : INFO : EventManager : Event: ======'slide_attract_active'====== Args={'original_context': 'attract', 'original_calling_context': 'mode_attract_started', 'priority': 10.0, 'cmd': 'slides_play', '_from_bcp': True}
2026-03-01 11:32:58,275 : INFO : SwitchController : <<<<<<< 's_start' active >>>>>>>
2026-03-01 11:32:58,282 : INFO : SwitchController : <<<<<<< 's_start' inactive >>>>>>>
2026-03-01 11:32:58,283 : INFO : EventManager : Event: ======'request_to_start_game'====== Args={}
2026-03-01 11:32:58,283 : INFO : EventManager : Event: ======'game_start'====== Args={'buttons': [], 'hold_time': 0.007118508000075963}
2026-03-01 11:32:58,283 : INFO : EventManager : Event: ======'mode_game_will_start'====== Args={'buttons': [], 'hold_time': 0.007118508000075963}
2026-03-01 11:32:58,284 : INFO : EventManager : Event: ======'mode_game_starting'====== Args={'buttons': [], 'hold_time': 0.007118508000075963}
2026-03-01 11:32:58,284 : INFO : EventManager : Event: ======'mode_attract_will_stop'====== Args={}
2026-03-01 11:32:58,284 : INFO : EventManager : Event: ======'mode_attract_stopping'====== Args={}
2026-03-01 11:32:58,284 : INFO : Mode.attract : Stopped.
2026-03-01 11:32:58,284 : INFO : EventManager : Event: ======'modes_active_modes_changed'====== Args={}
2026-03-01 11:32:58,285 : INFO : EventManager : Event: ======'mode_attract_stopped'====== Args={}
2026-03-01 11:32:58,285 : INFO : EventManager : Event: ======'clear'====== Args={'key': 'attract'}
2026-03-01 11:32:58,285 : INFO : Timer.attract_carousel_timer : Stopping Timer
2026-03-01 11:32:58,285 : INFO : EventManager : Event: ======'timer_attract_carousel_timer_stopped'====== Args={'ticks': 0, 'ticks_remaining': 1}
2026-03-01 11:32:58,285 : INFO : Mode.game : Started. Priority: 20
2026-03-01 11:32:58,286 : INFO : EventManager : Event: ======'modes_active_modes_changed'====== Args={}
2026-03-01 11:32:58,286 : INFO : EventManager : Event: ======'mode_game_started'====== Args={'buttons': [], 'hold_time': 0.007118508000075963}
2026-03-01 11:32:58,287 : INFO : EventManager : Event: ======'game_will_start'====== Args={}
2026-03-01 11:32:58,290 : INFO : EventManager : Event: ======'game_starting'====== Args={'game': <Mode.game>}
2026-03-01 11:32:58,291 : INFO : EventManager : Unordered handler for class <Auditor> on event game_ended with priority 1. Handlers: [RegisteredHandler(callback=<bound method Auditor.disable of <Auditor>>, priority=1, kwargs={}, key=UUID('fcf986f0-65f0-47df-b6df-7d85265e6a59'), condition=None, blocking_facility=None), RegisteredHandler(callback=<bound method Auditor._save_audits of <Auditor>>, priority=1, kwargs={}, key=UUID('ac7f3487-71dc-4eae-a8fa-ba5e040a1258'), condition=None, blocking_facility=None)]. The order of those handlers is not defined and they will be executed in random order. This might lead to race conditions and potential bugs.
2026-03-01 11:32:58,291 : INFO : EventManager : Event: ======'player_add_request'====== Args={}
2026-03-01 11:32:58,292 : INFO : EventManager : Event: ======'player_will_add'====== Args={'number': 1}
2026-03-01 11:32:58,292 : INFO : EventManager : Event: ======'player_adding'====== Args={'player': <Player 1>, 'number': 1}
2026-03-01 11:32:58,292 : INFO : EventManager : Event: ======'player_added'====== Args={'player': <Player 1>, 'num': 1}
2026-03-01 11:32:58,292 : INFO : Mode.game : Player added successfully. Total players: 1
2026-03-01 11:32:58,292 : INFO : EventManager : Event: ======'player_index'====== Args={'value': 0, 'prev_value': 0, 'change': 0, 'player_num': 1}
2026-03-01 11:32:58,293 : INFO : EventManager : Event: ======'player_number'====== Args={'value': 1, 'prev_value': 1, 'change': 0, 'player_num': 1}
2026-03-01 11:32:58,293 : INFO : EventManager : Event: ======'player_score'====== Args={'value': 0, 'prev_value': 0, 'change': 0, 'player_num': 1}
2026-03-01 11:32:58,294 : INFO : EventManager : Event: ======'game_started'====== Args={}
2026-03-01 11:32:58,294 : INFO : EventManager : Event: ======'player_turn_will_start'====== Args={'player': <Player 1>, 'number': 1}
2026-03-01 11:32:58,295 : INFO : EventManager : Event: ======'player_turn_starting'====== Args={'player': <Player 1>, 'number': 1}
2026-03-01 11:32:58,301 : INFO : EventManager : Event: ======'player_ball'====== Args={'value': 1, 'prev_value': 0, 'change': 1, 'player_num': 1}
2026-03-01 11:32:58,304 : INFO : EventManager : Event: ======'player_turn_started'====== Args={'player': <Player 1>, 'number': 1}
2026-03-01 11:32:58,305 : INFO : SwitchController : <<<<<<< 's_start' active >>>>>>>
2026-03-01 11:32:58,305 : INFO : EventManager : Event: ======'sw_start'====== Args={}
2026-03-01 11:32:58,305 : INFO : EventManager : Event: ======'machine_var_audits_switches_s_start'====== Args={'value': 18, 'prev_value': 17, 'change': 1}
2026-03-01 11:32:58,311 : INFO : EventManager : Event: ======'player_add_request'====== Args={}
2026-03-01 11:32:58,311 : INFO : EventManager : Event: ======'player_will_add'====== Args={'number': 2}
2026-03-01 11:32:58,311 : INFO : EventManager : Event: ======'player_adding'====== Args={'player': <Player 2>, 'number': 2}
2026-03-01 11:32:58,311 : INFO : EventManager : Event: ======'player_added'====== Args={'player': <Player 2>, 'num': 2}
2026-03-01 11:32:58,311 : INFO : Mode.game : Player added successfully. Total players: 2
2026-03-01 11:32:58,311 : INFO : EventManager : Event: ======'multiplayer_game'====== Args={}
2026-03-01 11:32:58,312 : INFO : EventManager : Event: ======'player_index'====== Args={'value': 1, 'prev_value': 1, 'change': 0, 'player_num': 2}
2026-03-01 11:32:58,312 : INFO : EventManager : Event: ======'player_number'====== Args={'value': 2, 'prev_value': 2, 'change': 0, 'player_num': 2}
2026-03-01 11:32:58,312 : INFO : EventManager : Event: ======'player_score'====== Args={'value': 0, 'prev_value': 0, 'change': 0, 'player_num': 2}
2026-03-01 11:32:58,313 : INFO : EventManager : Event: ======'ball_will_start'====== Args={'player': 1, 'ball': 1, 'balls_remaining': 2, 'is_extra_ball': False}
2026-03-01 11:32:58,313 : INFO : EventManager : Event: ======'ball_starting'====== Args={'player': 1, 'ball': 1, 'balls_remaining': 2, 'is_extra_ball': False}
2026-03-01 11:32:58,314 : INFO : EventManager : Event: ======'mode_base_will_start'====== Args={'queue': <QueuedEvent>, 'player': 1, 'ball': 1, 'balls_remaining': 2, 'is_extra_ball': False}
2026-03-01 11:32:58,314 : INFO : EventManager : Event: ======'player_shot_left_lane_enabled'====== Args={'value': True, 'prev_value': 0, 'change': 1, 'player_num': 1}
2026-03-01 11:32:58,315 : INFO : EventManager : Event: ======'mode_base_starting'====== Args={'queue': <QueuedEvent>, 'player': 1, 'ball': 1, 'balls_remaining': 2, 'is_extra_ball': False}
2026-03-01 11:32:58,315 : INFO : Mode.base : Started. Priority: 100
2026-03-01 11:32:58,315 : INFO : EventManager : Event: ======'modes_active_modes_changed'====== Args={}
2026-03-01 11:32:58,315 : INFO : EventManager : Event: ======'mode_base_started'====== Args={'queue': <QueuedEvent>, 'player': 1, 'ball': 1, 'balls_remaining': 2, 'is_extra_ball': False}
2026-03-01 11:32:58,316 : INFO : EventManager : Event: ======'start_mode_bumpers'====== Args={'priority': 0}
2026-03-01 11:32:58,316 : INFO : EventManager : Event: ======'mode_bumpers_will_start'====== Args={'priority': 0}
2026-03-01 11:32:58,316 : INFO : EventManager : Event: ======'player_shot_bumper_lower_enabled'====== Args={'value': True, 'prev_value': 0, 'change': 1, 'player_num': 1}
2026-03-01 11:32:58,317 : INFO : EventManager : Event: ======'player_shot_bumper_upper_enabled'====== Args={'value': True, 'prev_value': 0, 'change': 1, 'player_num': 1}
2026-03-01 11:32:58,317 : INFO : EventManager : Event: ======'bumpers_complete'====== Args={'state': 'unlit'}
2026-03-01 11:32:58,317 : INFO : EventManager : Event: ======'bumpers_unlit_complete'====== Args={}
2026-03-01 11:32:58,318 : INFO : EventManager : Event: ======'mode_bumpers_starting'====== Args={'priority': 0}
2026-03-01 11:32:58,318 : INFO : Mode.bumpers : Started. Priority: 200
2026-03-01 11:32:58,318 : INFO : EventManager : Event: ======'modes_active_modes_changed'====== Args={}
2026-03-01 11:32:58,318 : INFO : EventManager : Event: ======'mode_bumpers_started'====== Args={'priority': 0}
2026-03-01 11:32:58,318 : INFO : EventManager : Event: ======'balls_in_play'====== Args={'balls': 1}
2026-03-01 11:32:58,318 : INFO : EventManager : Event: ======'ball_started'====== Args={'player': 1, 'ball': 1, 'balls_remaining': 2, 'is_extra_ball': False}
2026-03-01 11:32:58,319 : INFO : EventManager : Event: ======'multi_player_ball_started'====== Args={}
2026-03-01 11:32:58,320 : INFO : EventManager : Event: ======'player_1_ball_started'====== Args={}
2026-03-01 11:32:58,320 : INFO : EventManager : Event: ======'ball_start_target'====== Args={'target': 'playfield'}
2026-03-01 11:32:58,320 : INFO : ball_device.bd_trough : Setting up player-controlled eject. Balls: 1, Target: <playfield.playfield>, player_controlled_eject_event: None
2026-03-01 11:32:58,320 : INFO : ball_device.bd_trough : Adding 1 ball(s) to the eject_queue with target <playfield.playfield>.
2026-03-01 11:32:58,320 : INFO : EventManager : Event: ======'balldevice_balls_available'====== Args={}
2026-03-01 11:32:58,321 : INFO : ball_device.bd_trough : BCH: Count is unstable. Trying to reorder balls.
2026-03-01 11:32:58,321 : WARNING : ball_device.bd_trough : Cannot reorder device because eject_coil_reorder_pulse is not configured
2026-03-01 11:32:58,321 : INFO : ball_device.bd_trough : BCH: Repulse done. Waiting for balls to settle.
2026-03-01 11:32:58,321 : INFO : ball_device.bd_trough : State: waiting_for_target_ready
2026-03-01 11:32:58,322 : INFO : EventManager : Event: ======'balldevice_bd_trough_ball_eject_attempt'====== Args={'balls': 1, 'target': <ball_device.bd_plunger>, 'source': <ball_device.bd_trough>, 'mechanical_eject': False, 'num_attempts': 0}
2026-03-01 11:32:58,322 : INFO : ball_device.bd_plunger : State: waiting_for_ball
2026-03-01 11:32:58,322 : INFO : ball_device.bd_trough : State: ejecting
2026-03-01 11:32:58,322 : INFO : ball_device.bd_trough : Ejecting ball to <ball_device.bd_plunger>
2026-03-01 11:32:58,322 : INFO : EventManager : Event: ======'balldevice_bd_trough_ejecting_ball'====== Args={'balls': 1, 'target': <ball_device.bd_plunger>, 'source': <ball_device.bd_trough>, 'mechanical_eject': False, 'num_attempts': 0}
2026-03-01 11:32:58,327 : INFO : ball_device.bd_trough : Wait for ball to leave device
2026-03-01 11:32:58,327 : INFO : coil.c_trough_eject : Pulsing Driver for 10ms (1.0 pulse_power)
2026-03-01 11:32:58,355 : INFO : SwitchController : <<<<<<< 's_trough_1' active >>>>>>>
2026-03-01 11:32:58,355 : INFO : EventManager : Event: ======'machine_var_audits_switches_s_trough_1'====== Args={'value': 14, 'prev_value': 13, 'change': 1}
2026-03-01 11:32:58,356 : INFO : SwitchController : <<<<<<< 's_trough_7' inactive >>>>>>>
2026-03-01 11:32:58,356 : INFO : ball_device.bd_trough : State: ball_left
2026-03-01 11:32:58,356 : INFO : ball_device.bd_trough : Ball left
2026-03-01 11:32:58,356 : INFO : ball_device.bd_trough : Wait for confirm with timeout 10.0
2026-03-01 11:32:58,389 : INFO : SwitchController : <<<<<<< 's_trough_7' active >>>>>>>
2026-03-01 11:32:58,389 : INFO : EventManager : Event: ======'machine_var_audits_switches_s_trough_7'====== Args={'value': 14, 'prev_value': 13, 'change': 1}
2026-03-01 11:32:58,407 : INFO : EventManager : Event: ======'slide_base_slide_created'====== Args={'_from_bcp': True}
2026-03-01 11:32:58,408 : INFO : EventManager : Event: ======'slide_attract_inactive'====== Args={'is_removing': True, '_from_bcp': True}
2026-03-01 11:32:58,408 : INFO : EventManager : Event: ======'slide_base_slide_active'====== Args={'original_context': 'base', 'original_calling_context': 'mode_base_started', 'priority': 100.0, 'queue': '<QueuedEvent>', 'player': 1.0, 'ball': 1.0, 'balls_remaining': 2.0, 'is_extra_ball': False, 'cmd': 'slides_play', '_from_bcp': True}
2026-03-01 11:32:58,408 : INFO : EventManager : Event: ======'slide_attract_removed'====== Args={'_from_bcp': True}
2026-03-01 11:32:58,414 : INFO : SwitchController : <<<<<<< 's_start' inactive >>>>>>>
2026-03-01 11:32:58,526 : INFO : SwitchController : <<<<<<< 's_trough_7' inactive >>>>>>>
2026-03-01 11:32:58,570 : INFO : SwitchController : <<<<<<< 's_trough_2' active >>>>>>>
2026-03-01 11:32:58,571 : INFO : EventManager : Event: ======'machine_var_audits_switches_s_trough_2'====== Args={'value': 16, 'prev_value': 15, 'change': 1}
2026-03-01 11:32:58,571 : INFO : SwitchController : <<<<<<< 's_trough_4' active >>>>>>>
2026-03-01 11:32:58,571 : INFO : EventManager : Event: ======'machine_var_audits_switches_s_trough_4'====== Args={'value': 32, 'prev_value': 31, 'change': 1}
2026-03-01 11:32:58,573 : INFO : SwitchController : <<<<<<< 's_trough_3' active >>>>>>>
2026-03-01 11:32:58,573 : INFO : EventManager : Event: ======'machine_var_audits_switches_s_trough_3'====== Args={'value': 23, 'prev_value': 22, 'change': 1}
2026-03-01 11:32:58,590 : INFO : SwitchController : <<<<<<< 's_trough_1' inactive >>>>>>>
2026-03-01 11:32:58,597 : INFO : SwitchController : <<<<<<< 's_trough_3' inactive >>>>>>>
2026-03-01 11:32:58,597 : INFO : SwitchController : <<<<<<< 's_trough_2' inactive >>>>>>>
2026-03-01 11:32:58,665 : INFO : SwitchController : <<<<<<< 's_trough_6' active >>>>>>>
2026-03-01 11:32:58,665 : INFO : EventManager : Event: ======'machine_var_audits_switches_s_trough_6'====== Args={'value': 49, 'prev_value': 48, 'change': 1}
2026-03-01 11:32:58,892 : INFO : SwitchController : <<<<<<< 's_trough_5' active >>>>>>>
2026-03-01 11:32:58,892 : INFO : EventManager : Event: ======'machine_var_audits_switches_s_trough_5'====== Args={'value': 43, 'prev_value': 42, 'change': 1}
2026-03-01 11:32:58,914 : INFO : SwitchController : <<<<<<< 's_trough_4' inactive >>>>>>>
2026-03-01 11:32:59,074 : INFO : SwitchController : <<<<<<< 's_trough_6' inactive >>>>>>>
2026-03-01 11:32:59,218 : INFO : SwitchController : <<<<<<< 's_trough_6' active >>>>>>>
2026-03-01 11:32:59,218 : INFO : EventManager : Event: ======'machine_var_audits_switches_s_trough_6'====== Args={'value': 50, 'prev_value': 49, 'change': 1}
2026-03-01 11:32:59,232 : INFO : SwitchController : <<<<<<< 's_trough_5' inactive >>>>>>>
2026-03-01 11:33:00,256 : INFO : SwitchController : <<<<<<< 's_trough_6' inactive >>>>>>>
2026-03-01 11:33:00,372 : INFO : SwitchController : <<<<<<< 's_trough_7' active >>>>>>>
2026-03-01 11:33:00,372 : INFO : EventManager : Event: ======'machine_var_audits_switches_s_trough_7'====== Args={'value': 15, 'prev_value': 14, 'change': 1}
2026-03-01 11:33:00,381 : INFO : SwitchController : <<<<<<< 's_trough_1' active >>>>>>>
2026-03-01 11:33:00,382 : INFO : EventManager : Event: ======'machine_var_audits_switches_s_trough_1'====== Args={'value': 15, 'prev_value': 14, 'change': 1}
2026-03-01 11:33:00,382 : INFO : SwitchController : <<<<<<< 's_trough_6' active >>>>>>>
2026-03-01 11:33:00,382 : INFO : EventManager : Event: ======'machine_var_audits_switches_s_trough_6'====== Args={'value': 51, 'prev_value': 50, 'change': 1}
2026-03-01 11:33:00,382 : INFO : SwitchController : <<<<<<< 's_trough_7' inactive >>>>>>>
2026-03-01 11:33:00,382 : INFO : SwitchController : <<<<<<< 's_trough_2' active >>>>>>>
2026-03-01 11:33:00,383 : INFO : EventManager : Event: ======'machine_var_audits_switches_s_trough_2'====== Args={'value': 17, 'prev_value': 16, 'change': 1}
2026-03-01 11:33:00,407 : INFO : SwitchController : <<<<<<< 's_trough_4' active >>>>>>>
2026-03-01 11:33:00,407 : INFO : EventManager : Event: ======'machine_var_audits_switches_s_trough_4'====== Args={'value': 33, 'prev_value': 32, 'change': 1}
2026-03-01 11:33:00,417 : INFO : SwitchController : <<<<<<< 's_trough_3' active >>>>>>>
2026-03-01 11:33:00,417 : INFO : EventManager : Event: ======'machine_var_audits_switches_s_trough_3'====== Args={'value': 24, 'prev_value': 23, 'change': 1}
2026-03-01 11:33:00,423 : INFO : SwitchController : <<<<<<< 's_trough_4' inactive >>>>>>>
2026-03-01 11:33:00,428 : INFO : SwitchController : <<<<<<< 's_trough_2' inactive >>>>>>>
2026-03-01 11:33:00,437 : INFO : SwitchController : <<<<<<< 's_trough_3' inactive >>>>>>>
2026-03-01 11:33:00,459 : INFO : SwitchController : <<<<<<< 's_trough_7' active >>>>>>>
2026-03-01 11:33:00,459 : INFO : EventManager : Event: ======'machine_var_audits_switches_s_trough_7'====== Args={'value': 16, 'prev_value': 15, 'change': 1}
2026-03-01 11:33:00,484 : INFO : SwitchController : <<<<<<< 's_trough_7' inactive >>>>>>>
2026-03-01 11:33:00,514 : INFO : SwitchController : <<<<<<< 's_trough_7' active >>>>>>>
2026-03-01 11:33:00,514 : INFO : EventManager : Event: ======'machine_var_audits_switches_s_trough_7'====== Args={'value': 17, 'prev_value': 16, 'change': 1}
2026-03-01 11:33:00,515 : INFO : SwitchController : <<<<<<< 's_trough_1' inactive >>>>>>>
2026-03-01 11:33:00,520 : INFO : SwitchController : <<<<<<< 's_trough_5' active >>>>>>>
2026-03-01 11:33:00,520 : INFO : EventManager : Event: ======'machine_var_audits_switches_s_trough_5'====== Args={'value': 44, 'prev_value': 43, 'change': 1}
2026-03-01 11:33:00,528 : INFO : SwitchController : <<<<<<< 's_trough_7' inactive >>>>>>>
2026-03-01 11:33:00,619 : INFO : SwitchController : <<<<<<< 's_trough_4' active >>>>>>>
2026-03-01 11:33:00,619 : INFO : EventManager : Event: ======'machine_var_audits_switches_s_trough_4'====== Args={'value': 34, 'prev_value': 33, 'change': 1}
2026-03-01 11:33:00,626 : INFO : SwitchController : <<<<<<< 's_trough_3' active >>>>>>>
2026-03-01 11:33:00,626 : INFO : EventManager : Event: ======'machine_var_audits_switches_s_trough_3'====== Args={'value': 25, 'prev_value': 24, 'change': 1}
2026-03-01 11:33:00,645 : INFO : SwitchController : <<<<<<< 's_trough_5' inactive >>>>>>>
2026-03-01 11:33:00,648 : INFO : SwitchController : <<<<<<< 's_trough_2' active >>>>>>>
2026-03-01 11:33:00,648 : INFO : EventManager : Event: ======'machine_var_audits_switches_s_trough_2'====== Args={'value': 18, 'prev_value': 17, 'change': 1}
2026-03-01 11:33:00,651 : INFO : SwitchController : <<<<<<< 's_trough_1' active >>>>>>>
2026-03-01 11:33:00,651 : INFO : EventManager : Event: ======'machine_var_audits_switches_s_trough_1'====== Args={'value': 16, 'prev_value': 15, 'change': 1}
2026-03-01 11:33:00,661 : INFO : SwitchController : <<<<<<< 's_trough_4' inactive >>>>>>>
2026-03-01 11:33:00,666 : INFO : SwitchController : <<<<<<< 's_trough_2' inactive >>>>>>>
2026-03-01 11:33:00,667 : INFO : SwitchController : <<<<<<< 's_trough_3' inactive >>>>>>>
2026-03-01 11:33:00,761 : INFO : SwitchController : <<<<<<< 's_trough_7' active >>>>>>>
2026-03-01 11:33:00,761 : INFO : EventManager : Event: ======'machine_var_audits_switches_s_trough_7'====== Args={'value': 18, 'prev_value': 17, 'change': 1}
2026-03-01 11:33:00,761 : INFO : SwitchController : <<<<<<< 's_trough_1' inactive >>>>>>>
2026-03-01 11:33:00,771 : INFO : SwitchController : <<<<<<< 's_trough_7' inactive >>>>>>>
2026-03-01 11:33:00,818 : INFO : SwitchController : <<<<<<< 's_trough_6' inactive >>>>>>>
2026-03-01 11:33:00,916 : INFO : SwitchController : <<<<<<< 's_trough_1' active >>>>>>>
2026-03-01 11:33:00,916 : INFO : EventManager : Event: ======'machine_var_audits_switches_s_trough_1'====== Args={'value': 17, 'prev_value': 16, 'change': 1}
2026-03-01 11:33:00,920 : INFO : SwitchController : <<<<<<< 's_trough_2' active >>>>>>>
2026-03-01 11:33:00,920 : INFO : EventManager : Event: ======'machine_var_audits_switches_s_trough_2'====== Args={'value': 19, 'prev_value': 18, 'change': 1}
2026-03-01 11:33:00,932 : INFO : SwitchController : <<<<<<< 's_trough_4' active >>>>>>>
2026-03-01 11:33:00,932 : INFO : EventManager : Event: ======'machine_var_audits_switches_s_trough_4'====== Args={'value': 35, 'prev_value': 34, 'change': 1}
2026-03-01 11:33:00,933 : INFO : SwitchController : <<<<<<< 's_trough_6' active >>>>>>>
2026-03-01 11:33:00,933 : INFO : EventManager : Event: ======'machine_var_audits_switches_s_trough_6'====== Args={'value': 52, 'prev_value': 51, 'change': 1}
2026-03-01 11:33:00,937 : INFO : SwitchController : <<<<<<< 's_trough_3' active >>>>>>>
2026-03-01 11:33:00,937 : INFO : EventManager : Event: ======'machine_var_audits_switches_s_trough_3'====== Args={'value': 26, 'prev_value': 25, 'change': 1}
2026-03-01 11:33:00,940 : INFO : SwitchController : <<<<<<< 's_trough_4' inactive >>>>>>>
2026-03-01 11:33:00,946 : INFO : SwitchController : <<<<<<< 's_trough_2' inactive >>>>>>>
2026-03-01 11:33:00,951 : INFO : SwitchController : <<<<<<< 's_trough_7' active >>>>>>>
2026-03-01 11:33:00,951 : INFO : EventManager : Event: ======'machine_var_audits_switches_s_trough_7'====== Args={'value': 19, 'prev_value': 18, 'change': 1}
2026-03-01 11:33:00,960 : INFO : SwitchController : <<<<<<< 's_trough_7' inactive >>>>>>>
2026-03-01 11:33:00,967 : INFO : SwitchController : <<<<<<< 's_trough_4' active >>>>>>>
2026-03-01 11:33:00,967 : INFO : EventManager : Event: ======'machine_var_audits_switches_s_trough_4'====== Args={'value': 36, 'prev_value': 35, 'change': 1}
2026-03-01 11:33:00,969 : INFO : SwitchController : <<<<<<< 's_trough_5' active >>>>>>>
2026-03-01 11:33:00,969 : INFO : EventManager : Event: ======'machine_var_audits_switches_s_trough_5'====== Args={'value': 45, 'prev_value': 44, 'change': 1}
2026-03-01 11:33:00,978 : INFO : SwitchController : <<<<<<< 's_trough_2' active >>>>>>>
2026-03-01 11:33:00,978 : INFO : EventManager : Event: ======'machine_var_audits_switches_s_trough_2'====== Args={'value': 20, 'prev_value': 19, 'change': 1}
2026-03-01 11:33:00,984 : INFO : SwitchController : <<<<<<< 's_trough_1' inactive >>>>>>>
2026-03-01 11:33:00,984 : INFO : SwitchController : <<<<<<< 's_trough_3' inactive >>>>>>>
2026-03-01 11:33:00,986 : INFO : SwitchController : <<<<<<< 's_trough_5' inactive >>>>>>>
2026-03-01 11:33:00,994 : INFO : SwitchController : <<<<<<< 's_trough_5' active >>>>>>>
2026-03-01 11:33:00,995 : INFO : EventManager : Event: ======'machine_var_audits_switches_s_trough_5'====== Args={'value': 46, 'prev_value': 45, 'change': 1}
2026-03-01 11:33:00,997 : INFO : SwitchController : <<<<<<< 's_trough_2' inactive >>>>>>>
2026-03-01 11:33:01,066 : INFO : SwitchController : <<<<<<< 's_trough_3' active >>>>>>>
2026-03-01 11:33:01,066 : INFO : EventManager : Event: ======'machine_var_audits_switches_s_trough_3'====== Args={'value': 27, 'prev_value': 26, 'change': 1}
2026-03-01 11:33:01,131 : INFO : SwitchController : <<<<<<< 's_trough_2' active >>>>>>>
2026-03-01 11:33:01,132 : INFO : EventManager : Event: ======'machine_var_audits_switches_s_trough_2'====== Args={'value': 21, 'prev_value': 20, 'change': 1}
2026-03-01 11:33:01,134 : INFO : SwitchController : <<<<<<< 's_trough_1' active >>>>>>>
2026-03-01 11:33:01,134 : INFO : EventManager : Event: ======'machine_var_audits_switches_s_trough_1'====== Args={'value': 18, 'prev_value': 17, 'change': 1}
2026-03-01 11:33:01,146 : INFO : SwitchController : <<<<<<< 's_trough_4' inactive >>>>>>>
2026-03-01 11:33:01,151 : INFO : SwitchController : <<<<<<< 's_trough_3' inactive >>>>>>>
2026-03-01 11:33:01,161 : INFO : SwitchController : <<<<<<< 's_trough_2' inactive >>>>>>>
2026-03-01 11:33:01,218 : INFO : SwitchController : <<<<<<< 's_trough_1' inactive >>>>>>>
2026-03-01 11:33:01,218 : INFO : SwitchController : <<<<<<< 's_trough_7' active >>>>>>>
2026-03-01 11:33:01,219 : INFO : EventManager : Event: ======'machine_var_audits_switches_s_trough_7'====== Args={'value': 20, 'prev_value': 19, 'change': 1}
2026-03-01 11:33:01,223 : INFO : SwitchController : <<<<<<< 's_trough_7' inactive >>>>>>>
2026-03-01 11:33:01,280 : INFO : SwitchController : <<<<<<< 's_trough_4' active >>>>>>>
2026-03-01 11:33:01,281 : INFO : EventManager : Event: ======'machine_var_audits_switches_s_trough_4'====== Args={'value': 37, 'prev_value': 36, 'change': 1}
2026-03-01 11:33:01,295 : INFO : SwitchController : <<<<<<< 's_trough_5' inactive >>>>>>>
2026-03-01 11:33:01,304 : INFO : SwitchController : <<<<<<< 's_trough_3' active >>>>>>>
2026-03-01 11:33:01,305 : INFO : EventManager : Event: ======'machine_var_audits_switches_s_trough_3'====== Args={'value': 28, 'prev_value': 27, 'change': 1}
2026-03-01 11:33:01,310 : INFO : SwitchController : <<<<<<< 's_trough_2' active >>>>>>>
2026-03-01 11:33:01,311 : INFO : EventManager : Event: ======'machine_var_audits_switches_s_trough_2'====== Args={'value': 22, 'prev_value': 21, 'change': 1}
2026-03-01 11:33:01,333 : INFO : SwitchController : <<<<<<< 's_trough_1' active >>>>>>>
2026-03-01 11:33:01,333 : INFO : EventManager : Event: ======'machine_var_audits_switches_s_trough_1'====== Args={'value': 19, 'prev_value': 18, 'change': 1}
2026-03-01 11:33:01,342 : INFO : SwitchController : <<<<<<< 's_trough_3' inactive >>>>>>>
2026-03-01 11:33:01,347 : INFO : SwitchController : <<<<<<< 's_trough_4' inactive >>>>>>>
2026-03-01 11:33:01,350 : INFO : SwitchController : <<<<<<< 's_trough_2' inactive >>>>>>>
2026-03-01 11:33:01,436 : INFO : SwitchController : <<<<<<< 's_trough_7' active >>>>>>>
2026-03-01 11:33:01,437 : INFO : EventManager : Event: ======'machine_var_audits_switches_s_trough_7'====== Args={'value': 21, 'prev_value': 20, 'change': 1}
2026-03-01 11:33:01,437 : INFO : SwitchController : <<<<<<< 's_trough_1' inactive >>>>>>>
2026-03-01 11:33:01,465 : INFO : SwitchController : <<<<<<< 's_trough_5' active >>>>>>>
2026-03-01 11:33:01,465 : INFO : EventManager : Event: ======'machine_var_audits_switches_s_trough_5'====== Args={'value': 47, 'prev_value': 46, 'change': 1}
2026-03-01 11:33:01,504 : INFO : SwitchController : <<<<<<< 's_trough_6' inactive >>>>>>>
2026-03-01 11:33:01,573 : INFO : SwitchController : <<<<<<< 's_plunger_lane' active >>>>>>>
2026-03-01 11:33:01,573 : INFO : EventManager : Event: ======'machine_var_audits_switches_s_plunger_lane'====== Args={'value': 9, 'prev_value': 8, 'change': 1}
2026-03-01 11:33:01,683 : INFO : SwitchController : <<<<<<< 's_trough_6' active >>>>>>>
2026-03-01 11:33:01,683 : INFO : EventManager : Event: ======'machine_var_audits_switches_s_trough_6'====== Args={'value': 53, 'prev_value': 52, 'change': 1}
2026-03-01 11:33:01,724 : INFO : SwitchController : <<<<<<< 's_trough_5' inactive >>>>>>>
2026-03-01 11:33:02,074 : INFO : ball_device.bd_plunger : Received ball from <ball_device.bd_trough>
2026-03-01 11:33:02,074 : INFO : EventManager : Event: ======'balldevice_bd_plunger_ball_enter'====== Args={'new_balls': 1, 'unclaimed_balls': 0, 'new_available_balls': 0, 'device': <ball_device.bd_plunger>}
2026-03-01 11:33:02,075 : INFO : EventManager : Event: ======'balldevice_bd_plunger_ball_entered'====== Args={'new_balls': 0, 'device': <ball_device.bd_plunger>}
2026-03-01 11:33:02,075 : INFO : EventManager : Event: ======'balldevice_bd_plunger_ball_count_changed'====== Args={'balls': 1}
2026-03-01 11:33:02,075 : INFO : ball_device.bd_trough : Got eject confirm
2026-03-01 11:33:02,075 : INFO : ball_device.bd_trough : Eject successful
2026-03-01 11:33:02,075 : INFO : EventManager : Event: ======'balldevice_bd_trough_ball_eject_success'====== Args={'balls': 1, 'target': <ball_device.bd_plunger>}
2026-03-01 11:33:02,075 : INFO : ball_device.bd_plunger : State: waiting_for_target_ready
2026-03-01 11:33:02,075 : INFO : EventManager : Event: ======'balldevice_bd_plunger_ball_eject_attempt'====== Args={'balls': 1, 'target': <playfield.playfield>, 'source': <ball_device.bd_plunger>, 'mechanical_eject': False, 'num_attempts': 0}
2026-03-01 11:33:02,076 : INFO : EventManager : Event: ======'balldevice_bd_trough_ball_count_changed'====== Args={'balls': 0}
2026-03-01 11:33:02,076 : INFO : ball_device.bd_trough : State: idle
2026-03-01 11:33:02,076 : INFO : ball_device.bd_plunger : State: ejecting
2026-03-01 11:33:02,076 : INFO : ball_device.bd_plunger : Ejecting ball to <playfield.playfield>
2026-03-01 11:33:02,076 : INFO : EventManager : Event: ======'balldevice_bd_plunger_ejecting_ball'====== Args={'balls': 1, 'target': <playfield.playfield>, 'source': <ball_device.bd_plunger>, 'mechanical_eject': False, 'num_attempts': 0}
2026-03-01 11:33:02,077 : INFO : ball_device.bd_plunger : Wait for ball to leave device
2026-03-01 11:33:02,226 : INFO : EventManager : Event: ======'balldevice_bd_trough_ball_count_changed'====== Args={'balls': 2}
2026-03-01 11:33:02,226 : INFO : ball_device.bd_trough : Received unexpected ball
2026-03-01 11:33:02,226 : INFO : EventManager : Event: ======'balldevice_captured_from_playfield'====== Args={'balls': 1}
2026-03-01 11:33:02,226 : INFO : EventManager : Event: ======'sw_playfield_active'====== Args={'balls': 1}
2026-03-01 11:33:02,226 : INFO : EventManager : Event: ======'playfield_active'====== Args={'source': None}
2026-03-01 11:33:02,226 : INFO : EventManager : Event: ======'playfield_ball_count_change'====== Args={'balls': -1, 'change': -1}
2026-03-01 11:33:02,227 : INFO : EventManager : Event: ======'balldevice_playfield_ball_enter'====== Args={'new_balls': 1, 'unclaimed_balls': 1, 'device': <playfield.playfield>}
2026-03-01 11:33:02,227 : INFO : EventManager : Event: ======'playfield_ball_count_change'====== Args={'balls': 0, 'change': 1}
2026-03-01 11:33:02,227 : INFO : BallController : Found a new ball which was captured from playfield. Known balls: 2
2026-03-01 11:33:02,227 : INFO : EventManager : Event: ======'found_new_ball'====== Args={}
2026-03-01 11:33:02,227 : INFO : EventManager : Event: ======'balldevice_bd_trough_ball_enter'====== Args={'new_balls': 1, 'unclaimed_balls': 1, 'new_available_balls': 1, 'device': <ball_device.bd_trough>}
2026-03-01 11:33:02,227 : INFO : EventManager : Event: ======'ball_drain'====== Args={'device': <ball_device.bd_trough>, 'balls': 1}
2026-03-01 11:33:02,228 : INFO : EventManager : Event: ======'ball_will_end'====== Args={}
2026-03-01 11:33:02,228 : INFO : EventManager : Event: ======'balldevice_balls_available'====== Args={}
2026-03-01 11:33:02,228 : INFO : EventManager : Event: ======'balldevice_bd_trough_ball_entered'====== Args={'new_balls': 1, 'device': <ball_device.bd_trough>}
2026-03-01 11:33:02,228 : INFO : ball_device.bd_trough : Received unexpected ball
2026-03-01 11:33:02,228 : INFO : EventManager : Event: ======'balldevice_captured_from_playfield'====== Args={'balls': 1}
2026-03-01 11:33:02,228 : INFO : EventManager : Event: ======'mode_base_will_stop'====== Args={}
2026-03-01 11:33:02,228 : INFO : EventManager : Event: ======'mode_base_stopping'====== Args={}
2026-03-01 11:33:02,229 : INFO : EventManager : Event: ======'stop_mode_bumpers'====== Args={'priority': 0}
2026-03-01 11:33:02,229 : INFO : EventManager : Event: ======'mode_bumpers_will_stop'====== Args={}
2026-03-01 11:33:02,229 : INFO : EventManager : Event: ======'mode_bumpers_stopping'====== Args={}
2026-03-01 11:33:02,229 : INFO : EventManager : Event: ======'sw_playfield_active'====== Args={'balls': 1}
2026-03-01 11:33:02,229 : INFO : EventManager : Event: ======'playfield_active'====== Args={'source': None}
2026-03-01 11:33:02,229 : INFO : EventManager : Event: ======'playfield_ball_count_change'====== Args={'balls': -1, 'change': -1}
2026-03-01 11:33:02,229 : INFO : Mode.base : Stopped.
2026-03-01 11:33:02,229 : INFO : EventManager : Event: ======'modes_active_modes_changed'====== Args={}
2026-03-01 11:33:02,230 : INFO : EventManager : Event: ======'mode_base_stopped'====== Args={}
2026-03-01 11:33:02,230 : INFO : EventManager : Event: ======'clear'====== Args={'key': 'base'}
2026-03-01 11:33:02,231 : INFO : Mode.bumpers : Stopped.
2026-03-01 11:33:02,231 : INFO : EventManager : Event: ======'modes_active_modes_changed'====== Args={}
2026-03-01 11:33:02,231 : INFO : EventManager : Event: ======'mode_bumpers_stopped'====== Args={}
2026-03-01 11:33:02,231 : INFO : EventManager : Event: ======'clear'====== Args={'key': 'bumpers'}
2026-03-01 11:33:02,232 : INFO : EventManager : Event: ======'balldevice_playfield_ball_enter'====== Args={'new_balls': 1, 'unclaimed_balls': 1, 'device': <playfield.playfield>}
2026-03-01 11:33:02,232 : INFO : EventManager : Event: ======'playfield_ball_count_change'====== Args={'balls': 0, 'change': 1}
2026-03-01 11:33:02,232 : INFO : BallController : Found a new ball which was captured from playfield. Known balls: 3
2026-03-01 11:33:02,232 : INFO : EventManager : Event: ======'found_new_ball'====== Args={}
2026-03-01 11:33:02,233 : INFO : EventManager : Event: ======'balldevice_bd_trough_ball_enter'====== Args={'new_balls': 1, 'unclaimed_balls': 1, 'new_available_balls': 1, 'device': <ball_device.bd_trough>}
2026-03-01 11:33:02,233 : INFO : EventManager : Event: ======'ball_drain'====== Args={'device': <ball_device.bd_trough>, 'balls': 1}
2026-03-01 11:33:02,233 : INFO : EventManager : Event: ======'ball_ending'====== Args={}
2026-03-01 11:33:02,233 : INFO : EventManager : Event: ======'balldevice_balls_available'====== Args={}
2026-03-01 11:33:02,233 : INFO : EventManager : Event: ======'balldevice_bd_trough_ball_entered'====== Args={'new_balls': 1, 'device': <ball_device.bd_trough>}
2026-03-01 11:33:02,234 : INFO : EventManager : Event: ======'ball_ended'====== Args={}
2026-03-01 11:33:02,235 : INFO : EventManager : Event: ======'player_turn_will_end'====== Args={'player': <Player 1>, 'number': 1}
2026-03-01 11:33:02,235 : INFO : EventManager : Event: ======'player_turn_ending'====== Args={'player': <Player 1>, 'number': 1}
2026-03-01 11:33:02,236 : INFO : EventManager : Event: ======'player_turn_ended'====== Args={'player': <Player 1>, 'number': 1}
2026-03-01 11:33:02,236 : INFO : EventManager : Event: ======'player_turn_will_start'====== Args={'player': <Player 2>, 'number': 2}
2026-03-01 11:33:02,236 : INFO : EventManager : Event: ======'player_turn_starting'====== Args={'player': <Player 2>, 'number': 2}
2026-03-01 11:33:02,236 : INFO : EventManager : Event: ======'player_ball'====== Args={'value': 1, 'prev_value': 0, 'change': 1, 'player_num': 2}
2026-03-01 11:33:02,237 : INFO : EventManager : Event: ======'player_turn_started'====== Args={'player': <Player 2>, 'number': 2}
2026-03-01 11:33:02,237 : INFO : EventManager : Event: ======'ball_will_start'====== Args={'player': 2, 'ball': 1, 'balls_remaining': 2, 'is_extra_ball': False}
2026-03-01 11:33:02,238 : INFO : BallController : Found 1 ball(s) on playfield.
2026-03-01 11:33:02,238 : WARNING : BallController : Playfields still contain balls. Waiting for those to drain.
2026-03-01 11:33:02,581 : INFO : SwitchController : <<<<<<< 's_plunger_lane' inactive >>>>>>>
2026-03-01 11:33:02,582 : INFO : ball_device.bd_plunger : State: ball_left
2026-03-01 11:33:02,582 : INFO : ball_device.bd_plunger : Ball left
2026-03-01 11:33:02,582 : INFO : ball_device.bd_plunger : Wait for confirm with timeout 10.0
2026-03-01 11:33:03,238 : INFO : BallController : Found 1 ball(s) on playfield.
2026-03-01 11:33:03,238 : WARNING : BallController : Playfields still contain balls. Waiting for those to drain.
2026-03-01 11:33:03,545 : INFO : SwitchController : <<<<<<< 's_flipper_right_upper' active >>>>>>>
2026-03-01 11:33:03,545 : INFO : EventManager : Event: ======'machine_var_audits_switches_s_flipper_right_upper'====== Args={'value': 124, 'prev_value': 123, 'change': 1}
2026-03-01 11:33:03,546 : INFO : SwitchController : <<<<<<< 's_flipper_right_lower' active >>>>>>>
2026-03-01 11:33:03,546 : INFO : EventManager : Event: ======'machine_var_audits_switches_s_flipper_right_lower'====== Args={'value': 118, 'prev_value': 117, 'change': 1}
2026-03-01 11:33:03,638 : INFO : SwitchController : <<<<<<< 's_flipper_right_lower' inactive >>>>>>>
2026-03-01 11:33:03,645 : INFO : SwitchController : <<<<<<< 's_flipper_right_upper' inactive >>>>>>>
2026-03-01 11:33:03,662 : INFO : SwitchController : <<<<<<< 's_flipper_left' active >>>>>>>
2026-03-01 11:33:03,662 : INFO : EventManager : Event: ======'machine_var_audits_switches_s_flipper_left'====== Args={'value': 80, 'prev_value': 79, 'change': 1}
2026-03-01 11:33:03,789 : INFO : SwitchController : <<<<<<< 's_flipper_right_upper' active >>>>>>>
2026-03-01 11:33:03,789 : INFO : EventManager : Event: ======'machine_var_audits_switches_s_flipper_right_upper'====== Args={'value': 125, 'prev_value': 124, 'change': 1}
2026-03-01 11:33:03,790 : INFO : SwitchController : <<<<<<< 's_flipper_right_lower' active >>>>>>>
2026-03-01 11:33:03,790 : INFO : EventManager : Event: ======'machine_var_audits_switches_s_flipper_right_lower'====== Args={'value': 119, 'prev_value': 118, 'change': 1}
2026-03-01 11:33:03,804 : INFO : SwitchController : <<<<<<< 's_flipper_left' inactive >>>>>>>
2026-03-01 11:33:03,913 : INFO : SwitchController : <<<<<<< 's_flipper_right_lower' inactive >>>>>>>
2026-03-01 11:33:03,917 : INFO : SwitchController : <<<<<<< 's_flipper_right_upper' inactive >>>>>>>
2026-03-01 11:33:03,930 : INFO : SwitchController : <<<<<<< 's_flipper_left' active >>>>>>>
2026-03-01 11:33:03,930 : INFO : EventManager : Event: ======'machine_var_audits_switches_s_flipper_left'====== Args={'value': 81, 'prev_value': 80, 'change': 1}
2026-03-01 11:33:04,032 : INFO : SwitchController : <<<<<<< 's_flipper_left' inactive >>>>>>>
2026-03-01 11:33:04,048 : INFO : SwitchController : <<<<<<< 's_flipper_right_upper' active >>>>>>>
2026-03-01 11:33:04,048 : INFO : EventManager : Event: ======'machine_var_audits_switches_s_flipper_right_upper'====== Args={'value': 126, 'prev_value': 125, 'change': 1}
2026-03-01 11:33:04,049 : INFO : SwitchController : <<<<<<< 's_flipper_right_lower' active >>>>>>>
2026-03-01 11:33:04,050 : INFO : EventManager : Event: ======'machine_var_audits_switches_s_flipper_right_lower'====== Args={'value': 120, 'prev_value': 119, 'change': 1}
2026-03-01 11:33:04,144 : INFO : SwitchController : <<<<<<< 's_flipper_right_lower' inactive >>>>>>>
2026-03-01 11:33:04,148 : INFO : SwitchController : <<<<<<< 's_flipper_right_upper' inactive >>>>>>>
2026-03-01 11:33:04,170 : INFO : SwitchController : <<<<<<< 's_flipper_left' active >>>>>>>
2026-03-01 11:33:04,171 : INFO : EventManager : Event: ======'machine_var_audits_switches_s_flipper_left'====== Args={'value': 82, 'prev_value': 81, 'change': 1}
2026-03-01 11:33:04,238 : INFO : BallController : Found 1 ball(s) on playfield.
2026-03-01 11:33:04,238 : WARNING : BallController : Playfields still contain balls. Waiting for those to drain.
2026-03-01 11:33:04,275 : INFO : SwitchController : <<<<<<< 's_flipper_left' inactive >>>>>>>
2026-03-01 11:33:04,290 : INFO : SwitchController : <<<<<<< 's_flipper_right_upper' active >>>>>>>
2026-03-01 11:33:04,290 : INFO : EventManager : Event: ======'machine_var_audits_switches_s_flipper_right_upper'====== Args={'value': 127, 'prev_value': 126, 'change': 1}
2026-03-01 11:33:04,292 : INFO : SwitchController : <<<<<<< 's_flipper_right_lower' active >>>>>>>
2026-03-01 11:33:04,292 : INFO : EventManager : Event: ======'machine_var_audits_switches_s_flipper_right_lower'====== Args={'value': 121, 'prev_value': 120, 'change': 1}
2026-03-01 11:33:04,411 : INFO : SwitchController : <<<<<<< 's_flipper_right_lower' inactive >>>>>>>
2026-03-01 11:33:04,414 : INFO : SwitchController : <<<<<<< 's_flipper_right_upper' inactive >>>>>>>
2026-03-01 11:33:04,434 : INFO : SwitchController : <<<<<<< 's_flipper_left' active >>>>>>>
2026-03-01 11:33:04,434 : INFO : EventManager : Event: ======'machine_var_audits_switches_s_flipper_left'====== Args={'value': 83, 'prev_value': 82, 'change': 1}
2026-03-01 11:33:04,553 : INFO : SwitchController : <<<<<<< 's_flipper_left' inactive >>>>>>>
2026-03-01 11:33:04,700 : INFO : SwitchController : <<<<<<< 's_flipper_left' active >>>>>>>
2026-03-01 11:33:04,701 : INFO : EventManager : Event: ======'machine_var_audits_switches_s_flipper_left'====== Args={'value': 84, 'prev_value': 83, 'change': 1}
2026-03-01 11:33:04,815 : INFO : SwitchController : <<<<<<< 's_flipper_left' inactive >>>>>>>
2026-03-01 11:33:04,922 : INFO : SwitchController : <<<<<<< 's_flipper_left' active >>>>>>>
2026-03-01 11:33:04,922 : INFO : EventManager : Event: ======'machine_var_audits_switches_s_flipper_left'====== Args={'value': 85, 'prev_value': 84, 'change': 1}
2026-03-01 11:33:05,032 : INFO : SwitchController : <<<<<<< 's_flipper_left' inactive >>>>>>>
2026-03-01 11:33:05,121 : INFO : SwitchController : <<<<<<< 's_flipper_left' active >>>>>>>
2026-03-01 11:33:05,121 : INFO : EventManager : Event: ======'machine_var_audits_switches_s_flipper_left'====== Args={'value': 86, 'prev_value': 85, 'change': 1}
2026-03-01 11:33:05,239 : INFO : BallController : Found 1 ball(s) on playfield.
2026-03-01 11:33:05,239 : WARNING : BallController : Playfields still contain balls. Waiting for those to drain.
2026-03-01 11:33:05,249 : INFO : SwitchController : <<<<<<< 's_flipper_left' inactive >>>>>>>
2026-03-01 11:33:05,291 : INFO : SwitchController : <<<<<<< 's_flipper_right_lower' active >>>>>>>
2026-03-01 11:33:05,292 : INFO : EventManager : Event: ======'machine_var_audits_switches_s_flipper_right_lower'====== Args={'value': 122, 'prev_value': 121, 'change': 1}
2026-03-01 11:33:05,292 : INFO : SwitchController : <<<<<<< 's_flipper_right_upper' active >>>>>>>
2026-03-01 11:33:05,292 : INFO : EventManager : Event: ======'machine_var_audits_switches_s_flipper_right_upper'====== Args={'value': 128, 'prev_value': 127, 'change': 1}
2026-03-01 11:33:05,295 : INFO : SwitchController : <<<<<<< 's_flipper_right_upper' inactive >>>>>>>
2026-03-01 11:33:05,297 : INFO : SwitchController : <<<<<<< 's_flipper_right_upper' active >>>>>>>
2026-03-01 11:33:05,297 : INFO : EventManager : Event: ======'machine_var_audits_switches_s_flipper_right_upper'====== Args={'value': 129, 'prev_value': 128, 'change': 1}
2026-03-01 11:33:05,429 : INFO : SwitchController : <<<<<<< 's_flipper_right_lower' inactive >>>>>>>
2026-03-01 11:33:05,434 : INFO : SwitchController : <<<<<<< 's_flipper_right_upper' inactive >>>>>>>
2026-03-01 11:33:05,438 : INFO : SwitchController : <<<<<<< 's_sling_left' active >>>>>>>
2026-03-01 11:33:05,438 : INFO : EventManager : Event: ======'machine_var_audits_switches_s_sling_left'====== Args={'value': 169, 'prev_value': 168, 'change': 1}
2026-03-01 11:33:05,460 : INFO : SwitchController : <<<<<<< 's_sling_left' inactive >>>>>>>
2026-03-01 11:33:05,494 : INFO : SwitchController : <<<<<<< 's_flipper_left' active >>>>>>>
2026-03-01 11:33:05,494 : INFO : EventManager : Event: ======'machine_var_audits_switches_s_flipper_left'====== Args={'value': 87, 'prev_value': 86, 'change': 1}
2026-03-01 11:33:05,617 : INFO : SwitchController : <<<<<<< 's_flipper_left' inactive >>>>>>>
2026-03-01 11:33:05,710 : INFO : SwitchController : <<<<<<< 's_flipper_left' active >>>>>>>
2026-03-01 11:33:05,710 : INFO : EventManager : Event: ======'machine_var_audits_switches_s_flipper_left'====== Args={'value': 88, 'prev_value': 87, 'change': 1}
2026-03-01 11:33:05,844 : INFO : SwitchController : <<<<<<< 's_flipper_left' inactive >>>>>>>
2026-03-01 11:33:05,865 : INFO : SwitchController : <<<<<<< 's_flipper_right_lower' active >>>>>>>
2026-03-01 11:33:05,865 : INFO : EventManager : Event: ======'machine_var_audits_switches_s_flipper_right_lower'====== Args={'value': 123, 'prev_value': 122, 'change': 1}
2026-03-01 11:33:05,866 : INFO : SwitchController : <<<<<<< 's_flipper_right_upper' active >>>>>>>
2026-03-01 11:33:05,866 : INFO : EventManager : Event: ======'machine_var_audits_switches_s_flipper_right_upper'====== Args={'value': 130, 'prev_value': 129, 'change': 1}
2026-03-01 11:33:06,028 : INFO : SwitchController : <<<<<<< 's_flipper_right_lower' inactive >>>>>>>
2026-03-01 11:33:06,034 : INFO : SwitchController : <<<<<<< 's_flipper_right_upper' inactive >>>>>>>
2026-03-01 11:33:06,239 : INFO : BallController : Found 1 ball(s) on playfield.
2026-03-01 11:33:06,240 : WARNING : BallController : Playfields still contain balls. Waiting for those to drain.
2026-03-01 11:33:06,261 : INFO : SwitchController : <<<<<<< 's_flipper_right_upper' active >>>>>>>
2026-03-01 11:33:06,261 : INFO : EventManager : Event: ======'machine_var_audits_switches_s_flipper_right_upper'====== Args={'value': 131, 'prev_value': 130, 'change': 1}
2026-03-01 11:33:06,262 : INFO : SwitchController : <<<<<<< 's_flipper_right_lower' active >>>>>>>
2026-03-01 11:33:06,262 : INFO : EventManager : Event: ======'machine_var_audits_switches_s_flipper_right_lower'====== Args={'value': 124, 'prev_value': 123, 'change': 1}
2026-03-01 11:33:06,360 : INFO : SwitchController : <<<<<<< 's_flipper_right_lower' inactive >>>>>>>
2026-03-01 11:33:06,365 : INFO : SwitchController : <<<<<<< 's_flipper_right_upper' inactive >>>>>>>
2026-03-01 11:33:06,508 : INFO : SwitchController : <<<<<<< 's_flipper_left' active >>>>>>>
2026-03-01 11:33:06,508 : INFO : EventManager : Event: ======'machine_var_audits_switches_s_flipper_left'====== Args={'value': 89, 'prev_value': 88, 'change': 1}
2026-03-01 11:33:06,627 : INFO : SwitchController : <<<<<<< 's_flipper_left' inactive >>>>>>>
2026-03-01 11:33:06,710 : INFO : SwitchController : <<<<<<< 's_flipper_right_upper' active >>>>>>>
2026-03-01 11:33:06,710 : INFO : EventManager : Event: ======'machine_var_audits_switches_s_flipper_right_upper'====== Args={'value': 132, 'prev_value': 131, 'change': 1}
2026-03-01 11:33:06,711 : INFO : SwitchController : <<<<<<< 's_flipper_right_lower' active >>>>>>>
2026-03-01 11:33:06,711 : INFO : EventManager : Event: ======'machine_var_audits_switches_s_flipper_right_lower'====== Args={'value': 125, 'prev_value': 124, 'change': 1}
2026-03-01 11:33:06,752 : INFO : SwitchController : <<<<<<< 's_flipper_left' active >>>>>>>
2026-03-01 11:33:06,753 : INFO : EventManager : Event: ======'machine_var_audits_switches_s_flipper_left'====== Args={'value': 90, 'prev_value': 89, 'change': 1}
2026-03-01 11:33:06,797 : INFO : SwitchController : <<<<<<< 's_flipper_right_lower' inactive >>>>>>>
2026-03-01 11:33:06,805 : INFO : SwitchController : <<<<<<< 's_flipper_right_upper' inactive >>>>>>>
2026-03-01 11:33:06,886 : INFO : SwitchController : <<<<<<< 's_flipper_left' inactive >>>>>>>
2026-03-01 11:33:06,947 : INFO : SwitchController : <<<<<<< 's_flipper_right_upper' active >>>>>>>
2026-03-01 11:33:06,947 : INFO : EventManager : Event: ======'machine_var_audits_switches_s_flipper_right_upper'====== Args={'value': 133, 'prev_value': 132, 'change': 1}
2026-03-01 11:33:06,949 : INFO : SwitchController : <<<<<<< 's_flipper_right_lower' active >>>>>>>
2026-03-01 11:33:06,949 : INFO : EventManager : Event: ======'machine_var_audits_switches_s_flipper_right_lower'====== Args={'value': 126, 'prev_value': 125, 'change': 1}
2026-03-01 11:33:06,991 : INFO : SwitchController : <<<<<<< 's_flipper_left' active >>>>>>>
2026-03-01 11:33:06,991 : INFO : EventManager : Event: ======'machine_var_audits_switches_s_flipper_left'====== Args={'value': 91, 'prev_value': 90, 'change': 1}
2026-03-01 11:33:07,035 : INFO : SwitchController : <<<<<<< 's_flipper_right_lower' inactive >>>>>>>
2026-03-01 11:33:07,040 : INFO : SwitchController : <<<<<<< 's_flipper_right_upper' inactive >>>>>>>
2026-03-01 11:33:07,105 : INFO : SwitchController : <<<<<<< 's_flipper_left' inactive >>>>>>>
2026-03-01 11:33:07,175 : INFO : SwitchController : <<<<<<< 's_flipper_right_lower' active >>>>>>>
2026-03-01 11:33:07,176 : INFO : EventManager : Event: ======'machine_var_audits_switches_s_flipper_right_lower'====== Args={'value': 127, 'prev_value': 126, 'change': 1}
2026-03-01 11:33:07,176 : INFO : SwitchController : <<<<<<< 's_flipper_right_upper' active >>>>>>>
2026-03-01 11:33:07,176 : INFO : EventManager : Event: ======'machine_var_audits_switches_s_flipper_right_upper'====== Args={'value': 134, 'prev_value': 133, 'change': 1}
2026-03-01 11:33:07,191 : INFO : SwitchController : <<<<<<< 's_flipper_left' active >>>>>>>
2026-03-01 11:33:07,191 : INFO : EventManager : Event: ======'machine_var_audits_switches_s_flipper_left'====== Args={'value': 92, 'prev_value': 91, 'change': 1}
2026-03-01 11:33:07,240 : INFO : BallController : Found 1 ball(s) on playfield.
2026-03-01 11:33:07,240 : WARNING : BallController : Playfields still contain balls. Waiting for those to drain.
2026-03-01 11:33:07,309 : INFO : SwitchController : <<<<<<< 's_flipper_right_lower' inactive >>>>>>>
2026-03-01 11:33:07,314 : INFO : SwitchController : <<<<<<< 's_flipper_right_upper' inactive >>>>>>>
2026-03-01 11:33:07,352 : INFO : SwitchController : <<<<<<< 's_flipper_left' inactive >>>>>>>
2026-03-01 11:33:08,240 : INFO : BallController : Found 1 ball(s) on playfield.
2026-03-01 11:33:08,240 : WARNING : BallController : Playfields still contain balls. Waiting for those to drain.
2026-03-01 11:33:08,956 : INFO : SwitchController : <<<<<<< 's_start' active >>>>>>>
2026-03-01 11:33:08,956 : INFO : EventManager : Event: ======'sw_start'====== Args={}
2026-03-01 11:33:08,956 : INFO : EventManager : Event: ======'machine_var_audits_switches_s_start'====== Args={'value': 19, 'prev_value': 18, 'change': 1}
2026-03-01 11:33:08,957 : INFO : EventManager : Event: ======'player_add_request'====== Args={}
2026-03-01 11:33:08,957 : INFO : EventManager : Event: ======'player_will_add'====== Args={'number': 3}
2026-03-01 11:33:08,957 : INFO : EventManager : Event: ======'player_adding'====== Args={'player': <Player 3>, 'number': 3}
2026-03-01 11:33:08,957 : INFO : EventManager : Event: ======'player_added'====== Args={'player': <Player 3>, 'num': 3}
2026-03-01 11:33:08,957 : INFO : Mode.game : Player added successfully. Total players: 3
2026-03-01 11:33:08,958 : INFO : EventManager : Event: ======'player_index'====== Args={'value': 2, 'prev_value': 2, 'change': 0, 'player_num': 3}
2026-03-01 11:33:08,964 : INFO : EventManager : Event: ======'player_number'====== Args={'value': 3, 'prev_value': 3, 'change': 0, 'player_num': 3}
2026-03-01 11:33:08,966 : INFO : EventManager : Event: ======'player_score'====== Args={'value': 0, 'prev_value': 0, 'change': 0, 'player_num': 3}
2026-03-01 11:33:09,077 : INFO : SwitchController : <<<<<<< 's_start' inactive >>>>>>>
2026-03-01 11:33:09,241 : INFO : BallController : Found 1 ball(s) on playfield.
2026-03-01 11:33:09,241 : WARNING : BallController : Playfields still contain balls. Waiting for those to drain.
2026-03-01 11:33:09,531 : INFO : SwitchController : <<<<<<< 's_trough_6' inactive >>>>>>>
2026-03-01 11:33:09,790 : INFO : SwitchController : <<<<<<< 's_start' active >>>>>>>
2026-03-01 11:33:09,790 : INFO : EventManager : Event: ======'sw_start'====== Args={}
2026-03-01 11:33:09,790 : INFO : EventManager : Event: ======'machine_var_audits_switches_s_start'====== Args={'value': 20, 'prev_value': 19, 'change': 1}
2026-03-01 11:33:09,790 : INFO : EventManager : Event: ======'player_add_request'====== Args={}
2026-03-01 11:33:09,790 : INFO : EventManager : Event: ======'player_will_add'====== Args={'number': 4}
2026-03-01 11:33:09,791 : INFO : EventManager : Event: ======'player_adding'====== Args={'player': <Player 4>, 'number': 4}
2026-03-01 11:33:09,791 : INFO : EventManager : Event: ======'player_added'====== Args={'player': <Player 4>, 'num': 4}
2026-03-01 11:33:09,791 : INFO : Mode.game : Player added successfully. Total players: 4
2026-03-01 11:33:09,791 : INFO : EventManager : Event: ======'player_index'====== Args={'value': 3, 'prev_value': 3, 'change': 0, 'player_num': 4}
2026-03-01 11:33:09,791 : INFO : EventManager : Event: ======'player_number'====== Args={'value': 4, 'prev_value': 4, 'change': 0, 'player_num': 4}
2026-03-01 11:33:09,791 : INFO : EventManager : Event: ======'player_score'====== Args={'value': 0, 'prev_value': 0, 'change': 0, 'player_num': 4}
2026-03-01 11:33:09,961 : INFO : SwitchController : <<<<<<< 's_start' inactive >>>>>>>
2026-03-01 11:33:10,031 : INFO : ball_device.bd_trough : BCH: Count is unstable. Trying to reorder balls.
2026-03-01 11:33:10,031 : WARNING : ball_device.bd_trough : Cannot reorder device because eject_coil_reorder_pulse is not configured
2026-03-01 11:33:10,031 : INFO : ball_device.bd_trough : BCH: Repulse done. Waiting for balls to settle.
2026-03-01 11:33:10,242 : INFO : BallController : Found 1 ball(s) on playfield.
2026-03-01 11:33:10,242 : WARNING : BallController : Playfields still contain balls. Waiting for those to drain.
2026-03-01 11:33:10,497 : INFO : SwitchController : <<<<<<< 's_start' active >>>>>>>
2026-03-01 11:33:10,498 : INFO : EventManager : Event: ======'sw_start'====== Args={}
2026-03-01 11:33:10,498 : INFO : EventManager : Event: ======'machine_var_audits_switches_s_start'====== Args={'value': 21, 'prev_value': 20, 'change': 1}
2026-03-01 11:33:10,617 : INFO : SwitchController : <<<<<<< 's_start' inactive >>>>>>>
2026-03-01 11:33:10,803 : INFO : SwitchController : <<<<<<< 's_start' active >>>>>>>
2026-03-01 11:33:10,803 : INFO : EventManager : Event: ======'sw_start'====== Args={}
2026-03-01 11:33:10,803 : INFO : EventManager : Event: ======'machine_var_audits_switches_s_start'====== Args={'value': 22, 'prev_value': 21, 'change': 1}
2026-03-01 11:33:10,968 : INFO : SwitchController : <<<<<<< 's_start' inactive >>>>>>>
2026-03-01 11:33:11,155 : INFO : SwitchController : <<<<<<< 's_start' active >>>>>>>
2026-03-01 11:33:11,155 : INFO : EventManager : Event: ======'sw_start'====== Args={}
2026-03-01 11:33:11,155 : INFO : EventManager : Event: ======'machine_var_audits_switches_s_start'====== Args={'value': 23, 'prev_value': 22, 'change': 1}
2026-03-01 11:33:11,243 : INFO : BallController : Found 1 ball(s) on playfield.
2026-03-01 11:33:11,243 : WARNING : BallController : Playfields still contain balls. Waiting for those to drain.
2026-03-01 11:33:11,330 : INFO : SwitchController : <<<<<<< 's_start' inactive >>>>>>>
2026-03-01 11:33:11,576 : INFO : SwitchController : <<<<<<< 's_start' active >>>>>>>
2026-03-01 11:33:11,576 : INFO : EventManager : Event: ======'sw_start'====== Args={}
2026-03-01 11:33:11,576 : INFO : EventManager : Event: ======'machine_var_audits_switches_s_start'====== Args={'value': 24, 'prev_value': 23, 'change': 1}
2026-03-01 11:33:11,757 : INFO : SwitchController : <<<<<<< 's_start' inactive >>>>>>>
2026-03-01 11:33:12,019 : INFO : SwitchController : <<<<<<< 's_start' active >>>>>>>
2026-03-01 11:33:12,019 : INFO : EventManager : Event: ======'sw_start'====== Args={}
2026-03-01 11:33:12,019 : INFO : EventManager : Event: ======'machine_var_audits_switches_s_start'====== Args={'value': 25, 'prev_value': 24, 'change': 1}
2026-03-01 11:33:12,179 : INFO : SwitchController : <<<<<<< 's_start' inactive >>>>>>>
2026-03-01 11:33:12,244 : INFO : BallController : Found 1 ball(s) on playfield.
2026-03-01 11:33:12,244 : WARNING : BallController : Playfields still contain balls. Waiting for those to drain.
2026-03-01 11:33:12,567 : INFO : SwitchController : <<<<<<< 's_flipper_right_lower' active >>>>>>>
2026-03-01 11:33:12,567 : INFO : EventManager : Event: ======'machine_var_audits_switches_s_flipper_right_lower'====== Args={'value': 128, 'prev_value': 127, 'change': 1}
2026-03-01 11:33:12,568 : INFO : SwitchController : <<<<<<< 's_flipper_right_upper' active >>>>>>>
2026-03-01 11:33:12,568 : INFO : EventManager : Event: ======'machine_var_audits_switches_s_flipper_right_upper'====== Args={'value': 135, 'prev_value': 134, 'change': 1}
2026-03-01 11:33:12,583 : INFO : ball_device.bd_plunger : State: failed_confirm
2026-03-01 11:33:12,583 : INFO : ball_device.bd_plunger : Got timeout (10.0s) before confirm from <playfield.playfield>
2026-03-01 11:33:12,640 : INFO : SwitchController : <<<<<<< 's_flipper_right_lower' inactive >>>>>>>
2026-03-01 11:33:12,646 : INFO : SwitchController : <<<<<<< 's_flipper_right_upper' inactive >>>>>>>
2026-03-01 11:33:12,683 : INFO : ball_device.bd_plunger : Confirming eject because target is playfield and ball did not return.
2026-03-01 11:33:12,684 : INFO : ball_device.bd_plunger : Eject successful
2026-03-01 11:33:12,684 : INFO : EventManager : Event: ======'balldevice_bd_plunger_ball_eject_success'====== Args={'balls': 1, 'target': <playfield.playfield>}
2026-03-01 11:33:12,684 : INFO : EventManager : Event: ======'balldevice_playfield_ball_enter'====== Args={'new_balls': 1, 'unclaimed_balls': 1, 'device': <playfield.playfield>}
2026-03-01 11:33:12,684 : INFO : EventManager : Event: ======'playfield_ball_count_change'====== Args={'balls': 1, 'change': 1}
2026-03-01 11:33:12,685 : INFO : EventManager : Event: ======'balldevice_bd_plunger_ball_count_changed'====== Args={'balls': 0}
2026-03-01 11:33:12,685 : INFO : ball_device.bd_plunger : State: idle
2026-03-01 11:33:12,685 : INFO : SwitchController : <<<<<<< 's_flipper_left' active >>>>>>>
2026-03-01 11:33:12,685 : INFO : EventManager : Event: ======'machine_var_audits_switches_s_flipper_left'====== Args={'value': 93, 'prev_value': 92, 'change': 1}
2026-03-01 11:33:12,758 : INFO : SwitchController : <<<<<<< 's_flipper_left' inactive >>>>>>>
2026-03-01 11:33:12,855 : INFO : SwitchController : <<<<<<< 's_flipper_left' active >>>>>>>
2026-03-01 11:33:12,855 : INFO : EventManager : Event: ======'machine_var_audits_switches_s_flipper_left'====== Args={'value': 94, 'prev_value': 93, 'change': 1}
2026-03-01 11:33:12,993 : INFO : SwitchController : <<<<<<< 's_flipper_left' inactive >>>>>>>
2026-03-01 11:33:13,177 : INFO : SwitchController : <<<<<<< 's_sling_left' active >>>>>>>
2026-03-01 11:33:13,178 : INFO : EventManager : Event: ======'machine_var_audits_switches_s_sling_left'====== Args={'value': 170, 'prev_value': 169, 'change': 1}
2026-03-01 11:33:13,226 : INFO : SwitchController : <<<<<<< 's_sling_left' inactive >>>>>>>
2026-03-01 11:33:13,245 : INFO : BallController : Found 1 ball(s) on playfield.
2026-03-01 11:33:13,245 : WARNING : BallController : Playfields still contain balls. Waiting for those to drain.
2026-03-01 11:33:13,385 : INFO : SwitchController : <<<<<<< 's_sling_left' active >>>>>>>
2026-03-01 11:33:13,385 : INFO : EventManager : Event: ======'machine_var_audits_switches_s_sling_left'====== Args={'value': 171, 'prev_value': 170, 'change': 1}
2026-03-01 11:33:13,457 : INFO : SwitchController : <<<<<<< 's_sling_left' inactive >>>>>>>
2026-03-01 11:33:13,528 : INFO : SwitchController : <<<<<<< 's_sling_left' active >>>>>>>
2026-03-01 11:33:13,528 : INFO : EventManager : Event: ======'machine_var_audits_switches_s_sling_left'====== Args={'value': 172, 'prev_value': 171, 'change': 1}
2026-03-01 11:33:13,637 : INFO : SwitchController : <<<<<<< 's_sling_left' inactive >>>>>>>
2026-03-01 11:33:14,048 : INFO : SwitchController : <<<<<<< 's_sling_right' active >>>>>>>
2026-03-01 11:33:14,048 : INFO : EventManager : Event: ======'machine_var_audits_switches_s_sling_right'====== Args={'value': 10, 'prev_value': 9, 'change': 1}
2026-03-01 11:33:14,081 : INFO : SwitchController : <<<<<<< 's_sling_right' inactive >>>>>>>
2026-03-01 11:33:14,247 : INFO : BallController : Found 1 ball(s) on playfield.
2026-03-01 11:33:14,247 : WARNING : BallController : Playfields still contain balls. Waiting for those to drain.
2026-03-01 11:33:14,949 : INFO : SwitchController : <<<<<<< 's_flipper_right_upper' active >>>>>>>
2026-03-01 11:33:14,949 : INFO : EventManager : Event: ======'machine_var_audits_switches_s_flipper_right_upper'====== Args={'value': 136, 'prev_value': 135, 'change': 1}
2026-03-01 11:33:14,953 : INFO : SwitchController : <<<<<<< 's_flipper_right_lower' active >>>>>>>
2026-03-01 11:33:14,953 : INFO : EventManager : Event: ======'machine_var_audits_switches_s_flipper_right_lower'====== Args={'value': 129, 'prev_value': 128, 'change': 1}
2026-03-01 11:33:15,044 : INFO : SwitchController : <<<<<<< 's_flipper_left' active >>>>>>>
2026-03-01 11:33:15,045 : INFO : EventManager : Event: ======'machine_var_audits_switches_s_flipper_left'====== Args={'value': 95, 'prev_value': 94, 'change': 1}
2026-03-01 11:33:15,071 : INFO : SwitchController : <<<<<<< 's_flipper_right_lower' inactive >>>>>>>
2026-03-01 11:33:15,076 : INFO : SwitchController : <<<<<<< 's_flipper_right_upper' inactive >>>>>>>
2026-03-01 11:33:15,194 : INFO : SwitchController : <<<<<<< 's_flipper_left' inactive >>>>>>>
2026-03-01 11:33:15,211 : INFO : SwitchController : <<<<<<< 's_flipper_right_upper' active >>>>>>>
2026-03-01 11:33:15,212 : INFO : EventManager : Event: ======'machine_var_audits_switches_s_flipper_right_upper'====== Args={'value': 137, 'prev_value': 136, 'change': 1}
2026-03-01 11:33:15,215 : INFO : SwitchController : <<<<<<< 's_flipper_right_lower' active >>>>>>>
2026-03-01 11:33:15,215 : INFO : EventManager : Event: ======'machine_var_audits_switches_s_flipper_right_lower'====== Args={'value': 130, 'prev_value': 129, 'change': 1}
2026-03-01 11:33:15,248 : INFO : BallController : Found 1 ball(s) on playfield.
2026-03-01 11:33:15,248 : WARNING : BallController : Playfields still contain balls. Waiting for those to drain.
2026-03-01 11:33:15,318 : INFO : SwitchController : <<<<<<< 's_flipper_right_lower' inactive >>>>>>>
2026-03-01 11:33:15,324 : INFO : SwitchController : <<<<<<< 's_flipper_right_upper' inactive >>>>>>>
2026-03-01 11:33:15,327 : INFO : SwitchController : <<<<<<< 's_flipper_left' active >>>>>>>
2026-03-01 11:33:15,328 : INFO : EventManager : Event: ======'machine_var_audits_switches_s_flipper_left'====== Args={'value': 96, 'prev_value': 95, 'change': 1}
2026-03-01 11:33:15,451 : INFO : SwitchController : <<<<<<< 's_flipper_left' inactive >>>>>>>
2026-03-01 11:33:16,249 : INFO : BallController : Found 1 ball(s) on playfield.
2026-03-01 11:33:16,249 : WARNING : BallController : Playfields still contain balls. Waiting for those to drain.
2026-03-01 11:33:17,251 : INFO : BallController : Found 1 ball(s) on playfield.
2026-03-01 11:33:17,251 : WARNING : BallController : Playfields still contain balls. Waiting for those to drain.
2026-03-01 11:33:18,251 : INFO : BallController : Found 1 ball(s) on playfield.
2026-03-01 11:33:18,251 : WARNING : BallController : Playfields still contain balls. Waiting for those to drain.
2026-03-01 11:33:19,252 : INFO : BallController : Found 1 ball(s) on playfield.
2026-03-01 11:33:19,252 : WARNING : BallController : Playfields still contain balls. Waiting for those to drain.
2026-03-01 11:33:20,253 : INFO : BallController : Found 1 ball(s) on playfield.
2026-03-01 11:33:20,253 : WARNING : BallController : Playfields still contain balls. Waiting for those to drain.
2026-03-01 11:33:21,253 : INFO : BallController : Found 1 ball(s) on playfield.
2026-03-01 11:33:21,253 : WARNING : BallController : Playfields still contain balls. Waiting for those to drain.
2026-03-01 11:33:21,571 : INFO : SwitchController : <<<<<<< 's_flipper_left' active >>>>>>>
2026-03-01 11:33:21,571 : INFO : EventManager : Event: ======'machine_var_audits_switches_s_flipper_left'====== Args={'value': 97, 'prev_value': 96, 'change': 1}
2026-03-01 11:33:21,785 : INFO : SwitchController : <<<<<<< 's_flipper_left' inactive >>>>>>>
2026-03-01 11:33:21,894 : INFO : SwitchController : <<<<<<< 's_flipper_left' active >>>>>>>
2026-03-01 11:33:21,894 : INFO : EventManager : Event: ======'machine_var_audits_switches_s_flipper_left'====== Args={'value': 98, 'prev_value': 97, 'change': 1}
2026-03-01 11:33:21,991 : INFO : SwitchController : <<<<<<< 's_flipper_left' inactive >>>>>>>
2026-03-01 11:33:22,054 : INFO : SwitchController : <<<<<<< 's_flipper_left' active >>>>>>>
2026-03-01 11:33:22,054 : INFO : EventManager : Event: ======'machine_var_audits_switches_s_flipper_left'====== Args={'value': 99, 'prev_value': 98, 'change': 1}
2026-03-01 11:33:22,181 : INFO : SwitchController : <<<<<<< 's_flipper_left' inactive >>>>>>>
2026-03-01 11:33:22,203 : INFO : SwitchController : <<<<<<< 's_flipper_left' active >>>>>>>
2026-03-01 11:33:22,203 : INFO : EventManager : Event: ======'machine_var_audits_switches_s_flipper_left'====== Args={'value': 100, 'prev_value': 99, 'change': 1}
2026-03-01 11:33:22,254 : INFO : BallController : Found 1 ball(s) on playfield.
2026-03-01 11:33:22,254 : WARNING : BallController : Playfields still contain balls. Waiting for those to drain.
2026-03-01 11:33:22,300 : INFO : SwitchController : <<<<<<< 's_flipper_left' inactive >>>>>>>
2026-03-01 11:33:22,475 : INFO : SwitchController : <<<<<<< 's_flipper_left' active >>>>>>>
2026-03-01 11:33:22,475 : INFO : EventManager : Event: ======'machine_var_audits_switches_s_flipper_left'====== Args={'value': 101, 'prev_value': 100, 'change': 1}
2026-03-01 11:33:22,763 : INFO : SwitchController : <<<<<<< 's_flipper_left' inactive >>>>>>>
2026-03-01 11:33:22,898 : INFO : SwitchController : <<<<<<< 's_flipper_right_upper' active >>>>>>>
2026-03-01 11:33:22,898 : INFO : EventManager : Event: ======'machine_var_audits_switches_s_flipper_right_upper'====== Args={'value': 138, 'prev_value': 137, 'change': 1}
2026-03-01 11:33:22,901 : INFO : SwitchController : <<<<<<< 's_flipper_right_lower' active >>>>>>>
2026-03-01 11:33:22,901 : INFO : EventManager : Event: ======'machine_var_audits_switches_s_flipper_right_lower'====== Args={'value': 131, 'prev_value': 130, 'change': 1}
2026-03-01 11:33:22,965 : INFO : SwitchController : <<<<<<< 's_flipper_right_lower' inactive >>>>>>>
2026-03-01 11:33:22,972 : INFO : SwitchController : <<<<<<< 's_flipper_right_upper' inactive >>>>>>>
2026-03-01 11:33:23,043 : INFO : SwitchController : <<<<<<< 's_flipper_right_upper' active >>>>>>>
2026-03-01 11:33:23,043 : INFO : EventManager : Event: ======'machine_var_audits_switches_s_flipper_right_upper'====== Args={'value': 139, 'prev_value': 138, 'change': 1}
2026-03-01 11:33:23,045 : INFO : SwitchController : <<<<<<< 's_flipper_right_lower' active >>>>>>>
2026-03-01 11:33:23,045 : INFO : EventManager : Event: ======'machine_var_audits_switches_s_flipper_right_lower'====== Args={'value': 132, 'prev_value': 131, 'change': 1}
2026-03-01 11:33:23,125 : INFO : SwitchController : <<<<<<< 's_flipper_right_lower' inactive >>>>>>>
2026-03-01 11:33:23,131 : INFO : SwitchController : <<<<<<< 's_flipper_right_upper' inactive >>>>>>>
2026-03-01 11:33:23,188 : INFO : SwitchController : <<<<<<< 's_flipper_right_lower' active >>>>>>>
2026-03-01 11:33:23,188 : INFO : EventManager : Event: ======'machine_var_audits_switches_s_flipper_right_lower'====== Args={'value': 133, 'prev_value': 132, 'change': 1}
2026-03-01 11:33:23,189 : INFO : SwitchController : <<<<<<< 's_flipper_right_upper' active >>>>>>>
2026-03-01 11:33:23,189 : INFO : EventManager : Event: ======'machine_var_audits_switches_s_flipper_right_upper'====== Args={'value': 140, 'prev_value': 139, 'change': 1}
2026-03-01 11:33:23,254 : INFO : BallController : Found 1 ball(s) on playfield.
2026-03-01 11:33:23,254 : WARNING : BallController : Playfields still contain balls. Waiting for those to drain.
2026-03-01 11:33:23,261 : INFO : SwitchController : <<<<<<< 's_flipper_right_lower' inactive >>>>>>>
2026-03-01 11:33:23,267 : INFO : SwitchController : <<<<<<< 's_flipper_right_upper' inactive >>>>>>>
2026-03-01 11:33:23,323 : INFO : SwitchController : <<<<<<< 's_flipper_right_upper' active >>>>>>>
2026-03-01 11:33:23,323 : INFO : EventManager : Event: ======'machine_var_audits_switches_s_flipper_right_upper'====== Args={'value': 141, 'prev_value': 140, 'change': 1}
2026-03-01 11:33:23,325 : INFO : SwitchController : <<<<<<< 's_flipper_right_lower' active >>>>>>>
2026-03-01 11:33:23,325 : INFO : EventManager : Event: ======'machine_var_audits_switches_s_flipper_right_lower'====== Args={'value': 134, 'prev_value': 133, 'change': 1}
2026-03-01 11:33:23,415 : INFO : SwitchController : <<<<<<< 's_flipper_right_lower' inactive >>>>>>>
2026-03-01 11:33:23,424 : INFO : SwitchController : <<<<<<< 's_flipper_right_upper' inactive >>>>>>>
2026-03-01 11:33:23,453 : INFO : SwitchController : <<<<<<< 's_flipper_left' active >>>>>>>
2026-03-01 11:33:23,453 : INFO : EventManager : Event: ======'machine_var_audits_switches_s_flipper_left'====== Args={'value': 102, 'prev_value': 101, 'change': 1}
2026-03-01 11:33:23,560 : INFO : SwitchController : <<<<<<< 's_flipper_left' inactive >>>>>>>
2026-03-01 11:33:24,255 : INFO : BallController : Found 1 ball(s) on playfield.
2026-03-01 11:33:24,255 : WARNING : BallController : Playfields still contain balls. Waiting for those to drain.
2026-03-01 11:33:25,256 : INFO : BallController : Found 1 ball(s) on playfield.
2026-03-01 11:33:25,256 : WARNING : BallController : Playfields still contain balls. Waiting for those to drain.
2026-03-01 11:33:26,256 : INFO : BallController : Found 1 ball(s) on playfield.
2026-03-01 11:33:26,257 : WARNING : BallController : Playfields still contain balls. Waiting for those to drain.
2026-03-01 11:33:27,257 : INFO : BallController : Found 1 ball(s) on playfield.
2026-03-01 11:33:27,257 : WARNING : BallController : Playfields still contain balls. Waiting for those to drain.
