2026-02-28 17:36:41,679 : INFO : root : Loading config.
2026-02-28 17:36:41,680 : INFO : YamlMultifileConfigLoader : Machine config file #1: config.yaml
2026-02-28 17:36:41,680 : WARNING : ConfigProcessor : Config file in cache changed: /Users/andre/NapoleonDynamite/config/config.yaml
2026-02-28 17:36:41,680 : INFO : ConfigProcessor : Loading config from file /Library/Frameworks/Python.framework/Versions/3.13/lib/python3.13/site-packages/mpf/mpfconfig.yaml.
2026-02-28 17:36:41,700 : INFO : ConfigProcessor : Loading config: /Library/Frameworks/Python.framework/Versions/3.13/lib/python3.13/site-packages/mpf/mpfconfig.yaml
2026-02-28 17:36:41,700 : INFO : ConfigProcessor : Loading config from file /Users/andre/NapoleonDynamite/config/config.yaml.
2026-02-28 17:36:41,701 : INFO : ConfigProcessor : Loading config: /Users/andre/NapoleonDynamite/config/config.yaml
2026-02-28 17:36:41,702 : INFO : ConfigProcessor : Loading config: /Users/andre/NapoleonDynamite/config/config_ball_devices.yaml
2026-02-28 17:36:41,702 : INFO : ConfigProcessor : Loading config: /Users/andre/NapoleonDynamite/config/config_coils.yaml
2026-02-28 17:36:41,704 : INFO : ConfigProcessor : Loading config: /Users/andre/NapoleonDynamite/config/config_switches.yaml
2026-02-28 17:36:41,705 : INFO : ConfigProcessor : Config file cache created: /var/folders/np/pd6clpgx1xs_0sdwz71m1gyh0000gn/T/00addb5eaaf19e366a8bc2e537dfc5e2.mpf_cache
2026-02-28 17:36:41,721 : INFO : ConfigProcessor : Loading config from cache: /var/folders/np/pd6clpgx1xs_0sdwz71m1gyh0000gn/T/17249d28c5038822300153ccd16b5450.mpf_cache
2026-02-28 17:36:41,722 : INFO : ConfigProcessor : Loading config from cache: /var/folders/np/pd6clpgx1xs_0sdwz71m1gyh0000gn/T/786e273e12b38b2b1133a8d0aa2f17ad.mpf_cache
2026-02-28 17:36:41,722 : INFO : ConfigProcessor : Loading config from cache: /var/folders/np/pd6clpgx1xs_0sdwz71m1gyh0000gn/T/17249d28c5038822300153ccd16b5450.mpf_cache
2026-02-28 17:36:41,722 : WARNING : ConfigProcessor : Config file in cache changed: /Users/andre/NapoleonDynamite/modes/base/config/base.yaml
2026-02-28 17:36:41,722 : INFO : ConfigProcessor : Loading config from file /Users/andre/NapoleonDynamite/modes/base/config/base.yaml.
2026-02-28 17:36:41,723 : INFO : ConfigProcessor : Loading config: /Users/andre/NapoleonDynamite/modes/base/config/base.yaml
2026-02-28 17:36:41,723 : INFO : ConfigProcessor : Config file cache created: /var/folders/np/pd6clpgx1xs_0sdwz71m1gyh0000gn/T/128730e328aaa296072fe140e2e7dc9c.mpf_cache
2026-02-28 17:36:41,723 : INFO : ConfigProcessor : Loading config from cache: /var/folders/np/pd6clpgx1xs_0sdwz71m1gyh0000gn/T/6361db87863b427e5d069bbf0c807c9d.mpf_cache
2026-02-28 17:36:41,724 : WARNING : ConfigProcessor : Config file in cache changed: /Users/andre/NapoleonDynamite/modes/hurryup/config/hurryup.yaml
2026-02-28 17:36:41,724 : INFO : ConfigProcessor : Loading config from file /Users/andre/NapoleonDynamite/modes/hurryup/config/hurryup.yaml.
2026-02-28 17:36:41,725 : INFO : ConfigProcessor : Loading config: /Users/andre/NapoleonDynamite/modes/hurryup/config/hurryup.yaml
2026-02-28 17:36:41,725 : INFO : ConfigProcessor : Config file cache created: /var/folders/np/pd6clpgx1xs_0sdwz71m1gyh0000gn/T/43cb4b195f935f38e5e859c83c67061c.mpf_cache
2026-02-28 17:36:41,725 : INFO : Machine : Mission Pinball Framework Core Engine v0.80.0.dev12
2026-02-28 17:36:41,725 : INFO : Machine : Command line arguments: {'no_load_cache': False, 'create_config_cache': True, 'bcp': True, 'configfile': ['config.yaml'], 'force_assets_load': False, 'platform_integration_test': False, 'jsonlogging': False, 'logfile': 'logs/2026-02-28-17-36-41-mpf-ANDREs-MacBook-Pro-2.local.log', 'pause': False, 'production': False, 'text_ui': False, 'loglevel': 15, 'consoleloglevel': 20, 'force_platform': 'virtual', 'syslog_address': None, 'full_logfile_path': '/Users/andre/NapoleonDynamite/logs/2026-02-28-17-36-41-mpf-ANDREs-MacBook-Pro-2.local.log'}
2026-02-28 17:36:41,725 : INFO : Machine : MPF path: /Library/Frameworks/Python.framework/Versions/3.13/lib/python3.13/site-packages/mpf
2026-02-28 17:36:41,725 : INFO : Machine : Machine path: /Users/andre/NapoleonDynamite
2026-02-28 17:36:41,725 : INFO : Machine : Platform: darwin
2026-02-28 17:36:41,725 : INFO : Machine : Python executable location: /Library/Frameworks/Python.framework/Versions/3.13/bin/python3.13
2026-02-28 17:36:41,725 : INFO : Machine : Python version: 3.13.12 (64-bit)
2026-02-28 17:36:41,726 : INFO : Machine : Initializing MPF...
2026-02-28 17:36:41,746 : INFO : EventManager : Event: ======'machine_var_credits_string'====== Args={'value': 'FREE PLAY', 'prev_value': None, 'change': True}
2026-02-28 17:36:41,750 : INFO : EventManager : Event: ======'machine_var_master_volume'====== Args={'value': 0.5, 'prev_value': None, 'change': True}
2026-02-28 17:36:41,750 : INFO : EventManager : Event: ======'machine_var_mpf_version'====== Args={'value': 'Mission Pinball Framework v0.80.0.dev12', 'prev_value': None, 'change': True}
2026-02-28 17:36:41,750 : INFO : EventManager : Event: ======'machine_var_mpf_extended_version'====== Args={'value': 'Mission Pinball Framework v0.80.0.dev12, Config version:6, Show version: 6, BCP version:1.1', 'prev_value': None, 'change': True}
2026-02-28 17:36:41,750 : INFO : EventManager : Event: ======'machine_var_python_version'====== Args={'value': '3.13.12', 'prev_value': None, 'change': True}
2026-02-28 17:36:41,759 : INFO : EventManager : Event: ======'machine_var_platform'====== Args={'value': 'macOS-26.3-arm64-arm-64bit-Mach-O', 'prev_value': None, 'change': True}
2026-02-28 17:36:41,759 : INFO : EventManager : Event: ======'machine_var_platform_system'====== Args={'value': 'Darwin', 'prev_value': None, 'change': True}
2026-02-28 17:36:41,759 : INFO : EventManager : Event: ======'machine_var_platform_release'====== Args={'value': '25.3.0', 'prev_value': None, 'change': True}
2026-02-28 17:36:41,759 : INFO : EventManager : Event: ======'machine_var_platform_version'====== Args={'value': 'Darwin Kernel Version 25.3.0: Wed Jan 28 20:53:05 PST 2026; root:xnu-12377.81.4~5/RELEASE_ARM64_T6020', 'prev_value': None, 'change': True}
2026-02-28 17:36:41,759 : INFO : EventManager : Event: ======'machine_var_platform_machine'====== Args={'value': 'arm64', 'prev_value': None, 'change': True}
2026-02-28 17:36:41,759 : INFO : EventManager : Event: ======'machine_var_log_file_path'====== Args={'value': '/Users/andre/NapoleonDynamite/logs/2026-02-28-17-36-41-mpf-ANDREs-MacBook-Pro-2.local.log', 'prev_value': None, 'change': True}
2026-02-28 17:36:41,759 : INFO : EventManager : Event: ======'init_phase_1'====== Args={}
2026-02-28 17:36:41,765 : INFO : EventManager : Event: ======'init_phase_2'====== Args={}
2026-02-28 17:36:41,765 : INFO : SwitchController : Found active switch: (1004, <Platform.Virtual>) <switch.s_trough_1>
2026-02-28 17:36:41,765 : INFO : SwitchController : Found active switch: (1005, <Platform.Virtual>) <switch.s_trough_2>
2026-02-28 17:36:41,765 : INFO : SwitchController : Found active switch: (1006, <Platform.Virtual>) <switch.s_trough_3>
2026-02-28 17:36:41,765 : INFO : SwitchController : Found active switch: (1007, <Platform.Virtual>) <switch.s_trough_4>
2026-02-28 17:36:41,765 : INFO : SwitchController : Found active switch: (1008, <Platform.Virtual>) <switch.s_trough_5>
2026-02-28 17:36:41,765 : INFO : SwitchController : Found active switch: (1009, <Platform.Virtual>) <switch.s_trough_6>
2026-02-28 17:36:41,765 : INFO : SwitchController : Found active switch: (1010, <Platform.Virtual>) <switch.s_trough_7>
2026-02-28 17:36:41,766 : INFO : EventManager : Event: ======'bcp_connection_attempt'====== Args={'name': 'local_display', 'host': 'localhost', 'port': 5050}
2026-02-28 17:36:41,766 : INFO : BCPClientSocket : Connecting BCP to 'local_display' at localhost:5050...
2026-02-28 17:36:41,770 : INFO : BCPClientSocket : Connected BCP to 'local_display' localhost:5050
2026-02-28 17:36:41,770 : INFO : EventManager : Event: ======'bcp_clients_connected'====== Args={}
2026-02-28 17:36:41,770 : INFO : ball_device.bd_trough : BCH: Initial count: 7
2026-02-28 17:36:41,770 : INFO : ball_device.bd_trough : State: idle
2026-02-28 17:36:41,770 : INFO : ball_device.bd_plunger : BCH: Initial count: 0
2026-02-28 17:36:41,771 : INFO : ball_device.bd_plunger : State: idle
2026-02-28 17:36:41,774 : INFO : EventManager : Event: ======'init_phase_3'====== Args={}
2026-02-28 17:36:41,775 : INFO : EventManager : Event: ======'init_phase_4'====== Args={}
2026-02-28 17:36:41,775 : INFO : BallController : Initial balls found: 7
2026-02-28 17:36:41,775 : INFO : EventManager : Event: ======'machine_var_audits_events_game_ended'====== Args={'value': 0, 'prev_value': None, 'change': True}
2026-02-28 17:36:41,775 : INFO : EventManager : Event: ======'machine_var_audits_events_game_started'====== Args={'value': 7, 'prev_value': None, 'change': True}
2026-02-28 17:36:41,775 : INFO : EventManager : Event: ======'machine_var_audits_missing_switches_s_flipper_left'====== Args={'value': 7, 'prev_value': None, 'change': True}
2026-02-28 17:36:41,775 : INFO : EventManager : Event: ======'machine_var_audits_missing_switches_s_flipper_right_lower'====== Args={'value': 7, 'prev_value': None, 'change': True}
2026-02-28 17:36:41,775 : INFO : EventManager : Event: ======'machine_var_audits_missing_switches_s_flipper_right_upper'====== Args={'value': 7, 'prev_value': None, 'change': True}
2026-02-28 17:36:41,775 : INFO : EventManager : Event: ======'machine_var_audits_missing_switches_s_inlane_right_1'====== Args={'value': 6, 'prev_value': None, 'change': True}
2026-02-28 17:36:41,775 : INFO : EventManager : Event: ======'machine_var_audits_missing_switches_s_inlane_right_2'====== Args={'value': 6, 'prev_value': None, 'change': True}
2026-02-28 17:36:41,775 : INFO : EventManager : Event: ======'machine_var_audits_missing_switches_s_plunger_lane'====== Args={'value': 7, 'prev_value': None, 'change': True}
2026-02-28 17:36:41,775 : INFO : EventManager : Event: ======'machine_var_audits_missing_switches_s_sling_left'====== Args={'value': 7, 'prev_value': None, 'change': True}
2026-02-28 17:36:41,775 : INFO : EventManager : Event: ======'machine_var_audits_missing_switches_s_sling_right'====== Args={'value': 7, 'prev_value': None, 'change': True}
2026-02-28 17:36:41,775 : INFO : EventManager : Event: ======'machine_var_audits_missing_switches_s_start'====== Args={'value': 4, 'prev_value': None, 'change': True}
2026-02-28 17:36:41,775 : INFO : EventManager : Event: ======'machine_var_audits_missing_switches_s_trough_1'====== Args={'value': 7, 'prev_value': None, 'change': True}
2026-02-28 17:36:41,776 : INFO : EventManager : Event: ======'machine_var_audits_missing_switches_s_trough_2'====== Args={'value': 7, 'prev_value': None, 'change': True}
2026-02-28 17:36:41,776 : INFO : EventManager : Event: ======'machine_var_audits_missing_switches_s_trough_3'====== Args={'value': 7, 'prev_value': None, 'change': True}
2026-02-28 17:36:41,776 : INFO : EventManager : Event: ======'machine_var_audits_missing_switches_s_trough_4'====== Args={'value': 7, 'prev_value': None, 'change': True}
2026-02-28 17:36:41,776 : INFO : EventManager : Event: ======'machine_var_audits_missing_switches_s_trough_5'====== Args={'value': 7, 'prev_value': None, 'change': True}
2026-02-28 17:36:41,776 : INFO : EventManager : Event: ======'machine_var_audits_missing_switches_s_trough_6'====== Args={'value': 7, 'prev_value': None, 'change': True}
2026-02-28 17:36:41,776 : INFO : EventManager : Event: ======'machine_var_audits_missing_switches_s_trough_7'====== Args={'value': 7, 'prev_value': None, 'change': True}
2026-02-28 17:36:41,776 : INFO : EventManager : Event: ======'machine_var_audits_player_score'====== Args={'value': {'average': 0, 'top': [], 'total': 0}, 'prev_value': None, 'change': True}
2026-02-28 17:36:41,776 : INFO : EventManager : Event: ======'machine_var_audits_shots_bumper_lower'====== Args={'value': 69, 'prev_value': None, 'change': True}
2026-02-28 17:36:41,776 : INFO : EventManager : Event: ======'machine_var_audits_shots_bumper_upper'====== Args={'value': 79, 'prev_value': None, 'change': True}
2026-02-28 17:36:41,776 : INFO : EventManager : Event: ======'machine_var_audits_shots_inlane_left'====== Args={'value': 17, 'prev_value': None, 'change': True}
2026-02-28 17:36:41,776 : INFO : EventManager : Event: ======'machine_var_audits_switches_s_bumper_lower'====== Args={'value': 69, 'prev_value': None, 'change': True}
2026-02-28 17:36:41,776 : INFO : EventManager : Event: ======'machine_var_audits_switches_s_bumper_upper'====== Args={'value': 79, 'prev_value': None, 'change': True}
2026-02-28 17:36:41,776 : INFO : EventManager : Event: ======'machine_var_audits_switches_s_flipper_left'====== Args={'value': 0, 'prev_value': None, 'change': True}
2026-02-28 17:36:41,776 : INFO : EventManager : Event: ======'machine_var_audits_switches_s_flipper_right_lower'====== Args={'value': 0, 'prev_value': None, 'change': True}
2026-02-28 17:36:41,776 : INFO : EventManager : Event: ======'machine_var_audits_switches_s_flipper_right_upper'====== Args={'value': 0, 'prev_value': None, 'change': True}
2026-02-28 17:36:41,776 : INFO : EventManager : Event: ======'machine_var_audits_switches_s_inlane_left'====== Args={'value': 19, 'prev_value': None, 'change': True}
2026-02-28 17:36:41,776 : INFO : EventManager : Event: ======'machine_var_audits_switches_s_inlane_right_1'====== Args={'value': 2, 'prev_value': None, 'change': True}
2026-02-28 17:36:41,776 : INFO : EventManager : Event: ======'machine_var_audits_switches_s_inlane_right_2'====== Args={'value': 2, 'prev_value': None, 'change': True}
2026-02-28 17:36:41,776 : INFO : EventManager : Event: ======'machine_var_audits_switches_s_plunger_lane'====== Args={'value': 0, 'prev_value': None, 'change': True}
2026-02-28 17:36:41,776 : INFO : EventManager : Event: ======'machine_var_audits_switches_s_sling_left'====== Args={'value': 0, 'prev_value': None, 'change': True}
2026-02-28 17:36:41,776 : INFO : EventManager : Event: ======'machine_var_audits_switches_s_sling_right'====== Args={'value': 0, 'prev_value': None, 'change': True}
2026-02-28 17:36:41,776 : INFO : EventManager : Event: ======'machine_var_audits_switches_s_start'====== Args={'value': 3, 'prev_value': None, 'change': True}
2026-02-28 17:36:41,776 : INFO : EventManager : Event: ======'machine_var_audits_switches_s_trough_1'====== Args={'value': 0, 'prev_value': None, 'change': True}
2026-02-28 17:36:41,776 : INFO : EventManager : Event: ======'machine_var_audits_switches_s_trough_2'====== Args={'value': 0, 'prev_value': None, 'change': True}
2026-02-28 17:36:41,776 : INFO : EventManager : Event: ======'machine_var_audits_switches_s_trough_3'====== Args={'value': 0, 'prev_value': None, 'change': True}
2026-02-28 17:36:41,776 : INFO : EventManager : Event: ======'machine_var_audits_switches_s_trough_4'====== Args={'value': 0, 'prev_value': None, 'change': True}
2026-02-28 17:36:41,776 : INFO : EventManager : Event: ======'machine_var_audits_switches_s_trough_5'====== Args={'value': 0, 'prev_value': None, 'change': True}
2026-02-28 17:36:41,776 : INFO : EventManager : Event: ======'machine_var_audits_switches_s_trough_6'====== Args={'value': 0, 'prev_value': None, 'change': True}
2026-02-28 17:36:41,776 : INFO : EventManager : Event: ======'machine_var_audits_switches_s_trough_7'====== Args={'value': 0, 'prev_value': None, 'change': True}
2026-02-28 17:36:41,776 : INFO : EventManager : Event: ======'init_phase_5'====== Args={}
2026-02-28 17:36:41,776 : INFO : EventManager : Event: ======'init_done'====== Args={}
2026-02-28 17:36:41,776 : INFO : EventManager : Event: ======'machine_reset_phase_1'====== Args={}
2026-02-28 17:36:41,813 : INFO : EventManager : Event: ======'machine_reset_phase_2'====== Args={}
2026-02-28 17:36:41,814 : INFO : EventManager : Event: ======'machine_reset_phase_3'====== Args={}
2026-02-28 17:36:41,814 : INFO : EventManager : Event: ======'reset_complete'====== Args={}
2026-02-28 17:36:41,814 : INFO : EventManager : Event: ======'mode_attract_will_start'====== Args={}
2026-02-28 17:36:41,814 : INFO : Timer.attract_carousel_timer : Starting Timer.
2026-02-28 17:36:41,814 : INFO : EventManager : Event: ======'timer_attract_carousel_timer_started'====== Args={'ticks': 0, 'ticks_remaining': 1}
2026-02-28 17:36:41,814 : INFO : EventManager : Event: ======'timer_attract_carousel_timer_tick'====== Args={'ticks': 0, 'ticks_remaining': 1}
2026-02-28 17:36:41,814 : INFO : EventManager : Event: ======'mode_attract_starting'====== Args={}
2026-02-28 17:36:41,814 : INFO : Mode.attract : Started. Priority: 10
2026-02-28 17:36:41,814 : INFO : EventManager : Event: ======'modes_active_modes_changed'====== Args={}
2026-02-28 17:36:41,814 : INFO : EventManager : Event: ======'mode_attract_started'====== Args={}
2026-02-28 17:36:41,815 : INFO : EventManager : Event: ======'collecting_balls_complete'====== Args={}
2026-02-28 17:36:41,815 : INFO : EventManager : Event: ======'carousel_item_highlighted'====== Args={'carousel': 'attract', 'direction': None, 'item': 'title'}
2026-02-28 17:36:41,815 : INFO : EventManager : Event: ======'timer_attract_carousel_timer_tick'====== Args={'ticks': 0, 'ticks_remaining': 1}
2026-02-28 17:36:41,815 : INFO : Machine : Starting the main run loop with active modes: [<Mode.attract>]
2026-02-28 17:36:41,970 : INFO : EventManager : Event: ======'slide_attract_created'====== Args={'_from_bcp': True}
2026-02-28 17:36:41,970 : INFO : EventManager : Event: ======'slide__removed'====== Args={'_from_bcp': True}
2026-02-28 17:36:41,970 : INFO : EventManager : Event: ======'slide_attract_active'====== Args={'original_context': 'attract', 'original_calling_context': 'mode_attract_started', 'priority': 10.0, 'cmd': 'slides_play', '_from_bcp': True}
2026-02-28 17:36:45,016 : INFO : SwitchController : <<<<<<< 's_start' active >>>>>>>
2026-02-28 17:36:45,149 : INFO : SwitchController : <<<<<<< 's_start' inactive >>>>>>>
2026-02-28 17:36:45,150 : INFO : EventManager : Event: ======'request_to_start_game'====== Args={}
2026-02-28 17:36:45,151 : INFO : EventManager : Event: ======'game_start'====== Args={'buttons': [], 'hold_time': 0.13325379200978205}
2026-02-28 17:36:45,151 : INFO : EventManager : Event: ======'mode_game_will_start'====== Args={'buttons': [], 'hold_time': 0.13325379200978205}
2026-02-28 17:36:45,153 : INFO : EventManager : Event: ======'mode_game_starting'====== Args={'buttons': [], 'hold_time': 0.13325379200978205}
2026-02-28 17:36:45,153 : INFO : EventManager : Event: ======'mode_attract_will_stop'====== Args={}
2026-02-28 17:36:45,155 : INFO : EventManager : Event: ======'mode_attract_stopping'====== Args={}
2026-02-28 17:36:45,155 : INFO : Mode.attract : Stopped.
2026-02-28 17:36:45,155 : INFO : EventManager : Event: ======'modes_active_modes_changed'====== Args={}
2026-02-28 17:36:45,156 : INFO : EventManager : Event: ======'mode_attract_stopped'====== Args={}
2026-02-28 17:36:45,156 : INFO : EventManager : Event: ======'clear'====== Args={'key': 'attract'}
2026-02-28 17:36:45,157 : INFO : Timer.attract_carousel_timer : Stopping Timer
2026-02-28 17:36:45,157 : INFO : EventManager : Event: ======'timer_attract_carousel_timer_stopped'====== Args={'ticks': 0, 'ticks_remaining': 1}
2026-02-28 17:36:45,157 : INFO : Mode.game : Started. Priority: 20
2026-02-28 17:36:45,157 : INFO : EventManager : Event: ======'modes_active_modes_changed'====== Args={}
2026-02-28 17:36:45,157 : INFO : EventManager : Event: ======'mode_game_started'====== Args={'buttons': [], 'hold_time': 0.13325379200978205}
2026-02-28 17:36:45,158 : INFO : EventManager : Event: ======'game_will_start'====== Args={}
2026-02-28 17:36:45,159 : INFO : EventManager : Event: ======'game_starting'====== Args={'game': <Mode.game>}
2026-02-28 17:36:45,160 : INFO : EventManager : Unordered handler for class <Auditor> on event game_ended with priority 1. Handlers: [RegisteredHandler(callback=<bound method Auditor.disable of <Auditor>>, priority=1, kwargs={}, key=UUID('d93888f1-40db-4fb6-92a8-a448e0e273be'), condition=None, blocking_facility=None), RegisteredHandler(callback=<bound method Auditor._save_audits of <Auditor>>, priority=1, kwargs={}, key=UUID('749cf408-9fd7-47cb-827d-6c3a6874caa1'), condition=None, blocking_facility=None)]. The order of those handlers is not defined and they will be executed in random order. This might lead to race conditions and potential bugs.
2026-02-28 17:36:45,160 : INFO : EventManager : Event: ======'player_add_request'====== Args={}
2026-02-28 17:36:45,161 : INFO : EventManager : Event: ======'player_will_add'====== Args={'number': 1}
2026-02-28 17:36:45,161 : INFO : EventManager : Event: ======'player_adding'====== Args={'player': <Player 1>, 'number': 1}
2026-02-28 17:36:45,161 : INFO : EventManager : Event: ======'player_added'====== Args={'player': <Player 1>, 'num': 1}
2026-02-28 17:36:45,161 : INFO : Mode.game : Player added successfully. Total players: 1
2026-02-28 17:36:45,161 : INFO : EventManager : Event: ======'player_index'====== Args={'value': 0, 'prev_value': 0, 'change': 0, 'player_num': 1}
2026-02-28 17:36:45,162 : INFO : EventManager : Event: ======'player_number'====== Args={'value': 1, 'prev_value': 1, 'change': 0, 'player_num': 1}
2026-02-28 17:36:45,162 : INFO : EventManager : Event: ======'player_score'====== Args={'value': 0, 'prev_value': 0, 'change': 0, 'player_num': 1}
2026-02-28 17:36:45,162 : INFO : EventManager : Event: ======'game_started'====== Args={}
2026-02-28 17:36:45,163 : INFO : EventManager : Event: ======'player_turn_will_start'====== Args={'player': <Player 1>, 'number': 1}
2026-02-28 17:36:45,163 : INFO : EventManager : Event: ======'player_turn_starting'====== Args={'player': <Player 1>, 'number': 1}
2026-02-28 17:36:45,170 : INFO : EventManager : Event: ======'player_ball'====== Args={'value': 1, 'prev_value': 0, 'change': 1, 'player_num': 1}
2026-02-28 17:36:45,173 : INFO : EventManager : Event: ======'player_turn_started'====== Args={'player': <Player 1>, 'number': 1}
2026-02-28 17:36:45,174 : INFO : EventManager : Event: ======'ball_will_start'====== Args={'player': 1, 'ball': 1, 'balls_remaining': 2, 'is_extra_ball': False}
2026-02-28 17:36:45,174 : INFO : EventManager : Event: ======'ball_starting'====== Args={'player': 1, 'ball': 1, 'balls_remaining': 2, 'is_extra_ball': False}
2026-02-28 17:36:45,174 : INFO : EventManager : Event: ======'mode_base_will_start'====== Args={'queue': <QueuedEvent>, 'player': 1, 'ball': 1, 'balls_remaining': 2, 'is_extra_ball': False}
2026-02-28 17:36:45,175 : INFO : EventManager : Event: ======'player_shot_left_lane_enabled'====== Args={'value': True, 'prev_value': 0, 'change': 1, 'player_num': 1}
2026-02-28 17:36:45,176 : INFO : EventManager : Event: ======'mode_base_starting'====== Args={'queue': <QueuedEvent>, 'player': 1, 'ball': 1, 'balls_remaining': 2, 'is_extra_ball': False}
2026-02-28 17:36:45,176 : INFO : Mode.base : Started. Priority: 100
2026-02-28 17:36:45,176 : INFO : EventManager : Event: ======'modes_active_modes_changed'====== Args={}
2026-02-28 17:36:45,176 : INFO : EventManager : Event: ======'mode_base_started'====== Args={'queue': <QueuedEvent>, 'player': 1, 'ball': 1, 'balls_remaining': 2, 'is_extra_ball': False}
2026-02-28 17:36:45,176 : INFO : EventManager : Event: ======'start_mode_bumpers'====== Args={'priority': 0}
2026-02-28 17:36:45,176 : INFO : EventManager : Event: ======'mode_bumpers_will_start'====== Args={'priority': 0}
2026-02-28 17:36:45,177 : INFO : EventManager : Event: ======'player_shot_bumper_lower_enabled'====== Args={'value': True, 'prev_value': 0, 'change': 1, 'player_num': 1}
2026-02-28 17:36:45,177 : INFO : EventManager : Event: ======'player_shot_bumper_upper_enabled'====== Args={'value': True, 'prev_value': 0, 'change': 1, 'player_num': 1}
2026-02-28 17:36:45,178 : INFO : EventManager : Event: ======'bumpers_complete'====== Args={'state': 'unlit'}
2026-02-28 17:36:45,178 : INFO : EventManager : Event: ======'bumpers_unlit_complete'====== Args={}
2026-02-28 17:36:45,178 : INFO : EventManager : Event: ======'mode_bumpers_starting'====== Args={'priority': 0}
2026-02-28 17:36:45,178 : INFO : Mode.bumpers : Started. Priority: 200
2026-02-28 17:36:45,179 : INFO : EventManager : Event: ======'modes_active_modes_changed'====== Args={}
2026-02-28 17:36:45,179 : INFO : EventManager : Event: ======'mode_bumpers_started'====== Args={'priority': 0}
2026-02-28 17:36:45,179 : INFO : EventManager : Event: ======'balls_in_play'====== Args={'balls': 1}
2026-02-28 17:36:45,179 : INFO : EventManager : Event: ======'ball_started'====== Args={'player': 1, 'ball': 1, 'balls_remaining': 2, 'is_extra_ball': False}
2026-02-28 17:36:45,179 : INFO : EventManager : Event: ======'single_player_ball_started'====== Args={}
2026-02-28 17:36:45,179 : INFO : EventManager : Event: ======'ball_start_target'====== Args={'target': 'playfield'}
2026-02-28 17:36:45,179 : INFO : ball_device.bd_trough : Setting up player-controlled eject. Balls: 1, Target: <playfield.playfield>, player_controlled_eject_event: None
2026-02-28 17:36:45,180 : INFO : ball_device.bd_trough : Adding 1 ball(s) to the eject_queue with target <playfield.playfield>.
2026-02-28 17:36:45,180 : INFO : EventManager : Event: ======'balldevice_balls_available'====== Args={}
2026-02-28 17:36:45,180 : INFO : ball_device.bd_trough : State: waiting_for_target_ready
2026-02-28 17:36:45,180 : INFO : EventManager : Event: ======'balldevice_bd_trough_ball_eject_attempt'====== Args={'balls': 1, 'target': <ball_device.bd_plunger>, 'source': <ball_device.bd_trough>, 'mechanical_eject': False, 'num_attempts': 0}
2026-02-28 17:36:45,180 : INFO : ball_device.bd_plunger : State: waiting_for_ball
2026-02-28 17:36:45,181 : INFO : ball_device.bd_trough : State: ejecting
2026-02-28 17:36:45,181 : INFO : ball_device.bd_trough : Ejecting ball to <ball_device.bd_plunger>
2026-02-28 17:36:45,181 : INFO : EventManager : Event: ======'balldevice_bd_trough_ejecting_ball'====== Args={'balls': 1, 'target': <ball_device.bd_plunger>, 'source': <ball_device.bd_trough>, 'mechanical_eject': False, 'num_attempts': 0}
2026-02-28 17:36:45,181 : INFO : ball_device.bd_trough : Wait for ball to leave device
2026-02-28 17:36:45,181 : INFO : coil.c_trough_eject : Pulsing Driver for 10ms (1.0 pulse_power)
2026-02-28 17:36:45,216 : INFO : EventManager : Event: ======'slide_base_slide_created'====== Args={'_from_bcp': True}
2026-02-28 17:36:45,216 : INFO : EventManager : Event: ======'slide_attract_inactive'====== Args={'is_removing': True, '_from_bcp': True}
2026-02-28 17:36:45,216 : INFO : EventManager : Event: ======'slide_base_slide_active'====== Args={'original_context': 'base', 'original_calling_context': 'mode_base_started', 'priority': 100.0, 'queue': '<QueuedEvent>', 'player': 1.0, 'ball': 1.0, 'balls_remaining': 2.0, 'is_extra_ball': False, 'cmd': 'slides_play', '_from_bcp': True}
2026-02-28 17:36:45,218 : INFO : EventManager : Event: ======'slide_attract_removed'====== Args={'_from_bcp': True}
2026-02-28 17:36:46,924 : INFO : SwitchController : <<<<<<< 's_inlane_left' active >>>>>>>
2026-02-28 17:36:46,925 : INFO : EventManager : Event: ======'playfield_active'====== Args={'source': 'left_lane'}
2026-02-28 17:36:46,925 : INFO : EventManager : Event: ======'unexpected_ball_on_playfield'====== Args={}
2026-02-28 17:36:46,925 : INFO : EventManager : Event: ======'playfield_active'====== Args={'source': 'hurryup'}
2026-02-28 17:36:46,925 : INFO : EventManager : Event: ======'unexpected_ball_on_playfield'====== Args={}
2026-02-28 17:36:46,925 : INFO : EventManager : Event: ======'s_inlane_left_active'====== Args={}
2026-02-28 17:36:46,926 : INFO : EventManager : Event: ======'machine_var_audits_switches_s_inlane_left'====== Args={'value': 20, 'prev_value': 19, 'change': 1}
2026-02-28 17:36:46,927 : INFO : EventManager : Event: ======'player_shot_left_lane'====== Args={'value': 1, 'prev_value': 0, 'change': 1, 'player_num': 1}
2026-02-28 17:36:46,928 : INFO : EventManager : Event: ======'machine_var_audits_shots_left_lane'====== Args={'value': 1, 'prev_value': None, 'change': True}
2026-02-28 17:36:46,934 : INFO : EventManager : Event: ======'left_lane_hit'====== Args={'profile': 'default', 'state': 'unlit', 'advancing': True}
2026-02-28 17:36:46,934 : INFO : EventManager : Event: ======'left_lane_default_hit'====== Args={'profile': 'default', 'state': 'unlit', 'advancing': True}
2026-02-28 17:36:46,934 : INFO : EventManager : Event: ======'left_lane_default_unlit_hit'====== Args={'profile': 'default', 'state': 'unlit', 'advancing': True}
2026-02-28 17:36:46,934 : INFO : EventManager : Event: ======'left_lane_unlit_hit'====== Args={'profile': 'default', 'state': 'unlit', 'advancing': True}
2026-02-28 17:36:46,935 : INFO : EventManager : Event: ======'start_mode_hurryup'====== Args={'priority': 0}
2026-02-28 17:36:46,935 : INFO : EventManager : Event: ======'mode_hurryup_will_start'====== Args={'priority': 0}
2026-02-28 17:36:46,942 : INFO : EventManager : Event: ======'player_shot_hurryup_enabled'====== Args={'value': True, 'prev_value': 0, 'change': 1, 'player_num': 1}
2026-02-28 17:36:46,942 : INFO : EventManager : Event: ======'player_hurryup_hurryup_timer_tick'====== Args={'value': 0, 'prev_value': 0, 'change': 0, 'player_num': 1}
2026-02-28 17:36:46,944 : INFO : Timer.hurryup_timer : Starting Timer.
2026-02-28 17:36:46,944 : INFO : EventManager : Event: ======'timer_hurryup_timer_started'====== Args={'ticks': 0, 'ticks_remaining': 5}
2026-02-28 17:36:46,944 : INFO : EventManager : Event: ======'timer_hurryup_timer_tick'====== Args={'ticks': 0, 'ticks_remaining': 5}
2026-02-28 17:36:46,946 : INFO : EventManager : Event: ======'mode_hurryup_starting'====== Args={'priority': 0}
2026-02-28 17:36:46,946 : INFO : Mode.hurryup : Started. Priority: 1000
2026-02-28 17:36:46,946 : INFO : EventManager : Event: ======'modes_active_modes_changed'====== Args={}
2026-02-28 17:36:46,946 : INFO : EventManager : Event: ======'mode_hurryup_started'====== Args={'priority': 0}
2026-02-28 17:36:46,965 : INFO : EventManager : Event: ======'slide_hurryup_created'====== Args={'_from_bcp': True}
2026-02-28 17:36:46,966 : INFO : EventManager : Event: ======'slide_base_slide_inactive'====== Args={'is_removing': False, '_from_bcp': True}
2026-02-28 17:36:46,966 : INFO : EventManager : Event: ======'slide_hurryup_active'====== Args={'original_context': 'hurryup', 'original_calling_context': 'mode_hurryup_started', 'priority': 1000.0, 'cmd': 'slides_play', '_from_bcp': True}
2026-02-28 17:36:47,041 : INFO : SwitchController : <<<<<<< 's_inlane_left' inactive >>>>>>>
2026-02-28 17:36:47,945 : INFO : EventManager : Event: ======'player_hurryup_hurryup_timer_tick'====== Args={'value': 1, 'prev_value': 0, 'change': 1, 'player_num': 1}
2026-02-28 17:36:47,946 : INFO : EventManager : Event: ======'timer_hurryup_timer_tick'====== Args={'ticks': 1, 'ticks_remaining': 4}
2026-02-28 17:36:47,947 : INFO : EventManager : Event: ======'hurryup_value'====== Args={'priority': 0, 'current_hurryup': 90000}
2026-02-28 17:36:48,945 : INFO : EventManager : Event: ======'player_hurryup_hurryup_timer_tick'====== Args={'value': 2, 'prev_value': 1, 'change': 1, 'player_num': 1}
2026-02-28 17:36:48,946 : INFO : EventManager : Event: ======'timer_hurryup_timer_tick'====== Args={'ticks': 2, 'ticks_remaining': 3}
2026-02-28 17:36:48,947 : INFO : EventManager : Event: ======'hurryup_value'====== Args={'priority': 0, 'current_hurryup': 80000}
2026-02-28 17:36:49,945 : INFO : EventManager : Event: ======'player_hurryup_hurryup_timer_tick'====== Args={'value': 3, 'prev_value': 2, 'change': 1, 'player_num': 1}
2026-02-28 17:36:49,946 : INFO : EventManager : Event: ======'timer_hurryup_timer_tick'====== Args={'ticks': 3, 'ticks_remaining': 2}
2026-02-28 17:36:49,946 : INFO : EventManager : Event: ======'hurryup_value'====== Args={'priority': 0, 'current_hurryup': 70000}
2026-02-28 17:36:50,691 : INFO : SwitchController : <<<<<<< 's_bumper_lower' active >>>>>>>
2026-02-28 17:36:50,691 : INFO : EventManager : Event: ======'playfield_active'====== Args={'source': 'bumper_lower'}
2026-02-28 17:36:50,691 : INFO : EventManager : Event: ======'unexpected_ball_on_playfield'====== Args={}
2026-02-28 17:36:50,692 : INFO : EventManager : Event: ======'s_bumper_lower_active'====== Args={}
2026-02-28 17:36:50,692 : INFO : EventManager : Event: ======'machine_var_audits_switches_s_bumper_lower'====== Args={'value': 70, 'prev_value': 69, 'change': 1}
2026-02-28 17:36:50,694 : INFO : EventManager : Event: ======'player_shot_bumper_lower'====== Args={'value': 1, 'prev_value': 0, 'change': 1, 'player_num': 1}
2026-02-28 17:36:50,695 : INFO : EventManager : Event: ======'machine_var_audits_shots_bumper_lower'====== Args={'value': 70, 'prev_value': 69, 'change': 1}
2026-02-28 17:36:50,695 : INFO : EventManager : Event: ======'bumper_lower_hit'====== Args={'profile': 'default', 'state': 'unlit', 'advancing': True}
2026-02-28 17:36:50,695 : INFO : EventManager : Event: ======'bumper_lower_default_hit'====== Args={'profile': 'default', 'state': 'unlit', 'advancing': True}
2026-02-28 17:36:50,695 : INFO : EventManager : Event: ======'bumper_lower_default_unlit_hit'====== Args={'profile': 'default', 'state': 'unlit', 'advancing': True}
2026-02-28 17:36:50,695 : INFO : EventManager : Event: ======'bumper_lower_unlit_hit'====== Args={'profile': 'default', 'state': 'unlit', 'advancing': True}
2026-02-28 17:36:50,695 : INFO : EventManager : Event: ======'bumpers_hit'====== Args={'shot': 'bumper_lower'}
2026-02-28 17:36:50,696 : INFO : EventManager : Event: ======'bumpers_unlit_hit'====== Args={'shot': 'bumper_lower'}
2026-02-28 17:36:50,696 : INFO : EventManager : Event: ======'player_initial_value'====== Args={'value': 0, 'prev_value': 0, 'change': 0, 'player_num': 1, 'source': 'bumpers'}
2026-02-28 17:36:50,696 : INFO : EventManager : Event: ======'player_score'====== Args={'value': 1000, 'prev_value': 0, 'change': 1000, 'player_num': 1, 'source': 'bumpers'}
2026-02-28 17:36:50,783 : INFO : SwitchController : <<<<<<< 's_bumper_lower' inactive >>>>>>>
2026-02-28 17:36:50,945 : INFO : EventManager : Event: ======'player_hurryup_hurryup_timer_tick'====== Args={'value': 4, 'prev_value': 3, 'change': 1, 'player_num': 1}
2026-02-28 17:36:50,946 : INFO : EventManager : Event: ======'timer_hurryup_timer_tick'====== Args={'ticks': 4, 'ticks_remaining': 1}
2026-02-28 17:36:50,947 : INFO : EventManager : Event: ======'hurryup_value'====== Args={'priority': 0, 'current_hurryup': 60000}
2026-02-28 17:36:51,945 : INFO : EventManager : Event: ======'player_hurryup_hurryup_timer_tick'====== Args={'value': 5, 'prev_value': 4, 'change': 1, 'player_num': 1}
2026-02-28 17:36:51,946 : INFO : Timer.hurryup_timer : Timer Complete
2026-02-28 17:36:51,946 : INFO : Timer.hurryup_timer : Stopping Timer
2026-02-28 17:36:51,946 : INFO : EventManager : Event: ======'timer_hurryup_timer_stopped'====== Args={'ticks': 5, 'ticks_remaining': 1}
2026-02-28 17:36:51,946 : INFO : EventManager : Event: ======'timer_hurryup_timer_complete'====== Args={'ticks': 5, 'ticks_remaining': 1}
2026-02-28 17:36:51,947 : INFO : EventManager : Event: ======'stop_mode_hurryup'====== Args={'priority': 0}
2026-02-28 17:36:51,947 : INFO : EventManager : Event: ======'mode_hurryup_will_stop'====== Args={}
2026-02-28 17:36:51,947 : INFO : EventManager : Event: ======'mode_hurryup_stopping'====== Args={}
2026-02-28 17:36:51,947 : INFO : Mode.hurryup : Stopped.
2026-02-28 17:36:51,948 : INFO : EventManager : Event: ======'modes_active_modes_changed'====== Args={}
2026-02-28 17:36:51,949 : INFO : EventManager : Event: ======'mode_hurryup_stopped'====== Args={}
2026-02-28 17:36:51,949 : INFO : EventManager : Event: ======'clear'====== Args={'key': 'hurryup'}
2026-02-28 17:36:51,950 : INFO : Timer.hurryup_timer : Stopping Timer
2026-02-28 17:36:51,950 : INFO : EventManager : Event: ======'timer_hurryup_timer_stopped'====== Args={'ticks': 5, 'ticks_remaining': 1}
2026-02-28 17:36:51,957 : INFO : SwitchController : <<<<<<< 's_bumper_upper' active >>>>>>>
2026-02-28 17:36:51,957 : INFO : EventManager : Event: ======'playfield_active'====== Args={'source': 'bumper_upper'}
2026-02-28 17:36:51,957 : INFO : EventManager : Event: ======'unexpected_ball_on_playfield'====== Args={}
2026-02-28 17:36:51,958 : INFO : EventManager : Event: ======'s_bumper_upper_active'====== Args={}
2026-02-28 17:36:51,958 : INFO : EventManager : Event: ======'machine_var_audits_switches_s_bumper_upper'====== Args={'value': 80, 'prev_value': 79, 'change': 1}
2026-02-28 17:36:51,958 : INFO : EventManager : Event: ======'player_shot_bumper_upper'====== Args={'value': 1, 'prev_value': 0, 'change': 1, 'player_num': 1}
2026-02-28 17:36:51,959 : INFO : EventManager : Event: ======'machine_var_audits_shots_bumper_upper'====== Args={'value': 80, 'prev_value': 79, 'change': 1}
2026-02-28 17:36:51,960 : INFO : EventManager : Event: ======'bumper_upper_hit'====== Args={'profile': 'default', 'state': 'unlit', 'advancing': True}
2026-02-28 17:36:51,960 : INFO : EventManager : Event: ======'bumper_upper_default_hit'====== Args={'profile': 'default', 'state': 'unlit', 'advancing': True}
2026-02-28 17:36:51,960 : INFO : EventManager : Event: ======'bumper_upper_default_unlit_hit'====== Args={'profile': 'default', 'state': 'unlit', 'advancing': True}
2026-02-28 17:36:51,960 : INFO : EventManager : Event: ======'bumper_upper_unlit_hit'====== Args={'profile': 'default', 'state': 'unlit', 'advancing': True}
2026-02-28 17:36:51,960 : INFO : EventManager : Event: ======'bumpers_complete'====== Args={'state': 'lit'}
2026-02-28 17:36:51,960 : INFO : EventManager : Event: ======'bumpers_lit_complete'====== Args={}
2026-02-28 17:36:51,960 : INFO : EventManager : Event: ======'bumpers_hit'====== Args={'shot': 'bumper_upper'}
2026-02-28 17:36:51,961 : INFO : EventManager : Event: ======'bumpers_unlit_hit'====== Args={'shot': 'bumper_upper'}
2026-02-28 17:36:51,961 : INFO : EventManager : Event: ======'player_score'====== Args={'value': 2000, 'prev_value': 1000, 'change': 1000, 'player_num': 1, 'source': 'bumpers'}
2026-02-28 17:36:51,974 : INFO : EventManager : Event: ======'slide_hurryup_inactive'====== Args={'is_removing': True, '_from_bcp': True}
2026-02-28 17:36:51,974 : INFO : EventManager : Event: ======'slide_base_slide_active'====== Args={'_from_bcp': True}
2026-02-28 17:36:51,976 : INFO : EventManager : Event: ======'slide_hurryup_removed'====== Args={'_from_bcp': True}
2026-02-28 17:36:52,074 : INFO : SwitchController : <<<<<<< 's_bumper_upper' inactive >>>>>>>
2026-02-28 17:36:53,091 : INFO : SwitchController : <<<<<<< 's_bumper_upper' active >>>>>>>
2026-02-28 17:36:53,091 : INFO : EventManager : Event: ======'playfield_active'====== Args={'source': 'bumper_upper'}
2026-02-28 17:36:53,092 : INFO : EventManager : Event: ======'unexpected_ball_on_playfield'====== Args={}
2026-02-28 17:36:53,092 : INFO : EventManager : Event: ======'s_bumper_upper_active'====== Args={}
2026-02-28 17:36:53,092 : INFO : EventManager : Event: ======'machine_var_audits_switches_s_bumper_upper'====== Args={'value': 81, 'prev_value': 80, 'change': 1}
2026-02-28 17:36:53,093 : INFO : EventManager : Event: ======'machine_var_audits_shots_bumper_upper'====== Args={'value': 81, 'prev_value': 80, 'change': 1}
2026-02-28 17:36:53,094 : INFO : EventManager : Event: ======'bumper_upper_hit'====== Args={'profile': 'default', 'state': 'lit', 'advancing': False}
2026-02-28 17:36:53,094 : INFO : EventManager : Event: ======'bumper_upper_default_hit'====== Args={'profile': 'default', 'state': 'lit', 'advancing': False}
2026-02-28 17:36:53,094 : INFO : EventManager : Event: ======'bumper_upper_default_lit_hit'====== Args={'profile': 'default', 'state': 'lit', 'advancing': False}
2026-02-28 17:36:53,094 : INFO : EventManager : Event: ======'bumper_upper_lit_hit'====== Args={'profile': 'default', 'state': 'lit', 'advancing': False}
2026-02-28 17:36:53,094 : INFO : EventManager : Event: ======'bumpers_hit'====== Args={'shot': 'bumper_upper'}
2026-02-28 17:36:53,094 : INFO : EventManager : Event: ======'bumpers_lit_hit'====== Args={'shot': 'bumper_upper'}
2026-02-28 17:36:53,095 : INFO : EventManager : Event: ======'player_score'====== Args={'value': 3000, 'prev_value': 2000, 'change': 1000, 'player_num': 1, 'source': 'bumpers'}
2026-02-28 17:36:53,241 : INFO : SwitchController : <<<<<<< 's_bumper_upper' inactive >>>>>>>
2026-02-28 17:36:53,599 : INFO : SwitchController : <<<<<<< 's_bumper_lower' active >>>>>>>
2026-02-28 17:36:53,600 : INFO : EventManager : Event: ======'playfield_active'====== Args={'source': 'bumper_lower'}
2026-02-28 17:36:53,600 : INFO : EventManager : Event: ======'unexpected_ball_on_playfield'====== Args={}
2026-02-28 17:36:53,600 : INFO : EventManager : Event: ======'s_bumper_lower_active'====== Args={}
2026-02-28 17:36:53,600 : INFO : EventManager : Event: ======'machine_var_audits_switches_s_bumper_lower'====== Args={'value': 71, 'prev_value': 70, 'change': 1}
2026-02-28 17:36:53,601 : INFO : EventManager : Event: ======'machine_var_audits_shots_bumper_lower'====== Args={'value': 71, 'prev_value': 70, 'change': 1}
2026-02-28 17:36:53,602 : INFO : EventManager : Event: ======'bumper_lower_hit'====== Args={'profile': 'default', 'state': 'lit', 'advancing': False}
2026-02-28 17:36:53,602 : INFO : EventManager : Event: ======'bumper_lower_default_hit'====== Args={'profile': 'default', 'state': 'lit', 'advancing': False}
2026-02-28 17:36:53,602 : INFO : EventManager : Event: ======'bumper_lower_default_lit_hit'====== Args={'profile': 'default', 'state': 'lit', 'advancing': False}
2026-02-28 17:36:53,602 : INFO : EventManager : Event: ======'bumper_lower_lit_hit'====== Args={'profile': 'default', 'state': 'lit', 'advancing': False}
2026-02-28 17:36:53,602 : INFO : EventManager : Event: ======'bumpers_hit'====== Args={'shot': 'bumper_lower'}
2026-02-28 17:36:53,602 : INFO : EventManager : Event: ======'bumpers_lit_hit'====== Args={'shot': 'bumper_lower'}
2026-02-28 17:36:53,603 : INFO : EventManager : Event: ======'player_score'====== Args={'value': 4000, 'prev_value': 3000, 'change': 1000, 'player_num': 1, 'source': 'bumpers'}
2026-02-28 17:36:53,761 : INFO : SwitchController : <<<<<<< 's_bumper_lower' inactive >>>>>>>
2026-02-28 17:36:55,182 : INFO : EventManager : Event: ======'balldevice_bd_trough_ball_eject_failed'====== Args={'target': <ball_device.bd_plunger>, 'balls': 1, 'retry': True, 'num_attempts': 1}
2026-02-28 17:36:55,184 : INFO : ball_device.bd_trough : State: waiting_for_target_ready
2026-02-28 17:36:55,185 : INFO : EventManager : Event: ======'balldevice_bd_trough_ball_eject_attempt'====== Args={'balls': 1, 'target': <ball_device.bd_plunger>, 'source': <ball_device.bd_trough>, 'mechanical_eject': False, 'num_attempts': 1}
2026-02-28 17:36:55,185 : INFO : ball_device.bd_trough : State: ejecting
2026-02-28 17:36:55,185 : INFO : ball_device.bd_trough : Ejecting ball to <ball_device.bd_plunger>
2026-02-28 17:36:55,186 : INFO : EventManager : Event: ======'balldevice_bd_trough_ejecting_ball'====== Args={'balls': 1, 'target': <ball_device.bd_plunger>, 'source': <ball_device.bd_trough>, 'mechanical_eject': False, 'num_attempts': 1}
2026-02-28 17:36:55,187 : INFO : ball_device.bd_trough : Wait for ball to leave device
2026-02-28 17:36:55,187 : INFO : coil.c_trough_eject : Pulsing Driver for 10ms (1.0 pulse_power)
2026-02-28 17:36:57,547 : INFO : Machine : Shutting down...
2026-02-28 17:36:57,547 : INFO : EventManager : Event: ======'shutdown'====== Args={}
2026-02-28 17:36:57,548 : INFO : EventManager : Event: ======'mode_game_will_stop'====== Args={}
2026-02-28 17:36:57,548 : INFO : EventManager : Event: ======'mode_game_stopping'====== Args={}
2026-02-28 17:36:57,549 : INFO : EventManager : Event: ======'mode_base_will_stop'====== Args={}
2026-02-28 17:36:57,549 : INFO : EventManager : Event: ======'mode_base_stopping'====== Args={}
2026-02-28 17:36:57,549 : INFO : EventManager : Event: ======'mode_bumpers_will_stop'====== Args={}
2026-02-28 17:36:57,549 : INFO : EventManager : Event: ======'mode_bumpers_stopping'====== Args={}
2026-02-28 17:36:57,549 : INFO : EventManager : Event: ======'stop_mode_bumpers'====== Args={'priority': 0}
2026-02-28 17:36:57,549 : INFO : Mode.bumpers : Stopped.
2026-02-28 17:36:57,549 : INFO : EventManager : Event: ======'modes_active_modes_changed'====== Args={}
2026-02-28 17:36:57,549 : INFO : EventManager : Event: ======'mode_bumpers_stopped'====== Args={}
2026-02-28 17:36:57,549 : INFO : EventManager : Event: ======'clear'====== Args={'key': 'bumpers'}
2026-02-28 17:36:57,550 : INFO : Mode.base : Stopped.
2026-02-28 17:36:57,550 : INFO : EventManager : Event: ======'modes_active_modes_changed'====== Args={}
2026-02-28 17:36:57,550 : INFO : EventManager : Event: ======'mode_base_stopped'====== Args={}
2026-02-28 17:36:57,550 : INFO : EventManager : Event: ======'clear'====== Args={'key': 'base'}
2026-02-28 17:36:57,550 : INFO : Mode.game : Stopped.
2026-02-28 17:36:57,550 : INFO : EventManager : Event: ======'modes_active_modes_changed'====== Args={}
2026-02-28 17:36:57,550 : INFO : EventManager : Event: ======'mode_game_stopped'====== Args={}
2026-02-28 17:36:57,550 : INFO : EventManager : Event: ======'clear'====== Args={'key': 'game'}
2026-02-28 17:36:57,552 : INFO : root : MPF run loop ended.
