2026-03-01 14:30:23,326 : INFO : root : Loading config.
2026-03-01 14:30:23,693 : INFO : ConfigProcessor : Config spec file cache created: /var/folders/1s/015t8n3n70gcr2ch4xflj4yr0000gn/T/config_spec.mpf_cache
2026-03-01 14:30:23,694 : INFO : YamlMultifileConfigLoader : Machine config file #1: config.yaml
2026-03-01 14:30:23,694 : INFO : ConfigProcessor : Loading config from cache: /var/folders/1s/015t8n3n70gcr2ch4xflj4yr0000gn/T/954ddabc670342668a09b03520c7eb79.mpf_cache
2026-03-01 14:30:23,760 : INFO : ConfigProcessor : Loading config from cache: /var/folders/1s/015t8n3n70gcr2ch4xflj4yr0000gn/T/64218df07edc412f774c53ffb33c812d.mpf_cache
2026-03-01 14:30:23,760 : INFO : ConfigProcessor : Loading config from cache: /var/folders/1s/015t8n3n70gcr2ch4xflj4yr0000gn/T/767518d75df2d86a4d35c1fb94c70abd.mpf_cache
2026-03-01 14:30:23,761 : INFO : ConfigProcessor : Loading config from cache: /var/folders/1s/015t8n3n70gcr2ch4xflj4yr0000gn/T/64218df07edc412f774c53ffb33c812d.mpf_cache
2026-03-01 14:30:23,761 : INFO : ConfigProcessor : Loading config from cache: /var/folders/1s/015t8n3n70gcr2ch4xflj4yr0000gn/T/73548cb541cc3751ae5711fe0817282a.mpf_cache
2026-03-01 14:30:23,762 : INFO : ConfigProcessor : Loading config from cache: /var/folders/1s/015t8n3n70gcr2ch4xflj4yr0000gn/T/57f006170cd447d443f971cd8b826597.mpf_cache
2026-03-01 14:30:23,762 : INFO : ConfigProcessor : Loading config from cache: /var/folders/1s/015t8n3n70gcr2ch4xflj4yr0000gn/T/adb0ea3e4ccf2dafa758999a39c1d676.mpf_cache
2026-03-01 14:30:23,762 : INFO : Machine : Mission Pinball Framework Core Engine v0.80.0.dev13
2026-03-01 14:30:23,762 : INFO : Machine : Command line arguments: {'no_load_cache': False, 'create_config_cache': True, 'bcp': True, 'configfile': ['config.yaml'], 'force_assets_load': False, 'platform_integration_test': False, 'jsonlogging': False, 'logfile': 'logs/2026-03-01-14-30-23-mpf-ANDREs-Mac-mini.local.log', 'pause': False, 'production': False, 'text_ui': True, 'loglevel': 15, 'consoleloglevel': 20, 'force_platform': None, 'syslog_address': None, 'full_logfile_path': '/Users/pinball/NapoleonDynamite/logs/2026-03-01-14-30-23-mpf-ANDREs-Mac-mini.local.log'}
2026-03-01 14:30:23,763 : INFO : Machine : MPF path: /Users/pinball/mpf/lib/python3.14/site-packages/mpf
2026-03-01 14:30:23,763 : INFO : Machine : Machine path: /Users/pinball/NapoleonDynamite
2026-03-01 14:30:23,763 : INFO : Machine : Platform: darwin
2026-03-01 14:30:23,763 : INFO : Machine : Python executable location: /Users/pinball/mpf/bin/python3.14
2026-03-01 14:30:23,763 : INFO : Machine : Python version: 3.14.3 (64-bit)
2026-03-01 14:30:23,764 : INFO : Machine : Initializing MPF...
2026-03-01 14:30:23,849 : INFO : FAST : Auto-detecting ports for the following connections: ['net', 'exp']
2026-03-01 14:30:23,871 : INFO : FAST : Detected NET on port /dev/cu.usbmodem14101
2026-03-01 14:30:23,879 : INFO : FAST : Detected EXP on port /dev/cu.usbmodem14103
2026-03-01 14:30:24,024 : INFO : FAST [NET] : Trying to connect to /dev/cu.usbmodem14101 at 921600bps
2026-03-01 14:30:24,030 : INFO : FAST [NET] : Connected to /dev/cu.usbmodem14101 at 921600bps
2026-03-01 14:30:24,053 : INFO : FAST [NET] : Connected to FP-CPU-2000 with firmware v02.26
2026-03-01 14:30:24,055 : INFO : FAST [NET] : Registered I/O Board 0: Model: FP-I/O-0024, Firmware: 01.10, Switches: 24, Drivers: 8
2026-03-01 14:30:24,057 : INFO : FAST [NET] : Registered I/O Board 1: Model: FP-I/O-3208, Firmware: 01.10, Switches: 32, Drivers: 8
2026-03-01 14:30:24,059 : INFO : FAST [NET] : Registered I/O Board 2: Model: FP-I/O-0804, Firmware: 01.10, Switches: 8, Drivers: 4
2026-03-01 14:30:24,061 : INFO : FAST [EXP] : Trying to connect to /dev/cu.usbmodem14103 at 921600bps
2026-03-01 14:30:24,066 : INFO : FAST [EXP] : Connected to /dev/cu.usbmodem14103 at 921600bps
2026-03-01 14:30:24,068 : INFO : FAST [EXP] : Verifying hardware for EXP "neuron" (FP-EXP-2000, @48) with ID string "EXP FP-EXP-2000  0.34", board address 48
2026-03-01 14:30:24,069 : INFO : FAST [EXP] : Verifying hardware for EXP "neuron" (FP-EXP-2000, @48) with ID string "LED FP-BRK-0001  0.8", board address 480
2026-03-01 14:30:24,070 : INFO : EventManager : Event: ======'machine_var_credits_string'====== Args={'value': 'FREE PLAY', 'prev_value': None, 'change': True}
2026-03-01 14:30:24,088 : INFO : EventManager : Event: ======'machine_var_master_volume'====== Args={'value': 0.5, 'prev_value': None, 'change': True}
2026-03-01 14:30:24,088 : INFO : EventManager : Event: ======'machine_var_mpf_version'====== Args={'value': 'Mission Pinball Framework v0.80.0.dev13', 'prev_value': None, 'change': True}
2026-03-01 14:30:24,088 : INFO : EventManager : Event: ======'machine_var_mpf_extended_version'====== Args={'value': 'Mission Pinball Framework v0.80.0.dev13, Config version:6, Show version: 6, BCP version:1.1', 'prev_value': None, 'change': True}
2026-03-01 14:30:24,089 : INFO : EventManager : Event: ======'machine_var_python_version'====== Args={'value': '3.14.3', 'prev_value': None, 'change': True}
2026-03-01 14:30:24,110 : INFO : EventManager : Event: ======'machine_var_platform'====== Args={'value': 'macOS-14.8.4-x86_64-i386-64bit-Mach-O', 'prev_value': None, 'change': True}
2026-03-01 14:30:24,111 : INFO : EventManager : Event: ======'machine_var_platform_system'====== Args={'value': 'Darwin', 'prev_value': None, 'change': True}
2026-03-01 14:30:24,111 : INFO : EventManager : Event: ======'machine_var_platform_release'====== Args={'value': '23.6.0', 'prev_value': None, 'change': True}
2026-03-01 14:30:24,111 : INFO : EventManager : Event: ======'machine_var_platform_version'====== Args={'value': 'Darwin Kernel Version 23.6.0: Mon Jan 19 22:02:22 PST 2026; root:xnu-10063.141.1.710.3~1/RELEASE_X86_64', 'prev_value': None, 'change': True}
2026-03-01 14:30:24,111 : INFO : EventManager : Event: ======'machine_var_platform_machine'====== Args={'value': 'x86_64', 'prev_value': None, 'change': True}
2026-03-01 14:30:24,111 : INFO : EventManager : Event: ======'machine_var_log_file_path'====== Args={'value': '/Users/pinball/NapoleonDynamite/logs/2026-03-01-14-30-23-mpf-ANDREs-Mac-mini.local.log', 'prev_value': None, 'change': True}
2026-03-01 14:30:24,111 : INFO : EventManager : Event: ======'init_phase_1'====== Args={}
2026-03-01 14:30:24,289 : INFO : SwitchController : <<<<<<< 's_flipper_left_eos' active >>>>>>>
2026-03-01 14:30:24,289 : INFO : SwitchController : <<<<<<< 's_flipper_right_lower_eos' active >>>>>>>
2026-03-01 14:30:24,289 : INFO : SwitchController : <<<<<<< 's_trough_7' active >>>>>>>
2026-03-01 14:30:24,289 : INFO : SwitchController : <<<<<<< 's_bumper_lower' active >>>>>>>
2026-03-01 14:30:24,290 : INFO : SwitchController : <<<<<<< 's_bumper_upper' active >>>>>>>
2026-03-01 14:30:24,290 : INFO : SwitchController : <<<<<<< 's_inlane_right_2' active >>>>>>>
2026-03-01 14:30:24,290 : INFO : SwitchController : <<<<<<< 's_inlane_left' active >>>>>>>
2026-03-01 14:30:24,321 : INFO : EventManager : Event: ======'init_phase_2'====== Args={}
2026-03-01 14:30:24,322 : INFO : SwitchController : Found active switch: (37, [FAST Platform Interface]) <switch.s_flipper_left_eos>
2026-03-01 14:30:24,322 : INFO : SwitchController : Found active switch: (32, [FAST Platform Interface]) <switch.s_flipper_right_lower_eos>
2026-03-01 14:30:24,322 : INFO : SwitchController : Found active switch: (30, [FAST Platform Interface]) <switch.s_trough_7>
2026-03-01 14:30:24,322 : INFO : SwitchController : Found active switch: (41, [FAST Platform Interface]) <switch.s_bumper_lower>
2026-03-01 14:30:24,322 : INFO : SwitchController : Found active switch: (42, [FAST Platform Interface]) <switch.s_bumper_upper>
2026-03-01 14:30:24,322 : INFO : SwitchController : Found active switch: (36, [FAST Platform Interface]) <switch.s_inlane_right_2>
2026-03-01 14:30:24,323 : INFO : SwitchController : Found active switch: (39, [FAST Platform Interface]) <switch.s_inlane_left>
2026-03-01 14:30:24,327 : INFO : EventManager : Event: ======'bcp_connection_attempt'====== Args={'name': 'local_display', 'host': 'localhost', 'port': 5050}
2026-03-01 14:30:24,329 : INFO : BCPClientSocket : Connecting BCP to 'local_display' at localhost:5050...
2026-03-01 14:30:24,338 : INFO : BCPClientSocket : Connected BCP to 'local_display' localhost:5050
2026-03-01 14:30:24,339 : INFO : EventManager : Event: ======'bcp_clients_connected'====== Args={}
2026-03-01 14:30:24,791 : INFO : ball_device.bd_trough : BCH: Initial count: 1
2026-03-01 14:30:24,791 : INFO : ball_device.bd_trough : State: idle
2026-03-01 14:30:24,792 : INFO : ball_device.bd_plunger : BCH: Initial count: 0
2026-03-01 14:30:24,792 : INFO : ball_device.bd_plunger : State: idle
2026-03-01 14:30:24,810 : INFO : EventManager : Event: ======'init_phase_3'====== Args={}
2026-03-01 14:30:24,813 : INFO : EventManager : Event: ======'init_phase_4'====== Args={}
2026-03-01 14:30:24,814 : INFO : BallController : Initial balls found: 1
2026-03-01 14:30:24,815 : INFO : EventManager : Event: ======'machine_var_audits_events_game_ended'====== Args={'value': 0, 'prev_value': None, 'change': True}
2026-03-01 14:30:24,816 : INFO : EventManager : Event: ======'machine_var_audits_events_game_started'====== Args={'value': 24, 'prev_value': None, 'change': True}
2026-03-01 14:30:24,816 : INFO : EventManager : Event: ======'machine_var_audits_missing_switches_s_bumper_lower'====== Args={'value': 15, 'prev_value': None, 'change': True}
2026-03-01 14:30:24,816 : INFO : EventManager : Event: ======'machine_var_audits_missing_switches_s_bumper_upper'====== Args={'value': 16, 'prev_value': None, 'change': True}
2026-03-01 14:30:24,816 : INFO : EventManager : Event: ======'machine_var_audits_missing_switches_s_flipper_left_eos'====== Args={'value': 6, 'prev_value': None, 'change': True}
2026-03-01 14:30:24,816 : INFO : EventManager : Event: ======'machine_var_audits_missing_switches_s_flipper_right_lower_eos'====== Args={'value': 6, 'prev_value': None, 'change': True}
2026-03-01 14:30:24,816 : INFO : EventManager : Event: ======'machine_var_audits_missing_switches_s_flipper_right_upper_eos'====== Args={'value': 10, 'prev_value': None, 'change': True}
2026-03-01 14:30:24,816 : INFO : EventManager : Event: ======'machine_var_audits_missing_switches_s_inlane_left'====== Args={'value': 15, 'prev_value': None, 'change': True}
2026-03-01 14:30:24,816 : INFO : EventManager : Event: ======'machine_var_audits_missing_switches_s_inlane_right_1'====== Args={'value': 7, 'prev_value': None, 'change': True}
2026-03-01 14:30:24,816 : INFO : EventManager : Event: ======'machine_var_audits_missing_switches_s_inlane_right_2'====== Args={'value': 15, 'prev_value': None, 'change': True}
2026-03-01 14:30:24,817 : INFO : EventManager : Event: ======'machine_var_audits_missing_switches_s_scoop_tina'====== Args={'value': 12, 'prev_value': None, 'change': True}
2026-03-01 14:30:24,817 : INFO : EventManager : Event: ======'machine_var_audits_missing_switches_s_sling_left'====== Args={'value': 4, 'prev_value': None, 'change': True}
2026-03-01 14:30:24,817 : INFO : EventManager : Event: ======'machine_var_audits_missing_switches_s_sling_right'====== Args={'value': 4, 'prev_value': None, 'change': True}
2026-03-01 14:30:24,817 : INFO : EventManager : Event: ======'machine_var_audits_missing_switches_s_start'====== Args={'value': 5, 'prev_value': None, 'change': True}
2026-03-01 14:30:24,817 : INFO : EventManager : Event: ======'machine_var_audits_player_score'====== Args={'value': {'average': 0, 'top': [], 'total': 0}, 'prev_value': None, 'change': True}
2026-03-01 14:30:24,817 : INFO : EventManager : Event: ======'machine_var_audits_shots_bumper_lower'====== Args={'value': 76, 'prev_value': None, 'change': True}
2026-03-01 14:30:24,817 : INFO : EventManager : Event: ======'machine_var_audits_shots_bumper_upper'====== Args={'value': 81, 'prev_value': None, 'change': True}
2026-03-01 14:30:24,817 : INFO : EventManager : Event: ======'machine_var_audits_shots_hurryup'====== Args={'value': 3, 'prev_value': None, 'change': True}
2026-03-01 14:30:24,818 : INFO : EventManager : Event: ======'machine_var_audits_shots_inlane_left'====== Args={'value': 17, 'prev_value': None, 'change': True}
2026-03-01 14:30:24,818 : INFO : EventManager : Event: ======'machine_var_audits_shots_left_lane'====== Args={'value': 8, 'prev_value': None, 'change': True}
2026-03-01 14:30:24,818 : INFO : EventManager : Event: ======'machine_var_audits_switches_s_bumper_lower'====== Args={'value': 76, 'prev_value': None, 'change': True}
2026-03-01 14:30:24,818 : INFO : EventManager : Event: ======'machine_var_audits_switches_s_bumper_upper'====== Args={'value': 81, 'prev_value': None, 'change': True}
2026-03-01 14:30:24,818 : INFO : EventManager : Event: ======'machine_var_audits_switches_s_flipper_left'====== Args={'value': 348, 'prev_value': None, 'change': True}
2026-03-01 14:30:24,818 : INFO : EventManager : Event: ======'machine_var_audits_switches_s_flipper_left_eos'====== Args={'value': 180, 'prev_value': None, 'change': True}
2026-03-01 14:30:24,818 : INFO : EventManager : Event: ======'machine_var_audits_switches_s_flipper_right_lower'====== Args={'value': 340, 'prev_value': None, 'change': True}
2026-03-01 14:30:24,818 : INFO : EventManager : Event: ======'machine_var_audits_switches_s_flipper_right_lower_eos'====== Args={'value': 161, 'prev_value': None, 'change': True}
2026-03-01 14:30:24,818 : INFO : EventManager : Event: ======'machine_var_audits_switches_s_flipper_right_upper'====== Args={'value': 356, 'prev_value': None, 'change': True}
2026-03-01 14:30:24,818 : INFO : EventManager : Event: ======'machine_var_audits_switches_s_flipper_right_upper_eos'====== Args={'value': 43, 'prev_value': None, 'change': True}
2026-03-01 14:30:24,819 : INFO : EventManager : Event: ======'machine_var_audits_switches_s_inlane_left'====== Args={'value': 27, 'prev_value': None, 'change': True}
2026-03-01 14:30:24,819 : INFO : EventManager : Event: ======'machine_var_audits_switches_s_inlane_right_1'====== Args={'value': 14, 'prev_value': None, 'change': True}
2026-03-01 14:30:24,819 : INFO : EventManager : Event: ======'machine_var_audits_switches_s_inlane_right_2'====== Args={'value': 3, 'prev_value': None, 'change': True}
2026-03-01 14:30:24,819 : INFO : EventManager : Event: ======'machine_var_audits_switches_s_plunger_lane'====== Args={'value': 26, 'prev_value': None, 'change': True}
2026-03-01 14:30:24,819 : INFO : EventManager : Event: ======'machine_var_audits_switches_s_scoop_tina'====== Args={'value': 1, 'prev_value': None, 'change': True}
2026-03-01 14:30:24,819 : INFO : EventManager : Event: ======'machine_var_audits_switches_s_sling_left'====== Args={'value': 186, 'prev_value': None, 'change': True}
2026-03-01 14:30:24,819 : INFO : EventManager : Event: ======'machine_var_audits_switches_s_sling_right'====== Args={'value': 24, 'prev_value': None, 'change': True}
2026-03-01 14:30:24,819 : INFO : EventManager : Event: ======'machine_var_audits_switches_s_start'====== Args={'value': 27, 'prev_value': None, 'change': True}
2026-03-01 14:30:24,819 : INFO : EventManager : Event: ======'machine_var_audits_switches_s_trough_1'====== Args={'value': 119, 'prev_value': None, 'change': True}
2026-03-01 14:30:24,819 : INFO : EventManager : Event: ======'machine_var_audits_switches_s_trough_2'====== Args={'value': 102, 'prev_value': None, 'change': True}
2026-03-01 14:30:24,819 : INFO : EventManager : Event: ======'machine_var_audits_switches_s_trough_3'====== Args={'value': 125, 'prev_value': None, 'change': True}
2026-03-01 14:30:24,819 : INFO : EventManager : Event: ======'machine_var_audits_switches_s_trough_4'====== Args={'value': 173, 'prev_value': None, 'change': True}
2026-03-01 14:30:24,819 : INFO : EventManager : Event: ======'machine_var_audits_switches_s_trough_5'====== Args={'value': 190, 'prev_value': None, 'change': True}
2026-03-01 14:30:24,820 : INFO : EventManager : Event: ======'machine_var_audits_switches_s_trough_6'====== Args={'value': 187, 'prev_value': None, 'change': True}
2026-03-01 14:30:24,820 : INFO : EventManager : Event: ======'machine_var_audits_switches_s_trough_7'====== Args={'value': 167, 'prev_value': None, 'change': True}
2026-03-01 14:30:24,820 : INFO : EventManager : Event: ======'init_phase_5'====== Args={}
2026-03-01 14:30:24,821 : INFO : ball_device.bd_trough : BCH: Count is unstable. Trying to reorder balls.
2026-03-01 14:30:24,821 : WARNING : ball_device.bd_trough : Cannot reorder device because eject_coil_reorder_pulse is not configured
2026-03-01 14:30:24,821 : INFO : ball_device.bd_trough : BCH: Repulse done. Waiting for balls to settle.
2026-03-01 14:30:24,821 : INFO : ball_device.bd_trough : BCH: Reordered count: 1
2026-03-01 14:30:24,821 : INFO : EventManager : Event: ======'init_done'====== Args={}
2026-03-01 14:30:24,822 : INFO : EventManager : Event: ======'machine_reset_phase_1'====== Args={}
2026-03-01 14:30:24,840 : INFO : EventManager : Event: ======'machine_reset_phase_2'====== Args={}
2026-03-01 14:30:24,841 : INFO : EventManager : Event: ======'machine_reset_phase_3'====== Args={}
2026-03-01 14:30:24,842 : INFO : EventManager : Event: ======'reset_complete'====== Args={}
2026-03-01 14:30:24,842 : INFO : EventManager : Event: ======'mode_attract_will_start'====== Args={}
2026-03-01 14:30:24,843 : INFO : Timer.attract_carousel_timer : Starting Timer.
2026-03-01 14:30:24,843 : INFO : EventManager : Event: ======'timer_attract_carousel_timer_started'====== Args={'ticks': 0, 'ticks_remaining': 1}
2026-03-01 14:30:24,843 : INFO : EventManager : Event: ======'timer_attract_carousel_timer_tick'====== Args={'ticks': 0, 'ticks_remaining': 1}
2026-03-01 14:30:24,844 : INFO : EventManager : Event: ======'mode_attract_starting'====== Args={}
2026-03-01 14:30:24,844 : INFO : Mode.attract : Started. Priority: 10
2026-03-01 14:30:24,844 : INFO : EventManager : Event: ======'modes_active_modes_changed'====== Args={}
2026-03-01 14:30:24,844 : INFO : EventManager : Event: ======'mode_attract_started'====== Args={}
2026-03-01 14:30:24,845 : INFO : EventManager : Event: ======'collecting_balls_complete'====== Args={}
2026-03-01 14:30:24,846 : INFO : EventManager : Event: ======'carousel_item_highlighted'====== Args={'carousel': 'attract', 'direction': None, 'item': 'title'}
2026-03-01 14:30:24,846 : INFO : EventManager : Event: ======'timer_attract_carousel_timer_tick'====== Args={'ticks': 0, 'ticks_remaining': 1}
2026-03-01 14:30:24,850 : INFO : Machine : Starting the main run loop with active modes: [<Mode.attract>]
2026-03-01 14:30:25,040 : INFO : EventManager : Event: ======'slide_attract_created'====== Args={'_from_bcp': True}
2026-03-01 14:30:25,041 : INFO : EventManager : Event: ======'slide__removed'====== Args={'_from_bcp': True}
2026-03-01 14:30:25,041 : INFO : EventManager : Event: ======'slide_attract_active'====== Args={'original_context': 'attract', 'original_calling_context': 'mode_attract_started', 'priority': 10.0, 'cmd': 'slides_play', '_from_bcp': True}
2026-03-01 14:30:26,939 : INFO : SwitchController : <<<<<<< 's_start' active >>>>>>>
2026-03-01 14:30:27,078 : INFO : SwitchController : <<<<<<< 's_start' inactive >>>>>>>
2026-03-01 14:30:27,078 : INFO : EventManager : Event: ======'request_to_start_game'====== Args={}
2026-03-01 14:30:27,079 : INFO : EventManager : Event: ======'game_start'====== Args={'buttons': [], 'hold_time': 0.13916778600014368}
2026-03-01 14:30:27,079 : INFO : EventManager : Event: ======'mode_game_will_start'====== Args={'buttons': [], 'hold_time': 0.13916778600014368}
2026-03-01 14:30:27,080 : INFO : EventManager : Event: ======'mode_game_starting'====== Args={'buttons': [], 'hold_time': 0.13916778600014368}
2026-03-01 14:30:27,080 : INFO : EventManager : Event: ======'mode_attract_will_stop'====== Args={}
2026-03-01 14:30:27,081 : INFO : EventManager : Event: ======'mode_attract_stopping'====== Args={}
2026-03-01 14:30:27,081 : INFO : Mode.attract : Stopped.
2026-03-01 14:30:27,081 : INFO : EventManager : Event: ======'modes_active_modes_changed'====== Args={}
2026-03-01 14:30:27,081 : INFO : EventManager : Event: ======'mode_attract_stopped'====== Args={}
2026-03-01 14:30:27,082 : INFO : EventManager : Event: ======'clear'====== Args={'key': 'attract'}
2026-03-01 14:30:27,082 : INFO : Timer.attract_carousel_timer : Stopping Timer
2026-03-01 14:30:27,082 : INFO : EventManager : Event: ======'timer_attract_carousel_timer_stopped'====== Args={'ticks': 0, 'ticks_remaining': 1}
2026-03-01 14:30:27,082 : INFO : Mode.game : Started. Priority: 20
2026-03-01 14:30:27,082 : INFO : EventManager : Event: ======'modes_active_modes_changed'====== Args={}
2026-03-01 14:30:27,082 : INFO : EventManager : Event: ======'mode_game_started'====== Args={'buttons': [], 'hold_time': 0.13916778600014368}
2026-03-01 14:30:27,083 : INFO : EventManager : Event: ======'game_will_start'====== Args={}
2026-03-01 14:30:27,084 : INFO : EventManager : Event: ======'game_starting'====== Args={'game': <Mode.game>}
2026-03-01 14:30:27,085 : INFO : EventManager : Unordered handler for class <Auditor> on event game_ended with priority 1. Handlers: [RegisteredHandler(callback=<bound method Auditor.disable of <Auditor>>, priority=1, kwargs={}, key=UUID('2e898d90-3980-41ad-9f07-664b9a055538'), condition=None, blocking_facility=None), RegisteredHandler(callback=<bound method Auditor._save_audits of <Auditor>>, priority=1, kwargs={}, key=UUID('81366796-937a-431d-9b82-5c153066a985'), condition=None, blocking_facility=None)]. The order of those handlers is not defined and they will be executed in random order. This might lead to race conditions and potential bugs.
2026-03-01 14:30:27,085 : INFO : EventManager : Event: ======'player_add_request'====== Args={}
2026-03-01 14:30:27,085 : INFO : EventManager : Event: ======'player_will_add'====== Args={'number': 1}
2026-03-01 14:30:27,085 : INFO : EventManager : Event: ======'player_adding'====== Args={'player': <Player 1>, 'number': 1}
2026-03-01 14:30:27,086 : INFO : EventManager : Event: ======'player_added'====== Args={'player': <Player 1>, 'num': 1}
2026-03-01 14:30:27,086 : INFO : Mode.game : Player added successfully. Total players: 1
2026-03-01 14:30:27,086 : INFO : EventManager : Event: ======'player_index'====== Args={'value': 0, 'prev_value': 0, 'change': 0, 'player_num': 1}
2026-03-01 14:30:27,086 : INFO : EventManager : Event: ======'player_number'====== Args={'value': 1, 'prev_value': 1, 'change': 0, 'player_num': 1}
2026-03-01 14:30:27,087 : INFO : EventManager : Event: ======'player_score'====== Args={'value': 0, 'prev_value': 0, 'change': 0, 'player_num': 1}
2026-03-01 14:30:27,088 : INFO : EventManager : Event: ======'game_started'====== Args={}
2026-03-01 14:30:27,088 : INFO : EventManager : Event: ======'player_turn_will_start'====== Args={'player': <Player 1>, 'number': 1}
2026-03-01 14:30:27,089 : INFO : EventManager : Event: ======'player_turn_starting'====== Args={'player': <Player 1>, 'number': 1}
2026-03-01 14:30:27,103 : INFO : EventManager : Event: ======'player_ball'====== Args={'value': 1, 'prev_value': 0, 'change': 1, 'player_num': 1}
2026-03-01 14:30:27,103 : INFO : EventManager : Event: ======'player_turn_started'====== Args={'player': <Player 1>, 'number': 1}
2026-03-01 14:30:27,104 : INFO : EventManager : Event: ======'ball_will_start'====== Args={'player': 1, 'ball': 1, 'balls_remaining': 2, 'is_extra_ball': False}
2026-03-01 14:30:27,104 : INFO : EventManager : Event: ======'ball_starting'====== Args={'player': 1, 'ball': 1, 'balls_remaining': 2, 'is_extra_ball': False}
2026-03-01 14:30:27,105 : INFO : EventManager : Event: ======'mode_base_will_start'====== Args={'queue': <QueuedEvent>, 'player': 1, 'ball': 1, 'balls_remaining': 2, 'is_extra_ball': False}
2026-03-01 14:30:27,105 : INFO : EventManager : Event: ======'player_shot_left_lane_enabled'====== Args={'value': True, 'prev_value': 0, 'change': 1, 'player_num': 1}
2026-03-01 14:30:27,106 : INFO : EventManager : Event: ======'mode_base_starting'====== Args={'queue': <QueuedEvent>, 'player': 1, 'ball': 1, 'balls_remaining': 2, 'is_extra_ball': False}
2026-03-01 14:30:27,106 : INFO : Mode.base : Started. Priority: 100
2026-03-01 14:30:27,106 : INFO : EventManager : Event: ======'modes_active_modes_changed'====== Args={}
2026-03-01 14:30:27,106 : INFO : EventManager : Event: ======'mode_base_started'====== Args={'queue': <QueuedEvent>, 'player': 1, 'ball': 1, 'balls_remaining': 2, 'is_extra_ball': False}
2026-03-01 14:30:27,107 : INFO : EventManager : Event: ======'start_mode_bumpers'====== Args={'priority': 0}
2026-03-01 14:30:27,107 : INFO : EventManager : Event: ======'mode_bumpers_will_start'====== Args={'priority': 0}
2026-03-01 14:30:27,107 : INFO : EventManager : Event: ======'player_shot_bumper_lower_enabled'====== Args={'value': True, 'prev_value': 0, 'change': 1, 'player_num': 1}
2026-03-01 14:30:27,108 : INFO : EventManager : Event: ======'player_shot_bumper_upper_enabled'====== Args={'value': True, 'prev_value': 0, 'change': 1, 'player_num': 1}
2026-03-01 14:30:27,108 : INFO : EventManager : Event: ======'bumpers_complete'====== Args={'state': 'unlit'}
2026-03-01 14:30:27,108 : INFO : EventManager : Event: ======'bumpers_unlit_complete'====== Args={}
2026-03-01 14:30:27,109 : INFO : EventManager : Event: ======'mode_bumpers_starting'====== Args={'priority': 0}
2026-03-01 14:30:27,109 : INFO : Mode.bumpers : Started. Priority: 200
2026-03-01 14:30:27,109 : INFO : EventManager : Event: ======'modes_active_modes_changed'====== Args={}
2026-03-01 14:30:27,109 : INFO : EventManager : Event: ======'mode_bumpers_started'====== Args={'priority': 0}
2026-03-01 14:30:27,110 : INFO : EventManager : Event: ======'balls_in_play'====== Args={'balls': 1}
2026-03-01 14:30:27,110 : INFO : EventManager : Event: ======'ball_started'====== Args={'player': 1, 'ball': 1, 'balls_remaining': 2, 'is_extra_ball': False}
2026-03-01 14:30:27,111 : INFO : EventManager : Event: ======'single_player_ball_started'====== Args={}
2026-03-01 14:30:27,111 : INFO : EventManager : Event: ======'ball_start_target'====== Args={'target': 'playfield'}
2026-03-01 14:30:27,112 : INFO : ball_device.bd_trough : Setting up player-controlled eject. Balls: 1, Target: <playfield.playfield>, player_controlled_eject_event: None
2026-03-01 14:30:27,112 : INFO : ball_device.bd_trough : Adding 1 ball(s) to the eject_queue with target <playfield.playfield>.
2026-03-01 14:30:27,112 : INFO : EventManager : Event: ======'balldevice_balls_available'====== Args={}
2026-03-01 14:30:27,112 : INFO : ball_device.bd_trough : BCH: Count is unstable. Trying to reorder balls.
2026-03-01 14:30:27,112 : WARNING : ball_device.bd_trough : Cannot reorder device because eject_coil_reorder_pulse is not configured
2026-03-01 14:30:27,112 : INFO : ball_device.bd_trough : BCH: Repulse done. Waiting for balls to settle.
2026-03-01 14:30:27,113 : INFO : ball_device.bd_trough : State: waiting_for_target_ready
2026-03-01 14:30:27,113 : INFO : EventManager : Event: ======'balldevice_bd_trough_ball_eject_attempt'====== Args={'balls': 1, 'target': <ball_device.bd_plunger>, 'source': <ball_device.bd_trough>, 'mechanical_eject': False, 'num_attempts': 0}
2026-03-01 14:30:27,113 : INFO : ball_device.bd_plunger : State: waiting_for_ball
2026-03-01 14:30:27,114 : INFO : ball_device.bd_trough : State: ejecting
2026-03-01 14:30:27,114 : INFO : ball_device.bd_trough : Ejecting ball to <ball_device.bd_plunger>
2026-03-01 14:30:27,114 : INFO : EventManager : Event: ======'balldevice_bd_trough_ejecting_ball'====== Args={'balls': 1, 'target': <ball_device.bd_plunger>, 'source': <ball_device.bd_trough>, 'mechanical_eject': False, 'num_attempts': 0}
2026-03-01 14:30:27,117 : INFO : ball_device.bd_trough : Wait for ball to leave device
2026-03-01 14:30:27,117 : INFO : coil.c_trough_eject : Pulsing Driver for 20ms (1.0 pulse_power)
2026-03-01 14:30:27,142 : INFO : SwitchController : <<<<<<< 's_trough_1' active >>>>>>>
2026-03-01 14:30:27,142 : INFO : EventManager : Event: ======'machine_var_audits_switches_s_trough_1'====== Args={'value': 120, 'prev_value': 119, 'change': 1}
2026-03-01 14:30:27,142 : INFO : SwitchController : <<<<<<< 's_trough_7' inactive >>>>>>>
2026-03-01 14:30:27,143 : INFO : ball_device.bd_trough : State: ball_left
2026-03-01 14:30:27,143 : INFO : ball_device.bd_trough : Ball left
2026-03-01 14:30:27,143 : INFO : ball_device.bd_trough : Wait for confirm with timeout 10.0
2026-03-01 14:30:27,157 : INFO : SwitchController : <<<<<<< 's_trough_7' active >>>>>>>
2026-03-01 14:30:27,157 : INFO : EventManager : Event: ======'machine_var_audits_switches_s_trough_7'====== Args={'value': 168, 'prev_value': 167, 'change': 1}
2026-03-01 14:30:27,256 : INFO : EventManager : Event: ======'slide_base_slide_created'====== Args={'_from_bcp': True}
2026-03-01 14:30:27,257 : INFO : EventManager : Event: ======'slide_attract_inactive'====== Args={'is_removing': True, '_from_bcp': True}
2026-03-01 14:30:27,257 : INFO : EventManager : Event: ======'slide_base_slide_active'====== Args={'original_context': 'base', 'original_calling_context': 'mode_base_started', 'priority': 100.0, 'queue': '<QueuedEvent>', 'player': 1.0, 'ball': 1.0, 'balls_remaining': 2.0, 'is_extra_ball': False, 'cmd': 'slides_play', '_from_bcp': True}
2026-03-01 14:30:27,257 : INFO : EventManager : Event: ======'slide_attract_removed'====== Args={'_from_bcp': True}
2026-03-01 14:30:27,263 : INFO : SwitchController : <<<<<<< 's_plunger_lane' active >>>>>>>
2026-03-01 14:30:27,264 : INFO : EventManager : Event: ======'machine_var_audits_switches_s_plunger_lane'====== Args={'value': 27, 'prev_value': 26, 'change': 1}
2026-03-01 14:30:27,278 : INFO : SwitchController : <<<<<<< 's_plunger_lane' inactive >>>>>>>
2026-03-01 14:30:27,311 : INFO : SwitchController : <<<<<<< 's_plunger_lane' active >>>>>>>
2026-03-01 14:30:27,311 : INFO : EventManager : Event: ======'machine_var_audits_switches_s_plunger_lane'====== Args={'value': 28, 'prev_value': 27, 'change': 1}
2026-03-01 14:30:27,334 : INFO : SwitchController : <<<<<<< 's_trough_2' active >>>>>>>
2026-03-01 14:30:27,334 : INFO : EventManager : Event: ======'machine_var_audits_switches_s_trough_2'====== Args={'value': 103, 'prev_value': 102, 'change': 1}
2026-03-01 14:30:27,336 : INFO : SwitchController : <<<<<<< 's_trough_5' active >>>>>>>
2026-03-01 14:30:27,336 : INFO : EventManager : Event: ======'machine_var_audits_switches_s_trough_5'====== Args={'value': 191, 'prev_value': 190, 'change': 1}
2026-03-01 14:30:27,336 : INFO : SwitchController : <<<<<<< 's_trough_6' active >>>>>>>
2026-03-01 14:30:27,337 : INFO : EventManager : Event: ======'machine_var_audits_switches_s_trough_6'====== Args={'value': 188, 'prev_value': 187, 'change': 1}
2026-03-01 14:30:27,338 : INFO : SwitchController : <<<<<<< 's_trough_4' active >>>>>>>
2026-03-01 14:30:27,338 : INFO : EventManager : Event: ======'machine_var_audits_switches_s_trough_4'====== Args={'value': 174, 'prev_value': 173, 'change': 1}
2026-03-01 14:30:27,344 : INFO : SwitchController : <<<<<<< 's_trough_3' active >>>>>>>
2026-03-01 14:30:27,344 : INFO : EventManager : Event: ======'machine_var_audits_switches_s_trough_3'====== Args={'value': 126, 'prev_value': 125, 'change': 1}
2026-03-01 14:30:27,383 : INFO : SwitchController : <<<<<<< 's_trough_4' inactive >>>>>>>
2026-03-01 14:30:27,384 : INFO : SwitchController : <<<<<<< 's_trough_5' inactive >>>>>>>
2026-03-01 14:30:27,389 : INFO : SwitchController : <<<<<<< 's_trough_3' inactive >>>>>>>
2026-03-01 14:30:27,392 : INFO : SwitchController : <<<<<<< 's_trough_2' inactive >>>>>>>
2026-03-01 14:30:27,417 : INFO : SwitchController : <<<<<<< 's_trough_1' inactive >>>>>>>
2026-03-01 14:30:27,811 : INFO : ball_device.bd_plunger : Received ball from <ball_device.bd_trough>
2026-03-01 14:30:27,811 : INFO : EventManager : Event: ======'balldevice_bd_plunger_ball_enter'====== Args={'new_balls': 1, 'unclaimed_balls': 0, 'new_available_balls': 0, 'device': <ball_device.bd_plunger>}
2026-03-01 14:30:27,812 : INFO : EventManager : Event: ======'balldevice_bd_plunger_ball_entered'====== Args={'new_balls': 0, 'device': <ball_device.bd_plunger>}
2026-03-01 14:30:27,812 : INFO : EventManager : Event: ======'balldevice_bd_plunger_ball_count_changed'====== Args={'balls': 1}
2026-03-01 14:30:27,812 : INFO : ball_device.bd_trough : Got eject confirm
2026-03-01 14:30:27,812 : INFO : ball_device.bd_trough : Eject successful
2026-03-01 14:30:27,812 : INFO : EventManager : Event: ======'balldevice_bd_trough_ball_eject_success'====== Args={'balls': 1, 'target': <ball_device.bd_plunger>}
2026-03-01 14:30:27,813 : INFO : ball_device.bd_plunger : State: waiting_for_target_ready
2026-03-01 14:30:27,813 : INFO : EventManager : Event: ======'balldevice_bd_plunger_ball_eject_attempt'====== Args={'balls': 1, 'target': <playfield.playfield>, 'source': <ball_device.bd_plunger>, 'mechanical_eject': False, 'num_attempts': 0}
2026-03-01 14:30:27,813 : INFO : EventManager : Event: ======'balldevice_bd_trough_ball_count_changed'====== Args={'balls': 0}
2026-03-01 14:30:27,813 : INFO : ball_device.bd_trough : State: idle
2026-03-01 14:30:27,814 : INFO : ball_device.bd_plunger : State: ejecting
2026-03-01 14:30:27,814 : INFO : ball_device.bd_plunger : Ejecting ball to <playfield.playfield>
2026-03-01 14:30:27,814 : INFO : EventManager : Event: ======'balldevice_bd_plunger_ejecting_ball'====== Args={'balls': 1, 'target': <playfield.playfield>, 'source': <ball_device.bd_plunger>, 'mechanical_eject': False, 'num_attempts': 0}
2026-03-01 14:30:27,816 : INFO : ball_device.bd_plunger : Wait for ball to leave device
2026-03-01 14:30:27,918 : INFO : EventManager : Event: ======'balldevice_bd_trough_ball_count_changed'====== Args={'balls': 2}
2026-03-01 14:30:27,918 : INFO : ball_device.bd_trough : Received unexpected ball
2026-03-01 14:30:27,918 : INFO : EventManager : Event: ======'balldevice_captured_from_playfield'====== Args={'balls': 1}
2026-03-01 14:30:27,919 : INFO : EventManager : Event: ======'sw_playfield_active'====== Args={'balls': 1}
2026-03-01 14:30:27,919 : INFO : EventManager : Event: ======'playfield_active'====== Args={'source': None}
2026-03-01 14:30:27,919 : INFO : EventManager : Event: ======'playfield_ball_count_change'====== Args={'balls': -1, 'change': -1}
2026-03-01 14:30:27,919 : INFO : EventManager : Event: ======'balldevice_playfield_ball_enter'====== Args={'new_balls': 1, 'unclaimed_balls': 1, 'device': <playfield.playfield>}
2026-03-01 14:30:27,919 : INFO : EventManager : Event: ======'playfield_ball_count_change'====== Args={'balls': 0, 'change': 1}
2026-03-01 14:30:27,919 : INFO : BallController : Found a new ball which was captured from playfield. Known balls: 2
2026-03-01 14:30:27,919 : INFO : EventManager : Event: ======'found_new_ball'====== Args={}
2026-03-01 14:30:27,920 : INFO : EventManager : Event: ======'balldevice_bd_trough_ball_enter'====== Args={'new_balls': 1, 'unclaimed_balls': 1, 'new_available_balls': 1, 'device': <ball_device.bd_trough>}
2026-03-01 14:30:27,920 : INFO : EventManager : Event: ======'ball_drain'====== Args={'device': <ball_device.bd_trough>, 'balls': 1}
2026-03-01 14:30:27,920 : INFO : EventManager : Event: ======'ball_will_end'====== Args={}
2026-03-01 14:30:27,920 : INFO : EventManager : Event: ======'balldevice_balls_available'====== Args={}
2026-03-01 14:30:27,920 : INFO : EventManager : Event: ======'balldevice_bd_trough_ball_entered'====== Args={'new_balls': 1, 'device': <ball_device.bd_trough>}
2026-03-01 14:30:27,921 : INFO : ball_device.bd_trough : Received unexpected ball
2026-03-01 14:30:27,921 : INFO : EventManager : Event: ======'balldevice_captured_from_playfield'====== Args={'balls': 1}
2026-03-01 14:30:27,921 : INFO : EventManager : Event: ======'mode_base_will_stop'====== Args={}
2026-03-01 14:30:27,921 : INFO : EventManager : Event: ======'mode_base_stopping'====== Args={}
2026-03-01 14:30:27,922 : INFO : EventManager : Event: ======'stop_mode_bumpers'====== Args={'priority': 0}
2026-03-01 14:30:27,922 : INFO : EventManager : Event: ======'mode_bumpers_will_stop'====== Args={}
2026-03-01 14:30:27,922 : INFO : EventManager : Event: ======'mode_bumpers_stopping'====== Args={}
2026-03-01 14:30:27,922 : INFO : EventManager : Event: ======'sw_playfield_active'====== Args={'balls': 1}
2026-03-01 14:30:27,922 : INFO : EventManager : Event: ======'playfield_active'====== Args={'source': None}
2026-03-01 14:30:27,922 : INFO : EventManager : Event: ======'playfield_ball_count_change'====== Args={'balls': -1, 'change': -1}
2026-03-01 14:30:27,922 : INFO : Mode.base : Stopped.
2026-03-01 14:30:27,922 : INFO : EventManager : Event: ======'modes_active_modes_changed'====== Args={}
2026-03-01 14:30:27,923 : INFO : EventManager : Event: ======'mode_base_stopped'====== Args={}
2026-03-01 14:30:27,923 : INFO : EventManager : Event: ======'clear'====== Args={'key': 'base'}
2026-03-01 14:30:27,923 : INFO : Mode.bumpers : Stopped.
2026-03-01 14:30:27,923 : INFO : EventManager : Event: ======'modes_active_modes_changed'====== Args={}
2026-03-01 14:30:27,924 : INFO : EventManager : Event: ======'mode_bumpers_stopped'====== Args={}
2026-03-01 14:30:27,924 : INFO : EventManager : Event: ======'clear'====== Args={'key': 'bumpers'}
2026-03-01 14:30:27,925 : INFO : EventManager : Event: ======'balldevice_playfield_ball_enter'====== Args={'new_balls': 1, 'unclaimed_balls': 1, 'device': <playfield.playfield>}
2026-03-01 14:30:27,925 : INFO : EventManager : Event: ======'playfield_ball_count_change'====== Args={'balls': 0, 'change': 1}
2026-03-01 14:30:27,925 : INFO : BallController : Found a new ball which was captured from playfield. Known balls: 3
2026-03-01 14:30:27,925 : INFO : EventManager : Event: ======'found_new_ball'====== Args={}
2026-03-01 14:30:27,925 : INFO : EventManager : Event: ======'balldevice_bd_trough_ball_enter'====== Args={'new_balls': 1, 'unclaimed_balls': 1, 'new_available_balls': 1, 'device': <ball_device.bd_trough>}
2026-03-01 14:30:27,925 : INFO : EventManager : Event: ======'ball_drain'====== Args={'device': <ball_device.bd_trough>, 'balls': 1}
2026-03-01 14:30:27,925 : INFO : EventManager : Event: ======'ball_ending'====== Args={}
2026-03-01 14:30:27,925 : INFO : EventManager : Event: ======'balldevice_balls_available'====== Args={}
2026-03-01 14:30:27,926 : INFO : EventManager : Event: ======'balldevice_bd_trough_ball_entered'====== Args={'new_balls': 1, 'device': <ball_device.bd_trough>}
2026-03-01 14:30:27,926 : INFO : EventManager : Event: ======'ball_ended'====== Args={}
2026-03-01 14:30:27,928 : INFO : EventManager : Event: ======'player_turn_will_end'====== Args={'player': <Player 1>, 'number': 1}
2026-03-01 14:30:27,928 : INFO : EventManager : Event: ======'player_turn_ending'====== Args={'player': <Player 1>, 'number': 1}
2026-03-01 14:30:27,929 : INFO : EventManager : Event: ======'player_turn_ended'====== Args={'player': <Player 1>, 'number': 1}
2026-03-01 14:30:27,929 : INFO : EventManager : Event: ======'player_turn_will_start'====== Args={'player': <Player 1>, 'number': 1}
2026-03-01 14:30:27,930 : INFO : EventManager : Event: ======'player_turn_starting'====== Args={'player': <Player 1>, 'number': 1}
2026-03-01 14:30:27,930 : INFO : EventManager : Event: ======'player_ball'====== Args={'value': 2, 'prev_value': 1, 'change': 1, 'player_num': 1}
2026-03-01 14:30:27,930 : INFO : EventManager : Event: ======'player_turn_started'====== Args={'player': <Player 1>, 'number': 1}
2026-03-01 14:30:27,931 : INFO : EventManager : Event: ======'ball_will_start'====== Args={'player': 1, 'ball': 2, 'balls_remaining': 1, 'is_extra_ball': False}
2026-03-01 14:30:27,931 : INFO : BallController : Found 1 ball(s) on playfield.
2026-03-01 14:30:27,931 : WARNING : BallController : Playfields still contain balls. Waiting for those to drain.
2026-03-01 14:30:28,782 : INFO : SwitchController : <<<<<<< 's_plunger_lane' inactive >>>>>>>
2026-03-01 14:30:28,783 : INFO : ball_device.bd_plunger : State: ball_left
2026-03-01 14:30:28,783 : INFO : ball_device.bd_plunger : Ball left
2026-03-01 14:30:28,783 : INFO : ball_device.bd_plunger : Wait for confirm with timeout 10.0
2026-03-01 14:30:28,932 : INFO : BallController : Found 1 ball(s) on playfield.
2026-03-01 14:30:28,932 : WARNING : BallController : Playfields still contain balls. Waiting for those to drain.
2026-03-01 14:30:29,636 : INFO : SwitchController : <<<<<<< 's_flipper_right_lower' active >>>>>>>
2026-03-01 14:30:29,636 : INFO : EventManager : Event: ======'machine_var_audits_switches_s_flipper_right_lower'====== Args={'value': 341, 'prev_value': 340, 'change': 1}
2026-03-01 14:30:29,649 : INFO : SwitchController : <<<<<<< 's_flipper_right_upper' active >>>>>>>
2026-03-01 14:30:29,650 : INFO : EventManager : Event: ======'machine_var_audits_switches_s_flipper_right_upper'====== Args={'value': 357, 'prev_value': 356, 'change': 1}
2026-03-01 14:30:29,746 : INFO : SwitchController : <<<<<<< 's_flipper_right_upper' inactive >>>>>>>
2026-03-01 14:30:29,750 : INFO : SwitchController : <<<<<<< 's_flipper_right_lower' inactive >>>>>>>
2026-03-01 14:30:29,784 : INFO : SwitchController : <<<<<<< 's_flipper_left' active >>>>>>>
2026-03-01 14:30:29,784 : INFO : EventManager : Event: ======'machine_var_audits_switches_s_flipper_left'====== Args={'value': 349, 'prev_value': 348, 'change': 1}
2026-03-01 14:30:29,881 : INFO : SwitchController : <<<<<<< 's_flipper_right_lower' active >>>>>>>
2026-03-01 14:30:29,881 : INFO : EventManager : Event: ======'machine_var_audits_switches_s_flipper_right_lower'====== Args={'value': 342, 'prev_value': 341, 'change': 1}
2026-03-01 14:30:29,881 : INFO : SwitchController : <<<<<<< 's_flipper_right_upper' active >>>>>>>
2026-03-01 14:30:29,882 : INFO : EventManager : Event: ======'machine_var_audits_switches_s_flipper_right_upper'====== Args={'value': 358, 'prev_value': 357, 'change': 1}
2026-03-01 14:30:29,900 : INFO : SwitchController : <<<<<<< 's_flipper_left' inactive >>>>>>>
2026-03-01 14:30:29,933 : INFO : BallController : Found 1 ball(s) on playfield.
2026-03-01 14:30:29,933 : WARNING : BallController : Playfields still contain balls. Waiting for those to drain.
2026-03-01 14:30:30,005 : INFO : SwitchController : <<<<<<< 's_flipper_right_upper' inactive >>>>>>>
2026-03-01 14:30:30,009 : INFO : SwitchController : <<<<<<< 's_flipper_right_lower' inactive >>>>>>>
2026-03-01 14:30:30,021 : INFO : SwitchController : <<<<<<< 's_flipper_left' active >>>>>>>
2026-03-01 14:30:30,021 : INFO : EventManager : Event: ======'machine_var_audits_switches_s_flipper_left'====== Args={'value': 350, 'prev_value': 349, 'change': 1}
2026-03-01 14:30:30,135 : INFO : SwitchController : <<<<<<< 's_flipper_left' inactive >>>>>>>
2026-03-01 14:30:30,140 : INFO : SwitchController : <<<<<<< 's_flipper_right_lower' active >>>>>>>
2026-03-01 14:30:30,141 : INFO : EventManager : Event: ======'machine_var_audits_switches_s_flipper_right_lower'====== Args={'value': 343, 'prev_value': 342, 'change': 1}
2026-03-01 14:30:30,141 : INFO : SwitchController : <<<<<<< 's_flipper_right_upper' active >>>>>>>
2026-03-01 14:30:30,141 : INFO : EventManager : Event: ======'machine_var_audits_switches_s_flipper_right_upper'====== Args={'value': 359, 'prev_value': 358, 'change': 1}
2026-03-01 14:30:30,264 : INFO : SwitchController : <<<<<<< 's_flipper_right_upper' inactive >>>>>>>
2026-03-01 14:30:30,268 : INFO : SwitchController : <<<<<<< 's_flipper_right_lower' inactive >>>>>>>
2026-03-01 14:30:30,272 : INFO : SwitchController : <<<<<<< 's_flipper_left' active >>>>>>>
2026-03-01 14:30:30,272 : INFO : EventManager : Event: ======'machine_var_audits_switches_s_flipper_left'====== Args={'value': 351, 'prev_value': 350, 'change': 1}
2026-03-01 14:30:30,380 : INFO : SwitchController : <<<<<<< 's_flipper_left' inactive >>>>>>>
2026-03-01 14:30:30,417 : INFO : SwitchController : <<<<<<< 's_flipper_right_upper' active >>>>>>>
2026-03-01 14:30:30,417 : INFO : EventManager : Event: ======'machine_var_audits_switches_s_flipper_right_upper'====== Args={'value': 360, 'prev_value': 359, 'change': 1}
2026-03-01 14:30:30,419 : INFO : SwitchController : <<<<<<< 's_flipper_right_lower' active >>>>>>>
2026-03-01 14:30:30,419 : INFO : EventManager : Event: ======'machine_var_audits_switches_s_flipper_right_lower'====== Args={'value': 344, 'prev_value': 343, 'change': 1}
2026-03-01 14:30:30,549 : INFO : SwitchController : <<<<<<< 's_flipper_left' active >>>>>>>
2026-03-01 14:30:30,549 : INFO : EventManager : Event: ======'machine_var_audits_switches_s_flipper_left'====== Args={'value': 352, 'prev_value': 351, 'change': 1}
2026-03-01 14:30:30,563 : INFO : SwitchController : <<<<<<< 's_flipper_right_upper' inactive >>>>>>>
2026-03-01 14:30:30,568 : INFO : SwitchController : <<<<<<< 's_flipper_right_lower' inactive >>>>>>>
2026-03-01 14:30:30,692 : INFO : SwitchController : <<<<<<< 's_flipper_left' inactive >>>>>>>
2026-03-01 14:30:30,759 : INFO : SwitchController : <<<<<<< 's_flipper_right_lower' active >>>>>>>
2026-03-01 14:30:30,759 : INFO : EventManager : Event: ======'machine_var_audits_switches_s_flipper_right_lower'====== Args={'value': 345, 'prev_value': 344, 'change': 1}
2026-03-01 14:30:30,760 : INFO : SwitchController : <<<<<<< 's_flipper_right_upper' active >>>>>>>
2026-03-01 14:30:30,760 : INFO : EventManager : Event: ======'machine_var_audits_switches_s_flipper_right_upper'====== Args={'value': 361, 'prev_value': 360, 'change': 1}
2026-03-01 14:30:30,838 : INFO : SwitchController : <<<<<<< 's_flipper_left' active >>>>>>>
2026-03-01 14:30:30,838 : INFO : EventManager : Event: ======'machine_var_audits_switches_s_flipper_left'====== Args={'value': 353, 'prev_value': 352, 'change': 1}
2026-03-01 14:30:30,890 : INFO : SwitchController : <<<<<<< 's_flipper_right_upper' inactive >>>>>>>
2026-03-01 14:30:30,893 : INFO : SwitchController : <<<<<<< 's_flipper_right_lower' inactive >>>>>>>
2026-03-01 14:30:30,934 : INFO : BallController : Found 1 ball(s) on playfield.
2026-03-01 14:30:30,934 : WARNING : BallController : Playfields still contain balls. Waiting for those to drain.
2026-03-01 14:30:30,964 : INFO : SwitchController : <<<<<<< 's_flipper_left' inactive >>>>>>>
2026-03-01 14:30:31,030 : INFO : SwitchController : <<<<<<< 's_sling_right' active >>>>>>>
2026-03-01 14:30:31,030 : INFO : EventManager : Event: ======'machine_var_audits_switches_s_sling_right'====== Args={'value': 25, 'prev_value': 24, 'change': 1}
2026-03-01 14:30:31,033 : INFO : SwitchController : <<<<<<< 's_flipper_right_lower' active >>>>>>>
2026-03-01 14:30:31,034 : INFO : EventManager : Event: ======'machine_var_audits_switches_s_flipper_right_lower'====== Args={'value': 346, 'prev_value': 345, 'change': 1}
2026-03-01 14:30:31,036 : INFO : SwitchController : <<<<<<< 's_flipper_right_upper' active >>>>>>>
2026-03-01 14:30:31,037 : INFO : EventManager : Event: ======'machine_var_audits_switches_s_flipper_right_upper'====== Args={'value': 362, 'prev_value': 361, 'change': 1}
2026-03-01 14:30:31,044 : INFO : SwitchController : <<<<<<< 's_sling_right' inactive >>>>>>>
2026-03-01 14:30:31,083 : INFO : SwitchController : <<<<<<< 's_flipper_left' active >>>>>>>
2026-03-01 14:30:31,083 : INFO : EventManager : Event: ======'machine_var_audits_switches_s_flipper_left'====== Args={'value': 354, 'prev_value': 353, 'change': 1}
2026-03-01 14:30:31,163 : INFO : SwitchController : <<<<<<< 's_flipper_right_upper' inactive >>>>>>>
2026-03-01 14:30:31,172 : INFO : SwitchController : <<<<<<< 's_flipper_right_lower' inactive >>>>>>>
2026-03-01 14:30:31,191 : INFO : SwitchController : <<<<<<< 's_flipper_left' inactive >>>>>>>
2026-03-01 14:30:31,280 : INFO : SwitchController : <<<<<<< 's_flipper_left' active >>>>>>>
2026-03-01 14:30:31,280 : INFO : EventManager : Event: ======'machine_var_audits_switches_s_flipper_left'====== Args={'value': 355, 'prev_value': 354, 'change': 1}
2026-03-01 14:30:31,410 : INFO : SwitchController : <<<<<<< 's_flipper_left' inactive >>>>>>>
2026-03-01 14:30:31,563 : INFO : SwitchController : <<<<<<< 's_flipper_left' active >>>>>>>
2026-03-01 14:30:31,563 : INFO : EventManager : Event: ======'machine_var_audits_switches_s_flipper_left'====== Args={'value': 356, 'prev_value': 355, 'change': 1}
2026-03-01 14:30:31,699 : INFO : SwitchController : <<<<<<< 's_flipper_left' inactive >>>>>>>
2026-03-01 14:30:31,786 : INFO : SwitchController : <<<<<<< 's_flipper_left' active >>>>>>>
2026-03-01 14:30:31,786 : INFO : EventManager : Event: ======'machine_var_audits_switches_s_flipper_left'====== Args={'value': 357, 'prev_value': 356, 'change': 1}
2026-03-01 14:30:31,905 : INFO : SwitchController : <<<<<<< 's_flipper_left' inactive >>>>>>>
2026-03-01 14:30:31,935 : INFO : BallController : Found 1 ball(s) on playfield.
2026-03-01 14:30:31,935 : WARNING : BallController : Playfields still contain balls. Waiting for those to drain.
2026-03-01 14:30:31,998 : INFO : SwitchController : <<<<<<< 's_flipper_right_lower' active >>>>>>>
2026-03-01 14:30:31,999 : INFO : EventManager : Event: ======'machine_var_audits_switches_s_flipper_right_lower'====== Args={'value': 347, 'prev_value': 346, 'change': 1}
2026-03-01 14:30:32,003 : INFO : SwitchController : <<<<<<< 's_flipper_right_upper' active >>>>>>>
2026-03-01 14:30:32,003 : INFO : EventManager : Event: ======'machine_var_audits_switches_s_flipper_right_upper'====== Args={'value': 363, 'prev_value': 362, 'change': 1}
2026-03-01 14:30:32,165 : INFO : SwitchController : <<<<<<< 's_sling_right' active >>>>>>>
2026-03-01 14:30:32,166 : INFO : EventManager : Event: ======'machine_var_audits_switches_s_sling_right'====== Args={'value': 26, 'prev_value': 25, 'change': 1}
2026-03-01 14:30:32,166 : INFO : SwitchController : <<<<<<< 's_flipper_right_upper' inactive >>>>>>>
2026-03-01 14:30:32,179 : INFO : SwitchController : <<<<<<< 's_flipper_right_lower' inactive >>>>>>>
2026-03-01 14:30:32,179 : INFO : SwitchController : <<<<<<< 's_sling_right' inactive >>>>>>>
2026-03-01 14:30:32,816 : INFO : SwitchController : <<<<<<< 's_flipper_left' active >>>>>>>
2026-03-01 14:30:32,816 : INFO : EventManager : Event: ======'machine_var_audits_switches_s_flipper_left'====== Args={'value': 358, 'prev_value': 357, 'change': 1}
2026-03-01 14:30:32,936 : INFO : BallController : Found 1 ball(s) on playfield.
2026-03-01 14:30:32,936 : WARNING : BallController : Playfields still contain balls. Waiting for those to drain.
2026-03-01 14:30:32,941 : INFO : SwitchController : <<<<<<< 's_flipper_left' inactive >>>>>>>
2026-03-01 14:30:33,747 : INFO : SwitchController : <<<<<<< 's_sling_left' active >>>>>>>
2026-03-01 14:30:33,748 : INFO : EventManager : Event: ======'machine_var_audits_switches_s_sling_left'====== Args={'value': 187, 'prev_value': 186, 'change': 1}
2026-03-01 14:30:33,777 : INFO : SwitchController : <<<<<<< 's_sling_left' inactive >>>>>>>
2026-03-01 14:30:33,937 : INFO : BallController : Found 1 ball(s) on playfield.
2026-03-01 14:30:33,938 : WARNING : BallController : Playfields still contain balls. Waiting for those to drain.
2026-03-01 14:30:34,550 : INFO : SwitchController : <<<<<<< 's_sling_left' active >>>>>>>
2026-03-01 14:30:34,550 : INFO : EventManager : Event: ======'machine_var_audits_switches_s_sling_left'====== Args={'value': 188, 'prev_value': 187, 'change': 1}
2026-03-01 14:30:34,573 : INFO : SwitchController : <<<<<<< 's_sling_left' inactive >>>>>>>
2026-03-01 14:30:34,939 : INFO : BallController : Found 1 ball(s) on playfield.
2026-03-01 14:30:34,939 : WARNING : BallController : Playfields still contain balls. Waiting for those to drain.
2026-03-01 14:30:35,940 : INFO : BallController : Found 1 ball(s) on playfield.
2026-03-01 14:30:35,940 : WARNING : BallController : Playfields still contain balls. Waiting for those to drain.
2026-03-01 14:30:36,464 : INFO : SwitchController : <<<<<<< 's_inlane_right_1' active >>>>>>>
2026-03-01 14:30:36,465 : INFO : EventManager : Event: ======'sw_playfield_active'====== Args={}
2026-03-01 14:30:36,465 : INFO : EventManager : Event: ======'machine_var_audits_switches_s_inlane_right_1'====== Args={'value': 15, 'prev_value': 14, 'change': 1}
2026-03-01 14:30:36,465 : INFO : EventManager : Event: ======'playfield_active'====== Args={'source': None}
2026-03-01 14:30:36,472 : INFO : ball_device.bd_plunger : Got eject confirm
2026-03-01 14:30:36,472 : INFO : ball_device.bd_plunger : Eject successful
2026-03-01 14:30:36,473 : INFO : EventManager : Event: ======'balldevice_bd_plunger_ball_eject_success'====== Args={'balls': 1, 'target': <playfield.playfield>}
2026-03-01 14:30:36,473 : INFO : EventManager : Event: ======'balldevice_playfield_ball_enter'====== Args={'new_balls': 1, 'unclaimed_balls': 1, 'device': <playfield.playfield>}
2026-03-01 14:30:36,473 : INFO : EventManager : Event: ======'playfield_ball_count_change'====== Args={'balls': 1, 'change': 1}
2026-03-01 14:30:36,473 : INFO : EventManager : Event: ======'balldevice_bd_plunger_ball_count_changed'====== Args={'balls': 0}
2026-03-01 14:30:36,473 : INFO : ball_device.bd_plunger : State: idle
2026-03-01 14:30:36,539 : INFO : SwitchController : <<<<<<< 's_inlane_right_1' inactive >>>>>>>
2026-03-01 14:30:36,942 : INFO : BallController : Found 1 ball(s) on playfield.
2026-03-01 14:30:36,942 : WARNING : BallController : Playfields still contain balls. Waiting for those to drain.
2026-03-01 14:30:37,352 : INFO : SwitchController : <<<<<<< 's_flipper_right_lower' active >>>>>>>
2026-03-01 14:30:37,352 : INFO : EventManager : Event: ======'machine_var_audits_switches_s_flipper_right_lower'====== Args={'value': 348, 'prev_value': 347, 'change': 1}
2026-03-01 14:30:37,369 : INFO : SwitchController : <<<<<<< 's_flipper_right_upper' active >>>>>>>
2026-03-01 14:30:37,369 : INFO : EventManager : Event: ======'machine_var_audits_switches_s_flipper_right_upper'====== Args={'value': 364, 'prev_value': 363, 'change': 1}
2026-03-01 14:30:37,407 : INFO : SwitchController : <<<<<<< 's_flipper_left' active >>>>>>>
2026-03-01 14:30:37,407 : INFO : EventManager : Event: ======'machine_var_audits_switches_s_flipper_left'====== Args={'value': 359, 'prev_value': 358, 'change': 1}
2026-03-01 14:30:37,554 : INFO : SwitchController : <<<<<<< 's_flipper_right_upper' inactive >>>>>>>
2026-03-01 14:30:37,556 : INFO : SwitchController : <<<<<<< 's_flipper_right_lower' inactive >>>>>>>
2026-03-01 14:30:37,576 : INFO : SwitchController : <<<<<<< 's_flipper_left' inactive >>>>>>>
2026-03-01 14:30:37,943 : INFO : BallController : Found 1 ball(s) on playfield.
2026-03-01 14:30:37,943 : WARNING : BallController : Playfields still contain balls. Waiting for those to drain.
2026-03-01 14:30:38,385 : INFO : SwitchController : <<<<<<< 's_trough_6' inactive >>>>>>>
2026-03-01 14:30:38,444 : INFO : SwitchController : <<<<<<< 's_trough_6' active >>>>>>>
2026-03-01 14:30:38,444 : INFO : EventManager : Event: ======'machine_var_audits_switches_s_trough_6'====== Args={'value': 189, 'prev_value': 188, 'change': 1}
2026-03-01 14:30:38,715 : INFO : SwitchController : <<<<<<< 's_trough_6' inactive >>>>>>>
2026-03-01 14:30:38,943 : INFO : BallController : Found 1 ball(s) on playfield.
2026-03-01 14:30:38,944 : WARNING : BallController : Playfields still contain balls. Waiting for those to drain.
2026-03-01 14:30:39,216 : INFO : ball_device.bd_trough : BCH: Count is unstable. Trying to reorder balls.
2026-03-01 14:30:39,216 : WARNING : ball_device.bd_trough : Cannot reorder device because eject_coil_reorder_pulse is not configured
2026-03-01 14:30:39,216 : INFO : ball_device.bd_trough : BCH: Repulse done. Waiting for balls to settle.
2026-03-01 14:30:39,945 : INFO : BallController : Found 1 ball(s) on playfield.
2026-03-01 14:30:39,945 : WARNING : BallController : Playfields still contain balls. Waiting for those to drain.
2026-03-01 14:30:40,946 : INFO : BallController : Found 1 ball(s) on playfield.
2026-03-01 14:30:40,946 : WARNING : BallController : Playfields still contain balls. Waiting for those to drain.
2026-03-01 14:30:41,347 : INFO : SwitchController : <<<<<<< 's_flipper_right_upper' active >>>>>>>
2026-03-01 14:30:41,348 : INFO : EventManager : Event: ======'machine_var_audits_switches_s_flipper_right_upper'====== Args={'value': 365, 'prev_value': 364, 'change': 1}
2026-03-01 14:30:41,357 : INFO : SwitchController : <<<<<<< 's_flipper_right_lower' active >>>>>>>
2026-03-01 14:30:41,357 : INFO : EventManager : Event: ======'machine_var_audits_switches_s_flipper_right_lower'====== Args={'value': 349, 'prev_value': 348, 'change': 1}
2026-03-01 14:30:41,420 : INFO : SwitchController : <<<<<<< 's_flipper_right_upper' inactive >>>>>>>
2026-03-01 14:30:41,428 : INFO : SwitchController : <<<<<<< 's_flipper_right_lower' inactive >>>>>>>
2026-03-01 14:30:41,542 : INFO : SwitchController : <<<<<<< 's_flipper_right_lower' active >>>>>>>
2026-03-01 14:30:41,542 : INFO : EventManager : Event: ======'machine_var_audits_switches_s_flipper_right_lower'====== Args={'value': 350, 'prev_value': 349, 'change': 1}
2026-03-01 14:30:41,543 : INFO : SwitchController : <<<<<<< 's_flipper_right_upper' active >>>>>>>
2026-03-01 14:30:41,543 : INFO : EventManager : Event: ======'machine_var_audits_switches_s_flipper_right_upper'====== Args={'value': 366, 'prev_value': 365, 'change': 1}
2026-03-01 14:30:41,618 : INFO : SwitchController : <<<<<<< 's_flipper_right_upper' inactive >>>>>>>
2026-03-01 14:30:41,622 : INFO : SwitchController : <<<<<<< 's_flipper_right_lower' inactive >>>>>>>
2026-03-01 14:30:41,678 : INFO : SwitchController : <<<<<<< 's_flipper_right_lower' active >>>>>>>
2026-03-01 14:30:41,678 : INFO : EventManager : Event: ======'machine_var_audits_switches_s_flipper_right_lower'====== Args={'value': 351, 'prev_value': 350, 'change': 1}
2026-03-01 14:30:41,678 : INFO : SwitchController : <<<<<<< 's_flipper_right_upper' active >>>>>>>
2026-03-01 14:30:41,678 : INFO : EventManager : Event: ======'machine_var_audits_switches_s_flipper_right_upper'====== Args={'value': 367, 'prev_value': 366, 'change': 1}
2026-03-01 14:30:41,753 : INFO : SwitchController : <<<<<<< 's_flipper_right_upper' inactive >>>>>>>
2026-03-01 14:30:41,757 : INFO : SwitchController : <<<<<<< 's_flipper_right_lower' inactive >>>>>>>
2026-03-01 14:30:41,818 : INFO : SwitchController : <<<<<<< 's_flipper_right_upper' active >>>>>>>
2026-03-01 14:30:41,818 : INFO : EventManager : Event: ======'machine_var_audits_switches_s_flipper_right_upper'====== Args={'value': 368, 'prev_value': 367, 'change': 1}
2026-03-01 14:30:41,819 : INFO : SwitchController : <<<<<<< 's_flipper_right_lower' active >>>>>>>
2026-03-01 14:30:41,819 : INFO : EventManager : Event: ======'machine_var_audits_switches_s_flipper_right_lower'====== Args={'value': 352, 'prev_value': 351, 'change': 1}
2026-03-01 14:30:41,912 : INFO : SwitchController : <<<<<<< 's_flipper_right_upper' inactive >>>>>>>
2026-03-01 14:30:41,918 : INFO : SwitchController : <<<<<<< 's_flipper_right_lower' inactive >>>>>>>
2026-03-01 14:30:41,947 : INFO : BallController : Found 1 ball(s) on playfield.
2026-03-01 14:30:41,947 : WARNING : BallController : Playfields still contain balls. Waiting for those to drain.
2026-03-01 14:30:41,964 : INFO : SwitchController : <<<<<<< 's_flipper_right_lower' active >>>>>>>
2026-03-01 14:30:41,964 : INFO : EventManager : Event: ======'machine_var_audits_switches_s_flipper_right_lower'====== Args={'value': 353, 'prev_value': 352, 'change': 1}
2026-03-01 14:30:41,968 : INFO : SwitchController : <<<<<<< 's_flipper_right_upper' active >>>>>>>
2026-03-01 14:30:41,968 : INFO : EventManager : Event: ======'machine_var_audits_switches_s_flipper_right_upper'====== Args={'value': 369, 'prev_value': 368, 'change': 1}
2026-03-01 14:30:42,070 : INFO : SwitchController : <<<<<<< 's_flipper_right_upper' inactive >>>>>>>
2026-03-01 14:30:42,076 : INFO : SwitchController : <<<<<<< 's_flipper_right_lower' inactive >>>>>>>
2026-03-01 14:30:42,244 : INFO : SwitchController : <<<<<<< 's_flipper_right_lower' active >>>>>>>
2026-03-01 14:30:42,244 : INFO : EventManager : Event: ======'machine_var_audits_switches_s_flipper_right_lower'====== Args={'value': 354, 'prev_value': 353, 'change': 1}
2026-03-01 14:30:42,246 : INFO : SwitchController : <<<<<<< 's_flipper_right_upper' active >>>>>>>
2026-03-01 14:30:42,247 : INFO : EventManager : Event: ======'machine_var_audits_switches_s_flipper_right_upper'====== Args={'value': 370, 'prev_value': 369, 'change': 1}
2026-03-01 14:30:42,406 : INFO : SwitchController : <<<<<<< 's_flipper_right_upper' inactive >>>>>>>
2026-03-01 14:30:42,411 : INFO : SwitchController : <<<<<<< 's_flipper_right_lower' inactive >>>>>>>
2026-03-01 14:30:42,530 : INFO : SwitchController : <<<<<<< 's_flipper_right_upper' active >>>>>>>
2026-03-01 14:30:42,530 : INFO : EventManager : Event: ======'machine_var_audits_switches_s_flipper_right_upper'====== Args={'value': 371, 'prev_value': 370, 'change': 1}
2026-03-01 14:30:42,530 : INFO : SwitchController : <<<<<<< 's_flipper_right_lower' active >>>>>>>
2026-03-01 14:30:42,530 : INFO : EventManager : Event: ======'machine_var_audits_switches_s_flipper_right_lower'====== Args={'value': 355, 'prev_value': 354, 'change': 1}
2026-03-01 14:30:42,662 : INFO : SwitchController : <<<<<<< 's_flipper_right_upper' inactive >>>>>>>
2026-03-01 14:30:42,666 : INFO : SwitchController : <<<<<<< 's_flipper_right_lower' inactive >>>>>>>
2026-03-01 14:30:42,792 : INFO : SwitchController : <<<<<<< 's_flipper_right_lower' active >>>>>>>
2026-03-01 14:30:42,793 : INFO : EventManager : Event: ======'machine_var_audits_switches_s_flipper_right_lower'====== Args={'value': 356, 'prev_value': 355, 'change': 1}
2026-03-01 14:30:42,793 : INFO : SwitchController : <<<<<<< 's_flipper_right_upper' active >>>>>>>
2026-03-01 14:30:42,793 : INFO : EventManager : Event: ======'machine_var_audits_switches_s_flipper_right_upper'====== Args={'value': 372, 'prev_value': 371, 'change': 1}
2026-03-01 14:30:42,937 : INFO : SwitchController : <<<<<<< 's_flipper_right_upper' inactive >>>>>>>
2026-03-01 14:30:42,941 : INFO : SwitchController : <<<<<<< 's_flipper_right_lower' inactive >>>>>>>
2026-03-01 14:30:42,947 : INFO : BallController : Found 1 ball(s) on playfield.
2026-03-01 14:30:42,947 : WARNING : BallController : Playfields still contain balls. Waiting for those to drain.
2026-03-01 14:30:43,948 : INFO : BallController : Found 1 ball(s) on playfield.
2026-03-01 14:30:43,948 : WARNING : BallController : Playfields still contain balls. Waiting for those to drain.
2026-03-01 14:30:44,948 : INFO : BallController : Found 1 ball(s) on playfield.
2026-03-01 14:30:44,949 : WARNING : BallController : Playfields still contain balls. Waiting for those to drain.
