2026-03-01 15:42:25,614 : INFO : root : Loading config.
2026-03-01 15:42:25,973 : INFO : ConfigProcessor : Config spec file cache created: /var/folders/1s/015t8n3n70gcr2ch4xflj4yr0000gn/T/config_spec.mpf_cache
2026-03-01 15:42:25,974 : INFO : YamlMultifileConfigLoader : Machine config file #1: config.yaml
2026-03-01 15:42:25,974 : WARNING : ConfigProcessor : Config file in cache changed: /Users/pinball/NapoleonDynamite/config/config.yaml
2026-03-01 15:42:25,974 : INFO : ConfigProcessor : Loading config from file /Users/pinball/mpf/lib/python3.14/site-packages/mpf/mpfconfig.yaml.
2026-03-01 15:42:26,056 : INFO : ConfigProcessor : Loading config: /Users/pinball/mpf/lib/python3.14/site-packages/mpf/mpfconfig.yaml
2026-03-01 15:42:26,057 : INFO : ConfigProcessor : Loading config from file /Users/pinball/NapoleonDynamite/config/config.yaml.
2026-03-01 15:42:26,069 : INFO : ConfigProcessor : Loading config: /Users/pinball/NapoleonDynamite/config/config.yaml
2026-03-01 15:42:26,072 : INFO : ConfigProcessor : Loading config: /Users/pinball/NapoleonDynamite/config/config_ball_devices.yaml
2026-03-01 15:42:26,080 : INFO : ConfigProcessor : Loading config: /Users/pinball/NapoleonDynamite/config/config_coils.yaml
2026-03-01 15:42:26,095 : INFO : ConfigProcessor : Loading config: /Users/pinball/NapoleonDynamite/config/config_switches.yaml
2026-03-01 15:42:26,097 : INFO : ConfigProcessor : Config file cache created: /var/folders/1s/015t8n3n70gcr2ch4xflj4yr0000gn/T/954ddabc670342668a09b03520c7eb79.mpf_cache
2026-03-01 15:42:26,178 : INFO : ConfigProcessor : Loading config from cache: /var/folders/1s/015t8n3n70gcr2ch4xflj4yr0000gn/T/64218df07edc412f774c53ffb33c812d.mpf_cache
2026-03-01 15:42:26,179 : INFO : ConfigProcessor : Loading config from cache: /var/folders/1s/015t8n3n70gcr2ch4xflj4yr0000gn/T/767518d75df2d86a4d35c1fb94c70abd.mpf_cache
2026-03-01 15:42:26,179 : INFO : ConfigProcessor : Loading config from cache: /var/folders/1s/015t8n3n70gcr2ch4xflj4yr0000gn/T/64218df07edc412f774c53ffb33c812d.mpf_cache
2026-03-01 15:42:26,180 : INFO : ConfigProcessor : Loading config from cache: /var/folders/1s/015t8n3n70gcr2ch4xflj4yr0000gn/T/73548cb541cc3751ae5711fe0817282a.mpf_cache
2026-03-01 15:42:26,180 : INFO : ConfigProcessor : Loading config from cache: /var/folders/1s/015t8n3n70gcr2ch4xflj4yr0000gn/T/57f006170cd447d443f971cd8b826597.mpf_cache
2026-03-01 15:42:26,180 : INFO : ConfigProcessor : Loading config from cache: /var/folders/1s/015t8n3n70gcr2ch4xflj4yr0000gn/T/adb0ea3e4ccf2dafa758999a39c1d676.mpf_cache
2026-03-01 15:42:26,181 : INFO : Machine : Mission Pinball Framework Core Engine v0.80.0.dev13
2026-03-01 15:42:26,181 : INFO : Machine : Command line arguments: {'no_load_cache': False, 'create_config_cache': True, 'bcp': True, 'configfile': ['config.yaml'], 'force_assets_load': False, 'platform_integration_test': False, 'jsonlogging': False, 'logfile': 'logs/2026-03-01-15-42-25-mpf-ANDREs-Mac-mini.local.log', 'pause': False, 'production': False, 'text_ui': True, 'loglevel': 15, 'consoleloglevel': 20, 'force_platform': None, 'syslog_address': None, 'full_logfile_path': '/Users/pinball/NapoleonDynamite/logs/2026-03-01-15-42-25-mpf-ANDREs-Mac-mini.local.log'}
2026-03-01 15:42:26,181 : INFO : Machine : MPF path: /Users/pinball/mpf/lib/python3.14/site-packages/mpf
2026-03-01 15:42:26,181 : INFO : Machine : Machine path: /Users/pinball/NapoleonDynamite
2026-03-01 15:42:26,181 : INFO : Machine : Platform: darwin
2026-03-01 15:42:26,181 : INFO : Machine : Python executable location: /Users/pinball/mpf/bin/python3.14
2026-03-01 15:42:26,182 : INFO : Machine : Python version: 3.14.3 (64-bit)
2026-03-01 15:42:26,183 : INFO : Machine : Initializing MPF...
2026-03-01 15:42:26,303 : INFO : FAST : Auto-detecting ports for the following connections: ['net', 'exp']
2026-03-01 15:42:26,327 : INFO : FAST : Detected NET on port /dev/cu.usbmodem14101
2026-03-01 15:42:26,335 : INFO : FAST : Detected EXP on port /dev/cu.usbmodem14103
2026-03-01 15:42:26,439 : INFO : FAST [NET] : Trying to connect to /dev/cu.usbmodem14101 at 921600bps
2026-03-01 15:42:26,445 : INFO : FAST [NET] : Connected to /dev/cu.usbmodem14101 at 921600bps
2026-03-01 15:42:26,447 : INFO : FAST [NET] : Connected to FP-CPU-2000 with firmware v02.26
2026-03-01 15:42:26,450 : INFO : FAST [NET] : Registered I/O Board 0: Model: FP-I/O-0024, Firmware: 01.10, Switches: 24, Drivers: 8
2026-03-01 15:42:26,451 : INFO : FAST [NET] : Registered I/O Board 1: Model: FP-I/O-3208, Firmware: 01.10, Switches: 32, Drivers: 8
2026-03-01 15:42:26,453 : INFO : FAST [NET] : Registered I/O Board 2: Model: FP-I/O-0804, Firmware: 01.10, Switches: 8, Drivers: 4
2026-03-01 15:42:26,455 : INFO : FAST [EXP] : Trying to connect to /dev/cu.usbmodem14103 at 921600bps
2026-03-01 15:42:26,460 : INFO : FAST [EXP] : Connected to /dev/cu.usbmodem14103 at 921600bps
2026-03-01 15:42:26,462 : INFO : FAST [EXP] : Verifying hardware for EXP "neuron" (FP-EXP-2000, @48) with ID string "EXP FP-EXP-2000  0.34", board address 48
2026-03-01 15:42:26,463 : INFO : FAST [EXP] : Verifying hardware for EXP "neuron" (FP-EXP-2000, @48) with ID string "LED FP-BRK-0001  0.8", board address 480
2026-03-01 15:42:26,465 : INFO : EventManager : Event: ======'machine_var_credits_string'====== Args={'value': 'FREE PLAY', 'prev_value': None, 'change': True}
2026-03-01 15:42:26,482 : INFO : EventManager : Event: ======'machine_var_master_volume'====== Args={'value': 0.5, 'prev_value': None, 'change': True}
2026-03-01 15:42:26,482 : INFO : EventManager : Event: ======'machine_var_mpf_version'====== Args={'value': 'Mission Pinball Framework v0.80.0.dev13', 'prev_value': None, 'change': True}
2026-03-01 15:42:26,482 : INFO : EventManager : Event: ======'machine_var_mpf_extended_version'====== Args={'value': 'Mission Pinball Framework v0.80.0.dev13, Config version:6, Show version: 6, BCP version:1.1', 'prev_value': None, 'change': True}
2026-03-01 15:42:26,483 : INFO : EventManager : Event: ======'machine_var_python_version'====== Args={'value': '3.14.3', 'prev_value': None, 'change': True}
2026-03-01 15:42:26,519 : INFO : EventManager : Event: ======'machine_var_platform'====== Args={'value': 'macOS-14.8.4-x86_64-i386-64bit-Mach-O', 'prev_value': None, 'change': True}
2026-03-01 15:42:26,519 : INFO : EventManager : Event: ======'machine_var_platform_system'====== Args={'value': 'Darwin', 'prev_value': None, 'change': True}
2026-03-01 15:42:26,520 : INFO : EventManager : Event: ======'machine_var_platform_release'====== Args={'value': '23.6.0', 'prev_value': None, 'change': True}
2026-03-01 15:42:26,520 : INFO : EventManager : Event: ======'machine_var_platform_version'====== Args={'value': 'Darwin Kernel Version 23.6.0: Mon Jan 19 22:02:22 PST 2026; root:xnu-10063.141.1.710.3~1/RELEASE_X86_64', 'prev_value': None, 'change': True}
2026-03-01 15:42:26,520 : INFO : EventManager : Event: ======'machine_var_platform_machine'====== Args={'value': 'x86_64', 'prev_value': None, 'change': True}
2026-03-01 15:42:26,520 : INFO : EventManager : Event: ======'machine_var_log_file_path'====== Args={'value': '/Users/pinball/NapoleonDynamite/logs/2026-03-01-15-42-25-mpf-ANDREs-Mac-mini.local.log', 'prev_value': None, 'change': True}
2026-03-01 15:42:26,520 : INFO : EventManager : Event: ======'init_phase_1'====== Args={}
2026-03-01 15:42:26,692 : INFO : SwitchController : <<<<<<< 's_flipper_left_eos' active >>>>>>>
2026-03-01 15:42:26,692 : INFO : SwitchController : <<<<<<< 's_flipper_right_lower_eos' active >>>>>>>
2026-03-01 15:42:26,692 : INFO : SwitchController : <<<<<<< 's_trough_7' active >>>>>>>
2026-03-01 15:42:26,692 : INFO : SwitchController : <<<<<<< 's_bumper_lower' active >>>>>>>
2026-03-01 15:42:26,692 : INFO : SwitchController : <<<<<<< 's_bumper_upper' active >>>>>>>
2026-03-01 15:42:26,692 : INFO : SwitchController : <<<<<<< 's_inlane_right_2' active >>>>>>>
2026-03-01 15:42:26,692 : INFO : SwitchController : <<<<<<< 's_inlane_left' active >>>>>>>
2026-03-01 15:42:26,724 : INFO : EventManager : Event: ======'init_phase_2'====== Args={}
2026-03-01 15:42:26,724 : INFO : SwitchController : Found active switch: (37, [FAST Platform Interface]) <switch.s_flipper_left_eos>
2026-03-01 15:42:26,724 : INFO : SwitchController : Found active switch: (32, [FAST Platform Interface]) <switch.s_flipper_right_lower_eos>
2026-03-01 15:42:26,725 : INFO : SwitchController : Found active switch: (30, [FAST Platform Interface]) <switch.s_trough_7>
2026-03-01 15:42:26,725 : INFO : SwitchController : Found active switch: (41, [FAST Platform Interface]) <switch.s_bumper_lower>
2026-03-01 15:42:26,725 : INFO : SwitchController : Found active switch: (42, [FAST Platform Interface]) <switch.s_bumper_upper>
2026-03-01 15:42:26,725 : INFO : SwitchController : Found active switch: (36, [FAST Platform Interface]) <switch.s_inlane_right_2>
2026-03-01 15:42:26,725 : INFO : SwitchController : Found active switch: (39, [FAST Platform Interface]) <switch.s_inlane_left>
2026-03-01 15:42:26,731 : INFO : EventManager : Event: ======'bcp_connection_attempt'====== Args={'name': 'local_display', 'host': 'localhost', 'port': 5050}
2026-03-01 15:42:26,733 : INFO : BCPClientSocket : Connecting BCP to 'local_display' at localhost:5050...
2026-03-01 15:42:26,742 : INFO : BCPClientSocket : Connected BCP to 'local_display' localhost:5050
2026-03-01 15:42:26,743 : INFO : EventManager : Event: ======'bcp_clients_connected'====== Args={}
2026-03-01 15:42:27,193 : INFO : ball_device.bd_trough : BCH: Initial count: 1
2026-03-01 15:42:27,193 : INFO : ball_device.bd_trough : State: idle
2026-03-01 15:42:27,194 : INFO : ball_device.bd_plunger : BCH: Initial count: 0
2026-03-01 15:42:27,194 : INFO : ball_device.bd_plunger : State: idle
2026-03-01 15:42:27,208 : INFO : EventManager : Event: ======'init_phase_3'====== Args={}
2026-03-01 15:42:27,210 : INFO : EventManager : Event: ======'init_phase_4'====== Args={}
2026-03-01 15:42:27,211 : INFO : BallController : Initial balls found: 1
2026-03-01 15:42:27,212 : INFO : EventManager : Event: ======'machine_var_audits_events_game_ended'====== Args={'value': 0, 'prev_value': None, 'change': True}
2026-03-01 15:42:27,212 : INFO : EventManager : Event: ======'machine_var_audits_events_game_started'====== Args={'value': 32, 'prev_value': None, 'change': True}
2026-03-01 15:42:27,213 : INFO : EventManager : Event: ======'machine_var_audits_missing_switches_s_bumper_lower'====== Args={'value': 23, 'prev_value': None, 'change': True}
2026-03-01 15:42:27,213 : INFO : EventManager : Event: ======'machine_var_audits_missing_switches_s_bumper_upper'====== Args={'value': 24, 'prev_value': None, 'change': True}
2026-03-01 15:42:27,213 : INFO : EventManager : Event: ======'machine_var_audits_missing_switches_s_flipper_left'====== Args={'value': 1, 'prev_value': None, 'change': True}
2026-03-01 15:42:27,213 : INFO : EventManager : Event: ======'machine_var_audits_missing_switches_s_flipper_left_eos'====== Args={'value': 1, 'prev_value': None, 'change': True}
2026-03-01 15:42:27,213 : INFO : EventManager : Event: ======'machine_var_audits_missing_switches_s_flipper_right_upper_eos'====== Args={'value': 18, 'prev_value': None, 'change': True}
2026-03-01 15:42:27,213 : INFO : EventManager : Event: ======'machine_var_audits_missing_switches_s_inlane_left'====== Args={'value': 23, 'prev_value': None, 'change': True}
2026-03-01 15:42:27,213 : INFO : EventManager : Event: ======'machine_var_audits_missing_switches_s_inlane_right_1'====== Args={'value': 5, 'prev_value': None, 'change': True}
2026-03-01 15:42:27,213 : INFO : EventManager : Event: ======'machine_var_audits_missing_switches_s_inlane_right_2'====== Args={'value': 23, 'prev_value': None, 'change': True}
2026-03-01 15:42:27,213 : INFO : EventManager : Event: ======'machine_var_audits_missing_switches_s_scoop_tina'====== Args={'value': 5, 'prev_value': None, 'change': True}
2026-03-01 15:42:27,213 : INFO : EventManager : Event: ======'machine_var_audits_missing_switches_s_sling_left'====== Args={'value': 5, 'prev_value': None, 'change': True}
2026-03-01 15:42:27,213 : INFO : EventManager : Event: ======'machine_var_audits_missing_switches_s_sling_right'====== Args={'value': 5, 'prev_value': None, 'change': True}
2026-03-01 15:42:27,213 : INFO : EventManager : Event: ======'machine_var_audits_player_score'====== Args={'value': {'average': 0, 'top': [], 'total': 0}, 'prev_value': None, 'change': True}
2026-03-01 15:42:27,214 : INFO : EventManager : Event: ======'machine_var_audits_shots_bumper_lower'====== Args={'value': 76, 'prev_value': None, 'change': True}
2026-03-01 15:42:27,214 : INFO : EventManager : Event: ======'machine_var_audits_shots_bumper_upper'====== Args={'value': 81, 'prev_value': None, 'change': True}
2026-03-01 15:42:27,214 : INFO : EventManager : Event: ======'machine_var_audits_shots_hurryup'====== Args={'value': 3, 'prev_value': None, 'change': True}
2026-03-01 15:42:27,214 : INFO : EventManager : Event: ======'machine_var_audits_shots_inlane_left'====== Args={'value': 17, 'prev_value': None, 'change': True}
2026-03-01 15:42:27,214 : INFO : EventManager : Event: ======'machine_var_audits_shots_left_lane'====== Args={'value': 8, 'prev_value': None, 'change': True}
2026-03-01 15:42:27,214 : INFO : EventManager : Event: ======'machine_var_audits_switches_s_bumper_lower'====== Args={'value': 76, 'prev_value': None, 'change': True}
2026-03-01 15:42:27,214 : INFO : EventManager : Event: ======'machine_var_audits_switches_s_bumper_upper'====== Args={'value': 81, 'prev_value': None, 'change': True}
2026-03-01 15:42:27,214 : INFO : EventManager : Event: ======'machine_var_audits_switches_s_flipper_left'====== Args={'value': 446, 'prev_value': None, 'change': True}
2026-03-01 15:42:27,214 : INFO : EventManager : Event: ======'machine_var_audits_switches_s_flipper_left_eos'====== Args={'value': 182, 'prev_value': None, 'change': True}
2026-03-01 15:42:27,214 : INFO : EventManager : Event: ======'machine_var_audits_switches_s_flipper_right_lower'====== Args={'value': 455, 'prev_value': None, 'change': True}
2026-03-01 15:42:27,214 : INFO : EventManager : Event: ======'machine_var_audits_switches_s_flipper_right_lower_eos'====== Args={'value': 167, 'prev_value': None, 'change': True}
2026-03-01 15:42:27,214 : INFO : EventManager : Event: ======'machine_var_audits_switches_s_flipper_right_upper'====== Args={'value': 471, 'prev_value': None, 'change': True}
2026-03-01 15:42:27,215 : INFO : EventManager : Event: ======'machine_var_audits_switches_s_flipper_right_upper_eos'====== Args={'value': 43, 'prev_value': None, 'change': True}
2026-03-01 15:42:27,215 : INFO : EventManager : Event: ======'machine_var_audits_switches_s_inlane_left'====== Args={'value': 27, 'prev_value': None, 'change': True}
2026-03-01 15:42:27,215 : INFO : EventManager : Event: ======'machine_var_audits_switches_s_inlane_right_1'====== Args={'value': 18, 'prev_value': None, 'change': True}
2026-03-01 15:42:27,215 : INFO : EventManager : Event: ======'machine_var_audits_switches_s_inlane_right_2'====== Args={'value': 3, 'prev_value': None, 'change': True}
2026-03-01 15:42:27,215 : INFO : EventManager : Event: ======'machine_var_audits_switches_s_plunger'====== Args={'value': 14, 'prev_value': None, 'change': True}
2026-03-01 15:42:27,215 : INFO : EventManager : Event: ======'machine_var_audits_switches_s_plunger_lane'====== Args={'value': 29, 'prev_value': None, 'change': True}
2026-03-01 15:42:27,215 : INFO : EventManager : Event: ======'machine_var_audits_switches_s_scoop_tina'====== Args={'value': 11, 'prev_value': None, 'change': True}
2026-03-01 15:42:27,215 : INFO : EventManager : Event: ======'machine_var_audits_switches_s_sling_left'====== Args={'value': 193, 'prev_value': None, 'change': True}
2026-03-01 15:42:27,215 : INFO : EventManager : Event: ======'machine_var_audits_switches_s_sling_right'====== Args={'value': 30, 'prev_value': None, 'change': True}
2026-03-01 15:42:27,215 : INFO : EventManager : Event: ======'machine_var_audits_switches_s_start'====== Args={'value': 35, 'prev_value': None, 'change': True}
2026-03-01 15:42:27,216 : INFO : EventManager : Event: ======'machine_var_audits_switches_s_trough_1'====== Args={'value': 129, 'prev_value': None, 'change': True}
2026-03-01 15:42:27,216 : INFO : EventManager : Event: ======'machine_var_audits_switches_s_trough_2'====== Args={'value': 117, 'prev_value': None, 'change': True}
2026-03-01 15:42:27,216 : INFO : EventManager : Event: ======'machine_var_audits_switches_s_trough_3'====== Args={'value': 143, 'prev_value': None, 'change': True}
2026-03-01 15:42:27,216 : INFO : EventManager : Event: ======'machine_var_audits_switches_s_trough_4'====== Args={'value': 198, 'prev_value': None, 'change': True}
2026-03-01 15:42:27,216 : INFO : EventManager : Event: ======'machine_var_audits_switches_s_trough_5'====== Args={'value': 216, 'prev_value': None, 'change': True}
2026-03-01 15:42:27,216 : INFO : EventManager : Event: ======'machine_var_audits_switches_s_trough_6'====== Args={'value': 212, 'prev_value': None, 'change': True}
2026-03-01 15:42:27,216 : INFO : EventManager : Event: ======'machine_var_audits_switches_s_trough_7'====== Args={'value': 176, 'prev_value': None, 'change': True}
2026-03-01 15:42:27,218 : INFO : EventManager : Event: ======'init_phase_5'====== Args={}
2026-03-01 15:42:27,220 : INFO : ball_device.bd_trough : BCH: Count is unstable. Trying to reorder balls.
2026-03-01 15:42:27,220 : WARNING : ball_device.bd_trough : Cannot reorder device because eject_coil_reorder_pulse is not configured
2026-03-01 15:42:27,220 : INFO : ball_device.bd_trough : BCH: Repulse done. Waiting for balls to settle.
2026-03-01 15:42:27,220 : INFO : ball_device.bd_trough : BCH: Reordered count: 1
2026-03-01 15:42:27,221 : INFO : EventManager : Event: ======'init_done'====== Args={}
2026-03-01 15:42:27,221 : INFO : EventManager : Event: ======'machine_reset_phase_1'====== Args={}
2026-03-01 15:42:27,256 : INFO : EventManager : Event: ======'machine_reset_phase_2'====== Args={}
2026-03-01 15:42:27,256 : INFO : EventManager : Event: ======'machine_reset_phase_3'====== Args={}
2026-03-01 15:42:27,257 : INFO : EventManager : Event: ======'reset_complete'====== Args={}
2026-03-01 15:42:27,257 : INFO : EventManager : Event: ======'mode_attract_will_start'====== Args={}
2026-03-01 15:42:27,257 : INFO : Timer.attract_carousel_timer : Starting Timer.
2026-03-01 15:42:27,257 : INFO : EventManager : Event: ======'timer_attract_carousel_timer_started'====== Args={'ticks': 0, 'ticks_remaining': 1}
2026-03-01 15:42:27,257 : INFO : EventManager : Event: ======'timer_attract_carousel_timer_tick'====== Args={'ticks': 0, 'ticks_remaining': 1}
2026-03-01 15:42:27,258 : INFO : EventManager : Event: ======'mode_attract_starting'====== Args={}
2026-03-01 15:42:27,258 : INFO : Mode.attract : Started. Priority: 10
2026-03-01 15:42:27,259 : INFO : EventManager : Event: ======'modes_active_modes_changed'====== Args={}
2026-03-01 15:42:27,259 : INFO : EventManager : Event: ======'mode_attract_started'====== Args={}
2026-03-01 15:42:27,259 : INFO : EventManager : Event: ======'collecting_balls_complete'====== Args={}
2026-03-01 15:42:27,260 : INFO : EventManager : Event: ======'carousel_item_highlighted'====== Args={'carousel': 'attract', 'direction': None, 'item': 'title'}
2026-03-01 15:42:27,260 : INFO : EventManager : Event: ======'timer_attract_carousel_timer_tick'====== Args={'ticks': 0, 'ticks_remaining': 1}
2026-03-01 15:42:27,261 : INFO : Machine : Starting the main run loop with active modes: [<Mode.attract>]
2026-03-01 15:42:27,481 : INFO : EventManager : Event: ======'slide_attract_created'====== Args={'_from_bcp': True}
2026-03-01 15:42:27,481 : INFO : EventManager : Event: ======'slide__removed'====== Args={'_from_bcp': True}
2026-03-01 15:42:27,482 : INFO : EventManager : Event: ======'slide_attract_active'====== Args={'original_context': 'attract', 'original_calling_context': 'mode_attract_started', 'priority': 10.0, 'cmd': 'slides_play', '_from_bcp': True}
2026-03-01 15:42:32,261 : INFO : Timer.attract_carousel_timer : Timer Complete
2026-03-01 15:42:32,261 : INFO : Timer.attract_carousel_timer : Stopping Timer
2026-03-01 15:42:32,261 : INFO : EventManager : Event: ======'timer_attract_carousel_timer_stopped'====== Args={'ticks': 1, 'ticks_remaining': 1}
2026-03-01 15:42:32,261 : INFO : EventManager : Event: ======'timer_attract_carousel_timer_complete'====== Args={'ticks': 1, 'ticks_remaining': 1}
2026-03-01 15:42:32,261 : INFO : EventManager : Event: ======'carousel_item_highlighted'====== Args={'carousel': 'attract', 'direction': 'forwards', 'item': 'credits'}
2026-03-01 15:42:32,262 : INFO : Timer.attract_carousel_timer : Starting Timer.
2026-03-01 15:42:32,262 : INFO : EventManager : Event: ======'timer_attract_carousel_timer_started'====== Args={'ticks': 0, 'ticks_remaining': 1}
2026-03-01 15:42:32,262 : INFO : EventManager : Event: ======'timer_attract_carousel_timer_tick'====== Args={'ticks': 0, 'ticks_remaining': 1}
2026-03-01 15:42:33,778 : INFO : SwitchController : <<<<<<< 's_start' active >>>>>>>
2026-03-01 15:42:33,874 : INFO : SwitchController : <<<<<<< 's_start' inactive >>>>>>>
2026-03-01 15:42:33,874 : INFO : EventManager : Event: ======'request_to_start_game'====== Args={}
2026-03-01 15:42:33,875 : INFO : EventManager : Event: ======'game_start'====== Args={'buttons': [], 'hold_time': 0.09659072700014804}
2026-03-01 15:42:33,875 : INFO : EventManager : Event: ======'mode_game_will_start'====== Args={'buttons': [], 'hold_time': 0.09659072700014804}
2026-03-01 15:42:33,876 : INFO : EventManager : Event: ======'mode_game_starting'====== Args={'buttons': [], 'hold_time': 0.09659072700014804}
2026-03-01 15:42:33,876 : INFO : EventManager : Event: ======'mode_attract_will_stop'====== Args={}
2026-03-01 15:42:33,876 : INFO : EventManager : Event: ======'mode_attract_stopping'====== Args={}
2026-03-01 15:42:33,876 : INFO : Mode.attract : Stopped.
2026-03-01 15:42:33,876 : INFO : EventManager : Event: ======'modes_active_modes_changed'====== Args={}
2026-03-01 15:42:33,877 : INFO : EventManager : Event: ======'mode_attract_stopped'====== Args={}
2026-03-01 15:42:33,877 : INFO : EventManager : Event: ======'clear'====== Args={'key': 'attract'}
2026-03-01 15:42:33,878 : INFO : Timer.attract_carousel_timer : Stopping Timer
2026-03-01 15:42:33,878 : INFO : EventManager : Event: ======'timer_attract_carousel_timer_stopped'====== Args={'ticks': 0, 'ticks_remaining': 1}
2026-03-01 15:42:33,878 : INFO : Mode.game : Started. Priority: 20
2026-03-01 15:42:33,878 : INFO : EventManager : Event: ======'modes_active_modes_changed'====== Args={}
2026-03-01 15:42:33,878 : INFO : EventManager : Event: ======'mode_game_started'====== Args={'buttons': [], 'hold_time': 0.09659072700014804}
2026-03-01 15:42:33,879 : INFO : EventManager : Event: ======'game_will_start'====== Args={}
2026-03-01 15:42:33,879 : INFO : EventManager : Event: ======'game_starting'====== Args={'game': <Mode.game>}
2026-03-01 15:42:33,881 : INFO : EventManager : Unordered handler for class <Auditor> on event game_ended with priority 1. Handlers: [RegisteredHandler(callback=<bound method Auditor.disable of <Auditor>>, priority=1, kwargs={}, key=UUID('e6cd4726-5d28-4c98-a7e2-2ae92a3dc9de'), condition=None, blocking_facility=None), RegisteredHandler(callback=<bound method Auditor._save_audits of <Auditor>>, priority=1, kwargs={}, key=UUID('ab980a57-6441-423c-aed8-a6f804be4497'), condition=None, blocking_facility=None)]. The order of those handlers is not defined and they will be executed in random order. This might lead to race conditions and potential bugs.
2026-03-01 15:42:33,881 : INFO : EventManager : Event: ======'player_add_request'====== Args={}
2026-03-01 15:42:33,881 : INFO : EventManager : Event: ======'player_will_add'====== Args={'number': 1}
2026-03-01 15:42:33,881 : INFO : EventManager : Event: ======'player_adding'====== Args={'player': <Player 1>, 'number': 1}
2026-03-01 15:42:33,882 : INFO : EventManager : Event: ======'player_added'====== Args={'player': <Player 1>, 'num': 1}
2026-03-01 15:42:33,882 : INFO : Mode.game : Player added successfully. Total players: 1
2026-03-01 15:42:33,882 : INFO : EventManager : Event: ======'player_index'====== Args={'value': 0, 'prev_value': 0, 'change': 0, 'player_num': 1}
2026-03-01 15:42:33,882 : INFO : EventManager : Event: ======'player_number'====== Args={'value': 1, 'prev_value': 1, 'change': 0, 'player_num': 1}
2026-03-01 15:42:33,882 : INFO : EventManager : Event: ======'player_score'====== Args={'value': 0, 'prev_value': 0, 'change': 0, 'player_num': 1}
2026-03-01 15:42:33,883 : INFO : EventManager : Event: ======'game_started'====== Args={}
2026-03-01 15:42:33,884 : INFO : EventManager : Event: ======'player_turn_will_start'====== Args={'player': <Player 1>, 'number': 1}
2026-03-01 15:42:33,890 : INFO : EventManager : Event: ======'player_turn_starting'====== Args={'player': <Player 1>, 'number': 1}
2026-03-01 15:42:33,899 : INFO : EventManager : Event: ======'player_ball'====== Args={'value': 1, 'prev_value': 0, 'change': 1, 'player_num': 1}
2026-03-01 15:42:33,900 : INFO : EventManager : Event: ======'player_turn_started'====== Args={'player': <Player 1>, 'number': 1}
2026-03-01 15:42:33,901 : INFO : EventManager : Event: ======'ball_will_start'====== Args={'player': 1, 'ball': 1, 'balls_remaining': 2, 'is_extra_ball': False}
2026-03-01 15:42:33,901 : INFO : EventManager : Event: ======'ball_starting'====== Args={'player': 1, 'ball': 1, 'balls_remaining': 2, 'is_extra_ball': False}
2026-03-01 15:42:33,902 : INFO : EventManager : Event: ======'mode_base_will_start'====== Args={'queue': <QueuedEvent>, 'player': 1, 'ball': 1, 'balls_remaining': 2, 'is_extra_ball': False}
2026-03-01 15:42:33,902 : INFO : EventManager : Event: ======'player_shot_left_lane_enabled'====== Args={'value': True, 'prev_value': 0, 'change': 1, 'player_num': 1}
2026-03-01 15:42:33,903 : INFO : EventManager : Event: ======'mode_base_starting'====== Args={'queue': <QueuedEvent>, 'player': 1, 'ball': 1, 'balls_remaining': 2, 'is_extra_ball': False}
2026-03-01 15:42:33,903 : INFO : Mode.base : Started. Priority: 100
2026-03-01 15:42:33,903 : INFO : EventManager : Event: ======'modes_active_modes_changed'====== Args={}
2026-03-01 15:42:33,903 : INFO : EventManager : Event: ======'mode_base_started'====== Args={'queue': <QueuedEvent>, 'player': 1, 'ball': 1, 'balls_remaining': 2, 'is_extra_ball': False}
2026-03-01 15:42:33,905 : INFO : EventManager : Event: ======'balls_in_play'====== Args={'balls': 1}
2026-03-01 15:42:33,905 : INFO : EventManager : Event: ======'ball_started'====== Args={'player': 1, 'ball': 1, 'balls_remaining': 2, 'is_extra_ball': False}
2026-03-01 15:42:33,906 : INFO : EventManager : Event: ======'single_player_ball_started'====== Args={}
2026-03-01 15:42:33,906 : INFO : EventManager : Event: ======'ball_start_target'====== Args={'target': 'playfield'}
2026-03-01 15:42:33,906 : INFO : ball_device.bd_trough : Setting up player-controlled eject. Balls: 1, Target: <playfield.playfield>, player_controlled_eject_event: None
2026-03-01 15:42:33,906 : INFO : ball_device.bd_trough : Adding 1 ball(s) to the eject_queue with target <playfield.playfield>.
2026-03-01 15:42:33,907 : INFO : EventManager : Event: ======'balldevice_balls_available'====== Args={}
2026-03-01 15:42:33,908 : INFO : ball_device.bd_trough : BCH: Count is unstable. Trying to reorder balls.
2026-03-01 15:42:33,908 : WARNING : ball_device.bd_trough : Cannot reorder device because eject_coil_reorder_pulse is not configured
2026-03-01 15:42:33,908 : INFO : ball_device.bd_trough : BCH: Repulse done. Waiting for balls to settle.
2026-03-01 15:42:33,908 : INFO : ball_device.bd_trough : State: waiting_for_target_ready
2026-03-01 15:42:33,908 : INFO : EventManager : Event: ======'balldevice_bd_trough_ball_eject_attempt'====== Args={'balls': 1, 'target': <ball_device.bd_plunger>, 'source': <ball_device.bd_trough>, 'mechanical_eject': False, 'num_attempts': 0}
2026-03-01 15:42:33,909 : INFO : ball_device.bd_plunger : State: waiting_for_ball
2026-03-01 15:42:33,909 : INFO : ball_device.bd_trough : State: ejecting
2026-03-01 15:42:33,909 : INFO : ball_device.bd_trough : Ejecting ball to <ball_device.bd_plunger>
2026-03-01 15:42:33,909 : INFO : EventManager : Event: ======'balldevice_bd_trough_ejecting_ball'====== Args={'balls': 1, 'target': <ball_device.bd_plunger>, 'source': <ball_device.bd_trough>, 'mechanical_eject': False, 'num_attempts': 0}
2026-03-01 15:42:33,910 : INFO : ball_device.bd_trough : Wait for ball to leave device
2026-03-01 15:42:33,910 : INFO : coil.c_trough_eject : Pulsing Driver for 20ms (1.0 pulse_power)
2026-03-01 15:42:33,941 : INFO : SwitchController : <<<<<<< 's_trough_1' active >>>>>>>
2026-03-01 15:42:33,941 : INFO : EventManager : Event: ======'machine_var_audits_switches_s_trough_1'====== Args={'value': 130, 'prev_value': 129, 'change': 1}
2026-03-01 15:42:33,941 : INFO : SwitchController : <<<<<<< 's_trough_7' inactive >>>>>>>
2026-03-01 15:42:33,942 : INFO : ball_device.bd_trough : State: ball_left
2026-03-01 15:42:33,942 : INFO : ball_device.bd_trough : Ball left
2026-03-01 15:42:33,942 : INFO : ball_device.bd_trough : Wait for confirm with timeout 10.0
2026-03-01 15:42:33,957 : INFO : SwitchController : <<<<<<< 's_trough_7' active >>>>>>>
2026-03-01 15:42:33,957 : INFO : EventManager : Event: ======'machine_var_audits_switches_s_trough_7'====== Args={'value': 177, 'prev_value': 176, 'change': 1}
2026-03-01 15:42:33,958 : INFO : EventManager : Event: ======'slide_base_slide_created'====== Args={'_from_bcp': True}
2026-03-01 15:42:33,958 : INFO : EventManager : Event: ======'slide_attract_inactive'====== Args={'is_removing': True, '_from_bcp': True}
2026-03-01 15:42:33,959 : INFO : EventManager : Event: ======'slide_base_slide_active'====== Args={'original_context': 'base', 'original_calling_context': 'mode_base_started', 'priority': 100.0, 'queue': '<QueuedEvent>', 'player': 1.0, 'ball': 1.0, 'balls_remaining': 2.0, 'is_extra_ball': False, 'cmd': 'slides_play', '_from_bcp': True}
2026-03-01 15:42:33,959 : INFO : EventManager : Event: ======'slide_attract_removed'====== Args={'_from_bcp': True}
2026-03-01 15:42:34,109 : INFO : SwitchController : <<<<<<< 's_plunger' active >>>>>>>
2026-03-01 15:42:34,109 : INFO : EventManager : Event: ======'machine_var_audits_switches_s_plunger'====== Args={'value': 15, 'prev_value': 14, 'change': 1}
2026-03-01 15:42:34,126 : INFO : SwitchController : <<<<<<< 's_trough_2' active >>>>>>>
2026-03-01 15:42:34,126 : INFO : EventManager : Event: ======'machine_var_audits_switches_s_trough_2'====== Args={'value': 118, 'prev_value': 117, 'change': 1}
2026-03-01 15:42:34,130 : INFO : SwitchController : <<<<<<< 's_trough_6' active >>>>>>>
2026-03-01 15:42:34,130 : INFO : EventManager : Event: ======'machine_var_audits_switches_s_trough_6'====== Args={'value': 213, 'prev_value': 212, 'change': 1}
2026-03-01 15:42:34,131 : INFO : SwitchController : <<<<<<< 's_trough_5' active >>>>>>>
2026-03-01 15:42:34,131 : INFO : EventManager : Event: ======'machine_var_audits_switches_s_trough_5'====== Args={'value': 217, 'prev_value': 216, 'change': 1}
2026-03-01 15:42:34,133 : INFO : SwitchController : <<<<<<< 's_trough_4' active >>>>>>>
2026-03-01 15:42:34,133 : INFO : EventManager : Event: ======'machine_var_audits_switches_s_trough_4'====== Args={'value': 199, 'prev_value': 198, 'change': 1}
2026-03-01 15:42:34,142 : INFO : SwitchController : <<<<<<< 's_trough_3' active >>>>>>>
2026-03-01 15:42:34,142 : INFO : EventManager : Event: ======'machine_var_audits_switches_s_trough_3'====== Args={'value': 144, 'prev_value': 143, 'change': 1}
2026-03-01 15:42:34,167 : INFO : SwitchController : <<<<<<< 's_trough_4' inactive >>>>>>>
2026-03-01 15:42:34,168 : INFO : SwitchController : <<<<<<< 's_trough_5' inactive >>>>>>>
2026-03-01 15:42:34,172 : INFO : SwitchController : <<<<<<< 's_trough_3' inactive >>>>>>>
2026-03-01 15:42:34,174 : INFO : SwitchController : <<<<<<< 's_trough_2' inactive >>>>>>>
2026-03-01 15:42:34,199 : INFO : SwitchController : <<<<<<< 's_trough_1' inactive >>>>>>>
2026-03-01 15:42:34,610 : INFO : ball_device.bd_plunger : Received ball from <ball_device.bd_trough>
2026-03-01 15:42:34,610 : INFO : EventManager : Event: ======'balldevice_bd_plunger_ball_enter'====== Args={'new_balls': 1, 'unclaimed_balls': 0, 'new_available_balls': 0, 'device': <ball_device.bd_plunger>}
2026-03-01 15:42:34,611 : INFO : EventManager : Event: ======'balldevice_bd_plunger_ball_entered'====== Args={'new_balls': 0, 'device': <ball_device.bd_plunger>}
2026-03-01 15:42:34,611 : INFO : EventManager : Event: ======'balldevice_bd_plunger_ball_count_changed'====== Args={'balls': 1}
2026-03-01 15:42:34,611 : INFO : ball_device.bd_trough : Got eject confirm
2026-03-01 15:42:34,611 : INFO : ball_device.bd_trough : Eject successful
2026-03-01 15:42:34,611 : INFO : EventManager : Event: ======'balldevice_bd_trough_ball_eject_success'====== Args={'balls': 1, 'target': <ball_device.bd_plunger>}
2026-03-01 15:42:34,611 : INFO : ball_device.bd_plunger : State: waiting_for_target_ready
2026-03-01 15:42:34,612 : INFO : EventManager : Event: ======'balldevice_bd_plunger_ball_eject_attempt'====== Args={'balls': 1, 'target': <playfield.playfield>, 'source': <ball_device.bd_plunger>, 'mechanical_eject': False, 'num_attempts': 0}
2026-03-01 15:42:34,612 : INFO : EventManager : Event: ======'balldevice_bd_trough_ball_count_changed'====== Args={'balls': 0}
2026-03-01 15:42:34,612 : INFO : ball_device.bd_trough : State: idle
2026-03-01 15:42:34,612 : INFO : ball_device.bd_plunger : State: ejecting
2026-03-01 15:42:34,612 : INFO : ball_device.bd_plunger : Ejecting ball to <playfield.playfield>
2026-03-01 15:42:34,613 : INFO : EventManager : Event: ======'balldevice_bd_plunger_ejecting_ball'====== Args={'balls': 1, 'target': <playfield.playfield>, 'source': <ball_device.bd_plunger>, 'mechanical_eject': False, 'num_attempts': 0}
2026-03-01 15:42:34,613 : INFO : ball_device.bd_plunger : Wait for ball to leave device
2026-03-01 15:42:34,700 : INFO : EventManager : Event: ======'balldevice_bd_trough_ball_count_changed'====== Args={'balls': 2}
2026-03-01 15:42:34,700 : INFO : ball_device.bd_trough : Received unexpected ball
2026-03-01 15:42:34,700 : INFO : EventManager : Event: ======'balldevice_captured_from_playfield'====== Args={'balls': 1}
2026-03-01 15:42:34,700 : INFO : EventManager : Event: ======'sw_playfield_active'====== Args={'balls': 1}
2026-03-01 15:42:34,700 : INFO : EventManager : Event: ======'playfield_active'====== Args={'source': None}
2026-03-01 15:42:34,701 : INFO : EventManager : Event: ======'playfield_ball_count_change'====== Args={'balls': -1, 'change': -1}
2026-03-01 15:42:34,701 : INFO : EventManager : Event: ======'balldevice_playfield_ball_enter'====== Args={'new_balls': 1, 'unclaimed_balls': 1, 'device': <playfield.playfield>}
2026-03-01 15:42:34,701 : INFO : EventManager : Event: ======'playfield_ball_count_change'====== Args={'balls': 0, 'change': 1}
2026-03-01 15:42:34,701 : INFO : BallController : Found a new ball which was captured from playfield. Known balls: 2
2026-03-01 15:42:34,701 : INFO : EventManager : Event: ======'found_new_ball'====== Args={}
2026-03-01 15:42:34,702 : INFO : EventManager : Event: ======'balldevice_bd_trough_ball_enter'====== Args={'new_balls': 1, 'unclaimed_balls': 1, 'new_available_balls': 1, 'device': <ball_device.bd_trough>}
2026-03-01 15:42:34,702 : INFO : EventManager : Event: ======'ball_drain'====== Args={'device': <ball_device.bd_trough>, 'balls': 1}
2026-03-01 15:42:34,702 : INFO : EventManager : Event: ======'ball_will_end'====== Args={}
2026-03-01 15:42:34,702 : INFO : EventManager : Event: ======'balldevice_balls_available'====== Args={}
2026-03-01 15:42:34,702 : INFO : EventManager : Event: ======'balldevice_bd_trough_ball_entered'====== Args={'new_balls': 1, 'device': <ball_device.bd_trough>}
2026-03-01 15:42:34,703 : INFO : ball_device.bd_trough : Received unexpected ball
2026-03-01 15:42:34,703 : INFO : EventManager : Event: ======'balldevice_captured_from_playfield'====== Args={'balls': 1}
2026-03-01 15:42:34,703 : INFO : EventManager : Event: ======'mode_base_will_stop'====== Args={}
2026-03-01 15:42:34,703 : INFO : EventManager : Event: ======'mode_base_stopping'====== Args={}
2026-03-01 15:42:34,703 : INFO : EventManager : Event: ======'sw_playfield_active'====== Args={'balls': 1}
2026-03-01 15:42:34,704 : INFO : EventManager : Event: ======'playfield_active'====== Args={'source': None}
2026-03-01 15:42:34,704 : INFO : EventManager : Event: ======'playfield_ball_count_change'====== Args={'balls': -1, 'change': -1}
2026-03-01 15:42:34,704 : INFO : Mode.base : Stopped.
2026-03-01 15:42:34,704 : INFO : EventManager : Event: ======'modes_active_modes_changed'====== Args={}
2026-03-01 15:42:34,704 : INFO : EventManager : Event: ======'mode_base_stopped'====== Args={}
2026-03-01 15:42:34,704 : INFO : EventManager : Event: ======'clear'====== Args={'key': 'base'}
2026-03-01 15:42:34,705 : INFO : EventManager : Event: ======'balldevice_playfield_ball_enter'====== Args={'new_balls': 1, 'unclaimed_balls': 1, 'device': <playfield.playfield>}
2026-03-01 15:42:34,706 : INFO : EventManager : Event: ======'playfield_ball_count_change'====== Args={'balls': 0, 'change': 1}
2026-03-01 15:42:34,706 : INFO : BallController : Found a new ball which was captured from playfield. Known balls: 3
2026-03-01 15:42:34,706 : INFO : EventManager : Event: ======'found_new_ball'====== Args={}
2026-03-01 15:42:34,706 : INFO : EventManager : Event: ======'balldevice_bd_trough_ball_enter'====== Args={'new_balls': 1, 'unclaimed_balls': 1, 'new_available_balls': 1, 'device': <ball_device.bd_trough>}
2026-03-01 15:42:34,706 : INFO : EventManager : Event: ======'ball_drain'====== Args={'device': <ball_device.bd_trough>, 'balls': 1}
2026-03-01 15:42:34,706 : INFO : EventManager : Event: ======'ball_ending'====== Args={}
2026-03-01 15:42:34,706 : INFO : EventManager : Event: ======'balldevice_balls_available'====== Args={}
2026-03-01 15:42:34,706 : INFO : EventManager : Event: ======'balldevice_bd_trough_ball_entered'====== Args={'new_balls': 1, 'device': <ball_device.bd_trough>}
2026-03-01 15:42:34,707 : INFO : EventManager : Event: ======'ball_ended'====== Args={}
2026-03-01 15:42:34,708 : INFO : EventManager : Event: ======'player_turn_will_end'====== Args={'player': <Player 1>, 'number': 1}
2026-03-01 15:42:34,708 : INFO : EventManager : Event: ======'player_turn_ending'====== Args={'player': <Player 1>, 'number': 1}
2026-03-01 15:42:34,709 : INFO : EventManager : Event: ======'player_turn_ended'====== Args={'player': <Player 1>, 'number': 1}
2026-03-01 15:42:34,709 : INFO : EventManager : Event: ======'player_turn_will_start'====== Args={'player': <Player 1>, 'number': 1}
2026-03-01 15:42:34,709 : INFO : EventManager : Event: ======'player_turn_starting'====== Args={'player': <Player 1>, 'number': 1}
2026-03-01 15:42:34,710 : INFO : EventManager : Event: ======'player_ball'====== Args={'value': 2, 'prev_value': 1, 'change': 1, 'player_num': 1}
2026-03-01 15:42:34,710 : INFO : EventManager : Event: ======'player_turn_started'====== Args={'player': <Player 1>, 'number': 1}
2026-03-01 15:42:34,711 : INFO : EventManager : Event: ======'ball_will_start'====== Args={'player': 1, 'ball': 2, 'balls_remaining': 1, 'is_extra_ball': False}
2026-03-01 15:42:34,711 : INFO : BallController : Found 1 ball(s) on playfield.
2026-03-01 15:42:34,711 : WARNING : BallController : Playfields still contain balls. Waiting for those to drain.
2026-03-01 15:42:35,162 : INFO : SwitchController : <<<<<<< 's_plunger' inactive >>>>>>>
2026-03-01 15:42:35,163 : INFO : ball_device.bd_plunger : State: ball_left
2026-03-01 15:42:35,163 : INFO : ball_device.bd_plunger : Ball left
2026-03-01 15:42:35,163 : INFO : ball_device.bd_plunger : Wait for confirm with timeout 10.0
2026-03-01 15:42:35,287 : INFO : SwitchController : <<<<<<< 's_flipper_left' active >>>>>>>
2026-03-01 15:42:35,287 : INFO : EventManager : Event: ======'machine_var_audits_switches_s_flipper_left'====== Args={'value': 447, 'prev_value': 446, 'change': 1}
2026-03-01 15:42:35,425 : INFO : SwitchController : <<<<<<< 's_flipper_left' inactive >>>>>>>
2026-03-01 15:42:35,546 : INFO : SwitchController : <<<<<<< 's_flipper_left' active >>>>>>>
2026-03-01 15:42:35,546 : INFO : EventManager : Event: ======'machine_var_audits_switches_s_flipper_left'====== Args={'value': 448, 'prev_value': 447, 'change': 1}
2026-03-01 15:42:35,684 : INFO : SwitchController : <<<<<<< 's_flipper_left' inactive >>>>>>>
2026-03-01 15:42:35,707 : INFO : SwitchController : <<<<<<< 's_flipper_right_upper' active >>>>>>>
2026-03-01 15:42:35,707 : INFO : EventManager : Event: ======'machine_var_audits_switches_s_flipper_right_upper'====== Args={'value': 472, 'prev_value': 471, 'change': 1}
2026-03-01 15:42:35,709 : INFO : SwitchController : <<<<<<< 's_flipper_right_lower' active >>>>>>>
2026-03-01 15:42:35,709 : INFO : EventManager : Event: ======'machine_var_audits_switches_s_flipper_right_lower'====== Args={'value': 456, 'prev_value': 455, 'change': 1}
2026-03-01 15:42:35,711 : INFO : BallController : Found 1 ball(s) on playfield.
2026-03-01 15:42:35,711 : WARNING : BallController : Playfields still contain balls. Waiting for those to drain.
2026-03-01 15:42:35,814 : INFO : SwitchController : <<<<<<< 's_flipper_right_upper' inactive >>>>>>>
2026-03-01 15:42:35,819 : INFO : SwitchController : <<<<<<< 's_flipper_right_lower' inactive >>>>>>>
2026-03-01 15:42:35,857 : INFO : SwitchController : <<<<<<< 's_flipper_left' active >>>>>>>
2026-03-01 15:42:35,857 : INFO : EventManager : Event: ======'machine_var_audits_switches_s_flipper_left'====== Args={'value': 449, 'prev_value': 448, 'change': 1}
2026-03-01 15:42:35,948 : INFO : SwitchController : <<<<<<< 's_flipper_left' inactive >>>>>>>
2026-03-01 15:42:35,956 : INFO : SwitchController : <<<<<<< 's_flipper_right_upper' active >>>>>>>
2026-03-01 15:42:35,956 : INFO : EventManager : Event: ======'machine_var_audits_switches_s_flipper_right_upper'====== Args={'value': 473, 'prev_value': 472, 'change': 1}
2026-03-01 15:42:35,957 : INFO : SwitchController : <<<<<<< 's_flipper_right_lower' active >>>>>>>
2026-03-01 15:42:35,957 : INFO : EventManager : Event: ======'machine_var_audits_switches_s_flipper_right_lower'====== Args={'value': 457, 'prev_value': 456, 'change': 1}
2026-03-01 15:42:36,028 : INFO : SwitchController : <<<<<<< 's_flipper_right_upper' inactive >>>>>>>
2026-03-01 15:42:36,032 : INFO : SwitchController : <<<<<<< 's_flipper_right_lower' inactive >>>>>>>
2026-03-01 15:42:36,063 : INFO : SwitchController : <<<<<<< 's_flipper_left' active >>>>>>>
2026-03-01 15:42:36,063 : INFO : EventManager : Event: ======'machine_var_audits_switches_s_flipper_left'====== Args={'value': 450, 'prev_value': 449, 'change': 1}
2026-03-01 15:42:36,156 : INFO : SwitchController : <<<<<<< 's_flipper_left' inactive >>>>>>>
2026-03-01 15:42:36,157 : INFO : SwitchController : <<<<<<< 's_flipper_right_upper' active >>>>>>>
2026-03-01 15:42:36,157 : INFO : EventManager : Event: ======'machine_var_audits_switches_s_flipper_right_upper'====== Args={'value': 474, 'prev_value': 473, 'change': 1}
2026-03-01 15:42:36,157 : INFO : SwitchController : <<<<<<< 's_flipper_right_lower' active >>>>>>>
2026-03-01 15:42:36,158 : INFO : EventManager : Event: ======'machine_var_audits_switches_s_flipper_right_lower'====== Args={'value': 458, 'prev_value': 457, 'change': 1}
2026-03-01 15:42:36,217 : INFO : SwitchController : <<<<<<< 's_flipper_right_upper' inactive >>>>>>>
2026-03-01 15:42:36,221 : INFO : SwitchController : <<<<<<< 's_flipper_right_lower' inactive >>>>>>>
2026-03-01 15:42:36,266 : INFO : SwitchController : <<<<<<< 's_flipper_left' active >>>>>>>
2026-03-01 15:42:36,266 : INFO : EventManager : Event: ======'machine_var_audits_switches_s_flipper_left'====== Args={'value': 451, 'prev_value': 450, 'change': 1}
2026-03-01 15:42:36,351 : INFO : SwitchController : <<<<<<< 's_flipper_right_lower' active >>>>>>>
2026-03-01 15:42:36,351 : INFO : EventManager : Event: ======'machine_var_audits_switches_s_flipper_right_lower'====== Args={'value': 459, 'prev_value': 458, 'change': 1}
2026-03-01 15:42:36,351 : INFO : SwitchController : <<<<<<< 's_flipper_right_upper' active >>>>>>>
2026-03-01 15:42:36,351 : INFO : EventManager : Event: ======'machine_var_audits_switches_s_flipper_right_upper'====== Args={'value': 475, 'prev_value': 474, 'change': 1}
2026-03-01 15:42:36,353 : INFO : SwitchController : <<<<<<< 's_flipper_left' inactive >>>>>>>
2026-03-01 15:42:36,417 : INFO : SwitchController : <<<<<<< 's_flipper_right_upper' inactive >>>>>>>
2026-03-01 15:42:36,421 : INFO : SwitchController : <<<<<<< 's_flipper_right_lower' inactive >>>>>>>
2026-03-01 15:42:36,455 : INFO : SwitchController : <<<<<<< 's_flipper_left' active >>>>>>>
2026-03-01 15:42:36,456 : INFO : EventManager : Event: ======'machine_var_audits_switches_s_flipper_left'====== Args={'value': 452, 'prev_value': 451, 'change': 1}
2026-03-01 15:42:36,605 : INFO : SwitchController : <<<<<<< 's_flipper_right_lower' active >>>>>>>
2026-03-01 15:42:36,606 : INFO : EventManager : Event: ======'machine_var_audits_switches_s_flipper_right_lower'====== Args={'value': 460, 'prev_value': 459, 'change': 1}
2026-03-01 15:42:36,607 : INFO : SwitchController : <<<<<<< 's_flipper_right_upper' active >>>>>>>
2026-03-01 15:42:36,608 : INFO : EventManager : Event: ======'machine_var_audits_switches_s_flipper_right_upper'====== Args={'value': 476, 'prev_value': 475, 'change': 1}
2026-03-01 15:42:36,609 : INFO : SwitchController : <<<<<<< 's_flipper_left' inactive >>>>>>>
2026-03-01 15:42:36,642 : INFO : SwitchController : <<<<<<< 's_flipper_right_upper' inactive >>>>>>>
2026-03-01 15:42:36,646 : INFO : SwitchController : <<<<<<< 's_flipper_right_lower' inactive >>>>>>>
2026-03-01 15:42:36,670 : INFO : SwitchController : <<<<<<< 's_flipper_left' active >>>>>>>
2026-03-01 15:42:36,670 : INFO : EventManager : Event: ======'machine_var_audits_switches_s_flipper_left'====== Args={'value': 453, 'prev_value': 452, 'change': 1}
2026-03-01 15:42:36,712 : INFO : BallController : Found 1 ball(s) on playfield.
2026-03-01 15:42:36,712 : WARNING : BallController : Playfields still contain balls. Waiting for those to drain.
2026-03-01 15:42:36,788 : INFO : SwitchController : <<<<<<< 's_flipper_right_upper' active >>>>>>>
2026-03-01 15:42:36,788 : INFO : EventManager : Event: ======'machine_var_audits_switches_s_flipper_right_upper'====== Args={'value': 477, 'prev_value': 476, 'change': 1}
2026-03-01 15:42:36,790 : INFO : SwitchController : <<<<<<< 's_flipper_right_lower' active >>>>>>>
2026-03-01 15:42:36,791 : INFO : EventManager : Event: ======'machine_var_audits_switches_s_flipper_right_lower'====== Args={'value': 461, 'prev_value': 460, 'change': 1}
2026-03-01 15:42:36,793 : INFO : SwitchController : <<<<<<< 's_flipper_left' inactive >>>>>>>
2026-03-01 15:42:36,878 : INFO : SwitchController : <<<<<<< 's_flipper_right_upper' inactive >>>>>>>
2026-03-01 15:42:36,884 : INFO : SwitchController : <<<<<<< 's_flipper_right_lower' inactive >>>>>>>
2026-03-01 15:42:36,994 : INFO : SwitchController : <<<<<<< 's_flipper_left' active >>>>>>>
2026-03-01 15:42:36,994 : INFO : EventManager : Event: ======'machine_var_audits_switches_s_flipper_left'====== Args={'value': 454, 'prev_value': 453, 'change': 1}
2026-03-01 15:42:37,142 : INFO : SwitchController : <<<<<<< 's_flipper_left' inactive >>>>>>>
2026-03-01 15:42:37,179 : INFO : SwitchController : <<<<<<< 's_flipper_right_lower' active >>>>>>>
2026-03-01 15:42:37,180 : INFO : EventManager : Event: ======'machine_var_audits_switches_s_flipper_right_lower'====== Args={'value': 462, 'prev_value': 461, 'change': 1}
2026-03-01 15:42:37,181 : INFO : SwitchController : <<<<<<< 's_flipper_right_upper' active >>>>>>>
2026-03-01 15:42:37,181 : INFO : EventManager : Event: ======'machine_var_audits_switches_s_flipper_right_upper'====== Args={'value': 478, 'prev_value': 477, 'change': 1}
2026-03-01 15:42:37,290 : INFO : SwitchController : <<<<<<< 's_flipper_right_upper' inactive >>>>>>>
2026-03-01 15:42:37,297 : INFO : SwitchController : <<<<<<< 's_flipper_right_lower' inactive >>>>>>>
2026-03-01 15:42:37,393 : INFO : SwitchController : <<<<<<< 's_flipper_left' active >>>>>>>
2026-03-01 15:42:37,393 : INFO : EventManager : Event: ======'machine_var_audits_switches_s_flipper_left'====== Args={'value': 455, 'prev_value': 454, 'change': 1}
2026-03-01 15:42:37,542 : INFO : SwitchController : <<<<<<< 's_flipper_right_lower' active >>>>>>>
2026-03-01 15:42:37,542 : INFO : EventManager : Event: ======'machine_var_audits_switches_s_flipper_right_lower'====== Args={'value': 463, 'prev_value': 462, 'change': 1}
2026-03-01 15:42:37,542 : INFO : SwitchController : <<<<<<< 's_flipper_right_upper' active >>>>>>>
2026-03-01 15:42:37,542 : INFO : EventManager : Event: ======'machine_var_audits_switches_s_flipper_right_upper'====== Args={'value': 479, 'prev_value': 478, 'change': 1}
2026-03-01 15:42:37,545 : INFO : SwitchController : <<<<<<< 's_flipper_right_lower' inactive >>>>>>>
2026-03-01 15:42:37,547 : INFO : SwitchController : <<<<<<< 's_flipper_right_lower' active >>>>>>>
2026-03-01 15:42:37,547 : INFO : EventManager : Event: ======'machine_var_audits_switches_s_flipper_right_lower'====== Args={'value': 464, 'prev_value': 463, 'change': 1}
2026-03-01 15:42:37,562 : INFO : SwitchController : <<<<<<< 's_flipper_left' inactive >>>>>>>
2026-03-01 15:42:37,652 : INFO : SwitchController : <<<<<<< 's_flipper_right_upper' inactive >>>>>>>
2026-03-01 15:42:37,660 : INFO : SwitchController : <<<<<<< 's_flipper_right_lower' inactive >>>>>>>
2026-03-01 15:42:37,713 : INFO : BallController : Found 1 ball(s) on playfield.
2026-03-01 15:42:37,713 : WARNING : BallController : Playfields still contain balls. Waiting for those to drain.
2026-03-01 15:42:37,737 : INFO : SwitchController : <<<<<<< 's_flipper_left' active >>>>>>>
2026-03-01 15:42:37,738 : INFO : EventManager : Event: ======'machine_var_audits_switches_s_flipper_left'====== Args={'value': 456, 'prev_value': 455, 'change': 1}
2026-03-01 15:42:37,859 : INFO : SwitchController : <<<<<<< 's_flipper_left' inactive >>>>>>>
2026-03-01 15:42:37,877 : INFO : SwitchController : <<<<<<< 's_flipper_right_lower' active >>>>>>>
2026-03-01 15:42:37,877 : INFO : EventManager : Event: ======'machine_var_audits_switches_s_flipper_right_lower'====== Args={'value': 465, 'prev_value': 464, 'change': 1}
2026-03-01 15:42:37,877 : INFO : SwitchController : <<<<<<< 's_flipper_right_upper' active >>>>>>>
2026-03-01 15:42:37,877 : INFO : EventManager : Event: ======'machine_var_audits_switches_s_flipper_right_upper'====== Args={'value': 480, 'prev_value': 479, 'change': 1}
2026-03-01 15:42:37,954 : INFO : SwitchController : <<<<<<< 's_flipper_right_upper' inactive >>>>>>>
2026-03-01 15:42:37,959 : INFO : SwitchController : <<<<<<< 's_flipper_right_lower' inactive >>>>>>>
2026-03-01 15:42:38,005 : INFO : SwitchController : <<<<<<< 's_flipper_left' active >>>>>>>
2026-03-01 15:42:38,005 : INFO : EventManager : Event: ======'machine_var_audits_switches_s_flipper_left'====== Args={'value': 457, 'prev_value': 456, 'change': 1}
2026-03-01 15:42:38,089 : INFO : SwitchController : <<<<<<< 's_flipper_left' inactive >>>>>>>
2026-03-01 15:42:38,112 : INFO : SwitchController : <<<<<<< 's_flipper_right_lower' active >>>>>>>
2026-03-01 15:42:38,112 : INFO : EventManager : Event: ======'machine_var_audits_switches_s_flipper_right_lower'====== Args={'value': 466, 'prev_value': 465, 'change': 1}
2026-03-01 15:42:38,113 : INFO : SwitchController : <<<<<<< 's_flipper_right_upper' active >>>>>>>
2026-03-01 15:42:38,113 : INFO : EventManager : Event: ======'machine_var_audits_switches_s_flipper_right_upper'====== Args={'value': 481, 'prev_value': 480, 'change': 1}
2026-03-01 15:42:38,176 : INFO : SwitchController : <<<<<<< 's_flipper_right_upper' inactive >>>>>>>
2026-03-01 15:42:38,180 : INFO : SwitchController : <<<<<<< 's_flipper_right_lower' inactive >>>>>>>
2026-03-01 15:42:38,205 : INFO : SwitchController : <<<<<<< 's_flipper_left' active >>>>>>>
2026-03-01 15:42:38,205 : INFO : EventManager : Event: ======'machine_var_audits_switches_s_flipper_left'====== Args={'value': 458, 'prev_value': 457, 'change': 1}
2026-03-01 15:42:38,275 : INFO : SwitchController : <<<<<<< 's_flipper_left' inactive >>>>>>>
2026-03-01 15:42:38,302 : INFO : SwitchController : <<<<<<< 's_flipper_right_lower' active >>>>>>>
2026-03-01 15:42:38,302 : INFO : EventManager : Event: ======'machine_var_audits_switches_s_flipper_right_lower'====== Args={'value': 467, 'prev_value': 466, 'change': 1}
2026-03-01 15:42:38,303 : INFO : SwitchController : <<<<<<< 's_flipper_right_upper' active >>>>>>>
2026-03-01 15:42:38,303 : INFO : EventManager : Event: ======'machine_var_audits_switches_s_flipper_right_upper'====== Args={'value': 482, 'prev_value': 481, 'change': 1}
2026-03-01 15:42:38,379 : INFO : SwitchController : <<<<<<< 's_flipper_right_upper' inactive >>>>>>>
2026-03-01 15:42:38,384 : INFO : SwitchController : <<<<<<< 's_flipper_right_lower' inactive >>>>>>>
2026-03-01 15:42:38,399 : INFO : SwitchController : <<<<<<< 's_flipper_left' active >>>>>>>
2026-03-01 15:42:38,399 : INFO : EventManager : Event: ======'machine_var_audits_switches_s_flipper_left'====== Args={'value': 459, 'prev_value': 458, 'change': 1}
2026-03-01 15:42:38,500 : INFO : SwitchController : <<<<<<< 's_flipper_left' inactive >>>>>>>
2026-03-01 15:42:38,500 : INFO : SwitchController : <<<<<<< 's_flipper_right_lower' active >>>>>>>
2026-03-01 15:42:38,501 : INFO : EventManager : Event: ======'machine_var_audits_switches_s_flipper_right_lower'====== Args={'value': 468, 'prev_value': 467, 'change': 1}
2026-03-01 15:42:38,501 : INFO : SwitchController : <<<<<<< 's_flipper_right_upper' active >>>>>>>
2026-03-01 15:42:38,502 : INFO : EventManager : Event: ======'machine_var_audits_switches_s_flipper_right_upper'====== Args={'value': 483, 'prev_value': 482, 'change': 1}
2026-03-01 15:42:38,584 : INFO : SwitchController : <<<<<<< 's_flipper_right_upper' inactive >>>>>>>
2026-03-01 15:42:38,588 : INFO : SwitchController : <<<<<<< 's_flipper_right_lower' inactive >>>>>>>
2026-03-01 15:42:38,590 : INFO : SwitchController : <<<<<<< 's_flipper_left' active >>>>>>>
2026-03-01 15:42:38,591 : INFO : EventManager : Event: ======'machine_var_audits_switches_s_flipper_left'====== Args={'value': 460, 'prev_value': 459, 'change': 1}
2026-03-01 15:42:38,675 : INFO : SwitchController : <<<<<<< 's_flipper_left' inactive >>>>>>>
2026-03-01 15:42:38,713 : INFO : BallController : Found 1 ball(s) on playfield.
2026-03-01 15:42:38,713 : WARNING : BallController : Playfields still contain balls. Waiting for those to drain.
2026-03-01 15:42:38,724 : INFO : SwitchController : <<<<<<< 's_flipper_right_upper' active >>>>>>>
2026-03-01 15:42:38,724 : INFO : EventManager : Event: ======'machine_var_audits_switches_s_flipper_right_upper'====== Args={'value': 484, 'prev_value': 483, 'change': 1}
2026-03-01 15:42:38,727 : INFO : SwitchController : <<<<<<< 's_flipper_right_lower' active >>>>>>>
2026-03-01 15:42:38,727 : INFO : EventManager : Event: ======'machine_var_audits_switches_s_flipper_right_lower'====== Args={'value': 469, 'prev_value': 468, 'change': 1}
2026-03-01 15:42:38,758 : INFO : SwitchController : <<<<<<< 's_flipper_left' active >>>>>>>
2026-03-01 15:42:38,759 : INFO : EventManager : Event: ======'machine_var_audits_switches_s_flipper_left'====== Args={'value': 461, 'prev_value': 460, 'change': 1}
2026-03-01 15:42:38,832 : INFO : SwitchController : <<<<<<< 's_flipper_right_upper' inactive >>>>>>>
2026-03-01 15:42:38,840 : INFO : SwitchController : <<<<<<< 's_flipper_right_lower' inactive >>>>>>>
2026-03-01 15:42:38,855 : INFO : SwitchController : <<<<<<< 's_flipper_left' inactive >>>>>>>
2026-03-01 15:42:39,013 : INFO : SwitchController : <<<<<<< 's_sling_right' active >>>>>>>
2026-03-01 15:42:39,013 : INFO : EventManager : Event: ======'machine_var_audits_switches_s_sling_right'====== Args={'value': 31, 'prev_value': 30, 'change': 1}
2026-03-01 15:42:39,034 : INFO : SwitchController : <<<<<<< 's_sling_right' inactive >>>>>>>
2026-03-01 15:42:39,623 : INFO : SwitchController : <<<<<<< 's_sling_left' active >>>>>>>
2026-03-01 15:42:39,624 : INFO : EventManager : Event: ======'machine_var_audits_switches_s_sling_left'====== Args={'value': 194, 'prev_value': 193, 'change': 1}
2026-03-01 15:42:39,714 : INFO : BallController : Found 1 ball(s) on playfield.
2026-03-01 15:42:39,714 : WARNING : BallController : Playfields still contain balls. Waiting for those to drain.
2026-03-01 15:42:39,817 : INFO : SwitchController : <<<<<<< 's_sling_left' inactive >>>>>>>
2026-03-01 15:42:39,876 : INFO : SwitchController : <<<<<<< 's_sling_left' active >>>>>>>
2026-03-01 15:42:39,876 : INFO : EventManager : Event: ======'machine_var_audits_switches_s_sling_left'====== Args={'value': 195, 'prev_value': 194, 'change': 1}
2026-03-01 15:42:40,005 : INFO : SwitchController : <<<<<<< 's_sling_left' inactive >>>>>>>
2026-03-01 15:42:40,328 : INFO : SwitchController : <<<<<<< 's_sling_right' active >>>>>>>
2026-03-01 15:42:40,329 : INFO : EventManager : Event: ======'machine_var_audits_switches_s_sling_right'====== Args={'value': 32, 'prev_value': 31, 'change': 1}
2026-03-01 15:42:40,455 : INFO : SwitchController : <<<<<<< 's_sling_right' inactive >>>>>>>
2026-03-01 15:42:40,714 : INFO : BallController : Found 1 ball(s) on playfield.
2026-03-01 15:42:40,715 : WARNING : BallController : Playfields still contain balls. Waiting for those to drain.
2026-03-01 15:42:41,715 : INFO : BallController : Found 1 ball(s) on playfield.
2026-03-01 15:42:41,715 : WARNING : BallController : Playfields still contain balls. Waiting for those to drain.
2026-03-01 15:42:42,184 : INFO : SwitchController : <<<<<<< 's_trough_6' inactive >>>>>>>
2026-03-01 15:42:42,685 : INFO : ball_device.bd_trough : BCH: Count is unstable. Trying to reorder balls.
2026-03-01 15:42:42,685 : WARNING : ball_device.bd_trough : Cannot reorder device because eject_coil_reorder_pulse is not configured
2026-03-01 15:42:42,685 : INFO : ball_device.bd_trough : BCH: Repulse done. Waiting for balls to settle.
2026-03-01 15:42:42,716 : INFO : BallController : Found 1 ball(s) on playfield.
2026-03-01 15:42:42,716 : WARNING : BallController : Playfields still contain balls. Waiting for those to drain.
2026-03-01 15:42:43,717 : INFO : BallController : Found 1 ball(s) on playfield.
2026-03-01 15:42:43,717 : WARNING : BallController : Playfields still contain balls. Waiting for those to drain.
2026-03-01 15:42:44,718 : INFO : BallController : Found 1 ball(s) on playfield.
2026-03-01 15:42:44,718 : WARNING : BallController : Playfields still contain balls. Waiting for those to drain.
2026-03-01 15:42:45,164 : INFO : ball_device.bd_plunger : State: failed_confirm
2026-03-01 15:42:45,164 : INFO : ball_device.bd_plunger : Got timeout (10.0s) before confirm from <playfield.playfield>
2026-03-01 15:42:45,265 : INFO : ball_device.bd_plunger : Confirming eject because target is playfield and ball did not return.
2026-03-01 15:42:45,265 : INFO : ball_device.bd_plunger : Eject successful
2026-03-01 15:42:45,265 : INFO : EventManager : Event: ======'balldevice_bd_plunger_ball_eject_success'====== Args={'balls': 1, 'target': <playfield.playfield>}
2026-03-01 15:42:45,265 : INFO : EventManager : Event: ======'balldevice_playfield_ball_enter'====== Args={'new_balls': 1, 'unclaimed_balls': 1, 'device': <playfield.playfield>}
2026-03-01 15:42:45,265 : INFO : EventManager : Event: ======'playfield_ball_count_change'====== Args={'balls': 1, 'change': 1}
2026-03-01 15:42:45,266 : INFO : EventManager : Event: ======'balldevice_bd_plunger_ball_count_changed'====== Args={'balls': 0}
2026-03-01 15:42:45,266 : INFO : ball_device.bd_plunger : State: idle
2026-03-01 15:42:45,719 : INFO : BallController : Found 1 ball(s) on playfield.
2026-03-01 15:42:45,719 : WARNING : BallController : Playfields still contain balls. Waiting for those to drain.
2026-03-01 15:42:46,720 : INFO : BallController : Found 1 ball(s) on playfield.
2026-03-01 15:42:46,720 : WARNING : BallController : Playfields still contain balls. Waiting for those to drain.
2026-03-01 15:42:47,721 : INFO : BallController : Found 1 ball(s) on playfield.
2026-03-01 15:42:47,721 : WARNING : BallController : Playfields still contain balls. Waiting for those to drain.
2026-03-01 15:42:48,722 : INFO : BallController : Found 1 ball(s) on playfield.
2026-03-01 15:42:48,722 : WARNING : BallController : Playfields still contain balls. Waiting for those to drain.
2026-03-01 15:42:49,107 : INFO : SwitchController : <<<<<<< 's_flipper_right_lower' active >>>>>>>
2026-03-01 15:42:49,108 : INFO : EventManager : Event: ======'machine_var_audits_switches_s_flipper_right_lower'====== Args={'value': 470, 'prev_value': 469, 'change': 1}
2026-03-01 15:42:49,117 : INFO : SwitchController : <<<<<<< 's_flipper_right_upper' active >>>>>>>
2026-03-01 15:42:49,118 : INFO : EventManager : Event: ======'machine_var_audits_switches_s_flipper_right_upper'====== Args={'value': 485, 'prev_value': 484, 'change': 1}
2026-03-01 15:42:49,263 : INFO : SwitchController : <<<<<<< 's_flipper_right_upper' inactive >>>>>>>
2026-03-01 15:42:49,270 : INFO : SwitchController : <<<<<<< 's_flipper_right_lower' inactive >>>>>>>
2026-03-01 15:42:49,405 : INFO : SwitchController : <<<<<<< 's_flipper_right_lower' active >>>>>>>
2026-03-01 15:42:49,406 : INFO : EventManager : Event: ======'machine_var_audits_switches_s_flipper_right_lower'====== Args={'value': 471, 'prev_value': 470, 'change': 1}
2026-03-01 15:42:49,409 : INFO : SwitchController : <<<<<<< 's_flipper_right_upper' active >>>>>>>
2026-03-01 15:42:49,410 : INFO : EventManager : Event: ======'machine_var_audits_switches_s_flipper_right_upper'====== Args={'value': 486, 'prev_value': 485, 'change': 1}
2026-03-01 15:42:49,518 : INFO : SwitchController : <<<<<<< 's_flipper_right_upper' inactive >>>>>>>
2026-03-01 15:42:49,526 : INFO : SwitchController : <<<<<<< 's_flipper_right_lower' inactive >>>>>>>
2026-03-01 15:42:49,638 : INFO : SwitchController : <<<<<<< 's_flipper_right_lower' active >>>>>>>
2026-03-01 15:42:49,638 : INFO : EventManager : Event: ======'machine_var_audits_switches_s_flipper_right_lower'====== Args={'value': 472, 'prev_value': 471, 'change': 1}
2026-03-01 15:42:49,643 : INFO : SwitchController : <<<<<<< 's_flipper_right_upper' active >>>>>>>
2026-03-01 15:42:49,643 : INFO : EventManager : Event: ======'machine_var_audits_switches_s_flipper_right_upper'====== Args={'value': 487, 'prev_value': 486, 'change': 1}
2026-03-01 15:42:49,723 : INFO : BallController : Found 1 ball(s) on playfield.
2026-03-01 15:42:49,723 : WARNING : BallController : Playfields still contain balls. Waiting for those to drain.
2026-03-01 15:42:49,754 : INFO : SwitchController : <<<<<<< 's_flipper_right_upper' inactive >>>>>>>
2026-03-01 15:42:49,763 : INFO : SwitchController : <<<<<<< 's_flipper_right_lower' inactive >>>>>>>
2026-03-01 15:42:49,838 : INFO : SwitchController : <<<<<<< 's_flipper_right_lower' active >>>>>>>
2026-03-01 15:42:49,838 : INFO : EventManager : Event: ======'machine_var_audits_switches_s_flipper_right_lower'====== Args={'value': 473, 'prev_value': 472, 'change': 1}
2026-03-01 15:42:49,841 : INFO : SwitchController : <<<<<<< 's_flipper_right_upper' active >>>>>>>
2026-03-01 15:42:49,842 : INFO : EventManager : Event: ======'machine_var_audits_switches_s_flipper_right_upper'====== Args={'value': 488, 'prev_value': 487, 'change': 1}
2026-03-01 15:42:49,977 : INFO : SwitchController : <<<<<<< 's_flipper_right_upper' inactive >>>>>>>
2026-03-01 15:42:49,987 : INFO : SwitchController : <<<<<<< 's_flipper_right_lower' inactive >>>>>>>
2026-03-01 15:42:50,725 : INFO : BallController : Found 1 ball(s) on playfield.
2026-03-01 15:42:50,725 : WARNING : BallController : Playfields still contain balls. Waiting for those to drain.
2026-03-01 15:42:51,726 : INFO : BallController : Found 1 ball(s) on playfield.
2026-03-01 15:42:51,727 : WARNING : BallController : Playfields still contain balls. Waiting for those to drain.
2026-03-01 15:42:52,728 : INFO : BallController : Found 1 ball(s) on playfield.
2026-03-01 15:42:52,728 : WARNING : BallController : Playfields still contain balls. Waiting for those to drain.
2026-03-01 15:42:53,729 : INFO : BallController : Found 1 ball(s) on playfield.
2026-03-01 15:42:53,729 : WARNING : BallController : Playfields still contain balls. Waiting for those to drain.
2026-03-01 15:42:54,730 : INFO : BallController : Found 1 ball(s) on playfield.
2026-03-01 15:42:54,730 : WARNING : BallController : Playfields still contain balls. Waiting for those to drain.
2026-03-01 15:42:55,730 : INFO : BallController : Found 1 ball(s) on playfield.
2026-03-01 15:42:55,731 : WARNING : BallController : Playfields still contain balls. Waiting for those to drain.
2026-03-01 15:42:56,732 : INFO : BallController : Found 1 ball(s) on playfield.
2026-03-01 15:42:56,732 : WARNING : BallController : Playfields still contain balls. Waiting for those to drain.
2026-03-01 15:42:57,732 : INFO : BallController : Found 1 ball(s) on playfield.
2026-03-01 15:42:57,732 : WARNING : BallController : Playfields still contain balls. Waiting for those to drain.
2026-03-01 15:42:58,732 : INFO : BallController : Found 1 ball(s) on playfield.
2026-03-01 15:42:58,733 : WARNING : BallController : Playfields still contain balls. Waiting for those to drain.
2026-03-01 15:42:59,734 : INFO : BallController : Found 1 ball(s) on playfield.
2026-03-01 15:42:59,734 : WARNING : BallController : Playfields still contain balls. Waiting for those to drain.
2026-03-01 15:43:00,734 : INFO : BallController : Found 1 ball(s) on playfield.
2026-03-01 15:43:00,735 : WARNING : BallController : Playfields still contain balls. Waiting for those to drain.
2026-03-01 15:43:01,736 : INFO : BallController : Found 1 ball(s) on playfield.
2026-03-01 15:43:01,737 : WARNING : BallController : Playfields still contain balls. Waiting for those to drain.
2026-03-01 15:43:02,738 : INFO : BallController : Found 1 ball(s) on playfield.
2026-03-01 15:43:02,738 : WARNING : BallController : Playfields still contain balls. Waiting for those to drain.
2026-03-01 15:43:03,738 : INFO : BallController : Found 1 ball(s) on playfield.
2026-03-01 15:43:03,739 : WARNING : BallController : Playfields still contain balls. Waiting for those to drain.
2026-03-01 15:43:04,739 : INFO : BallController : Found 1 ball(s) on playfield.
2026-03-01 15:43:04,739 : WARNING : BallController : Playfields still contain balls. Waiting for those to drain.
2026-03-01 15:43:05,740 : INFO : BallController : Found 1 ball(s) on playfield.
2026-03-01 15:43:05,741 : WARNING : BallController : Playfields still contain balls. Waiting for those to drain.
2026-03-01 15:43:06,741 : INFO : BallController : Found 1 ball(s) on playfield.
2026-03-01 15:43:06,742 : WARNING : BallController : Playfields still contain balls. Waiting for those to drain.
2026-03-01 15:43:07,743 : INFO : BallController : Found 1 ball(s) on playfield.
2026-03-01 15:43:07,743 : WARNING : BallController : Playfields still contain balls. Waiting for those to drain.
2026-03-01 15:43:08,744 : INFO : BallController : Found 1 ball(s) on playfield.
2026-03-01 15:43:08,744 : WARNING : BallController : Playfields still contain balls. Waiting for those to drain.
2026-03-01 15:43:09,744 : INFO : BallController : Found 1 ball(s) on playfield.
2026-03-01 15:43:09,745 : WARNING : BallController : Playfields still contain balls. Waiting for those to drain.
2026-03-01 15:43:10,745 : INFO : BallController : Found 1 ball(s) on playfield.
2026-03-01 15:43:10,745 : WARNING : BallController : Playfields still contain balls. Waiting for those to drain.
2026-03-01 15:43:11,745 : INFO : BallController : Found 1 ball(s) on playfield.
2026-03-01 15:43:11,745 : WARNING : BallController : Playfields still contain balls. Waiting for those to drain.
2026-03-01 15:43:12,746 : INFO : BallController : Found 1 ball(s) on playfield.
2026-03-01 15:43:12,746 : WARNING : BallController : Playfields still contain balls. Waiting for those to drain.
2026-03-01 15:43:13,747 : INFO : BallController : Found 1 ball(s) on playfield.
2026-03-01 15:43:13,747 : WARNING : BallController : Playfields still contain balls. Waiting for those to drain.
2026-03-01 15:43:14,747 : INFO : BallController : Found 1 ball(s) on playfield.
2026-03-01 15:43:14,747 : WARNING : BallController : Playfields still contain balls. Waiting for those to drain.
2026-03-01 15:43:15,748 : INFO : BallController : Found 1 ball(s) on playfield.
2026-03-01 15:43:15,748 : WARNING : BallController : Playfields still contain balls. Waiting for those to drain.
2026-03-01 15:43:16,748 : INFO : BallController : Found 1 ball(s) on playfield.
2026-03-01 15:43:16,748 : WARNING : BallController : Playfields still contain balls. Waiting for those to drain.
2026-03-01 15:43:17,749 : INFO : BallController : Found 1 ball(s) on playfield.
2026-03-01 15:43:17,750 : WARNING : BallController : Playfields still contain balls. Waiting for those to drain.
2026-03-01 15:43:18,750 : INFO : BallController : Found 1 ball(s) on playfield.
2026-03-01 15:43:18,751 : WARNING : BallController : Playfields still contain balls. Waiting for those to drain.
2026-03-01 15:43:19,751 : INFO : BallController : Found 1 ball(s) on playfield.
2026-03-01 15:43:19,751 : WARNING : BallController : Playfields still contain balls. Waiting for those to drain.
2026-03-01 15:43:20,752 : INFO : BallController : Found 1 ball(s) on playfield.
2026-03-01 15:43:20,752 : WARNING : BallController : Playfields still contain balls. Waiting for those to drain.
2026-03-01 15:43:21,753 : INFO : BallController : Found 1 ball(s) on playfield.
2026-03-01 15:43:21,753 : WARNING : BallController : Playfields still contain balls. Waiting for those to drain.
2026-03-01 15:43:22,754 : INFO : BallController : Found 1 ball(s) on playfield.
2026-03-01 15:43:22,754 : WARNING : BallController : Playfields still contain balls. Waiting for those to drain.
2026-03-01 15:43:23,755 : INFO : BallController : Found 1 ball(s) on playfield.
2026-03-01 15:43:23,755 : WARNING : BallController : Playfields still contain balls. Waiting for those to drain.
2026-03-01 15:43:24,756 : INFO : BallController : Found 1 ball(s) on playfield.
2026-03-01 15:43:24,757 : WARNING : BallController : Playfields still contain balls. Waiting for those to drain.
2026-03-01 15:43:25,758 : INFO : BallController : Found 1 ball(s) on playfield.
2026-03-01 15:43:25,758 : WARNING : BallController : Playfields still contain balls. Waiting for those to drain.
2026-03-01 15:43:26,759 : INFO : BallController : Found 1 ball(s) on playfield.
2026-03-01 15:43:26,759 : WARNING : BallController : Playfields still contain balls. Waiting for those to drain.
2026-03-01 15:43:27,760 : INFO : BallController : Found 1 ball(s) on playfield.
2026-03-01 15:43:27,760 : WARNING : BallController : Playfields still contain balls. Waiting for those to drain.
2026-03-01 15:43:28,762 : INFO : BallController : Found 1 ball(s) on playfield.
2026-03-01 15:43:28,762 : WARNING : BallController : Playfields still contain balls. Waiting for those to drain.
2026-03-01 15:43:29,763 : INFO : BallController : Found 1 ball(s) on playfield.
2026-03-01 15:43:29,763 : WARNING : BallController : Playfields still contain balls. Waiting for those to drain.
2026-03-01 15:43:30,764 : INFO : BallController : Found 1 ball(s) on playfield.
2026-03-01 15:43:30,764 : WARNING : BallController : Playfields still contain balls. Waiting for those to drain.
2026-03-01 15:43:31,765 : INFO : BallController : Found 1 ball(s) on playfield.
2026-03-01 15:43:31,765 : WARNING : BallController : Playfields still contain balls. Waiting for those to drain.
2026-03-01 15:43:32,766 : INFO : BallController : Found 1 ball(s) on playfield.
2026-03-01 15:43:32,766 : WARNING : BallController : Playfields still contain balls. Waiting for those to drain.
2026-03-01 15:43:33,767 : INFO : BallController : Found 1 ball(s) on playfield.
2026-03-01 15:43:33,767 : WARNING : BallController : Playfields still contain balls. Waiting for those to drain.
2026-03-01 15:43:34,768 : INFO : BallController : Found 1 ball(s) on playfield.
2026-03-01 15:43:34,768 : WARNING : BallController : Playfields still contain balls. Waiting for those to drain.
2026-03-01 15:43:35,769 : INFO : BallController : Found 1 ball(s) on playfield.
2026-03-01 15:43:35,769 : WARNING : BallController : Playfields still contain balls. Waiting for those to drain.
2026-03-01 15:43:36,770 : INFO : BallController : Found 1 ball(s) on playfield.
2026-03-01 15:43:36,770 : WARNING : BallController : Playfields still contain balls. Waiting for those to drain.
2026-03-01 15:43:37,771 : INFO : BallController : Found 1 ball(s) on playfield.
2026-03-01 15:43:37,771 : WARNING : BallController : Playfields still contain balls. Waiting for those to drain.
2026-03-01 15:43:38,771 : INFO : BallController : Found 1 ball(s) on playfield.
2026-03-01 15:43:38,771 : WARNING : BallController : Playfields still contain balls. Waiting for those to drain.
2026-03-01 15:43:39,772 : INFO : BallController : Found 1 ball(s) on playfield.
2026-03-01 15:43:39,772 : WARNING : BallController : Playfields still contain balls. Waiting for those to drain.
2026-03-01 15:43:40,772 : INFO : BallController : Found 1 ball(s) on playfield.
2026-03-01 15:43:40,773 : WARNING : BallController : Playfields still contain balls. Waiting for those to drain.
2026-03-01 15:43:41,774 : INFO : BallController : Found 1 ball(s) on playfield.
2026-03-01 15:43:41,774 : WARNING : BallController : Playfields still contain balls. Waiting for those to drain.
2026-03-01 15:43:42,775 : INFO : BallController : Found 1 ball(s) on playfield.
2026-03-01 15:43:42,776 : WARNING : BallController : Playfields still contain balls. Waiting for those to drain.
2026-03-01 15:43:43,777 : INFO : BallController : Found 1 ball(s) on playfield.
2026-03-01 15:43:43,777 : WARNING : BallController : Playfields still contain balls. Waiting for those to drain.
2026-03-01 15:43:44,777 : INFO : BallController : Found 1 ball(s) on playfield.
2026-03-01 15:43:44,777 : WARNING : BallController : Playfields still contain balls. Waiting for those to drain.
2026-03-01 15:43:45,778 : INFO : BallController : Found 1 ball(s) on playfield.
2026-03-01 15:43:45,778 : WARNING : BallController : Playfields still contain balls. Waiting for those to drain.
2026-03-01 15:43:46,778 : INFO : BallController : Found 1 ball(s) on playfield.
2026-03-01 15:43:46,778 : WARNING : BallController : Playfields still contain balls. Waiting for those to drain.
2026-03-01 15:43:47,779 : INFO : BallController : Found 1 ball(s) on playfield.
2026-03-01 15:43:47,779 : WARNING : BallController : Playfields still contain balls. Waiting for those to drain.
2026-03-01 15:43:48,780 : INFO : BallController : Found 1 ball(s) on playfield.
2026-03-01 15:43:48,780 : WARNING : BallController : Playfields still contain balls. Waiting for those to drain.
2026-03-01 15:43:49,780 : INFO : BallController : Found 1 ball(s) on playfield.
2026-03-01 15:43:49,780 : WARNING : BallController : Playfields still contain balls. Waiting for those to drain.
2026-03-01 15:43:50,781 : INFO : BallController : Found 1 ball(s) on playfield.
2026-03-01 15:43:50,781 : WARNING : BallController : Playfields still contain balls. Waiting for those to drain.
2026-03-01 15:43:51,782 : INFO : BallController : Found 1 ball(s) on playfield.
2026-03-01 15:43:51,782 : WARNING : BallController : Playfields still contain balls. Waiting for those to drain.
2026-03-01 15:43:52,783 : INFO : BallController : Found 1 ball(s) on playfield.
2026-03-01 15:43:52,783 : WARNING : BallController : Playfields still contain balls. Waiting for those to drain.
2026-03-01 15:43:53,783 : INFO : BallController : Found 1 ball(s) on playfield.
2026-03-01 15:43:53,783 : WARNING : BallController : Playfields still contain balls. Waiting for those to drain.
2026-03-01 15:43:54,784 : INFO : BallController : Found 1 ball(s) on playfield.
2026-03-01 15:43:54,785 : WARNING : BallController : Playfields still contain balls. Waiting for those to drain.
2026-03-01 15:43:55,786 : INFO : BallController : Found 1 ball(s) on playfield.
2026-03-01 15:43:55,786 : WARNING : BallController : Playfields still contain balls. Waiting for those to drain.
2026-03-01 15:43:56,787 : INFO : BallController : Found 1 ball(s) on playfield.
2026-03-01 15:43:56,787 : WARNING : BallController : Playfields still contain balls. Waiting for those to drain.
2026-03-01 15:43:57,788 : INFO : BallController : Found 1 ball(s) on playfield.
2026-03-01 15:43:57,788 : WARNING : BallController : Playfields still contain balls. Waiting for those to drain.
2026-03-01 15:43:58,789 : INFO : BallController : Found 1 ball(s) on playfield.
2026-03-01 15:43:58,790 : WARNING : BallController : Playfields still contain balls. Waiting for those to drain.
2026-03-01 15:43:59,790 : INFO : BallController : Found 1 ball(s) on playfield.
2026-03-01 15:43:59,791 : WARNING : BallController : Playfields still contain balls. Waiting for those to drain.
2026-03-01 15:44:00,792 : INFO : BallController : Found 1 ball(s) on playfield.
2026-03-01 15:44:00,792 : WARNING : BallController : Playfields still contain balls. Waiting for those to drain.
2026-03-01 15:44:01,793 : INFO : BallController : Found 1 ball(s) on playfield.
2026-03-01 15:44:01,793 : WARNING : BallController : Playfields still contain balls. Waiting for those to drain.
2026-03-01 15:44:02,795 : INFO : BallController : Found 1 ball(s) on playfield.
2026-03-01 15:44:02,795 : WARNING : BallController : Playfields still contain balls. Waiting for those to drain.
2026-03-01 15:44:03,796 : INFO : BallController : Found 1 ball(s) on playfield.
2026-03-01 15:44:03,796 : WARNING : BallController : Playfields still contain balls. Waiting for those to drain.
2026-03-01 15:44:04,797 : INFO : BallController : Found 1 ball(s) on playfield.
2026-03-01 15:44:04,797 : WARNING : BallController : Playfields still contain balls. Waiting for those to drain.
2026-03-01 15:44:05,797 : INFO : BallController : Found 1 ball(s) on playfield.
2026-03-01 15:44:05,797 : WARNING : BallController : Playfields still contain balls. Waiting for those to drain.
2026-03-01 15:44:06,798 : INFO : BallController : Found 1 ball(s) on playfield.
2026-03-01 15:44:06,798 : WARNING : BallController : Playfields still contain balls. Waiting for those to drain.
2026-03-01 15:44:07,798 : INFO : BallController : Found 1 ball(s) on playfield.
2026-03-01 15:44:07,799 : WARNING : BallController : Playfields still contain balls. Waiting for those to drain.
2026-03-01 15:44:08,800 : INFO : BallController : Found 1 ball(s) on playfield.
2026-03-01 15:44:08,800 : WARNING : BallController : Playfields still contain balls. Waiting for those to drain.
2026-03-01 15:44:09,800 : INFO : BallController : Found 1 ball(s) on playfield.
2026-03-01 15:44:09,801 : WARNING : BallController : Playfields still contain balls. Waiting for those to drain.
2026-03-01 15:44:10,801 : INFO : BallController : Found 1 ball(s) on playfield.
2026-03-01 15:44:10,802 : WARNING : BallController : Playfields still contain balls. Waiting for those to drain.
2026-03-01 15:44:11,803 : INFO : BallController : Found 1 ball(s) on playfield.
2026-03-01 15:44:11,803 : WARNING : BallController : Playfields still contain balls. Waiting for those to drain.
2026-03-01 15:44:12,804 : INFO : BallController : Found 1 ball(s) on playfield.
2026-03-01 15:44:12,804 : WARNING : BallController : Playfields still contain balls. Waiting for those to drain.
2026-03-01 15:44:13,804 : INFO : BallController : Found 1 ball(s) on playfield.
2026-03-01 15:44:13,804 : WARNING : BallController : Playfields still contain balls. Waiting for those to drain.
2026-03-01 15:44:14,806 : INFO : BallController : Found 1 ball(s) on playfield.
2026-03-01 15:44:14,806 : WARNING : BallController : Playfields still contain balls. Waiting for those to drain.
2026-03-01 15:44:15,806 : INFO : BallController : Found 1 ball(s) on playfield.
2026-03-01 15:44:15,806 : WARNING : BallController : Playfields still contain balls. Waiting for those to drain.
2026-03-01 15:44:16,808 : INFO : BallController : Found 1 ball(s) on playfield.
2026-03-01 15:44:16,808 : WARNING : BallController : Playfields still contain balls. Waiting for those to drain.
2026-03-01 15:44:17,808 : INFO : BallController : Found 1 ball(s) on playfield.
2026-03-01 15:44:17,808 : WARNING : BallController : Playfields still contain balls. Waiting for those to drain.
2026-03-01 15:44:18,808 : INFO : BallController : Found 1 ball(s) on playfield.
2026-03-01 15:44:18,809 : WARNING : BallController : Playfields still contain balls. Waiting for those to drain.
2026-03-01 15:44:19,809 : INFO : BallController : Found 1 ball(s) on playfield.
2026-03-01 15:44:19,809 : WARNING : BallController : Playfields still contain balls. Waiting for those to drain.
2026-03-01 15:44:20,810 : INFO : BallController : Found 1 ball(s) on playfield.
2026-03-01 15:44:20,810 : WARNING : BallController : Playfields still contain balls. Waiting for those to drain.
2026-03-01 15:44:21,810 : INFO : BallController : Found 1 ball(s) on playfield.
2026-03-01 15:44:21,810 : WARNING : BallController : Playfields still contain balls. Waiting for those to drain.
2026-03-01 15:44:22,811 : INFO : BallController : Found 1 ball(s) on playfield.
2026-03-01 15:44:22,811 : WARNING : BallController : Playfields still contain balls. Waiting for those to drain.
2026-03-01 15:44:23,811 : INFO : BallController : Found 1 ball(s) on playfield.
2026-03-01 15:44:23,812 : WARNING : BallController : Playfields still contain balls. Waiting for those to drain.
2026-03-01 15:44:24,352 : INFO : Machine : Shutting down...
2026-03-01 15:44:24,352 : INFO : EventManager : Event: ======'shutdown'====== Args={}
2026-03-01 15:44:24,395 : INFO : EventManager : Event: ======'mode_game_will_stop'====== Args={}
2026-03-01 15:44:24,395 : INFO : EventManager : Event: ======'mode_game_stopping'====== Args={}
2026-03-01 15:44:24,395 : INFO : Mode.game : Stopped.
2026-03-01 15:44:24,395 : INFO : EventManager : Event: ======'modes_active_modes_changed'====== Args={}
2026-03-01 15:44:24,395 : INFO : EventManager : Event: ======'mode_game_stopped'====== Args={}
2026-03-01 15:44:24,395 : INFO : EventManager : Event: ======'clear'====== Args={'key': 'game'}
2026-03-01 15:44:24,502 : INFO : root : MPF run loop ended.
