2026-03-01 18:53:24,786 : INFO : root : Loading config.
2026-03-01 18:53:24,787 : INFO : YamlMultifileConfigLoader : Machine config file #1: config.yaml
2026-03-01 18:53:24,787 : WARNING : ConfigProcessor : Config file in cache changed: /Users/andre/NapoleonDynamite/config/config.yaml
2026-03-01 18:53:24,787 : INFO : ConfigProcessor : Loading config from file /Users/andre/mpf/lib/python3.13/site-packages/mpf/mpfconfig.yaml.
2026-03-01 18:53:24,806 : INFO : ConfigProcessor : Loading config: /Users/andre/mpf/lib/python3.13/site-packages/mpf/mpfconfig.yaml
2026-03-01 18:53:24,806 : INFO : ConfigProcessor : Loading config from file /Users/andre/NapoleonDynamite/config/config.yaml.
2026-03-01 18:53:24,809 : INFO : ConfigProcessor : Loading config: /Users/andre/NapoleonDynamite/config/config.yaml
2026-03-01 18:53:24,810 : INFO : ConfigProcessor : Loading config: /Users/andre/NapoleonDynamite/config/config_ball_devices.yaml
2026-03-01 18:53:24,812 : INFO : ConfigProcessor : Loading config: /Users/andre/NapoleonDynamite/config/config_coils.yaml
2026-03-01 18:53:24,814 : INFO : ConfigProcessor : Loading config: /Users/andre/NapoleonDynamite/config/config_switches.yaml
2026-03-01 18:53:24,815 : INFO : ConfigProcessor : Config file cache created: /var/folders/np/pd6clpgx1xs_0sdwz71m1gyh0000gn/T/be743be5f71a26736512bc9b8989a341.mpf_cache
2026-03-01 18:53:24,841 : INFO : ConfigProcessor : Loading config from cache: /var/folders/np/pd6clpgx1xs_0sdwz71m1gyh0000gn/T/84cf549c59d2d394dc6f5889ffe6a1f1.mpf_cache
2026-03-01 18:53:24,842 : INFO : ConfigProcessor : Loading config from cache: /var/folders/np/pd6clpgx1xs_0sdwz71m1gyh0000gn/T/a5f85595fa0cbfb236c892eef8a78354.mpf_cache
2026-03-01 18:53:24,842 : INFO : ConfigProcessor : Loading config from cache: /var/folders/np/pd6clpgx1xs_0sdwz71m1gyh0000gn/T/84cf549c59d2d394dc6f5889ffe6a1f1.mpf_cache
2026-03-01 18:53:24,842 : INFO : ConfigProcessor : Loading config from cache: /var/folders/np/pd6clpgx1xs_0sdwz71m1gyh0000gn/T/128730e328aaa296072fe140e2e7dc9c.mpf_cache
2026-03-01 18:53:24,842 : INFO : Machine : Mission Pinball Framework Core Engine v0.80.0.dev13
2026-03-01 18:53:24,842 : INFO : Machine : Command line arguments: {'no_load_cache': False, 'create_config_cache': True, 'bcp': True, 'configfile': ['config.yaml'], 'force_assets_load': False, 'platform_integration_test': False, 'jsonlogging': False, 'logfile': 'logs/2026-03-01-18-53-24-mpf-ANDREs-MacBook-Pro-2.local.log', 'pause': False, 'production': False, 'text_ui': True, 'loglevel': 15, 'consoleloglevel': 20, 'force_platform': 'virtual', 'syslog_address': None, 'full_logfile_path': '/Users/andre/NapoleonDynamite/logs/2026-03-01-18-53-24-mpf-ANDREs-MacBook-Pro-2.local.log'}
2026-03-01 18:53:24,842 : INFO : Machine : MPF path: /Users/andre/mpf/lib/python3.13/site-packages/mpf
2026-03-01 18:53:24,842 : INFO : Machine : Machine path: /Users/andre/NapoleonDynamite
2026-03-01 18:53:24,842 : INFO : Machine : Platform: darwin
2026-03-01 18:53:24,842 : INFO : Machine : Python executable location: /Users/andre/mpf/bin/python3.13
2026-03-01 18:53:24,842 : INFO : Machine : Python version: 3.13.12 (64-bit)
2026-03-01 18:53:24,843 : INFO : Machine : Initializing MPF...
2026-03-01 18:53:24,879 : INFO : EventManager : Event: ======'machine_var_credits_string'====== Args={'value': 'FREE PLAY', 'prev_value': None, 'change': True}
2026-03-01 18:53:24,884 : INFO : EventManager : Event: ======'machine_var_master_volume'====== Args={'value': 0.5, 'prev_value': None, 'change': True}
2026-03-01 18:53:24,884 : INFO : EventManager : Event: ======'machine_var_mpf_version'====== Args={'value': 'Mission Pinball Framework v0.80.0.dev13', 'prev_value': None, 'change': True}
2026-03-01 18:53:24,884 : INFO : EventManager : Event: ======'machine_var_mpf_extended_version'====== Args={'value': 'Mission Pinball Framework v0.80.0.dev13, Config version:6, Show version: 6, BCP version:1.1', 'prev_value': None, 'change': True}
2026-03-01 18:53:24,884 : INFO : EventManager : Event: ======'machine_var_python_version'====== Args={'value': '3.13.12', 'prev_value': None, 'change': True}
2026-03-01 18:53:24,892 : INFO : EventManager : Event: ======'machine_var_platform'====== Args={'value': 'macOS-26.3-arm64-arm-64bit-Mach-O', 'prev_value': None, 'change': True}
2026-03-01 18:53:24,892 : INFO : EventManager : Event: ======'machine_var_platform_system'====== Args={'value': 'Darwin', 'prev_value': None, 'change': True}
2026-03-01 18:53:24,893 : INFO : EventManager : Event: ======'machine_var_platform_release'====== Args={'value': '25.3.0', 'prev_value': None, 'change': True}
2026-03-01 18:53:24,893 : INFO : EventManager : Event: ======'machine_var_platform_version'====== Args={'value': 'Darwin Kernel Version 25.3.0: Wed Jan 28 20:53:05 PST 2026; root:xnu-12377.81.4~5/RELEASE_ARM64_T6020', 'prev_value': None, 'change': True}
2026-03-01 18:53:24,893 : INFO : EventManager : Event: ======'machine_var_platform_machine'====== Args={'value': 'arm64', 'prev_value': None, 'change': True}
2026-03-01 18:53:24,893 : INFO : EventManager : Event: ======'machine_var_log_file_path'====== Args={'value': '/Users/andre/NapoleonDynamite/logs/2026-03-01-18-53-24-mpf-ANDREs-MacBook-Pro-2.local.log', 'prev_value': None, 'change': True}
2026-03-01 18:53:24,893 : INFO : EventManager : Event: ======'init_phase_1'====== Args={}
2026-03-01 18:53:24,899 : INFO : EventManager : Event: ======'init_phase_2'====== Args={}
2026-03-01 18:53:24,899 : INFO : SwitchController : Found active switch: ('3208_middle-0', <Platform.Virtual>) <switch.s_trough_1>
2026-03-01 18:53:24,899 : INFO : SwitchController : Found active switch: ('3208_middle-1', <Platform.Virtual>) <switch.s_trough_2>
2026-03-01 18:53:24,899 : INFO : SwitchController : Found active switch: ('3208_middle-2', <Platform.Virtual>) <switch.s_trough_3>
2026-03-01 18:53:24,899 : INFO : SwitchController : Found active switch: ('3208_middle-3', <Platform.Virtual>) <switch.s_trough_4>
2026-03-01 18:53:24,899 : INFO : SwitchController : Found active switch: ('3208_middle-4', <Platform.Virtual>) <switch.s_trough_5>
2026-03-01 18:53:24,899 : INFO : SwitchController : Found active switch: ('3208_middle-5', <Platform.Virtual>) <switch.s_trough_6>
2026-03-01 18:53:24,899 : INFO : SwitchController : Found active switch: ('3208_middle-6', <Platform.Virtual>) <switch.s_trough_7>
2026-03-01 18:53:24,900 : INFO : EventManager : Event: ======'bcp_connection_attempt'====== Args={'name': 'local_display', 'host': 'localhost', 'port': 5050}
2026-03-01 18:53:24,901 : INFO : BCPClientSocket : Connecting BCP to 'local_display' at localhost:5050...
2026-03-01 18:53:24,904 : INFO : BCPClientSocket : Connected BCP to 'local_display' localhost:5050
2026-03-01 18:53:24,904 : INFO : EventManager : Event: ======'bcp_clients_connected'====== Args={}
2026-03-01 18:53:24,905 : INFO : ball_device.bd_trough : BCH: Initial count: 7
2026-03-01 18:53:24,905 : INFO : ball_device.bd_trough : State: idle
2026-03-01 18:53:24,905 : INFO : ball_device.bd_plunger : BCH: Initial count: 0
2026-03-01 18:53:24,905 : INFO : ball_device.bd_plunger : State: idle
2026-03-01 18:53:24,910 : INFO : EventManager : Event: ======'init_phase_3'====== Args={}
2026-03-01 18:53:24,914 : INFO : EventManager : Event: ======'init_phase_4'====== Args={}
2026-03-01 18:53:24,914 : INFO : BallController : Initial balls found: 7
2026-03-01 18:53:24,915 : INFO : EventManager : Event: ======'machine_var_audits_events_game_ended'====== Args={'value': 0, 'prev_value': None, 'change': True}
2026-03-01 18:53:24,915 : INFO : EventManager : Event: ======'machine_var_audits_events_game_started'====== Args={'value': 30, 'prev_value': None, 'change': True}
2026-03-01 18:53:24,915 : INFO : EventManager : Event: ======'machine_var_audits_missing_switches_s_bumper_lower'====== Args={'value': 21, 'prev_value': None, 'change': True}
2026-03-01 18:53:24,915 : INFO : EventManager : Event: ======'machine_var_audits_missing_switches_s_bumper_upper'====== Args={'value': 22, 'prev_value': None, 'change': True}
2026-03-01 18:53:24,915 : INFO : EventManager : Event: ======'machine_var_audits_missing_switches_s_flipper_left_eos'====== Args={'value': 4, 'prev_value': None, 'change': True}
2026-03-01 18:53:24,915 : INFO : EventManager : Event: ======'machine_var_audits_missing_switches_s_flipper_right_lower_eos'====== Args={'value': 12, 'prev_value': None, 'change': True}
2026-03-01 18:53:24,915 : INFO : EventManager : Event: ======'machine_var_audits_missing_switches_s_flipper_right_upper_eos'====== Args={'value': 16, 'prev_value': None, 'change': True}
2026-03-01 18:53:24,915 : INFO : EventManager : Event: ======'machine_var_audits_missing_switches_s_inlane_left'====== Args={'value': 21, 'prev_value': None, 'change': True}
2026-03-01 18:53:24,915 : INFO : EventManager : Event: ======'machine_var_audits_missing_switches_s_inlane_right_1'====== Args={'value': 3, 'prev_value': None, 'change': True}
2026-03-01 18:53:24,915 : INFO : EventManager : Event: ======'machine_var_audits_missing_switches_s_inlane_right_2'====== Args={'value': 21, 'prev_value': None, 'change': True}
2026-03-01 18:53:24,915 : INFO : EventManager : Event: ======'machine_var_audits_missing_switches_s_scoop_tina'====== Args={'value': 3, 'prev_value': None, 'change': True}
2026-03-01 18:53:24,915 : INFO : EventManager : Event: ======'machine_var_audits_missing_switches_s_sling_left'====== Args={'value': 3, 'prev_value': None, 'change': True}
2026-03-01 18:53:24,915 : INFO : EventManager : Event: ======'machine_var_audits_missing_switches_s_sling_right'====== Args={'value': 3, 'prev_value': None, 'change': True}
2026-03-01 18:53:24,915 : INFO : EventManager : Event: ======'machine_var_audits_missing_switches_s_start'====== Args={'value': 2, 'prev_value': None, 'change': True}
2026-03-01 18:53:24,915 : INFO : EventManager : Event: ======'machine_var_audits_player_score'====== Args={'value': {'average': 0, 'top': [], 'total': 0}, 'prev_value': None, 'change': True}
2026-03-01 18:53:24,915 : INFO : EventManager : Event: ======'machine_var_audits_shots_bumper_lower'====== Args={'value': 76, 'prev_value': None, 'change': True}
2026-03-01 18:53:24,915 : INFO : EventManager : Event: ======'machine_var_audits_shots_bumper_upper'====== Args={'value': 81, 'prev_value': None, 'change': True}
2026-03-01 18:53:24,915 : INFO : EventManager : Event: ======'machine_var_audits_shots_hurryup'====== Args={'value': 3, 'prev_value': None, 'change': True}
2026-03-01 18:53:24,915 : INFO : EventManager : Event: ======'machine_var_audits_shots_inlane_left'====== Args={'value': 17, 'prev_value': None, 'change': True}
2026-03-01 18:53:24,915 : INFO : EventManager : Event: ======'machine_var_audits_shots_left_lane'====== Args={'value': 8, 'prev_value': None, 'change': True}
2026-03-01 18:53:24,915 : INFO : EventManager : Event: ======'machine_var_audits_switches_s_bumper_lower'====== Args={'value': 76, 'prev_value': None, 'change': True}
2026-03-01 18:53:24,915 : INFO : EventManager : Event: ======'machine_var_audits_switches_s_bumper_upper'====== Args={'value': 81, 'prev_value': None, 'change': True}
2026-03-01 18:53:24,915 : INFO : EventManager : Event: ======'machine_var_audits_switches_s_flipper_left'====== Args={'value': 437, 'prev_value': None, 'change': True}
2026-03-01 18:53:24,915 : INFO : EventManager : Event: ======'machine_var_audits_switches_s_flipper_left_eos'====== Args={'value': 181, 'prev_value': None, 'change': True}
2026-03-01 18:53:24,915 : INFO : EventManager : Event: ======'machine_var_audits_switches_s_flipper_right_lower'====== Args={'value': 448, 'prev_value': None, 'change': True}
2026-03-01 18:53:24,915 : INFO : EventManager : Event: ======'machine_var_audits_switches_s_flipper_right_lower_eos'====== Args={'value': 161, 'prev_value': None, 'change': True}
2026-03-01 18:53:24,915 : INFO : EventManager : Event: ======'machine_var_audits_switches_s_flipper_right_upper'====== Args={'value': 464, 'prev_value': None, 'change': True}
2026-03-01 18:53:24,915 : INFO : EventManager : Event: ======'machine_var_audits_switches_s_flipper_right_upper_eos'====== Args={'value': 43, 'prev_value': None, 'change': True}
2026-03-01 18:53:24,915 : INFO : EventManager : Event: ======'machine_var_audits_switches_s_inlane_left'====== Args={'value': 27, 'prev_value': None, 'change': True}
2026-03-01 18:53:24,915 : INFO : EventManager : Event: ======'machine_var_audits_switches_s_inlane_right_1'====== Args={'value': 18, 'prev_value': None, 'change': True}
2026-03-01 18:53:24,915 : INFO : EventManager : Event: ======'machine_var_audits_switches_s_inlane_right_2'====== Args={'value': 3, 'prev_value': None, 'change': True}
2026-03-01 18:53:24,915 : INFO : EventManager : Event: ======'machine_var_audits_switches_s_plunger'====== Args={'value': 12, 'prev_value': None, 'change': True}
2026-03-01 18:53:24,915 : INFO : EventManager : Event: ======'machine_var_audits_switches_s_plunger_lane'====== Args={'value': 29, 'prev_value': None, 'change': True}
2026-03-01 18:53:24,915 : INFO : EventManager : Event: ======'machine_var_audits_switches_s_scoop_tina'====== Args={'value': 11, 'prev_value': None, 'change': True}
2026-03-01 18:53:24,915 : INFO : EventManager : Event: ======'machine_var_audits_switches_s_sling_left'====== Args={'value': 193, 'prev_value': None, 'change': True}
2026-03-01 18:53:24,915 : INFO : EventManager : Event: ======'machine_var_audits_switches_s_sling_right'====== Args={'value': 30, 'prev_value': None, 'change': True}
2026-03-01 18:53:24,915 : INFO : EventManager : Event: ======'machine_var_audits_switches_s_start'====== Args={'value': 31, 'prev_value': None, 'change': True}
2026-03-01 18:53:24,915 : INFO : EventManager : Event: ======'machine_var_audits_switches_s_trough_1'====== Args={'value': 127, 'prev_value': None, 'change': True}
2026-03-01 18:53:24,915 : INFO : EventManager : Event: ======'machine_var_audits_switches_s_trough_2'====== Args={'value': 115, 'prev_value': None, 'change': True}
2026-03-01 18:53:24,915 : INFO : EventManager : Event: ======'machine_var_audits_switches_s_trough_3'====== Args={'value': 141, 'prev_value': None, 'change': True}
2026-03-01 18:53:24,915 : INFO : EventManager : Event: ======'machine_var_audits_switches_s_trough_4'====== Args={'value': 196, 'prev_value': None, 'change': True}
2026-03-01 18:53:24,915 : INFO : EventManager : Event: ======'machine_var_audits_switches_s_trough_5'====== Args={'value': 214, 'prev_value': None, 'change': True}
2026-03-01 18:53:24,915 : INFO : EventManager : Event: ======'machine_var_audits_switches_s_trough_6'====== Args={'value': 210, 'prev_value': None, 'change': True}
2026-03-01 18:53:24,915 : INFO : EventManager : Event: ======'machine_var_audits_switches_s_trough_7'====== Args={'value': 174, 'prev_value': None, 'change': True}
2026-03-01 18:53:24,915 : INFO : EventManager : Event: ======'init_phase_5'====== Args={}
2026-03-01 18:53:24,916 : INFO : ball_device.bd_trough : BCH: Count is unstable. Trying to reorder balls.
2026-03-01 18:53:24,916 : WARNING : ball_device.bd_trough : Cannot reorder device because eject_coil_reorder_pulse is not configured
2026-03-01 18:53:24,916 : INFO : ball_device.bd_trough : BCH: Repulse done. Waiting for balls to settle.
2026-03-01 18:53:24,916 : INFO : ball_device.bd_trough : BCH: Reordered count: 7
2026-03-01 18:53:24,916 : INFO : EventManager : Event: ======'init_done'====== Args={}
2026-03-01 18:53:24,916 : INFO : EventManager : Event: ======'machine_reset_phase_1'====== Args={}
2026-03-01 18:53:24,942 : INFO : EventManager : Event: ======'machine_reset_phase_2'====== Args={}
2026-03-01 18:53:24,942 : INFO : EventManager : Event: ======'machine_reset_phase_3'====== Args={}
2026-03-01 18:53:24,942 : INFO : EventManager : Event: ======'reset_complete'====== Args={}
2026-03-01 18:53:24,942 : INFO : EventManager : Event: ======'mode_attract_will_start'====== Args={}
2026-03-01 18:53:24,943 : INFO : Timer.attract_carousel_timer : Starting Timer.
2026-03-01 18:53:24,943 : INFO : EventManager : Event: ======'timer_attract_carousel_timer_started'====== Args={'ticks': 0, 'ticks_remaining': 1}
2026-03-01 18:53:24,943 : INFO : EventManager : Event: ======'timer_attract_carousel_timer_tick'====== Args={'ticks': 0, 'ticks_remaining': 1}
2026-03-01 18:53:24,943 : INFO : EventManager : Event: ======'mode_attract_starting'====== Args={}
2026-03-01 18:53:24,943 : INFO : Mode.attract : Started. Priority: 10
2026-03-01 18:53:24,943 : INFO : EventManager : Event: ======'modes_active_modes_changed'====== Args={}
2026-03-01 18:53:24,943 : INFO : EventManager : Event: ======'mode_attract_started'====== Args={}
2026-03-01 18:53:24,943 : INFO : EventManager : Event: ======'collecting_balls_complete'====== Args={}
2026-03-01 18:53:24,944 : INFO : EventManager : Event: ======'carousel_item_highlighted'====== Args={'carousel': 'attract', 'direction': None, 'item': 'title'}
2026-03-01 18:53:24,944 : INFO : EventManager : Event: ======'timer_attract_carousel_timer_tick'====== Args={'ticks': 0, 'ticks_remaining': 1}
2026-03-01 18:53:24,944 : INFO : Machine : Starting the main run loop with active modes: [<Mode.attract>]
2026-03-01 18:53:25,078 : INFO : EventManager : Event: ======'slide_attract_created'====== Args={'_from_bcp': True}
2026-03-01 18:53:25,078 : INFO : EventManager : Event: ======'slide__removed'====== Args={'_from_bcp': True}
2026-03-01 18:53:25,078 : INFO : EventManager : Event: ======'slide_attract_active'====== Args={'original_context': 'attract', 'original_calling_context': 'mode_attract_started', 'priority': 10.0, 'cmd': 'slides_play', '_from_bcp': True}
2026-03-01 18:53:27,351 : INFO : SwitchController : <<<<<<< 's_flipper_right_lower' active >>>>>>>
2026-03-01 18:53:27,351 : INFO : EventManager : Event: ======'s_flipper_right_lower_active'====== Args={}
2026-03-01 18:53:27,352 : INFO : EventManager : Event: ======'carousel_item_highlighted'====== Args={'carousel': 'attract', 'direction': 'forwards', 'item': 'credits'}
2026-03-01 18:53:27,352 : INFO : EventManager : Event: ======'timer_attract_carousel_timer_tick'====== Args={'ticks': 0, 'ticks_remaining': 1}
2026-03-01 18:53:27,398 : INFO : SwitchController : <<<<<<< 's_flipper_right_lower' inactive >>>>>>>
2026-03-01 18:53:27,806 : INFO : SwitchController : <<<<<<< 's_flipper_left' active >>>>>>>
2026-03-01 18:53:27,806 : INFO : EventManager : Event: ======'s_flipper_left_active'====== Args={}
2026-03-01 18:53:27,806 : INFO : EventManager : Event: ======'carousel_item_highlighted'====== Args={'carousel': 'attract', 'direction': 'backwards', 'item': 'title'}
2026-03-01 18:53:27,807 : INFO : EventManager : Event: ======'timer_attract_carousel_timer_tick'====== Args={'ticks': 0, 'ticks_remaining': 1}
2026-03-01 18:53:27,956 : INFO : SwitchController : <<<<<<< 's_flipper_left' inactive >>>>>>>
2026-03-01 18:53:28,156 : INFO : SwitchController : <<<<<<< 's_flipper_right_lower' active >>>>>>>
2026-03-01 18:53:28,156 : INFO : EventManager : Event: ======'s_flipper_right_lower_active'====== Args={}
2026-03-01 18:53:28,157 : INFO : EventManager : Event: ======'carousel_item_highlighted'====== Args={'carousel': 'attract', 'direction': 'forwards', 'item': 'credits'}
2026-03-01 18:53:28,157 : INFO : EventManager : Event: ======'timer_attract_carousel_timer_tick'====== Args={'ticks': 0, 'ticks_remaining': 1}
2026-03-01 18:53:28,340 : INFO : SwitchController : <<<<<<< 's_flipper_right_lower' inactive >>>>>>>
2026-03-01 18:53:28,523 : INFO : SwitchController : <<<<<<< 's_flipper_left' active >>>>>>>
2026-03-01 18:53:28,523 : INFO : EventManager : Event: ======'s_flipper_left_active'====== Args={}
2026-03-01 18:53:28,524 : INFO : EventManager : Event: ======'carousel_item_highlighted'====== Args={'carousel': 'attract', 'direction': 'backwards', 'item': 'title'}
2026-03-01 18:53:28,524 : INFO : EventManager : Event: ======'timer_attract_carousel_timer_tick'====== Args={'ticks': 0, 'ticks_remaining': 1}
2026-03-01 18:53:28,689 : INFO : SwitchController : <<<<<<< 's_flipper_left' inactive >>>>>>>
2026-03-01 18:53:28,866 : INFO : SwitchController : <<<<<<< 's_flipper_right_lower' active >>>>>>>
2026-03-01 18:53:28,866 : INFO : EventManager : Event: ======'s_flipper_right_lower_active'====== Args={}
2026-03-01 18:53:28,867 : INFO : EventManager : Event: ======'carousel_item_highlighted'====== Args={'carousel': 'attract', 'direction': 'forwards', 'item': 'credits'}
2026-03-01 18:53:28,867 : INFO : EventManager : Event: ======'timer_attract_carousel_timer_tick'====== Args={'ticks': 0, 'ticks_remaining': 1}
2026-03-01 18:53:29,014 : INFO : SwitchController : <<<<<<< 's_flipper_right_lower' inactive >>>>>>>
2026-03-01 18:53:29,915 : INFO : SwitchController : <<<<<<< 's_start' active >>>>>>>
2026-03-01 18:53:30,091 : INFO : SwitchController : <<<<<<< 's_start' inactive >>>>>>>
2026-03-01 18:53:30,091 : INFO : EventManager : Event: ======'request_to_start_game'====== Args={}
2026-03-01 18:53:30,092 : INFO : EventManager : Event: ======'game_start'====== Args={'buttons': [], 'hold_time': 0.1759191660094075}
2026-03-01 18:53:30,092 : INFO : EventManager : Event: ======'mode_game_will_start'====== Args={'buttons': [], 'hold_time': 0.1759191660094075}
2026-03-01 18:53:30,093 : INFO : EventManager : Event: ======'mode_game_starting'====== Args={'buttons': [], 'hold_time': 0.1759191660094075}
2026-03-01 18:53:30,093 : INFO : EventManager : Event: ======'mode_attract_will_stop'====== Args={}
2026-03-01 18:53:30,093 : INFO : EventManager : Event: ======'mode_attract_stopping'====== Args={}
2026-03-01 18:53:30,093 : INFO : Mode.attract : Stopped.
2026-03-01 18:53:30,093 : INFO : EventManager : Event: ======'modes_active_modes_changed'====== Args={}
2026-03-01 18:53:30,093 : INFO : EventManager : Event: ======'mode_attract_stopped'====== Args={}
2026-03-01 18:53:30,093 : INFO : EventManager : Event: ======'clear'====== Args={'key': 'attract'}
2026-03-01 18:53:30,094 : INFO : Timer.attract_carousel_timer : Stopping Timer
2026-03-01 18:53:30,094 : INFO : EventManager : Event: ======'timer_attract_carousel_timer_stopped'====== Args={'ticks': 0, 'ticks_remaining': 1}
2026-03-01 18:53:30,094 : INFO : Mode.game : Started. Priority: 20
2026-03-01 18:53:30,094 : INFO : EventManager : Event: ======'modes_active_modes_changed'====== Args={}
2026-03-01 18:53:30,094 : INFO : EventManager : Event: ======'mode_game_started'====== Args={'buttons': [], 'hold_time': 0.1759191660094075}
2026-03-01 18:53:30,095 : INFO : EventManager : Event: ======'game_will_start'====== Args={}
2026-03-01 18:53:30,095 : INFO : EventManager : Event: ======'game_starting'====== Args={'game': <Mode.game>}
2026-03-01 18:53:30,095 : INFO : EventManager : Unordered handler for class <Auditor> on event game_ended with priority 1. Handlers: [RegisteredHandler(callback=<bound method Auditor.disable of <Auditor>>, priority=1, kwargs={}, key=UUID('7b9cecb7-468d-4a86-af07-b1529ce233b5'), condition=None, blocking_facility=None), RegisteredHandler(callback=<bound method Auditor._save_audits of <Auditor>>, priority=1, kwargs={}, key=UUID('a2ac8fef-f4e1-4281-ad30-45a33a8abbad'), condition=None, blocking_facility=None)]. The order of those handlers is not defined and they will be executed in random order. This might lead to race conditions and potential bugs.
2026-03-01 18:53:30,095 : INFO : EventManager : Event: ======'player_add_request'====== Args={}
2026-03-01 18:53:30,096 : INFO : EventManager : Event: ======'player_will_add'====== Args={'number': 1}
2026-03-01 18:53:30,096 : INFO : EventManager : Event: ======'player_adding'====== Args={'player': <Player 1>, 'number': 1}
2026-03-01 18:53:30,096 : INFO : EventManager : Event: ======'player_added'====== Args={'player': <Player 1>, 'num': 1}
2026-03-01 18:53:30,096 : INFO : Mode.game : Player added successfully. Total players: 1
2026-03-01 18:53:30,096 : INFO : EventManager : Event: ======'player_index'====== Args={'value': 0, 'prev_value': 0, 'change': 0, 'player_num': 1}
2026-03-01 18:53:30,096 : INFO : EventManager : Event: ======'player_number'====== Args={'value': 1, 'prev_value': 1, 'change': 0, 'player_num': 1}
2026-03-01 18:53:30,096 : INFO : EventManager : Event: ======'player_score'====== Args={'value': 0, 'prev_value': 0, 'change': 0, 'player_num': 1}
2026-03-01 18:53:30,097 : INFO : EventManager : Event: ======'game_started'====== Args={}
2026-03-01 18:53:30,098 : INFO : EventManager : Event: ======'player_turn_will_start'====== Args={'player': <Player 1>, 'number': 1}
2026-03-01 18:53:30,098 : INFO : EventManager : Event: ======'player_turn_starting'====== Args={'player': <Player 1>, 'number': 1}
2026-03-01 18:53:30,098 : INFO : EventManager : Event: ======'player_ball'====== Args={'value': 1, 'prev_value': 0, 'change': 1, 'player_num': 1}
2026-03-01 18:53:30,099 : INFO : EventManager : Event: ======'player_turn_started'====== Args={'player': <Player 1>, 'number': 1}
2026-03-01 18:53:30,113 : INFO : EventManager : Event: ======'ball_will_start'====== Args={'player': 1, 'ball': 1, 'balls_remaining': 2, 'is_extra_ball': False}
2026-03-01 18:53:30,113 : INFO : EventManager : Event: ======'ball_starting'====== Args={'player': 1, 'ball': 1, 'balls_remaining': 2, 'is_extra_ball': False}
2026-03-01 18:53:30,114 : INFO : EventManager : Event: ======'mode_base_will_start'====== Args={'queue': <QueuedEvent>, 'player': 1, 'ball': 1, 'balls_remaining': 2, 'is_extra_ball': False}
2026-03-01 18:53:30,115 : INFO : EventManager : Event: ======'player_shot_left_lane_enabled'====== Args={'value': True, 'prev_value': 0, 'change': 1, 'player_num': 1}
2026-03-01 18:53:30,116 : INFO : EventManager : Event: ======'mode_base_starting'====== Args={'queue': <QueuedEvent>, 'player': 1, 'ball': 1, 'balls_remaining': 2, 'is_extra_ball': False}
2026-03-01 18:53:30,116 : INFO : Mode.base : Started. Priority: 100
2026-03-01 18:53:30,116 : INFO : EventManager : Event: ======'modes_active_modes_changed'====== Args={}
2026-03-01 18:53:30,116 : INFO : EventManager : Event: ======'mode_base_started'====== Args={'queue': <QueuedEvent>, 'player': 1, 'ball': 1, 'balls_remaining': 2, 'is_extra_ball': False}
2026-03-01 18:53:30,117 : INFO : EventManager : Event: ======'balls_in_play'====== Args={'balls': 1}
2026-03-01 18:53:30,117 : INFO : EventManager : Event: ======'ball_started'====== Args={'player': 1, 'ball': 1, 'balls_remaining': 2, 'is_extra_ball': False}
2026-03-01 18:53:30,118 : INFO : EventManager : Event: ======'single_player_ball_started'====== Args={}
2026-03-01 18:53:30,118 : INFO : EventManager : Event: ======'ball_start_target'====== Args={'target': 'playfield'}
2026-03-01 18:53:30,118 : INFO : ball_device.bd_plunger : Setting up player-controlled eject. Balls: 1, Target: <playfield.playfield>, player_controlled_eject_event: None
2026-03-01 18:53:30,118 : INFO : EventManager : Event: ======'balldevice_balls_available'====== Args={}
2026-03-01 18:53:30,119 : INFO : ball_device.bd_trough : State: waiting_for_target_ready
2026-03-01 18:53:30,119 : INFO : EventManager : Event: ======'balldevice_bd_trough_ball_eject_attempt'====== Args={'balls': 1, 'target': <ball_device.bd_plunger>, 'source': <ball_device.bd_trough>, 'mechanical_eject': True, 'num_attempts': 0}
2026-03-01 18:53:30,120 : INFO : ball_device.bd_plunger : State: waiting_for_ball
2026-03-01 18:53:30,120 : INFO : ball_device.bd_trough : State: ejecting
2026-03-01 18:53:30,120 : INFO : ball_device.bd_trough : Ejecting ball to <ball_device.bd_plunger>
2026-03-01 18:53:30,120 : INFO : EventManager : Event: ======'balldevice_bd_trough_ejecting_ball'====== Args={'balls': 1, 'target': <ball_device.bd_plunger>, 'source': <ball_device.bd_trough>, 'mechanical_eject': True, 'num_attempts': 0}
2026-03-01 18:53:30,121 : INFO : ball_device.bd_trough : Wait for ball to leave device
2026-03-01 18:53:30,122 : INFO : coil.c_trough_eject : Pulsing Driver for 15ms (1.0 pulse_power)
2026-03-01 18:53:30,135 : INFO : EventManager : Event: ======'slide_base_slide_created'====== Args={'_from_bcp': True}
2026-03-01 18:53:30,136 : INFO : EventManager : Event: ======'slide_attract_inactive'====== Args={'is_removing': True, '_from_bcp': True}
2026-03-01 18:53:30,136 : INFO : EventManager : Event: ======'slide_base_slide_active'====== Args={'original_context': 'base', 'original_calling_context': 'mode_base_started', 'priority': 100.0, 'queue': '<QueuedEvent>', 'player': 1.0, 'ball': 1.0, 'balls_remaining': 2.0, 'is_extra_ball': False, 'cmd': 'slides_play', '_from_bcp': True}
2026-03-01 18:53:30,136 : INFO : EventManager : Event: ======'slide_attract_removed'====== Args={'_from_bcp': True}
2026-03-01 18:53:33,124 : INFO : EventManager : Event: ======'balldevice_bd_trough_ball_eject_failed'====== Args={'target': <ball_device.bd_plunger>, 'balls': 1, 'retry': True, 'num_attempts': 1}
2026-03-01 18:53:33,126 : INFO : ball_device.bd_trough : State: waiting_for_target_ready
2026-03-01 18:53:33,126 : INFO : EventManager : Event: ======'balldevice_bd_trough_ball_eject_attempt'====== Args={'balls': 1, 'target': <ball_device.bd_plunger>, 'source': <ball_device.bd_trough>, 'mechanical_eject': True, 'num_attempts': 1}
2026-03-01 18:53:33,126 : INFO : ball_device.bd_trough : State: ejecting
2026-03-01 18:53:33,126 : INFO : ball_device.bd_trough : Ejecting ball to <ball_device.bd_plunger>
2026-03-01 18:53:33,126 : INFO : EventManager : Event: ======'balldevice_bd_trough_ejecting_ball'====== Args={'balls': 1, 'target': <ball_device.bd_plunger>, 'source': <ball_device.bd_trough>, 'mechanical_eject': True, 'num_attempts': 1}
2026-03-01 18:53:33,127 : INFO : ball_device.bd_trough : Wait for ball to leave device
2026-03-01 18:53:33,127 : INFO : coil.c_trough_eject : Pulsing Driver for 15ms (1.0 pulse_power)
2026-03-01 18:53:36,129 : INFO : EventManager : Event: ======'balldevice_bd_trough_ball_eject_failed'====== Args={'target': <ball_device.bd_plunger>, 'balls': 1, 'retry': True, 'num_attempts': 2}
2026-03-01 18:53:36,130 : INFO : ball_device.bd_trough : State: waiting_for_target_ready
2026-03-01 18:53:36,130 : INFO : EventManager : Event: ======'balldevice_bd_trough_ball_eject_attempt'====== Args={'balls': 1, 'target': <ball_device.bd_plunger>, 'source': <ball_device.bd_trough>, 'mechanical_eject': True, 'num_attempts': 2}
2026-03-01 18:53:36,130 : INFO : ball_device.bd_trough : State: ejecting
2026-03-01 18:53:36,130 : INFO : ball_device.bd_trough : Ejecting ball to <ball_device.bd_plunger>
2026-03-01 18:53:36,131 : INFO : EventManager : Event: ======'balldevice_bd_trough_ejecting_ball'====== Args={'balls': 1, 'target': <ball_device.bd_plunger>, 'source': <ball_device.bd_trough>, 'mechanical_eject': True, 'num_attempts': 2}
2026-03-01 18:53:36,131 : INFO : ball_device.bd_trough : Wait for ball to leave device
2026-03-01 18:53:36,132 : INFO : coil.c_trough_eject : Pulsing Driver for 15ms (1.0 pulse_power)
2026-03-01 18:53:39,133 : INFO : EventManager : Event: ======'balldevice_bd_trough_ball_eject_failed'====== Args={'target': <ball_device.bd_plunger>, 'balls': 1, 'retry': True, 'num_attempts': 3}
2026-03-01 18:53:39,134 : INFO : ball_device.bd_trough : State: waiting_for_target_ready
2026-03-01 18:53:39,134 : INFO : EventManager : Event: ======'balldevice_bd_trough_ball_eject_attempt'====== Args={'balls': 1, 'target': <ball_device.bd_plunger>, 'source': <ball_device.bd_trough>, 'mechanical_eject': True, 'num_attempts': 3}
2026-03-01 18:53:39,135 : INFO : ball_device.bd_trough : State: ejecting
2026-03-01 18:53:39,135 : INFO : ball_device.bd_trough : Ejecting ball to <ball_device.bd_plunger>
2026-03-01 18:53:39,135 : INFO : EventManager : Event: ======'balldevice_bd_trough_ejecting_ball'====== Args={'balls': 1, 'target': <ball_device.bd_plunger>, 'source': <ball_device.bd_trough>, 'mechanical_eject': True, 'num_attempts': 3}
2026-03-01 18:53:39,135 : INFO : ball_device.bd_trough : Wait for ball to leave device
2026-03-01 18:53:39,136 : INFO : coil.c_trough_eject : Pulsing Driver for 20ms (1.0 pulse_power)
2026-03-01 18:53:41,190 : INFO : SwitchController : <<<<<<< 's_sling_right' active >>>>>>>
2026-03-01 18:53:41,190 : INFO : EventManager : Event: ======'playfield_active'====== Args={'source': 'right_sling'}
2026-03-01 18:53:41,190 : INFO : EventManager : Event: ======'unexpected_ball_on_playfield'====== Args={}
2026-03-01 18:53:41,190 : INFO : EventManager : Event: ======'machine_var_audits_switches_s_sling_right'====== Args={'value': 31, 'prev_value': 30, 'change': 1}
2026-03-01 18:53:41,348 : INFO : SwitchController : <<<<<<< 's_sling_right' inactive >>>>>>>
2026-03-01 18:53:41,973 : INFO : SwitchController : <<<<<<< 's_sling_left' active >>>>>>>
2026-03-01 18:53:41,973 : INFO : EventManager : Event: ======'playfield_active'====== Args={'source': 'left_sling'}
2026-03-01 18:53:41,974 : INFO : EventManager : Event: ======'unexpected_ball_on_playfield'====== Args={}
2026-03-01 18:53:41,974 : INFO : EventManager : Event: ======'machine_var_audits_switches_s_sling_left'====== Args={'value': 194, 'prev_value': 193, 'change': 1}
2026-03-01 18:53:42,137 : INFO : EventManager : Event: ======'balldevice_bd_trough_ball_eject_failed'====== Args={'target': <ball_device.bd_plunger>, 'balls': 1, 'retry': True, 'num_attempts': 4}
2026-03-01 18:53:42,138 : INFO : ball_device.bd_trough : State: waiting_for_target_ready
2026-03-01 18:53:42,138 : INFO : EventManager : Event: ======'balldevice_bd_trough_ball_eject_attempt'====== Args={'balls': 1, 'target': <ball_device.bd_plunger>, 'source': <ball_device.bd_trough>, 'mechanical_eject': True, 'num_attempts': 4}
2026-03-01 18:53:42,139 : INFO : ball_device.bd_trough : State: ejecting
2026-03-01 18:53:42,139 : INFO : ball_device.bd_trough : Ejecting ball to <ball_device.bd_plunger>
2026-03-01 18:53:42,139 : INFO : EventManager : Event: ======'balldevice_bd_trough_ejecting_ball'====== Args={'balls': 1, 'target': <ball_device.bd_plunger>, 'source': <ball_device.bd_trough>, 'mechanical_eject': True, 'num_attempts': 4}
2026-03-01 18:53:42,139 : INFO : ball_device.bd_trough : Wait for ball to leave device
2026-03-01 18:53:42,140 : INFO : coil.c_trough_eject : Pulsing Driver for 20ms (1.0 pulse_power)
2026-03-01 18:53:42,140 : INFO : SwitchController : <<<<<<< 's_sling_left' inactive >>>>>>>
2026-03-01 18:53:42,548 : INFO : SwitchController : <<<<<<< 's_bumper_lower' active >>>>>>>
2026-03-01 18:53:42,549 : INFO : EventManager : Event: ======'machine_var_audits_switches_s_bumper_lower'====== Args={'value': 77, 'prev_value': 76, 'change': 1}
2026-03-01 18:53:42,756 : INFO : SwitchController : <<<<<<< 's_bumper_lower' inactive >>>>>>>
2026-03-01 18:53:43,290 : INFO : SwitchController : <<<<<<< 's_sling_right' active >>>>>>>
2026-03-01 18:53:43,290 : INFO : EventManager : Event: ======'playfield_active'====== Args={'source': 'right_sling'}
2026-03-01 18:53:43,290 : INFO : EventManager : Event: ======'unexpected_ball_on_playfield'====== Args={}
2026-03-01 18:53:43,290 : INFO : EventManager : Event: ======'machine_var_audits_switches_s_sling_right'====== Args={'value': 32, 'prev_value': 31, 'change': 1}
2026-03-01 18:53:43,489 : INFO : SwitchController : <<<<<<< 's_sling_right' inactive >>>>>>>
2026-03-01 18:53:43,781 : INFO : SwitchController : <<<<<<< 's_sling_left' active >>>>>>>
2026-03-01 18:53:43,782 : INFO : EventManager : Event: ======'playfield_active'====== Args={'source': 'left_sling'}
2026-03-01 18:53:43,782 : INFO : EventManager : Event: ======'unexpected_ball_on_playfield'====== Args={}
2026-03-01 18:53:43,782 : INFO : EventManager : Event: ======'machine_var_audits_switches_s_sling_left'====== Args={'value': 195, 'prev_value': 194, 'change': 1}
2026-03-01 18:53:43,981 : INFO : SwitchController : <<<<<<< 's_sling_left' inactive >>>>>>>
2026-03-01 18:53:44,340 : INFO : SwitchController : <<<<<<< 's_bumper_lower' active >>>>>>>
2026-03-01 18:53:44,340 : INFO : EventManager : Event: ======'machine_var_audits_switches_s_bumper_lower'====== Args={'value': 78, 'prev_value': 77, 'change': 1}
2026-03-01 18:53:44,490 : INFO : SwitchController : <<<<<<< 's_bumper_lower' inactive >>>>>>>
2026-03-01 18:53:45,021 : INFO : SwitchController : <<<<<<< 's_bumper_lower' active >>>>>>>
2026-03-01 18:53:45,022 : INFO : EventManager : Event: ======'machine_var_audits_switches_s_bumper_lower'====== Args={'value': 79, 'prev_value': 78, 'change': 1}
2026-03-01 18:53:45,141 : INFO : EventManager : Event: ======'balldevice_bd_trough_ball_eject_failed'====== Args={'target': <ball_device.bd_plunger>, 'balls': 1, 'retry': True, 'num_attempts': 5}
2026-03-01 18:53:45,142 : INFO : ball_device.bd_trough : State: waiting_for_target_ready
2026-03-01 18:53:45,142 : INFO : EventManager : Event: ======'balldevice_bd_trough_ball_eject_attempt'====== Args={'balls': 1, 'target': <ball_device.bd_plunger>, 'source': <ball_device.bd_trough>, 'mechanical_eject': True, 'num_attempts': 5}
2026-03-01 18:53:45,142 : INFO : ball_device.bd_trough : State: ejecting
2026-03-01 18:53:45,142 : INFO : ball_device.bd_trough : Ejecting ball to <ball_device.bd_plunger>
2026-03-01 18:53:45,142 : INFO : EventManager : Event: ======'balldevice_bd_trough_ejecting_ball'====== Args={'balls': 1, 'target': <ball_device.bd_plunger>, 'source': <ball_device.bd_trough>, 'mechanical_eject': True, 'num_attempts': 5}
2026-03-01 18:53:45,143 : INFO : ball_device.bd_trough : Wait for ball to leave device
2026-03-01 18:53:45,143 : INFO : coil.c_trough_eject : Pulsing Driver for 20ms (1.0 pulse_power)
2026-03-01 18:53:45,165 : INFO : SwitchController : <<<<<<< 's_bumper_lower' inactive >>>>>>>
2026-03-01 18:53:45,482 : INFO : SwitchController : <<<<<<< 's_bumper_upper' active >>>>>>>
2026-03-01 18:53:45,482 : INFO : EventManager : Event: ======'machine_var_audits_switches_s_bumper_upper'====== Args={'value': 82, 'prev_value': 81, 'change': 1}
2026-03-01 18:53:45,656 : INFO : SwitchController : <<<<<<< 's_bumper_upper' inactive >>>>>>>
2026-03-01 18:53:46,115 : INFO : SwitchController : <<<<<<< 's_inlane_right_1' active >>>>>>>
2026-03-01 18:53:46,115 : INFO : EventManager : Event: ======'sw_playfield_active'====== Args={}
2026-03-01 18:53:46,115 : INFO : EventManager : Event: ======'machine_var_audits_switches_s_inlane_right_1'====== Args={'value': 19, 'prev_value': 18, 'change': 1}
2026-03-01 18:53:46,116 : INFO : EventManager : Event: ======'playfield_active'====== Args={'source': None}
2026-03-01 18:53:46,116 : INFO : EventManager : Event: ======'unexpected_ball_on_playfield'====== Args={}
2026-03-01 18:53:46,249 : INFO : SwitchController : <<<<<<< 's_inlane_right_1' inactive >>>>>>>
2026-03-01 18:53:46,857 : INFO : SwitchController : <<<<<<< 's_inlane_right_1' active >>>>>>>
2026-03-01 18:53:46,857 : INFO : EventManager : Event: ======'sw_playfield_active'====== Args={}
2026-03-01 18:53:46,858 : INFO : EventManager : Event: ======'machine_var_audits_switches_s_inlane_right_1'====== Args={'value': 20, 'prev_value': 19, 'change': 1}
2026-03-01 18:53:46,858 : INFO : EventManager : Event: ======'playfield_active'====== Args={'source': None}
2026-03-01 18:53:46,858 : INFO : EventManager : Event: ======'unexpected_ball_on_playfield'====== Args={}
2026-03-01 18:53:47,023 : INFO : SwitchController : <<<<<<< 's_inlane_right_1' inactive >>>>>>>
2026-03-01 18:53:47,299 : INFO : SwitchController : <<<<<<< 's_inlane_right_2' active >>>>>>>
2026-03-01 18:53:47,299 : INFO : EventManager : Event: ======'sw_playfield_active'====== Args={}
2026-03-01 18:53:47,299 : INFO : EventManager : Event: ======'machine_var_audits_switches_s_inlane_right_2'====== Args={'value': 4, 'prev_value': 3, 'change': 1}
2026-03-01 18:53:47,299 : INFO : EventManager : Event: ======'playfield_active'====== Args={'source': None}
2026-03-01 18:53:47,299 : INFO : EventManager : Event: ======'unexpected_ball_on_playfield'====== Args={}
2026-03-01 18:53:47,490 : INFO : SwitchController : <<<<<<< 's_inlane_right_2' inactive >>>>>>>
2026-03-01 18:53:48,145 : INFO : EventManager : Event: ======'balldevice_bd_trough_ball_eject_failed'====== Args={'target': <ball_device.bd_plunger>, 'balls': 1, 'retry': True, 'num_attempts': 6}
2026-03-01 18:53:48,146 : INFO : ball_device.bd_trough : State: waiting_for_target_ready
2026-03-01 18:53:48,146 : INFO : EventManager : Event: ======'balldevice_bd_trough_ball_eject_attempt'====== Args={'balls': 1, 'target': <ball_device.bd_plunger>, 'source': <ball_device.bd_trough>, 'mechanical_eject': True, 'num_attempts': 6}
2026-03-01 18:53:48,146 : INFO : ball_device.bd_trough : State: ejecting
2026-03-01 18:53:48,146 : INFO : ball_device.bd_trough : Ejecting ball to <ball_device.bd_plunger>
2026-03-01 18:53:48,147 : INFO : EventManager : Event: ======'balldevice_bd_trough_ejecting_ball'====== Args={'balls': 1, 'target': <ball_device.bd_plunger>, 'source': <ball_device.bd_trough>, 'mechanical_eject': True, 'num_attempts': 6}
2026-03-01 18:53:48,148 : INFO : ball_device.bd_trough : Wait for ball to leave device
2026-03-01 18:53:48,149 : INFO : coil.c_trough_eject : Pulsing Driver for 20ms (1.0 pulse_power)
2026-03-01 18:53:48,156 : INFO : SwitchController : <<<<<<< 's_inlane_left' active >>>>>>>
2026-03-01 18:53:48,156 : INFO : EventManager : Event: ======'playfield_active'====== Args={'source': 'left_lane'}
2026-03-01 18:53:48,156 : INFO : EventManager : Event: ======'unexpected_ball_on_playfield'====== Args={}
2026-03-01 18:53:48,156 : INFO : EventManager : Event: ======'s_inlane_left_active'====== Args={}
2026-03-01 18:53:48,156 : INFO : EventManager : Event: ======'sw_playfield_active'====== Args={}
2026-03-01 18:53:48,157 : INFO : EventManager : Event: ======'machine_var_audits_switches_s_inlane_left'====== Args={'value': 28, 'prev_value': 27, 'change': 1}
2026-03-01 18:53:48,157 : INFO : EventManager : Event: ======'player_shot_left_lane'====== Args={'value': 1, 'prev_value': 0, 'change': 1, 'player_num': 1}
2026-03-01 18:53:48,157 : INFO : EventManager : Event: ======'machine_var_audits_shots_left_lane'====== Args={'value': 9, 'prev_value': 8, 'change': 1}
2026-03-01 18:53:48,158 : INFO : EventManager : Event: ======'left_lane_hit'====== Args={'profile': 'default', 'state': 'unlit', 'advancing': True}
2026-03-01 18:53:48,158 : INFO : EventManager : Event: ======'left_lane_default_hit'====== Args={'profile': 'default', 'state': 'unlit', 'advancing': True}
2026-03-01 18:53:48,158 : INFO : EventManager : Event: ======'left_lane_default_unlit_hit'====== Args={'profile': 'default', 'state': 'unlit', 'advancing': True}
2026-03-01 18:53:48,158 : INFO : EventManager : Event: ======'left_lane_unlit_hit'====== Args={'profile': 'default', 'state': 'unlit', 'advancing': True}
2026-03-01 18:53:48,158 : INFO : EventManager : Event: ======'start_mode_hurryup'====== Args={'priority': 0}
2026-03-01 18:53:48,158 : INFO : EventManager : Event: ======'playfield_active'====== Args={'source': None}
2026-03-01 18:53:48,158 : INFO : EventManager : Event: ======'unexpected_ball_on_playfield'====== Args={}
2026-03-01 18:53:48,348 : INFO : SwitchController : <<<<<<< 's_inlane_left' inactive >>>>>>>
2026-03-01 18:53:48,640 : INFO : SwitchController : <<<<<<< 's_inlane_left' active >>>>>>>
2026-03-01 18:53:48,640 : INFO : EventManager : Event: ======'playfield_active'====== Args={'source': 'left_lane'}
2026-03-01 18:53:48,640 : INFO : EventManager : Event: ======'unexpected_ball_on_playfield'====== Args={}
2026-03-01 18:53:48,640 : INFO : EventManager : Event: ======'s_inlane_left_active'====== Args={}
2026-03-01 18:53:48,640 : INFO : EventManager : Event: ======'sw_playfield_active'====== Args={}
2026-03-01 18:53:48,640 : INFO : EventManager : Event: ======'machine_var_audits_switches_s_inlane_left'====== Args={'value': 29, 'prev_value': 28, 'change': 1}
2026-03-01 18:53:48,641 : INFO : EventManager : Event: ======'machine_var_audits_shots_left_lane'====== Args={'value': 10, 'prev_value': 9, 'change': 1}
2026-03-01 18:53:48,641 : INFO : EventManager : Event: ======'left_lane_hit'====== Args={'profile': 'default', 'state': 'lit', 'advancing': False}
2026-03-01 18:53:48,642 : INFO : EventManager : Event: ======'left_lane_default_hit'====== Args={'profile': 'default', 'state': 'lit', 'advancing': False}
2026-03-01 18:53:48,642 : INFO : EventManager : Event: ======'left_lane_default_lit_hit'====== Args={'profile': 'default', 'state': 'lit', 'advancing': False}
2026-03-01 18:53:48,642 : INFO : EventManager : Event: ======'left_lane_lit_hit'====== Args={'profile': 'default', 'state': 'lit', 'advancing': False}
2026-03-01 18:53:48,642 : INFO : EventManager : Event: ======'start_mode_hurryup'====== Args={'priority': 0}
2026-03-01 18:53:48,642 : INFO : EventManager : Event: ======'playfield_active'====== Args={'source': None}
2026-03-01 18:53:48,642 : INFO : EventManager : Event: ======'unexpected_ball_on_playfield'====== Args={}
2026-03-01 18:53:48,806 : INFO : SwitchController : <<<<<<< 's_inlane_left' inactive >>>>>>>
2026-03-01 18:53:48,981 : INFO : SwitchController : <<<<<<< 's_inlane_left' active >>>>>>>
2026-03-01 18:53:48,981 : INFO : EventManager : Event: ======'playfield_active'====== Args={'source': 'left_lane'}
2026-03-01 18:53:48,981 : INFO : EventManager : Event: ======'unexpected_ball_on_playfield'====== Args={}
2026-03-01 18:53:48,981 : INFO : EventManager : Event: ======'s_inlane_left_active'====== Args={}
2026-03-01 18:53:48,981 : INFO : EventManager : Event: ======'sw_playfield_active'====== Args={}
2026-03-01 18:53:48,981 : INFO : EventManager : Event: ======'machine_var_audits_switches_s_inlane_left'====== Args={'value': 30, 'prev_value': 29, 'change': 1}
2026-03-01 18:53:48,982 : INFO : EventManager : Event: ======'machine_var_audits_shots_left_lane'====== Args={'value': 11, 'prev_value': 10, 'change': 1}
2026-03-01 18:53:48,982 : INFO : EventManager : Event: ======'left_lane_hit'====== Args={'profile': 'default', 'state': 'lit', 'advancing': False}
2026-03-01 18:53:48,982 : INFO : EventManager : Event: ======'left_lane_default_hit'====== Args={'profile': 'default', 'state': 'lit', 'advancing': False}
2026-03-01 18:53:48,982 : INFO : EventManager : Event: ======'left_lane_default_lit_hit'====== Args={'profile': 'default', 'state': 'lit', 'advancing': False}
2026-03-01 18:53:48,982 : INFO : EventManager : Event: ======'left_lane_lit_hit'====== Args={'profile': 'default', 'state': 'lit', 'advancing': False}
2026-03-01 18:53:48,982 : INFO : EventManager : Event: ======'start_mode_hurryup'====== Args={'priority': 0}
2026-03-01 18:53:48,982 : INFO : EventManager : Event: ======'playfield_active'====== Args={'source': None}
2026-03-01 18:53:48,982 : INFO : EventManager : Event: ======'unexpected_ball_on_playfield'====== Args={}
2026-03-01 18:53:49,164 : INFO : SwitchController : <<<<<<< 's_inlane_left' inactive >>>>>>>
2026-03-01 18:53:51,150 : INFO : EventManager : Event: ======'balldevice_bd_trough_ball_eject_failed'====== Args={'target': <ball_device.bd_plunger>, 'balls': 1, 'retry': True, 'num_attempts': 7}
2026-03-01 18:53:51,151 : INFO : ball_device.bd_trough : State: waiting_for_target_ready
2026-03-01 18:53:51,152 : INFO : EventManager : Event: ======'balldevice_bd_trough_ball_eject_attempt'====== Args={'balls': 1, 'target': <ball_device.bd_plunger>, 'source': <ball_device.bd_trough>, 'mechanical_eject': True, 'num_attempts': 7}
2026-03-01 18:53:51,152 : INFO : ball_device.bd_trough : State: ejecting
2026-03-01 18:53:51,152 : INFO : ball_device.bd_trough : Ejecting ball to <ball_device.bd_plunger>
2026-03-01 18:53:51,152 : INFO : EventManager : Event: ======'balldevice_bd_trough_ejecting_ball'====== Args={'balls': 1, 'target': <ball_device.bd_plunger>, 'source': <ball_device.bd_trough>, 'mechanical_eject': True, 'num_attempts': 7}
2026-03-01 18:53:51,152 : INFO : ball_device.bd_trough : Wait for ball to leave device
2026-03-01 18:53:51,153 : INFO : coil.c_trough_eject : Pulsing Driver for 20ms (1.0 pulse_power)
2026-03-01 18:53:54,154 : INFO : EventManager : Event: ======'balldevice_bd_trough_ball_eject_failed'====== Args={'target': <ball_device.bd_plunger>, 'balls': 1, 'retry': True, 'num_attempts': 8}
2026-03-01 18:53:54,156 : INFO : ball_device.bd_trough : State: waiting_for_target_ready
2026-03-01 18:53:54,156 : INFO : EventManager : Event: ======'balldevice_bd_trough_ball_eject_attempt'====== Args={'balls': 1, 'target': <ball_device.bd_plunger>, 'source': <ball_device.bd_trough>, 'mechanical_eject': True, 'num_attempts': 8}
2026-03-01 18:53:54,157 : INFO : ball_device.bd_trough : State: ejecting
2026-03-01 18:53:54,157 : INFO : ball_device.bd_trough : Ejecting ball to <ball_device.bd_plunger>
2026-03-01 18:53:54,157 : INFO : EventManager : Event: ======'balldevice_bd_trough_ejecting_ball'====== Args={'balls': 1, 'target': <ball_device.bd_plunger>, 'source': <ball_device.bd_trough>, 'mechanical_eject': True, 'num_attempts': 8}
2026-03-01 18:53:54,157 : INFO : ball_device.bd_trough : Wait for ball to leave device
2026-03-01 18:53:54,158 : INFO : coil.c_trough_eject : Pulsing Driver for 20ms (1.0 pulse_power)
2026-03-01 18:53:57,159 : INFO : EventManager : Event: ======'balldevice_bd_trough_ball_eject_failed'====== Args={'target': <ball_device.bd_plunger>, 'balls': 1, 'retry': True, 'num_attempts': 9}
2026-03-01 18:53:57,160 : INFO : ball_device.bd_trough : State: waiting_for_target_ready
2026-03-01 18:53:57,160 : INFO : EventManager : Event: ======'balldevice_bd_trough_ball_eject_attempt'====== Args={'balls': 1, 'target': <ball_device.bd_plunger>, 'source': <ball_device.bd_trough>, 'mechanical_eject': True, 'num_attempts': 9}
2026-03-01 18:53:57,161 : INFO : ball_device.bd_trough : State: ejecting
2026-03-01 18:53:57,161 : INFO : ball_device.bd_trough : Ejecting ball to <ball_device.bd_plunger>
2026-03-01 18:53:57,161 : INFO : EventManager : Event: ======'balldevice_bd_trough_ejecting_ball'====== Args={'balls': 1, 'target': <ball_device.bd_plunger>, 'source': <ball_device.bd_trough>, 'mechanical_eject': True, 'num_attempts': 9}
2026-03-01 18:53:57,161 : INFO : ball_device.bd_trough : Wait for ball to leave device
2026-03-01 18:53:57,161 : INFO : coil.c_trough_eject : Pulsing Driver for 20ms (1.0 pulse_power)
2026-03-01 18:54:00,163 : INFO : EventManager : Event: ======'balldevice_bd_trough_ball_eject_failed'====== Args={'target': <ball_device.bd_plunger>, 'balls': 1, 'retry': True, 'num_attempts': 10}
2026-03-01 18:54:00,164 : INFO : ball_device.bd_trough : State: waiting_for_target_ready
2026-03-01 18:54:00,164 : INFO : EventManager : Event: ======'balldevice_bd_trough_ball_eject_attempt'====== Args={'balls': 1, 'target': <ball_device.bd_plunger>, 'source': <ball_device.bd_trough>, 'mechanical_eject': True, 'num_attempts': 10}
2026-03-01 18:54:00,164 : INFO : ball_device.bd_trough : State: ejecting
2026-03-01 18:54:00,164 : INFO : ball_device.bd_trough : Ejecting ball to <ball_device.bd_plunger>
2026-03-01 18:54:00,164 : INFO : EventManager : Event: ======'balldevice_bd_trough_ejecting_ball'====== Args={'balls': 1, 'target': <ball_device.bd_plunger>, 'source': <ball_device.bd_trough>, 'mechanical_eject': True, 'num_attempts': 10}
2026-03-01 18:54:00,164 : INFO : ball_device.bd_trough : Wait for ball to leave device
2026-03-01 18:54:00,165 : INFO : coil.c_trough_eject : Pulsing Driver for 20ms (1.0 pulse_power)
2026-03-01 18:54:03,166 : INFO : EventManager : Event: ======'balldevice_bd_trough_ball_eject_failed'====== Args={'target': <ball_device.bd_plunger>, 'balls': 1, 'retry': True, 'num_attempts': 11}
2026-03-01 18:54:03,167 : INFO : ball_device.bd_trough : State: waiting_for_target_ready
2026-03-01 18:54:03,167 : INFO : EventManager : Event: ======'balldevice_bd_trough_ball_eject_attempt'====== Args={'balls': 1, 'target': <ball_device.bd_plunger>, 'source': <ball_device.bd_trough>, 'mechanical_eject': True, 'num_attempts': 11}
2026-03-01 18:54:03,168 : INFO : ball_device.bd_trough : State: ejecting
2026-03-01 18:54:03,168 : INFO : ball_device.bd_trough : Ejecting ball to <ball_device.bd_plunger>
2026-03-01 18:54:03,168 : INFO : EventManager : Event: ======'balldevice_bd_trough_ejecting_ball'====== Args={'balls': 1, 'target': <ball_device.bd_plunger>, 'source': <ball_device.bd_trough>, 'mechanical_eject': True, 'num_attempts': 11}
2026-03-01 18:54:03,168 : INFO : ball_device.bd_trough : Wait for ball to leave device
2026-03-01 18:54:03,169 : INFO : coil.c_trough_eject : Pulsing Driver for 20ms (1.0 pulse_power)
2026-03-01 18:54:06,170 : INFO : EventManager : Event: ======'balldevice_bd_trough_ball_eject_failed'====== Args={'target': <ball_device.bd_plunger>, 'balls': 1, 'retry': True, 'num_attempts': 12}
2026-03-01 18:54:06,171 : INFO : ball_device.bd_trough : State: waiting_for_target_ready
2026-03-01 18:54:06,172 : INFO : EventManager : Event: ======'balldevice_bd_trough_ball_eject_attempt'====== Args={'balls': 1, 'target': <ball_device.bd_plunger>, 'source': <ball_device.bd_trough>, 'mechanical_eject': True, 'num_attempts': 12}
2026-03-01 18:54:06,172 : INFO : ball_device.bd_trough : State: ejecting
2026-03-01 18:54:06,172 : INFO : ball_device.bd_trough : Ejecting ball to <ball_device.bd_plunger>
2026-03-01 18:54:06,172 : INFO : EventManager : Event: ======'balldevice_bd_trough_ejecting_ball'====== Args={'balls': 1, 'target': <ball_device.bd_plunger>, 'source': <ball_device.bd_trough>, 'mechanical_eject': True, 'num_attempts': 12}
2026-03-01 18:54:06,173 : INFO : ball_device.bd_trough : Wait for ball to leave device
2026-03-01 18:54:06,173 : INFO : coil.c_trough_eject : Pulsing Driver for 20ms (1.0 pulse_power)
2026-03-01 18:54:09,175 : INFO : EventManager : Event: ======'balldevice_bd_trough_ball_eject_failed'====== Args={'target': <ball_device.bd_plunger>, 'balls': 1, 'retry': True, 'num_attempts': 13}
2026-03-01 18:54:09,176 : INFO : ball_device.bd_trough : State: waiting_for_target_ready
2026-03-01 18:54:09,177 : INFO : EventManager : Event: ======'balldevice_bd_trough_ball_eject_attempt'====== Args={'balls': 1, 'target': <ball_device.bd_plunger>, 'source': <ball_device.bd_trough>, 'mechanical_eject': True, 'num_attempts': 13}
2026-03-01 18:54:09,177 : INFO : ball_device.bd_trough : State: ejecting
2026-03-01 18:54:09,177 : INFO : ball_device.bd_trough : Ejecting ball to <ball_device.bd_plunger>
2026-03-01 18:54:09,177 : INFO : EventManager : Event: ======'balldevice_bd_trough_ejecting_ball'====== Args={'balls': 1, 'target': <ball_device.bd_plunger>, 'source': <ball_device.bd_trough>, 'mechanical_eject': True, 'num_attempts': 13}
2026-03-01 18:54:09,177 : INFO : ball_device.bd_trough : Wait for ball to leave device
2026-03-01 18:54:09,178 : INFO : coil.c_trough_eject : Pulsing Driver for 20ms (1.0 pulse_power)
2026-03-01 18:54:12,180 : INFO : EventManager : Event: ======'balldevice_bd_trough_ball_eject_failed'====== Args={'target': <ball_device.bd_plunger>, 'balls': 1, 'retry': True, 'num_attempts': 14}
2026-03-01 18:54:12,181 : INFO : ball_device.bd_trough : State: waiting_for_target_ready
2026-03-01 18:54:12,181 : INFO : EventManager : Event: ======'balldevice_bd_trough_ball_eject_attempt'====== Args={'balls': 1, 'target': <ball_device.bd_plunger>, 'source': <ball_device.bd_trough>, 'mechanical_eject': True, 'num_attempts': 14}
2026-03-01 18:54:12,181 : INFO : ball_device.bd_trough : State: ejecting
2026-03-01 18:54:12,182 : INFO : ball_device.bd_trough : Ejecting ball to <ball_device.bd_plunger>
2026-03-01 18:54:12,182 : INFO : EventManager : Event: ======'balldevice_bd_trough_ejecting_ball'====== Args={'balls': 1, 'target': <ball_device.bd_plunger>, 'source': <ball_device.bd_trough>, 'mechanical_eject': True, 'num_attempts': 14}
2026-03-01 18:54:12,182 : INFO : ball_device.bd_trough : Wait for ball to leave device
2026-03-01 18:54:12,183 : INFO : coil.c_trough_eject : Pulsing Driver for 20ms (1.0 pulse_power)
2026-03-01 18:54:15,184 : INFO : EventManager : Event: ======'balldevice_bd_trough_ball_eject_failed'====== Args={'target': <ball_device.bd_plunger>, 'balls': 1, 'retry': True, 'num_attempts': 15}
2026-03-01 18:54:15,185 : INFO : ball_device.bd_trough : State: waiting_for_target_ready
2026-03-01 18:54:15,186 : INFO : EventManager : Event: ======'balldevice_bd_trough_ball_eject_attempt'====== Args={'balls': 1, 'target': <ball_device.bd_plunger>, 'source': <ball_device.bd_trough>, 'mechanical_eject': True, 'num_attempts': 15}
2026-03-01 18:54:15,186 : INFO : ball_device.bd_trough : State: ejecting
2026-03-01 18:54:15,186 : INFO : ball_device.bd_trough : Ejecting ball to <ball_device.bd_plunger>
2026-03-01 18:54:15,186 : INFO : EventManager : Event: ======'balldevice_bd_trough_ejecting_ball'====== Args={'balls': 1, 'target': <ball_device.bd_plunger>, 'source': <ball_device.bd_trough>, 'mechanical_eject': True, 'num_attempts': 15}
2026-03-01 18:54:15,186 : INFO : ball_device.bd_trough : Wait for ball to leave device
2026-03-01 18:54:15,187 : INFO : coil.c_trough_eject : Pulsing Driver for 20ms (1.0 pulse_power)
2026-03-01 18:54:18,188 : INFO : EventManager : Event: ======'balldevice_bd_trough_ball_eject_failed'====== Args={'target': <ball_device.bd_plunger>, 'balls': 1, 'retry': True, 'num_attempts': 16}
2026-03-01 18:54:18,189 : INFO : ball_device.bd_trough : State: waiting_for_target_ready
2026-03-01 18:54:18,189 : INFO : EventManager : Event: ======'balldevice_bd_trough_ball_eject_attempt'====== Args={'balls': 1, 'target': <ball_device.bd_plunger>, 'source': <ball_device.bd_trough>, 'mechanical_eject': True, 'num_attempts': 16}
2026-03-01 18:54:18,190 : INFO : ball_device.bd_trough : State: ejecting
2026-03-01 18:54:18,190 : INFO : ball_device.bd_trough : Ejecting ball to <ball_device.bd_plunger>
2026-03-01 18:54:18,190 : INFO : EventManager : Event: ======'balldevice_bd_trough_ejecting_ball'====== Args={'balls': 1, 'target': <ball_device.bd_plunger>, 'source': <ball_device.bd_trough>, 'mechanical_eject': True, 'num_attempts': 16}
2026-03-01 18:54:18,191 : INFO : ball_device.bd_trough : Wait for ball to leave device
2026-03-01 18:54:18,191 : INFO : coil.c_trough_eject : Pulsing Driver for 20ms (1.0 pulse_power)
2026-03-01 18:54:21,193 : INFO : EventManager : Event: ======'balldevice_bd_trough_ball_eject_failed'====== Args={'target': <ball_device.bd_plunger>, 'balls': 1, 'retry': True, 'num_attempts': 17}
2026-03-01 18:54:21,194 : INFO : ball_device.bd_trough : State: waiting_for_target_ready
2026-03-01 18:54:21,194 : INFO : EventManager : Event: ======'balldevice_bd_trough_ball_eject_attempt'====== Args={'balls': 1, 'target': <ball_device.bd_plunger>, 'source': <ball_device.bd_trough>, 'mechanical_eject': True, 'num_attempts': 17}
2026-03-01 18:54:21,194 : INFO : ball_device.bd_trough : State: ejecting
2026-03-01 18:54:21,194 : INFO : ball_device.bd_trough : Ejecting ball to <ball_device.bd_plunger>
2026-03-01 18:54:21,194 : INFO : EventManager : Event: ======'balldevice_bd_trough_ejecting_ball'====== Args={'balls': 1, 'target': <ball_device.bd_plunger>, 'source': <ball_device.bd_trough>, 'mechanical_eject': True, 'num_attempts': 17}
2026-03-01 18:54:21,195 : INFO : ball_device.bd_trough : Wait for ball to leave device
2026-03-01 18:54:21,195 : INFO : coil.c_trough_eject : Pulsing Driver for 20ms (1.0 pulse_power)
2026-03-01 18:54:21,362 : INFO : Machine : Shutting down...
2026-03-01 18:54:21,362 : INFO : EventManager : Event: ======'shutdown'====== Args={}
2026-03-01 18:54:21,363 : INFO : EventManager : Event: ======'mode_game_will_stop'====== Args={}
2026-03-01 18:54:21,364 : INFO : EventManager : Event: ======'mode_game_stopping'====== Args={}
2026-03-01 18:54:21,364 : INFO : EventManager : Event: ======'mode_base_will_stop'====== Args={}
2026-03-01 18:54:21,364 : INFO : EventManager : Event: ======'mode_base_stopping'====== Args={}
2026-03-01 18:54:21,364 : INFO : Mode.base : Stopped.
2026-03-01 18:54:21,364 : INFO : EventManager : Event: ======'modes_active_modes_changed'====== Args={}
2026-03-01 18:54:21,364 : INFO : EventManager : Event: ======'mode_base_stopped'====== Args={}
2026-03-01 18:54:21,364 : INFO : EventManager : Event: ======'clear'====== Args={'key': 'base'}
2026-03-01 18:54:21,364 : INFO : Mode.game : Stopped.
2026-03-01 18:54:21,364 : INFO : EventManager : Event: ======'modes_active_modes_changed'====== Args={}
2026-03-01 18:54:21,364 : INFO : EventManager : Event: ======'mode_game_stopped'====== Args={}
2026-03-01 18:54:21,364 : INFO : EventManager : Event: ======'clear'====== Args={'key': 'game'}
2026-03-01 18:54:21,365 : INFO : root : MPF run loop ended.
