2026-03-01 16:14:12,323 : INFO : root : Loading config.
2026-03-01 16:14:12,760 : INFO : ConfigProcessor : Config spec file cache created: /var/folders/1s/015t8n3n70gcr2ch4xflj4yr0000gn/T/config_spec.mpf_cache
2026-03-01 16:14:12,762 : INFO : YamlMultifileConfigLoader : Machine config file #1: config.yaml
2026-03-01 16:14:12,763 : WARNING : ConfigProcessor : Config file in cache changed: /Users/pinball/NapoleonDynamite/config/config.yaml
2026-03-01 16:14:12,763 : INFO : ConfigProcessor : Loading config from file /Users/pinball/mpf/lib/python3.14/site-packages/mpf/mpfconfig.yaml.
2026-03-01 16:14:12,852 : INFO : ConfigProcessor : Loading config: /Users/pinball/mpf/lib/python3.14/site-packages/mpf/mpfconfig.yaml
2026-03-01 16:14:12,853 : INFO : ConfigProcessor : Loading config from file /Users/pinball/NapoleonDynamite/config/config.yaml.
2026-03-01 16:14:12,865 : INFO : ConfigProcessor : Loading config: /Users/pinball/NapoleonDynamite/config/config.yaml
2026-03-01 16:14:12,867 : INFO : ConfigProcessor : Loading config: /Users/pinball/NapoleonDynamite/config/config_ball_devices.yaml
2026-03-01 16:14:12,875 : INFO : ConfigProcessor : Loading config: /Users/pinball/NapoleonDynamite/config/config_coils.yaml
2026-03-01 16:14:12,894 : INFO : ConfigProcessor : Loading config: /Users/pinball/NapoleonDynamite/config/config_switches.yaml
2026-03-01 16:14:12,900 : INFO : ConfigProcessor : Config file cache created: /var/folders/1s/015t8n3n70gcr2ch4xflj4yr0000gn/T/954ddabc670342668a09b03520c7eb79.mpf_cache
2026-03-01 16:14:12,993 : INFO : ConfigProcessor : Loading config from cache: /var/folders/1s/015t8n3n70gcr2ch4xflj4yr0000gn/T/64218df07edc412f774c53ffb33c812d.mpf_cache
2026-03-01 16:14:12,994 : INFO : ConfigProcessor : Loading config from cache: /var/folders/1s/015t8n3n70gcr2ch4xflj4yr0000gn/T/767518d75df2d86a4d35c1fb94c70abd.mpf_cache
2026-03-01 16:14:12,994 : INFO : ConfigProcessor : Loading config from cache: /var/folders/1s/015t8n3n70gcr2ch4xflj4yr0000gn/T/64218df07edc412f774c53ffb33c812d.mpf_cache
2026-03-01 16:14:12,994 : INFO : ConfigProcessor : Loading config from cache: /var/folders/1s/015t8n3n70gcr2ch4xflj4yr0000gn/T/73548cb541cc3751ae5711fe0817282a.mpf_cache
2026-03-01 16:14:12,995 : INFO : Machine : Mission Pinball Framework Core Engine v0.80.0.dev13
2026-03-01 16:14:12,995 : INFO : Machine : Command line arguments: {'no_load_cache': False, 'create_config_cache': True, 'bcp': True, 'configfile': ['config.yaml'], 'force_assets_load': False, 'platform_integration_test': False, 'jsonlogging': False, 'logfile': 'logs/2026-03-01-16-14-12-mpf-ANDREs-Mac-mini.local.log', 'pause': False, 'production': False, 'text_ui': True, 'loglevel': 15, 'consoleloglevel': 20, 'force_platform': None, 'syslog_address': None, 'full_logfile_path': '/Users/pinball/NapoleonDynamite/logs/2026-03-01-16-14-12-mpf-ANDREs-Mac-mini.local.log'}
2026-03-01 16:14:12,995 : INFO : Machine : MPF path: /Users/pinball/mpf/lib/python3.14/site-packages/mpf
2026-03-01 16:14:12,995 : INFO : Machine : Machine path: /Users/pinball/NapoleonDynamite
2026-03-01 16:14:12,995 : INFO : Machine : Platform: darwin
2026-03-01 16:14:12,995 : INFO : Machine : Python executable location: /Users/pinball/mpf/bin/python3.14
2026-03-01 16:14:12,995 : INFO : Machine : Python version: 3.14.3 (64-bit)
2026-03-01 16:14:12,997 : INFO : Machine : Initializing MPF...
2026-03-01 16:14:13,147 : INFO : FAST : Auto-detecting ports for the following connections: ['net', 'exp']
2026-03-01 16:14:13,173 : INFO : FAST : Detected NET on port /dev/cu.usbmodem14101
2026-03-01 16:14:13,181 : INFO : FAST : Detected EXP on port /dev/cu.usbmodem14103
2026-03-01 16:14:13,286 : INFO : FAST [NET] : Trying to connect to /dev/cu.usbmodem14101 at 921600bps
2026-03-01 16:14:13,291 : INFO : FAST [NET] : Connected to /dev/cu.usbmodem14101 at 921600bps
2026-03-01 16:14:13,294 : INFO : FAST [NET] : Connected to FP-CPU-2000 with firmware v02.26
2026-03-01 16:14:13,297 : INFO : FAST [NET] : Registered I/O Board 0: Model: FP-I/O-0024, Firmware: 01.10, Switches: 24, Drivers: 8
2026-03-01 16:14:13,299 : INFO : FAST [NET] : Registered I/O Board 1: Model: FP-I/O-3208, Firmware: 01.10, Switches: 32, Drivers: 8
2026-03-01 16:14:13,300 : INFO : FAST [NET] : Registered I/O Board 2: Model: FP-I/O-0804, Firmware: 01.10, Switches: 8, Drivers: 4
2026-03-01 16:14:13,302 : INFO : FAST [EXP] : Trying to connect to /dev/cu.usbmodem14103 at 921600bps
2026-03-01 16:14:13,308 : INFO : FAST [EXP] : Connected to /dev/cu.usbmodem14103 at 921600bps
2026-03-01 16:14:13,310 : INFO : FAST [EXP] : Verifying hardware for EXP "neuron" (FP-EXP-2000, @48) with ID string "EXP FP-EXP-2000  0.34", board address 48
2026-03-01 16:14:13,311 : INFO : FAST [EXP] : Verifying hardware for EXP "neuron" (FP-EXP-2000, @48) with ID string "LED FP-BRK-0001  0.8", board address 480
2026-03-01 16:14:13,312 : INFO : EventManager : Event: ======'machine_var_credits_string'====== Args={'value': 'FREE PLAY', 'prev_value': None, 'change': True}
2026-03-01 16:14:13,331 : INFO : EventManager : Event: ======'machine_var_master_volume'====== Args={'value': 0.5, 'prev_value': None, 'change': True}
2026-03-01 16:14:13,331 : INFO : EventManager : Event: ======'machine_var_mpf_version'====== Args={'value': 'Mission Pinball Framework v0.80.0.dev13', 'prev_value': None, 'change': True}
2026-03-01 16:14:13,332 : INFO : EventManager : Event: ======'machine_var_mpf_extended_version'====== Args={'value': 'Mission Pinball Framework v0.80.0.dev13, Config version:6, Show version: 6, BCP version:1.1', 'prev_value': None, 'change': True}
2026-03-01 16:14:13,332 : INFO : EventManager : Event: ======'machine_var_python_version'====== Args={'value': '3.14.3', 'prev_value': None, 'change': True}
2026-03-01 16:14:13,361 : INFO : EventManager : Event: ======'machine_var_platform'====== Args={'value': 'macOS-14.8.4-x86_64-i386-64bit-Mach-O', 'prev_value': None, 'change': True}
2026-03-01 16:14:13,362 : INFO : EventManager : Event: ======'machine_var_platform_system'====== Args={'value': 'Darwin', 'prev_value': None, 'change': True}
2026-03-01 16:14:13,362 : INFO : EventManager : Event: ======'machine_var_platform_release'====== Args={'value': '23.6.0', 'prev_value': None, 'change': True}
2026-03-01 16:14:13,362 : INFO : EventManager : Event: ======'machine_var_platform_version'====== Args={'value': 'Darwin Kernel Version 23.6.0: Mon Jan 19 22:02:22 PST 2026; root:xnu-10063.141.1.710.3~1/RELEASE_X86_64', 'prev_value': None, 'change': True}
2026-03-01 16:14:13,362 : INFO : EventManager : Event: ======'machine_var_platform_machine'====== Args={'value': 'x86_64', 'prev_value': None, 'change': True}
2026-03-01 16:14:13,362 : INFO : EventManager : Event: ======'machine_var_log_file_path'====== Args={'value': '/Users/pinball/NapoleonDynamite/logs/2026-03-01-16-14-12-mpf-ANDREs-Mac-mini.local.log', 'prev_value': None, 'change': True}
2026-03-01 16:14:13,362 : INFO : EventManager : Event: ======'init_phase_1'====== Args={}
2026-03-01 16:14:13,525 : INFO : SwitchController : <<<<<<< 's_flipper_left_eos' active >>>>>>>
2026-03-01 16:14:13,525 : INFO : SwitchController : <<<<<<< 's_flipper_right_lower_eos' active >>>>>>>
2026-03-01 16:14:13,525 : INFO : SwitchController : <<<<<<< 's_trough_7' active >>>>>>>
2026-03-01 16:14:13,525 : INFO : SwitchController : <<<<<<< 's_inlane_right_2' active >>>>>>>
2026-03-01 16:14:13,525 : INFO : SwitchController : <<<<<<< 's_inlane_left' active >>>>>>>
2026-03-01 16:14:13,557 : INFO : EventManager : Event: ======'init_phase_2'====== Args={}
2026-03-01 16:14:13,557 : INFO : SwitchController : Found active switch: (37, [FAST Platform Interface]) <switch.s_flipper_left_eos>
2026-03-01 16:14:13,558 : INFO : SwitchController : Found active switch: (32, [FAST Platform Interface]) <switch.s_flipper_right_lower_eos>
2026-03-01 16:14:13,558 : INFO : SwitchController : Found active switch: (30, [FAST Platform Interface]) <switch.s_trough_7>
2026-03-01 16:14:13,558 : INFO : SwitchController : Found active switch: (36, [FAST Platform Interface]) <switch.s_inlane_right_2>
2026-03-01 16:14:13,558 : INFO : SwitchController : Found active switch: (39, [FAST Platform Interface]) <switch.s_inlane_left>
2026-03-01 16:14:13,562 : INFO : EventManager : Event: ======'bcp_connection_attempt'====== Args={'name': 'local_display', 'host': 'localhost', 'port': 5050}
2026-03-01 16:14:13,564 : INFO : BCPClientSocket : Connecting BCP to 'local_display' at localhost:5050...
2026-03-01 16:14:13,574 : INFO : BCPClientSocket : Connected BCP to 'local_display' localhost:5050
2026-03-01 16:14:13,574 : INFO : EventManager : Event: ======'bcp_clients_connected'====== Args={}
2026-03-01 16:14:14,027 : INFO : ball_device.bd_trough : BCH: Initial count: 1
2026-03-01 16:14:14,027 : INFO : ball_device.bd_trough : State: idle
2026-03-01 16:14:14,028 : INFO : ball_device.bd_plunger : BCH: Initial count: 0
2026-03-01 16:14:14,029 : INFO : ball_device.bd_plunger : State: idle
2026-03-01 16:14:14,043 : INFO : EventManager : Event: ======'init_phase_3'====== Args={}
2026-03-01 16:14:14,048 : INFO : EventManager : Event: ======'init_phase_4'====== Args={}
2026-03-01 16:14:14,048 : INFO : BallController : Initial balls found: 1
2026-03-01 16:14:14,050 : INFO : EventManager : Event: ======'machine_var_audits_events_game_ended'====== Args={'value': 0, 'prev_value': None, 'change': True}
2026-03-01 16:14:14,050 : INFO : EventManager : Event: ======'machine_var_audits_events_game_started'====== Args={'value': 40, 'prev_value': None, 'change': True}
2026-03-01 16:14:14,050 : INFO : EventManager : Event: ======'machine_var_audits_missing_switches_s_bumper_lower'====== Args={'value': 28, 'prev_value': None, 'change': True}
2026-03-01 16:14:14,050 : INFO : EventManager : Event: ======'machine_var_audits_missing_switches_s_bumper_upper'====== Args={'value': 29, 'prev_value': None, 'change': True}
2026-03-01 16:14:14,051 : INFO : EventManager : Event: ======'machine_var_audits_missing_switches_s_flipper_left_eos'====== Args={'value': 9, 'prev_value': None, 'change': True}
2026-03-01 16:14:14,051 : INFO : EventManager : Event: ======'machine_var_audits_missing_switches_s_flipper_right_lower_eos'====== Args={'value': 8, 'prev_value': None, 'change': True}
2026-03-01 16:14:14,051 : INFO : EventManager : Event: ======'machine_var_audits_missing_switches_s_flipper_right_upper_eos'====== Args={'value': 26, 'prev_value': None, 'change': True}
2026-03-01 16:14:14,051 : INFO : EventManager : Event: ======'machine_var_audits_missing_switches_s_inlane_left'====== Args={'value': 31, 'prev_value': None, 'change': True}
2026-03-01 16:14:14,051 : INFO : EventManager : Event: ======'machine_var_audits_missing_switches_s_inlane_right_1'====== Args={'value': 13, 'prev_value': None, 'change': True}
2026-03-01 16:14:14,051 : INFO : EventManager : Event: ======'machine_var_audits_missing_switches_s_inlane_right_2'====== Args={'value': 31, 'prev_value': None, 'change': True}
2026-03-01 16:14:14,051 : INFO : EventManager : Event: ======'machine_var_audits_missing_switches_s_scoop_tina'====== Args={'value': 10, 'prev_value': None, 'change': True}
2026-03-01 16:14:14,051 : INFO : EventManager : Event: ======'machine_var_audits_missing_switches_s_sling_left'====== Args={'value': 7, 'prev_value': None, 'change': True}
2026-03-01 16:14:14,051 : INFO : EventManager : Event: ======'machine_var_audits_missing_switches_s_sling_right'====== Args={'value': 3, 'prev_value': None, 'change': True}
2026-03-01 16:14:14,051 : INFO : EventManager : Event: ======'machine_var_audits_missing_switches_s_start'====== Args={'value': 3, 'prev_value': None, 'change': True}
2026-03-01 16:14:14,052 : INFO : EventManager : Event: ======'machine_var_audits_player_score'====== Args={'value': {'average': 0, 'top': [], 'total': 0}, 'prev_value': None, 'change': True}
2026-03-01 16:14:14,052 : INFO : EventManager : Event: ======'machine_var_audits_shots_bumper_lower'====== Args={'value': 76, 'prev_value': None, 'change': True}
2026-03-01 16:14:14,052 : INFO : EventManager : Event: ======'machine_var_audits_shots_bumper_upper'====== Args={'value': 81, 'prev_value': None, 'change': True}
2026-03-01 16:14:14,052 : INFO : EventManager : Event: ======'machine_var_audits_shots_hurryup'====== Args={'value': 3, 'prev_value': None, 'change': True}
2026-03-01 16:14:14,052 : INFO : EventManager : Event: ======'machine_var_audits_shots_inlane_left'====== Args={'value': 17, 'prev_value': None, 'change': True}
2026-03-01 16:14:14,052 : INFO : EventManager : Event: ======'machine_var_audits_shots_left_lane'====== Args={'value': 8, 'prev_value': None, 'change': True}
2026-03-01 16:14:14,052 : INFO : EventManager : Event: ======'machine_var_audits_switches_s_bumper_lower'====== Args={'value': 76, 'prev_value': None, 'change': True}
2026-03-01 16:14:14,052 : INFO : EventManager : Event: ======'machine_var_audits_switches_s_bumper_upper'====== Args={'value': 81, 'prev_value': None, 'change': True}
2026-03-01 16:14:14,053 : INFO : EventManager : Event: ======'machine_var_audits_switches_s_flipper_left'====== Args={'value': 504, 'prev_value': None, 'change': True}
2026-03-01 16:14:14,053 : INFO : EventManager : Event: ======'machine_var_audits_switches_s_flipper_left_eos'====== Args={'value': 182, 'prev_value': None, 'change': True}
2026-03-01 16:14:14,053 : INFO : EventManager : Event: ======'machine_var_audits_switches_s_flipper_right_lower'====== Args={'value': 546, 'prev_value': None, 'change': True}
2026-03-01 16:14:14,053 : INFO : EventManager : Event: ======'machine_var_audits_switches_s_flipper_right_lower_eos'====== Args={'value': 167, 'prev_value': None, 'change': True}
2026-03-01 16:14:14,053 : INFO : EventManager : Event: ======'machine_var_audits_switches_s_flipper_right_upper'====== Args={'value': 561, 'prev_value': None, 'change': True}
2026-03-01 16:14:14,053 : INFO : EventManager : Event: ======'machine_var_audits_switches_s_flipper_right_upper_eos'====== Args={'value': 43, 'prev_value': None, 'change': True}
2026-03-01 16:14:14,053 : INFO : EventManager : Event: ======'machine_var_audits_switches_s_inlane_left'====== Args={'value': 27, 'prev_value': None, 'change': True}
2026-03-01 16:14:14,053 : INFO : EventManager : Event: ======'machine_var_audits_switches_s_inlane_right_1'====== Args={'value': 18, 'prev_value': None, 'change': True}
2026-03-01 16:14:14,053 : INFO : EventManager : Event: ======'machine_var_audits_switches_s_inlane_right_2'====== Args={'value': 3, 'prev_value': None, 'change': True}
2026-03-01 16:14:14,054 : INFO : EventManager : Event: ======'machine_var_audits_switches_s_plunger'====== Args={'value': 26, 'prev_value': None, 'change': True}
2026-03-01 16:14:14,054 : INFO : EventManager : Event: ======'machine_var_audits_switches_s_plunger_lane'====== Args={'value': 29, 'prev_value': None, 'change': True}
2026-03-01 16:14:14,054 : INFO : EventManager : Event: ======'machine_var_audits_switches_s_scoop_tina'====== Args={'value': 11, 'prev_value': None, 'change': True}
2026-03-01 16:14:14,054 : INFO : EventManager : Event: ======'machine_var_audits_switches_s_sling_left'====== Args={'value': 195, 'prev_value': None, 'change': True}
2026-03-01 16:14:14,054 : INFO : EventManager : Event: ======'machine_var_audits_switches_s_sling_right'====== Args={'value': 37, 'prev_value': None, 'change': True}
2026-03-01 16:14:14,054 : INFO : EventManager : Event: ======'machine_var_audits_switches_s_start'====== Args={'value': 37, 'prev_value': None, 'change': True}
2026-03-01 16:14:14,054 : INFO : EventManager : Event: ======'machine_var_audits_switches_s_trough_1'====== Args={'value': 137, 'prev_value': None, 'change': True}
2026-03-01 16:14:14,055 : INFO : EventManager : Event: ======'machine_var_audits_switches_s_trough_2'====== Args={'value': 125, 'prev_value': None, 'change': True}
2026-03-01 16:14:14,055 : INFO : EventManager : Event: ======'machine_var_audits_switches_s_trough_3'====== Args={'value': 151, 'prev_value': None, 'change': True}
2026-03-01 16:14:14,055 : INFO : EventManager : Event: ======'machine_var_audits_switches_s_trough_4'====== Args={'value': 206, 'prev_value': None, 'change': True}
2026-03-01 16:14:14,055 : INFO : EventManager : Event: ======'machine_var_audits_switches_s_trough_5'====== Args={'value': 224, 'prev_value': None, 'change': True}
2026-03-01 16:14:14,055 : INFO : EventManager : Event: ======'machine_var_audits_switches_s_trough_6'====== Args={'value': 220, 'prev_value': None, 'change': True}
2026-03-01 16:14:14,055 : INFO : EventManager : Event: ======'machine_var_audits_switches_s_trough_7'====== Args={'value': 184, 'prev_value': None, 'change': True}
2026-03-01 16:14:14,056 : INFO : EventManager : Event: ======'init_phase_5'====== Args={}
2026-03-01 16:14:14,057 : INFO : ball_device.bd_trough : BCH: Count is unstable. Trying to reorder balls.
2026-03-01 16:14:14,057 : WARNING : ball_device.bd_trough : Cannot reorder device because eject_coil_reorder_pulse is not configured
2026-03-01 16:14:14,057 : INFO : ball_device.bd_trough : BCH: Repulse done. Waiting for balls to settle.
2026-03-01 16:14:14,057 : INFO : ball_device.bd_trough : BCH: Reordered count: 1
2026-03-01 16:14:14,057 : INFO : EventManager : Event: ======'init_done'====== Args={}
2026-03-01 16:14:14,058 : INFO : EventManager : Event: ======'machine_reset_phase_1'====== Args={}
2026-03-01 16:14:14,092 : INFO : EventManager : Event: ======'machine_reset_phase_2'====== Args={}
2026-03-01 16:14:14,093 : INFO : EventManager : Event: ======'machine_reset_phase_3'====== Args={}
2026-03-01 16:14:14,093 : INFO : EventManager : Event: ======'reset_complete'====== Args={}
2026-03-01 16:14:14,093 : INFO : EventManager : Event: ======'mode_attract_will_start'====== Args={}
2026-03-01 16:14:14,094 : INFO : Timer.attract_carousel_timer : Starting Timer.
2026-03-01 16:14:14,094 : INFO : EventManager : Event: ======'timer_attract_carousel_timer_started'====== Args={'ticks': 0, 'ticks_remaining': 1}
2026-03-01 16:14:14,094 : INFO : EventManager : Event: ======'timer_attract_carousel_timer_tick'====== Args={'ticks': 0, 'ticks_remaining': 1}
2026-03-01 16:14:14,096 : INFO : EventManager : Event: ======'mode_attract_starting'====== Args={}
2026-03-01 16:14:14,097 : INFO : Mode.attract : Started. Priority: 10
2026-03-01 16:14:14,097 : INFO : EventManager : Event: ======'modes_active_modes_changed'====== Args={}
2026-03-01 16:14:14,097 : INFO : EventManager : Event: ======'mode_attract_started'====== Args={}
2026-03-01 16:14:14,100 : INFO : EventManager : Event: ======'collecting_balls_complete'====== Args={}
2026-03-01 16:14:14,102 : INFO : EventManager : Event: ======'carousel_item_highlighted'====== Args={'carousel': 'attract', 'direction': None, 'item': 'title'}
2026-03-01 16:14:14,103 : INFO : EventManager : Event: ======'timer_attract_carousel_timer_tick'====== Args={'ticks': 0, 'ticks_remaining': 1}
2026-03-01 16:14:14,105 : INFO : Machine : Starting the main run loop with active modes: [<Mode.attract>]
2026-03-01 16:14:14,316 : INFO : EventManager : Event: ======'slide_attract_created'====== Args={'_from_bcp': True}
2026-03-01 16:14:14,316 : INFO : EventManager : Event: ======'slide__removed'====== Args={'_from_bcp': True}
2026-03-01 16:14:14,317 : INFO : EventManager : Event: ======'slide_attract_active'====== Args={'original_context': 'attract', 'original_calling_context': 'mode_attract_started', 'priority': 10.0, 'cmd': 'slides_play', '_from_bcp': True}
2026-03-01 16:14:17,506 : INFO : SwitchController : <<<<<<< 's_flipper_right_lower' active >>>>>>>
2026-03-01 16:14:17,506 : INFO : EventManager : Event: ======'s_flipper_right_lower_active'====== Args={}
2026-03-01 16:14:17,506 : INFO : EventManager : Event: ======'carousel_item_highlighted'====== Args={'carousel': 'attract', 'direction': 'forwards', 'item': 'credits'}
2026-03-01 16:14:17,507 : INFO : EventManager : Event: ======'timer_attract_carousel_timer_tick'====== Args={'ticks': 0, 'ticks_remaining': 1}
2026-03-01 16:14:17,521 : INFO : SwitchController : <<<<<<< 's_flipper_right_upper' active >>>>>>>
2026-03-01 16:14:17,651 : INFO : SwitchController : <<<<<<< 's_flipper_right_upper' inactive >>>>>>>
2026-03-01 16:14:17,668 : INFO : SwitchController : <<<<<<< 's_flipper_right_lower' inactive >>>>>>>
2026-03-01 16:14:18,010 : INFO : SwitchController : <<<<<<< 's_flipper_right_lower' active >>>>>>>
2026-03-01 16:14:18,010 : INFO : EventManager : Event: ======'s_flipper_right_lower_active'====== Args={}
2026-03-01 16:14:18,011 : INFO : EventManager : Event: ======'carousel_item_highlighted'====== Args={'carousel': 'attract', 'direction': 'forwards', 'item': 'logo'}
2026-03-01 16:14:18,011 : INFO : EventManager : Event: ======'timer_attract_carousel_timer_tick'====== Args={'ticks': 0, 'ticks_remaining': 1}
2026-03-01 16:14:18,024 : INFO : SwitchController : <<<<<<< 's_flipper_right_upper' active >>>>>>>
2026-03-01 16:14:18,162 : INFO : SwitchController : <<<<<<< 's_flipper_right_upper' inactive >>>>>>>
2026-03-01 16:14:18,175 : INFO : SwitchController : <<<<<<< 's_flipper_right_lower' inactive >>>>>>>
2026-03-01 16:14:18,488 : INFO : SwitchController : <<<<<<< 's_flipper_right_lower' active >>>>>>>
2026-03-01 16:14:18,489 : INFO : EventManager : Event: ======'s_flipper_right_lower_active'====== Args={}
2026-03-01 16:14:18,489 : INFO : EventManager : Event: ======'carousel_item_highlighted'====== Args={'carousel': 'attract', 'direction': 'forwards', 'item': 'title'}
2026-03-01 16:14:18,490 : INFO : EventManager : Event: ======'timer_attract_carousel_timer_tick'====== Args={'ticks': 0, 'ticks_remaining': 1}
2026-03-01 16:14:18,503 : INFO : SwitchController : <<<<<<< 's_flipper_right_upper' active >>>>>>>
2026-03-01 16:14:18,623 : INFO : SwitchController : <<<<<<< 's_flipper_right_upper' inactive >>>>>>>
2026-03-01 16:14:18,637 : INFO : SwitchController : <<<<<<< 's_flipper_right_lower' inactive >>>>>>>
2026-03-01 16:14:18,943 : INFO : SwitchController : <<<<<<< 's_flipper_right_lower' active >>>>>>>
2026-03-01 16:14:18,943 : INFO : EventManager : Event: ======'s_flipper_right_lower_active'====== Args={}
2026-03-01 16:14:18,943 : INFO : EventManager : Event: ======'carousel_item_highlighted'====== Args={'carousel': 'attract', 'direction': 'forwards', 'item': 'credits'}
2026-03-01 16:14:18,943 : INFO : EventManager : Event: ======'timer_attract_carousel_timer_tick'====== Args={'ticks': 0, 'ticks_remaining': 1}
2026-03-01 16:14:18,950 : INFO : SwitchController : <<<<<<< 's_flipper_right_upper' active >>>>>>>
2026-03-01 16:14:19,086 : INFO : SwitchController : <<<<<<< 's_flipper_right_upper' inactive >>>>>>>
2026-03-01 16:14:19,098 : INFO : SwitchController : <<<<<<< 's_flipper_right_lower' inactive >>>>>>>
2026-03-01 16:14:19,388 : INFO : SwitchController : <<<<<<< 's_flipper_right_lower' active >>>>>>>
2026-03-01 16:14:19,388 : INFO : EventManager : Event: ======'s_flipper_right_lower_active'====== Args={}
2026-03-01 16:14:19,388 : INFO : EventManager : Event: ======'carousel_item_highlighted'====== Args={'carousel': 'attract', 'direction': 'forwards', 'item': 'logo'}
2026-03-01 16:14:19,389 : INFO : EventManager : Event: ======'timer_attract_carousel_timer_tick'====== Args={'ticks': 0, 'ticks_remaining': 1}
2026-03-01 16:14:19,396 : INFO : SwitchController : <<<<<<< 's_flipper_right_upper' active >>>>>>>
2026-03-01 16:14:19,501 : INFO : SwitchController : <<<<<<< 's_flipper_right_upper' inactive >>>>>>>
2026-03-01 16:14:19,511 : INFO : SwitchController : <<<<<<< 's_flipper_right_lower' inactive >>>>>>>
2026-03-01 16:14:24,389 : INFO : Timer.attract_carousel_timer : Timer Complete
2026-03-01 16:14:24,389 : INFO : Timer.attract_carousel_timer : Stopping Timer
2026-03-01 16:14:24,389 : INFO : EventManager : Event: ======'timer_attract_carousel_timer_stopped'====== Args={'ticks': 1, 'ticks_remaining': 1}
2026-03-01 16:14:24,389 : INFO : EventManager : Event: ======'timer_attract_carousel_timer_complete'====== Args={'ticks': 1, 'ticks_remaining': 1}
2026-03-01 16:14:24,390 : INFO : EventManager : Event: ======'carousel_item_highlighted'====== Args={'carousel': 'attract', 'direction': 'forwards', 'item': 'title'}
2026-03-01 16:14:24,390 : INFO : Timer.attract_carousel_timer : Starting Timer.
2026-03-01 16:14:24,390 : INFO : EventManager : Event: ======'timer_attract_carousel_timer_started'====== Args={'ticks': 0, 'ticks_remaining': 1}
2026-03-01 16:14:24,390 : INFO : EventManager : Event: ======'timer_attract_carousel_timer_tick'====== Args={'ticks': 0, 'ticks_remaining': 1}
2026-03-01 16:14:26,790 : INFO : SwitchController : <<<<<<< 's_flipper_right_lower' active >>>>>>>
2026-03-01 16:14:26,790 : INFO : EventManager : Event: ======'s_flipper_right_lower_active'====== Args={}
2026-03-01 16:14:26,791 : INFO : EventManager : Event: ======'carousel_item_highlighted'====== Args={'carousel': 'attract', 'direction': 'forwards', 'item': 'credits'}
2026-03-01 16:14:26,791 : INFO : EventManager : Event: ======'timer_attract_carousel_timer_tick'====== Args={'ticks': 0, 'ticks_remaining': 1}
2026-03-01 16:14:26,806 : INFO : SwitchController : <<<<<<< 's_flipper_right_upper' active >>>>>>>
2026-03-01 16:14:26,953 : INFO : SwitchController : <<<<<<< 's_flipper_right_upper' inactive >>>>>>>
2026-03-01 16:14:26,967 : INFO : SwitchController : <<<<<<< 's_flipper_right_lower' inactive >>>>>>>
2026-03-01 16:14:31,791 : INFO : Timer.attract_carousel_timer : Timer Complete
2026-03-01 16:14:31,791 : INFO : Timer.attract_carousel_timer : Stopping Timer
2026-03-01 16:14:31,792 : INFO : EventManager : Event: ======'timer_attract_carousel_timer_stopped'====== Args={'ticks': 1, 'ticks_remaining': 1}
2026-03-01 16:14:31,792 : INFO : EventManager : Event: ======'timer_attract_carousel_timer_complete'====== Args={'ticks': 1, 'ticks_remaining': 1}
2026-03-01 16:14:31,792 : INFO : EventManager : Event: ======'carousel_item_highlighted'====== Args={'carousel': 'attract', 'direction': 'forwards', 'item': 'logo'}
2026-03-01 16:14:31,792 : INFO : Timer.attract_carousel_timer : Starting Timer.
2026-03-01 16:14:31,792 : INFO : EventManager : Event: ======'timer_attract_carousel_timer_started'====== Args={'ticks': 0, 'ticks_remaining': 1}
2026-03-01 16:14:31,792 : INFO : EventManager : Event: ======'timer_attract_carousel_timer_tick'====== Args={'ticks': 0, 'ticks_remaining': 1}
2026-03-01 16:14:34,739 : INFO : SwitchController : <<<<<<< 's_inlane_right_1' active >>>>>>>
2026-03-01 16:14:34,739 : INFO : EventManager : Event: ======'sw_playfield_active'====== Args={}
2026-03-01 16:14:34,740 : INFO : EventManager : Event: ======'playfield_active'====== Args={'source': None}
2026-03-01 16:14:34,740 : INFO : EventManager : Event: ======'unexpected_ball_on_playfield'====== Args={}
2026-03-01 16:14:35,015 : INFO : SwitchController : <<<<<<< 's_inlane_right_1' inactive >>>>>>>
2026-03-01 16:14:35,300 : INFO : SwitchController : <<<<<<< 's_inlane_right_1' active >>>>>>>
2026-03-01 16:14:35,301 : INFO : EventManager : Event: ======'sw_playfield_active'====== Args={}
2026-03-01 16:14:35,301 : INFO : EventManager : Event: ======'playfield_active'====== Args={'source': None}
2026-03-01 16:14:35,301 : INFO : EventManager : Event: ======'unexpected_ball_on_playfield'====== Args={}
2026-03-01 16:14:35,473 : INFO : SwitchController : <<<<<<< 's_inlane_right_1' inactive >>>>>>>
2026-03-01 16:14:35,666 : INFO : SwitchController : <<<<<<< 's_inlane_right_1' active >>>>>>>
2026-03-01 16:14:35,666 : INFO : EventManager : Event: ======'sw_playfield_active'====== Args={}
2026-03-01 16:14:35,667 : INFO : EventManager : Event: ======'playfield_active'====== Args={'source': None}
2026-03-01 16:14:35,667 : INFO : EventManager : Event: ======'unexpected_ball_on_playfield'====== Args={}
2026-03-01 16:14:35,919 : INFO : SwitchController : <<<<<<< 's_inlane_right_1' inactive >>>>>>>
2026-03-01 16:14:36,793 : INFO : Timer.attract_carousel_timer : Timer Complete
2026-03-01 16:14:36,793 : INFO : Timer.attract_carousel_timer : Stopping Timer
2026-03-01 16:14:36,793 : INFO : EventManager : Event: ======'timer_attract_carousel_timer_stopped'====== Args={'ticks': 1, 'ticks_remaining': 1}
2026-03-01 16:14:36,793 : INFO : EventManager : Event: ======'timer_attract_carousel_timer_complete'====== Args={'ticks': 1, 'ticks_remaining': 1}
2026-03-01 16:14:36,794 : INFO : EventManager : Event: ======'carousel_item_highlighted'====== Args={'carousel': 'attract', 'direction': 'forwards', 'item': 'title'}
2026-03-01 16:14:36,794 : INFO : Timer.attract_carousel_timer : Starting Timer.
2026-03-01 16:14:36,794 : INFO : EventManager : Event: ======'timer_attract_carousel_timer_started'====== Args={'ticks': 0, 'ticks_remaining': 1}
2026-03-01 16:14:36,794 : INFO : EventManager : Event: ======'timer_attract_carousel_timer_tick'====== Args={'ticks': 0, 'ticks_remaining': 1}
2026-03-01 16:14:41,794 : INFO : Timer.attract_carousel_timer : Timer Complete
2026-03-01 16:14:41,794 : INFO : Timer.attract_carousel_timer : Stopping Timer
2026-03-01 16:14:41,795 : INFO : EventManager : Event: ======'timer_attract_carousel_timer_stopped'====== Args={'ticks': 1, 'ticks_remaining': 1}
2026-03-01 16:14:41,795 : INFO : EventManager : Event: ======'timer_attract_carousel_timer_complete'====== Args={'ticks': 1, 'ticks_remaining': 1}
2026-03-01 16:14:41,795 : INFO : EventManager : Event: ======'carousel_item_highlighted'====== Args={'carousel': 'attract', 'direction': 'forwards', 'item': 'credits'}
2026-03-01 16:14:41,795 : INFO : Timer.attract_carousel_timer : Starting Timer.
2026-03-01 16:14:41,795 : INFO : EventManager : Event: ======'timer_attract_carousel_timer_started'====== Args={'ticks': 0, 'ticks_remaining': 1}
2026-03-01 16:14:41,796 : INFO : EventManager : Event: ======'timer_attract_carousel_timer_tick'====== Args={'ticks': 0, 'ticks_remaining': 1}
2026-03-01 16:14:46,796 : INFO : Timer.attract_carousel_timer : Timer Complete
2026-03-01 16:14:46,797 : INFO : Timer.attract_carousel_timer : Stopping Timer
2026-03-01 16:14:46,797 : INFO : EventManager : Event: ======'timer_attract_carousel_timer_stopped'====== Args={'ticks': 1, 'ticks_remaining': 1}
2026-03-01 16:14:46,797 : INFO : EventManager : Event: ======'timer_attract_carousel_timer_complete'====== Args={'ticks': 1, 'ticks_remaining': 1}
2026-03-01 16:14:46,797 : INFO : EventManager : Event: ======'carousel_item_highlighted'====== Args={'carousel': 'attract', 'direction': 'forwards', 'item': 'logo'}
2026-03-01 16:14:46,798 : INFO : Timer.attract_carousel_timer : Starting Timer.
2026-03-01 16:14:46,798 : INFO : EventManager : Event: ======'timer_attract_carousel_timer_started'====== Args={'ticks': 0, 'ticks_remaining': 1}
2026-03-01 16:14:46,798 : INFO : EventManager : Event: ======'timer_attract_carousel_timer_tick'====== Args={'ticks': 0, 'ticks_remaining': 1}
2026-03-01 16:14:51,798 : INFO : Timer.attract_carousel_timer : Timer Complete
2026-03-01 16:14:51,799 : INFO : Timer.attract_carousel_timer : Stopping Timer
2026-03-01 16:14:51,799 : INFO : EventManager : Event: ======'timer_attract_carousel_timer_stopped'====== Args={'ticks': 1, 'ticks_remaining': 1}
2026-03-01 16:14:51,799 : INFO : EventManager : Event: ======'timer_attract_carousel_timer_complete'====== Args={'ticks': 1, 'ticks_remaining': 1}
2026-03-01 16:14:51,799 : INFO : EventManager : Event: ======'carousel_item_highlighted'====== Args={'carousel': 'attract', 'direction': 'forwards', 'item': 'title'}
2026-03-01 16:14:51,800 : INFO : Timer.attract_carousel_timer : Starting Timer.
2026-03-01 16:14:51,800 : INFO : EventManager : Event: ======'timer_attract_carousel_timer_started'====== Args={'ticks': 0, 'ticks_remaining': 1}
2026-03-01 16:14:51,800 : INFO : EventManager : Event: ======'timer_attract_carousel_timer_tick'====== Args={'ticks': 0, 'ticks_remaining': 1}
2026-03-01 16:14:53,045 : INFO : SwitchController : <<<<<<< 's_inlane_right_1' active >>>>>>>
2026-03-01 16:14:53,045 : INFO : EventManager : Event: ======'sw_playfield_active'====== Args={}
2026-03-01 16:14:53,046 : INFO : EventManager : Event: ======'playfield_active'====== Args={'source': None}
2026-03-01 16:14:53,046 : INFO : EventManager : Event: ======'unexpected_ball_on_playfield'====== Args={}
2026-03-01 16:14:53,167 : INFO : SwitchController : <<<<<<< 's_inlane_right_1' inactive >>>>>>>
2026-03-01 16:14:54,552 : INFO : SwitchController : <<<<<<< 's_inlane_right_1' active >>>>>>>
2026-03-01 16:14:54,552 : INFO : EventManager : Event: ======'sw_playfield_active'====== Args={}
2026-03-01 16:14:54,552 : INFO : EventManager : Event: ======'playfield_active'====== Args={'source': None}
2026-03-01 16:14:54,552 : INFO : EventManager : Event: ======'unexpected_ball_on_playfield'====== Args={}
2026-03-01 16:14:54,701 : INFO : SwitchController : <<<<<<< 's_inlane_right_1' inactive >>>>>>>
2026-03-01 16:14:54,781 : INFO : SwitchController : <<<<<<< 's_inlane_right_1' active >>>>>>>
2026-03-01 16:14:54,781 : INFO : EventManager : Event: ======'sw_playfield_active'====== Args={}
2026-03-01 16:14:54,781 : INFO : EventManager : Event: ======'playfield_active'====== Args={'source': None}
2026-03-01 16:14:54,782 : INFO : EventManager : Event: ======'unexpected_ball_on_playfield'====== Args={}
2026-03-01 16:14:54,914 : INFO : SwitchController : <<<<<<< 's_inlane_right_1' inactive >>>>>>>
2026-03-01 16:14:54,998 : INFO : SwitchController : <<<<<<< 's_inlane_right_1' active >>>>>>>
2026-03-01 16:14:54,998 : INFO : EventManager : Event: ======'sw_playfield_active'====== Args={}
2026-03-01 16:14:54,998 : INFO : EventManager : Event: ======'playfield_active'====== Args={'source': None}
2026-03-01 16:14:54,998 : INFO : EventManager : Event: ======'unexpected_ball_on_playfield'====== Args={}
2026-03-01 16:14:55,101 : INFO : SwitchController : <<<<<<< 's_inlane_right_1' inactive >>>>>>>
2026-03-01 16:14:56,800 : INFO : Timer.attract_carousel_timer : Timer Complete
2026-03-01 16:14:56,800 : INFO : Timer.attract_carousel_timer : Stopping Timer
2026-03-01 16:14:56,800 : INFO : EventManager : Event: ======'timer_attract_carousel_timer_stopped'====== Args={'ticks': 1, 'ticks_remaining': 1}
2026-03-01 16:14:56,800 : INFO : EventManager : Event: ======'timer_attract_carousel_timer_complete'====== Args={'ticks': 1, 'ticks_remaining': 1}
2026-03-01 16:14:56,801 : INFO : EventManager : Event: ======'carousel_item_highlighted'====== Args={'carousel': 'attract', 'direction': 'forwards', 'item': 'credits'}
2026-03-01 16:14:56,801 : INFO : Timer.attract_carousel_timer : Starting Timer.
2026-03-01 16:14:56,801 : INFO : EventManager : Event: ======'timer_attract_carousel_timer_started'====== Args={'ticks': 0, 'ticks_remaining': 1}
2026-03-01 16:14:56,801 : INFO : EventManager : Event: ======'timer_attract_carousel_timer_tick'====== Args={'ticks': 0, 'ticks_remaining': 1}
2026-03-01 16:14:58,709 : INFO : SwitchController : <<<<<<< 's_inlane_right_1' active >>>>>>>
2026-03-01 16:14:58,710 : INFO : EventManager : Event: ======'sw_playfield_active'====== Args={}
2026-03-01 16:14:58,710 : INFO : EventManager : Event: ======'playfield_active'====== Args={'source': None}
2026-03-01 16:14:58,710 : INFO : EventManager : Event: ======'unexpected_ball_on_playfield'====== Args={}
2026-03-01 16:14:58,857 : INFO : SwitchController : <<<<<<< 's_inlane_right_1' inactive >>>>>>>
2026-03-01 16:14:59,078 : INFO : SwitchController : <<<<<<< 's_inlane_right_1' active >>>>>>>
2026-03-01 16:14:59,078 : INFO : EventManager : Event: ======'sw_playfield_active'====== Args={}
2026-03-01 16:14:59,079 : INFO : EventManager : Event: ======'playfield_active'====== Args={'source': None}
2026-03-01 16:14:59,079 : INFO : EventManager : Event: ======'unexpected_ball_on_playfield'====== Args={}
2026-03-01 16:14:59,160 : INFO : SwitchController : <<<<<<< 's_inlane_right_1' inactive >>>>>>>
2026-03-01 16:14:59,294 : INFO : SwitchController : <<<<<<< 's_inlane_right_1' active >>>>>>>
2026-03-01 16:14:59,294 : INFO : EventManager : Event: ======'sw_playfield_active'====== Args={}
2026-03-01 16:14:59,294 : INFO : EventManager : Event: ======'playfield_active'====== Args={'source': None}
2026-03-01 16:14:59,294 : INFO : EventManager : Event: ======'unexpected_ball_on_playfield'====== Args={}
2026-03-01 16:14:59,403 : INFO : SwitchController : <<<<<<< 's_inlane_right_1' inactive >>>>>>>
2026-03-01 16:14:59,495 : INFO : SwitchController : <<<<<<< 's_inlane_right_1' active >>>>>>>
2026-03-01 16:14:59,495 : INFO : EventManager : Event: ======'sw_playfield_active'====== Args={}
2026-03-01 16:14:59,495 : INFO : EventManager : Event: ======'playfield_active'====== Args={'source': None}
2026-03-01 16:14:59,495 : INFO : EventManager : Event: ======'unexpected_ball_on_playfield'====== Args={}
2026-03-01 16:14:59,626 : INFO : SwitchController : <<<<<<< 's_inlane_right_1' inactive >>>>>>>
2026-03-01 16:14:59,675 : INFO : SwitchController : <<<<<<< 's_inlane_right_1' active >>>>>>>
2026-03-01 16:14:59,675 : INFO : EventManager : Event: ======'sw_playfield_active'====== Args={}
2026-03-01 16:14:59,676 : INFO : EventManager : Event: ======'playfield_active'====== Args={'source': None}
2026-03-01 16:14:59,676 : INFO : EventManager : Event: ======'unexpected_ball_on_playfield'====== Args={}
2026-03-01 16:14:59,904 : INFO : SwitchController : <<<<<<< 's_inlane_right_1' inactive >>>>>>>
2026-03-01 16:15:01,802 : INFO : Timer.attract_carousel_timer : Timer Complete
2026-03-01 16:15:01,802 : INFO : Timer.attract_carousel_timer : Stopping Timer
2026-03-01 16:15:01,802 : INFO : EventManager : Event: ======'timer_attract_carousel_timer_stopped'====== Args={'ticks': 1, 'ticks_remaining': 1}
2026-03-01 16:15:01,802 : INFO : EventManager : Event: ======'timer_attract_carousel_timer_complete'====== Args={'ticks': 1, 'ticks_remaining': 1}
2026-03-01 16:15:01,803 : INFO : EventManager : Event: ======'carousel_item_highlighted'====== Args={'carousel': 'attract', 'direction': 'forwards', 'item': 'logo'}
2026-03-01 16:15:01,803 : INFO : Timer.attract_carousel_timer : Starting Timer.
2026-03-01 16:15:01,803 : INFO : EventManager : Event: ======'timer_attract_carousel_timer_started'====== Args={'ticks': 0, 'ticks_remaining': 1}
2026-03-01 16:15:01,803 : INFO : EventManager : Event: ======'timer_attract_carousel_timer_tick'====== Args={'ticks': 0, 'ticks_remaining': 1}
2026-03-01 16:15:06,804 : INFO : Timer.attract_carousel_timer : Timer Complete
2026-03-01 16:15:06,804 : INFO : Timer.attract_carousel_timer : Stopping Timer
2026-03-01 16:15:06,804 : INFO : EventManager : Event: ======'timer_attract_carousel_timer_stopped'====== Args={'ticks': 1, 'ticks_remaining': 1}
2026-03-01 16:15:06,804 : INFO : EventManager : Event: ======'timer_attract_carousel_timer_complete'====== Args={'ticks': 1, 'ticks_remaining': 1}
2026-03-01 16:15:06,804 : INFO : EventManager : Event: ======'carousel_item_highlighted'====== Args={'carousel': 'attract', 'direction': 'forwards', 'item': 'title'}
2026-03-01 16:15:06,805 : INFO : Timer.attract_carousel_timer : Starting Timer.
2026-03-01 16:15:06,805 : INFO : EventManager : Event: ======'timer_attract_carousel_timer_started'====== Args={'ticks': 0, 'ticks_remaining': 1}
2026-03-01 16:15:06,805 : INFO : EventManager : Event: ======'timer_attract_carousel_timer_tick'====== Args={'ticks': 0, 'ticks_remaining': 1}
2026-03-01 16:15:11,806 : INFO : Timer.attract_carousel_timer : Timer Complete
2026-03-01 16:15:11,806 : INFO : Timer.attract_carousel_timer : Stopping Timer
2026-03-01 16:15:11,806 : INFO : EventManager : Event: ======'timer_attract_carousel_timer_stopped'====== Args={'ticks': 1, 'ticks_remaining': 1}
2026-03-01 16:15:11,806 : INFO : EventManager : Event: ======'timer_attract_carousel_timer_complete'====== Args={'ticks': 1, 'ticks_remaining': 1}
2026-03-01 16:15:11,806 : INFO : EventManager : Event: ======'carousel_item_highlighted'====== Args={'carousel': 'attract', 'direction': 'forwards', 'item': 'credits'}
2026-03-01 16:15:11,807 : INFO : Timer.attract_carousel_timer : Starting Timer.
2026-03-01 16:15:11,807 : INFO : EventManager : Event: ======'timer_attract_carousel_timer_started'====== Args={'ticks': 0, 'ticks_remaining': 1}
2026-03-01 16:15:11,807 : INFO : EventManager : Event: ======'timer_attract_carousel_timer_tick'====== Args={'ticks': 0, 'ticks_remaining': 1}
2026-03-01 16:15:15,088 : INFO : Machine : Shutting down...
2026-03-01 16:15:15,088 : INFO : EventManager : Event: ======'shutdown'====== Args={}
2026-03-01 16:15:15,195 : INFO : root : MPF run loop ended.
