2026-03-01 14:28:32,689 : INFO : root : Loading config.
2026-03-01 14:28:33,060 : INFO : ConfigProcessor : Config spec file cache created: /var/folders/1s/015t8n3n70gcr2ch4xflj4yr0000gn/T/config_spec.mpf_cache
2026-03-01 14:28:33,061 : INFO : YamlMultifileConfigLoader : Machine config file #1: config.yaml
2026-03-01 14:28:33,061 : INFO : ConfigProcessor : Loading config from cache: /var/folders/1s/015t8n3n70gcr2ch4xflj4yr0000gn/T/954ddabc670342668a09b03520c7eb79.mpf_cache
2026-03-01 14:28:33,122 : INFO : ConfigProcessor : Loading config from cache: /var/folders/1s/015t8n3n70gcr2ch4xflj4yr0000gn/T/64218df07edc412f774c53ffb33c812d.mpf_cache
2026-03-01 14:28:33,123 : INFO : ConfigProcessor : Loading config from cache: /var/folders/1s/015t8n3n70gcr2ch4xflj4yr0000gn/T/767518d75df2d86a4d35c1fb94c70abd.mpf_cache
2026-03-01 14:28:33,123 : INFO : ConfigProcessor : Loading config from cache: /var/folders/1s/015t8n3n70gcr2ch4xflj4yr0000gn/T/64218df07edc412f774c53ffb33c812d.mpf_cache
2026-03-01 14:28:33,124 : INFO : ConfigProcessor : Loading config from cache: /var/folders/1s/015t8n3n70gcr2ch4xflj4yr0000gn/T/73548cb541cc3751ae5711fe0817282a.mpf_cache
2026-03-01 14:28:33,124 : INFO : ConfigProcessor : Loading config from cache: /var/folders/1s/015t8n3n70gcr2ch4xflj4yr0000gn/T/57f006170cd447d443f971cd8b826597.mpf_cache
2026-03-01 14:28:33,124 : INFO : ConfigProcessor : Loading config from cache: /var/folders/1s/015t8n3n70gcr2ch4xflj4yr0000gn/T/adb0ea3e4ccf2dafa758999a39c1d676.mpf_cache
2026-03-01 14:28:33,125 : INFO : Machine : Mission Pinball Framework Core Engine v0.80.0.dev13
2026-03-01 14:28:33,125 : INFO : Machine : Command line arguments: {'no_load_cache': False, 'create_config_cache': True, 'bcp': True, 'configfile': ['config.yaml'], 'force_assets_load': False, 'platform_integration_test': False, 'jsonlogging': False, 'logfile': 'logs/2026-03-01-14-28-32-mpf-ANDREs-Mac-mini.local.log', 'pause': False, 'production': False, 'text_ui': True, 'loglevel': 15, 'consoleloglevel': 20, 'force_platform': None, 'syslog_address': None, 'full_logfile_path': '/Users/pinball/NapoleonDynamite/logs/2026-03-01-14-28-32-mpf-ANDREs-Mac-mini.local.log'}
2026-03-01 14:28:33,125 : INFO : Machine : MPF path: /Users/pinball/mpf/lib/python3.14/site-packages/mpf
2026-03-01 14:28:33,125 : INFO : Machine : Machine path: /Users/pinball/NapoleonDynamite
2026-03-01 14:28:33,125 : INFO : Machine : Platform: darwin
2026-03-01 14:28:33,126 : INFO : Machine : Python executable location: /Users/pinball/mpf/bin/python3.14
2026-03-01 14:28:33,126 : INFO : Machine : Python version: 3.14.3 (64-bit)
2026-03-01 14:28:33,127 : INFO : Machine : Initializing MPF...
2026-03-01 14:28:33,234 : INFO : FAST : Auto-detecting ports for the following connections: ['net', 'exp']
2026-03-01 14:28:33,257 : INFO : FAST : Detected NET on port /dev/cu.usbmodem14101
2026-03-01 14:28:33,265 : INFO : FAST : Detected EXP on port /dev/cu.usbmodem14103
2026-03-01 14:28:33,370 : INFO : FAST [NET] : Trying to connect to /dev/cu.usbmodem14101 at 921600bps
2026-03-01 14:28:33,375 : INFO : FAST [NET] : Connected to /dev/cu.usbmodem14101 at 921600bps
2026-03-01 14:28:33,377 : INFO : FAST [NET] : Connected to FP-CPU-2000 with firmware v02.26
2026-03-01 14:28:33,380 : INFO : FAST [NET] : Registered I/O Board 0: Model: FP-I/O-0024, Firmware: 01.10, Switches: 24, Drivers: 8
2026-03-01 14:28:33,381 : INFO : FAST [NET] : Registered I/O Board 1: Model: FP-I/O-3208, Firmware: 01.10, Switches: 32, Drivers: 8
2026-03-01 14:28:33,383 : INFO : FAST [NET] : Registered I/O Board 2: Model: FP-I/O-0804, Firmware: 01.10, Switches: 8, Drivers: 4
2026-03-01 14:28:33,384 : INFO : FAST [EXP] : Trying to connect to /dev/cu.usbmodem14103 at 921600bps
2026-03-01 14:28:33,390 : INFO : FAST [EXP] : Connected to /dev/cu.usbmodem14103 at 921600bps
2026-03-01 14:28:33,391 : INFO : FAST [EXP] : Verifying hardware for EXP "neuron" (FP-EXP-2000, @48) with ID string "EXP FP-EXP-2000  0.34", board address 48
2026-03-01 14:28:33,392 : INFO : FAST [EXP] : Verifying hardware for EXP "neuron" (FP-EXP-2000, @48) with ID string "LED FP-BRK-0001  0.8", board address 480
2026-03-01 14:28:33,393 : INFO : EventManager : Event: ======'machine_var_credits_string'====== Args={'value': 'FREE PLAY', 'prev_value': None, 'change': True}
2026-03-01 14:28:33,409 : INFO : EventManager : Event: ======'machine_var_master_volume'====== Args={'value': 0.5, 'prev_value': None, 'change': True}
2026-03-01 14:28:33,409 : INFO : EventManager : Event: ======'machine_var_mpf_version'====== Args={'value': 'Mission Pinball Framework v0.80.0.dev13', 'prev_value': None, 'change': True}
2026-03-01 14:28:33,409 : INFO : EventManager : Event: ======'machine_var_mpf_extended_version'====== Args={'value': 'Mission Pinball Framework v0.80.0.dev13, Config version:6, Show version: 6, BCP version:1.1', 'prev_value': None, 'change': True}
2026-03-01 14:28:33,410 : INFO : EventManager : Event: ======'machine_var_python_version'====== Args={'value': '3.14.3', 'prev_value': None, 'change': True}
2026-03-01 14:28:33,428 : INFO : EventManager : Event: ======'machine_var_platform'====== Args={'value': 'macOS-14.8.4-x86_64-i386-64bit-Mach-O', 'prev_value': None, 'change': True}
2026-03-01 14:28:33,428 : INFO : EventManager : Event: ======'machine_var_platform_system'====== Args={'value': 'Darwin', 'prev_value': None, 'change': True}
2026-03-01 14:28:33,428 : INFO : EventManager : Event: ======'machine_var_platform_release'====== Args={'value': '23.6.0', 'prev_value': None, 'change': True}
2026-03-01 14:28:33,429 : INFO : EventManager : Event: ======'machine_var_platform_version'====== Args={'value': 'Darwin Kernel Version 23.6.0: Mon Jan 19 22:02:22 PST 2026; root:xnu-10063.141.1.710.3~1/RELEASE_X86_64', 'prev_value': None, 'change': True}
2026-03-01 14:28:33,429 : INFO : EventManager : Event: ======'machine_var_platform_machine'====== Args={'value': 'x86_64', 'prev_value': None, 'change': True}
2026-03-01 14:28:33,429 : INFO : EventManager : Event: ======'machine_var_log_file_path'====== Args={'value': '/Users/pinball/NapoleonDynamite/logs/2026-03-01-14-28-32-mpf-ANDREs-Mac-mini.local.log', 'prev_value': None, 'change': True}
2026-03-01 14:28:33,429 : INFO : EventManager : Event: ======'init_phase_1'====== Args={}
2026-03-01 14:28:33,601 : INFO : SwitchController : <<<<<<< 's_flipper_left_eos' active >>>>>>>
2026-03-01 14:28:33,601 : INFO : SwitchController : <<<<<<< 's_flipper_right_lower_eos' active >>>>>>>
2026-03-01 14:28:33,601 : INFO : SwitchController : <<<<<<< 's_trough_7' active >>>>>>>
2026-03-01 14:28:33,601 : INFO : SwitchController : <<<<<<< 's_bumper_lower' active >>>>>>>
2026-03-01 14:28:33,602 : INFO : SwitchController : <<<<<<< 's_bumper_upper' active >>>>>>>
2026-03-01 14:28:33,602 : INFO : SwitchController : <<<<<<< 's_inlane_right_2' active >>>>>>>
2026-03-01 14:28:33,602 : INFO : SwitchController : <<<<<<< 's_inlane_left' active >>>>>>>
2026-03-01 14:28:33,633 : INFO : EventManager : Event: ======'init_phase_2'====== Args={}
2026-03-01 14:28:33,634 : INFO : SwitchController : Found active switch: (37, [FAST Platform Interface]) <switch.s_flipper_left_eos>
2026-03-01 14:28:33,634 : INFO : SwitchController : Found active switch: (32, [FAST Platform Interface]) <switch.s_flipper_right_lower_eos>
2026-03-01 14:28:33,634 : INFO : SwitchController : Found active switch: (30, [FAST Platform Interface]) <switch.s_trough_7>
2026-03-01 14:28:33,634 : INFO : SwitchController : Found active switch: (41, [FAST Platform Interface]) <switch.s_bumper_lower>
2026-03-01 14:28:33,634 : INFO : SwitchController : Found active switch: (42, [FAST Platform Interface]) <switch.s_bumper_upper>
2026-03-01 14:28:33,634 : INFO : SwitchController : Found active switch: (36, [FAST Platform Interface]) <switch.s_inlane_right_2>
2026-03-01 14:28:33,635 : INFO : SwitchController : Found active switch: (39, [FAST Platform Interface]) <switch.s_inlane_left>
2026-03-01 14:28:33,640 : INFO : EventManager : Event: ======'bcp_connection_attempt'====== Args={'name': 'local_display', 'host': 'localhost', 'port': 5050}
2026-03-01 14:28:33,642 : INFO : BCPClientSocket : Connecting BCP to 'local_display' at localhost:5050...
2026-03-01 14:28:33,648 : INFO : BCPClientSocket : Connected BCP to 'local_display' localhost:5050
2026-03-01 14:28:33,651 : INFO : EventManager : Event: ======'bcp_clients_connected'====== Args={}
2026-03-01 14:28:34,103 : INFO : ball_device.bd_trough : BCH: Initial count: 1
2026-03-01 14:28:34,104 : INFO : ball_device.bd_trough : State: idle
2026-03-01 14:28:34,105 : INFO : ball_device.bd_plunger : BCH: Initial count: 0
2026-03-01 14:28:34,105 : INFO : ball_device.bd_plunger : State: idle
2026-03-01 14:28:34,121 : INFO : EventManager : Event: ======'init_phase_3'====== Args={}
2026-03-01 14:28:34,124 : INFO : EventManager : Event: ======'init_phase_4'====== Args={}
2026-03-01 14:28:34,124 : INFO : BallController : Initial balls found: 1
2026-03-01 14:28:34,125 : INFO : EventManager : Event: ======'machine_var_audits_events_game_ended'====== Args={'value': 0, 'prev_value': None, 'change': True}
2026-03-01 14:28:34,126 : INFO : EventManager : Event: ======'machine_var_audits_events_game_started'====== Args={'value': 23, 'prev_value': None, 'change': True}
2026-03-01 14:28:34,126 : INFO : EventManager : Event: ======'machine_var_audits_missing_switches_s_bumper_lower'====== Args={'value': 14, 'prev_value': None, 'change': True}
2026-03-01 14:28:34,126 : INFO : EventManager : Event: ======'machine_var_audits_missing_switches_s_bumper_upper'====== Args={'value': 15, 'prev_value': None, 'change': True}
2026-03-01 14:28:34,126 : INFO : EventManager : Event: ======'machine_var_audits_missing_switches_s_flipper_left'====== Args={'value': 3, 'prev_value': None, 'change': True}
2026-03-01 14:28:34,126 : INFO : EventManager : Event: ======'machine_var_audits_missing_switches_s_flipper_left_eos'====== Args={'value': 5, 'prev_value': None, 'change': True}
2026-03-01 14:28:34,126 : INFO : EventManager : Event: ======'machine_var_audits_missing_switches_s_flipper_right_lower'====== Args={'value': 3, 'prev_value': None, 'change': True}
2026-03-01 14:28:34,126 : INFO : EventManager : Event: ======'machine_var_audits_missing_switches_s_flipper_right_lower_eos'====== Args={'value': 5, 'prev_value': None, 'change': True}
2026-03-01 14:28:34,126 : INFO : EventManager : Event: ======'machine_var_audits_missing_switches_s_flipper_right_upper'====== Args={'value': 3, 'prev_value': None, 'change': True}
2026-03-01 14:28:34,126 : INFO : EventManager : Event: ======'machine_var_audits_missing_switches_s_flipper_right_upper_eos'====== Args={'value': 9, 'prev_value': None, 'change': True}
2026-03-01 14:28:34,126 : INFO : EventManager : Event: ======'machine_var_audits_missing_switches_s_inlane_left'====== Args={'value': 14, 'prev_value': None, 'change': True}
2026-03-01 14:28:34,126 : INFO : EventManager : Event: ======'machine_var_audits_missing_switches_s_inlane_right_1'====== Args={'value': 6, 'prev_value': None, 'change': True}
2026-03-01 14:28:34,126 : INFO : EventManager : Event: ======'machine_var_audits_missing_switches_s_inlane_right_2'====== Args={'value': 14, 'prev_value': None, 'change': True}
2026-03-01 14:28:34,127 : INFO : EventManager : Event: ======'machine_var_audits_missing_switches_s_plunger_lane'====== Args={'value': 1, 'prev_value': None, 'change': True}
2026-03-01 14:28:34,127 : INFO : EventManager : Event: ======'machine_var_audits_missing_switches_s_scoop_tina'====== Args={'value': 11, 'prev_value': None, 'change': True}
2026-03-01 14:28:34,127 : INFO : EventManager : Event: ======'machine_var_audits_missing_switches_s_sling_left'====== Args={'value': 3, 'prev_value': None, 'change': True}
2026-03-01 14:28:34,127 : INFO : EventManager : Event: ======'machine_var_audits_missing_switches_s_sling_right'====== Args={'value': 3, 'prev_value': None, 'change': True}
2026-03-01 14:28:34,127 : INFO : EventManager : Event: ======'machine_var_audits_missing_switches_s_start'====== Args={'value': 4, 'prev_value': None, 'change': True}
2026-03-01 14:28:34,127 : INFO : EventManager : Event: ======'machine_var_audits_player_score'====== Args={'value': {'average': 0, 'top': [], 'total': 0}, 'prev_value': None, 'change': True}
2026-03-01 14:28:34,127 : INFO : EventManager : Event: ======'machine_var_audits_shots_bumper_lower'====== Args={'value': 76, 'prev_value': None, 'change': True}
2026-03-01 14:28:34,127 : INFO : EventManager : Event: ======'machine_var_audits_shots_bumper_upper'====== Args={'value': 81, 'prev_value': None, 'change': True}
2026-03-01 14:28:34,127 : INFO : EventManager : Event: ======'machine_var_audits_shots_hurryup'====== Args={'value': 3, 'prev_value': None, 'change': True}
2026-03-01 14:28:34,127 : INFO : EventManager : Event: ======'machine_var_audits_shots_inlane_left'====== Args={'value': 17, 'prev_value': None, 'change': True}
2026-03-01 14:28:34,127 : INFO : EventManager : Event: ======'machine_var_audits_shots_left_lane'====== Args={'value': 8, 'prev_value': None, 'change': True}
2026-03-01 14:28:34,127 : INFO : EventManager : Event: ======'machine_var_audits_switches_s_bumper_lower'====== Args={'value': 76, 'prev_value': None, 'change': True}
2026-03-01 14:28:34,128 : INFO : EventManager : Event: ======'machine_var_audits_switches_s_bumper_upper'====== Args={'value': 81, 'prev_value': None, 'change': True}
2026-03-01 14:28:34,128 : INFO : EventManager : Event: ======'machine_var_audits_switches_s_flipper_left'====== Args={'value': 346, 'prev_value': None, 'change': True}
2026-03-01 14:28:34,128 : INFO : EventManager : Event: ======'machine_var_audits_switches_s_flipper_left_eos'====== Args={'value': 180, 'prev_value': None, 'change': True}
2026-03-01 14:28:34,128 : INFO : EventManager : Event: ======'machine_var_audits_switches_s_flipper_right_lower'====== Args={'value': 338, 'prev_value': None, 'change': True}
2026-03-01 14:28:34,128 : INFO : EventManager : Event: ======'machine_var_audits_switches_s_flipper_right_lower_eos'====== Args={'value': 161, 'prev_value': None, 'change': True}
2026-03-01 14:28:34,128 : INFO : EventManager : Event: ======'machine_var_audits_switches_s_flipper_right_upper'====== Args={'value': 354, 'prev_value': None, 'change': True}
2026-03-01 14:28:34,128 : INFO : EventManager : Event: ======'machine_var_audits_switches_s_flipper_right_upper_eos'====== Args={'value': 43, 'prev_value': None, 'change': True}
2026-03-01 14:28:34,128 : INFO : EventManager : Event: ======'machine_var_audits_switches_s_inlane_left'====== Args={'value': 27, 'prev_value': None, 'change': True}
2026-03-01 14:28:34,128 : INFO : EventManager : Event: ======'machine_var_audits_switches_s_inlane_right_1'====== Args={'value': 14, 'prev_value': None, 'change': True}
2026-03-01 14:28:34,128 : INFO : EventManager : Event: ======'machine_var_audits_switches_s_inlane_right_2'====== Args={'value': 3, 'prev_value': None, 'change': True}
2026-03-01 14:28:34,128 : INFO : EventManager : Event: ======'machine_var_audits_switches_s_plunger_lane'====== Args={'value': 22, 'prev_value': None, 'change': True}
2026-03-01 14:28:34,128 : INFO : EventManager : Event: ======'machine_var_audits_switches_s_scoop_tina'====== Args={'value': 1, 'prev_value': None, 'change': True}
2026-03-01 14:28:34,128 : INFO : EventManager : Event: ======'machine_var_audits_switches_s_sling_left'====== Args={'value': 186, 'prev_value': None, 'change': True}
2026-03-01 14:28:34,129 : INFO : EventManager : Event: ======'machine_var_audits_switches_s_sling_right'====== Args={'value': 24, 'prev_value': None, 'change': True}
2026-03-01 14:28:34,129 : INFO : EventManager : Event: ======'machine_var_audits_switches_s_start'====== Args={'value': 27, 'prev_value': None, 'change': True}
2026-03-01 14:28:34,129 : INFO : EventManager : Event: ======'machine_var_audits_switches_s_trough_1'====== Args={'value': 112, 'prev_value': None, 'change': True}
2026-03-01 14:28:34,129 : INFO : EventManager : Event: ======'machine_var_audits_switches_s_trough_2'====== Args={'value': 95, 'prev_value': None, 'change': True}
2026-03-01 14:28:34,129 : INFO : EventManager : Event: ======'machine_var_audits_switches_s_trough_3'====== Args={'value': 118, 'prev_value': None, 'change': True}
2026-03-01 14:28:34,129 : INFO : EventManager : Event: ======'machine_var_audits_switches_s_trough_4'====== Args={'value': 166, 'prev_value': None, 'change': True}
2026-03-01 14:28:34,129 : INFO : EventManager : Event: ======'machine_var_audits_switches_s_trough_5'====== Args={'value': 183, 'prev_value': None, 'change': True}
2026-03-01 14:28:34,129 : INFO : EventManager : Event: ======'machine_var_audits_switches_s_trough_6'====== Args={'value': 183, 'prev_value': None, 'change': True}
2026-03-01 14:28:34,129 : INFO : EventManager : Event: ======'machine_var_audits_switches_s_trough_7'====== Args={'value': 160, 'prev_value': None, 'change': True}
2026-03-01 14:28:34,130 : INFO : EventManager : Event: ======'init_phase_5'====== Args={}
2026-03-01 14:28:34,130 : INFO : ball_device.bd_trough : BCH: Count is unstable. Trying to reorder balls.
2026-03-01 14:28:34,130 : WARNING : ball_device.bd_trough : Cannot reorder device because eject_coil_reorder_pulse is not configured
2026-03-01 14:28:34,130 : INFO : ball_device.bd_trough : BCH: Repulse done. Waiting for balls to settle.
2026-03-01 14:28:34,131 : INFO : ball_device.bd_trough : BCH: Reordered count: 1
2026-03-01 14:28:34,131 : INFO : EventManager : Event: ======'init_done'====== Args={}
2026-03-01 14:28:34,131 : INFO : EventManager : Event: ======'machine_reset_phase_1'====== Args={}
2026-03-01 14:28:34,148 : INFO : EventManager : Event: ======'machine_reset_phase_2'====== Args={}
2026-03-01 14:28:34,149 : INFO : EventManager : Event: ======'machine_reset_phase_3'====== Args={}
2026-03-01 14:28:34,150 : INFO : EventManager : Event: ======'reset_complete'====== Args={}
2026-03-01 14:28:34,150 : INFO : EventManager : Event: ======'mode_attract_will_start'====== Args={}
2026-03-01 14:28:34,151 : INFO : Timer.attract_carousel_timer : Starting Timer.
2026-03-01 14:28:34,151 : INFO : EventManager : Event: ======'timer_attract_carousel_timer_started'====== Args={'ticks': 0, 'ticks_remaining': 1}
2026-03-01 14:28:34,151 : INFO : EventManager : Event: ======'timer_attract_carousel_timer_tick'====== Args={'ticks': 0, 'ticks_remaining': 1}
2026-03-01 14:28:34,152 : INFO : EventManager : Event: ======'mode_attract_starting'====== Args={}
2026-03-01 14:28:34,152 : INFO : Mode.attract : Started. Priority: 10
2026-03-01 14:28:34,152 : INFO : EventManager : Event: ======'modes_active_modes_changed'====== Args={}
2026-03-01 14:28:34,153 : INFO : EventManager : Event: ======'mode_attract_started'====== Args={}
2026-03-01 14:28:34,154 : INFO : EventManager : Event: ======'collecting_balls_complete'====== Args={}
2026-03-01 14:28:34,155 : INFO : EventManager : Event: ======'carousel_item_highlighted'====== Args={'carousel': 'attract', 'direction': None, 'item': 'title'}
2026-03-01 14:28:34,155 : INFO : EventManager : Event: ======'timer_attract_carousel_timer_tick'====== Args={'ticks': 0, 'ticks_remaining': 1}
2026-03-01 14:28:34,156 : INFO : Machine : Starting the main run loop with active modes: [<Mode.attract>]
2026-03-01 14:28:34,376 : INFO : EventManager : Event: ======'slide_attract_created'====== Args={'_from_bcp': True}
2026-03-01 14:28:34,376 : INFO : EventManager : Event: ======'slide__removed'====== Args={'_from_bcp': True}
2026-03-01 14:28:34,376 : INFO : EventManager : Event: ======'slide_attract_active'====== Args={'original_context': 'attract', 'original_calling_context': 'mode_attract_started', 'priority': 10.0, 'cmd': 'slides_play', '_from_bcp': True}
2026-03-01 14:28:39,155 : INFO : Timer.attract_carousel_timer : Timer Complete
2026-03-01 14:28:39,156 : INFO : Timer.attract_carousel_timer : Stopping Timer
2026-03-01 14:28:39,156 : INFO : EventManager : Event: ======'timer_attract_carousel_timer_stopped'====== Args={'ticks': 1, 'ticks_remaining': 1}
2026-03-01 14:28:39,156 : INFO : EventManager : Event: ======'timer_attract_carousel_timer_complete'====== Args={'ticks': 1, 'ticks_remaining': 1}
2026-03-01 14:28:39,156 : INFO : EventManager : Event: ======'carousel_item_highlighted'====== Args={'carousel': 'attract', 'direction': 'forwards', 'item': 'credits'}
2026-03-01 14:28:39,157 : INFO : Timer.attract_carousel_timer : Starting Timer.
2026-03-01 14:28:39,157 : INFO : EventManager : Event: ======'timer_attract_carousel_timer_started'====== Args={'ticks': 0, 'ticks_remaining': 1}
2026-03-01 14:28:39,157 : INFO : EventManager : Event: ======'timer_attract_carousel_timer_tick'====== Args={'ticks': 0, 'ticks_remaining': 1}
2026-03-01 14:28:39,477 : INFO : SwitchController : <<<<<<< 's_start' active >>>>>>>
2026-03-01 14:28:39,558 : INFO : SwitchController : <<<<<<< 's_start' inactive >>>>>>>
2026-03-01 14:28:39,558 : INFO : EventManager : Event: ======'request_to_start_game'====== Args={}
2026-03-01 14:28:39,558 : INFO : EventManager : Event: ======'game_start'====== Args={'buttons': [], 'hold_time': 0.08050978199935344}
2026-03-01 14:28:39,558 : INFO : EventManager : Event: ======'mode_game_will_start'====== Args={'buttons': [], 'hold_time': 0.08050978199935344}
2026-03-01 14:28:39,559 : INFO : EventManager : Event: ======'mode_game_starting'====== Args={'buttons': [], 'hold_time': 0.08050978199935344}
2026-03-01 14:28:39,559 : INFO : EventManager : Event: ======'mode_attract_will_stop'====== Args={}
2026-03-01 14:28:39,559 : INFO : EventManager : Event: ======'mode_attract_stopping'====== Args={}
2026-03-01 14:28:39,559 : INFO : Mode.attract : Stopped.
2026-03-01 14:28:39,559 : INFO : EventManager : Event: ======'modes_active_modes_changed'====== Args={}
2026-03-01 14:28:39,560 : INFO : EventManager : Event: ======'mode_attract_stopped'====== Args={}
2026-03-01 14:28:39,560 : INFO : EventManager : Event: ======'clear'====== Args={'key': 'attract'}
2026-03-01 14:28:39,561 : INFO : Timer.attract_carousel_timer : Stopping Timer
2026-03-01 14:28:39,561 : INFO : EventManager : Event: ======'timer_attract_carousel_timer_stopped'====== Args={'ticks': 0, 'ticks_remaining': 1}
2026-03-01 14:28:39,561 : INFO : Mode.game : Started. Priority: 20
2026-03-01 14:28:39,561 : INFO : EventManager : Event: ======'modes_active_modes_changed'====== Args={}
2026-03-01 14:28:39,561 : INFO : EventManager : Event: ======'mode_game_started'====== Args={'buttons': [], 'hold_time': 0.08050978199935344}
2026-03-01 14:28:39,562 : INFO : EventManager : Event: ======'game_will_start'====== Args={}
2026-03-01 14:28:39,562 : INFO : EventManager : Event: ======'game_starting'====== Args={'game': <Mode.game>}
2026-03-01 14:28:39,563 : INFO : EventManager : Unordered handler for class <Auditor> on event game_ended with priority 1. Handlers: [RegisteredHandler(callback=<bound method Auditor.disable of <Auditor>>, priority=1, kwargs={}, key=UUID('895e50f7-2232-4b48-afff-fe9ac7195e47'), condition=None, blocking_facility=None), RegisteredHandler(callback=<bound method Auditor._save_audits of <Auditor>>, priority=1, kwargs={}, key=UUID('55dadc83-01fb-424d-8472-55852f2b2833'), condition=None, blocking_facility=None)]. The order of those handlers is not defined and they will be executed in random order. This might lead to race conditions and potential bugs.
2026-03-01 14:28:39,563 : INFO : EventManager : Event: ======'player_add_request'====== Args={}
2026-03-01 14:28:39,563 : INFO : EventManager : Event: ======'player_will_add'====== Args={'number': 1}
2026-03-01 14:28:39,563 : INFO : EventManager : Event: ======'player_adding'====== Args={'player': <Player 1>, 'number': 1}
2026-03-01 14:28:39,564 : INFO : EventManager : Event: ======'player_added'====== Args={'player': <Player 1>, 'num': 1}
2026-03-01 14:28:39,564 : INFO : Mode.game : Player added successfully. Total players: 1
2026-03-01 14:28:39,564 : INFO : EventManager : Event: ======'player_index'====== Args={'value': 0, 'prev_value': 0, 'change': 0, 'player_num': 1}
2026-03-01 14:28:39,564 : INFO : EventManager : Event: ======'player_number'====== Args={'value': 1, 'prev_value': 1, 'change': 0, 'player_num': 1}
2026-03-01 14:28:39,565 : INFO : EventManager : Event: ======'player_score'====== Args={'value': 0, 'prev_value': 0, 'change': 0, 'player_num': 1}
2026-03-01 14:28:39,566 : INFO : EventManager : Event: ======'game_started'====== Args={}
2026-03-01 14:28:39,566 : INFO : EventManager : Event: ======'player_turn_will_start'====== Args={'player': <Player 1>, 'number': 1}
2026-03-01 14:28:39,572 : INFO : EventManager : Event: ======'player_turn_starting'====== Args={'player': <Player 1>, 'number': 1}
2026-03-01 14:28:39,581 : INFO : EventManager : Event: ======'player_ball'====== Args={'value': 1, 'prev_value': 0, 'change': 1, 'player_num': 1}
2026-03-01 14:28:39,581 : INFO : EventManager : Event: ======'player_turn_started'====== Args={'player': <Player 1>, 'number': 1}
2026-03-01 14:28:39,582 : INFO : EventManager : Event: ======'ball_will_start'====== Args={'player': 1, 'ball': 1, 'balls_remaining': 2, 'is_extra_ball': False}
2026-03-01 14:28:39,582 : INFO : EventManager : Event: ======'ball_starting'====== Args={'player': 1, 'ball': 1, 'balls_remaining': 2, 'is_extra_ball': False}
2026-03-01 14:28:39,583 : INFO : EventManager : Event: ======'mode_base_will_start'====== Args={'queue': <QueuedEvent>, 'player': 1, 'ball': 1, 'balls_remaining': 2, 'is_extra_ball': False}
2026-03-01 14:28:39,583 : INFO : EventManager : Event: ======'player_shot_left_lane_enabled'====== Args={'value': True, 'prev_value': 0, 'change': 1, 'player_num': 1}
2026-03-01 14:28:39,584 : INFO : EventManager : Event: ======'mode_base_starting'====== Args={'queue': <QueuedEvent>, 'player': 1, 'ball': 1, 'balls_remaining': 2, 'is_extra_ball': False}
2026-03-01 14:28:39,584 : INFO : Mode.base : Started. Priority: 100
2026-03-01 14:28:39,584 : INFO : EventManager : Event: ======'modes_active_modes_changed'====== Args={}
2026-03-01 14:28:39,584 : INFO : EventManager : Event: ======'mode_base_started'====== Args={'queue': <QueuedEvent>, 'player': 1, 'ball': 1, 'balls_remaining': 2, 'is_extra_ball': False}
2026-03-01 14:28:39,585 : INFO : EventManager : Event: ======'start_mode_bumpers'====== Args={'priority': 0}
2026-03-01 14:28:39,585 : INFO : EventManager : Event: ======'mode_bumpers_will_start'====== Args={'priority': 0}
2026-03-01 14:28:39,585 : INFO : EventManager : Event: ======'player_shot_bumper_lower_enabled'====== Args={'value': True, 'prev_value': 0, 'change': 1, 'player_num': 1}
2026-03-01 14:28:39,586 : INFO : EventManager : Event: ======'player_shot_bumper_upper_enabled'====== Args={'value': True, 'prev_value': 0, 'change': 1, 'player_num': 1}
2026-03-01 14:28:39,586 : INFO : EventManager : Event: ======'bumpers_complete'====== Args={'state': 'unlit'}
2026-03-01 14:28:39,586 : INFO : EventManager : Event: ======'bumpers_unlit_complete'====== Args={}
2026-03-01 14:28:39,587 : INFO : EventManager : Event: ======'mode_bumpers_starting'====== Args={'priority': 0}
2026-03-01 14:28:39,587 : INFO : Mode.bumpers : Started. Priority: 200
2026-03-01 14:28:39,587 : INFO : EventManager : Event: ======'modes_active_modes_changed'====== Args={}
2026-03-01 14:28:39,587 : INFO : EventManager : Event: ======'mode_bumpers_started'====== Args={'priority': 0}
2026-03-01 14:28:39,587 : INFO : EventManager : Event: ======'balls_in_play'====== Args={'balls': 1}
2026-03-01 14:28:39,587 : INFO : EventManager : Event: ======'ball_started'====== Args={'player': 1, 'ball': 1, 'balls_remaining': 2, 'is_extra_ball': False}
2026-03-01 14:28:39,588 : INFO : EventManager : Event: ======'single_player_ball_started'====== Args={}
2026-03-01 14:28:39,589 : INFO : EventManager : Event: ======'ball_start_target'====== Args={'target': 'playfield'}
2026-03-01 14:28:39,589 : INFO : ball_device.bd_trough : Setting up player-controlled eject. Balls: 1, Target: <playfield.playfield>, player_controlled_eject_event: None
2026-03-01 14:28:39,589 : INFO : ball_device.bd_trough : Adding 1 ball(s) to the eject_queue with target <playfield.playfield>.
2026-03-01 14:28:39,589 : INFO : EventManager : Event: ======'balldevice_balls_available'====== Args={}
2026-03-01 14:28:39,590 : INFO : ball_device.bd_trough : BCH: Count is unstable. Trying to reorder balls.
2026-03-01 14:28:39,590 : WARNING : ball_device.bd_trough : Cannot reorder device because eject_coil_reorder_pulse is not configured
2026-03-01 14:28:39,590 : INFO : ball_device.bd_trough : BCH: Repulse done. Waiting for balls to settle.
2026-03-01 14:28:39,590 : INFO : ball_device.bd_trough : State: waiting_for_target_ready
2026-03-01 14:28:39,591 : INFO : EventManager : Event: ======'balldevice_bd_trough_ball_eject_attempt'====== Args={'balls': 1, 'target': <ball_device.bd_plunger>, 'source': <ball_device.bd_trough>, 'mechanical_eject': False, 'num_attempts': 0}
2026-03-01 14:28:39,591 : INFO : ball_device.bd_plunger : State: waiting_for_ball
2026-03-01 14:28:39,591 : INFO : ball_device.bd_trough : State: ejecting
2026-03-01 14:28:39,591 : INFO : ball_device.bd_trough : Ejecting ball to <ball_device.bd_plunger>
2026-03-01 14:28:39,591 : INFO : EventManager : Event: ======'balldevice_bd_trough_ejecting_ball'====== Args={'balls': 1, 'target': <ball_device.bd_plunger>, 'source': <ball_device.bd_trough>, 'mechanical_eject': False, 'num_attempts': 0}
2026-03-01 14:28:39,596 : INFO : ball_device.bd_trough : Wait for ball to leave device
2026-03-01 14:28:39,596 : INFO : coil.c_trough_eject : Pulsing Driver for 20ms (1.0 pulse_power)
2026-03-01 14:28:39,615 : INFO : EventManager : Event: ======'slide_base_slide_created'====== Args={'_from_bcp': True}
2026-03-01 14:28:39,615 : INFO : EventManager : Event: ======'slide_attract_inactive'====== Args={'is_removing': True, '_from_bcp': True}
2026-03-01 14:28:39,616 : INFO : EventManager : Event: ======'slide_base_slide_active'====== Args={'original_context': 'base', 'original_calling_context': 'mode_base_started', 'priority': 100.0, 'queue': '<QueuedEvent>', 'player': 1.0, 'ball': 1.0, 'balls_remaining': 2.0, 'is_extra_ball': False, 'cmd': 'slides_play', '_from_bcp': True}
2026-03-01 14:28:39,616 : INFO : EventManager : Event: ======'slide_attract_removed'====== Args={'_from_bcp': True}
2026-03-01 14:28:39,620 : INFO : SwitchController : <<<<<<< 's_trough_1' active >>>>>>>
2026-03-01 14:28:39,620 : INFO : EventManager : Event: ======'machine_var_audits_switches_s_trough_1'====== Args={'value': 113, 'prev_value': 112, 'change': 1}
2026-03-01 14:28:39,621 : INFO : SwitchController : <<<<<<< 's_trough_7' inactive >>>>>>>
2026-03-01 14:28:39,621 : INFO : ball_device.bd_trough : State: ball_left
2026-03-01 14:28:39,621 : INFO : ball_device.bd_trough : Ball left
2026-03-01 14:28:39,622 : INFO : ball_device.bd_trough : Wait for confirm with timeout 10.0
2026-03-01 14:28:39,635 : INFO : SwitchController : <<<<<<< 's_trough_7' active >>>>>>>
2026-03-01 14:28:39,635 : INFO : EventManager : Event: ======'machine_var_audits_switches_s_trough_7'====== Args={'value': 161, 'prev_value': 160, 'change': 1}
2026-03-01 14:28:39,745 : INFO : SwitchController : <<<<<<< 's_trough_2' active >>>>>>>
2026-03-01 14:28:39,745 : INFO : EventManager : Event: ======'machine_var_audits_switches_s_trough_2'====== Args={'value': 96, 'prev_value': 95, 'change': 1}
2026-03-01 14:28:39,747 : INFO : SwitchController : <<<<<<< 's_trough_4' active >>>>>>>
2026-03-01 14:28:39,747 : INFO : EventManager : Event: ======'machine_var_audits_switches_s_trough_4'====== Args={'value': 167, 'prev_value': 166, 'change': 1}
2026-03-01 14:28:39,748 : INFO : SwitchController : <<<<<<< 's_trough_5' active >>>>>>>
2026-03-01 14:28:39,748 : INFO : EventManager : Event: ======'machine_var_audits_switches_s_trough_5'====== Args={'value': 184, 'prev_value': 183, 'change': 1}
2026-03-01 14:28:39,749 : INFO : SwitchController : <<<<<<< 's_trough_3' active >>>>>>>
2026-03-01 14:28:39,749 : INFO : EventManager : Event: ======'machine_var_audits_switches_s_trough_3'====== Args={'value': 119, 'prev_value': 118, 'change': 1}
2026-03-01 14:28:39,753 : INFO : SwitchController : <<<<<<< 's_trough_6' active >>>>>>>
2026-03-01 14:28:39,753 : INFO : EventManager : Event: ======'machine_var_audits_switches_s_trough_6'====== Args={'value': 184, 'prev_value': 183, 'change': 1}
2026-03-01 14:28:39,768 : INFO : SwitchController : <<<<<<< 's_trough_3' inactive >>>>>>>
2026-03-01 14:28:39,768 : INFO : SwitchController : <<<<<<< 's_trough_4' inactive >>>>>>>
2026-03-01 14:28:39,769 : INFO : SwitchController : <<<<<<< 's_trough_2' inactive >>>>>>>
2026-03-01 14:28:39,770 : INFO : SwitchController : <<<<<<< 's_trough_5' inactive >>>>>>>
2026-03-01 14:28:39,776 : INFO : SwitchController : <<<<<<< 's_trough_1' inactive >>>>>>>
2026-03-01 14:28:49,623 : INFO : ball_device.bd_trough : State: failed_confirm
2026-03-01 14:28:49,623 : INFO : ball_device.bd_trough : Got timeout (10.0s) before confirm from <ball_device.bd_plunger>
2026-03-01 14:28:49,624 : INFO : ball_device.bd_plunger : Expecting incoming ball which may skip the device.
2026-03-01 14:28:49,624 : INFO : EventManager : Event: ======'balldevice_bd_plunger_ejecting_ball'====== Args={'balls': 1, 'target': <playfield.playfield>, 'source': <ball_device.bd_plunger>, 'mechanical_eject': False, 'num_attempts': 1}
2026-03-01 14:28:49,625 : INFO : ball_device.bd_trough : Got unknown balls. Assuming a ball returned.
2026-03-01 14:28:49,625 : INFO : EventManager : Event: ======'balldevice_bd_trough_ball_eject_failed'====== Args={'target': <ball_device.bd_plunger>, 'balls': 1, 'retry': True, 'num_attempts': 1}
2026-03-01 14:28:49,625 : INFO : EventManager : Event: ======'balldevice_bd_trough_ball_count_changed'====== Args={'balls': 2}
2026-03-01 14:28:49,625 : INFO : ball_device.bd_trough : Received unexpected ball
2026-03-01 14:28:49,625 : INFO : EventManager : Event: ======'balldevice_captured_from_playfield'====== Args={'balls': 1}
2026-03-01 14:28:49,625 : INFO : EventManager : Event: ======'sw_playfield_active'====== Args={'balls': 1}
2026-03-01 14:28:49,626 : INFO : EventManager : Event: ======'playfield_active'====== Args={'source': None}
2026-03-01 14:28:49,626 : INFO : EventManager : Event: ======'playfield_ball_count_change'====== Args={'balls': -1, 'change': -1}
2026-03-01 14:28:49,626 : INFO : EventManager : Event: ======'balldevice_playfield_ball_enter'====== Args={'new_balls': 1, 'unclaimed_balls': 1, 'device': <playfield.playfield>}
2026-03-01 14:28:49,626 : INFO : EventManager : Event: ======'playfield_ball_count_change'====== Args={'balls': 0, 'change': 1}
2026-03-01 14:28:49,627 : INFO : BallController : Found a new ball which was captured from playfield. Known balls: 2
2026-03-01 14:28:49,627 : INFO : EventManager : Event: ======'found_new_ball'====== Args={}
2026-03-01 14:28:49,627 : INFO : EventManager : Event: ======'balldevice_bd_trough_ball_enter'====== Args={'new_balls': 1, 'unclaimed_balls': 1, 'new_available_balls': 1, 'device': <ball_device.bd_trough>}
2026-03-01 14:28:49,627 : INFO : EventManager : Event: ======'ball_drain'====== Args={'device': <ball_device.bd_trough>, 'balls': 1}
2026-03-01 14:28:49,627 : INFO : ball_device.bd_plunger : Got confirm for skipping ball.
2026-03-01 14:28:49,627 : INFO : ball_device.bd_plunger : Eject successful
2026-03-01 14:28:49,627 : INFO : EventManager : Event: ======'balldevice_bd_plunger_ball_eject_success'====== Args={'balls': 1, 'target': <playfield.playfield>}
2026-03-01 14:28:49,627 : INFO : EventManager : Event: ======'balldevice_playfield_ball_enter'====== Args={'new_balls': 1, 'unclaimed_balls': 1, 'device': <playfield.playfield>}
2026-03-01 14:28:49,628 : INFO : EventManager : Event: ======'playfield_ball_count_change'====== Args={'balls': 1, 'change': 1}
2026-03-01 14:28:49,628 : INFO : EventManager : Event: ======'ball_will_end'====== Args={}
2026-03-01 14:28:49,628 : INFO : EventManager : Event: ======'balldevice_balls_available'====== Args={}
2026-03-01 14:28:49,628 : INFO : EventManager : Event: ======'balldevice_bd_trough_ball_entered'====== Args={'new_balls': 1, 'device': <ball_device.bd_trough>}
2026-03-01 14:28:49,628 : INFO : EventManager : Event: ======'mode_base_will_stop'====== Args={}
2026-03-01 14:28:49,629 : INFO : EventManager : Event: ======'mode_base_stopping'====== Args={}
2026-03-01 14:28:49,629 : INFO : EventManager : Event: ======'stop_mode_bumpers'====== Args={'priority': 0}
2026-03-01 14:28:49,629 : INFO : EventManager : Event: ======'mode_bumpers_will_stop'====== Args={}
2026-03-01 14:28:49,629 : INFO : EventManager : Event: ======'mode_bumpers_stopping'====== Args={}
2026-03-01 14:28:49,630 : INFO : Mode.base : Stopped.
2026-03-01 14:28:49,630 : INFO : EventManager : Event: ======'modes_active_modes_changed'====== Args={}
2026-03-01 14:28:49,630 : INFO : EventManager : Event: ======'mode_base_stopped'====== Args={}
2026-03-01 14:28:49,630 : INFO : EventManager : Event: ======'clear'====== Args={'key': 'base'}
2026-03-01 14:28:49,631 : INFO : Mode.bumpers : Stopped.
2026-03-01 14:28:49,631 : INFO : EventManager : Event: ======'modes_active_modes_changed'====== Args={}
2026-03-01 14:28:49,631 : INFO : EventManager : Event: ======'mode_bumpers_stopped'====== Args={}
2026-03-01 14:28:49,631 : INFO : EventManager : Event: ======'clear'====== Args={'key': 'bumpers'}
2026-03-01 14:28:49,632 : INFO : ball_device.bd_plunger : State: idle
2026-03-01 14:28:49,633 : INFO : ball_device.bd_trough : State: waiting_for_target_ready
2026-03-01 14:28:49,633 : INFO : EventManager : Event: ======'balldevice_bd_trough_ball_eject_attempt'====== Args={'balls': 1, 'target': <ball_device.bd_plunger>, 'source': <ball_device.bd_trough>, 'mechanical_eject': False, 'num_attempts': 1}
2026-03-01 14:28:49,634 : INFO : EventManager : Event: ======'ball_ending'====== Args={}
2026-03-01 14:28:49,634 : INFO : ball_device.bd_trough : State: ejecting
2026-03-01 14:28:49,634 : INFO : ball_device.bd_trough : Ejecting ball to <ball_device.bd_plunger>
2026-03-01 14:28:49,634 : INFO : EventManager : Event: ======'balldevice_bd_trough_ejecting_ball'====== Args={'balls': 1, 'target': <ball_device.bd_plunger>, 'source': <ball_device.bd_trough>, 'mechanical_eject': False, 'num_attempts': 1}
2026-03-01 14:28:49,635 : INFO : EventManager : Event: ======'ball_ended'====== Args={}
2026-03-01 14:28:49,637 : INFO : ball_device.bd_trough : Wait for ball to leave device
2026-03-01 14:28:49,637 : INFO : coil.c_trough_eject : Pulsing Driver for 20ms (1.0 pulse_power)
2026-03-01 14:28:49,637 : INFO : EventManager : Event: ======'player_turn_will_end'====== Args={'player': <Player 1>, 'number': 1}
2026-03-01 14:28:49,647 : INFO : EventManager : Event: ======'player_turn_ending'====== Args={'player': <Player 1>, 'number': 1}
2026-03-01 14:28:49,653 : INFO : EventManager : Event: ======'player_turn_ended'====== Args={'player': <Player 1>, 'number': 1}
2026-03-01 14:28:49,654 : INFO : EventManager : Event: ======'player_turn_will_start'====== Args={'player': <Player 1>, 'number': 1}
2026-03-01 14:28:49,654 : INFO : EventManager : Event: ======'player_turn_starting'====== Args={'player': <Player 1>, 'number': 1}
2026-03-01 14:28:49,654 : INFO : EventManager : Event: ======'player_ball'====== Args={'value': 2, 'prev_value': 1, 'change': 1, 'player_num': 1}
2026-03-01 14:28:49,655 : INFO : EventManager : Event: ======'player_turn_started'====== Args={'player': <Player 1>, 'number': 1}
2026-03-01 14:28:49,656 : INFO : EventManager : Event: ======'ball_will_start'====== Args={'player': 1, 'ball': 2, 'balls_remaining': 1, 'is_extra_ball': False}
2026-03-01 14:28:49,657 : INFO : BallController : Found 1 ball(s) on playfield.
2026-03-01 14:28:49,657 : WARNING : BallController : Playfields still contain balls. Waiting for those to drain.
2026-03-01 14:28:49,670 : INFO : SwitchController : <<<<<<< 's_trough_1' active >>>>>>>
2026-03-01 14:28:49,671 : INFO : EventManager : Event: ======'machine_var_audits_switches_s_trough_1'====== Args={'value': 114, 'prev_value': 113, 'change': 1}
2026-03-01 14:28:49,671 : INFO : SwitchController : <<<<<<< 's_trough_7' inactive >>>>>>>
2026-03-01 14:28:49,672 : INFO : ball_device.bd_trough : State: ball_left
2026-03-01 14:28:49,672 : INFO : ball_device.bd_trough : Ball left
2026-03-01 14:28:49,672 : INFO : ball_device.bd_trough : Wait for confirm with timeout 10.0
2026-03-01 14:28:49,686 : INFO : SwitchController : <<<<<<< 's_trough_7' active >>>>>>>
2026-03-01 14:28:49,687 : INFO : EventManager : Event: ======'machine_var_audits_switches_s_trough_7'====== Args={'value': 162, 'prev_value': 161, 'change': 1}
2026-03-01 14:28:49,801 : INFO : SwitchController : <<<<<<< 's_trough_2' active >>>>>>>
2026-03-01 14:28:49,801 : INFO : EventManager : Event: ======'machine_var_audits_switches_s_trough_2'====== Args={'value': 97, 'prev_value': 96, 'change': 1}
2026-03-01 14:28:49,803 : INFO : SwitchController : <<<<<<< 's_trough_4' active >>>>>>>
2026-03-01 14:28:49,803 : INFO : EventManager : Event: ======'machine_var_audits_switches_s_trough_4'====== Args={'value': 168, 'prev_value': 167, 'change': 1}
2026-03-01 14:28:49,804 : INFO : SwitchController : <<<<<<< 's_trough_5' active >>>>>>>
2026-03-01 14:28:49,804 : INFO : EventManager : Event: ======'machine_var_audits_switches_s_trough_5'====== Args={'value': 185, 'prev_value': 184, 'change': 1}
2026-03-01 14:28:49,806 : INFO : SwitchController : <<<<<<< 's_trough_3' active >>>>>>>
2026-03-01 14:28:49,806 : INFO : EventManager : Event: ======'machine_var_audits_switches_s_trough_3'====== Args={'value': 120, 'prev_value': 119, 'change': 1}
2026-03-01 14:28:49,824 : INFO : SwitchController : <<<<<<< 's_trough_4' inactive >>>>>>>
2026-03-01 14:28:49,826 : INFO : SwitchController : <<<<<<< 's_trough_2' inactive >>>>>>>
2026-03-01 14:28:49,826 : INFO : SwitchController : <<<<<<< 's_trough_3' inactive >>>>>>>
2026-03-01 14:28:49,832 : INFO : SwitchController : <<<<<<< 's_plunger_lane' active >>>>>>>
2026-03-01 14:28:49,833 : INFO : EventManager : Event: ======'machine_var_audits_switches_s_plunger_lane'====== Args={'value': 23, 'prev_value': 22, 'change': 1}
2026-03-01 14:28:49,837 : INFO : SwitchController : <<<<<<< 's_trough_1' inactive >>>>>>>
2026-03-01 14:28:50,016 : INFO : SwitchController : <<<<<<< 's_plunger_lane' inactive >>>>>>>
2026-03-01 14:28:50,663 : INFO : BallController : Found 1 ball(s) on playfield.
2026-03-01 14:28:50,663 : WARNING : BallController : Playfields still contain balls. Waiting for those to drain.
2026-03-01 14:28:51,664 : INFO : BallController : Found 1 ball(s) on playfield.
2026-03-01 14:28:51,664 : WARNING : BallController : Playfields still contain balls. Waiting for those to drain.
2026-03-01 14:28:52,665 : INFO : BallController : Found 1 ball(s) on playfield.
2026-03-01 14:28:52,665 : WARNING : BallController : Playfields still contain balls. Waiting for those to drain.
2026-03-01 14:28:53,665 : INFO : BallController : Found 1 ball(s) on playfield.
2026-03-01 14:28:53,665 : WARNING : BallController : Playfields still contain balls. Waiting for those to drain.
2026-03-01 14:28:54,666 : INFO : BallController : Found 1 ball(s) on playfield.
2026-03-01 14:28:54,667 : WARNING : BallController : Playfields still contain balls. Waiting for those to drain.
2026-03-01 14:28:55,668 : INFO : BallController : Found 1 ball(s) on playfield.
2026-03-01 14:28:55,668 : WARNING : BallController : Playfields still contain balls. Waiting for those to drain.
2026-03-01 14:28:56,669 : INFO : BallController : Found 1 ball(s) on playfield.
2026-03-01 14:28:56,670 : WARNING : BallController : Playfields still contain balls. Waiting for those to drain.
2026-03-01 14:28:57,670 : INFO : BallController : Found 1 ball(s) on playfield.
2026-03-01 14:28:57,670 : WARNING : BallController : Playfields still contain balls. Waiting for those to drain.
2026-03-01 14:28:58,671 : INFO : BallController : Found 1 ball(s) on playfield.
2026-03-01 14:28:58,671 : WARNING : BallController : Playfields still contain balls. Waiting for those to drain.
2026-03-01 14:28:59,672 : INFO : BallController : Found 1 ball(s) on playfield.
2026-03-01 14:28:59,672 : WARNING : BallController : Playfields still contain balls. Waiting for those to drain.
2026-03-01 14:28:59,672 : INFO : ball_device.bd_trough : State: failed_confirm
2026-03-01 14:28:59,673 : INFO : ball_device.bd_trough : Got timeout (10.0s) before confirm from <ball_device.bd_plunger>
2026-03-01 14:28:59,673 : INFO : ball_device.bd_plunger : Expecting incoming ball which may skip the device.
2026-03-01 14:28:59,673 : INFO : EventManager : Event: ======'balldevice_bd_plunger_ejecting_ball'====== Args={'balls': 1, 'target': <playfield.playfield>, 'source': <ball_device.bd_plunger>, 'mechanical_eject': False, 'num_attempts': 1}
2026-03-01 14:28:59,674 : INFO : ball_device.bd_trough : Got unknown balls. Assuming a ball returned.
2026-03-01 14:28:59,674 : INFO : EventManager : Event: ======'balldevice_bd_trough_ball_eject_failed'====== Args={'target': <ball_device.bd_plunger>, 'balls': 1, 'retry': True, 'num_attempts': 2}
2026-03-01 14:28:59,674 : INFO : EventManager : Event: ======'balldevice_bd_trough_ball_count_changed'====== Args={'balls': 3}
2026-03-01 14:28:59,675 : INFO : ball_device.bd_trough : Received unexpected ball
2026-03-01 14:28:59,675 : INFO : EventManager : Event: ======'balldevice_captured_from_playfield'====== Args={'balls': 1}
2026-03-01 14:28:59,675 : INFO : EventManager : Event: ======'sw_playfield_active'====== Args={'balls': 1}
2026-03-01 14:28:59,675 : INFO : EventManager : Event: ======'playfield_ball_count_change'====== Args={'balls': 0, 'change': -1}
2026-03-01 14:28:59,675 : INFO : EventManager : Event: ======'balldevice_playfield_ball_enter'====== Args={'new_balls': 1, 'unclaimed_balls': 1, 'device': <playfield.playfield>}
2026-03-01 14:28:59,675 : INFO : EventManager : Event: ======'playfield_ball_count_change'====== Args={'balls': 1, 'change': 1}
2026-03-01 14:28:59,675 : INFO : BallController : Found a new ball which was captured from playfield. Known balls: 3
2026-03-01 14:28:59,675 : INFO : EventManager : Event: ======'found_new_ball'====== Args={}
2026-03-01 14:28:59,676 : INFO : EventManager : Event: ======'balldevice_bd_trough_ball_enter'====== Args={'new_balls': 1, 'unclaimed_balls': 1, 'new_available_balls': 1, 'device': <ball_device.bd_trough>}
2026-03-01 14:28:59,676 : INFO : EventManager : Event: ======'ball_drain'====== Args={'device': <ball_device.bd_trough>, 'balls': 1}
2026-03-01 14:28:59,676 : INFO : EventManager : Event: ======'balldevice_bd_plunger_ball_eject_failed'====== Args={'target': <playfield.playfield>, 'balls': 1, 'retry': True, 'num_attempts': 1}
2026-03-01 14:28:59,676 : INFO : EventManager : Event: ======'balldevice_balls_available'====== Args={}
2026-03-01 14:28:59,676 : INFO : EventManager : Event: ======'balldevice_bd_trough_ball_entered'====== Args={'new_balls': 1, 'device': <ball_device.bd_trough>}
2026-03-01 14:28:59,677 : INFO : ball_device.bd_trough : State: waiting_for_target_ready
2026-03-01 14:28:59,677 : INFO : EventManager : Event: ======'balldevice_bd_trough_ball_eject_attempt'====== Args={'balls': 1, 'target': <ball_device.bd_plunger>, 'source': <ball_device.bd_trough>, 'mechanical_eject': False, 'num_attempts': 2}
2026-03-01 14:28:59,677 : INFO : ball_device.bd_plunger : No longer expecting incoming ball which may skip the device.
2026-03-01 14:28:59,677 : INFO : ball_device.bd_plunger : State: idle
2026-03-01 14:28:59,677 : INFO : ball_device.bd_trough : State: ejecting
2026-03-01 14:28:59,677 : INFO : ball_device.bd_trough : Ejecting ball to <ball_device.bd_plunger>
2026-03-01 14:28:59,677 : INFO : EventManager : Event: ======'balldevice_bd_trough_ejecting_ball'====== Args={'balls': 1, 'target': <ball_device.bd_plunger>, 'source': <ball_device.bd_trough>, 'mechanical_eject': False, 'num_attempts': 2}
2026-03-01 14:28:59,678 : INFO : ball_device.bd_trough : Wait for ball to leave device
2026-03-01 14:28:59,679 : INFO : coil.c_trough_eject : Pulsing Driver for 20ms (1.0 pulse_power)
2026-03-01 14:28:59,705 : INFO : SwitchController : <<<<<<< 's_trough_1' active >>>>>>>
2026-03-01 14:28:59,705 : INFO : EventManager : Event: ======'machine_var_audits_switches_s_trough_1'====== Args={'value': 115, 'prev_value': 114, 'change': 1}
2026-03-01 14:28:59,706 : INFO : SwitchController : <<<<<<< 's_trough_7' inactive >>>>>>>
2026-03-01 14:28:59,720 : INFO : ball_device.bd_trough : State: ball_left
2026-03-01 14:28:59,720 : INFO : ball_device.bd_trough : Ball left
2026-03-01 14:28:59,720 : INFO : ball_device.bd_trough : Wait for confirm with timeout 10.0
2026-03-01 14:28:59,720 : INFO : SwitchController : <<<<<<< 's_trough_7' active >>>>>>>
2026-03-01 14:28:59,721 : INFO : EventManager : Event: ======'machine_var_audits_switches_s_trough_7'====== Args={'value': 163, 'prev_value': 162, 'change': 1}
2026-03-01 14:28:59,831 : INFO : SwitchController : <<<<<<< 's_trough_2' active >>>>>>>
2026-03-01 14:28:59,831 : INFO : EventManager : Event: ======'machine_var_audits_switches_s_trough_2'====== Args={'value': 98, 'prev_value': 97, 'change': 1}
2026-03-01 14:28:59,834 : INFO : SwitchController : <<<<<<< 's_trough_4' active >>>>>>>
2026-03-01 14:28:59,834 : INFO : EventManager : Event: ======'machine_var_audits_switches_s_trough_4'====== Args={'value': 169, 'prev_value': 168, 'change': 1}
2026-03-01 14:28:59,836 : INFO : SwitchController : <<<<<<< 's_trough_3' active >>>>>>>
2026-03-01 14:28:59,836 : INFO : EventManager : Event: ======'machine_var_audits_switches_s_trough_3'====== Args={'value': 121, 'prev_value': 120, 'change': 1}
2026-03-01 14:28:59,853 : INFO : SwitchController : <<<<<<< 's_plunger_lane' active >>>>>>>
2026-03-01 14:28:59,853 : INFO : EventManager : Event: ======'machine_var_audits_switches_s_plunger_lane'====== Args={'value': 24, 'prev_value': 23, 'change': 1}
2026-03-01 14:28:59,856 : INFO : SwitchController : <<<<<<< 's_trough_2' inactive >>>>>>>
2026-03-01 14:28:59,856 : INFO : SwitchController : <<<<<<< 's_trough_3' inactive >>>>>>>
2026-03-01 14:28:59,868 : INFO : SwitchController : <<<<<<< 's_trough_1' inactive >>>>>>>
2026-03-01 14:29:00,064 : INFO : SwitchController : <<<<<<< 's_plunger_lane' inactive >>>>>>>
2026-03-01 14:29:00,673 : INFO : BallController : Found 1 ball(s) on playfield.
2026-03-01 14:29:00,673 : WARNING : BallController : Playfields still contain balls. Waiting for those to drain.
2026-03-01 14:29:01,674 : INFO : BallController : Found 1 ball(s) on playfield.
2026-03-01 14:29:01,675 : WARNING : BallController : Playfields still contain balls. Waiting for those to drain.
2026-03-01 14:29:02,676 : INFO : BallController : Found 1 ball(s) on playfield.
2026-03-01 14:29:02,676 : WARNING : BallController : Playfields still contain balls. Waiting for those to drain.
2026-03-01 14:29:03,677 : INFO : BallController : Found 1 ball(s) on playfield.
2026-03-01 14:29:03,677 : WARNING : BallController : Playfields still contain balls. Waiting for those to drain.
2026-03-01 14:29:04,779 : INFO : BallController : Found 1 ball(s) on playfield.
2026-03-01 14:29:04,779 : WARNING : BallController : Playfields still contain balls. Waiting for those to drain.
2026-03-01 14:29:05,780 : INFO : BallController : Found 1 ball(s) on playfield.
2026-03-01 14:29:05,780 : WARNING : BallController : Playfields still contain balls. Waiting for those to drain.
2026-03-01 14:29:06,781 : INFO : BallController : Found 1 ball(s) on playfield.
2026-03-01 14:29:06,781 : WARNING : BallController : Playfields still contain balls. Waiting for those to drain.
2026-03-01 14:29:07,782 : INFO : BallController : Found 1 ball(s) on playfield.
2026-03-01 14:29:07,783 : WARNING : BallController : Playfields still contain balls. Waiting for those to drain.
2026-03-01 14:29:08,784 : INFO : BallController : Found 1 ball(s) on playfield.
2026-03-01 14:29:08,784 : WARNING : BallController : Playfields still contain balls. Waiting for those to drain.
2026-03-01 14:29:09,720 : INFO : ball_device.bd_trough : State: failed_confirm
2026-03-01 14:29:09,720 : INFO : ball_device.bd_trough : Got timeout (10.0s) before confirm from <ball_device.bd_plunger>
2026-03-01 14:29:09,721 : INFO : ball_device.bd_plunger : Expecting incoming ball which may skip the device.
2026-03-01 14:29:09,721 : INFO : EventManager : Event: ======'balldevice_bd_plunger_ejecting_ball'====== Args={'balls': 1, 'target': <playfield.playfield>, 'source': <ball_device.bd_plunger>, 'mechanical_eject': False, 'num_attempts': 1}
2026-03-01 14:29:09,722 : INFO : ball_device.bd_trough : Got unknown balls. Assuming a ball returned.
2026-03-01 14:29:09,722 : INFO : EventManager : Event: ======'balldevice_bd_trough_ball_eject_failed'====== Args={'target': <ball_device.bd_plunger>, 'balls': 1, 'retry': True, 'num_attempts': 3}
2026-03-01 14:29:09,722 : INFO : EventManager : Event: ======'balldevice_bd_trough_ball_count_changed'====== Args={'balls': 4}
2026-03-01 14:29:09,722 : INFO : ball_device.bd_trough : Received unexpected ball
2026-03-01 14:29:09,722 : INFO : EventManager : Event: ======'balldevice_captured_from_playfield'====== Args={'balls': 1}
2026-03-01 14:29:09,722 : INFO : EventManager : Event: ======'sw_playfield_active'====== Args={'balls': 1}
2026-03-01 14:29:09,723 : INFO : EventManager : Event: ======'playfield_ball_count_change'====== Args={'balls': 0, 'change': -1}
2026-03-01 14:29:09,723 : INFO : EventManager : Event: ======'balldevice_playfield_ball_enter'====== Args={'new_balls': 1, 'unclaimed_balls': 1, 'device': <playfield.playfield>}
2026-03-01 14:29:09,723 : INFO : EventManager : Event: ======'playfield_ball_count_change'====== Args={'balls': 1, 'change': 1}
2026-03-01 14:29:09,723 : INFO : BallController : Found a new ball which was captured from playfield. Known balls: 4
2026-03-01 14:29:09,723 : INFO : EventManager : Event: ======'found_new_ball'====== Args={}
2026-03-01 14:29:09,723 : INFO : EventManager : Event: ======'balldevice_bd_trough_ball_enter'====== Args={'new_balls': 1, 'unclaimed_balls': 1, 'new_available_balls': 1, 'device': <ball_device.bd_trough>}
2026-03-01 14:29:09,724 : INFO : EventManager : Event: ======'ball_drain'====== Args={'device': <ball_device.bd_trough>, 'balls': 1}
2026-03-01 14:29:09,724 : INFO : EventManager : Event: ======'balldevice_bd_plunger_ball_eject_failed'====== Args={'target': <playfield.playfield>, 'balls': 1, 'retry': True, 'num_attempts': 1}
2026-03-01 14:29:09,724 : INFO : EventManager : Event: ======'balldevice_balls_available'====== Args={}
2026-03-01 14:29:09,724 : INFO : EventManager : Event: ======'balldevice_bd_trough_ball_entered'====== Args={'new_balls': 1, 'device': <ball_device.bd_trough>}
2026-03-01 14:29:09,724 : INFO : ball_device.bd_trough : State: waiting_for_target_ready
2026-03-01 14:29:09,725 : INFO : EventManager : Event: ======'balldevice_bd_trough_ball_eject_attempt'====== Args={'balls': 1, 'target': <ball_device.bd_plunger>, 'source': <ball_device.bd_trough>, 'mechanical_eject': False, 'num_attempts': 3}
2026-03-01 14:29:09,725 : INFO : ball_device.bd_plunger : No longer expecting incoming ball which may skip the device.
2026-03-01 14:29:09,725 : INFO : ball_device.bd_plunger : State: idle
2026-03-01 14:29:09,725 : INFO : ball_device.bd_trough : State: ejecting
2026-03-01 14:29:09,725 : INFO : ball_device.bd_trough : Ejecting ball to <ball_device.bd_plunger>
2026-03-01 14:29:09,725 : INFO : EventManager : Event: ======'balldevice_bd_trough_ejecting_ball'====== Args={'balls': 1, 'target': <ball_device.bd_plunger>, 'source': <ball_device.bd_trough>, 'mechanical_eject': False, 'num_attempts': 3}
2026-03-01 14:29:09,726 : INFO : ball_device.bd_trough : Wait for ball to leave device
2026-03-01 14:29:09,726 : INFO : coil.c_trough_eject : Pulsing Driver for 20ms (1.0 pulse_power)
2026-03-01 14:29:09,751 : INFO : SwitchController : <<<<<<< 's_trough_1' active >>>>>>>
2026-03-01 14:29:09,751 : INFO : EventManager : Event: ======'machine_var_audits_switches_s_trough_1'====== Args={'value': 116, 'prev_value': 115, 'change': 1}
2026-03-01 14:29:09,752 : INFO : SwitchController : <<<<<<< 's_trough_7' inactive >>>>>>>
2026-03-01 14:29:09,760 : INFO : ball_device.bd_trough : State: ball_left
2026-03-01 14:29:09,760 : INFO : ball_device.bd_trough : Ball left
2026-03-01 14:29:09,760 : INFO : ball_device.bd_trough : Wait for confirm with timeout 10.0
2026-03-01 14:29:09,766 : INFO : SwitchController : <<<<<<< 's_trough_7' active >>>>>>>
2026-03-01 14:29:09,766 : INFO : EventManager : Event: ======'machine_var_audits_switches_s_trough_7'====== Args={'value': 164, 'prev_value': 163, 'change': 1}
2026-03-01 14:29:09,785 : INFO : BallController : Found 1 ball(s) on playfield.
2026-03-01 14:29:09,785 : WARNING : BallController : Playfields still contain balls. Waiting for those to drain.
2026-03-01 14:29:09,878 : INFO : SwitchController : <<<<<<< 's_trough_2' active >>>>>>>
2026-03-01 14:29:09,878 : INFO : EventManager : Event: ======'machine_var_audits_switches_s_trough_2'====== Args={'value': 99, 'prev_value': 98, 'change': 1}
2026-03-01 14:29:09,883 : INFO : SwitchController : <<<<<<< 's_trough_3' active >>>>>>>
2026-03-01 14:29:09,883 : INFO : EventManager : Event: ======'machine_var_audits_switches_s_trough_3'====== Args={'value': 122, 'prev_value': 121, 'change': 1}
2026-03-01 14:29:09,914 : INFO : SwitchController : <<<<<<< 's_trough_2' inactive >>>>>>>
2026-03-01 14:29:09,927 : INFO : SwitchController : <<<<<<< 's_trough_1' inactive >>>>>>>
2026-03-01 14:29:10,786 : INFO : BallController : Found 1 ball(s) on playfield.
2026-03-01 14:29:10,786 : WARNING : BallController : Playfields still contain balls. Waiting for those to drain.
2026-03-01 14:29:11,786 : INFO : BallController : Found 1 ball(s) on playfield.
2026-03-01 14:29:11,787 : WARNING : BallController : Playfields still contain balls. Waiting for those to drain.
2026-03-01 14:29:12,788 : INFO : BallController : Found 1 ball(s) on playfield.
2026-03-01 14:29:12,788 : WARNING : BallController : Playfields still contain balls. Waiting for those to drain.
2026-03-01 14:29:13,828 : INFO : BallController : Found 1 ball(s) on playfield.
2026-03-01 14:29:13,829 : WARNING : BallController : Playfields still contain balls. Waiting for those to drain.
2026-03-01 14:29:14,830 : INFO : BallController : Found 1 ball(s) on playfield.
2026-03-01 14:29:14,830 : WARNING : BallController : Playfields still contain balls. Waiting for those to drain.
2026-03-01 14:29:15,831 : INFO : BallController : Found 1 ball(s) on playfield.
2026-03-01 14:29:15,831 : WARNING : BallController : Playfields still contain balls. Waiting for those to drain.
2026-03-01 14:29:16,832 : INFO : BallController : Found 1 ball(s) on playfield.
2026-03-01 14:29:16,832 : WARNING : BallController : Playfields still contain balls. Waiting for those to drain.
2026-03-01 14:29:17,833 : INFO : BallController : Found 1 ball(s) on playfield.
2026-03-01 14:29:17,833 : WARNING : BallController : Playfields still contain balls. Waiting for those to drain.
2026-03-01 14:29:18,834 : INFO : BallController : Found 1 ball(s) on playfield.
2026-03-01 14:29:18,835 : WARNING : BallController : Playfields still contain balls. Waiting for those to drain.
2026-03-01 14:29:19,761 : INFO : ball_device.bd_trough : State: failed_confirm
2026-03-01 14:29:19,761 : INFO : ball_device.bd_trough : Got timeout (10.0s) before confirm from <ball_device.bd_plunger>
2026-03-01 14:29:19,762 : INFO : ball_device.bd_plunger : Expecting incoming ball which may skip the device.
2026-03-01 14:29:19,763 : INFO : EventManager : Event: ======'balldevice_bd_plunger_ejecting_ball'====== Args={'balls': 1, 'target': <playfield.playfield>, 'source': <ball_device.bd_plunger>, 'mechanical_eject': False, 'num_attempts': 1}
2026-03-01 14:29:19,763 : INFO : ball_device.bd_trough : Got unknown balls. Assuming a ball returned.
2026-03-01 14:29:19,763 : INFO : EventManager : Event: ======'balldevice_bd_trough_ball_eject_failed'====== Args={'target': <ball_device.bd_plunger>, 'balls': 1, 'retry': True, 'num_attempts': 4}
2026-03-01 14:29:19,763 : INFO : EventManager : Event: ======'balldevice_bd_trough_ball_count_changed'====== Args={'balls': 5}
2026-03-01 14:29:19,764 : INFO : ball_device.bd_trough : Received unexpected ball
2026-03-01 14:29:19,764 : INFO : EventManager : Event: ======'balldevice_captured_from_playfield'====== Args={'balls': 1}
2026-03-01 14:29:19,764 : INFO : EventManager : Event: ======'sw_playfield_active'====== Args={'balls': 1}
2026-03-01 14:29:19,764 : INFO : EventManager : Event: ======'playfield_ball_count_change'====== Args={'balls': 0, 'change': -1}
2026-03-01 14:29:19,765 : INFO : EventManager : Event: ======'balldevice_playfield_ball_enter'====== Args={'new_balls': 1, 'unclaimed_balls': 1, 'device': <playfield.playfield>}
2026-03-01 14:29:19,765 : INFO : EventManager : Event: ======'playfield_ball_count_change'====== Args={'balls': 1, 'change': 1}
2026-03-01 14:29:19,765 : INFO : BallController : Found a new ball which was captured from playfield. Known balls: 5
2026-03-01 14:29:19,765 : INFO : EventManager : Event: ======'found_new_ball'====== Args={}
2026-03-01 14:29:19,765 : INFO : EventManager : Event: ======'balldevice_bd_trough_ball_enter'====== Args={'new_balls': 1, 'unclaimed_balls': 1, 'new_available_balls': 1, 'device': <ball_device.bd_trough>}
2026-03-01 14:29:19,767 : INFO : EventManager : Event: ======'ball_drain'====== Args={'device': <ball_device.bd_trough>, 'balls': 1}
2026-03-01 14:29:19,768 : INFO : EventManager : Event: ======'balldevice_bd_plunger_ball_eject_failed'====== Args={'target': <playfield.playfield>, 'balls': 1, 'retry': True, 'num_attempts': 1}
2026-03-01 14:29:19,768 : INFO : EventManager : Event: ======'balldevice_balls_available'====== Args={}
2026-03-01 14:29:19,768 : INFO : EventManager : Event: ======'balldevice_bd_trough_ball_entered'====== Args={'new_balls': 1, 'device': <ball_device.bd_trough>}
2026-03-01 14:29:19,768 : INFO : ball_device.bd_trough : State: waiting_for_target_ready
2026-03-01 14:29:19,768 : INFO : EventManager : Event: ======'balldevice_bd_trough_ball_eject_attempt'====== Args={'balls': 1, 'target': <ball_device.bd_plunger>, 'source': <ball_device.bd_trough>, 'mechanical_eject': False, 'num_attempts': 4}
2026-03-01 14:29:19,769 : INFO : ball_device.bd_plunger : No longer expecting incoming ball which may skip the device.
2026-03-01 14:29:19,769 : INFO : ball_device.bd_plunger : State: idle
2026-03-01 14:29:19,769 : INFO : ball_device.bd_trough : State: ejecting
2026-03-01 14:29:19,769 : INFO : ball_device.bd_trough : Ejecting ball to <ball_device.bd_plunger>
2026-03-01 14:29:19,769 : INFO : EventManager : Event: ======'balldevice_bd_trough_ejecting_ball'====== Args={'balls': 1, 'target': <ball_device.bd_plunger>, 'source': <ball_device.bd_trough>, 'mechanical_eject': False, 'num_attempts': 4}
2026-03-01 14:29:19,770 : INFO : ball_device.bd_trough : Wait for ball to leave device
2026-03-01 14:29:19,770 : INFO : coil.c_trough_eject : Pulsing Driver for 20ms (1.0 pulse_power)
2026-03-01 14:29:19,795 : INFO : SwitchController : <<<<<<< 's_trough_1' active >>>>>>>
2026-03-01 14:29:19,795 : INFO : EventManager : Event: ======'machine_var_audits_switches_s_trough_1'====== Args={'value': 117, 'prev_value': 116, 'change': 1}
2026-03-01 14:29:19,795 : INFO : SwitchController : <<<<<<< 's_trough_7' inactive >>>>>>>
2026-03-01 14:29:19,818 : INFO : ball_device.bd_trough : State: ball_left
2026-03-01 14:29:19,818 : INFO : ball_device.bd_trough : Ball left
2026-03-01 14:29:19,818 : INFO : ball_device.bd_trough : Wait for confirm with timeout 10.0
2026-03-01 14:29:19,819 : INFO : SwitchController : <<<<<<< 's_trough_7' active >>>>>>>
2026-03-01 14:29:19,819 : INFO : EventManager : Event: ======'machine_var_audits_switches_s_trough_7'====== Args={'value': 165, 'prev_value': 164, 'change': 1}
2026-03-01 14:29:19,835 : INFO : BallController : Found 1 ball(s) on playfield.
2026-03-01 14:29:19,835 : WARNING : BallController : Playfields still contain balls. Waiting for those to drain.
2026-03-01 14:29:19,908 : INFO : SwitchController : <<<<<<< 's_trough_2' active >>>>>>>
2026-03-01 14:29:19,908 : INFO : EventManager : Event: ======'machine_var_audits_switches_s_trough_2'====== Args={'value': 100, 'prev_value': 99, 'change': 1}
2026-03-01 14:29:19,940 : INFO : SwitchController : <<<<<<< 's_plunger_lane' active >>>>>>>
2026-03-01 14:29:19,940 : INFO : EventManager : Event: ======'machine_var_audits_switches_s_plunger_lane'====== Args={'value': 25, 'prev_value': 24, 'change': 1}
2026-03-01 14:29:19,956 : INFO : SwitchController : <<<<<<< 's_trough_1' inactive >>>>>>>
2026-03-01 14:29:20,151 : INFO : SwitchController : <<<<<<< 's_plunger_lane' inactive >>>>>>>
2026-03-01 14:29:20,836 : INFO : BallController : Found 1 ball(s) on playfield.
2026-03-01 14:29:20,837 : WARNING : BallController : Playfields still contain balls. Waiting for those to drain.
2026-03-01 14:29:21,837 : INFO : BallController : Found 1 ball(s) on playfield.
2026-03-01 14:29:21,837 : WARNING : BallController : Playfields still contain balls. Waiting for those to drain.
2026-03-01 14:29:22,838 : INFO : BallController : Found 1 ball(s) on playfield.
2026-03-01 14:29:22,839 : WARNING : BallController : Playfields still contain balls. Waiting for those to drain.
2026-03-01 14:29:23,840 : INFO : BallController : Found 1 ball(s) on playfield.
2026-03-01 14:29:23,840 : WARNING : BallController : Playfields still contain balls. Waiting for those to drain.
2026-03-01 14:29:24,841 : INFO : BallController : Found 1 ball(s) on playfield.
2026-03-01 14:29:24,841 : WARNING : BallController : Playfields still contain balls. Waiting for those to drain.
2026-03-01 14:29:25,843 : INFO : BallController : Found 1 ball(s) on playfield.
2026-03-01 14:29:25,843 : WARNING : BallController : Playfields still contain balls. Waiting for those to drain.
2026-03-01 14:29:26,843 : INFO : BallController : Found 1 ball(s) on playfield.
2026-03-01 14:29:26,844 : WARNING : BallController : Playfields still contain balls. Waiting for those to drain.
2026-03-01 14:29:27,845 : INFO : BallController : Found 1 ball(s) on playfield.
2026-03-01 14:29:27,845 : WARNING : BallController : Playfields still contain balls. Waiting for those to drain.
2026-03-01 14:29:28,846 : INFO : BallController : Found 1 ball(s) on playfield.
2026-03-01 14:29:28,846 : WARNING : BallController : Playfields still contain balls. Waiting for those to drain.
2026-03-01 14:29:29,819 : INFO : ball_device.bd_trough : State: failed_confirm
2026-03-01 14:29:29,819 : INFO : ball_device.bd_trough : Got timeout (10.0s) before confirm from <ball_device.bd_plunger>
2026-03-01 14:29:29,820 : INFO : ball_device.bd_plunger : Expecting incoming ball which may skip the device.
2026-03-01 14:29:29,820 : INFO : EventManager : Event: ======'balldevice_bd_plunger_ejecting_ball'====== Args={'balls': 1, 'target': <playfield.playfield>, 'source': <ball_device.bd_plunger>, 'mechanical_eject': False, 'num_attempts': 1}
2026-03-01 14:29:29,821 : INFO : ball_device.bd_trough : Got unknown balls. Assuming a ball returned.
2026-03-01 14:29:29,821 : INFO : EventManager : Event: ======'balldevice_bd_trough_ball_eject_failed'====== Args={'target': <ball_device.bd_plunger>, 'balls': 1, 'retry': True, 'num_attempts': 5}
2026-03-01 14:29:29,821 : INFO : EventManager : Event: ======'balldevice_bd_trough_ball_count_changed'====== Args={'balls': 6}
2026-03-01 14:29:29,821 : INFO : ball_device.bd_trough : Received unexpected ball
2026-03-01 14:29:29,821 : INFO : EventManager : Event: ======'balldevice_captured_from_playfield'====== Args={'balls': 1}
2026-03-01 14:29:29,821 : INFO : EventManager : Event: ======'sw_playfield_active'====== Args={'balls': 1}
2026-03-01 14:29:29,822 : INFO : EventManager : Event: ======'playfield_ball_count_change'====== Args={'balls': 0, 'change': -1}
2026-03-01 14:29:29,822 : INFO : EventManager : Event: ======'balldevice_playfield_ball_enter'====== Args={'new_balls': 1, 'unclaimed_balls': 1, 'device': <playfield.playfield>}
2026-03-01 14:29:29,822 : INFO : EventManager : Event: ======'playfield_ball_count_change'====== Args={'balls': 1, 'change': 1}
2026-03-01 14:29:29,822 : INFO : BallController : Found a new ball which was captured from playfield. Known balls: 6
2026-03-01 14:29:29,822 : INFO : EventManager : Event: ======'found_new_ball'====== Args={}
2026-03-01 14:29:29,822 : INFO : EventManager : Event: ======'balldevice_bd_trough_ball_enter'====== Args={'new_balls': 1, 'unclaimed_balls': 1, 'new_available_balls': 1, 'device': <ball_device.bd_trough>}
2026-03-01 14:29:29,822 : INFO : EventManager : Event: ======'ball_drain'====== Args={'device': <ball_device.bd_trough>, 'balls': 1}
2026-03-01 14:29:29,823 : INFO : EventManager : Event: ======'balldevice_bd_plunger_ball_eject_failed'====== Args={'target': <playfield.playfield>, 'balls': 1, 'retry': True, 'num_attempts': 1}
2026-03-01 14:29:29,823 : INFO : EventManager : Event: ======'balldevice_balls_available'====== Args={}
2026-03-01 14:29:29,823 : INFO : EventManager : Event: ======'balldevice_bd_trough_ball_entered'====== Args={'new_balls': 1, 'device': <ball_device.bd_trough>}
2026-03-01 14:29:29,823 : INFO : ball_device.bd_trough : State: waiting_for_target_ready
2026-03-01 14:29:29,823 : INFO : EventManager : Event: ======'balldevice_bd_trough_ball_eject_attempt'====== Args={'balls': 1, 'target': <ball_device.bd_plunger>, 'source': <ball_device.bd_trough>, 'mechanical_eject': False, 'num_attempts': 5}
2026-03-01 14:29:29,824 : INFO : ball_device.bd_plunger : No longer expecting incoming ball which may skip the device.
2026-03-01 14:29:29,824 : INFO : ball_device.bd_plunger : State: idle
2026-03-01 14:29:29,824 : INFO : ball_device.bd_trough : State: ejecting
2026-03-01 14:29:29,824 : INFO : ball_device.bd_trough : Ejecting ball to <ball_device.bd_plunger>
2026-03-01 14:29:29,824 : INFO : EventManager : Event: ======'balldevice_bd_trough_ejecting_ball'====== Args={'balls': 1, 'target': <ball_device.bd_plunger>, 'source': <ball_device.bd_trough>, 'mechanical_eject': False, 'num_attempts': 5}
2026-03-01 14:29:29,825 : INFO : ball_device.bd_trough : Wait for ball to leave device
2026-03-01 14:29:29,825 : INFO : coil.c_trough_eject : Pulsing Driver for 20ms (1.0 pulse_power)
2026-03-01 14:29:29,847 : INFO : BallController : Found 1 ball(s) on playfield.
2026-03-01 14:29:29,847 : WARNING : BallController : Playfields still contain balls. Waiting for those to drain.
2026-03-01 14:29:29,849 : INFO : SwitchController : <<<<<<< 's_trough_1' active >>>>>>>
2026-03-01 14:29:29,849 : INFO : EventManager : Event: ======'machine_var_audits_switches_s_trough_1'====== Args={'value': 118, 'prev_value': 117, 'change': 1}
2026-03-01 14:29:29,849 : INFO : SwitchController : <<<<<<< 's_trough_7' inactive >>>>>>>
2026-03-01 14:29:29,857 : INFO : ball_device.bd_trough : State: ball_left
2026-03-01 14:29:29,857 : INFO : ball_device.bd_trough : Ball left
2026-03-01 14:29:29,857 : INFO : ball_device.bd_trough : Wait for confirm with timeout 10.0
2026-03-01 14:29:29,864 : INFO : SwitchController : <<<<<<< 's_trough_7' active >>>>>>>
2026-03-01 14:29:29,864 : INFO : EventManager : Event: ======'machine_var_audits_switches_s_trough_7'====== Args={'value': 166, 'prev_value': 165, 'change': 1}
2026-03-01 14:29:30,847 : INFO : BallController : Found 1 ball(s) on playfield.
2026-03-01 14:29:30,847 : WARNING : BallController : Playfields still contain balls. Waiting for those to drain.
2026-03-01 14:29:31,849 : INFO : BallController : Found 1 ball(s) on playfield.
2026-03-01 14:29:31,849 : WARNING : BallController : Playfields still contain balls. Waiting for those to drain.
2026-03-01 14:29:32,849 : INFO : BallController : Found 1 ball(s) on playfield.
2026-03-01 14:29:32,849 : WARNING : BallController : Playfields still contain balls. Waiting for those to drain.
2026-03-01 14:29:33,850 : INFO : BallController : Found 1 ball(s) on playfield.
2026-03-01 14:29:33,850 : WARNING : BallController : Playfields still contain balls. Waiting for those to drain.
2026-03-01 14:29:34,850 : INFO : BallController : Found 1 ball(s) on playfield.
2026-03-01 14:29:34,850 : WARNING : BallController : Playfields still contain balls. Waiting for those to drain.
2026-03-01 14:29:35,851 : INFO : BallController : Found 1 ball(s) on playfield.
2026-03-01 14:29:35,851 : WARNING : BallController : Playfields still contain balls. Waiting for those to drain.
2026-03-01 14:29:36,851 : INFO : BallController : Found 1 ball(s) on playfield.
2026-03-01 14:29:36,851 : WARNING : BallController : Playfields still contain balls. Waiting for those to drain.
2026-03-01 14:29:37,853 : INFO : BallController : Found 1 ball(s) on playfield.
2026-03-01 14:29:37,853 : WARNING : BallController : Playfields still contain balls. Waiting for those to drain.
2026-03-01 14:29:38,854 : INFO : BallController : Found 1 ball(s) on playfield.
2026-03-01 14:29:38,854 : WARNING : BallController : Playfields still contain balls. Waiting for those to drain.
2026-03-01 14:29:39,855 : INFO : BallController : Found 1 ball(s) on playfield.
2026-03-01 14:29:39,855 : WARNING : BallController : Playfields still contain balls. Waiting for those to drain.
2026-03-01 14:29:39,858 : INFO : ball_device.bd_trough : State: failed_confirm
2026-03-01 14:29:39,858 : INFO : ball_device.bd_trough : Got timeout (10.0s) before confirm from <ball_device.bd_plunger>
2026-03-01 14:29:39,858 : INFO : ball_device.bd_plunger : Expecting incoming ball which may skip the device.
2026-03-01 14:29:39,859 : INFO : EventManager : Event: ======'balldevice_bd_plunger_ejecting_ball'====== Args={'balls': 1, 'target': <playfield.playfield>, 'source': <ball_device.bd_plunger>, 'mechanical_eject': False, 'num_attempts': 1}
2026-03-01 14:29:39,859 : INFO : ball_device.bd_trough : Got unknown balls. Assuming a ball returned.
2026-03-01 14:29:39,859 : INFO : EventManager : Event: ======'balldevice_bd_trough_ball_eject_failed'====== Args={'target': <ball_device.bd_plunger>, 'balls': 1, 'retry': True, 'num_attempts': 6}
2026-03-01 14:29:39,859 : INFO : EventManager : Event: ======'balldevice_bd_trough_ball_count_changed'====== Args={'balls': 7}
2026-03-01 14:29:39,859 : INFO : ball_device.bd_trough : Received unexpected ball
2026-03-01 14:29:39,859 : INFO : EventManager : Event: ======'balldevice_captured_from_playfield'====== Args={'balls': 1}
2026-03-01 14:29:39,860 : INFO : EventManager : Event: ======'sw_playfield_active'====== Args={'balls': 1}
2026-03-01 14:29:39,860 : INFO : EventManager : Event: ======'playfield_ball_count_change'====== Args={'balls': 0, 'change': -1}
2026-03-01 14:29:39,860 : INFO : EventManager : Event: ======'balldevice_playfield_ball_enter'====== Args={'new_balls': 1, 'unclaimed_balls': 1, 'device': <playfield.playfield>}
2026-03-01 14:29:39,860 : INFO : EventManager : Event: ======'playfield_ball_count_change'====== Args={'balls': 1, 'change': 1}
2026-03-01 14:29:39,860 : INFO : BallController : Found a new ball which was captured from playfield. Known balls: 7
2026-03-01 14:29:39,860 : INFO : EventManager : Event: ======'found_new_ball'====== Args={}
2026-03-01 14:29:39,860 : INFO : EventManager : Event: ======'balldevice_bd_trough_ball_enter'====== Args={'new_balls': 1, 'unclaimed_balls': 1, 'new_available_balls': 1, 'device': <ball_device.bd_trough>}
2026-03-01 14:29:39,861 : INFO : EventManager : Event: ======'ball_drain'====== Args={'device': <ball_device.bd_trough>, 'balls': 1}
2026-03-01 14:29:39,861 : INFO : EventManager : Event: ======'balldevice_bd_plunger_ball_eject_failed'====== Args={'target': <playfield.playfield>, 'balls': 1, 'retry': True, 'num_attempts': 1}
2026-03-01 14:29:39,861 : INFO : EventManager : Event: ======'balldevice_balls_available'====== Args={}
2026-03-01 14:29:39,861 : INFO : EventManager : Event: ======'balldevice_bd_trough_ball_entered'====== Args={'new_balls': 1, 'device': <ball_device.bd_trough>}
2026-03-01 14:29:39,861 : INFO : ball_device.bd_trough : State: waiting_for_target_ready
2026-03-01 14:29:39,861 : INFO : EventManager : Event: ======'balldevice_bd_trough_ball_eject_attempt'====== Args={'balls': 1, 'target': <ball_device.bd_plunger>, 'source': <ball_device.bd_trough>, 'mechanical_eject': False, 'num_attempts': 6}
2026-03-01 14:29:39,862 : INFO : ball_device.bd_plunger : No longer expecting incoming ball which may skip the device.
2026-03-01 14:29:39,862 : INFO : ball_device.bd_plunger : State: idle
2026-03-01 14:29:39,862 : INFO : ball_device.bd_trough : State: ejecting
2026-03-01 14:29:39,862 : INFO : ball_device.bd_trough : Ejecting ball to <ball_device.bd_plunger>
2026-03-01 14:29:39,862 : INFO : EventManager : Event: ======'balldevice_bd_trough_ejecting_ball'====== Args={'balls': 1, 'target': <ball_device.bd_plunger>, 'source': <ball_device.bd_trough>, 'mechanical_eject': False, 'num_attempts': 6}
2026-03-01 14:29:39,863 : INFO : ball_device.bd_trough : Wait for ball to leave device
2026-03-01 14:29:39,863 : INFO : coil.c_trough_eject : Pulsing Driver for 20ms (1.0 pulse_power)
2026-03-01 14:29:40,856 : INFO : BallController : Found 1 ball(s) on playfield.
2026-03-01 14:29:40,856 : WARNING : BallController : Playfields still contain balls. Waiting for those to drain.
2026-03-01 14:29:41,856 : INFO : BallController : Found 1 ball(s) on playfield.
2026-03-01 14:29:41,856 : WARNING : BallController : Playfields still contain balls. Waiting for those to drain.
2026-03-01 14:29:42,856 : INFO : BallController : Found 1 ball(s) on playfield.
2026-03-01 14:29:42,857 : WARNING : BallController : Playfields still contain balls. Waiting for those to drain.
2026-03-01 14:29:43,857 : INFO : BallController : Found 1 ball(s) on playfield.
2026-03-01 14:29:43,857 : WARNING : BallController : Playfields still contain balls. Waiting for those to drain.
2026-03-01 14:29:44,858 : INFO : BallController : Found 1 ball(s) on playfield.
2026-03-01 14:29:44,858 : WARNING : BallController : Playfields still contain balls. Waiting for those to drain.
2026-03-01 14:29:45,858 : INFO : BallController : Found 1 ball(s) on playfield.
2026-03-01 14:29:45,858 : WARNING : BallController : Playfields still contain balls. Waiting for those to drain.
2026-03-01 14:29:46,859 : INFO : BallController : Found 1 ball(s) on playfield.
2026-03-01 14:29:46,859 : WARNING : BallController : Playfields still contain balls. Waiting for those to drain.
2026-03-01 14:29:47,860 : INFO : BallController : Found 1 ball(s) on playfield.
2026-03-01 14:29:47,860 : WARNING : BallController : Playfields still contain balls. Waiting for those to drain.
2026-03-01 14:29:48,861 : INFO : BallController : Found 1 ball(s) on playfield.
2026-03-01 14:29:48,861 : WARNING : BallController : Playfields still contain balls. Waiting for those to drain.
2026-03-01 14:29:49,861 : INFO : BallController : Found 1 ball(s) on playfield.
2026-03-01 14:29:49,861 : WARNING : BallController : Playfields still contain balls. Waiting for those to drain.
2026-03-01 14:29:49,863 : INFO : EventManager : Event: ======'balldevice_bd_trough_ball_eject_failed'====== Args={'target': <ball_device.bd_plunger>, 'balls': 1, 'retry': True, 'num_attempts': 7}
2026-03-01 14:29:49,864 : INFO : ball_device.bd_trough : State: waiting_for_target_ready
2026-03-01 14:29:49,864 : INFO : EventManager : Event: ======'balldevice_bd_trough_ball_eject_attempt'====== Args={'balls': 1, 'target': <ball_device.bd_plunger>, 'source': <ball_device.bd_trough>, 'mechanical_eject': False, 'num_attempts': 7}
2026-03-01 14:29:49,865 : INFO : ball_device.bd_trough : State: ejecting
2026-03-01 14:29:49,865 : INFO : ball_device.bd_trough : Ejecting ball to <ball_device.bd_plunger>
2026-03-01 14:29:49,865 : INFO : EventManager : Event: ======'balldevice_bd_trough_ejecting_ball'====== Args={'balls': 1, 'target': <ball_device.bd_plunger>, 'source': <ball_device.bd_trough>, 'mechanical_eject': False, 'num_attempts': 7}
2026-03-01 14:29:49,866 : INFO : ball_device.bd_trough : Wait for ball to leave device
2026-03-01 14:29:49,866 : INFO : coil.c_trough_eject : Pulsing Driver for 20ms (1.0 pulse_power)
2026-03-01 14:29:50,862 : INFO : BallController : Found 1 ball(s) on playfield.
2026-03-01 14:29:50,862 : WARNING : BallController : Playfields still contain balls. Waiting for those to drain.
2026-03-01 14:29:51,863 : INFO : BallController : Found 1 ball(s) on playfield.
2026-03-01 14:29:51,863 : WARNING : BallController : Playfields still contain balls. Waiting for those to drain.
2026-03-01 14:29:52,864 : INFO : BallController : Found 1 ball(s) on playfield.
2026-03-01 14:29:52,864 : WARNING : BallController : Playfields still contain balls. Waiting for those to drain.
2026-03-01 14:29:53,864 : INFO : BallController : Found 1 ball(s) on playfield.
2026-03-01 14:29:53,864 : WARNING : BallController : Playfields still contain balls. Waiting for those to drain.
2026-03-01 14:29:54,866 : INFO : BallController : Found 1 ball(s) on playfield.
2026-03-01 14:29:54,866 : WARNING : BallController : Playfields still contain balls. Waiting for those to drain.
2026-03-01 14:29:55,867 : INFO : BallController : Found 1 ball(s) on playfield.
2026-03-01 14:29:55,867 : WARNING : BallController : Playfields still contain balls. Waiting for those to drain.
2026-03-01 14:29:56,868 : INFO : BallController : Found 1 ball(s) on playfield.
2026-03-01 14:29:56,868 : WARNING : BallController : Playfields still contain balls. Waiting for those to drain.
2026-03-01 14:29:57,869 : INFO : BallController : Found 1 ball(s) on playfield.
2026-03-01 14:29:57,869 : WARNING : BallController : Playfields still contain balls. Waiting for those to drain.
2026-03-01 14:29:58,044 : INFO : SwitchController : <<<<<<< 's_trough_5' inactive >>>>>>>
2026-03-01 14:29:58,045 : INFO : ball_device.bd_trough : State: ball_left
2026-03-01 14:29:58,045 : INFO : ball_device.bd_trough : Ball left
2026-03-01 14:29:58,045 : INFO : ball_device.bd_trough : Wait for confirm with timeout 10.0
2026-03-01 14:29:58,078 : INFO : SwitchController : <<<<<<< 's_trough_3' inactive >>>>>>>
2026-03-01 14:29:58,121 : INFO : SwitchController : <<<<<<< 's_trough_4' inactive >>>>>>>
2026-03-01 14:29:58,123 : INFO : SwitchController : <<<<<<< 's_trough_5' active >>>>>>>
2026-03-01 14:29:58,124 : INFO : EventManager : Event: ======'machine_var_audits_switches_s_trough_5'====== Args={'value': 186, 'prev_value': 185, 'change': 1}
2026-03-01 14:29:58,144 : INFO : SwitchController : <<<<<<< 's_trough_3' active >>>>>>>
2026-03-01 14:29:58,144 : INFO : EventManager : Event: ======'machine_var_audits_switches_s_trough_3'====== Args={'value': 123, 'prev_value': 122, 'change': 1}
2026-03-01 14:29:58,152 : INFO : SwitchController : <<<<<<< 's_trough_4' active >>>>>>>
2026-03-01 14:29:58,152 : INFO : EventManager : Event: ======'machine_var_audits_switches_s_trough_4'====== Args={'value': 170, 'prev_value': 169, 'change': 1}
2026-03-01 14:29:58,158 : INFO : SwitchController : <<<<<<< 's_trough_2' inactive >>>>>>>
2026-03-01 14:29:58,175 : INFO : SwitchController : <<<<<<< 's_trough_4' inactive >>>>>>>
2026-03-01 14:29:58,227 : INFO : SwitchController : <<<<<<< 's_trough_2' active >>>>>>>
2026-03-01 14:29:58,228 : INFO : EventManager : Event: ======'machine_var_audits_switches_s_trough_2'====== Args={'value': 101, 'prev_value': 100, 'change': 1}
2026-03-01 14:29:58,246 : INFO : SwitchController : <<<<<<< 's_trough_5' inactive >>>>>>>
2026-03-01 14:29:58,255 : INFO : SwitchController : <<<<<<< 's_trough_1' inactive >>>>>>>
2026-03-01 14:29:58,305 : INFO : SwitchController : <<<<<<< 's_trough_4' active >>>>>>>
2026-03-01 14:29:58,305 : INFO : EventManager : Event: ======'machine_var_audits_switches_s_trough_4'====== Args={'value': 171, 'prev_value': 170, 'change': 1}
2026-03-01 14:29:58,323 : INFO : SwitchController : <<<<<<< 's_trough_3' inactive >>>>>>>
2026-03-01 14:29:58,326 : INFO : SwitchController : <<<<<<< 's_trough_6' inactive >>>>>>>
2026-03-01 14:29:58,381 : INFO : SwitchController : <<<<<<< 's_trough_5' active >>>>>>>
2026-03-01 14:29:58,382 : INFO : EventManager : Event: ======'machine_var_audits_switches_s_trough_5'====== Args={'value': 187, 'prev_value': 186, 'change': 1}
2026-03-01 14:29:58,395 : INFO : SwitchController : <<<<<<< 's_trough_4' inactive >>>>>>>
2026-03-01 14:29:58,434 : INFO : SwitchController : <<<<<<< 's_trough_3' active >>>>>>>
2026-03-01 14:29:58,434 : INFO : EventManager : Event: ======'machine_var_audits_switches_s_trough_3'====== Args={'value': 124, 'prev_value': 123, 'change': 1}
2026-03-01 14:29:58,448 : INFO : SwitchController : <<<<<<< 's_trough_2' inactive >>>>>>>
2026-03-01 14:29:58,479 : INFO : SwitchController : <<<<<<< 's_trough_4' active >>>>>>>
2026-03-01 14:29:58,479 : INFO : EventManager : Event: ======'machine_var_audits_switches_s_trough_4'====== Args={'value': 172, 'prev_value': 171, 'change': 1}
2026-03-01 14:29:58,488 : INFO : SwitchController : <<<<<<< 's_trough_3' inactive >>>>>>>
2026-03-01 14:29:58,636 : INFO : SwitchController : <<<<<<< 's_trough_6' active >>>>>>>
2026-03-01 14:29:58,636 : INFO : EventManager : Event: ======'machine_var_audits_switches_s_trough_6'====== Args={'value': 185, 'prev_value': 184, 'change': 1}
2026-03-01 14:29:58,654 : INFO : SwitchController : <<<<<<< 's_trough_5' inactive >>>>>>>
2026-03-01 14:29:58,770 : INFO : SwitchController : <<<<<<< 's_trough_5' active >>>>>>>
2026-03-01 14:29:58,770 : INFO : EventManager : Event: ======'machine_var_audits_switches_s_trough_5'====== Args={'value': 188, 'prev_value': 187, 'change': 1}
2026-03-01 14:29:58,779 : INFO : SwitchController : <<<<<<< 's_trough_4' inactive >>>>>>>
2026-03-01 14:29:58,814 : INFO : SwitchController : <<<<<<< 's_trough_5' inactive >>>>>>>
2026-03-01 14:29:58,871 : INFO : BallController : Found 1 ball(s) on playfield.
2026-03-01 14:29:58,871 : WARNING : BallController : Playfields still contain balls. Waiting for those to drain.
2026-03-01 14:29:58,889 : INFO : SwitchController : <<<<<<< 's_trough_5' active >>>>>>>
2026-03-01 14:29:58,890 : INFO : EventManager : Event: ======'machine_var_audits_switches_s_trough_5'====== Args={'value': 189, 'prev_value': 188, 'change': 1}
2026-03-01 14:29:58,917 : INFO : SwitchController : <<<<<<< 's_trough_6' inactive >>>>>>>
2026-03-01 14:29:59,000 : INFO : SwitchController : <<<<<<< 's_trough_5' inactive >>>>>>>
2026-03-01 14:29:59,073 : INFO : SwitchController : <<<<<<< 's_trough_6' active >>>>>>>
2026-03-01 14:29:59,073 : INFO : EventManager : Event: ======'machine_var_audits_switches_s_trough_6'====== Args={'value': 186, 'prev_value': 185, 'change': 1}
2026-03-01 14:29:59,347 : INFO : SwitchController : <<<<<<< 's_trough_6' inactive >>>>>>>
2026-03-01 14:29:59,871 : INFO : BallController : Found 1 ball(s) on playfield.
2026-03-01 14:29:59,872 : WARNING : BallController : Playfields still contain balls. Waiting for those to drain.
2026-03-01 14:30:00,872 : INFO : BallController : Found 1 ball(s) on playfield.
2026-03-01 14:30:00,873 : WARNING : BallController : Playfields still contain balls. Waiting for those to drain.
2026-03-01 14:30:01,480 : INFO : SwitchController : <<<<<<< 's_flipper_right_lower' active >>>>>>>
2026-03-01 14:30:01,480 : INFO : EventManager : Event: ======'machine_var_audits_switches_s_flipper_right_lower'====== Args={'value': 339, 'prev_value': 338, 'change': 1}
2026-03-01 14:30:01,480 : INFO : SwitchController : <<<<<<< 's_flipper_right_upper' active >>>>>>>
2026-03-01 14:30:01,480 : INFO : EventManager : Event: ======'machine_var_audits_switches_s_flipper_right_upper'====== Args={'value': 355, 'prev_value': 354, 'change': 1}
2026-03-01 14:30:01,568 : INFO : SwitchController : <<<<<<< 's_flipper_right_upper' inactive >>>>>>>
2026-03-01 14:30:01,576 : INFO : SwitchController : <<<<<<< 's_flipper_right_lower' inactive >>>>>>>
2026-03-01 14:30:01,622 : INFO : SwitchController : <<<<<<< 's_flipper_left' active >>>>>>>
2026-03-01 14:30:01,622 : INFO : EventManager : Event: ======'machine_var_audits_switches_s_flipper_left'====== Args={'value': 347, 'prev_value': 346, 'change': 1}
2026-03-01 14:30:01,755 : INFO : SwitchController : <<<<<<< 's_flipper_left' inactive >>>>>>>
2026-03-01 14:30:01,772 : INFO : SwitchController : <<<<<<< 's_flipper_right_upper' active >>>>>>>
2026-03-01 14:30:01,772 : INFO : EventManager : Event: ======'machine_var_audits_switches_s_flipper_right_upper'====== Args={'value': 356, 'prev_value': 355, 'change': 1}
2026-03-01 14:30:01,774 : INFO : SwitchController : <<<<<<< 's_flipper_right_lower' active >>>>>>>
2026-03-01 14:30:01,774 : INFO : EventManager : Event: ======'machine_var_audits_switches_s_flipper_right_lower'====== Args={'value': 340, 'prev_value': 339, 'change': 1}
2026-03-01 14:30:01,874 : INFO : BallController : Found 1 ball(s) on playfield.
2026-03-01 14:30:01,874 : WARNING : BallController : Playfields still contain balls. Waiting for those to drain.
2026-03-01 14:30:01,875 : INFO : SwitchController : <<<<<<< 's_flipper_right_upper' inactive >>>>>>>
2026-03-01 14:30:01,882 : INFO : SwitchController : <<<<<<< 's_flipper_right_lower' inactive >>>>>>>
2026-03-01 14:30:01,906 : INFO : SwitchController : <<<<<<< 's_flipper_left' active >>>>>>>
2026-03-01 14:30:01,906 : INFO : EventManager : Event: ======'machine_var_audits_switches_s_flipper_left'====== Args={'value': 348, 'prev_value': 347, 'change': 1}
2026-03-01 14:30:02,002 : INFO : SwitchController : <<<<<<< 's_flipper_left' inactive >>>>>>>
2026-03-01 14:30:02,875 : INFO : BallController : Found 1 ball(s) on playfield.
2026-03-01 14:30:02,875 : WARNING : BallController : Playfields still contain balls. Waiting for those to drain.
2026-03-01 14:30:03,876 : INFO : BallController : Found 1 ball(s) on playfield.
2026-03-01 14:30:03,877 : WARNING : BallController : Playfields still contain balls. Waiting for those to drain.
2026-03-01 14:30:04,877 : INFO : BallController : Found 1 ball(s) on playfield.
2026-03-01 14:30:04,877 : WARNING : BallController : Playfields still contain balls. Waiting for those to drain.
2026-03-01 14:30:05,878 : INFO : BallController : Found 1 ball(s) on playfield.
2026-03-01 14:30:05,879 : WARNING : BallController : Playfields still contain balls. Waiting for those to drain.
2026-03-01 14:30:06,879 : INFO : BallController : Found 1 ball(s) on playfield.
2026-03-01 14:30:06,879 : WARNING : BallController : Playfields still contain balls. Waiting for those to drain.
2026-03-01 14:30:07,881 : INFO : BallController : Found 1 ball(s) on playfield.
2026-03-01 14:30:07,881 : WARNING : BallController : Playfields still contain balls. Waiting for those to drain.
2026-03-01 14:30:08,046 : INFO : ball_device.bd_trough : State: failed_confirm
2026-03-01 14:30:08,046 : INFO : ball_device.bd_trough : Got timeout (10.0s) before confirm from <ball_device.bd_plunger>
2026-03-01 14:30:08,047 : INFO : ball_device.bd_plunger : Expecting incoming ball which may skip the device.
2026-03-01 14:30:08,047 : INFO : EventManager : Event: ======'balldevice_bd_plunger_ejecting_ball'====== Args={'balls': 1, 'target': <playfield.playfield>, 'source': <ball_device.bd_plunger>, 'mechanical_eject': False, 'num_attempts': 1}
2026-03-01 14:30:08,048 : INFO : ball_device.bd_trough : Ball returned. Eject failed.
2026-03-01 14:30:08,048 : INFO : EventManager : Event: ======'balldevice_bd_trough_ball_eject_failed'====== Args={'target': <ball_device.bd_plunger>, 'balls': 1, 'retry': True, 'num_attempts': 8}
2026-03-01 14:30:08,048 : INFO : ball_device.bd_trough : BCH: Count is unstable. Trying to reorder balls.
2026-03-01 14:30:08,048 : WARNING : ball_device.bd_trough : Cannot reorder device because eject_coil_reorder_pulse is not configured
2026-03-01 14:30:08,048 : INFO : ball_device.bd_trough : BCH: Repulse done. Waiting for balls to settle.
2026-03-01 14:30:08,049 : INFO : EventManager : Event: ======'balldevice_bd_plunger_ball_eject_failed'====== Args={'target': <playfield.playfield>, 'balls': 1, 'retry': True, 'num_attempts': 1}
2026-03-01 14:30:08,049 : INFO : ball_device.bd_trough : BCH: Count is unstable. Trying to reorder balls.
2026-03-01 14:30:08,049 : WARNING : ball_device.bd_trough : Cannot reorder device because eject_coil_reorder_pulse is not configured
2026-03-01 14:30:08,049 : INFO : ball_device.bd_trough : BCH: Repulse done. Waiting for balls to settle.
2026-03-01 14:30:08,050 : INFO : ball_device.bd_trough : State: waiting_for_target_ready
2026-03-01 14:30:08,050 : INFO : EventManager : Event: ======'balldevice_bd_trough_ball_eject_attempt'====== Args={'balls': 1, 'target': <ball_device.bd_plunger>, 'source': <ball_device.bd_trough>, 'mechanical_eject': False, 'num_attempts': 8}
2026-03-01 14:30:08,050 : INFO : ball_device.bd_plunger : No longer expecting incoming ball which may skip the device.
2026-03-01 14:30:08,050 : INFO : ball_device.bd_plunger : State: idle
2026-03-01 14:30:08,051 : INFO : ball_device.bd_trough : State: ejecting
2026-03-01 14:30:08,051 : INFO : ball_device.bd_trough : Ejecting ball to <ball_device.bd_plunger>
2026-03-01 14:30:08,051 : INFO : EventManager : Event: ======'balldevice_bd_trough_ejecting_ball'====== Args={'balls': 1, 'target': <ball_device.bd_plunger>, 'source': <ball_device.bd_trough>, 'mechanical_eject': False, 'num_attempts': 8}
2026-03-01 14:30:08,051 : INFO : ball_device.bd_trough : BCH: Count is unstable. Trying to reorder balls.
2026-03-01 14:30:08,051 : WARNING : ball_device.bd_trough : Cannot reorder device because eject_coil_reorder_pulse is not configured
2026-03-01 14:30:08,051 : INFO : ball_device.bd_trough : BCH: Repulse done. Waiting for balls to settle.
2026-03-01 14:30:08,052 : INFO : ball_device.bd_trough : Wait for ball to leave device
2026-03-01 14:30:08,053 : INFO : coil.c_trough_eject : Pulsing Driver for 20ms (1.0 pulse_power)
2026-03-01 14:30:08,076 : INFO : SwitchController : <<<<<<< 's_trough_1' active >>>>>>>
2026-03-01 14:30:08,076 : INFO : EventManager : Event: ======'machine_var_audits_switches_s_trough_1'====== Args={'value': 119, 'prev_value': 118, 'change': 1}
2026-03-01 14:30:08,077 : INFO : SwitchController : <<<<<<< 's_trough_7' inactive >>>>>>>
2026-03-01 14:30:08,085 : INFO : ball_device.bd_trough : State: ball_left
2026-03-01 14:30:08,085 : INFO : ball_device.bd_trough : Ball left
2026-03-01 14:30:08,085 : INFO : ball_device.bd_trough : Wait for confirm with timeout 10.0
2026-03-01 14:30:08,090 : INFO : SwitchController : <<<<<<< 's_trough_7' active >>>>>>>
2026-03-01 14:30:08,090 : INFO : EventManager : Event: ======'machine_var_audits_switches_s_trough_7'====== Args={'value': 167, 'prev_value': 166, 'change': 1}
2026-03-01 14:30:08,264 : INFO : SwitchController : <<<<<<< 's_plunger_lane' active >>>>>>>
2026-03-01 14:30:08,264 : INFO : EventManager : Event: ======'machine_var_audits_switches_s_plunger_lane'====== Args={'value': 26, 'prev_value': 25, 'change': 1}
2026-03-01 14:30:08,265 : INFO : SwitchController : <<<<<<< 's_trough_2' active >>>>>>>
2026-03-01 14:30:08,265 : INFO : EventManager : Event: ======'machine_var_audits_switches_s_trough_2'====== Args={'value': 102, 'prev_value': 101, 'change': 1}
2026-03-01 14:30:08,267 : INFO : SwitchController : <<<<<<< 's_trough_6' active >>>>>>>
2026-03-01 14:30:08,267 : INFO : EventManager : Event: ======'machine_var_audits_switches_s_trough_6'====== Args={'value': 187, 'prev_value': 186, 'change': 1}
2026-03-01 14:30:08,269 : INFO : SwitchController : <<<<<<< 's_trough_5' active >>>>>>>
2026-03-01 14:30:08,269 : INFO : EventManager : Event: ======'machine_var_audits_switches_s_trough_5'====== Args={'value': 190, 'prev_value': 189, 'change': 1}
2026-03-01 14:30:08,271 : INFO : SwitchController : <<<<<<< 's_trough_4' active >>>>>>>
2026-03-01 14:30:08,271 : INFO : EventManager : Event: ======'machine_var_audits_switches_s_trough_4'====== Args={'value': 173, 'prev_value': 172, 'change': 1}
2026-03-01 14:30:08,278 : INFO : SwitchController : <<<<<<< 's_trough_3' active >>>>>>>
2026-03-01 14:30:08,279 : INFO : EventManager : Event: ======'machine_var_audits_switches_s_trough_3'====== Args={'value': 125, 'prev_value': 124, 'change': 1}
2026-03-01 14:30:08,310 : INFO : SwitchController : <<<<<<< 's_trough_4' inactive >>>>>>>
2026-03-01 14:30:08,311 : INFO : SwitchController : <<<<<<< 's_trough_5' inactive >>>>>>>
2026-03-01 14:30:08,317 : INFO : SwitchController : <<<<<<< 's_trough_3' inactive >>>>>>>
2026-03-01 14:30:08,320 : INFO : SwitchController : <<<<<<< 's_trough_2' inactive >>>>>>>
2026-03-01 14:30:08,341 : INFO : SwitchController : <<<<<<< 's_trough_1' inactive >>>>>>>
2026-03-01 14:30:08,766 : INFO : EventManager : Event: ======'balldevice_bd_plunger_ball_count_changed'====== Args={'balls': 1}
2026-03-01 14:30:08,766 : INFO : ball_device.bd_plunger : Received ball from <ball_device.bd_trough>
2026-03-01 14:30:08,766 : INFO : EventManager : Event: ======'balldevice_bd_plunger_ball_enter'====== Args={'new_balls': 1, 'unclaimed_balls': 0, 'new_available_balls': 0, 'device': <ball_device.bd_plunger>}
2026-03-01 14:30:08,767 : INFO : EventManager : Event: ======'balldevice_bd_plunger_ball_entered'====== Args={'new_balls': 0, 'device': <ball_device.bd_plunger>}
2026-03-01 14:30:08,767 : INFO : ball_device.bd_trough : Got eject confirm
2026-03-01 14:30:08,767 : INFO : ball_device.bd_trough : Eject successful
2026-03-01 14:30:08,767 : INFO : EventManager : Event: ======'balldevice_bd_trough_ball_eject_success'====== Args={'balls': 1, 'target': <ball_device.bd_plunger>}
2026-03-01 14:30:08,768 : INFO : EventManager : Event: ======'balldevice_bd_trough_ball_count_changed'====== Args={'balls': 6}
2026-03-01 14:30:08,768 : INFO : ball_device.bd_trough : State: idle
2026-03-01 14:30:08,891 : INFO : BallController : Found 1 ball(s) on playfield.
2026-03-01 14:30:08,892 : WARNING : BallController : Playfields still contain balls. Waiting for those to drain.
2026-03-01 14:30:09,892 : INFO : BallController : Found 1 ball(s) on playfield.
2026-03-01 14:30:09,892 : WARNING : BallController : Playfields still contain balls. Waiting for those to drain.
2026-03-01 14:30:09,969 : INFO : Machine : Shutting down...
2026-03-01 14:30:09,969 : INFO : EventManager : Event: ======'shutdown'====== Args={}
2026-03-01 14:30:09,971 : INFO : EventManager : Event: ======'mode_game_will_stop'====== Args={}
2026-03-01 14:30:09,971 : INFO : EventManager : Event: ======'mode_game_stopping'====== Args={}
2026-03-01 14:30:09,972 : INFO : Mode.game : Stopped.
2026-03-01 14:30:09,972 : INFO : EventManager : Event: ======'modes_active_modes_changed'====== Args={}
2026-03-01 14:30:09,972 : INFO : EventManager : Event: ======'mode_game_stopped'====== Args={}
2026-03-01 14:30:09,972 : INFO : EventManager : Event: ======'clear'====== Args={'key': 'game'}
2026-03-01 14:30:10,077 : INFO : root : MPF run loop ended.
