2026-03-01 15:47:16,461 : INFO : root : Loading config.
2026-03-01 15:47:16,838 : INFO : ConfigProcessor : Config spec file cache created: /var/folders/1s/015t8n3n70gcr2ch4xflj4yr0000gn/T/config_spec.mpf_cache
2026-03-01 15:47:16,839 : INFO : YamlMultifileConfigLoader : Machine config file #1: config.yaml
2026-03-01 15:47:16,839 : INFO : ConfigProcessor : Loading config from cache: /var/folders/1s/015t8n3n70gcr2ch4xflj4yr0000gn/T/954ddabc670342668a09b03520c7eb79.mpf_cache
2026-03-01 15:47:16,901 : INFO : ConfigProcessor : Loading config from cache: /var/folders/1s/015t8n3n70gcr2ch4xflj4yr0000gn/T/64218df07edc412f774c53ffb33c812d.mpf_cache
2026-03-01 15:47:16,901 : INFO : ConfigProcessor : Loading config from cache: /var/folders/1s/015t8n3n70gcr2ch4xflj4yr0000gn/T/767518d75df2d86a4d35c1fb94c70abd.mpf_cache
2026-03-01 15:47:16,902 : INFO : ConfigProcessor : Loading config from cache: /var/folders/1s/015t8n3n70gcr2ch4xflj4yr0000gn/T/64218df07edc412f774c53ffb33c812d.mpf_cache
2026-03-01 15:47:16,902 : WARNING : ConfigProcessor : Config file in cache changed: /Users/pinball/NapoleonDynamite/modes/base/config/base.yaml
2026-03-01 15:47:16,903 : INFO : ConfigProcessor : Loading config from file /Users/pinball/NapoleonDynamite/modes/base/config/base.yaml.
2026-03-01 15:47:16,906 : INFO : ConfigProcessor : Loading config: /Users/pinball/NapoleonDynamite/modes/base/config/base.yaml
2026-03-01 15:47:16,906 : INFO : ConfigProcessor : Config file cache created: /var/folders/1s/015t8n3n70gcr2ch4xflj4yr0000gn/T/73548cb541cc3751ae5711fe0817282a.mpf_cache
2026-03-01 15:47:16,907 : INFO : ConfigProcessor : Loading config from cache: /var/folders/1s/015t8n3n70gcr2ch4xflj4yr0000gn/T/57f006170cd447d443f971cd8b826597.mpf_cache
2026-03-01 15:47:16,907 : INFO : ConfigProcessor : Loading config from cache: /var/folders/1s/015t8n3n70gcr2ch4xflj4yr0000gn/T/adb0ea3e4ccf2dafa758999a39c1d676.mpf_cache
2026-03-01 15:47:16,908 : INFO : Machine : Mission Pinball Framework Core Engine v0.80.0.dev13
2026-03-01 15:47:16,908 : INFO : Machine : Command line arguments: {'no_load_cache': False, 'create_config_cache': True, 'bcp': True, 'configfile': ['config.yaml'], 'force_assets_load': False, 'platform_integration_test': False, 'jsonlogging': False, 'logfile': 'logs/2026-03-01-15-47-16-mpf-ANDREs-Mac-mini.local.log', 'pause': False, 'production': False, 'text_ui': True, 'loglevel': 15, 'consoleloglevel': 20, 'force_platform': None, 'syslog_address': None, 'full_logfile_path': '/Users/pinball/NapoleonDynamite/logs/2026-03-01-15-47-16-mpf-ANDREs-Mac-mini.local.log'}
2026-03-01 15:47:16,908 : INFO : Machine : MPF path: /Users/pinball/mpf/lib/python3.14/site-packages/mpf
2026-03-01 15:47:16,908 : INFO : Machine : Machine path: /Users/pinball/NapoleonDynamite
2026-03-01 15:47:16,908 : INFO : Machine : Platform: darwin
2026-03-01 15:47:16,908 : INFO : Machine : Python executable location: /Users/pinball/mpf/bin/python3.14
2026-03-01 15:47:16,908 : INFO : Machine : Python version: 3.14.3 (64-bit)
2026-03-01 15:47:16,909 : INFO : Machine : Initializing MPF...
2026-03-01 15:47:17,003 : INFO : FAST : Auto-detecting ports for the following connections: ['net', 'exp']
2026-03-01 15:47:17,023 : INFO : FAST : Detected NET on port /dev/cu.usbmodem14101
2026-03-01 15:47:17,032 : INFO : FAST : Detected EXP on port /dev/cu.usbmodem14103
2026-03-01 15:47:17,136 : INFO : FAST [NET] : Trying to connect to /dev/cu.usbmodem14101 at 921600bps
2026-03-01 15:47:17,142 : INFO : FAST [NET] : Connected to /dev/cu.usbmodem14101 at 921600bps
2026-03-01 15:47:17,144 : INFO : FAST [NET] : Connected to FP-CPU-2000 with firmware v02.26
2026-03-01 15:47:17,146 : INFO : FAST [NET] : Registered I/O Board 0: Model: FP-I/O-0024, Firmware: 01.10, Switches: 24, Drivers: 8
2026-03-01 15:47:17,147 : INFO : FAST [NET] : Registered I/O Board 1: Model: FP-I/O-3208, Firmware: 01.10, Switches: 32, Drivers: 8
2026-03-01 15:47:17,149 : INFO : FAST [NET] : Registered I/O Board 2: Model: FP-I/O-0804, Firmware: 01.10, Switches: 8, Drivers: 4
2026-03-01 15:47:17,151 : INFO : FAST [EXP] : Trying to connect to /dev/cu.usbmodem14103 at 921600bps
2026-03-01 15:47:17,157 : INFO : FAST [EXP] : Connected to /dev/cu.usbmodem14103 at 921600bps
2026-03-01 15:47:17,159 : INFO : FAST [EXP] : Verifying hardware for EXP "neuron" (FP-EXP-2000, @48) with ID string "EXP FP-EXP-2000  0.34", board address 48
2026-03-01 15:47:17,161 : INFO : FAST [EXP] : Verifying hardware for EXP "neuron" (FP-EXP-2000, @48) with ID string "LED FP-BRK-0001  0.8", board address 480
2026-03-01 15:47:17,162 : INFO : EventManager : Event: ======'machine_var_credits_string'====== Args={'value': 'FREE PLAY', 'prev_value': None, 'change': True}
2026-03-01 15:47:17,184 : INFO : EventManager : Event: ======'machine_var_master_volume'====== Args={'value': 0.5, 'prev_value': None, 'change': True}
2026-03-01 15:47:17,185 : INFO : EventManager : Event: ======'machine_var_mpf_version'====== Args={'value': 'Mission Pinball Framework v0.80.0.dev13', 'prev_value': None, 'change': True}
2026-03-01 15:47:17,185 : INFO : EventManager : Event: ======'machine_var_mpf_extended_version'====== Args={'value': 'Mission Pinball Framework v0.80.0.dev13, Config version:6, Show version: 6, BCP version:1.1', 'prev_value': None, 'change': True}
2026-03-01 15:47:17,185 : INFO : EventManager : Event: ======'machine_var_python_version'====== Args={'value': '3.14.3', 'prev_value': None, 'change': True}
2026-03-01 15:47:17,218 : INFO : EventManager : Event: ======'machine_var_platform'====== Args={'value': 'macOS-14.8.4-x86_64-i386-64bit-Mach-O', 'prev_value': None, 'change': True}
2026-03-01 15:47:17,218 : INFO : EventManager : Event: ======'machine_var_platform_system'====== Args={'value': 'Darwin', 'prev_value': None, 'change': True}
2026-03-01 15:47:17,218 : INFO : EventManager : Event: ======'machine_var_platform_release'====== Args={'value': '23.6.0', 'prev_value': None, 'change': True}
2026-03-01 15:47:17,218 : INFO : EventManager : Event: ======'machine_var_platform_version'====== Args={'value': 'Darwin Kernel Version 23.6.0: Mon Jan 19 22:02:22 PST 2026; root:xnu-10063.141.1.710.3~1/RELEASE_X86_64', 'prev_value': None, 'change': True}
2026-03-01 15:47:17,219 : INFO : EventManager : Event: ======'machine_var_platform_machine'====== Args={'value': 'x86_64', 'prev_value': None, 'change': True}
2026-03-01 15:47:17,219 : INFO : EventManager : Event: ======'machine_var_log_file_path'====== Args={'value': '/Users/pinball/NapoleonDynamite/logs/2026-03-01-15-47-16-mpf-ANDREs-Mac-mini.local.log', 'prev_value': None, 'change': True}
2026-03-01 15:47:17,219 : INFO : EventManager : Event: ======'init_phase_1'====== Args={}
2026-03-01 15:47:17,400 : INFO : SwitchController : <<<<<<< 's_flipper_left_eos' active >>>>>>>
2026-03-01 15:47:17,400 : INFO : SwitchController : <<<<<<< 's_flipper_right_lower_eos' active >>>>>>>
2026-03-01 15:47:17,400 : INFO : SwitchController : <<<<<<< 's_trough_7' active >>>>>>>
2026-03-01 15:47:17,400 : INFO : SwitchController : <<<<<<< 's_bumper_lower' active >>>>>>>
2026-03-01 15:47:17,400 : INFO : SwitchController : <<<<<<< 's_bumper_upper' active >>>>>>>
2026-03-01 15:47:17,400 : INFO : SwitchController : <<<<<<< 's_inlane_right_2' active >>>>>>>
2026-03-01 15:47:17,400 : INFO : SwitchController : <<<<<<< 's_inlane_left' active >>>>>>>
2026-03-01 15:47:17,432 : INFO : EventManager : Event: ======'init_phase_2'====== Args={}
2026-03-01 15:47:17,432 : INFO : SwitchController : Found active switch: (37, [FAST Platform Interface]) <switch.s_flipper_left_eos>
2026-03-01 15:47:17,433 : INFO : SwitchController : Found active switch: (32, [FAST Platform Interface]) <switch.s_flipper_right_lower_eos>
2026-03-01 15:47:17,433 : INFO : SwitchController : Found active switch: (30, [FAST Platform Interface]) <switch.s_trough_7>
2026-03-01 15:47:17,433 : INFO : SwitchController : Found active switch: (41, [FAST Platform Interface]) <switch.s_bumper_lower>
2026-03-01 15:47:17,433 : INFO : SwitchController : Found active switch: (42, [FAST Platform Interface]) <switch.s_bumper_upper>
2026-03-01 15:47:17,433 : INFO : SwitchController : Found active switch: (36, [FAST Platform Interface]) <switch.s_inlane_right_2>
2026-03-01 15:47:17,433 : INFO : SwitchController : Found active switch: (39, [FAST Platform Interface]) <switch.s_inlane_left>
2026-03-01 15:47:17,437 : INFO : EventManager : Event: ======'bcp_connection_attempt'====== Args={'name': 'local_display', 'host': 'localhost', 'port': 5050}
2026-03-01 15:47:17,439 : INFO : BCPClientSocket : Connecting BCP to 'local_display' at localhost:5050...
2026-03-01 15:47:17,445 : INFO : BCPClientSocket : Connected BCP to 'local_display' localhost:5050
2026-03-01 15:47:17,448 : INFO : EventManager : Event: ======'bcp_clients_connected'====== Args={}
2026-03-01 15:47:17,901 : INFO : ball_device.bd_trough : BCH: Initial count: 1
2026-03-01 15:47:17,902 : INFO : ball_device.bd_trough : State: idle
2026-03-01 15:47:17,902 : INFO : ball_device.bd_plunger : BCH: Initial count: 0
2026-03-01 15:47:17,902 : INFO : ball_device.bd_plunger : State: idle
2026-03-01 15:47:17,916 : INFO : EventManager : Event: ======'init_phase_3'====== Args={}
2026-03-01 15:47:17,919 : INFO : EventManager : Event: ======'init_phase_4'====== Args={}
2026-03-01 15:47:17,919 : INFO : BallController : Initial balls found: 1
2026-03-01 15:47:17,921 : INFO : EventManager : Event: ======'machine_var_audits_events_game_ended'====== Args={'value': 0, 'prev_value': None, 'change': True}
2026-03-01 15:47:17,921 : INFO : EventManager : Event: ======'machine_var_audits_events_game_started'====== Args={'value': 34, 'prev_value': None, 'change': True}
2026-03-01 15:47:17,921 : INFO : EventManager : Event: ======'machine_var_audits_missing_switches_s_bumper_lower'====== Args={'value': 25, 'prev_value': None, 'change': True}
2026-03-01 15:47:17,921 : INFO : EventManager : Event: ======'machine_var_audits_missing_switches_s_bumper_upper'====== Args={'value': 26, 'prev_value': None, 'change': True}
2026-03-01 15:47:17,921 : INFO : EventManager : Event: ======'machine_var_audits_missing_switches_s_flipper_left_eos'====== Args={'value': 3, 'prev_value': None, 'change': True}
2026-03-01 15:47:17,921 : INFO : EventManager : Event: ======'machine_var_audits_missing_switches_s_flipper_right_lower_eos'====== Args={'value': 2, 'prev_value': None, 'change': True}
2026-03-01 15:47:17,921 : INFO : EventManager : Event: ======'machine_var_audits_missing_switches_s_flipper_right_upper_eos'====== Args={'value': 20, 'prev_value': None, 'change': True}
2026-03-01 15:47:17,921 : INFO : EventManager : Event: ======'machine_var_audits_missing_switches_s_inlane_left'====== Args={'value': 25, 'prev_value': None, 'change': True}
2026-03-01 15:47:17,921 : INFO : EventManager : Event: ======'machine_var_audits_missing_switches_s_inlane_right_1'====== Args={'value': 7, 'prev_value': None, 'change': True}
2026-03-01 15:47:17,921 : INFO : EventManager : Event: ======'machine_var_audits_missing_switches_s_inlane_right_2'====== Args={'value': 25, 'prev_value': None, 'change': True}
2026-03-01 15:47:17,922 : INFO : EventManager : Event: ======'machine_var_audits_missing_switches_s_scoop_tina'====== Args={'value': 7, 'prev_value': None, 'change': True}
2026-03-01 15:47:17,922 : INFO : EventManager : Event: ======'machine_var_audits_missing_switches_s_sling_left'====== Args={'value': 1, 'prev_value': None, 'change': True}
2026-03-01 15:47:17,922 : INFO : EventManager : Event: ======'machine_var_audits_missing_switches_s_sling_right'====== Args={'value': 1, 'prev_value': None, 'change': True}
2026-03-01 15:47:17,922 : INFO : EventManager : Event: ======'machine_var_audits_missing_switches_s_start'====== Args={'value': 2, 'prev_value': None, 'change': True}
2026-03-01 15:47:17,922 : INFO : EventManager : Event: ======'machine_var_audits_player_score'====== Args={'value': {'average': 0, 'top': [], 'total': 0}, 'prev_value': None, 'change': True}
2026-03-01 15:47:17,922 : INFO : EventManager : Event: ======'machine_var_audits_shots_bumper_lower'====== Args={'value': 76, 'prev_value': None, 'change': True}
2026-03-01 15:47:17,922 : INFO : EventManager : Event: ======'machine_var_audits_shots_bumper_upper'====== Args={'value': 81, 'prev_value': None, 'change': True}
2026-03-01 15:47:17,922 : INFO : EventManager : Event: ======'machine_var_audits_shots_hurryup'====== Args={'value': 3, 'prev_value': None, 'change': True}
2026-03-01 15:47:17,922 : INFO : EventManager : Event: ======'machine_var_audits_shots_inlane_left'====== Args={'value': 17, 'prev_value': None, 'change': True}
2026-03-01 15:47:17,922 : INFO : EventManager : Event: ======'machine_var_audits_shots_left_lane'====== Args={'value': 8, 'prev_value': None, 'change': True}
2026-03-01 15:47:17,922 : INFO : EventManager : Event: ======'machine_var_audits_switches_s_bumper_lower'====== Args={'value': 76, 'prev_value': None, 'change': True}
2026-03-01 15:47:17,922 : INFO : EventManager : Event: ======'machine_var_audits_switches_s_bumper_upper'====== Args={'value': 81, 'prev_value': None, 'change': True}
2026-03-01 15:47:17,922 : INFO : EventManager : Event: ======'machine_var_audits_switches_s_flipper_left'====== Args={'value': 474, 'prev_value': None, 'change': True}
2026-03-01 15:47:17,923 : INFO : EventManager : Event: ======'machine_var_audits_switches_s_flipper_left_eos'====== Args={'value': 182, 'prev_value': None, 'change': True}
2026-03-01 15:47:17,923 : INFO : EventManager : Event: ======'machine_var_audits_switches_s_flipper_right_lower'====== Args={'value': 484, 'prev_value': None, 'change': True}
2026-03-01 15:47:17,923 : INFO : EventManager : Event: ======'machine_var_audits_switches_s_flipper_right_lower_eos'====== Args={'value': 167, 'prev_value': None, 'change': True}
2026-03-01 15:47:17,923 : INFO : EventManager : Event: ======'machine_var_audits_switches_s_flipper_right_upper'====== Args={'value': 499, 'prev_value': None, 'change': True}
2026-03-01 15:47:17,923 : INFO : EventManager : Event: ======'machine_var_audits_switches_s_flipper_right_upper_eos'====== Args={'value': 43, 'prev_value': None, 'change': True}
2026-03-01 15:47:17,923 : INFO : EventManager : Event: ======'machine_var_audits_switches_s_inlane_left'====== Args={'value': 27, 'prev_value': None, 'change': True}
2026-03-01 15:47:17,923 : INFO : EventManager : Event: ======'machine_var_audits_switches_s_inlane_right_1'====== Args={'value': 18, 'prev_value': None, 'change': True}
2026-03-01 15:47:17,923 : INFO : EventManager : Event: ======'machine_var_audits_switches_s_inlane_right_2'====== Args={'value': 3, 'prev_value': None, 'change': True}
2026-03-01 15:47:17,923 : INFO : EventManager : Event: ======'machine_var_audits_switches_s_plunger'====== Args={'value': 16, 'prev_value': None, 'change': True}
2026-03-01 15:47:17,923 : INFO : EventManager : Event: ======'machine_var_audits_switches_s_plunger_lane'====== Args={'value': 29, 'prev_value': None, 'change': True}
2026-03-01 15:47:17,923 : INFO : EventManager : Event: ======'machine_var_audits_switches_s_scoop_tina'====== Args={'value': 11, 'prev_value': None, 'change': True}
2026-03-01 15:47:17,923 : INFO : EventManager : Event: ======'machine_var_audits_switches_s_sling_left'====== Args={'value': 195, 'prev_value': None, 'change': True}
2026-03-01 15:47:17,923 : INFO : EventManager : Event: ======'machine_var_audits_switches_s_sling_right'====== Args={'value': 32, 'prev_value': None, 'change': True}
2026-03-01 15:47:17,924 : INFO : EventManager : Event: ======'machine_var_audits_switches_s_start'====== Args={'value': 35, 'prev_value': None, 'change': True}
2026-03-01 15:47:17,924 : INFO : EventManager : Event: ======'machine_var_audits_switches_s_trough_1'====== Args={'value': 131, 'prev_value': None, 'change': True}
2026-03-01 15:47:17,924 : INFO : EventManager : Event: ======'machine_var_audits_switches_s_trough_2'====== Args={'value': 119, 'prev_value': None, 'change': True}
2026-03-01 15:47:17,924 : INFO : EventManager : Event: ======'machine_var_audits_switches_s_trough_3'====== Args={'value': 145, 'prev_value': None, 'change': True}
2026-03-01 15:47:17,924 : INFO : EventManager : Event: ======'machine_var_audits_switches_s_trough_4'====== Args={'value': 200, 'prev_value': None, 'change': True}
2026-03-01 15:47:17,924 : INFO : EventManager : Event: ======'machine_var_audits_switches_s_trough_5'====== Args={'value': 218, 'prev_value': None, 'change': True}
2026-03-01 15:47:17,924 : INFO : EventManager : Event: ======'machine_var_audits_switches_s_trough_6'====== Args={'value': 214, 'prev_value': None, 'change': True}
2026-03-01 15:47:17,924 : INFO : EventManager : Event: ======'machine_var_audits_switches_s_trough_7'====== Args={'value': 178, 'prev_value': None, 'change': True}
2026-03-01 15:47:17,925 : INFO : EventManager : Event: ======'init_phase_5'====== Args={}
2026-03-01 15:47:17,925 : INFO : ball_device.bd_trough : BCH: Count is unstable. Trying to reorder balls.
2026-03-01 15:47:17,925 : WARNING : ball_device.bd_trough : Cannot reorder device because eject_coil_reorder_pulse is not configured
2026-03-01 15:47:17,925 : INFO : ball_device.bd_trough : BCH: Repulse done. Waiting for balls to settle.
2026-03-01 15:47:17,925 : INFO : ball_device.bd_trough : BCH: Reordered count: 1
2026-03-01 15:47:17,926 : INFO : EventManager : Event: ======'init_done'====== Args={}
2026-03-01 15:47:17,926 : INFO : EventManager : Event: ======'machine_reset_phase_1'====== Args={}
2026-03-01 15:47:17,950 : INFO : EventManager : Event: ======'machine_reset_phase_2'====== Args={}
2026-03-01 15:47:17,958 : INFO : EventManager : Event: ======'machine_reset_phase_3'====== Args={}
2026-03-01 15:47:17,958 : INFO : EventManager : Event: ======'reset_complete'====== Args={}
2026-03-01 15:47:17,959 : INFO : EventManager : Event: ======'mode_attract_will_start'====== Args={}
2026-03-01 15:47:17,960 : INFO : Timer.attract_carousel_timer : Starting Timer.
2026-03-01 15:47:17,960 : INFO : EventManager : Event: ======'timer_attract_carousel_timer_started'====== Args={'ticks': 0, 'ticks_remaining': 1}
2026-03-01 15:47:17,960 : INFO : EventManager : Event: ======'timer_attract_carousel_timer_tick'====== Args={'ticks': 0, 'ticks_remaining': 1}
2026-03-01 15:47:17,962 : INFO : EventManager : Event: ======'mode_attract_starting'====== Args={}
2026-03-01 15:47:17,962 : INFO : Mode.attract : Started. Priority: 10
2026-03-01 15:47:17,962 : INFO : EventManager : Event: ======'modes_active_modes_changed'====== Args={}
2026-03-01 15:47:17,962 : INFO : EventManager : Event: ======'mode_attract_started'====== Args={}
2026-03-01 15:47:17,964 : INFO : EventManager : Event: ======'collecting_balls_complete'====== Args={}
2026-03-01 15:47:17,964 : INFO : EventManager : Event: ======'carousel_item_highlighted'====== Args={'carousel': 'attract', 'direction': None, 'item': 'title'}
2026-03-01 15:47:17,965 : INFO : EventManager : Event: ======'timer_attract_carousel_timer_tick'====== Args={'ticks': 0, 'ticks_remaining': 1}
2026-03-01 15:47:17,966 : INFO : Machine : Starting the main run loop with active modes: [<Mode.attract>]
2026-03-01 15:47:18,170 : INFO : EventManager : Event: ======'slide_attract_created'====== Args={'_from_bcp': True}
2026-03-01 15:47:18,170 : INFO : EventManager : Event: ======'slide__removed'====== Args={'_from_bcp': True}
2026-03-01 15:47:18,170 : INFO : EventManager : Event: ======'slide_attract_active'====== Args={'original_context': 'attract', 'original_calling_context': 'mode_attract_started', 'priority': 10.0, 'cmd': 'slides_play', '_from_bcp': True}
2026-03-01 15:47:22,602 : INFO : SwitchController : <<<<<<< 's_flipper_right_lower' active >>>>>>>
2026-03-01 15:47:22,602 : INFO : EventManager : Event: ======'s_flipper_right_lower_active'====== Args={}
2026-03-01 15:47:22,602 : INFO : EventManager : Event: ======'carousel_item_highlighted'====== Args={'carousel': 'attract', 'direction': 'forwards', 'item': 'credits'}
2026-03-01 15:47:22,603 : INFO : EventManager : Event: ======'timer_attract_carousel_timer_tick'====== Args={'ticks': 0, 'ticks_remaining': 1}
2026-03-01 15:47:22,610 : INFO : SwitchController : <<<<<<< 's_flipper_right_upper' active >>>>>>>
2026-03-01 15:47:22,761 : INFO : SwitchController : <<<<<<< 's_flipper_right_upper' inactive >>>>>>>
2026-03-01 15:47:22,769 : INFO : SwitchController : <<<<<<< 's_flipper_right_lower' inactive >>>>>>>
2026-03-01 15:47:22,886 : INFO : SwitchController : <<<<<<< 's_flipper_right_lower' active >>>>>>>
2026-03-01 15:47:22,887 : INFO : EventManager : Event: ======'s_flipper_right_lower_active'====== Args={}
2026-03-01 15:47:22,887 : INFO : EventManager : Event: ======'carousel_item_highlighted'====== Args={'carousel': 'attract', 'direction': 'forwards', 'item': 'logo'}
2026-03-01 15:47:22,887 : INFO : EventManager : Event: ======'timer_attract_carousel_timer_tick'====== Args={'ticks': 0, 'ticks_remaining': 1}
2026-03-01 15:47:22,891 : INFO : SwitchController : <<<<<<< 's_flipper_right_upper' active >>>>>>>
2026-03-01 15:47:22,997 : INFO : SwitchController : <<<<<<< 's_flipper_right_upper' inactive >>>>>>>
2026-03-01 15:47:23,003 : INFO : SwitchController : <<<<<<< 's_flipper_right_lower' inactive >>>>>>>
2026-03-01 15:47:23,491 : INFO : SwitchController : <<<<<<< 's_flipper_right_lower' active >>>>>>>
2026-03-01 15:47:23,491 : INFO : EventManager : Event: ======'s_flipper_right_lower_active'====== Args={}
2026-03-01 15:47:23,491 : INFO : EventManager : Event: ======'carousel_item_highlighted'====== Args={'carousel': 'attract', 'direction': 'forwards', 'item': 'title'}
2026-03-01 15:47:23,492 : INFO : EventManager : Event: ======'timer_attract_carousel_timer_tick'====== Args={'ticks': 0, 'ticks_remaining': 1}
2026-03-01 15:47:23,494 : INFO : SwitchController : <<<<<<< 's_flipper_right_upper' active >>>>>>>
2026-03-01 15:47:23,649 : INFO : SwitchController : <<<<<<< 's_flipper_right_upper' inactive >>>>>>>
2026-03-01 15:47:23,658 : INFO : SwitchController : <<<<<<< 's_flipper_right_lower' inactive >>>>>>>
2026-03-01 15:47:23,967 : INFO : SwitchController : <<<<<<< 's_flipper_right_lower' active >>>>>>>
2026-03-01 15:47:23,967 : INFO : EventManager : Event: ======'s_flipper_right_lower_active'====== Args={}
2026-03-01 15:47:23,968 : INFO : EventManager : Event: ======'carousel_item_highlighted'====== Args={'carousel': 'attract', 'direction': 'forwards', 'item': 'credits'}
2026-03-01 15:47:23,968 : INFO : EventManager : Event: ======'timer_attract_carousel_timer_tick'====== Args={'ticks': 0, 'ticks_remaining': 1}
2026-03-01 15:47:23,971 : INFO : SwitchController : <<<<<<< 's_flipper_right_upper' active >>>>>>>
2026-03-01 15:47:24,112 : INFO : SwitchController : <<<<<<< 's_flipper_right_upper' inactive >>>>>>>
2026-03-01 15:47:24,127 : INFO : SwitchController : <<<<<<< 's_flipper_right_lower' inactive >>>>>>>
2026-03-01 15:47:24,528 : INFO : SwitchController : <<<<<<< 's_start' active >>>>>>>
2026-03-01 15:47:24,693 : INFO : SwitchController : <<<<<<< 's_start' inactive >>>>>>>
2026-03-01 15:47:24,693 : INFO : EventManager : Event: ======'request_to_start_game'====== Args={}
2026-03-01 15:47:24,694 : INFO : EventManager : Event: ======'game_start'====== Args={'buttons': [], 'hold_time': 0.16519759000038903}
2026-03-01 15:47:24,694 : INFO : EventManager : Event: ======'mode_game_will_start'====== Args={'buttons': [], 'hold_time': 0.16519759000038903}
2026-03-01 15:47:24,695 : INFO : EventManager : Event: ======'mode_game_starting'====== Args={'buttons': [], 'hold_time': 0.16519759000038903}
2026-03-01 15:47:24,695 : INFO : EventManager : Event: ======'mode_attract_will_stop'====== Args={}
2026-03-01 15:47:24,695 : INFO : EventManager : Event: ======'mode_attract_stopping'====== Args={}
2026-03-01 15:47:24,695 : INFO : Mode.attract : Stopped.
2026-03-01 15:47:24,695 : INFO : EventManager : Event: ======'modes_active_modes_changed'====== Args={}
2026-03-01 15:47:24,695 : INFO : EventManager : Event: ======'mode_attract_stopped'====== Args={}
2026-03-01 15:47:24,695 : INFO : EventManager : Event: ======'clear'====== Args={'key': 'attract'}
2026-03-01 15:47:24,696 : INFO : Timer.attract_carousel_timer : Stopping Timer
2026-03-01 15:47:24,696 : INFO : EventManager : Event: ======'timer_attract_carousel_timer_stopped'====== Args={'ticks': 0, 'ticks_remaining': 1}
2026-03-01 15:47:24,696 : INFO : Mode.game : Started. Priority: 20
2026-03-01 15:47:24,696 : INFO : EventManager : Event: ======'modes_active_modes_changed'====== Args={}
2026-03-01 15:47:24,696 : INFO : EventManager : Event: ======'mode_game_started'====== Args={'buttons': [], 'hold_time': 0.16519759000038903}
2026-03-01 15:47:24,697 : INFO : EventManager : Event: ======'game_will_start'====== Args={}
2026-03-01 15:47:24,698 : INFO : EventManager : Event: ======'game_starting'====== Args={'game': <Mode.game>}
2026-03-01 15:47:24,699 : INFO : EventManager : Unordered handler for class <Auditor> on event game_ended with priority 1. Handlers: [RegisteredHandler(callback=<bound method Auditor.disable of <Auditor>>, priority=1, kwargs={}, key=UUID('ad60460d-0ab9-4d03-b6ae-24f86efcfc0f'), condition=None, blocking_facility=None), RegisteredHandler(callback=<bound method Auditor._save_audits of <Auditor>>, priority=1, kwargs={}, key=UUID('f02388b1-3097-46b7-92fa-31caff5f6f36'), condition=None, blocking_facility=None)]. The order of those handlers is not defined and they will be executed in random order. This might lead to race conditions and potential bugs.
2026-03-01 15:47:24,699 : INFO : EventManager : Event: ======'player_add_request'====== Args={}
2026-03-01 15:47:24,699 : INFO : EventManager : Event: ======'player_will_add'====== Args={'number': 1}
2026-03-01 15:47:24,699 : INFO : EventManager : Event: ======'player_adding'====== Args={'player': <Player 1>, 'number': 1}
2026-03-01 15:47:24,699 : INFO : EventManager : Event: ======'player_added'====== Args={'player': <Player 1>, 'num': 1}
2026-03-01 15:47:24,699 : INFO : Mode.game : Player added successfully. Total players: 1
2026-03-01 15:47:24,700 : INFO : EventManager : Event: ======'player_index'====== Args={'value': 0, 'prev_value': 0, 'change': 0, 'player_num': 1}
2026-03-01 15:47:24,700 : INFO : EventManager : Event: ======'player_number'====== Args={'value': 1, 'prev_value': 1, 'change': 0, 'player_num': 1}
2026-03-01 15:47:24,700 : INFO : EventManager : Event: ======'player_score'====== Args={'value': 0, 'prev_value': 0, 'change': 0, 'player_num': 1}
2026-03-01 15:47:24,701 : INFO : EventManager : Event: ======'game_started'====== Args={}
2026-03-01 15:47:24,701 : INFO : EventManager : Event: ======'player_turn_will_start'====== Args={'player': <Player 1>, 'number': 1}
2026-03-01 15:47:24,701 : INFO : EventManager : Event: ======'player_turn_starting'====== Args={'player': <Player 1>, 'number': 1}
2026-03-01 15:47:24,702 : INFO : EventManager : Event: ======'player_ball'====== Args={'value': 1, 'prev_value': 0, 'change': 1, 'player_num': 1}
2026-03-01 15:47:24,702 : INFO : EventManager : Event: ======'player_turn_started'====== Args={'player': <Player 1>, 'number': 1}
2026-03-01 15:47:24,702 : INFO : EventManager : Event: ======'ball_will_start'====== Args={'player': 1, 'ball': 1, 'balls_remaining': 2, 'is_extra_ball': False}
2026-03-01 15:47:24,703 : INFO : EventManager : Event: ======'ball_starting'====== Args={'player': 1, 'ball': 1, 'balls_remaining': 2, 'is_extra_ball': False}
2026-03-01 15:47:24,703 : INFO : EventManager : Event: ======'mode_base_will_start'====== Args={'queue': <QueuedEvent>, 'player': 1, 'ball': 1, 'balls_remaining': 2, 'is_extra_ball': False}
2026-03-01 15:47:24,703 : INFO : EventManager : Event: ======'mode_base_starting'====== Args={'queue': <QueuedEvent>, 'player': 1, 'ball': 1, 'balls_remaining': 2, 'is_extra_ball': False}
2026-03-01 15:47:24,704 : INFO : Mode.base : Started. Priority: 100
2026-03-01 15:47:24,704 : INFO : EventManager : Event: ======'modes_active_modes_changed'====== Args={}
2026-03-01 15:47:24,704 : INFO : EventManager : Event: ======'mode_base_started'====== Args={'queue': <QueuedEvent>, 'player': 1, 'ball': 1, 'balls_remaining': 2, 'is_extra_ball': False}
2026-03-01 15:47:24,705 : INFO : EventManager : Event: ======'balls_in_play'====== Args={'balls': 1}
2026-03-01 15:47:24,705 : INFO : EventManager : Event: ======'ball_started'====== Args={'player': 1, 'ball': 1, 'balls_remaining': 2, 'is_extra_ball': False}
2026-03-01 15:47:24,717 : INFO : EventManager : Event: ======'single_player_ball_started'====== Args={}
2026-03-01 15:47:24,721 : INFO : EventManager : Event: ======'ball_start_target'====== Args={'target': 'playfield'}
2026-03-01 15:47:24,721 : INFO : ball_device.bd_trough : Setting up player-controlled eject. Balls: 1, Target: <playfield.playfield>, player_controlled_eject_event: None
2026-03-01 15:47:24,722 : INFO : ball_device.bd_trough : Adding 1 ball(s) to the eject_queue with target <playfield.playfield>.
2026-03-01 15:47:24,722 : INFO : EventManager : Event: ======'balldevice_balls_available'====== Args={}
2026-03-01 15:47:24,722 : INFO : ball_device.bd_trough : BCH: Count is unstable. Trying to reorder balls.
2026-03-01 15:47:24,722 : WARNING : ball_device.bd_trough : Cannot reorder device because eject_coil_reorder_pulse is not configured
2026-03-01 15:47:24,723 : INFO : ball_device.bd_trough : BCH: Repulse done. Waiting for balls to settle.
2026-03-01 15:47:24,723 : INFO : ball_device.bd_trough : State: waiting_for_target_ready
2026-03-01 15:47:24,723 : INFO : EventManager : Event: ======'balldevice_bd_trough_ball_eject_attempt'====== Args={'balls': 1, 'target': <ball_device.bd_plunger>, 'source': <ball_device.bd_trough>, 'mechanical_eject': False, 'num_attempts': 0}
2026-03-01 15:47:24,723 : INFO : ball_device.bd_plunger : State: waiting_for_ball
2026-03-01 15:47:24,723 : INFO : ball_device.bd_trough : State: ejecting
2026-03-01 15:47:24,724 : INFO : ball_device.bd_trough : Ejecting ball to <ball_device.bd_plunger>
2026-03-01 15:47:24,724 : INFO : EventManager : Event: ======'balldevice_bd_trough_ejecting_ball'====== Args={'balls': 1, 'target': <ball_device.bd_plunger>, 'source': <ball_device.bd_trough>, 'mechanical_eject': False, 'num_attempts': 0}
2026-03-01 15:47:24,725 : INFO : ball_device.bd_trough : Wait for ball to leave device
2026-03-01 15:47:24,725 : INFO : coil.c_trough_eject : Pulsing Driver for 20ms (1.0 pulse_power)
2026-03-01 15:47:24,729 : INFO : EventManager : Event: ======'slide_base_slide_created'====== Args={'_from_bcp': True}
2026-03-01 15:47:24,730 : INFO : EventManager : Event: ======'slide_attract_inactive'====== Args={'is_removing': True, '_from_bcp': True}
2026-03-01 15:47:24,730 : INFO : EventManager : Event: ======'slide_base_slide_active'====== Args={'original_context': 'base', 'original_calling_context': 'mode_base_started', 'priority': 100.0, 'queue': '<QueuedEvent>', 'player': 1.0, 'ball': 1.0, 'balls_remaining': 2.0, 'is_extra_ball': False, 'cmd': 'slides_play', '_from_bcp': True}
2026-03-01 15:47:24,730 : INFO : EventManager : Event: ======'slide_attract_removed'====== Args={'_from_bcp': True}
2026-03-01 15:47:24,749 : INFO : SwitchController : <<<<<<< 's_trough_1' active >>>>>>>
2026-03-01 15:47:24,749 : INFO : EventManager : Event: ======'machine_var_audits_switches_s_trough_1'====== Args={'value': 132, 'prev_value': 131, 'change': 1}
2026-03-01 15:47:24,749 : INFO : SwitchController : <<<<<<< 's_trough_7' inactive >>>>>>>
2026-03-01 15:47:24,750 : INFO : ball_device.bd_trough : State: ball_left
2026-03-01 15:47:24,750 : INFO : ball_device.bd_trough : Ball left
2026-03-01 15:47:24,750 : INFO : ball_device.bd_trough : Wait for confirm with timeout 10.0
2026-03-01 15:47:24,765 : INFO : SwitchController : <<<<<<< 's_trough_7' active >>>>>>>
2026-03-01 15:47:24,765 : INFO : EventManager : Event: ======'machine_var_audits_switches_s_trough_7'====== Args={'value': 179, 'prev_value': 178, 'change': 1}
2026-03-01 15:47:24,927 : INFO : SwitchController : <<<<<<< 's_plunger' active >>>>>>>
2026-03-01 15:47:24,927 : INFO : EventManager : Event: ======'machine_var_audits_switches_s_plunger'====== Args={'value': 17, 'prev_value': 16, 'change': 1}
2026-03-01 15:47:24,943 : INFO : SwitchController : <<<<<<< 's_trough_2' active >>>>>>>
2026-03-01 15:47:24,943 : INFO : EventManager : Event: ======'machine_var_audits_switches_s_trough_2'====== Args={'value': 120, 'prev_value': 119, 'change': 1}
2026-03-01 15:47:24,944 : INFO : SwitchController : <<<<<<< 's_trough_6' active >>>>>>>
2026-03-01 15:47:24,944 : INFO : EventManager : Event: ======'machine_var_audits_switches_s_trough_6'====== Args={'value': 215, 'prev_value': 214, 'change': 1}
2026-03-01 15:47:24,945 : INFO : SwitchController : <<<<<<< 's_trough_5' active >>>>>>>
2026-03-01 15:47:24,945 : INFO : EventManager : Event: ======'machine_var_audits_switches_s_trough_5'====== Args={'value': 219, 'prev_value': 218, 'change': 1}
2026-03-01 15:47:24,946 : INFO : SwitchController : <<<<<<< 's_trough_4' active >>>>>>>
2026-03-01 15:47:24,946 : INFO : EventManager : Event: ======'machine_var_audits_switches_s_trough_4'====== Args={'value': 201, 'prev_value': 200, 'change': 1}
2026-03-01 15:47:24,951 : INFO : SwitchController : <<<<<<< 's_trough_3' active >>>>>>>
2026-03-01 15:47:24,951 : INFO : EventManager : Event: ======'machine_var_audits_switches_s_trough_3'====== Args={'value': 146, 'prev_value': 145, 'change': 1}
2026-03-01 15:47:24,990 : INFO : SwitchController : <<<<<<< 's_trough_4' inactive >>>>>>>
2026-03-01 15:47:24,991 : INFO : SwitchController : <<<<<<< 's_trough_5' inactive >>>>>>>
2026-03-01 15:47:24,997 : INFO : SwitchController : <<<<<<< 's_trough_3' inactive >>>>>>>
2026-03-01 15:47:24,999 : INFO : SwitchController : <<<<<<< 's_trough_2' inactive >>>>>>>
2026-03-01 15:47:25,026 : INFO : SwitchController : <<<<<<< 's_trough_1' inactive >>>>>>>
2026-03-01 15:47:25,427 : INFO : ball_device.bd_plunger : Received ball from <ball_device.bd_trough>
2026-03-01 15:47:25,427 : INFO : EventManager : Event: ======'balldevice_bd_plunger_ball_enter'====== Args={'new_balls': 1, 'unclaimed_balls': 0, 'new_available_balls': 0, 'device': <ball_device.bd_plunger>}
2026-03-01 15:47:25,428 : INFO : EventManager : Event: ======'balldevice_bd_plunger_ball_entered'====== Args={'new_balls': 0, 'device': <ball_device.bd_plunger>}
2026-03-01 15:47:25,428 : INFO : EventManager : Event: ======'balldevice_bd_plunger_ball_count_changed'====== Args={'balls': 1}
2026-03-01 15:47:25,428 : INFO : ball_device.bd_trough : Got eject confirm
2026-03-01 15:47:25,428 : INFO : ball_device.bd_trough : Eject successful
2026-03-01 15:47:25,428 : INFO : EventManager : Event: ======'balldevice_bd_trough_ball_eject_success'====== Args={'balls': 1, 'target': <ball_device.bd_plunger>}
2026-03-01 15:47:25,429 : INFO : ball_device.bd_plunger : State: waiting_for_target_ready
2026-03-01 15:47:25,429 : INFO : EventManager : Event: ======'balldevice_bd_plunger_ball_eject_attempt'====== Args={'balls': 1, 'target': <playfield.playfield>, 'source': <ball_device.bd_plunger>, 'mechanical_eject': False, 'num_attempts': 0}
2026-03-01 15:47:25,429 : INFO : EventManager : Event: ======'balldevice_bd_trough_ball_count_changed'====== Args={'balls': 0}
2026-03-01 15:47:25,429 : INFO : ball_device.bd_trough : State: idle
2026-03-01 15:47:25,430 : INFO : ball_device.bd_plunger : State: ejecting
2026-03-01 15:47:25,430 : INFO : ball_device.bd_plunger : Ejecting ball to <playfield.playfield>
2026-03-01 15:47:25,430 : INFO : EventManager : Event: ======'balldevice_bd_plunger_ejecting_ball'====== Args={'balls': 1, 'target': <playfield.playfield>, 'source': <ball_device.bd_plunger>, 'mechanical_eject': False, 'num_attempts': 0}
2026-03-01 15:47:25,431 : INFO : ball_device.bd_plunger : Wait for ball to leave device
2026-03-01 15:47:25,527 : INFO : EventManager : Event: ======'balldevice_bd_trough_ball_count_changed'====== Args={'balls': 2}
2026-03-01 15:47:25,527 : INFO : ball_device.bd_trough : Received unexpected ball
2026-03-01 15:47:25,527 : INFO : EventManager : Event: ======'balldevice_captured_from_playfield'====== Args={'balls': 1}
2026-03-01 15:47:25,527 : INFO : EventManager : Event: ======'sw_playfield_active'====== Args={'balls': 1}
2026-03-01 15:47:25,528 : INFO : EventManager : Event: ======'playfield_active'====== Args={'source': None}
2026-03-01 15:47:25,528 : INFO : EventManager : Event: ======'playfield_ball_count_change'====== Args={'balls': -1, 'change': -1}
2026-03-01 15:47:25,528 : INFO : EventManager : Event: ======'balldevice_playfield_ball_enter'====== Args={'new_balls': 1, 'unclaimed_balls': 1, 'device': <playfield.playfield>}
2026-03-01 15:47:25,528 : INFO : EventManager : Event: ======'playfield_ball_count_change'====== Args={'balls': 0, 'change': 1}
2026-03-01 15:47:25,528 : INFO : BallController : Found a new ball which was captured from playfield. Known balls: 2
2026-03-01 15:47:25,528 : INFO : EventManager : Event: ======'found_new_ball'====== Args={}
2026-03-01 15:47:25,528 : INFO : EventManager : Event: ======'balldevice_bd_trough_ball_enter'====== Args={'new_balls': 1, 'unclaimed_balls': 1, 'new_available_balls': 1, 'device': <ball_device.bd_trough>}
2026-03-01 15:47:25,529 : INFO : EventManager : Event: ======'ball_drain'====== Args={'device': <ball_device.bd_trough>, 'balls': 1}
2026-03-01 15:47:25,529 : INFO : EventManager : Event: ======'ball_will_end'====== Args={}
2026-03-01 15:47:25,529 : INFO : EventManager : Event: ======'balldevice_balls_available'====== Args={}
2026-03-01 15:47:25,529 : INFO : EventManager : Event: ======'balldevice_bd_trough_ball_entered'====== Args={'new_balls': 1, 'device': <ball_device.bd_trough>}
2026-03-01 15:47:25,529 : INFO : ball_device.bd_trough : Received unexpected ball
2026-03-01 15:47:25,529 : INFO : EventManager : Event: ======'balldevice_captured_from_playfield'====== Args={'balls': 1}
2026-03-01 15:47:25,530 : INFO : EventManager : Event: ======'mode_base_will_stop'====== Args={}
2026-03-01 15:47:25,530 : INFO : EventManager : Event: ======'mode_base_stopping'====== Args={}
2026-03-01 15:47:25,530 : INFO : EventManager : Event: ======'sw_playfield_active'====== Args={'balls': 1}
2026-03-01 15:47:25,530 : INFO : EventManager : Event: ======'playfield_active'====== Args={'source': None}
2026-03-01 15:47:25,530 : INFO : EventManager : Event: ======'playfield_ball_count_change'====== Args={'balls': -1, 'change': -1}
2026-03-01 15:47:25,531 : INFO : Mode.base : Stopped.
2026-03-01 15:47:25,531 : INFO : EventManager : Event: ======'modes_active_modes_changed'====== Args={}
2026-03-01 15:47:25,531 : INFO : EventManager : Event: ======'mode_base_stopped'====== Args={}
2026-03-01 15:47:25,531 : INFO : EventManager : Event: ======'clear'====== Args={'key': 'base'}
2026-03-01 15:47:25,532 : INFO : EventManager : Event: ======'balldevice_playfield_ball_enter'====== Args={'new_balls': 1, 'unclaimed_balls': 1, 'device': <playfield.playfield>}
2026-03-01 15:47:25,532 : INFO : EventManager : Event: ======'playfield_ball_count_change'====== Args={'balls': 0, 'change': 1}
2026-03-01 15:47:25,532 : INFO : BallController : Found a new ball which was captured from playfield. Known balls: 3
2026-03-01 15:47:25,532 : INFO : EventManager : Event: ======'found_new_ball'====== Args={}
2026-03-01 15:47:25,532 : INFO : EventManager : Event: ======'balldevice_bd_trough_ball_enter'====== Args={'new_balls': 1, 'unclaimed_balls': 1, 'new_available_balls': 1, 'device': <ball_device.bd_trough>}
2026-03-01 15:47:25,533 : INFO : EventManager : Event: ======'ball_drain'====== Args={'device': <ball_device.bd_trough>, 'balls': 1}
2026-03-01 15:47:25,533 : INFO : EventManager : Event: ======'ball_ending'====== Args={}
2026-03-01 15:47:25,533 : INFO : EventManager : Event: ======'balldevice_balls_available'====== Args={}
2026-03-01 15:47:25,533 : INFO : EventManager : Event: ======'balldevice_bd_trough_ball_entered'====== Args={'new_balls': 1, 'device': <ball_device.bd_trough>}
2026-03-01 15:47:25,534 : INFO : EventManager : Event: ======'ball_ended'====== Args={}
2026-03-01 15:47:25,535 : INFO : EventManager : Event: ======'player_turn_will_end'====== Args={'player': <Player 1>, 'number': 1}
2026-03-01 15:47:25,535 : INFO : EventManager : Event: ======'player_turn_ending'====== Args={'player': <Player 1>, 'number': 1}
2026-03-01 15:47:25,535 : INFO : EventManager : Event: ======'player_turn_ended'====== Args={'player': <Player 1>, 'number': 1}
2026-03-01 15:47:25,536 : INFO : EventManager : Event: ======'player_turn_will_start'====== Args={'player': <Player 1>, 'number': 1}
2026-03-01 15:47:25,536 : INFO : EventManager : Event: ======'player_turn_starting'====== Args={'player': <Player 1>, 'number': 1}
2026-03-01 15:47:25,537 : INFO : EventManager : Event: ======'player_ball'====== Args={'value': 2, 'prev_value': 1, 'change': 1, 'player_num': 1}
2026-03-01 15:47:25,537 : INFO : EventManager : Event: ======'player_turn_started'====== Args={'player': <Player 1>, 'number': 1}
2026-03-01 15:47:25,538 : INFO : EventManager : Event: ======'ball_will_start'====== Args={'player': 1, 'ball': 2, 'balls_remaining': 1, 'is_extra_ball': False}
2026-03-01 15:47:25,539 : INFO : BallController : Found 1 ball(s) on playfield.
2026-03-01 15:47:25,539 : WARNING : BallController : Playfields still contain balls. Waiting for those to drain.
2026-03-01 15:47:26,539 : INFO : BallController : Found 1 ball(s) on playfield.
2026-03-01 15:47:26,540 : WARNING : BallController : Playfields still contain balls. Waiting for those to drain.
2026-03-01 15:47:26,775 : INFO : SwitchController : <<<<<<< 's_plunger' inactive >>>>>>>
2026-03-01 15:47:26,775 : INFO : ball_device.bd_plunger : State: ball_left
2026-03-01 15:47:26,775 : INFO : ball_device.bd_plunger : Ball left
2026-03-01 15:47:26,776 : INFO : ball_device.bd_plunger : Wait for confirm with timeout 10.0
2026-03-01 15:47:26,920 : INFO : SwitchController : <<<<<<< 's_flipper_right_lower' active >>>>>>>
2026-03-01 15:47:26,921 : INFO : EventManager : Event: ======'machine_var_audits_switches_s_flipper_right_lower'====== Args={'value': 485, 'prev_value': 484, 'change': 1}
2026-03-01 15:47:26,928 : INFO : SwitchController : <<<<<<< 's_flipper_right_upper' active >>>>>>>
2026-03-01 15:47:26,929 : INFO : EventManager : Event: ======'machine_var_audits_switches_s_flipper_right_upper'====== Args={'value': 500, 'prev_value': 499, 'change': 1}
2026-03-01 15:47:27,063 : INFO : SwitchController : <<<<<<< 's_flipper_right_upper' inactive >>>>>>>
2026-03-01 15:47:27,072 : INFO : SwitchController : <<<<<<< 's_flipper_right_lower' inactive >>>>>>>
2026-03-01 15:47:27,219 : INFO : SwitchController : <<<<<<< 's_flipper_right_lower' active >>>>>>>
2026-03-01 15:47:27,219 : INFO : EventManager : Event: ======'machine_var_audits_switches_s_flipper_right_lower'====== Args={'value': 486, 'prev_value': 485, 'change': 1}
2026-03-01 15:47:27,229 : INFO : SwitchController : <<<<<<< 's_flipper_right_upper' active >>>>>>>
2026-03-01 15:47:27,229 : INFO : EventManager : Event: ======'machine_var_audits_switches_s_flipper_right_upper'====== Args={'value': 501, 'prev_value': 500, 'change': 1}
2026-03-01 15:47:27,341 : INFO : SwitchController : <<<<<<< 's_flipper_right_upper' inactive >>>>>>>
2026-03-01 15:47:27,349 : INFO : SwitchController : <<<<<<< 's_flipper_right_lower' inactive >>>>>>>
2026-03-01 15:47:27,517 : INFO : SwitchController : <<<<<<< 's_flipper_right_lower' active >>>>>>>
2026-03-01 15:47:27,518 : INFO : EventManager : Event: ======'machine_var_audits_switches_s_flipper_right_lower'====== Args={'value': 487, 'prev_value': 486, 'change': 1}
2026-03-01 15:47:27,519 : INFO : SwitchController : <<<<<<< 's_flipper_right_upper' active >>>>>>>
2026-03-01 15:47:27,520 : INFO : EventManager : Event: ======'machine_var_audits_switches_s_flipper_right_upper'====== Args={'value': 502, 'prev_value': 501, 'change': 1}
2026-03-01 15:47:27,540 : INFO : BallController : Found 1 ball(s) on playfield.
2026-03-01 15:47:27,540 : WARNING : BallController : Playfields still contain balls. Waiting for those to drain.
2026-03-01 15:47:27,625 : INFO : SwitchController : <<<<<<< 's_flipper_left' active >>>>>>>
2026-03-01 15:47:27,625 : INFO : EventManager : Event: ======'machine_var_audits_switches_s_flipper_left'====== Args={'value': 475, 'prev_value': 474, 'change': 1}
2026-03-01 15:47:27,654 : INFO : SwitchController : <<<<<<< 's_flipper_right_upper' inactive >>>>>>>
2026-03-01 15:47:27,661 : INFO : SwitchController : <<<<<<< 's_flipper_right_lower' inactive >>>>>>>
2026-03-01 15:47:27,849 : INFO : SwitchController : <<<<<<< 's_flipper_left' inactive >>>>>>>
2026-03-01 15:47:27,855 : INFO : SwitchController : <<<<<<< 's_flipper_right_lower' active >>>>>>>
2026-03-01 15:47:27,855 : INFO : EventManager : Event: ======'machine_var_audits_switches_s_flipper_right_lower'====== Args={'value': 488, 'prev_value': 487, 'change': 1}
2026-03-01 15:47:27,866 : INFO : SwitchController : <<<<<<< 's_flipper_right_upper' active >>>>>>>
2026-03-01 15:47:27,866 : INFO : EventManager : Event: ======'machine_var_audits_switches_s_flipper_right_upper'====== Args={'value': 503, 'prev_value': 502, 'change': 1}
2026-03-01 15:47:27,987 : INFO : SwitchController : <<<<<<< 's_flipper_right_upper' inactive >>>>>>>
2026-03-01 15:47:27,998 : INFO : SwitchController : <<<<<<< 's_flipper_right_lower' inactive >>>>>>>
2026-03-01 15:47:27,998 : INFO : SwitchController : <<<<<<< 's_flipper_left' active >>>>>>>
2026-03-01 15:47:27,998 : INFO : EventManager : Event: ======'machine_var_audits_switches_s_flipper_left'====== Args={'value': 476, 'prev_value': 475, 'change': 1}
2026-03-01 15:47:28,102 : INFO : SwitchController : <<<<<<< 's_flipper_right_lower' active >>>>>>>
2026-03-01 15:47:28,102 : INFO : EventManager : Event: ======'machine_var_audits_switches_s_flipper_right_lower'====== Args={'value': 489, 'prev_value': 488, 'change': 1}
2026-03-01 15:47:28,106 : INFO : SwitchController : <<<<<<< 's_flipper_left' inactive >>>>>>>
2026-03-01 15:47:28,110 : INFO : SwitchController : <<<<<<< 's_flipper_right_upper' active >>>>>>>
2026-03-01 15:47:28,110 : INFO : EventManager : Event: ======'machine_var_audits_switches_s_flipper_right_upper'====== Args={'value': 504, 'prev_value': 503, 'change': 1}
2026-03-01 15:47:28,228 : INFO : SwitchController : <<<<<<< 's_flipper_right_upper' inactive >>>>>>>
2026-03-01 15:47:28,234 : INFO : SwitchController : <<<<<<< 's_flipper_left' active >>>>>>>
2026-03-01 15:47:28,234 : INFO : EventManager : Event: ======'machine_var_audits_switches_s_flipper_left'====== Args={'value': 477, 'prev_value': 476, 'change': 1}
2026-03-01 15:47:28,235 : INFO : SwitchController : <<<<<<< 's_flipper_right_lower' inactive >>>>>>>
2026-03-01 15:47:28,315 : INFO : SwitchController : <<<<<<< 's_flipper_left' inactive >>>>>>>
2026-03-01 15:47:28,348 : INFO : SwitchController : <<<<<<< 's_flipper_right_lower' active >>>>>>>
2026-03-01 15:47:28,348 : INFO : EventManager : Event: ======'machine_var_audits_switches_s_flipper_right_lower'====== Args={'value': 490, 'prev_value': 489, 'change': 1}
2026-03-01 15:47:28,352 : INFO : SwitchController : <<<<<<< 's_flipper_right_upper' active >>>>>>>
2026-03-01 15:47:28,353 : INFO : EventManager : Event: ======'machine_var_audits_switches_s_flipper_right_upper'====== Args={'value': 505, 'prev_value': 504, 'change': 1}
2026-03-01 15:47:28,396 : INFO : SwitchController : <<<<<<< 's_flipper_left' active >>>>>>>
2026-03-01 15:47:28,396 : INFO : EventManager : Event: ======'machine_var_audits_switches_s_flipper_left'====== Args={'value': 478, 'prev_value': 477, 'change': 1}
2026-03-01 15:47:28,453 : INFO : SwitchController : <<<<<<< 's_flipper_right_upper' inactive >>>>>>>
2026-03-01 15:47:28,460 : INFO : SwitchController : <<<<<<< 's_flipper_right_lower' inactive >>>>>>>
2026-03-01 15:47:28,500 : INFO : SwitchController : <<<<<<< 's_flipper_left' inactive >>>>>>>
2026-03-01 15:47:28,542 : INFO : BallController : Found 1 ball(s) on playfield.
2026-03-01 15:47:28,542 : WARNING : BallController : Playfields still contain balls. Waiting for those to drain.
2026-03-01 15:47:28,548 : INFO : SwitchController : <<<<<<< 's_flipper_right_lower' active >>>>>>>
2026-03-01 15:47:28,548 : INFO : EventManager : Event: ======'machine_var_audits_switches_s_flipper_right_lower'====== Args={'value': 491, 'prev_value': 490, 'change': 1}
2026-03-01 15:47:28,552 : INFO : SwitchController : <<<<<<< 's_flipper_right_upper' active >>>>>>>
2026-03-01 15:47:28,552 : INFO : EventManager : Event: ======'machine_var_audits_switches_s_flipper_right_upper'====== Args={'value': 506, 'prev_value': 505, 'change': 1}
2026-03-01 15:47:28,708 : INFO : SwitchController : <<<<<<< 's_flipper_right_upper' inactive >>>>>>>
2026-03-01 15:47:28,717 : INFO : SwitchController : <<<<<<< 's_flipper_right_lower' inactive >>>>>>>
2026-03-01 15:47:29,542 : INFO : BallController : Found 1 ball(s) on playfield.
2026-03-01 15:47:29,542 : WARNING : BallController : Playfields still contain balls. Waiting for those to drain.
2026-03-01 15:47:30,543 : INFO : BallController : Found 1 ball(s) on playfield.
2026-03-01 15:47:30,543 : WARNING : BallController : Playfields still contain balls. Waiting for those to drain.
2026-03-01 15:47:31,544 : INFO : BallController : Found 1 ball(s) on playfield.
2026-03-01 15:47:31,544 : WARNING : BallController : Playfields still contain balls. Waiting for those to drain.
2026-03-01 15:47:32,546 : INFO : BallController : Found 1 ball(s) on playfield.
2026-03-01 15:47:32,546 : WARNING : BallController : Playfields still contain balls. Waiting for those to drain.
2026-03-01 15:47:32,577 : INFO : SwitchController : <<<<<<< 's_trough_6' inactive >>>>>>>
2026-03-01 15:47:33,078 : INFO : ball_device.bd_trough : BCH: Count is unstable. Trying to reorder balls.
2026-03-01 15:47:33,078 : WARNING : ball_device.bd_trough : Cannot reorder device because eject_coil_reorder_pulse is not configured
2026-03-01 15:47:33,078 : INFO : ball_device.bd_trough : BCH: Repulse done. Waiting for balls to settle.
2026-03-01 15:47:33,546 : INFO : BallController : Found 1 ball(s) on playfield.
2026-03-01 15:47:33,547 : WARNING : BallController : Playfields still contain balls. Waiting for those to drain.
2026-03-01 15:47:34,547 : INFO : BallController : Found 1 ball(s) on playfield.
2026-03-01 15:47:34,547 : WARNING : BallController : Playfields still contain balls. Waiting for those to drain.
2026-03-01 15:47:35,548 : INFO : BallController : Found 1 ball(s) on playfield.
2026-03-01 15:47:35,548 : WARNING : BallController : Playfields still contain balls. Waiting for those to drain.
2026-03-01 15:47:36,000 : INFO : Machine : Shutting down...
2026-03-01 15:47:36,001 : INFO : EventManager : Event: ======'shutdown'====== Args={}
2026-03-01 15:47:36,002 : INFO : EventManager : Event: ======'mode_game_will_stop'====== Args={}
2026-03-01 15:47:36,002 : INFO : EventManager : Event: ======'mode_game_stopping'====== Args={}
2026-03-01 15:47:36,002 : INFO : Mode.game : Stopped.
2026-03-01 15:47:36,002 : INFO : EventManager : Event: ======'modes_active_modes_changed'====== Args={}
2026-03-01 15:47:36,002 : INFO : EventManager : Event: ======'mode_game_stopped'====== Args={}
2026-03-01 15:47:36,002 : INFO : EventManager : Event: ======'clear'====== Args={'key': 'game'}
2026-03-01 15:47:36,108 : INFO : root : MPF run loop ended.
