2026-03-01 15:36:44,332 : INFO : root : Loading config.
2026-03-01 15:36:44,694 : INFO : ConfigProcessor : Config spec file cache created: /var/folders/1s/015t8n3n70gcr2ch4xflj4yr0000gn/T/config_spec.mpf_cache
2026-03-01 15:36:44,695 : INFO : YamlMultifileConfigLoader : Machine config file #1: config.yaml
2026-03-01 15:36:44,695 : WARNING : ConfigProcessor : Config file in cache changed: /Users/pinball/NapoleonDynamite/config/config.yaml
2026-03-01 15:36:44,695 : INFO : ConfigProcessor : Loading config from file /Users/pinball/mpf/lib/python3.14/site-packages/mpf/mpfconfig.yaml.
2026-03-01 15:36:44,775 : INFO : ConfigProcessor : Loading config: /Users/pinball/mpf/lib/python3.14/site-packages/mpf/mpfconfig.yaml
2026-03-01 15:36:44,776 : INFO : ConfigProcessor : Loading config from file /Users/pinball/NapoleonDynamite/config/config.yaml.
2026-03-01 15:36:44,787 : INFO : ConfigProcessor : Loading config: /Users/pinball/NapoleonDynamite/config/config.yaml
2026-03-01 15:36:44,794 : INFO : ConfigProcessor : Loading config: /Users/pinball/NapoleonDynamite/config/config_ball_devices.yaml
2026-03-01 15:36:44,803 : INFO : ConfigProcessor : Loading config: /Users/pinball/NapoleonDynamite/config/config_coils.yaml
2026-03-01 15:36:44,816 : INFO : ConfigProcessor : Loading config: /Users/pinball/NapoleonDynamite/config/config_switches.yaml
2026-03-01 15:36:44,817 : INFO : ConfigProcessor : Config file cache created: /var/folders/1s/015t8n3n70gcr2ch4xflj4yr0000gn/T/954ddabc670342668a09b03520c7eb79.mpf_cache
2026-03-01 15:36:44,880 : INFO : ConfigProcessor : Loading config from cache: /var/folders/1s/015t8n3n70gcr2ch4xflj4yr0000gn/T/64218df07edc412f774c53ffb33c812d.mpf_cache
2026-03-01 15:36:44,881 : INFO : ConfigProcessor : Loading config from cache: /var/folders/1s/015t8n3n70gcr2ch4xflj4yr0000gn/T/767518d75df2d86a4d35c1fb94c70abd.mpf_cache
2026-03-01 15:36:44,881 : INFO : ConfigProcessor : Loading config from cache: /var/folders/1s/015t8n3n70gcr2ch4xflj4yr0000gn/T/64218df07edc412f774c53ffb33c812d.mpf_cache
2026-03-01 15:36:44,882 : INFO : ConfigProcessor : Loading config from cache: /var/folders/1s/015t8n3n70gcr2ch4xflj4yr0000gn/T/73548cb541cc3751ae5711fe0817282a.mpf_cache
2026-03-01 15:36:44,882 : INFO : ConfigProcessor : Loading config from cache: /var/folders/1s/015t8n3n70gcr2ch4xflj4yr0000gn/T/57f006170cd447d443f971cd8b826597.mpf_cache
2026-03-01 15:36:44,882 : INFO : ConfigProcessor : Loading config from cache: /var/folders/1s/015t8n3n70gcr2ch4xflj4yr0000gn/T/adb0ea3e4ccf2dafa758999a39c1d676.mpf_cache
2026-03-01 15:36:44,883 : INFO : Machine : Mission Pinball Framework Core Engine v0.80.0.dev13
2026-03-01 15:36:44,883 : INFO : Machine : Command line arguments: {'no_load_cache': False, 'create_config_cache': True, 'bcp': True, 'configfile': ['config.yaml'], 'force_assets_load': False, 'platform_integration_test': False, 'jsonlogging': False, 'logfile': 'logs/2026-03-01-15-36-44-mpf-ANDREs-Mac-mini.local.log', 'pause': False, 'production': False, 'text_ui': True, 'loglevel': 15, 'consoleloglevel': 20, 'force_platform': None, 'syslog_address': None, 'full_logfile_path': '/Users/pinball/NapoleonDynamite/logs/2026-03-01-15-36-44-mpf-ANDREs-Mac-mini.local.log'}
2026-03-01 15:36:44,883 : INFO : Machine : MPF path: /Users/pinball/mpf/lib/python3.14/site-packages/mpf
2026-03-01 15:36:44,883 : INFO : Machine : Machine path: /Users/pinball/NapoleonDynamite
2026-03-01 15:36:44,883 : INFO : Machine : Platform: darwin
2026-03-01 15:36:44,883 : INFO : Machine : Python executable location: /Users/pinball/mpf/bin/python3.14
2026-03-01 15:36:44,883 : INFO : Machine : Python version: 3.14.3 (64-bit)
2026-03-01 15:36:44,884 : INFO : Machine : Initializing MPF...
2026-03-01 15:36:44,997 : INFO : FAST : Auto-detecting ports for the following connections: ['net', 'exp']
2026-03-01 15:36:45,022 : INFO : FAST : Detected NET on port /dev/cu.usbmodem14101
2026-03-01 15:36:45,030 : INFO : FAST : Detected EXP on port /dev/cu.usbmodem14103
2026-03-01 15:36:45,134 : INFO : FAST [NET] : Trying to connect to /dev/cu.usbmodem14101 at 921600bps
2026-03-01 15:36:45,139 : INFO : FAST [NET] : Connected to /dev/cu.usbmodem14101 at 921600bps
2026-03-01 15:36:45,141 : INFO : FAST [NET] : Connected to FP-CPU-2000 with firmware v02.26
2026-03-01 15:36:45,143 : INFO : FAST [NET] : Registered I/O Board 0: Model: FP-I/O-0024, Firmware: 01.10, Switches: 24, Drivers: 8
2026-03-01 15:36:45,144 : INFO : FAST [NET] : Registered I/O Board 1: Model: FP-I/O-3208, Firmware: 01.10, Switches: 32, Drivers: 8
2026-03-01 15:36:45,146 : INFO : FAST [NET] : Registered I/O Board 2: Model: FP-I/O-0804, Firmware: 01.10, Switches: 8, Drivers: 4
2026-03-01 15:36:45,147 : INFO : FAST [EXP] : Trying to connect to /dev/cu.usbmodem14103 at 921600bps
2026-03-01 15:36:45,153 : INFO : FAST [EXP] : Connected to /dev/cu.usbmodem14103 at 921600bps
2026-03-01 15:36:45,155 : INFO : FAST [EXP] : Verifying hardware for EXP "neuron" (FP-EXP-2000, @48) with ID string "EXP FP-EXP-2000  0.34", board address 48
2026-03-01 15:36:45,156 : INFO : FAST [EXP] : Verifying hardware for EXP "neuron" (FP-EXP-2000, @48) with ID string "LED FP-BRK-0001  0.8", board address 480
2026-03-01 15:36:45,157 : INFO : EventManager : Event: ======'machine_var_credits_string'====== Args={'value': 'FREE PLAY', 'prev_value': None, 'change': True}
2026-03-01 15:36:45,174 : INFO : EventManager : Event: ======'machine_var_master_volume'====== Args={'value': 0.5, 'prev_value': None, 'change': True}
2026-03-01 15:36:45,174 : INFO : EventManager : Event: ======'machine_var_mpf_version'====== Args={'value': 'Mission Pinball Framework v0.80.0.dev13', 'prev_value': None, 'change': True}
2026-03-01 15:36:45,174 : INFO : EventManager : Event: ======'machine_var_mpf_extended_version'====== Args={'value': 'Mission Pinball Framework v0.80.0.dev13, Config version:6, Show version: 6, BCP version:1.1', 'prev_value': None, 'change': True}
2026-03-01 15:36:45,174 : INFO : EventManager : Event: ======'machine_var_python_version'====== Args={'value': '3.14.3', 'prev_value': None, 'change': True}
2026-03-01 15:36:45,194 : INFO : EventManager : Event: ======'machine_var_platform'====== Args={'value': 'macOS-14.8.4-x86_64-i386-64bit-Mach-O', 'prev_value': None, 'change': True}
2026-03-01 15:36:45,194 : INFO : EventManager : Event: ======'machine_var_platform_system'====== Args={'value': 'Darwin', 'prev_value': None, 'change': True}
2026-03-01 15:36:45,194 : INFO : EventManager : Event: ======'machine_var_platform_release'====== Args={'value': '23.6.0', 'prev_value': None, 'change': True}
2026-03-01 15:36:45,194 : INFO : EventManager : Event: ======'machine_var_platform_version'====== Args={'value': 'Darwin Kernel Version 23.6.0: Mon Jan 19 22:02:22 PST 2026; root:xnu-10063.141.1.710.3~1/RELEASE_X86_64', 'prev_value': None, 'change': True}
2026-03-01 15:36:45,194 : INFO : EventManager : Event: ======'machine_var_platform_machine'====== Args={'value': 'x86_64', 'prev_value': None, 'change': True}
2026-03-01 15:36:45,194 : INFO : EventManager : Event: ======'machine_var_log_file_path'====== Args={'value': '/Users/pinball/NapoleonDynamite/logs/2026-03-01-15-36-44-mpf-ANDREs-Mac-mini.local.log', 'prev_value': None, 'change': True}
2026-03-01 15:36:45,195 : INFO : EventManager : Event: ======'init_phase_1'====== Args={}
2026-03-01 15:36:45,352 : INFO : SwitchController : <<<<<<< 's_flipper_left_eos' active >>>>>>>
2026-03-01 15:36:45,352 : INFO : SwitchController : <<<<<<< 's_flipper_right_lower_eos' active >>>>>>>
2026-03-01 15:36:45,352 : INFO : SwitchController : <<<<<<< 's_trough_6' active >>>>>>>
2026-03-01 15:36:45,352 : INFO : SwitchController : <<<<<<< 's_trough_7' active >>>>>>>
2026-03-01 15:36:45,352 : INFO : SwitchController : <<<<<<< 's_plunger' active >>>>>>>
2026-03-01 15:36:45,352 : INFO : SwitchController : <<<<<<< 's_bumper_lower' active >>>>>>>
2026-03-01 15:36:45,352 : INFO : SwitchController : <<<<<<< 's_bumper_upper' active >>>>>>>
2026-03-01 15:36:45,352 : INFO : SwitchController : <<<<<<< 's_inlane_right_2' active >>>>>>>
2026-03-01 15:36:45,352 : INFO : SwitchController : <<<<<<< 's_inlane_left' active >>>>>>>
2026-03-01 15:36:45,383 : INFO : EventManager : Event: ======'init_phase_2'====== Args={}
2026-03-01 15:36:45,384 : INFO : SwitchController : Found active switch: (37, [FAST Platform Interface]) <switch.s_flipper_left_eos>
2026-03-01 15:36:45,385 : INFO : SwitchController : Found active switch: (32, [FAST Platform Interface]) <switch.s_flipper_right_lower_eos>
2026-03-01 15:36:45,385 : INFO : SwitchController : Found active switch: (29, [FAST Platform Interface]) <switch.s_trough_6>
2026-03-01 15:36:45,385 : INFO : SwitchController : Found active switch: (30, [FAST Platform Interface]) <switch.s_trough_7>
2026-03-01 15:36:45,385 : INFO : SwitchController : Found active switch: (31, [FAST Platform Interface]) <switch.s_plunger>
2026-03-01 15:36:45,385 : INFO : SwitchController : Found active switch: (41, [FAST Platform Interface]) <switch.s_bumper_lower>
2026-03-01 15:36:45,385 : INFO : SwitchController : Found active switch: (42, [FAST Platform Interface]) <switch.s_bumper_upper>
2026-03-01 15:36:45,385 : INFO : SwitchController : Found active switch: (36, [FAST Platform Interface]) <switch.s_inlane_right_2>
2026-03-01 15:36:45,385 : INFO : SwitchController : Found active switch: (39, [FAST Platform Interface]) <switch.s_inlane_left>
2026-03-01 15:36:45,391 : INFO : EventManager : Event: ======'bcp_connection_attempt'====== Args={'name': 'local_display', 'host': 'localhost', 'port': 5050}
2026-03-01 15:36:45,392 : INFO : BCPClientSocket : Connecting BCP to 'local_display' at localhost:5050...
2026-03-01 15:36:45,402 : INFO : BCPClientSocket : Connected BCP to 'local_display' localhost:5050
2026-03-01 15:36:45,403 : INFO : EventManager : Event: ======'bcp_clients_connected'====== Args={}
2026-03-01 15:36:45,853 : INFO : ball_device.bd_trough : BCH: Initial count: 2
2026-03-01 15:36:45,854 : INFO : ball_device.bd_trough : State: idle
2026-03-01 15:36:45,855 : INFO : ball_device.bd_plunger : BCH: Initial count: 1
2026-03-01 15:36:45,855 : INFO : ball_device.bd_plunger : State: idle
2026-03-01 15:36:45,869 : INFO : EventManager : Event: ======'init_phase_3'====== Args={}
2026-03-01 15:36:45,872 : INFO : EventManager : Event: ======'init_phase_4'====== Args={}
2026-03-01 15:36:45,873 : INFO : BallController : Initial balls found: 3
2026-03-01 15:36:45,874 : INFO : EventManager : Event: ======'machine_var_audits_events_game_ended'====== Args={'value': 0, 'prev_value': None, 'change': True}
2026-03-01 15:36:45,874 : INFO : EventManager : Event: ======'machine_var_audits_events_game_started'====== Args={'value': 31, 'prev_value': None, 'change': True}
2026-03-01 15:36:45,874 : INFO : EventManager : Event: ======'machine_var_audits_missing_switches_s_bumper_lower'====== Args={'value': 22, 'prev_value': None, 'change': True}
2026-03-01 15:36:45,874 : INFO : EventManager : Event: ======'machine_var_audits_missing_switches_s_bumper_upper'====== Args={'value': 23, 'prev_value': None, 'change': True}
2026-03-01 15:36:45,874 : INFO : EventManager : Event: ======'machine_var_audits_missing_switches_s_flipper_right_upper_eos'====== Args={'value': 17, 'prev_value': None, 'change': True}
2026-03-01 15:36:45,875 : INFO : EventManager : Event: ======'machine_var_audits_missing_switches_s_inlane_left'====== Args={'value': 22, 'prev_value': None, 'change': True}
2026-03-01 15:36:45,875 : INFO : EventManager : Event: ======'machine_var_audits_missing_switches_s_inlane_right_1'====== Args={'value': 4, 'prev_value': None, 'change': True}
2026-03-01 15:36:45,875 : INFO : EventManager : Event: ======'machine_var_audits_missing_switches_s_inlane_right_2'====== Args={'value': 22, 'prev_value': None, 'change': True}
2026-03-01 15:36:45,875 : INFO : EventManager : Event: ======'machine_var_audits_missing_switches_s_scoop_tina'====== Args={'value': 4, 'prev_value': None, 'change': True}
2026-03-01 15:36:45,875 : INFO : EventManager : Event: ======'machine_var_audits_missing_switches_s_sling_left'====== Args={'value': 4, 'prev_value': None, 'change': True}
2026-03-01 15:36:45,875 : INFO : EventManager : Event: ======'machine_var_audits_missing_switches_s_sling_right'====== Args={'value': 4, 'prev_value': None, 'change': True}
2026-03-01 15:36:45,875 : INFO : EventManager : Event: ======'machine_var_audits_player_score'====== Args={'value': {'average': 0, 'top': [], 'total': 0}, 'prev_value': None, 'change': True}
2026-03-01 15:36:45,875 : INFO : EventManager : Event: ======'machine_var_audits_shots_bumper_lower'====== Args={'value': 76, 'prev_value': None, 'change': True}
2026-03-01 15:36:45,875 : INFO : EventManager : Event: ======'machine_var_audits_shots_bumper_upper'====== Args={'value': 81, 'prev_value': None, 'change': True}
2026-03-01 15:36:45,875 : INFO : EventManager : Event: ======'machine_var_audits_shots_hurryup'====== Args={'value': 3, 'prev_value': None, 'change': True}
2026-03-01 15:36:45,876 : INFO : EventManager : Event: ======'machine_var_audits_shots_inlane_left'====== Args={'value': 17, 'prev_value': None, 'change': True}
2026-03-01 15:36:45,876 : INFO : EventManager : Event: ======'machine_var_audits_shots_left_lane'====== Args={'value': 8, 'prev_value': None, 'change': True}
2026-03-01 15:36:45,876 : INFO : EventManager : Event: ======'machine_var_audits_switches_s_bumper_lower'====== Args={'value': 76, 'prev_value': None, 'change': True}
2026-03-01 15:36:45,876 : INFO : EventManager : Event: ======'machine_var_audits_switches_s_bumper_upper'====== Args={'value': 81, 'prev_value': None, 'change': True}
2026-03-01 15:36:45,876 : INFO : EventManager : Event: ======'machine_var_audits_switches_s_flipper_left'====== Args={'value': 446, 'prev_value': None, 'change': True}
2026-03-01 15:36:45,876 : INFO : EventManager : Event: ======'machine_var_audits_switches_s_flipper_left_eos'====== Args={'value': 182, 'prev_value': None, 'change': True}
2026-03-01 15:36:45,876 : INFO : EventManager : Event: ======'machine_var_audits_switches_s_flipper_right_lower'====== Args={'value': 454, 'prev_value': None, 'change': True}
2026-03-01 15:36:45,876 : INFO : EventManager : Event: ======'machine_var_audits_switches_s_flipper_right_lower_eos'====== Args={'value': 165, 'prev_value': None, 'change': True}
2026-03-01 15:36:45,876 : INFO : EventManager : Event: ======'machine_var_audits_switches_s_flipper_right_upper'====== Args={'value': 470, 'prev_value': None, 'change': True}
2026-03-01 15:36:45,876 : INFO : EventManager : Event: ======'machine_var_audits_switches_s_flipper_right_upper_eos'====== Args={'value': 43, 'prev_value': None, 'change': True}
2026-03-01 15:36:45,876 : INFO : EventManager : Event: ======'machine_var_audits_switches_s_inlane_left'====== Args={'value': 27, 'prev_value': None, 'change': True}
2026-03-01 15:36:45,876 : INFO : EventManager : Event: ======'machine_var_audits_switches_s_inlane_right_1'====== Args={'value': 18, 'prev_value': None, 'change': True}
2026-03-01 15:36:45,876 : INFO : EventManager : Event: ======'machine_var_audits_switches_s_inlane_right_2'====== Args={'value': 3, 'prev_value': None, 'change': True}
2026-03-01 15:36:45,877 : INFO : EventManager : Event: ======'machine_var_audits_switches_s_plunger'====== Args={'value': 13, 'prev_value': None, 'change': True}
2026-03-01 15:36:45,877 : INFO : EventManager : Event: ======'machine_var_audits_switches_s_plunger_lane'====== Args={'value': 29, 'prev_value': None, 'change': True}
2026-03-01 15:36:45,877 : INFO : EventManager : Event: ======'machine_var_audits_switches_s_scoop_tina'====== Args={'value': 11, 'prev_value': None, 'change': True}
2026-03-01 15:36:45,877 : INFO : EventManager : Event: ======'machine_var_audits_switches_s_sling_left'====== Args={'value': 193, 'prev_value': None, 'change': True}
2026-03-01 15:36:45,877 : INFO : EventManager : Event: ======'machine_var_audits_switches_s_sling_right'====== Args={'value': 30, 'prev_value': None, 'change': True}
2026-03-01 15:36:45,877 : INFO : EventManager : Event: ======'machine_var_audits_switches_s_start'====== Args={'value': 34, 'prev_value': None, 'change': True}
2026-03-01 15:36:45,877 : INFO : EventManager : Event: ======'machine_var_audits_switches_s_trough_1'====== Args={'value': 128, 'prev_value': None, 'change': True}
2026-03-01 15:36:45,877 : INFO : EventManager : Event: ======'machine_var_audits_switches_s_trough_2'====== Args={'value': 116, 'prev_value': None, 'change': True}
2026-03-01 15:36:45,877 : INFO : EventManager : Event: ======'machine_var_audits_switches_s_trough_3'====== Args={'value': 142, 'prev_value': None, 'change': True}
2026-03-01 15:36:45,877 : INFO : EventManager : Event: ======'machine_var_audits_switches_s_trough_4'====== Args={'value': 197, 'prev_value': None, 'change': True}
2026-03-01 15:36:45,877 : INFO : EventManager : Event: ======'machine_var_audits_switches_s_trough_5'====== Args={'value': 215, 'prev_value': None, 'change': True}
2026-03-01 15:36:45,877 : INFO : EventManager : Event: ======'machine_var_audits_switches_s_trough_6'====== Args={'value': 211, 'prev_value': None, 'change': True}
2026-03-01 15:36:45,877 : INFO : EventManager : Event: ======'machine_var_audits_switches_s_trough_7'====== Args={'value': 175, 'prev_value': None, 'change': True}
2026-03-01 15:36:45,878 : INFO : EventManager : Event: ======'init_phase_5'====== Args={}
2026-03-01 15:36:45,879 : INFO : ball_device.bd_trough : BCH: Count is unstable. Trying to reorder balls.
2026-03-01 15:36:45,879 : WARNING : ball_device.bd_trough : Cannot reorder device because eject_coil_reorder_pulse is not configured
2026-03-01 15:36:45,879 : INFO : ball_device.bd_trough : BCH: Repulse done. Waiting for balls to settle.
2026-03-01 15:36:45,879 : INFO : ball_device.bd_trough : BCH: Reordered count: 2
2026-03-01 15:36:45,879 : INFO : EventManager : Event: ======'init_done'====== Args={}
2026-03-01 15:36:45,880 : INFO : EventManager : Event: ======'machine_reset_phase_1'====== Args={}
2026-03-01 15:36:45,899 : INFO : EventManager : Event: ======'machine_reset_phase_2'====== Args={}
2026-03-01 15:36:45,900 : INFO : EventManager : Event: ======'machine_reset_phase_3'====== Args={}
2026-03-01 15:36:45,900 : INFO : EventManager : Event: ======'reset_complete'====== Args={}
2026-03-01 15:36:45,900 : INFO : EventManager : Event: ======'mode_attract_will_start'====== Args={}
2026-03-01 15:36:45,901 : INFO : Timer.attract_carousel_timer : Starting Timer.
2026-03-01 15:36:45,901 : INFO : EventManager : Event: ======'timer_attract_carousel_timer_started'====== Args={'ticks': 0, 'ticks_remaining': 1}
2026-03-01 15:36:45,901 : INFO : EventManager : Event: ======'timer_attract_carousel_timer_tick'====== Args={'ticks': 0, 'ticks_remaining': 1}
2026-03-01 15:36:45,902 : INFO : EventManager : Event: ======'mode_attract_starting'====== Args={}
2026-03-01 15:36:45,902 : INFO : Mode.attract : Started. Priority: 10
2026-03-01 15:36:45,902 : INFO : EventManager : Event: ======'modes_active_modes_changed'====== Args={}
2026-03-01 15:36:45,902 : INFO : EventManager : Event: ======'mode_attract_started'====== Args={}
2026-03-01 15:36:45,903 : INFO : EventManager : Event: ======'collecting_balls'====== Args={}
2026-03-01 15:36:45,904 : INFO : ball_device.bd_plunger : Adding 1 ball(s) to the eject_queue with target <playfield.playfield>.
2026-03-01 15:36:45,904 : INFO : EventManager : Event: ======'balldevice_balls_available'====== Args={}
2026-03-01 15:36:45,904 : INFO : EventManager : Event: ======'carousel_item_highlighted'====== Args={'carousel': 'attract', 'direction': None, 'item': 'title'}
2026-03-01 15:36:45,905 : INFO : EventManager : Event: ======'timer_attract_carousel_timer_tick'====== Args={'ticks': 0, 'ticks_remaining': 1}
2026-03-01 15:36:45,906 : INFO : Machine : Starting the main run loop with active modes: [<Mode.attract>]
2026-03-01 15:36:45,906 : INFO : ball_device.bd_plunger : State: waiting_for_target_ready
2026-03-01 15:36:45,906 : INFO : EventManager : Event: ======'balldevice_bd_plunger_ball_eject_attempt'====== Args={'balls': 1, 'target': <playfield.playfield>, 'source': <ball_device.bd_plunger>, 'mechanical_eject': False, 'num_attempts': 0}
2026-03-01 15:36:45,906 : INFO : ball_device.bd_plunger : State: ejecting
2026-03-01 15:36:45,906 : INFO : ball_device.bd_plunger : Ejecting ball to <playfield.playfield>
2026-03-01 15:36:45,907 : INFO : EventManager : Event: ======'balldevice_bd_plunger_ejecting_ball'====== Args={'balls': 1, 'target': <playfield.playfield>, 'source': <ball_device.bd_plunger>, 'mechanical_eject': False, 'num_attempts': 0}
2026-03-01 15:36:45,907 : INFO : ball_device.bd_plunger : Wait for ball to leave device
2026-03-01 15:36:46,131 : INFO : EventManager : Event: ======'slide_attract_created'====== Args={'_from_bcp': True}
2026-03-01 15:36:46,131 : INFO : EventManager : Event: ======'slide__removed'====== Args={'_from_bcp': True}
2026-03-01 15:36:46,132 : INFO : EventManager : Event: ======'slide_attract_active'====== Args={'original_context': 'attract', 'original_calling_context': 'mode_attract_started', 'priority': 10.0, 'cmd': 'slides_play', '_from_bcp': True}
2026-03-01 15:36:47,739 : INFO : SwitchController : <<<<<<< 's_flipper_right_lower' active >>>>>>>
2026-03-01 15:36:47,740 : INFO : EventManager : Event: ======'s_flipper_right_lower_active'====== Args={}
2026-03-01 15:36:47,740 : INFO : EventManager : Event: ======'carousel_item_highlighted'====== Args={'carousel': 'attract', 'direction': 'forwards', 'item': 'credits'}
2026-03-01 15:36:47,740 : INFO : EventManager : Event: ======'timer_attract_carousel_timer_tick'====== Args={'ticks': 0, 'ticks_remaining': 1}
2026-03-01 15:36:47,756 : INFO : SwitchController : <<<<<<< 's_flipper_right_upper' active >>>>>>>
2026-03-01 15:36:47,885 : INFO : SwitchController : <<<<<<< 's_flipper_right_upper' inactive >>>>>>>
2026-03-01 15:36:47,908 : INFO : SwitchController : <<<<<<< 's_flipper_right_lower' inactive >>>>>>>
2026-03-01 15:36:48,099 : INFO : SwitchController : <<<<<<< 's_flipper_right_lower' active >>>>>>>
2026-03-01 15:36:48,099 : INFO : EventManager : Event: ======'s_flipper_right_lower_active'====== Args={}
2026-03-01 15:36:48,100 : INFO : EventManager : Event: ======'carousel_item_highlighted'====== Args={'carousel': 'attract', 'direction': 'forwards', 'item': 'logo'}
2026-03-01 15:36:48,100 : INFO : EventManager : Event: ======'timer_attract_carousel_timer_tick'====== Args={'ticks': 0, 'ticks_remaining': 1}
2026-03-01 15:36:48,105 : INFO : SwitchController : <<<<<<< 's_flipper_right_upper' active >>>>>>>
2026-03-01 15:36:48,219 : INFO : SwitchController : <<<<<<< 's_flipper_right_upper' inactive >>>>>>>
2026-03-01 15:36:48,234 : INFO : SwitchController : <<<<<<< 's_flipper_right_lower' inactive >>>>>>>
2026-03-01 15:36:48,463 : INFO : SwitchController : <<<<<<< 's_flipper_right_lower' active >>>>>>>
2026-03-01 15:36:48,463 : INFO : EventManager : Event: ======'s_flipper_right_lower_active'====== Args={}
2026-03-01 15:36:48,463 : INFO : EventManager : Event: ======'carousel_item_highlighted'====== Args={'carousel': 'attract', 'direction': 'forwards', 'item': 'title'}
2026-03-01 15:36:48,463 : INFO : EventManager : Event: ======'timer_attract_carousel_timer_tick'====== Args={'ticks': 0, 'ticks_remaining': 1}
2026-03-01 15:36:48,470 : INFO : SwitchController : <<<<<<< 's_flipper_right_upper' active >>>>>>>
2026-03-01 15:36:48,593 : INFO : SwitchController : <<<<<<< 's_flipper_right_upper' inactive >>>>>>>
2026-03-01 15:36:48,609 : INFO : SwitchController : <<<<<<< 's_flipper_right_lower' inactive >>>>>>>
2026-03-01 15:36:48,812 : INFO : SwitchController : <<<<<<< 's_flipper_right_lower' active >>>>>>>
2026-03-01 15:36:48,812 : INFO : EventManager : Event: ======'s_flipper_right_lower_active'====== Args={}
2026-03-01 15:36:48,812 : INFO : EventManager : Event: ======'carousel_item_highlighted'====== Args={'carousel': 'attract', 'direction': 'forwards', 'item': 'credits'}
2026-03-01 15:36:48,813 : INFO : EventManager : Event: ======'timer_attract_carousel_timer_tick'====== Args={'ticks': 0, 'ticks_remaining': 1}
2026-03-01 15:36:48,821 : INFO : SwitchController : <<<<<<< 's_flipper_right_upper' active >>>>>>>
2026-03-01 15:36:48,965 : INFO : SwitchController : <<<<<<< 's_flipper_right_upper' inactive >>>>>>>
2026-03-01 15:36:48,983 : INFO : SwitchController : <<<<<<< 's_flipper_right_lower' inactive >>>>>>>
2026-03-01 15:36:49,249 : INFO : SwitchController : <<<<<<< 's_flipper_right_lower' active >>>>>>>
2026-03-01 15:36:49,249 : INFO : EventManager : Event: ======'s_flipper_right_lower_active'====== Args={}
2026-03-01 15:36:49,249 : INFO : EventManager : Event: ======'carousel_item_highlighted'====== Args={'carousel': 'attract', 'direction': 'forwards', 'item': 'logo'}
2026-03-01 15:36:49,250 : INFO : EventManager : Event: ======'timer_attract_carousel_timer_tick'====== Args={'ticks': 0, 'ticks_remaining': 1}
2026-03-01 15:36:49,265 : INFO : SwitchController : <<<<<<< 's_flipper_right_upper' active >>>>>>>
2026-03-01 15:36:49,442 : INFO : SwitchController : <<<<<<< 's_flipper_right_upper' inactive >>>>>>>
2026-03-01 15:36:49,461 : INFO : SwitchController : <<<<<<< 's_flipper_right_lower' inactive >>>>>>>
2026-03-01 15:36:49,665 : INFO : SwitchController : <<<<<<< 's_flipper_right_lower' active >>>>>>>
2026-03-01 15:36:49,665 : INFO : EventManager : Event: ======'s_flipper_right_lower_active'====== Args={}
2026-03-01 15:36:49,665 : INFO : EventManager : Event: ======'carousel_item_highlighted'====== Args={'carousel': 'attract', 'direction': 'forwards', 'item': 'title'}
2026-03-01 15:36:49,666 : INFO : EventManager : Event: ======'timer_attract_carousel_timer_tick'====== Args={'ticks': 0, 'ticks_remaining': 1}
2026-03-01 15:36:49,675 : INFO : SwitchController : <<<<<<< 's_flipper_right_upper' active >>>>>>>
2026-03-01 15:36:49,806 : INFO : SwitchController : <<<<<<< 's_flipper_right_upper' inactive >>>>>>>
2026-03-01 15:36:49,823 : INFO : SwitchController : <<<<<<< 's_flipper_right_lower' inactive >>>>>>>
2026-03-01 15:36:50,032 : INFO : SwitchController : <<<<<<< 's_flipper_right_lower' active >>>>>>>
2026-03-01 15:36:50,033 : INFO : EventManager : Event: ======'s_flipper_right_lower_active'====== Args={}
2026-03-01 15:36:50,033 : INFO : EventManager : Event: ======'carousel_item_highlighted'====== Args={'carousel': 'attract', 'direction': 'forwards', 'item': 'credits'}
2026-03-01 15:36:50,033 : INFO : EventManager : Event: ======'timer_attract_carousel_timer_tick'====== Args={'ticks': 0, 'ticks_remaining': 1}
2026-03-01 15:36:50,041 : INFO : SwitchController : <<<<<<< 's_flipper_right_upper' active >>>>>>>
2026-03-01 15:36:50,182 : INFO : SwitchController : <<<<<<< 's_flipper_right_upper' inactive >>>>>>>
2026-03-01 15:36:50,198 : INFO : SwitchController : <<<<<<< 's_flipper_right_lower' inactive >>>>>>>
2026-03-01 15:36:50,695 : INFO : SwitchController : <<<<<<< 's_flipper_right_lower' active >>>>>>>
2026-03-01 15:36:50,695 : INFO : EventManager : Event: ======'s_flipper_right_lower_active'====== Args={}
2026-03-01 15:36:50,696 : INFO : EventManager : Event: ======'carousel_item_highlighted'====== Args={'carousel': 'attract', 'direction': 'forwards', 'item': 'logo'}
2026-03-01 15:36:50,696 : INFO : EventManager : Event: ======'timer_attract_carousel_timer_tick'====== Args={'ticks': 0, 'ticks_remaining': 1}
2026-03-01 15:36:50,710 : INFO : SwitchController : <<<<<<< 's_flipper_right_upper' active >>>>>>>
2026-03-01 15:36:50,859 : INFO : SwitchController : <<<<<<< 's_flipper_right_upper' inactive >>>>>>>
2026-03-01 15:36:50,879 : INFO : SwitchController : <<<<<<< 's_flipper_right_lower' inactive >>>>>>>
2026-03-01 15:36:51,117 : INFO : SwitchController : <<<<<<< 's_flipper_right_lower' active >>>>>>>
2026-03-01 15:36:51,117 : INFO : EventManager : Event: ======'s_flipper_right_lower_active'====== Args={}
2026-03-01 15:36:51,117 : INFO : EventManager : Event: ======'carousel_item_highlighted'====== Args={'carousel': 'attract', 'direction': 'forwards', 'item': 'title'}
2026-03-01 15:36:51,118 : INFO : EventManager : Event: ======'timer_attract_carousel_timer_tick'====== Args={'ticks': 0, 'ticks_remaining': 1}
2026-03-01 15:36:51,134 : INFO : SwitchController : <<<<<<< 's_flipper_right_upper' active >>>>>>>
2026-03-01 15:36:51,279 : INFO : SwitchController : <<<<<<< 's_flipper_right_upper' inactive >>>>>>>
2026-03-01 15:36:51,296 : INFO : SwitchController : <<<<<<< 's_flipper_right_lower' inactive >>>>>>>
2026-03-01 15:36:51,519 : INFO : SwitchController : <<<<<<< 's_flipper_right_lower' active >>>>>>>
2026-03-01 15:36:51,519 : INFO : EventManager : Event: ======'s_flipper_right_lower_active'====== Args={}
2026-03-01 15:36:51,519 : INFO : EventManager : Event: ======'carousel_item_highlighted'====== Args={'carousel': 'attract', 'direction': 'forwards', 'item': 'credits'}
2026-03-01 15:36:51,520 : INFO : EventManager : Event: ======'timer_attract_carousel_timer_tick'====== Args={'ticks': 0, 'ticks_remaining': 1}
2026-03-01 15:36:51,534 : INFO : SwitchController : <<<<<<< 's_flipper_right_upper' active >>>>>>>
2026-03-01 15:36:51,701 : INFO : SwitchController : <<<<<<< 's_flipper_right_upper' inactive >>>>>>>
2026-03-01 15:36:51,716 : INFO : SwitchController : <<<<<<< 's_flipper_right_lower' inactive >>>>>>>
2026-03-01 15:36:55,593 : INFO : SwitchController : <<<<<<< 's_start' active >>>>>>>
2026-03-01 15:36:55,700 : INFO : SwitchController : <<<<<<< 's_start' inactive >>>>>>>
2026-03-01 15:36:55,700 : INFO : EventManager : Event: ======'request_to_start_game'====== Args={}
2026-03-01 15:36:55,701 : INFO : EventManager : Event: ======'collecting_balls'====== Args={}
2026-03-01 15:36:55,701 : INFO : BallController : Known balls: 3
2026-03-01 15:36:55,701 : INFO : BallController : bd_trough contains 2 balls. Tags ['trough', 'home', 'drain']
2026-03-01 15:36:55,701 : INFO : BallController : bd_plunger contains 1 balls. Tags []
2026-03-01 15:36:55,701 : INFO : BallController : playfield contains 0 balls. Tags ['default']
2026-03-01 15:36:55,701 : WARNING : BallController : BallController denies game start. Balls are not in their home positions.
2026-03-01 15:36:55,907 : INFO : EventManager : Event: ======'balldevice_bd_plunger_ball_eject_failed'====== Args={'target': <playfield.playfield>, 'balls': 1, 'retry': True, 'num_attempts': 1}
2026-03-01 15:36:55,908 : INFO : ball_device.bd_plunger : State: waiting_for_target_ready
2026-03-01 15:36:55,908 : INFO : EventManager : Event: ======'balldevice_bd_plunger_ball_eject_attempt'====== Args={'balls': 1, 'target': <playfield.playfield>, 'source': <ball_device.bd_plunger>, 'mechanical_eject': False, 'num_attempts': 1}
2026-03-01 15:36:55,909 : INFO : ball_device.bd_plunger : State: ejecting
2026-03-01 15:36:55,909 : INFO : ball_device.bd_plunger : Ejecting ball to <playfield.playfield>
2026-03-01 15:36:55,909 : INFO : EventManager : Event: ======'balldevice_bd_plunger_ejecting_ball'====== Args={'balls': 1, 'target': <playfield.playfield>, 'source': <ball_device.bd_plunger>, 'mechanical_eject': False, 'num_attempts': 1}
2026-03-01 15:36:55,910 : INFO : ball_device.bd_plunger : Wait for ball to leave device
2026-03-01 15:36:56,520 : INFO : Timer.attract_carousel_timer : Timer Complete
2026-03-01 15:36:56,520 : INFO : Timer.attract_carousel_timer : Stopping Timer
2026-03-01 15:36:56,520 : INFO : EventManager : Event: ======'timer_attract_carousel_timer_stopped'====== Args={'ticks': 1, 'ticks_remaining': 1}
2026-03-01 15:36:56,520 : INFO : EventManager : Event: ======'timer_attract_carousel_timer_complete'====== Args={'ticks': 1, 'ticks_remaining': 1}
2026-03-01 15:36:56,521 : INFO : EventManager : Event: ======'carousel_item_highlighted'====== Args={'carousel': 'attract', 'direction': 'forwards', 'item': 'logo'}
2026-03-01 15:36:56,521 : INFO : Timer.attract_carousel_timer : Starting Timer.
2026-03-01 15:36:56,521 : INFO : EventManager : Event: ======'timer_attract_carousel_timer_started'====== Args={'ticks': 0, 'ticks_remaining': 1}
2026-03-01 15:36:56,521 : INFO : EventManager : Event: ======'timer_attract_carousel_timer_tick'====== Args={'ticks': 0, 'ticks_remaining': 1}
2026-03-01 15:36:58,067 : INFO : SwitchController : <<<<<<< 's_plunger' inactive >>>>>>>
2026-03-01 15:36:58,068 : INFO : ball_device.bd_plunger : State: ball_left
2026-03-01 15:36:58,068 : INFO : ball_device.bd_plunger : Ball left
2026-03-01 15:36:58,069 : INFO : ball_device.bd_plunger : Wait for confirm with timeout 10.0
2026-03-01 15:36:58,087 : INFO : SwitchController : <<<<<<< 's_trough_6' inactive >>>>>>>
2026-03-01 15:36:58,588 : INFO : ball_device.bd_trough : BCH: Count is unstable. Trying to reorder balls.
2026-03-01 15:36:58,588 : WARNING : ball_device.bd_trough : Cannot reorder device because eject_coil_reorder_pulse is not configured
2026-03-01 15:36:58,588 : INFO : ball_device.bd_trough : BCH: Repulse done. Waiting for balls to settle.
2026-03-01 15:36:59,279 : INFO : SwitchController : <<<<<<< 's_start' active >>>>>>>
2026-03-01 15:36:59,471 : INFO : SwitchController : <<<<<<< 's_start' inactive >>>>>>>
2026-03-01 15:36:59,472 : INFO : EventManager : Event: ======'request_to_start_game'====== Args={}
2026-03-01 15:36:59,472 : INFO : EventManager : Event: ======'collecting_balls'====== Args={}
2026-03-01 15:36:59,473 : INFO : BallController : Known balls: 3
2026-03-01 15:36:59,473 : INFO : BallController : bd_trough contains 2 balls. Tags ['trough', 'home', 'drain']
2026-03-01 15:36:59,473 : INFO : BallController : bd_plunger contains 0 balls. Tags []
2026-03-01 15:36:59,473 : INFO : BallController : playfield contains 0 balls. Tags ['default']
2026-03-01 15:36:59,473 : WARNING : BallController : BallController denies game start. Balls are not in their home positions.
2026-03-01 15:37:00,405 : INFO : SwitchController : <<<<<<< 's_start' active >>>>>>>
2026-03-01 15:37:00,643 : INFO : SwitchController : <<<<<<< 's_start' inactive >>>>>>>
2026-03-01 15:37:00,643 : INFO : EventManager : Event: ======'request_to_start_game'====== Args={}
2026-03-01 15:37:00,644 : INFO : EventManager : Event: ======'collecting_balls'====== Args={}
2026-03-01 15:37:00,644 : INFO : BallController : Known balls: 3
2026-03-01 15:37:00,644 : INFO : BallController : bd_trough contains 2 balls. Tags ['trough', 'home', 'drain']
2026-03-01 15:37:00,644 : INFO : BallController : bd_plunger contains 0 balls. Tags []
2026-03-01 15:37:00,644 : INFO : BallController : playfield contains 0 balls. Tags ['default']
2026-03-01 15:37:00,645 : WARNING : BallController : BallController denies game start. Balls are not in their home positions.
2026-03-01 15:37:00,916 : INFO : SwitchController : <<<<<<< 's_start' active >>>>>>>
2026-03-01 15:37:01,065 : INFO : SwitchController : <<<<<<< 's_start' inactive >>>>>>>
2026-03-01 15:37:01,065 : INFO : EventManager : Event: ======'request_to_start_game'====== Args={}
2026-03-01 15:37:01,066 : INFO : EventManager : Event: ======'collecting_balls'====== Args={}
2026-03-01 15:37:01,066 : INFO : BallController : Known balls: 3
2026-03-01 15:37:01,066 : INFO : BallController : bd_trough contains 2 balls. Tags ['trough', 'home', 'drain']
2026-03-01 15:37:01,066 : INFO : BallController : bd_plunger contains 0 balls. Tags []
2026-03-01 15:37:01,066 : INFO : BallController : playfield contains 0 balls. Tags ['default']
2026-03-01 15:37:01,066 : WARNING : BallController : BallController denies game start. Balls are not in their home positions.
2026-03-01 15:37:01,275 : INFO : SwitchController : <<<<<<< 's_start' active >>>>>>>
2026-03-01 15:37:01,438 : INFO : SwitchController : <<<<<<< 's_start' inactive >>>>>>>
2026-03-01 15:37:01,438 : INFO : EventManager : Event: ======'request_to_start_game'====== Args={}
2026-03-01 15:37:01,438 : INFO : EventManager : Event: ======'collecting_balls'====== Args={}
2026-03-01 15:37:01,439 : INFO : BallController : Known balls: 3
2026-03-01 15:37:01,439 : INFO : BallController : bd_trough contains 2 balls. Tags ['trough', 'home', 'drain']
2026-03-01 15:37:01,439 : INFO : BallController : bd_plunger contains 0 balls. Tags []
2026-03-01 15:37:01,439 : INFO : BallController : playfield contains 0 balls. Tags ['default']
2026-03-01 15:37:01,439 : WARNING : BallController : BallController denies game start. Balls are not in their home positions.
2026-03-01 15:37:01,522 : INFO : Timer.attract_carousel_timer : Timer Complete
2026-03-01 15:37:01,522 : INFO : Timer.attract_carousel_timer : Stopping Timer
2026-03-01 15:37:01,522 : INFO : EventManager : Event: ======'timer_attract_carousel_timer_stopped'====== Args={'ticks': 1, 'ticks_remaining': 1}
2026-03-01 15:37:01,522 : INFO : EventManager : Event: ======'timer_attract_carousel_timer_complete'====== Args={'ticks': 1, 'ticks_remaining': 1}
2026-03-01 15:37:01,523 : INFO : EventManager : Event: ======'carousel_item_highlighted'====== Args={'carousel': 'attract', 'direction': 'forwards', 'item': 'title'}
2026-03-01 15:37:01,523 : INFO : Timer.attract_carousel_timer : Starting Timer.
2026-03-01 15:37:01,523 : INFO : EventManager : Event: ======'timer_attract_carousel_timer_started'====== Args={'ticks': 0, 'ticks_remaining': 1}
2026-03-01 15:37:01,523 : INFO : EventManager : Event: ======'timer_attract_carousel_timer_tick'====== Args={'ticks': 0, 'ticks_remaining': 1}
2026-03-01 15:37:01,590 : INFO : SwitchController : <<<<<<< 's_start' active >>>>>>>
2026-03-01 15:37:01,755 : INFO : SwitchController : <<<<<<< 's_start' inactive >>>>>>>
2026-03-01 15:37:01,755 : INFO : EventManager : Event: ======'request_to_start_game'====== Args={}
2026-03-01 15:37:01,756 : INFO : EventManager : Event: ======'collecting_balls'====== Args={}
2026-03-01 15:37:01,756 : INFO : BallController : Known balls: 3
2026-03-01 15:37:01,756 : INFO : BallController : bd_trough contains 2 balls. Tags ['trough', 'home', 'drain']
2026-03-01 15:37:01,756 : INFO : BallController : bd_plunger contains 0 balls. Tags []
2026-03-01 15:37:01,756 : INFO : BallController : playfield contains 0 balls. Tags ['default']
2026-03-01 15:37:01,757 : WARNING : BallController : BallController denies game start. Balls are not in their home positions.
2026-03-01 15:37:01,870 : INFO : SwitchController : <<<<<<< 's_start' active >>>>>>>
2026-03-01 15:37:02,012 : INFO : SwitchController : <<<<<<< 's_start' inactive >>>>>>>
2026-03-01 15:37:02,012 : INFO : EventManager : Event: ======'request_to_start_game'====== Args={}
2026-03-01 15:37:02,012 : INFO : EventManager : Event: ======'collecting_balls'====== Args={}
2026-03-01 15:37:02,013 : INFO : BallController : Known balls: 3
2026-03-01 15:37:02,013 : INFO : BallController : bd_trough contains 2 balls. Tags ['trough', 'home', 'drain']
2026-03-01 15:37:02,013 : INFO : BallController : bd_plunger contains 0 balls. Tags []
2026-03-01 15:37:02,013 : INFO : BallController : playfield contains 0 balls. Tags ['default']
2026-03-01 15:37:02,013 : WARNING : BallController : BallController denies game start. Balls are not in their home positions.
2026-03-01 15:37:04,690 : INFO : SwitchController : <<<<<<< 's_start' active >>>>>>>
2026-03-01 15:37:04,863 : INFO : SwitchController : <<<<<<< 's_start' inactive >>>>>>>
2026-03-01 15:37:04,863 : INFO : EventManager : Event: ======'request_to_start_game'====== Args={}
2026-03-01 15:37:04,863 : INFO : EventManager : Event: ======'collecting_balls'====== Args={}
2026-03-01 15:37:04,864 : INFO : BallController : Known balls: 3
2026-03-01 15:37:04,864 : INFO : BallController : bd_trough contains 2 balls. Tags ['trough', 'home', 'drain']
2026-03-01 15:37:04,864 : INFO : BallController : bd_plunger contains 0 balls. Tags []
2026-03-01 15:37:04,864 : INFO : BallController : playfield contains 0 balls. Tags ['default']
2026-03-01 15:37:04,864 : WARNING : BallController : BallController denies game start. Balls are not in their home positions.
2026-03-01 15:37:05,027 : INFO : SwitchController : <<<<<<< 's_start' active >>>>>>>
2026-03-01 15:37:05,137 : INFO : SwitchController : <<<<<<< 's_start' inactive >>>>>>>
2026-03-01 15:37:05,137 : INFO : EventManager : Event: ======'request_to_start_game'====== Args={}
2026-03-01 15:37:05,138 : INFO : EventManager : Event: ======'collecting_balls'====== Args={}
2026-03-01 15:37:05,138 : INFO : BallController : Known balls: 3
2026-03-01 15:37:05,138 : INFO : BallController : bd_trough contains 2 balls. Tags ['trough', 'home', 'drain']
2026-03-01 15:37:05,138 : INFO : BallController : bd_plunger contains 0 balls. Tags []
2026-03-01 15:37:05,138 : INFO : BallController : playfield contains 0 balls. Tags ['default']
2026-03-01 15:37:05,138 : WARNING : BallController : BallController denies game start. Balls are not in their home positions.
2026-03-01 15:37:06,523 : INFO : Timer.attract_carousel_timer : Timer Complete
2026-03-01 15:37:06,524 : INFO : Timer.attract_carousel_timer : Stopping Timer
2026-03-01 15:37:06,524 : INFO : EventManager : Event: ======'timer_attract_carousel_timer_stopped'====== Args={'ticks': 1, 'ticks_remaining': 1}
2026-03-01 15:37:06,524 : INFO : EventManager : Event: ======'timer_attract_carousel_timer_complete'====== Args={'ticks': 1, 'ticks_remaining': 1}
2026-03-01 15:37:06,524 : INFO : EventManager : Event: ======'carousel_item_highlighted'====== Args={'carousel': 'attract', 'direction': 'forwards', 'item': 'credits'}
2026-03-01 15:37:06,524 : INFO : Timer.attract_carousel_timer : Starting Timer.
2026-03-01 15:37:06,525 : INFO : EventManager : Event: ======'timer_attract_carousel_timer_started'====== Args={'ticks': 0, 'ticks_remaining': 1}
2026-03-01 15:37:06,525 : INFO : EventManager : Event: ======'timer_attract_carousel_timer_tick'====== Args={'ticks': 0, 'ticks_remaining': 1}
2026-03-01 15:37:08,069 : INFO : ball_device.bd_plunger : State: failed_confirm
2026-03-01 15:37:08,069 : INFO : ball_device.bd_plunger : Got timeout (10.0s) before confirm from <playfield.playfield>
2026-03-01 15:37:08,170 : INFO : ball_device.bd_plunger : Confirming eject because target is playfield and ball did not return.
2026-03-01 15:37:08,171 : INFO : ball_device.bd_plunger : Eject successful
2026-03-01 15:37:08,171 : INFO : EventManager : Event: ======'balldevice_bd_plunger_ball_eject_success'====== Args={'balls': 1, 'target': <playfield.playfield>}
2026-03-01 15:37:08,171 : INFO : EventManager : Event: ======'balldevice_playfield_ball_enter'====== Args={'new_balls': 1, 'unclaimed_balls': 1, 'device': <playfield.playfield>}
2026-03-01 15:37:08,171 : INFO : EventManager : Event: ======'playfield_ball_count_change'====== Args={'balls': 1, 'change': 1}
2026-03-01 15:37:08,171 : INFO : EventManager : Event: ======'balldevice_bd_plunger_ball_count_changed'====== Args={'balls': 0}
2026-03-01 15:37:08,172 : INFO : ball_device.bd_plunger : State: idle
2026-03-01 15:37:11,525 : INFO : Timer.attract_carousel_timer : Timer Complete
2026-03-01 15:37:11,526 : INFO : Timer.attract_carousel_timer : Stopping Timer
2026-03-01 15:37:11,526 : INFO : EventManager : Event: ======'timer_attract_carousel_timer_stopped'====== Args={'ticks': 1, 'ticks_remaining': 1}
2026-03-01 15:37:11,526 : INFO : EventManager : Event: ======'timer_attract_carousel_timer_complete'====== Args={'ticks': 1, 'ticks_remaining': 1}
2026-03-01 15:37:11,526 : INFO : EventManager : Event: ======'carousel_item_highlighted'====== Args={'carousel': 'attract', 'direction': 'forwards', 'item': 'logo'}
2026-03-01 15:37:11,526 : INFO : Timer.attract_carousel_timer : Starting Timer.
2026-03-01 15:37:11,526 : INFO : EventManager : Event: ======'timer_attract_carousel_timer_started'====== Args={'ticks': 0, 'ticks_remaining': 1}
2026-03-01 15:37:11,527 : INFO : EventManager : Event: ======'timer_attract_carousel_timer_tick'====== Args={'ticks': 0, 'ticks_remaining': 1}
2026-03-01 15:37:14,643 : INFO : Machine : Shutting down...
2026-03-01 15:37:14,643 : INFO : EventManager : Event: ======'shutdown'====== Args={}
2026-03-01 15:37:14,749 : INFO : root : MPF run loop ended.
