2026-03-01 14:31:23,458 : INFO : root : Loading config.
2026-03-01 14:31:23,832 : INFO : ConfigProcessor : Config spec file cache created: /var/folders/1s/015t8n3n70gcr2ch4xflj4yr0000gn/T/config_spec.mpf_cache
2026-03-01 14:31:23,832 : INFO : YamlMultifileConfigLoader : Machine config file #1: config.yaml
2026-03-01 14:31:23,833 : INFO : ConfigProcessor : Loading config from cache: /var/folders/1s/015t8n3n70gcr2ch4xflj4yr0000gn/T/954ddabc670342668a09b03520c7eb79.mpf_cache
2026-03-01 14:31:23,895 : INFO : ConfigProcessor : Loading config from cache: /var/folders/1s/015t8n3n70gcr2ch4xflj4yr0000gn/T/64218df07edc412f774c53ffb33c812d.mpf_cache
2026-03-01 14:31:23,896 : INFO : ConfigProcessor : Loading config from cache: /var/folders/1s/015t8n3n70gcr2ch4xflj4yr0000gn/T/767518d75df2d86a4d35c1fb94c70abd.mpf_cache
2026-03-01 14:31:23,897 : INFO : ConfigProcessor : Loading config from cache: /var/folders/1s/015t8n3n70gcr2ch4xflj4yr0000gn/T/64218df07edc412f774c53ffb33c812d.mpf_cache
2026-03-01 14:31:23,897 : INFO : ConfigProcessor : Loading config from cache: /var/folders/1s/015t8n3n70gcr2ch4xflj4yr0000gn/T/73548cb541cc3751ae5711fe0817282a.mpf_cache
2026-03-01 14:31:23,897 : INFO : ConfigProcessor : Loading config from cache: /var/folders/1s/015t8n3n70gcr2ch4xflj4yr0000gn/T/57f006170cd447d443f971cd8b826597.mpf_cache
2026-03-01 14:31:23,898 : INFO : ConfigProcessor : Loading config from cache: /var/folders/1s/015t8n3n70gcr2ch4xflj4yr0000gn/T/adb0ea3e4ccf2dafa758999a39c1d676.mpf_cache
2026-03-01 14:31:23,898 : INFO : Machine : Mission Pinball Framework Core Engine v0.80.0.dev13
2026-03-01 14:31:23,898 : INFO : Machine : Command line arguments: {'no_load_cache': False, 'create_config_cache': True, 'bcp': True, 'configfile': ['config.yaml'], 'force_assets_load': False, 'platform_integration_test': False, 'jsonlogging': False, 'logfile': 'logs/2026-03-01-14-31-23-mpf-ANDREs-Mac-mini.local.log', 'pause': False, 'production': False, 'text_ui': True, 'loglevel': 15, 'consoleloglevel': 20, 'force_platform': None, 'syslog_address': None, 'full_logfile_path': '/Users/pinball/NapoleonDynamite/logs/2026-03-01-14-31-23-mpf-ANDREs-Mac-mini.local.log'}
2026-03-01 14:31:23,899 : INFO : Machine : MPF path: /Users/pinball/mpf/lib/python3.14/site-packages/mpf
2026-03-01 14:31:23,899 : INFO : Machine : Machine path: /Users/pinball/NapoleonDynamite
2026-03-01 14:31:23,899 : INFO : Machine : Platform: darwin
2026-03-01 14:31:23,899 : INFO : Machine : Python executable location: /Users/pinball/mpf/bin/python3.14
2026-03-01 14:31:23,899 : INFO : Machine : Python version: 3.14.3 (64-bit)
2026-03-01 14:31:23,900 : INFO : Machine : Initializing MPF...
2026-03-01 14:31:24,025 : INFO : FAST : Auto-detecting ports for the following connections: ['net', 'exp']
2026-03-01 14:31:24,049 : INFO : FAST : Detected NET on port /dev/cu.usbmodem14101
2026-03-01 14:31:25,051 : INFO : FAST : Detected EXP on port /dev/cu.usbmodem14103
2026-03-01 14:31:25,156 : INFO : FAST [NET] : Trying to connect to /dev/cu.usbmodem14101 at 921600bps
2026-03-01 14:31:25,160 : INFO : FAST [NET] : Connected to /dev/cu.usbmodem14101 at 921600bps
2026-03-01 14:31:25,163 : INFO : FAST [NET] : Connected to FP-CPU-2000 with firmware v02.26
2026-03-01 14:31:25,166 : INFO : FAST [NET] : Registered I/O Board 0: Model: FP-I/O-0024, Firmware: 01.10, Switches: 24, Drivers: 8
2026-03-01 14:31:25,167 : INFO : FAST [NET] : Registered I/O Board 1: Model: FP-I/O-3208, Firmware: 01.10, Switches: 32, Drivers: 8
2026-03-01 14:31:25,168 : INFO : FAST [NET] : Registered I/O Board 2: Model: FP-I/O-0804, Firmware: 01.10, Switches: 8, Drivers: 4
2026-03-01 14:31:25,170 : INFO : FAST [EXP] : Trying to connect to /dev/cu.usbmodem14103 at 921600bps
2026-03-01 14:31:25,175 : INFO : FAST [EXP] : Connected to /dev/cu.usbmodem14103 at 921600bps
2026-03-01 14:31:25,177 : INFO : FAST [EXP] : Verifying hardware for EXP "neuron" (FP-EXP-2000, @48) with ID string "EXP FP-EXP-2000  0.34", board address 48
2026-03-01 14:31:25,178 : INFO : FAST [EXP] : Verifying hardware for EXP "neuron" (FP-EXP-2000, @48) with ID string "LED FP-BRK-0001  0.8", board address 480
2026-03-01 14:31:25,180 : INFO : EventManager : Event: ======'machine_var_credits_string'====== Args={'value': 'FREE PLAY', 'prev_value': None, 'change': True}
2026-03-01 14:31:25,197 : INFO : EventManager : Event: ======'machine_var_master_volume'====== Args={'value': 0.5, 'prev_value': None, 'change': True}
2026-03-01 14:31:25,197 : INFO : EventManager : Event: ======'machine_var_mpf_version'====== Args={'value': 'Mission Pinball Framework v0.80.0.dev13', 'prev_value': None, 'change': True}
2026-03-01 14:31:25,197 : INFO : EventManager : Event: ======'machine_var_mpf_extended_version'====== Args={'value': 'Mission Pinball Framework v0.80.0.dev13, Config version:6, Show version: 6, BCP version:1.1', 'prev_value': None, 'change': True}
2026-03-01 14:31:25,198 : INFO : EventManager : Event: ======'machine_var_python_version'====== Args={'value': '3.14.3', 'prev_value': None, 'change': True}
2026-03-01 14:31:25,218 : INFO : EventManager : Event: ======'machine_var_platform'====== Args={'value': 'macOS-14.8.4-x86_64-i386-64bit-Mach-O', 'prev_value': None, 'change': True}
2026-03-01 14:31:25,218 : INFO : EventManager : Event: ======'machine_var_platform_system'====== Args={'value': 'Darwin', 'prev_value': None, 'change': True}
2026-03-01 14:31:25,218 : INFO : EventManager : Event: ======'machine_var_platform_release'====== Args={'value': '23.6.0', 'prev_value': None, 'change': True}
2026-03-01 14:31:25,218 : INFO : EventManager : Event: ======'machine_var_platform_version'====== Args={'value': 'Darwin Kernel Version 23.6.0: Mon Jan 19 22:02:22 PST 2026; root:xnu-10063.141.1.710.3~1/RELEASE_X86_64', 'prev_value': None, 'change': True}
2026-03-01 14:31:25,218 : INFO : EventManager : Event: ======'machine_var_platform_machine'====== Args={'value': 'x86_64', 'prev_value': None, 'change': True}
2026-03-01 14:31:25,218 : INFO : EventManager : Event: ======'machine_var_log_file_path'====== Args={'value': '/Users/pinball/NapoleonDynamite/logs/2026-03-01-14-31-23-mpf-ANDREs-Mac-mini.local.log', 'prev_value': None, 'change': True}
2026-03-01 14:31:25,219 : INFO : EventManager : Event: ======'init_phase_1'====== Args={}
2026-03-01 14:31:25,462 : INFO : SwitchController : <<<<<<< 's_flipper_left_eos' active >>>>>>>
2026-03-01 14:31:25,463 : INFO : SwitchController : <<<<<<< 's_flipper_right_lower_eos' active >>>>>>>
2026-03-01 14:31:25,463 : INFO : SwitchController : <<<<<<< 's_trough_7' active >>>>>>>
2026-03-01 14:31:25,463 : INFO : SwitchController : <<<<<<< 's_bumper_lower' active >>>>>>>
2026-03-01 14:31:25,463 : INFO : SwitchController : <<<<<<< 's_bumper_upper' active >>>>>>>
2026-03-01 14:31:25,463 : INFO : SwitchController : <<<<<<< 's_inlane_right_2' active >>>>>>>
2026-03-01 14:31:25,463 : INFO : SwitchController : <<<<<<< 's_inlane_left' active >>>>>>>
2026-03-01 14:31:25,494 : INFO : EventManager : Event: ======'init_phase_2'====== Args={}
2026-03-01 14:31:25,495 : INFO : SwitchController : Found active switch: (37, [FAST Platform Interface]) <switch.s_flipper_left_eos>
2026-03-01 14:31:25,495 : INFO : SwitchController : Found active switch: (32, [FAST Platform Interface]) <switch.s_flipper_right_lower_eos>
2026-03-01 14:31:25,495 : INFO : SwitchController : Found active switch: (30, [FAST Platform Interface]) <switch.s_trough_7>
2026-03-01 14:31:25,495 : INFO : SwitchController : Found active switch: (41, [FAST Platform Interface]) <switch.s_bumper_lower>
2026-03-01 14:31:25,495 : INFO : SwitchController : Found active switch: (42, [FAST Platform Interface]) <switch.s_bumper_upper>
2026-03-01 14:31:25,495 : INFO : SwitchController : Found active switch: (36, [FAST Platform Interface]) <switch.s_inlane_right_2>
2026-03-01 14:31:25,495 : INFO : SwitchController : Found active switch: (39, [FAST Platform Interface]) <switch.s_inlane_left>
2026-03-01 14:31:25,501 : INFO : EventManager : Event: ======'bcp_connection_attempt'====== Args={'name': 'local_display', 'host': 'localhost', 'port': 5050}
2026-03-01 14:31:25,503 : INFO : BCPClientSocket : Connecting BCP to 'local_display' at localhost:5050...
2026-03-01 14:31:25,512 : INFO : BCPClientSocket : Connected BCP to 'local_display' localhost:5050
2026-03-01 14:31:25,512 : INFO : EventManager : Event: ======'bcp_clients_connected'====== Args={}
2026-03-01 14:31:25,963 : INFO : ball_device.bd_trough : BCH: Initial count: 1
2026-03-01 14:31:25,964 : INFO : ball_device.bd_trough : State: idle
2026-03-01 14:31:25,965 : INFO : ball_device.bd_plunger : BCH: Initial count: 0
2026-03-01 14:31:25,965 : INFO : ball_device.bd_plunger : State: idle
2026-03-01 14:31:25,980 : INFO : EventManager : Event: ======'init_phase_3'====== Args={}
2026-03-01 14:31:25,983 : INFO : EventManager : Event: ======'init_phase_4'====== Args={}
2026-03-01 14:31:25,984 : INFO : BallController : Initial balls found: 1
2026-03-01 14:31:25,985 : INFO : EventManager : Event: ======'machine_var_audits_events_game_ended'====== Args={'value': 0, 'prev_value': None, 'change': True}
2026-03-01 14:31:25,985 : INFO : EventManager : Event: ======'machine_var_audits_events_game_started'====== Args={'value': 25, 'prev_value': None, 'change': True}
2026-03-01 14:31:25,985 : INFO : EventManager : Event: ======'machine_var_audits_missing_switches_s_bumper_lower'====== Args={'value': 16, 'prev_value': None, 'change': True}
2026-03-01 14:31:25,985 : INFO : EventManager : Event: ======'machine_var_audits_missing_switches_s_bumper_upper'====== Args={'value': 17, 'prev_value': None, 'change': True}
2026-03-01 14:31:25,985 : INFO : EventManager : Event: ======'machine_var_audits_missing_switches_s_flipper_left_eos'====== Args={'value': 7, 'prev_value': None, 'change': True}
2026-03-01 14:31:25,985 : INFO : EventManager : Event: ======'machine_var_audits_missing_switches_s_flipper_right_lower_eos'====== Args={'value': 7, 'prev_value': None, 'change': True}
2026-03-01 14:31:25,985 : INFO : EventManager : Event: ======'machine_var_audits_missing_switches_s_flipper_right_upper_eos'====== Args={'value': 11, 'prev_value': None, 'change': True}
2026-03-01 14:31:25,985 : INFO : EventManager : Event: ======'machine_var_audits_missing_switches_s_inlane_left'====== Args={'value': 16, 'prev_value': None, 'change': True}
2026-03-01 14:31:25,985 : INFO : EventManager : Event: ======'machine_var_audits_missing_switches_s_inlane_right_2'====== Args={'value': 16, 'prev_value': None, 'change': True}
2026-03-01 14:31:25,986 : INFO : EventManager : Event: ======'machine_var_audits_missing_switches_s_scoop_tina'====== Args={'value': 13, 'prev_value': None, 'change': True}
2026-03-01 14:31:25,986 : INFO : EventManager : Event: ======'machine_var_audits_missing_switches_s_start'====== Args={'value': 6, 'prev_value': None, 'change': True}
2026-03-01 14:31:25,986 : INFO : EventManager : Event: ======'machine_var_audits_player_score'====== Args={'value': {'average': 0, 'top': [], 'total': 0}, 'prev_value': None, 'change': True}
2026-03-01 14:31:25,986 : INFO : EventManager : Event: ======'machine_var_audits_shots_bumper_lower'====== Args={'value': 76, 'prev_value': None, 'change': True}
2026-03-01 14:31:25,986 : INFO : EventManager : Event: ======'machine_var_audits_shots_bumper_upper'====== Args={'value': 81, 'prev_value': None, 'change': True}
2026-03-01 14:31:25,986 : INFO : EventManager : Event: ======'machine_var_audits_shots_hurryup'====== Args={'value': 3, 'prev_value': None, 'change': True}
2026-03-01 14:31:25,986 : INFO : EventManager : Event: ======'machine_var_audits_shots_inlane_left'====== Args={'value': 17, 'prev_value': None, 'change': True}
2026-03-01 14:31:25,986 : INFO : EventManager : Event: ======'machine_var_audits_shots_left_lane'====== Args={'value': 8, 'prev_value': None, 'change': True}
2026-03-01 14:31:25,986 : INFO : EventManager : Event: ======'machine_var_audits_switches_s_bumper_lower'====== Args={'value': 76, 'prev_value': None, 'change': True}
2026-03-01 14:31:25,986 : INFO : EventManager : Event: ======'machine_var_audits_switches_s_bumper_upper'====== Args={'value': 81, 'prev_value': None, 'change': True}
2026-03-01 14:31:25,986 : INFO : EventManager : Event: ======'machine_var_audits_switches_s_flipper_left'====== Args={'value': 359, 'prev_value': None, 'change': True}
2026-03-01 14:31:25,986 : INFO : EventManager : Event: ======'machine_var_audits_switches_s_flipper_left_eos'====== Args={'value': 180, 'prev_value': None, 'change': True}
2026-03-01 14:31:25,986 : INFO : EventManager : Event: ======'machine_var_audits_switches_s_flipper_right_lower'====== Args={'value': 356, 'prev_value': None, 'change': True}
2026-03-01 14:31:25,987 : INFO : EventManager : Event: ======'machine_var_audits_switches_s_flipper_right_lower_eos'====== Args={'value': 161, 'prev_value': None, 'change': True}
2026-03-01 14:31:25,987 : INFO : EventManager : Event: ======'machine_var_audits_switches_s_flipper_right_upper'====== Args={'value': 372, 'prev_value': None, 'change': True}
2026-03-01 14:31:25,987 : INFO : EventManager : Event: ======'machine_var_audits_switches_s_flipper_right_upper_eos'====== Args={'value': 43, 'prev_value': None, 'change': True}
2026-03-01 14:31:25,987 : INFO : EventManager : Event: ======'machine_var_audits_switches_s_inlane_left'====== Args={'value': 27, 'prev_value': None, 'change': True}
2026-03-01 14:31:25,987 : INFO : EventManager : Event: ======'machine_var_audits_switches_s_inlane_right_1'====== Args={'value': 15, 'prev_value': None, 'change': True}
2026-03-01 14:31:25,987 : INFO : EventManager : Event: ======'machine_var_audits_switches_s_inlane_right_2'====== Args={'value': 3, 'prev_value': None, 'change': True}
2026-03-01 14:31:25,987 : INFO : EventManager : Event: ======'machine_var_audits_switches_s_plunger_lane'====== Args={'value': 28, 'prev_value': None, 'change': True}
2026-03-01 14:31:25,987 : INFO : EventManager : Event: ======'machine_var_audits_switches_s_scoop_tina'====== Args={'value': 1, 'prev_value': None, 'change': True}
2026-03-01 14:31:25,987 : INFO : EventManager : Event: ======'machine_var_audits_switches_s_sling_left'====== Args={'value': 188, 'prev_value': None, 'change': True}
2026-03-01 14:31:25,987 : INFO : EventManager : Event: ======'machine_var_audits_switches_s_sling_right'====== Args={'value': 26, 'prev_value': None, 'change': True}
2026-03-01 14:31:25,987 : INFO : EventManager : Event: ======'machine_var_audits_switches_s_start'====== Args={'value': 27, 'prev_value': None, 'change': True}
2026-03-01 14:31:25,987 : INFO : EventManager : Event: ======'machine_var_audits_switches_s_trough_1'====== Args={'value': 120, 'prev_value': None, 'change': True}
2026-03-01 14:31:25,987 : INFO : EventManager : Event: ======'machine_var_audits_switches_s_trough_2'====== Args={'value': 103, 'prev_value': None, 'change': True}
2026-03-01 14:31:25,988 : INFO : EventManager : Event: ======'machine_var_audits_switches_s_trough_3'====== Args={'value': 126, 'prev_value': None, 'change': True}
2026-03-01 14:31:25,988 : INFO : EventManager : Event: ======'machine_var_audits_switches_s_trough_4'====== Args={'value': 174, 'prev_value': None, 'change': True}
2026-03-01 14:31:25,988 : INFO : EventManager : Event: ======'machine_var_audits_switches_s_trough_5'====== Args={'value': 191, 'prev_value': None, 'change': True}
2026-03-01 14:31:25,988 : INFO : EventManager : Event: ======'machine_var_audits_switches_s_trough_6'====== Args={'value': 189, 'prev_value': None, 'change': True}
2026-03-01 14:31:25,988 : INFO : EventManager : Event: ======'machine_var_audits_switches_s_trough_7'====== Args={'value': 168, 'prev_value': None, 'change': True}
2026-03-01 14:31:25,989 : INFO : EventManager : Event: ======'init_phase_5'====== Args={}
2026-03-01 14:31:25,989 : INFO : ball_device.bd_trough : BCH: Count is unstable. Trying to reorder balls.
2026-03-01 14:31:25,989 : WARNING : ball_device.bd_trough : Cannot reorder device because eject_coil_reorder_pulse is not configured
2026-03-01 14:31:25,989 : INFO : ball_device.bd_trough : BCH: Repulse done. Waiting for balls to settle.
2026-03-01 14:31:25,989 : INFO : ball_device.bd_trough : BCH: Reordered count: 1
2026-03-01 14:31:25,990 : INFO : EventManager : Event: ======'init_done'====== Args={}
2026-03-01 14:31:25,990 : INFO : EventManager : Event: ======'machine_reset_phase_1'====== Args={}
2026-03-01 14:31:26,001 : INFO : EventManager : Event: ======'machine_reset_phase_2'====== Args={}
2026-03-01 14:31:26,002 : INFO : EventManager : Event: ======'machine_reset_phase_3'====== Args={}
2026-03-01 14:31:26,003 : INFO : EventManager : Event: ======'reset_complete'====== Args={}
2026-03-01 14:31:26,003 : INFO : EventManager : Event: ======'mode_attract_will_start'====== Args={}
2026-03-01 14:31:26,004 : INFO : Timer.attract_carousel_timer : Starting Timer.
2026-03-01 14:31:26,004 : INFO : EventManager : Event: ======'timer_attract_carousel_timer_started'====== Args={'ticks': 0, 'ticks_remaining': 1}
2026-03-01 14:31:26,004 : INFO : EventManager : Event: ======'timer_attract_carousel_timer_tick'====== Args={'ticks': 0, 'ticks_remaining': 1}
2026-03-01 14:31:26,006 : INFO : EventManager : Event: ======'mode_attract_starting'====== Args={}
2026-03-01 14:31:26,006 : INFO : Mode.attract : Started. Priority: 10
2026-03-01 14:31:26,006 : INFO : EventManager : Event: ======'modes_active_modes_changed'====== Args={}
2026-03-01 14:31:26,006 : INFO : EventManager : Event: ======'mode_attract_started'====== Args={}
2026-03-01 14:31:26,007 : INFO : EventManager : Event: ======'collecting_balls_complete'====== Args={}
2026-03-01 14:31:26,008 : INFO : EventManager : Event: ======'carousel_item_highlighted'====== Args={'carousel': 'attract', 'direction': None, 'item': 'title'}
2026-03-01 14:31:26,008 : INFO : EventManager : Event: ======'timer_attract_carousel_timer_tick'====== Args={'ticks': 0, 'ticks_remaining': 1}
2026-03-01 14:31:26,009 : INFO : Machine : Starting the main run loop with active modes: [<Mode.attract>]
2026-03-01 14:31:26,174 : INFO : EventManager : Event: ======'slide_attract_created'====== Args={'_from_bcp': True}
2026-03-01 14:31:26,175 : INFO : EventManager : Event: ======'slide__removed'====== Args={'_from_bcp': True}
2026-03-01 14:31:26,175 : INFO : EventManager : Event: ======'slide_attract_active'====== Args={'original_context': 'attract', 'original_calling_context': 'mode_attract_started', 'priority': 10.0, 'cmd': 'slides_play', '_from_bcp': True}
2026-03-01 14:31:29,296 : INFO : SwitchController : <<<<<<< 's_start' active >>>>>>>
2026-03-01 14:31:29,391 : INFO : SwitchController : <<<<<<< 's_start' inactive >>>>>>>
2026-03-01 14:31:29,391 : INFO : EventManager : Event: ======'request_to_start_game'====== Args={}
2026-03-01 14:31:29,392 : INFO : EventManager : Event: ======'game_start'====== Args={'buttons': [], 'hold_time': 0.09565222800029005}
2026-03-01 14:31:29,392 : INFO : EventManager : Event: ======'mode_game_will_start'====== Args={'buttons': [], 'hold_time': 0.09565222800029005}
2026-03-01 14:31:29,393 : INFO : EventManager : Event: ======'mode_game_starting'====== Args={'buttons': [], 'hold_time': 0.09565222800029005}
2026-03-01 14:31:29,393 : INFO : EventManager : Event: ======'mode_attract_will_stop'====== Args={}
2026-03-01 14:31:29,393 : INFO : EventManager : Event: ======'mode_attract_stopping'====== Args={}
2026-03-01 14:31:29,393 : INFO : Mode.attract : Stopped.
2026-03-01 14:31:29,393 : INFO : EventManager : Event: ======'modes_active_modes_changed'====== Args={}
2026-03-01 14:31:29,394 : INFO : EventManager : Event: ======'mode_attract_stopped'====== Args={}
2026-03-01 14:31:29,394 : INFO : EventManager : Event: ======'clear'====== Args={'key': 'attract'}
2026-03-01 14:31:29,394 : INFO : Timer.attract_carousel_timer : Stopping Timer
2026-03-01 14:31:29,394 : INFO : EventManager : Event: ======'timer_attract_carousel_timer_stopped'====== Args={'ticks': 0, 'ticks_remaining': 1}
2026-03-01 14:31:29,394 : INFO : Mode.game : Started. Priority: 20
2026-03-01 14:31:29,394 : INFO : EventManager : Event: ======'modes_active_modes_changed'====== Args={}
2026-03-01 14:31:29,394 : INFO : EventManager : Event: ======'mode_game_started'====== Args={'buttons': [], 'hold_time': 0.09565222800029005}
2026-03-01 14:31:29,395 : INFO : EventManager : Event: ======'game_will_start'====== Args={}
2026-03-01 14:31:29,395 : INFO : EventManager : Event: ======'game_starting'====== Args={'game': <Mode.game>}
2026-03-01 14:31:29,396 : INFO : EventManager : Unordered handler for class <Auditor> on event game_ended with priority 1. Handlers: [RegisteredHandler(callback=<bound method Auditor.disable of <Auditor>>, priority=1, kwargs={}, key=UUID('7430a29a-beca-46ae-9c2b-f979ed180606'), condition=None, blocking_facility=None), RegisteredHandler(callback=<bound method Auditor._save_audits of <Auditor>>, priority=1, kwargs={}, key=UUID('88432df3-c3a7-4885-94db-d87a1edd39d6'), condition=None, blocking_facility=None)]. The order of those handlers is not defined and they will be executed in random order. This might lead to race conditions and potential bugs.
2026-03-01 14:31:29,396 : INFO : EventManager : Event: ======'player_add_request'====== Args={}
2026-03-01 14:31:29,397 : INFO : EventManager : Event: ======'player_will_add'====== Args={'number': 1}
2026-03-01 14:31:29,397 : INFO : EventManager : Event: ======'player_adding'====== Args={'player': <Player 1>, 'number': 1}
2026-03-01 14:31:29,397 : INFO : EventManager : Event: ======'player_added'====== Args={'player': <Player 1>, 'num': 1}
2026-03-01 14:31:29,397 : INFO : Mode.game : Player added successfully. Total players: 1
2026-03-01 14:31:29,397 : INFO : EventManager : Event: ======'player_index'====== Args={'value': 0, 'prev_value': 0, 'change': 0, 'player_num': 1}
2026-03-01 14:31:29,397 : INFO : EventManager : Event: ======'player_number'====== Args={'value': 1, 'prev_value': 1, 'change': 0, 'player_num': 1}
2026-03-01 14:31:29,398 : INFO : EventManager : Event: ======'player_score'====== Args={'value': 0, 'prev_value': 0, 'change': 0, 'player_num': 1}
2026-03-01 14:31:29,399 : INFO : EventManager : Event: ======'game_started'====== Args={}
2026-03-01 14:31:29,399 : INFO : EventManager : Event: ======'player_turn_will_start'====== Args={'player': <Player 1>, 'number': 1}
2026-03-01 14:31:29,405 : INFO : EventManager : Event: ======'player_turn_starting'====== Args={'player': <Player 1>, 'number': 1}
2026-03-01 14:31:29,413 : INFO : EventManager : Event: ======'player_ball'====== Args={'value': 1, 'prev_value': 0, 'change': 1, 'player_num': 1}
2026-03-01 14:31:29,413 : INFO : EventManager : Event: ======'player_turn_started'====== Args={'player': <Player 1>, 'number': 1}
2026-03-01 14:31:29,414 : INFO : EventManager : Event: ======'ball_will_start'====== Args={'player': 1, 'ball': 1, 'balls_remaining': 2, 'is_extra_ball': False}
2026-03-01 14:31:29,414 : INFO : EventManager : Event: ======'ball_starting'====== Args={'player': 1, 'ball': 1, 'balls_remaining': 2, 'is_extra_ball': False}
2026-03-01 14:31:29,415 : INFO : EventManager : Event: ======'mode_base_will_start'====== Args={'queue': <QueuedEvent>, 'player': 1, 'ball': 1, 'balls_remaining': 2, 'is_extra_ball': False}
2026-03-01 14:31:29,415 : INFO : EventManager : Event: ======'player_shot_left_lane_enabled'====== Args={'value': True, 'prev_value': 0, 'change': 1, 'player_num': 1}
2026-03-01 14:31:29,416 : INFO : EventManager : Event: ======'mode_base_starting'====== Args={'queue': <QueuedEvent>, 'player': 1, 'ball': 1, 'balls_remaining': 2, 'is_extra_ball': False}
2026-03-01 14:31:29,416 : INFO : Mode.base : Started. Priority: 100
2026-03-01 14:31:29,416 : INFO : EventManager : Event: ======'modes_active_modes_changed'====== Args={}
2026-03-01 14:31:29,417 : INFO : EventManager : Event: ======'mode_base_started'====== Args={'queue': <QueuedEvent>, 'player': 1, 'ball': 1, 'balls_remaining': 2, 'is_extra_ball': False}
2026-03-01 14:31:29,417 : INFO : EventManager : Event: ======'start_mode_bumpers'====== Args={'priority': 0}
2026-03-01 14:31:29,417 : INFO : EventManager : Event: ======'mode_bumpers_will_start'====== Args={'priority': 0}
2026-03-01 14:31:29,418 : INFO : EventManager : Event: ======'player_shot_bumper_lower_enabled'====== Args={'value': True, 'prev_value': 0, 'change': 1, 'player_num': 1}
2026-03-01 14:31:29,419 : INFO : EventManager : Event: ======'player_shot_bumper_upper_enabled'====== Args={'value': True, 'prev_value': 0, 'change': 1, 'player_num': 1}
2026-03-01 14:31:29,419 : INFO : EventManager : Event: ======'bumpers_complete'====== Args={'state': 'unlit'}
2026-03-01 14:31:29,419 : INFO : EventManager : Event: ======'bumpers_unlit_complete'====== Args={}
2026-03-01 14:31:29,420 : INFO : EventManager : Event: ======'mode_bumpers_starting'====== Args={'priority': 0}
2026-03-01 14:31:29,420 : INFO : Mode.bumpers : Started. Priority: 200
2026-03-01 14:31:29,420 : INFO : EventManager : Event: ======'modes_active_modes_changed'====== Args={}
2026-03-01 14:31:29,420 : INFO : EventManager : Event: ======'mode_bumpers_started'====== Args={'priority': 0}
2026-03-01 14:31:29,421 : INFO : EventManager : Event: ======'balls_in_play'====== Args={'balls': 1}
2026-03-01 14:31:29,421 : INFO : EventManager : Event: ======'ball_started'====== Args={'player': 1, 'ball': 1, 'balls_remaining': 2, 'is_extra_ball': False}
2026-03-01 14:31:29,422 : INFO : EventManager : Event: ======'single_player_ball_started'====== Args={}
2026-03-01 14:31:29,422 : INFO : EventManager : Event: ======'ball_start_target'====== Args={'target': 'playfield'}
2026-03-01 14:31:29,422 : INFO : ball_device.bd_trough : Setting up player-controlled eject. Balls: 1, Target: <playfield.playfield>, player_controlled_eject_event: None
2026-03-01 14:31:29,422 : INFO : ball_device.bd_trough : Adding 1 ball(s) to the eject_queue with target <playfield.playfield>.
2026-03-01 14:31:29,423 : INFO : EventManager : Event: ======'balldevice_balls_available'====== Args={}
2026-03-01 14:31:29,423 : INFO : ball_device.bd_trough : BCH: Count is unstable. Trying to reorder balls.
2026-03-01 14:31:29,423 : WARNING : ball_device.bd_trough : Cannot reorder device because eject_coil_reorder_pulse is not configured
2026-03-01 14:31:29,423 : INFO : ball_device.bd_trough : BCH: Repulse done. Waiting for balls to settle.
2026-03-01 14:31:29,424 : INFO : ball_device.bd_trough : State: waiting_for_target_ready
2026-03-01 14:31:29,424 : INFO : EventManager : Event: ======'balldevice_bd_trough_ball_eject_attempt'====== Args={'balls': 1, 'target': <ball_device.bd_plunger>, 'source': <ball_device.bd_trough>, 'mechanical_eject': False, 'num_attempts': 0}
2026-03-01 14:31:29,424 : INFO : ball_device.bd_plunger : State: waiting_for_ball
2026-03-01 14:31:29,427 : INFO : ball_device.bd_trough : State: ejecting
2026-03-01 14:31:29,427 : INFO : ball_device.bd_trough : Ejecting ball to <ball_device.bd_plunger>
2026-03-01 14:31:29,427 : INFO : EventManager : Event: ======'balldevice_bd_trough_ejecting_ball'====== Args={'balls': 1, 'target': <ball_device.bd_plunger>, 'source': <ball_device.bd_trough>, 'mechanical_eject': False, 'num_attempts': 0}
2026-03-01 14:31:29,428 : INFO : ball_device.bd_trough : Wait for ball to leave device
2026-03-01 14:31:29,428 : INFO : coil.c_trough_eject : Pulsing Driver for 20ms (1.0 pulse_power)
2026-03-01 14:31:29,452 : INFO : SwitchController : <<<<<<< 's_trough_1' active >>>>>>>
2026-03-01 14:31:29,452 : INFO : EventManager : Event: ======'machine_var_audits_switches_s_trough_1'====== Args={'value': 121, 'prev_value': 120, 'change': 1}
2026-03-01 14:31:29,452 : INFO : SwitchController : <<<<<<< 's_trough_7' inactive >>>>>>>
2026-03-01 14:31:29,453 : INFO : ball_device.bd_trough : State: ball_left
2026-03-01 14:31:29,453 : INFO : ball_device.bd_trough : Ball left
2026-03-01 14:31:29,453 : INFO : ball_device.bd_trough : Wait for confirm with timeout 10.0
2026-03-01 14:31:29,467 : INFO : SwitchController : <<<<<<< 's_trough_7' active >>>>>>>
2026-03-01 14:31:29,467 : INFO : EventManager : Event: ======'machine_var_audits_switches_s_trough_7'====== Args={'value': 169, 'prev_value': 168, 'change': 1}
2026-03-01 14:31:29,490 : INFO : EventManager : Event: ======'slide_base_slide_created'====== Args={'_from_bcp': True}
2026-03-01 14:31:29,490 : INFO : EventManager : Event: ======'slide_attract_inactive'====== Args={'is_removing': True, '_from_bcp': True}
2026-03-01 14:31:29,491 : INFO : EventManager : Event: ======'slide_base_slide_active'====== Args={'original_context': 'base', 'original_calling_context': 'mode_base_started', 'priority': 100.0, 'queue': '<QueuedEvent>', 'player': 1.0, 'ball': 1.0, 'balls_remaining': 2.0, 'is_extra_ball': False, 'cmd': 'slides_play', '_from_bcp': True}
2026-03-01 14:31:29,491 : INFO : EventManager : Event: ======'slide_attract_removed'====== Args={'_from_bcp': True}
2026-03-01 14:31:29,635 : INFO : SwitchController : <<<<<<< 's_plunger_lane' active >>>>>>>
2026-03-01 14:31:29,635 : INFO : EventManager : Event: ======'machine_var_audits_switches_s_plunger_lane'====== Args={'value': 29, 'prev_value': 28, 'change': 1}
2026-03-01 14:31:29,636 : INFO : SwitchController : <<<<<<< 's_trough_2' active >>>>>>>
2026-03-01 14:31:29,636 : INFO : EventManager : Event: ======'machine_var_audits_switches_s_trough_2'====== Args={'value': 104, 'prev_value': 103, 'change': 1}
2026-03-01 14:31:29,639 : INFO : SwitchController : <<<<<<< 's_trough_6' active >>>>>>>
2026-03-01 14:31:29,639 : INFO : EventManager : Event: ======'machine_var_audits_switches_s_trough_6'====== Args={'value': 190, 'prev_value': 189, 'change': 1}
2026-03-01 14:31:29,640 : INFO : SwitchController : <<<<<<< 's_trough_5' active >>>>>>>
2026-03-01 14:31:29,640 : INFO : EventManager : Event: ======'machine_var_audits_switches_s_trough_5'====== Args={'value': 192, 'prev_value': 191, 'change': 1}
2026-03-01 14:31:29,642 : INFO : SwitchController : <<<<<<< 's_trough_4' active >>>>>>>
2026-03-01 14:31:29,642 : INFO : EventManager : Event: ======'machine_var_audits_switches_s_trough_4'====== Args={'value': 175, 'prev_value': 174, 'change': 1}
2026-03-01 14:31:29,649 : INFO : SwitchController : <<<<<<< 's_trough_3' active >>>>>>>
2026-03-01 14:31:29,649 : INFO : EventManager : Event: ======'machine_var_audits_switches_s_trough_3'====== Args={'value': 127, 'prev_value': 126, 'change': 1}
2026-03-01 14:31:29,675 : INFO : SwitchController : <<<<<<< 's_trough_4' inactive >>>>>>>
2026-03-01 14:31:29,676 : INFO : SwitchController : <<<<<<< 's_trough_5' inactive >>>>>>>
2026-03-01 14:31:29,679 : INFO : SwitchController : <<<<<<< 's_trough_3' inactive >>>>>>>
2026-03-01 14:31:29,682 : INFO : SwitchController : <<<<<<< 's_trough_2' inactive >>>>>>>
2026-03-01 14:31:29,706 : INFO : SwitchController : <<<<<<< 's_trough_1' inactive >>>>>>>
2026-03-01 14:31:29,895 : INFO : SwitchController : <<<<<<< 's_flipper_right_upper' active >>>>>>>
2026-03-01 14:31:29,895 : INFO : EventManager : Event: ======'machine_var_audits_switches_s_flipper_right_upper'====== Args={'value': 373, 'prev_value': 372, 'change': 1}
2026-03-01 14:31:29,897 : INFO : SwitchController : <<<<<<< 's_flipper_right_lower' active >>>>>>>
2026-03-01 14:31:29,897 : INFO : EventManager : Event: ======'machine_var_audits_switches_s_flipper_right_lower'====== Args={'value': 357, 'prev_value': 356, 'change': 1}
2026-03-01 14:31:29,994 : INFO : SwitchController : <<<<<<< 's_flipper_right_lower' inactive >>>>>>>
2026-03-01 14:31:29,994 : INFO : SwitchController : <<<<<<< 's_flipper_right_upper' inactive >>>>>>>
2026-03-01 14:31:30,136 : INFO : ball_device.bd_plunger : Received ball from <ball_device.bd_trough>
2026-03-01 14:31:30,136 : INFO : EventManager : Event: ======'balldevice_bd_plunger_ball_enter'====== Args={'new_balls': 1, 'unclaimed_balls': 0, 'new_available_balls': 0, 'device': <ball_device.bd_plunger>}
2026-03-01 14:31:30,137 : INFO : EventManager : Event: ======'balldevice_bd_plunger_ball_entered'====== Args={'new_balls': 0, 'device': <ball_device.bd_plunger>}
2026-03-01 14:31:30,137 : INFO : EventManager : Event: ======'balldevice_bd_plunger_ball_count_changed'====== Args={'balls': 1}
2026-03-01 14:31:30,137 : INFO : ball_device.bd_trough : Got eject confirm
2026-03-01 14:31:30,137 : INFO : ball_device.bd_trough : Eject successful
2026-03-01 14:31:30,137 : INFO : EventManager : Event: ======'balldevice_bd_trough_ball_eject_success'====== Args={'balls': 1, 'target': <ball_device.bd_plunger>}
2026-03-01 14:31:30,138 : INFO : ball_device.bd_plunger : State: waiting_for_target_ready
2026-03-01 14:31:30,138 : INFO : EventManager : Event: ======'balldevice_bd_plunger_ball_eject_attempt'====== Args={'balls': 1, 'target': <playfield.playfield>, 'source': <ball_device.bd_plunger>, 'mechanical_eject': False, 'num_attempts': 0}
2026-03-01 14:31:30,138 : INFO : EventManager : Event: ======'balldevice_bd_trough_ball_count_changed'====== Args={'balls': 0}
2026-03-01 14:31:30,138 : INFO : ball_device.bd_trough : State: idle
2026-03-01 14:31:30,138 : INFO : ball_device.bd_plunger : State: ejecting
2026-03-01 14:31:30,138 : INFO : ball_device.bd_plunger : Ejecting ball to <playfield.playfield>
2026-03-01 14:31:30,138 : INFO : EventManager : Event: ======'balldevice_bd_plunger_ejecting_ball'====== Args={'balls': 1, 'target': <playfield.playfield>, 'source': <ball_device.bd_plunger>, 'mechanical_eject': False, 'num_attempts': 0}
2026-03-01 14:31:30,139 : INFO : ball_device.bd_plunger : Wait for ball to leave device
2026-03-01 14:31:30,199 : INFO : SwitchController : <<<<<<< 's_flipper_left' active >>>>>>>
2026-03-01 14:31:30,199 : INFO : EventManager : Event: ======'machine_var_audits_switches_s_flipper_left'====== Args={'value': 360, 'prev_value': 359, 'change': 1}
2026-03-01 14:31:30,206 : INFO : EventManager : Event: ======'balldevice_bd_trough_ball_count_changed'====== Args={'balls': 2}
2026-03-01 14:31:30,207 : INFO : ball_device.bd_trough : Received unexpected ball
2026-03-01 14:31:30,207 : INFO : EventManager : Event: ======'balldevice_captured_from_playfield'====== Args={'balls': 1}
2026-03-01 14:31:30,207 : INFO : EventManager : Event: ======'sw_playfield_active'====== Args={'balls': 1}
2026-03-01 14:31:30,207 : INFO : EventManager : Event: ======'playfield_active'====== Args={'source': None}
2026-03-01 14:31:30,207 : INFO : EventManager : Event: ======'playfield_ball_count_change'====== Args={'balls': -1, 'change': -1}
2026-03-01 14:31:30,207 : INFO : EventManager : Event: ======'balldevice_playfield_ball_enter'====== Args={'new_balls': 1, 'unclaimed_balls': 1, 'device': <playfield.playfield>}
2026-03-01 14:31:30,208 : INFO : EventManager : Event: ======'playfield_ball_count_change'====== Args={'balls': 0, 'change': 1}
2026-03-01 14:31:30,208 : INFO : BallController : Found a new ball which was captured from playfield. Known balls: 2
2026-03-01 14:31:30,208 : INFO : EventManager : Event: ======'found_new_ball'====== Args={}
2026-03-01 14:31:30,208 : INFO : EventManager : Event: ======'balldevice_bd_trough_ball_enter'====== Args={'new_balls': 1, 'unclaimed_balls': 1, 'new_available_balls': 1, 'device': <ball_device.bd_trough>}
2026-03-01 14:31:30,208 : INFO : EventManager : Event: ======'ball_drain'====== Args={'device': <ball_device.bd_trough>, 'balls': 1}
2026-03-01 14:31:30,208 : INFO : EventManager : Event: ======'ball_will_end'====== Args={}
2026-03-01 14:31:30,208 : INFO : EventManager : Event: ======'balldevice_balls_available'====== Args={}
2026-03-01 14:31:30,208 : INFO : EventManager : Event: ======'balldevice_bd_trough_ball_entered'====== Args={'new_balls': 1, 'device': <ball_device.bd_trough>}
2026-03-01 14:31:30,208 : INFO : ball_device.bd_trough : Received unexpected ball
2026-03-01 14:31:30,209 : INFO : EventManager : Event: ======'balldevice_captured_from_playfield'====== Args={'balls': 1}
2026-03-01 14:31:30,209 : INFO : EventManager : Event: ======'mode_base_will_stop'====== Args={}
2026-03-01 14:31:30,209 : INFO : EventManager : Event: ======'mode_base_stopping'====== Args={}
2026-03-01 14:31:30,209 : INFO : EventManager : Event: ======'stop_mode_bumpers'====== Args={'priority': 0}
2026-03-01 14:31:30,209 : INFO : EventManager : Event: ======'mode_bumpers_will_stop'====== Args={}
2026-03-01 14:31:30,209 : INFO : EventManager : Event: ======'mode_bumpers_stopping'====== Args={}
2026-03-01 14:31:30,209 : INFO : EventManager : Event: ======'sw_playfield_active'====== Args={'balls': 1}
2026-03-01 14:31:30,210 : INFO : EventManager : Event: ======'playfield_active'====== Args={'source': None}
2026-03-01 14:31:30,210 : INFO : EventManager : Event: ======'playfield_ball_count_change'====== Args={'balls': -1, 'change': -1}
2026-03-01 14:31:30,210 : INFO : Mode.base : Stopped.
2026-03-01 14:31:30,210 : INFO : EventManager : Event: ======'modes_active_modes_changed'====== Args={}
2026-03-01 14:31:30,210 : INFO : EventManager : Event: ======'mode_base_stopped'====== Args={}
2026-03-01 14:31:30,211 : INFO : EventManager : Event: ======'clear'====== Args={'key': 'base'}
2026-03-01 14:31:30,211 : INFO : Mode.bumpers : Stopped.
2026-03-01 14:31:30,211 : INFO : EventManager : Event: ======'modes_active_modes_changed'====== Args={}
2026-03-01 14:31:30,211 : INFO : EventManager : Event: ======'mode_bumpers_stopped'====== Args={}
2026-03-01 14:31:30,211 : INFO : EventManager : Event: ======'clear'====== Args={'key': 'bumpers'}
2026-03-01 14:31:30,212 : INFO : EventManager : Event: ======'balldevice_playfield_ball_enter'====== Args={'new_balls': 1, 'unclaimed_balls': 1, 'device': <playfield.playfield>}
2026-03-01 14:31:30,212 : INFO : EventManager : Event: ======'playfield_ball_count_change'====== Args={'balls': 0, 'change': 1}
2026-03-01 14:31:30,212 : INFO : BallController : Found a new ball which was captured from playfield. Known balls: 3
2026-03-01 14:31:30,212 : INFO : EventManager : Event: ======'found_new_ball'====== Args={}
2026-03-01 14:31:30,212 : INFO : EventManager : Event: ======'balldevice_bd_trough_ball_enter'====== Args={'new_balls': 1, 'unclaimed_balls': 1, 'new_available_balls': 1, 'device': <ball_device.bd_trough>}
2026-03-01 14:31:30,213 : INFO : EventManager : Event: ======'ball_drain'====== Args={'device': <ball_device.bd_trough>, 'balls': 1}
2026-03-01 14:31:30,213 : INFO : EventManager : Event: ======'ball_ending'====== Args={}
2026-03-01 14:31:30,215 : INFO : EventManager : Event: ======'balldevice_balls_available'====== Args={}
2026-03-01 14:31:30,215 : INFO : EventManager : Event: ======'balldevice_bd_trough_ball_entered'====== Args={'new_balls': 1, 'device': <ball_device.bd_trough>}
2026-03-01 14:31:30,216 : INFO : EventManager : Event: ======'ball_ended'====== Args={}
2026-03-01 14:31:30,218 : INFO : EventManager : Event: ======'player_turn_will_end'====== Args={'player': <Player 1>, 'number': 1}
2026-03-01 14:31:30,218 : INFO : EventManager : Event: ======'player_turn_ending'====== Args={'player': <Player 1>, 'number': 1}
2026-03-01 14:31:30,219 : INFO : EventManager : Event: ======'player_turn_ended'====== Args={'player': <Player 1>, 'number': 1}
2026-03-01 14:31:30,219 : INFO : EventManager : Event: ======'player_turn_will_start'====== Args={'player': <Player 1>, 'number': 1}
2026-03-01 14:31:30,219 : INFO : EventManager : Event: ======'player_turn_starting'====== Args={'player': <Player 1>, 'number': 1}
2026-03-01 14:31:30,220 : INFO : EventManager : Event: ======'player_ball'====== Args={'value': 2, 'prev_value': 1, 'change': 1, 'player_num': 1}
2026-03-01 14:31:30,220 : INFO : EventManager : Event: ======'player_turn_started'====== Args={'player': <Player 1>, 'number': 1}
2026-03-01 14:31:30,222 : INFO : EventManager : Event: ======'ball_will_start'====== Args={'player': 1, 'ball': 2, 'balls_remaining': 1, 'is_extra_ball': False}
2026-03-01 14:31:30,222 : INFO : BallController : Found 1 ball(s) on playfield.
2026-03-01 14:31:30,222 : WARNING : BallController : Playfields still contain balls. Waiting for those to drain.
2026-03-01 14:31:30,223 : INFO : SwitchController : <<<<<<< 's_flipper_left_eos' inactive >>>>>>>
2026-03-01 14:31:30,267 : INFO : SwitchController : <<<<<<< 's_flipper_left_eos' active >>>>>>>
2026-03-01 14:31:30,268 : INFO : EventManager : Event: ======'machine_var_audits_switches_s_flipper_left_eos'====== Args={'value': 181, 'prev_value': 180, 'change': 1}
2026-03-01 14:31:30,285 : INFO : SwitchController : <<<<<<< 's_flipper_left' inactive >>>>>>>
2026-03-01 14:31:31,222 : INFO : BallController : Found 1 ball(s) on playfield.
2026-03-01 14:31:31,223 : WARNING : BallController : Playfields still contain balls. Waiting for those to drain.
2026-03-01 14:31:31,235 : INFO : SwitchController : <<<<<<< 's_plunger_lane' inactive >>>>>>>
2026-03-01 14:31:31,236 : INFO : ball_device.bd_plunger : State: ball_left
2026-03-01 14:31:31,236 : INFO : ball_device.bd_plunger : Ball left
2026-03-01 14:31:31,236 : INFO : ball_device.bd_plunger : Wait for confirm with timeout 10.0
2026-03-01 14:31:31,419 : INFO : SwitchController : <<<<<<< 's_flipper_left' active >>>>>>>
2026-03-01 14:31:31,420 : INFO : EventManager : Event: ======'machine_var_audits_switches_s_flipper_left'====== Args={'value': 361, 'prev_value': 360, 'change': 1}
2026-03-01 14:31:31,559 : INFO : SwitchController : <<<<<<< 's_flipper_left' inactive >>>>>>>
2026-03-01 14:31:31,751 : INFO : SwitchController : <<<<<<< 's_flipper_right_lower' active >>>>>>>
2026-03-01 14:31:31,751 : INFO : EventManager : Event: ======'machine_var_audits_switches_s_flipper_right_lower'====== Args={'value': 358, 'prev_value': 357, 'change': 1}
2026-03-01 14:31:31,753 : INFO : SwitchController : <<<<<<< 's_flipper_right_upper' active >>>>>>>
2026-03-01 14:31:31,753 : INFO : EventManager : Event: ======'machine_var_audits_switches_s_flipper_right_upper'====== Args={'value': 374, 'prev_value': 373, 'change': 1}
2026-03-01 14:31:31,852 : INFO : SwitchController : <<<<<<< 's_flipper_right_upper' inactive >>>>>>>
2026-03-01 14:31:31,865 : INFO : SwitchController : <<<<<<< 's_flipper_right_lower' inactive >>>>>>>
2026-03-01 14:31:31,903 : INFO : SwitchController : <<<<<<< 's_flipper_left' active >>>>>>>
2026-03-01 14:31:31,903 : INFO : EventManager : Event: ======'machine_var_audits_switches_s_flipper_left'====== Args={'value': 362, 'prev_value': 361, 'change': 1}
2026-03-01 14:31:32,029 : INFO : SwitchController : <<<<<<< 's_flipper_left' inactive >>>>>>>
2026-03-01 14:31:32,065 : INFO : SwitchController : <<<<<<< 's_flipper_right_lower' active >>>>>>>
2026-03-01 14:31:32,065 : INFO : EventManager : Event: ======'machine_var_audits_switches_s_flipper_right_lower'====== Args={'value': 359, 'prev_value': 358, 'change': 1}
2026-03-01 14:31:32,066 : INFO : SwitchController : <<<<<<< 's_flipper_right_upper' active >>>>>>>
2026-03-01 14:31:32,066 : INFO : EventManager : Event: ======'machine_var_audits_switches_s_flipper_right_upper'====== Args={'value': 375, 'prev_value': 374, 'change': 1}
2026-03-01 14:31:32,163 : INFO : SwitchController : <<<<<<< 's_flipper_right_upper' inactive >>>>>>>
2026-03-01 14:31:32,169 : INFO : SwitchController : <<<<<<< 's_flipper_right_lower' inactive >>>>>>>
2026-03-01 14:31:32,189 : INFO : SwitchController : <<<<<<< 's_flipper_left' active >>>>>>>
2026-03-01 14:31:32,189 : INFO : EventManager : Event: ======'machine_var_audits_switches_s_flipper_left'====== Args={'value': 363, 'prev_value': 362, 'change': 1}
2026-03-01 14:31:32,223 : INFO : BallController : Found 1 ball(s) on playfield.
2026-03-01 14:31:32,223 : WARNING : BallController : Playfields still contain balls. Waiting for those to drain.
2026-03-01 14:31:32,309 : INFO : SwitchController : <<<<<<< 's_flipper_left' inactive >>>>>>>
2026-03-01 14:31:32,315 : INFO : SwitchController : <<<<<<< 's_flipper_right_upper' active >>>>>>>
2026-03-01 14:31:32,315 : INFO : EventManager : Event: ======'machine_var_audits_switches_s_flipper_right_upper'====== Args={'value': 376, 'prev_value': 375, 'change': 1}
2026-03-01 14:31:32,319 : INFO : SwitchController : <<<<<<< 's_flipper_right_lower' active >>>>>>>
2026-03-01 14:31:32,319 : INFO : EventManager : Event: ======'machine_var_audits_switches_s_flipper_right_lower'====== Args={'value': 360, 'prev_value': 359, 'change': 1}
2026-03-01 14:31:32,400 : INFO : SwitchController : <<<<<<< 's_flipper_left' active >>>>>>>
2026-03-01 14:31:32,401 : INFO : EventManager : Event: ======'machine_var_audits_switches_s_flipper_left'====== Args={'value': 364, 'prev_value': 363, 'change': 1}
2026-03-01 14:31:32,416 : INFO : SwitchController : <<<<<<< 's_flipper_right_upper' inactive >>>>>>>
2026-03-01 14:31:32,421 : INFO : SwitchController : <<<<<<< 's_flipper_right_lower' inactive >>>>>>>
2026-03-01 14:31:32,485 : INFO : SwitchController : <<<<<<< 's_flipper_left' inactive >>>>>>>
2026-03-01 14:31:32,548 : INFO : SwitchController : <<<<<<< 's_flipper_right_upper' active >>>>>>>
2026-03-01 14:31:32,549 : INFO : EventManager : Event: ======'machine_var_audits_switches_s_flipper_right_upper'====== Args={'value': 377, 'prev_value': 376, 'change': 1}
2026-03-01 14:31:32,550 : INFO : SwitchController : <<<<<<< 's_flipper_right_lower' active >>>>>>>
2026-03-01 14:31:32,550 : INFO : EventManager : Event: ======'machine_var_audits_switches_s_flipper_right_lower'====== Args={'value': 361, 'prev_value': 360, 'change': 1}
2026-03-01 14:31:32,581 : INFO : SwitchController : <<<<<<< 's_flipper_left' active >>>>>>>
2026-03-01 14:31:32,581 : INFO : EventManager : Event: ======'machine_var_audits_switches_s_flipper_left'====== Args={'value': 365, 'prev_value': 364, 'change': 1}
2026-03-01 14:31:32,658 : INFO : SwitchController : <<<<<<< 's_flipper_right_upper' inactive >>>>>>>
2026-03-01 14:31:32,664 : INFO : SwitchController : <<<<<<< 's_flipper_right_lower' inactive >>>>>>>
2026-03-01 14:31:32,679 : INFO : SwitchController : <<<<<<< 's_flipper_left' inactive >>>>>>>
2026-03-01 14:31:32,774 : INFO : SwitchController : <<<<<<< 's_flipper_right_lower' active >>>>>>>
2026-03-01 14:31:32,774 : INFO : EventManager : Event: ======'machine_var_audits_switches_s_flipper_right_lower'====== Args={'value': 362, 'prev_value': 361, 'change': 1}
2026-03-01 14:31:32,776 : INFO : SwitchController : <<<<<<< 's_flipper_right_upper' active >>>>>>>
2026-03-01 14:31:32,776 : INFO : EventManager : Event: ======'machine_var_audits_switches_s_flipper_right_upper'====== Args={'value': 378, 'prev_value': 377, 'change': 1}
2026-03-01 14:31:32,799 : INFO : SwitchController : <<<<<<< 's_flipper_left' active >>>>>>>
2026-03-01 14:31:32,799 : INFO : EventManager : Event: ======'machine_var_audits_switches_s_flipper_left'====== Args={'value': 366, 'prev_value': 365, 'change': 1}
2026-03-01 14:31:32,887 : INFO : SwitchController : <<<<<<< 's_flipper_left' inactive >>>>>>>
2026-03-01 14:31:32,893 : INFO : SwitchController : <<<<<<< 's_flipper_right_upper' inactive >>>>>>>
2026-03-01 14:31:32,901 : INFO : SwitchController : <<<<<<< 's_flipper_right_lower' inactive >>>>>>>
2026-03-01 14:31:33,033 : INFO : SwitchController : <<<<<<< 's_flipper_right_lower' active >>>>>>>
2026-03-01 14:31:33,033 : INFO : EventManager : Event: ======'machine_var_audits_switches_s_flipper_right_lower'====== Args={'value': 363, 'prev_value': 362, 'change': 1}
2026-03-01 14:31:33,035 : INFO : SwitchController : <<<<<<< 's_flipper_right_upper' active >>>>>>>
2026-03-01 14:31:33,035 : INFO : EventManager : Event: ======'machine_var_audits_switches_s_flipper_right_upper'====== Args={'value': 379, 'prev_value': 378, 'change': 1}
2026-03-01 14:31:33,099 : INFO : SwitchController : <<<<<<< 's_flipper_left' active >>>>>>>
2026-03-01 14:31:33,099 : INFO : EventManager : Event: ======'machine_var_audits_switches_s_flipper_left'====== Args={'value': 367, 'prev_value': 366, 'change': 1}
2026-03-01 14:31:33,161 : INFO : SwitchController : <<<<<<< 's_flipper_right_upper' inactive >>>>>>>
2026-03-01 14:31:33,167 : INFO : SwitchController : <<<<<<< 's_flipper_right_lower' inactive >>>>>>>
2026-03-01 14:31:33,224 : INFO : BallController : Found 1 ball(s) on playfield.
2026-03-01 14:31:33,224 : WARNING : BallController : Playfields still contain balls. Waiting for those to drain.
2026-03-01 14:31:33,235 : INFO : SwitchController : <<<<<<< 's_flipper_left' inactive >>>>>>>
2026-03-01 14:31:33,378 : INFO : SwitchController : <<<<<<< 's_flipper_right_lower' active >>>>>>>
2026-03-01 14:31:33,378 : INFO : EventManager : Event: ======'machine_var_audits_switches_s_flipper_right_lower'====== Args={'value': 364, 'prev_value': 363, 'change': 1}
2026-03-01 14:31:33,383 : INFO : SwitchController : <<<<<<< 's_flipper_right_upper' active >>>>>>>
2026-03-01 14:31:33,383 : INFO : EventManager : Event: ======'machine_var_audits_switches_s_flipper_right_upper'====== Args={'value': 380, 'prev_value': 379, 'change': 1}
2026-03-01 14:31:33,406 : INFO : SwitchController : <<<<<<< 's_flipper_left' active >>>>>>>
2026-03-01 14:31:33,407 : INFO : EventManager : Event: ======'machine_var_audits_switches_s_flipper_left'====== Args={'value': 368, 'prev_value': 367, 'change': 1}
2026-03-01 14:31:33,495 : INFO : SwitchController : <<<<<<< 's_flipper_right_upper' inactive >>>>>>>
2026-03-01 14:31:33,501 : INFO : SwitchController : <<<<<<< 's_flipper_right_lower' inactive >>>>>>>
2026-03-01 14:31:33,544 : INFO : SwitchController : <<<<<<< 's_flipper_left' inactive >>>>>>>
2026-03-01 14:31:33,601 : INFO : SwitchController : <<<<<<< 's_flipper_right_lower' active >>>>>>>
2026-03-01 14:31:33,601 : INFO : EventManager : Event: ======'machine_var_audits_switches_s_flipper_right_lower'====== Args={'value': 365, 'prev_value': 364, 'change': 1}
2026-03-01 14:31:33,603 : INFO : SwitchController : <<<<<<< 's_flipper_right_upper' active >>>>>>>
2026-03-01 14:31:33,603 : INFO : EventManager : Event: ======'machine_var_audits_switches_s_flipper_right_upper'====== Args={'value': 381, 'prev_value': 380, 'change': 1}
2026-03-01 14:31:33,660 : INFO : SwitchController : <<<<<<< 's_flipper_left' active >>>>>>>
2026-03-01 14:31:33,660 : INFO : EventManager : Event: ======'machine_var_audits_switches_s_flipper_left'====== Args={'value': 369, 'prev_value': 368, 'change': 1}
2026-03-01 14:31:33,715 : INFO : SwitchController : <<<<<<< 's_flipper_right_upper' inactive >>>>>>>
2026-03-01 14:31:33,723 : INFO : SwitchController : <<<<<<< 's_flipper_right_lower' inactive >>>>>>>
2026-03-01 14:31:33,775 : INFO : SwitchController : <<<<<<< 's_flipper_left' inactive >>>>>>>
2026-03-01 14:31:33,808 : INFO : SwitchController : <<<<<<< 's_flipper_right_lower' active >>>>>>>
2026-03-01 14:31:33,808 : INFO : EventManager : Event: ======'machine_var_audits_switches_s_flipper_right_lower'====== Args={'value': 366, 'prev_value': 365, 'change': 1}
2026-03-01 14:31:33,811 : INFO : SwitchController : <<<<<<< 's_flipper_right_upper' active >>>>>>>
2026-03-01 14:31:33,811 : INFO : EventManager : Event: ======'machine_var_audits_switches_s_flipper_right_upper'====== Args={'value': 382, 'prev_value': 381, 'change': 1}
2026-03-01 14:31:33,838 : INFO : SwitchController : <<<<<<< 's_flipper_left' active >>>>>>>
2026-03-01 14:31:33,839 : INFO : EventManager : Event: ======'machine_var_audits_switches_s_flipper_left'====== Args={'value': 370, 'prev_value': 369, 'change': 1}
2026-03-01 14:31:33,949 : INFO : SwitchController : <<<<<<< 's_flipper_right_upper' inactive >>>>>>>
2026-03-01 14:31:33,956 : INFO : SwitchController : <<<<<<< 's_flipper_right_lower' inactive >>>>>>>
2026-03-01 14:31:33,970 : INFO : SwitchController : <<<<<<< 's_flipper_left' inactive >>>>>>>
2026-03-01 14:31:34,151 : INFO : SwitchController : <<<<<<< 's_flipper_right_lower' active >>>>>>>
2026-03-01 14:31:34,152 : INFO : EventManager : Event: ======'machine_var_audits_switches_s_flipper_right_lower'====== Args={'value': 367, 'prev_value': 366, 'change': 1}
2026-03-01 14:31:34,155 : INFO : SwitchController : <<<<<<< 's_flipper_right_upper' active >>>>>>>
2026-03-01 14:31:34,155 : INFO : EventManager : Event: ======'machine_var_audits_switches_s_flipper_right_upper'====== Args={'value': 383, 'prev_value': 382, 'change': 1}
2026-03-01 14:31:34,225 : INFO : BallController : Found 1 ball(s) on playfield.
2026-03-01 14:31:34,226 : WARNING : BallController : Playfields still contain balls. Waiting for those to drain.
2026-03-01 14:31:34,274 : INFO : SwitchController : <<<<<<< 's_flipper_right_upper' inactive >>>>>>>
2026-03-01 14:31:34,280 : INFO : SwitchController : <<<<<<< 's_flipper_right_lower' inactive >>>>>>>
2026-03-01 14:31:34,320 : INFO : SwitchController : <<<<<<< 's_flipper_left' active >>>>>>>
2026-03-01 14:31:34,320 : INFO : EventManager : Event: ======'machine_var_audits_switches_s_flipper_left'====== Args={'value': 371, 'prev_value': 370, 'change': 1}
2026-03-01 14:31:34,445 : INFO : SwitchController : <<<<<<< 's_flipper_right_lower' active >>>>>>>
2026-03-01 14:31:34,446 : INFO : EventManager : Event: ======'machine_var_audits_switches_s_flipper_right_lower'====== Args={'value': 368, 'prev_value': 367, 'change': 1}
2026-03-01 14:31:34,448 : INFO : SwitchController : <<<<<<< 's_flipper_right_upper' active >>>>>>>
2026-03-01 14:31:34,449 : INFO : EventManager : Event: ======'machine_var_audits_switches_s_flipper_right_upper'====== Args={'value': 384, 'prev_value': 383, 'change': 1}
2026-03-01 14:31:34,460 : INFO : SwitchController : <<<<<<< 's_flipper_left' inactive >>>>>>>
2026-03-01 14:31:34,534 : INFO : SwitchController : <<<<<<< 's_flipper_right_upper' inactive >>>>>>>
2026-03-01 14:31:34,541 : INFO : SwitchController : <<<<<<< 's_flipper_right_lower' inactive >>>>>>>
2026-03-01 14:31:34,594 : INFO : SwitchController : <<<<<<< 's_flipper_left' active >>>>>>>
2026-03-01 14:31:34,594 : INFO : EventManager : Event: ======'machine_var_audits_switches_s_flipper_left'====== Args={'value': 372, 'prev_value': 371, 'change': 1}
2026-03-01 14:31:34,672 : INFO : SwitchController : <<<<<<< 's_flipper_left' inactive >>>>>>>
2026-03-01 14:31:34,674 : INFO : SwitchController : <<<<<<< 's_flipper_right_upper' active >>>>>>>
2026-03-01 14:31:34,674 : INFO : EventManager : Event: ======'machine_var_audits_switches_s_flipper_right_upper'====== Args={'value': 385, 'prev_value': 384, 'change': 1}
2026-03-01 14:31:34,675 : INFO : SwitchController : <<<<<<< 's_flipper_right_lower' active >>>>>>>
2026-03-01 14:31:34,675 : INFO : EventManager : Event: ======'machine_var_audits_switches_s_flipper_right_lower'====== Args={'value': 369, 'prev_value': 368, 'change': 1}
2026-03-01 14:31:34,752 : INFO : SwitchController : <<<<<<< 's_flipper_right_upper' inactive >>>>>>>
2026-03-01 14:31:34,757 : INFO : SwitchController : <<<<<<< 's_flipper_right_lower' inactive >>>>>>>
2026-03-01 14:31:34,789 : INFO : SwitchController : <<<<<<< 's_flipper_left' active >>>>>>>
2026-03-01 14:31:34,789 : INFO : EventManager : Event: ======'machine_var_audits_switches_s_flipper_left'====== Args={'value': 373, 'prev_value': 372, 'change': 1}
2026-03-01 14:31:34,858 : INFO : SwitchController : <<<<<<< 's_flipper_left' inactive >>>>>>>
2026-03-01 14:31:34,877 : INFO : SwitchController : <<<<<<< 's_flipper_right_lower' active >>>>>>>
2026-03-01 14:31:34,877 : INFO : EventManager : Event: ======'machine_var_audits_switches_s_flipper_right_lower'====== Args={'value': 370, 'prev_value': 369, 'change': 1}
2026-03-01 14:31:34,877 : INFO : SwitchController : <<<<<<< 's_flipper_right_upper' active >>>>>>>
2026-03-01 14:31:34,877 : INFO : EventManager : Event: ======'machine_var_audits_switches_s_flipper_right_upper'====== Args={'value': 386, 'prev_value': 385, 'change': 1}
2026-03-01 14:31:34,938 : INFO : SwitchController : <<<<<<< 's_flipper_right_upper' inactive >>>>>>>
2026-03-01 14:31:34,938 : INFO : SwitchController : <<<<<<< 's_inlane_right_1' active >>>>>>>
2026-03-01 14:31:34,938 : INFO : EventManager : Event: ======'sw_playfield_active'====== Args={}
2026-03-01 14:31:34,938 : INFO : EventManager : Event: ======'machine_var_audits_switches_s_inlane_right_1'====== Args={'value': 16, 'prev_value': 15, 'change': 1}
2026-03-01 14:31:34,939 : INFO : EventManager : Event: ======'playfield_active'====== Args={'source': None}
2026-03-01 14:31:34,940 : INFO : ball_device.bd_plunger : Got eject confirm
2026-03-01 14:31:34,940 : INFO : ball_device.bd_plunger : Eject successful
2026-03-01 14:31:34,940 : INFO : EventManager : Event: ======'balldevice_bd_plunger_ball_eject_success'====== Args={'balls': 1, 'target': <playfield.playfield>}
2026-03-01 14:31:34,940 : INFO : EventManager : Event: ======'balldevice_playfield_ball_enter'====== Args={'new_balls': 1, 'unclaimed_balls': 1, 'device': <playfield.playfield>}
2026-03-01 14:31:34,940 : INFO : EventManager : Event: ======'playfield_ball_count_change'====== Args={'balls': 1, 'change': 1}
2026-03-01 14:31:34,940 : INFO : EventManager : Event: ======'balldevice_bd_plunger_ball_count_changed'====== Args={'balls': 0}
2026-03-01 14:31:34,941 : INFO : ball_device.bd_plunger : State: idle
2026-03-01 14:31:34,944 : INFO : SwitchController : <<<<<<< 's_flipper_right_lower' inactive >>>>>>>
2026-03-01 14:31:34,957 : INFO : SwitchController : <<<<<<< 's_flipper_left' active >>>>>>>
2026-03-01 14:31:34,957 : INFO : EventManager : Event: ======'machine_var_audits_switches_s_flipper_left'====== Args={'value': 374, 'prev_value': 373, 'change': 1}
2026-03-01 14:31:35,040 : INFO : SwitchController : <<<<<<< 's_flipper_left' inactive >>>>>>>
2026-03-01 14:31:35,055 : INFO : SwitchController : <<<<<<< 's_flipper_right_lower' active >>>>>>>
2026-03-01 14:31:35,055 : INFO : EventManager : Event: ======'machine_var_audits_switches_s_flipper_right_lower'====== Args={'value': 371, 'prev_value': 370, 'change': 1}
2026-03-01 14:31:35,056 : INFO : SwitchController : <<<<<<< 's_flipper_right_upper' active >>>>>>>
2026-03-01 14:31:35,056 : INFO : EventManager : Event: ======'machine_var_audits_switches_s_flipper_right_upper'====== Args={'value': 387, 'prev_value': 386, 'change': 1}
2026-03-01 14:31:35,116 : INFO : SwitchController : <<<<<<< 's_flipper_right_upper' inactive >>>>>>>
2026-03-01 14:31:35,121 : INFO : SwitchController : <<<<<<< 's_flipper_right_lower' inactive >>>>>>>
2026-03-01 14:31:35,131 : INFO : SwitchController : <<<<<<< 's_flipper_left' active >>>>>>>
2026-03-01 14:31:35,132 : INFO : EventManager : Event: ======'machine_var_audits_switches_s_flipper_left'====== Args={'value': 375, 'prev_value': 374, 'change': 1}
2026-03-01 14:31:35,197 : INFO : SwitchController : <<<<<<< 's_flipper_left' inactive >>>>>>>
2026-03-01 14:31:35,220 : INFO : SwitchController : <<<<<<< 's_flipper_right_lower' active >>>>>>>
2026-03-01 14:31:35,220 : INFO : EventManager : Event: ======'machine_var_audits_switches_s_flipper_right_lower'====== Args={'value': 372, 'prev_value': 371, 'change': 1}
2026-03-01 14:31:35,221 : INFO : SwitchController : <<<<<<< 's_flipper_right_upper' active >>>>>>>
2026-03-01 14:31:35,221 : INFO : EventManager : Event: ======'machine_var_audits_switches_s_flipper_right_upper'====== Args={'value': 388, 'prev_value': 387, 'change': 1}
2026-03-01 14:31:35,226 : INFO : BallController : Found 1 ball(s) on playfield.
2026-03-01 14:31:35,226 : WARNING : BallController : Playfields still contain balls. Waiting for those to drain.
2026-03-01 14:31:35,279 : INFO : SwitchController : <<<<<<< 's_flipper_left' active >>>>>>>
2026-03-01 14:31:35,280 : INFO : EventManager : Event: ======'machine_var_audits_switches_s_flipper_left'====== Args={'value': 376, 'prev_value': 375, 'change': 1}
2026-03-01 14:31:35,326 : INFO : SwitchController : <<<<<<< 's_flipper_right_upper' inactive >>>>>>>
2026-03-01 14:31:35,332 : INFO : SwitchController : <<<<<<< 's_flipper_right_lower' inactive >>>>>>>
2026-03-01 14:31:35,363 : INFO : SwitchController : <<<<<<< 's_inlane_right_1' inactive >>>>>>>
2026-03-01 14:31:35,398 : INFO : SwitchController : <<<<<<< 's_flipper_left' inactive >>>>>>>
2026-03-01 14:31:35,643 : INFO : SwitchController : <<<<<<< 's_flipper_left' active >>>>>>>
2026-03-01 14:31:35,643 : INFO : EventManager : Event: ======'machine_var_audits_switches_s_flipper_left'====== Args={'value': 377, 'prev_value': 376, 'change': 1}
2026-03-01 14:31:35,752 : INFO : SwitchController : <<<<<<< 's_flipper_right_lower' active >>>>>>>
2026-03-01 14:31:35,752 : INFO : EventManager : Event: ======'machine_var_audits_switches_s_flipper_right_lower'====== Args={'value': 373, 'prev_value': 372, 'change': 1}
2026-03-01 14:31:35,754 : INFO : SwitchController : <<<<<<< 's_flipper_right_upper' active >>>>>>>
2026-03-01 14:31:35,755 : INFO : EventManager : Event: ======'machine_var_audits_switches_s_flipper_right_upper'====== Args={'value': 389, 'prev_value': 388, 'change': 1}
2026-03-01 14:31:35,792 : INFO : SwitchController : <<<<<<< 's_flipper_left' inactive >>>>>>>
2026-03-01 14:31:35,853 : INFO : SwitchController : <<<<<<< 's_flipper_right_upper' inactive >>>>>>>
2026-03-01 14:31:35,859 : INFO : SwitchController : <<<<<<< 's_flipper_right_lower' inactive >>>>>>>
2026-03-01 14:31:35,935 : INFO : SwitchController : <<<<<<< 's_flipper_left' active >>>>>>>
2026-03-01 14:31:35,935 : INFO : EventManager : Event: ======'machine_var_audits_switches_s_flipper_left'====== Args={'value': 378, 'prev_value': 377, 'change': 1}
2026-03-01 14:31:36,010 : INFO : SwitchController : <<<<<<< 's_flipper_right_lower' active >>>>>>>
2026-03-01 14:31:36,011 : INFO : EventManager : Event: ======'machine_var_audits_switches_s_flipper_right_lower'====== Args={'value': 374, 'prev_value': 373, 'change': 1}
2026-03-01 14:31:36,013 : INFO : SwitchController : <<<<<<< 's_flipper_right_upper' active >>>>>>>
2026-03-01 14:31:36,014 : INFO : EventManager : Event: ======'machine_var_audits_switches_s_flipper_right_upper'====== Args={'value': 390, 'prev_value': 389, 'change': 1}
2026-03-01 14:31:36,037 : INFO : SwitchController : <<<<<<< 's_flipper_left' inactive >>>>>>>
2026-03-01 14:31:36,150 : INFO : SwitchController : <<<<<<< 's_flipper_right_upper' inactive >>>>>>>
2026-03-01 14:31:36,150 : INFO : SwitchController : <<<<<<< 's_flipper_right_lower' inactive >>>>>>>
2026-03-01 14:31:36,150 : INFO : SwitchController : <<<<<<< 's_flipper_left' active >>>>>>>
2026-03-01 14:31:36,150 : INFO : EventManager : Event: ======'machine_var_audits_switches_s_flipper_left'====== Args={'value': 379, 'prev_value': 378, 'change': 1}
2026-03-01 14:31:36,227 : INFO : BallController : Found 1 ball(s) on playfield.
2026-03-01 14:31:36,227 : WARNING : BallController : Playfields still contain balls. Waiting for those to drain.
2026-03-01 14:31:36,228 : INFO : SwitchController : <<<<<<< 's_flipper_left' inactive >>>>>>>
2026-03-01 14:31:36,253 : INFO : SwitchController : <<<<<<< 's_flipper_right_upper' active >>>>>>>
2026-03-01 14:31:36,253 : INFO : EventManager : Event: ======'machine_var_audits_switches_s_flipper_right_upper'====== Args={'value': 391, 'prev_value': 390, 'change': 1}
2026-03-01 14:31:36,254 : INFO : SwitchController : <<<<<<< 's_flipper_right_lower' active >>>>>>>
2026-03-01 14:31:36,254 : INFO : EventManager : Event: ======'machine_var_audits_switches_s_flipper_right_lower'====== Args={'value': 375, 'prev_value': 374, 'change': 1}
2026-03-01 14:31:36,333 : INFO : SwitchController : <<<<<<< 's_flipper_left' active >>>>>>>
2026-03-01 14:31:36,333 : INFO : EventManager : Event: ======'machine_var_audits_switches_s_flipper_left'====== Args={'value': 380, 'prev_value': 379, 'change': 1}
2026-03-01 14:31:36,358 : INFO : SwitchController : <<<<<<< 's_flipper_right_upper' inactive >>>>>>>
2026-03-01 14:31:36,364 : INFO : SwitchController : <<<<<<< 's_flipper_right_lower' inactive >>>>>>>
2026-03-01 14:31:36,437 : INFO : SwitchController : <<<<<<< 's_flipper_left' inactive >>>>>>>
2026-03-01 14:31:36,468 : INFO : SwitchController : <<<<<<< 's_flipper_right_lower' active >>>>>>>
2026-03-01 14:31:36,468 : INFO : EventManager : Event: ======'machine_var_audits_switches_s_flipper_right_lower'====== Args={'value': 376, 'prev_value': 375, 'change': 1}
2026-03-01 14:31:36,468 : INFO : SwitchController : <<<<<<< 's_flipper_right_upper' active >>>>>>>
2026-03-01 14:31:36,469 : INFO : EventManager : Event: ======'machine_var_audits_switches_s_flipper_right_upper'====== Args={'value': 392, 'prev_value': 391, 'change': 1}
2026-03-01 14:31:36,569 : INFO : SwitchController : <<<<<<< 's_flipper_left' active >>>>>>>
2026-03-01 14:31:36,570 : INFO : EventManager : Event: ======'machine_var_audits_switches_s_flipper_left'====== Args={'value': 381, 'prev_value': 380, 'change': 1}
2026-03-01 14:31:36,586 : INFO : SwitchController : <<<<<<< 's_flipper_right_upper' inactive >>>>>>>
2026-03-01 14:31:36,591 : INFO : SwitchController : <<<<<<< 's_flipper_right_lower' inactive >>>>>>>
2026-03-01 14:31:36,691 : INFO : SwitchController : <<<<<<< 's_flipper_left' inactive >>>>>>>
2026-03-01 14:31:36,710 : INFO : SwitchController : <<<<<<< 's_flipper_right_lower' active >>>>>>>
2026-03-01 14:31:36,711 : INFO : EventManager : Event: ======'machine_var_audits_switches_s_flipper_right_lower'====== Args={'value': 377, 'prev_value': 376, 'change': 1}
2026-03-01 14:31:36,712 : INFO : SwitchController : <<<<<<< 's_flipper_right_upper' active >>>>>>>
2026-03-01 14:31:36,712 : INFO : EventManager : Event: ======'machine_var_audits_switches_s_flipper_right_upper'====== Args={'value': 393, 'prev_value': 392, 'change': 1}
2026-03-01 14:31:36,823 : INFO : SwitchController : <<<<<<< 's_flipper_right_upper' inactive >>>>>>>
2026-03-01 14:31:36,829 : INFO : SwitchController : <<<<<<< 's_flipper_right_lower' inactive >>>>>>>
2026-03-01 14:31:36,838 : INFO : SwitchController : <<<<<<< 's_flipper_left' active >>>>>>>
2026-03-01 14:31:36,838 : INFO : EventManager : Event: ======'machine_var_audits_switches_s_flipper_left'====== Args={'value': 382, 'prev_value': 381, 'change': 1}
2026-03-01 14:31:36,957 : INFO : SwitchController : <<<<<<< 's_flipper_left' inactive >>>>>>>
2026-03-01 14:31:36,964 : INFO : SwitchController : <<<<<<< 's_flipper_right_lower' active >>>>>>>
2026-03-01 14:31:36,965 : INFO : EventManager : Event: ======'machine_var_audits_switches_s_flipper_right_lower'====== Args={'value': 378, 'prev_value': 377, 'change': 1}
2026-03-01 14:31:36,967 : INFO : SwitchController : <<<<<<< 's_flipper_right_upper' active >>>>>>>
2026-03-01 14:31:36,967 : INFO : EventManager : Event: ======'machine_var_audits_switches_s_flipper_right_upper'====== Args={'value': 394, 'prev_value': 393, 'change': 1}
2026-03-01 14:31:37,086 : INFO : SwitchController : <<<<<<< 's_flipper_left' active >>>>>>>
2026-03-01 14:31:37,086 : INFO : EventManager : Event: ======'machine_var_audits_switches_s_flipper_left'====== Args={'value': 383, 'prev_value': 382, 'change': 1}
2026-03-01 14:31:37,095 : INFO : SwitchController : <<<<<<< 's_flipper_right_upper' inactive >>>>>>>
2026-03-01 14:31:37,101 : INFO : SwitchController : <<<<<<< 's_flipper_right_lower' inactive >>>>>>>
2026-03-01 14:31:37,192 : INFO : SwitchController : <<<<<<< 's_flipper_left' inactive >>>>>>>
2026-03-01 14:31:37,228 : INFO : BallController : Found 1 ball(s) on playfield.
2026-03-01 14:31:37,228 : WARNING : BallController : Playfields still contain balls. Waiting for those to drain.
2026-03-01 14:31:37,234 : INFO : SwitchController : <<<<<<< 's_flipper_right_lower' active >>>>>>>
2026-03-01 14:31:37,234 : INFO : EventManager : Event: ======'machine_var_audits_switches_s_flipper_right_lower'====== Args={'value': 379, 'prev_value': 378, 'change': 1}
2026-03-01 14:31:37,237 : INFO : SwitchController : <<<<<<< 's_flipper_right_upper' active >>>>>>>
2026-03-01 14:31:37,237 : INFO : EventManager : Event: ======'machine_var_audits_switches_s_flipper_right_upper'====== Args={'value': 395, 'prev_value': 394, 'change': 1}
2026-03-01 14:31:37,362 : INFO : SwitchController : <<<<<<< 's_flipper_left' active >>>>>>>
2026-03-01 14:31:37,362 : INFO : EventManager : Event: ======'machine_var_audits_switches_s_flipper_left'====== Args={'value': 384, 'prev_value': 383, 'change': 1}
2026-03-01 14:31:37,378 : INFO : SwitchController : <<<<<<< 's_flipper_right_upper' inactive >>>>>>>
2026-03-01 14:31:37,384 : INFO : SwitchController : <<<<<<< 's_flipper_right_lower' inactive >>>>>>>
2026-03-01 14:31:37,495 : INFO : SwitchController : <<<<<<< 's_flipper_left' inactive >>>>>>>
2026-03-01 14:31:38,229 : INFO : BallController : Found 1 ball(s) on playfield.
2026-03-01 14:31:38,229 : WARNING : BallController : Playfields still contain balls. Waiting for those to drain.
2026-03-01 14:31:38,467 : INFO : SwitchController : <<<<<<< 's_trough_6' inactive >>>>>>>
2026-03-01 14:31:38,832 : INFO : SwitchController : <<<<<<< 's_flipper_right_lower' active >>>>>>>
2026-03-01 14:31:38,832 : INFO : EventManager : Event: ======'machine_var_audits_switches_s_flipper_right_lower'====== Args={'value': 380, 'prev_value': 379, 'change': 1}
2026-03-01 14:31:38,842 : INFO : SwitchController : <<<<<<< 's_flipper_right_upper' active >>>>>>>
2026-03-01 14:31:38,842 : INFO : EventManager : Event: ======'machine_var_audits_switches_s_flipper_right_upper'====== Args={'value': 396, 'prev_value': 395, 'change': 1}
2026-03-01 14:31:38,949 : INFO : SwitchController : <<<<<<< 's_flipper_left' active >>>>>>>
2026-03-01 14:31:38,949 : INFO : EventManager : Event: ======'machine_var_audits_switches_s_flipper_left'====== Args={'value': 385, 'prev_value': 384, 'change': 1}
2026-03-01 14:31:38,955 : INFO : SwitchController : <<<<<<< 's_flipper_right_upper' inactive >>>>>>>
2026-03-01 14:31:38,963 : INFO : SwitchController : <<<<<<< 's_flipper_right_lower' inactive >>>>>>>
2026-03-01 14:31:38,967 : INFO : ball_device.bd_trough : BCH: Count is unstable. Trying to reorder balls.
2026-03-01 14:31:38,967 : WARNING : ball_device.bd_trough : Cannot reorder device because eject_coil_reorder_pulse is not configured
2026-03-01 14:31:38,967 : INFO : ball_device.bd_trough : BCH: Repulse done. Waiting for balls to settle.
2026-03-01 14:31:39,070 : INFO : SwitchController : <<<<<<< 's_flipper_left' inactive >>>>>>>
2026-03-01 14:31:39,074 : INFO : SwitchController : <<<<<<< 's_flipper_right_lower' active >>>>>>>
2026-03-01 14:31:39,074 : INFO : EventManager : Event: ======'machine_var_audits_switches_s_flipper_right_lower'====== Args={'value': 381, 'prev_value': 380, 'change': 1}
2026-03-01 14:31:39,075 : INFO : SwitchController : <<<<<<< 's_flipper_right_upper' active >>>>>>>
2026-03-01 14:31:39,075 : INFO : EventManager : Event: ======'machine_var_audits_switches_s_flipper_right_upper'====== Args={'value': 397, 'prev_value': 396, 'change': 1}
2026-03-01 14:31:39,177 : INFO : SwitchController : <<<<<<< 's_flipper_right_upper' inactive >>>>>>>
2026-03-01 14:31:39,185 : INFO : SwitchController : <<<<<<< 's_flipper_right_lower' inactive >>>>>>>
2026-03-01 14:31:39,200 : INFO : SwitchController : <<<<<<< 's_flipper_left' active >>>>>>>
2026-03-01 14:31:39,200 : INFO : EventManager : Event: ======'machine_var_audits_switches_s_flipper_left'====== Args={'value': 386, 'prev_value': 385, 'change': 1}
2026-03-01 14:31:39,230 : INFO : BallController : Found 1 ball(s) on playfield.
2026-03-01 14:31:39,231 : WARNING : BallController : Playfields still contain balls. Waiting for those to drain.
2026-03-01 14:31:39,308 : INFO : SwitchController : <<<<<<< 's_flipper_left' inactive >>>>>>>
2026-03-01 14:31:39,786 : INFO : SwitchController : <<<<<<< 's_sling_left' active >>>>>>>
2026-03-01 14:31:39,786 : INFO : EventManager : Event: ======'machine_var_audits_switches_s_sling_left'====== Args={'value': 189, 'prev_value': 188, 'change': 1}
2026-03-01 14:31:39,950 : INFO : SwitchController : <<<<<<< 's_sling_left' inactive >>>>>>>
2026-03-01 14:31:39,965 : INFO : SwitchController : <<<<<<< 's_sling_left' active >>>>>>>
2026-03-01 14:31:39,965 : INFO : EventManager : Event: ======'machine_var_audits_switches_s_sling_left'====== Args={'value': 190, 'prev_value': 189, 'change': 1}
2026-03-01 14:31:40,132 : INFO : SwitchController : <<<<<<< 's_sling_left' inactive >>>>>>>
2026-03-01 14:31:40,232 : INFO : BallController : Found 1 ball(s) on playfield.
2026-03-01 14:31:40,232 : WARNING : BallController : Playfields still contain balls. Waiting for those to drain.
2026-03-01 14:31:40,496 : INFO : SwitchController : <<<<<<< 's_sling_right' active >>>>>>>
2026-03-01 14:31:40,496 : INFO : EventManager : Event: ======'machine_var_audits_switches_s_sling_right'====== Args={'value': 27, 'prev_value': 26, 'change': 1}
2026-03-01 14:31:40,601 : INFO : SwitchController : <<<<<<< 's_sling_right' inactive >>>>>>>
2026-03-01 14:31:41,232 : INFO : BallController : Found 1 ball(s) on playfield.
2026-03-01 14:31:41,233 : WARNING : BallController : Playfields still contain balls. Waiting for those to drain.
2026-03-01 14:31:42,234 : INFO : BallController : Found 1 ball(s) on playfield.
2026-03-01 14:31:42,234 : WARNING : BallController : Playfields still contain balls. Waiting for those to drain.
2026-03-01 14:31:43,235 : INFO : BallController : Found 1 ball(s) on playfield.
2026-03-01 14:31:43,235 : WARNING : BallController : Playfields still contain balls. Waiting for those to drain.
2026-03-01 14:31:44,236 : INFO : BallController : Found 1 ball(s) on playfield.
2026-03-01 14:31:44,236 : WARNING : BallController : Playfields still contain balls. Waiting for those to drain.
2026-03-01 14:31:45,237 : INFO : BallController : Found 1 ball(s) on playfield.
2026-03-01 14:31:45,237 : WARNING : BallController : Playfields still contain balls. Waiting for those to drain.
2026-03-01 14:31:46,237 : INFO : BallController : Found 1 ball(s) on playfield.
2026-03-01 14:31:46,237 : WARNING : BallController : Playfields still contain balls. Waiting for those to drain.
