2026-03-02 10:48:00,756 : INFO : root : Loading config.
2026-03-02 10:48:01,134 : INFO : ConfigProcessor : Config spec file cache created: /var/folders/1s/015t8n3n70gcr2ch4xflj4yr0000gn/T/config_spec.mpf_cache
2026-03-02 10:48:01,135 : INFO : YamlMultifileConfigLoader : Machine config file #1: config.yaml
2026-03-02 10:48:01,136 : INFO : ConfigProcessor : Loading config from cache: /var/folders/1s/015t8n3n70gcr2ch4xflj4yr0000gn/T/954ddabc670342668a09b03520c7eb79.mpf_cache
2026-03-02 10:48:01,213 : INFO : ConfigProcessor : Loading config from cache: /var/folders/1s/015t8n3n70gcr2ch4xflj4yr0000gn/T/64218df07edc412f774c53ffb33c812d.mpf_cache
2026-03-02 10:48:01,213 : INFO : ConfigProcessor : Loading config from cache: /var/folders/1s/015t8n3n70gcr2ch4xflj4yr0000gn/T/767518d75df2d86a4d35c1fb94c70abd.mpf_cache
2026-03-02 10:48:01,214 : INFO : ConfigProcessor : Loading config from cache: /var/folders/1s/015t8n3n70gcr2ch4xflj4yr0000gn/T/64218df07edc412f774c53ffb33c812d.mpf_cache
2026-03-02 10:48:01,214 : INFO : ConfigProcessor : Loading config from cache: /var/folders/1s/015t8n3n70gcr2ch4xflj4yr0000gn/T/73548cb541cc3751ae5711fe0817282a.mpf_cache
2026-03-02 10:48:01,214 : INFO : ConfigProcessor : Loading config from cache: /var/folders/1s/015t8n3n70gcr2ch4xflj4yr0000gn/T/57f006170cd447d443f971cd8b826597.mpf_cache
2026-03-02 10:48:01,215 : INFO : ConfigProcessor : Loading config from cache: /var/folders/1s/015t8n3n70gcr2ch4xflj4yr0000gn/T/adb0ea3e4ccf2dafa758999a39c1d676.mpf_cache
2026-03-02 10:48:01,215 : INFO : Machine : Mission Pinball Framework Core Engine v0.80.0.dev13
2026-03-02 10:48:01,215 : INFO : Machine : Command line arguments: {'no_load_cache': False, 'create_config_cache': True, 'bcp': True, 'configfile': ['config.yaml'], 'force_assets_load': False, 'platform_integration_test': False, 'jsonlogging': False, 'logfile': 'logs/2026-03-02-10-48-00-mpf-ANDREs-Mac-mini.local.log', 'pause': False, 'production': False, 'text_ui': True, 'loglevel': 15, 'consoleloglevel': 20, 'force_platform': None, 'syslog_address': None, 'full_logfile_path': '/Users/pinball/NapoleonDynamite/logs/2026-03-02-10-48-00-mpf-ANDREs-Mac-mini.local.log'}
2026-03-02 10:48:01,215 : INFO : Machine : MPF path: /Users/pinball/mpf/lib/python3.14/site-packages/mpf
2026-03-02 10:48:01,215 : INFO : Machine : Machine path: /Users/pinball/NapoleonDynamite
2026-03-02 10:48:01,216 : INFO : Machine : Platform: darwin
2026-03-02 10:48:01,216 : INFO : Machine : Python executable location: /Users/pinball/mpf/bin/python3.14
2026-03-02 10:48:01,216 : INFO : Machine : Python version: 3.14.3 (64-bit)
2026-03-02 10:48:01,217 : INFO : Machine : Initializing MPF...
2026-03-02 10:48:01,333 : INFO : FAST : Auto-detecting ports for the following connections: ['net', 'exp']
2026-03-02 10:48:01,358 : INFO : FAST : Detected NET on port /dev/cu.usbmodem14101
2026-03-02 10:48:01,366 : INFO : FAST : Detected EXP on port /dev/cu.usbmodem14103
2026-03-02 10:48:01,471 : INFO : FAST [NET] : Trying to connect to /dev/cu.usbmodem14101 at 921600bps
2026-03-02 10:48:01,476 : INFO : FAST [NET] : Connected to /dev/cu.usbmodem14101 at 921600bps
2026-03-02 10:48:01,479 : INFO : FAST [NET] : Connected to FP-CPU-2000 with firmware v02.26
2026-03-02 10:48:01,482 : INFO : FAST [NET] : Registered I/O Board 0: Model: FP-I/O-0024, Firmware: 01.10, Switches: 24, Drivers: 8
2026-03-02 10:48:01,483 : INFO : FAST [NET] : Registered I/O Board 1: Model: FP-I/O-3208, Firmware: 01.10, Switches: 32, Drivers: 8
2026-03-02 10:48:01,484 : INFO : FAST [NET] : Registered I/O Board 2: Model: FP-I/O-0804, Firmware: 01.10, Switches: 8, Drivers: 4
2026-03-02 10:48:01,486 : INFO : FAST [EXP] : Trying to connect to /dev/cu.usbmodem14103 at 921600bps
2026-03-02 10:48:01,491 : INFO : FAST [EXP] : Connected to /dev/cu.usbmodem14103 at 921600bps
2026-03-02 10:48:01,493 : INFO : FAST [EXP] : Verifying hardware for EXP "neuron" (FP-EXP-2000, @48) with ID string "EXP FP-EXP-2000  0.34", board address 48
2026-03-02 10:48:01,494 : INFO : FAST [EXP] : Verifying hardware for EXP "neuron" (FP-EXP-2000, @48) with ID string "LED FP-BRK-0001  0.8", board address 480
2026-03-02 10:48:01,496 : INFO : EventManager : Event: ======'machine_var_credits_string'====== Args={'value': 'FREE PLAY', 'prev_value': None, 'change': True}
2026-03-02 10:48:01,519 : INFO : EventManager : Event: ======'machine_var_master_volume'====== Args={'value': 0.5, 'prev_value': None, 'change': True}
2026-03-02 10:48:01,519 : INFO : EventManager : Event: ======'machine_var_mpf_version'====== Args={'value': 'Mission Pinball Framework v0.80.0.dev13', 'prev_value': None, 'change': True}
2026-03-02 10:48:01,519 : INFO : EventManager : Event: ======'machine_var_mpf_extended_version'====== Args={'value': 'Mission Pinball Framework v0.80.0.dev13, Config version:6, Show version: 6, BCP version:1.1', 'prev_value': None, 'change': True}
2026-03-02 10:48:01,520 : INFO : EventManager : Event: ======'machine_var_python_version'====== Args={'value': '3.14.3', 'prev_value': None, 'change': True}
2026-03-02 10:48:01,550 : INFO : EventManager : Event: ======'machine_var_platform'====== Args={'value': 'macOS-14.8.4-x86_64-i386-64bit-Mach-O', 'prev_value': None, 'change': True}
2026-03-02 10:48:01,550 : INFO : EventManager : Event: ======'machine_var_platform_system'====== Args={'value': 'Darwin', 'prev_value': None, 'change': True}
2026-03-02 10:48:01,551 : INFO : EventManager : Event: ======'machine_var_platform_release'====== Args={'value': '23.6.0', 'prev_value': None, 'change': True}
2026-03-02 10:48:01,551 : INFO : EventManager : Event: ======'machine_var_platform_version'====== Args={'value': 'Darwin Kernel Version 23.6.0: Mon Jan 19 22:02:22 PST 2026; root:xnu-10063.141.1.710.3~1/RELEASE_X86_64', 'prev_value': None, 'change': True}
2026-03-02 10:48:01,551 : INFO : EventManager : Event: ======'machine_var_platform_machine'====== Args={'value': 'x86_64', 'prev_value': None, 'change': True}
2026-03-02 10:48:01,551 : INFO : EventManager : Event: ======'machine_var_log_file_path'====== Args={'value': '/Users/pinball/NapoleonDynamite/logs/2026-03-02-10-48-00-mpf-ANDREs-Mac-mini.local.log', 'prev_value': None, 'change': True}
2026-03-02 10:48:01,551 : INFO : EventManager : Event: ======'init_phase_1'====== Args={}
2026-03-02 10:48:01,734 : INFO : SwitchController : <<<<<<< 's_flipper_left_eos' active >>>>>>>
2026-03-02 10:48:01,734 : INFO : SwitchController : <<<<<<< 's_flipper_right_lower_eos' active >>>>>>>
2026-03-02 10:48:01,734 : INFO : SwitchController : <<<<<<< 's_trough_7' active >>>>>>>
2026-03-02 10:48:01,765 : INFO : EventManager : Event: ======'init_phase_2'====== Args={}
2026-03-02 10:48:01,765 : INFO : SwitchController : Found active switch: (37, [FAST Platform Interface]) <switch.s_flipper_left_eos>
2026-03-02 10:48:01,766 : INFO : SwitchController : Found active switch: (32, [FAST Platform Interface]) <switch.s_flipper_right_lower_eos>
2026-03-02 10:48:01,766 : INFO : SwitchController : Found active switch: (30, [FAST Platform Interface]) <switch.s_trough_7>
2026-03-02 10:48:01,771 : INFO : EventManager : Event: ======'bcp_connection_attempt'====== Args={'name': 'local_display', 'host': 'localhost', 'port': 5050}
2026-03-02 10:48:01,772 : INFO : BCPClientSocket : Connecting BCP to 'local_display' at localhost:5050...
2026-03-02 10:48:01,779 : INFO : BCPClientSocket : Connected BCP to 'local_display' localhost:5050
2026-03-02 10:48:01,781 : INFO : EventManager : Event: ======'bcp_clients_connected'====== Args={}
2026-03-02 10:48:02,235 : INFO : ball_device.bd_trough : BCH: Initial count: 1
2026-03-02 10:48:02,236 : INFO : ball_device.bd_trough : State: idle
2026-03-02 10:48:02,238 : INFO : ball_device.bd_plunger : BCH: Initial count: 0
2026-03-02 10:48:02,238 : INFO : ball_device.bd_plunger : State: idle
2026-03-02 10:48:02,263 : INFO : EventManager : Event: ======'init_phase_3'====== Args={}
2026-03-02 10:48:02,266 : INFO : EventManager : Event: ======'init_phase_4'====== Args={}
2026-03-02 10:48:02,267 : INFO : BallController : Initial balls found: 1
2026-03-02 10:48:02,268 : INFO : EventManager : Event: ======'machine_var_audits_events_game_ended'====== Args={'value': 0, 'prev_value': None, 'change': True}
2026-03-02 10:48:02,269 : INFO : EventManager : Event: ======'machine_var_audits_events_game_started'====== Args={'value': 2, 'prev_value': None, 'change': True}
2026-03-02 10:48:02,269 : INFO : EventManager : Event: ======'machine_var_audits_missing_switches_s_bumper_lower'====== Args={'value': 2, 'prev_value': None, 'change': True}
2026-03-02 10:48:02,269 : INFO : EventManager : Event: ======'machine_var_audits_missing_switches_s_bumper_upper'====== Args={'value': 2, 'prev_value': None, 'change': True}
2026-03-02 10:48:02,269 : INFO : EventManager : Event: ======'machine_var_audits_missing_switches_s_flipper_left_eos'====== Args={'value': 2, 'prev_value': None, 'change': True}
2026-03-02 10:48:02,269 : INFO : EventManager : Event: ======'machine_var_audits_missing_switches_s_flipper_right_lower_eos'====== Args={'value': 2, 'prev_value': None, 'change': True}
2026-03-02 10:48:02,269 : INFO : EventManager : Event: ======'machine_var_audits_missing_switches_s_flipper_right_upper_eos'====== Args={'value': 2, 'prev_value': None, 'change': True}
2026-03-02 10:48:02,269 : INFO : EventManager : Event: ======'machine_var_audits_missing_switches_s_inlane_left'====== Args={'value': 2, 'prev_value': None, 'change': True}
2026-03-02 10:48:02,270 : INFO : EventManager : Event: ======'machine_var_audits_missing_switches_s_inlane_right_1'====== Args={'value': 2, 'prev_value': None, 'change': True}
2026-03-02 10:48:02,270 : INFO : EventManager : Event: ======'machine_var_audits_missing_switches_s_inlane_right_2'====== Args={'value': 2, 'prev_value': None, 'change': True}
2026-03-02 10:48:02,270 : INFO : EventManager : Event: ======'machine_var_audits_missing_switches_s_sling_left'====== Args={'value': 2, 'prev_value': None, 'change': True}
2026-03-02 10:48:02,270 : INFO : EventManager : Event: ======'machine_var_audits_missing_switches_s_sling_right'====== Args={'value': 2, 'prev_value': None, 'change': True}
2026-03-02 10:48:02,270 : INFO : EventManager : Event: ======'machine_var_audits_player_score'====== Args={'value': {'average': 0, 'top': [], 'total': 0}, 'prev_value': None, 'change': True}
2026-03-02 10:48:02,270 : INFO : EventManager : Event: ======'machine_var_audits_switches_s_bumper_lower'====== Args={'value': 0, 'prev_value': None, 'change': True}
2026-03-02 10:48:02,270 : INFO : EventManager : Event: ======'machine_var_audits_switches_s_bumper_upper'====== Args={'value': 0, 'prev_value': None, 'change': True}
2026-03-02 10:48:02,270 : INFO : EventManager : Event: ======'machine_var_audits_switches_s_flipper_left'====== Args={'value': 11, 'prev_value': None, 'change': True}
2026-03-02 10:48:02,271 : INFO : EventManager : Event: ======'machine_var_audits_switches_s_flipper_left_eos'====== Args={'value': 0, 'prev_value': None, 'change': True}
2026-03-02 10:48:02,271 : INFO : EventManager : Event: ======'machine_var_audits_switches_s_flipper_right_lower'====== Args={'value': 7, 'prev_value': None, 'change': True}
2026-03-02 10:48:02,271 : INFO : EventManager : Event: ======'machine_var_audits_switches_s_flipper_right_lower_eos'====== Args={'value': 0, 'prev_value': None, 'change': True}
2026-03-02 10:48:02,271 : INFO : EventManager : Event: ======'machine_var_audits_switches_s_flipper_right_upper'====== Args={'value': 7, 'prev_value': None, 'change': True}
2026-03-02 10:48:02,271 : INFO : EventManager : Event: ======'machine_var_audits_switches_s_flipper_right_upper_eos'====== Args={'value': 0, 'prev_value': None, 'change': True}
2026-03-02 10:48:02,271 : INFO : EventManager : Event: ======'machine_var_audits_switches_s_inlane_left'====== Args={'value': 0, 'prev_value': None, 'change': True}
2026-03-02 10:48:02,271 : INFO : EventManager : Event: ======'machine_var_audits_switches_s_inlane_right_1'====== Args={'value': 0, 'prev_value': None, 'change': True}
2026-03-02 10:48:02,271 : INFO : EventManager : Event: ======'machine_var_audits_switches_s_inlane_right_2'====== Args={'value': 0, 'prev_value': None, 'change': True}
2026-03-02 10:48:02,271 : INFO : EventManager : Event: ======'machine_var_audits_switches_s_plunger'====== Args={'value': 4, 'prev_value': None, 'change': True}
2026-03-02 10:48:02,271 : INFO : EventManager : Event: ======'machine_var_audits_switches_s_sling_left'====== Args={'value': 0, 'prev_value': None, 'change': True}
2026-03-02 10:48:02,272 : INFO : EventManager : Event: ======'machine_var_audits_switches_s_sling_right'====== Args={'value': 0, 'prev_value': None, 'change': True}
2026-03-02 10:48:02,272 : INFO : EventManager : Event: ======'machine_var_audits_switches_s_start'====== Args={'value': 4, 'prev_value': None, 'change': True}
2026-03-02 10:48:02,272 : INFO : EventManager : Event: ======'machine_var_audits_switches_s_trough_1'====== Args={'value': 3, 'prev_value': None, 'change': True}
2026-03-02 10:48:02,272 : INFO : EventManager : Event: ======'machine_var_audits_switches_s_trough_2'====== Args={'value': 13, 'prev_value': None, 'change': True}
2026-03-02 10:48:02,272 : INFO : EventManager : Event: ======'machine_var_audits_switches_s_trough_3'====== Args={'value': 15, 'prev_value': None, 'change': True}
2026-03-02 10:48:02,272 : INFO : EventManager : Event: ======'machine_var_audits_switches_s_trough_4'====== Args={'value': 16, 'prev_value': None, 'change': True}
2026-03-02 10:48:02,272 : INFO : EventManager : Event: ======'machine_var_audits_switches_s_trough_5'====== Args={'value': 17, 'prev_value': None, 'change': True}
2026-03-02 10:48:02,272 : INFO : EventManager : Event: ======'machine_var_audits_switches_s_trough_6'====== Args={'value': 18, 'prev_value': None, 'change': True}
2026-03-02 10:48:02,272 : INFO : EventManager : Event: ======'machine_var_audits_switches_s_trough_7'====== Args={'value': 5, 'prev_value': None, 'change': True}
2026-03-02 10:48:02,273 : INFO : EventManager : Event: ======'init_phase_5'====== Args={}
2026-03-02 10:48:02,274 : INFO : ball_device.bd_trough : BCH: Count is unstable. Trying to reorder balls.
2026-03-02 10:48:02,274 : WARNING : ball_device.bd_trough : Cannot reorder device because eject_coil_reorder_pulse is not configured
2026-03-02 10:48:02,274 : INFO : ball_device.bd_trough : BCH: Repulse done. Waiting for balls to settle.
2026-03-02 10:48:02,274 : INFO : ball_device.bd_trough : BCH: Reordered count: 1
2026-03-02 10:48:02,274 : INFO : EventManager : Event: ======'init_done'====== Args={}
2026-03-02 10:48:02,275 : INFO : EventManager : Event: ======'machine_reset_phase_1'====== Args={}
2026-03-02 10:48:02,324 : INFO : EventManager : Event: ======'machine_reset_phase_2'====== Args={}
2026-03-02 10:48:02,325 : INFO : EventManager : Event: ======'machine_reset_phase_3'====== Args={}
2026-03-02 10:48:02,326 : INFO : EventManager : Event: ======'reset_complete'====== Args={}
2026-03-02 10:48:02,326 : INFO : EventManager : Event: ======'mode_attract_will_start'====== Args={}
2026-03-02 10:48:02,327 : INFO : Timer.attract_carousel_timer : Starting Timer.
2026-03-02 10:48:02,327 : INFO : EventManager : Event: ======'timer_attract_carousel_timer_started'====== Args={'ticks': 0, 'ticks_remaining': 1}
2026-03-02 10:48:02,327 : INFO : EventManager : Event: ======'timer_attract_carousel_timer_tick'====== Args={'ticks': 0, 'ticks_remaining': 1}
2026-03-02 10:48:02,329 : INFO : EventManager : Event: ======'mode_attract_starting'====== Args={}
2026-03-02 10:48:02,329 : INFO : Mode.attract : Started. Priority: 10
2026-03-02 10:48:02,329 : INFO : EventManager : Event: ======'modes_active_modes_changed'====== Args={}
2026-03-02 10:48:02,329 : INFO : EventManager : Event: ======'mode_attract_started'====== Args={}
2026-03-02 10:48:02,330 : INFO : EventManager : Event: ======'collecting_balls_complete'====== Args={}
2026-03-02 10:48:02,331 : INFO : EventManager : Event: ======'carousel_item_highlighted'====== Args={'carousel': 'attract', 'direction': None, 'item': 'title'}
2026-03-02 10:48:02,331 : INFO : EventManager : Event: ======'timer_attract_carousel_timer_tick'====== Args={'ticks': 0, 'ticks_remaining': 1}
2026-03-02 10:48:02,331 : INFO : Machine : Starting the main run loop with active modes: [<Mode.attract>]
2026-03-02 10:48:02,529 : INFO : EventManager : Event: ======'slide_attract_created'====== Args={'_from_bcp': True}
2026-03-02 10:48:02,529 : INFO : EventManager : Event: ======'slide__removed'====== Args={'_from_bcp': True}
2026-03-02 10:48:02,529 : INFO : EventManager : Event: ======'slide_attract_active'====== Args={'original_context': 'attract', 'original_calling_context': 'mode_attract_started', 'priority': 10.0, 'cmd': 'slides_play', '_from_bcp': True}
2026-03-02 10:48:04,993 : INFO : SwitchController : <<<<<<< 's_trough_7' inactive >>>>>>>
2026-03-02 10:48:06,420 : INFO : SwitchController : <<<<<<< 's_trough_7' active >>>>>>>
2026-03-02 10:48:07,331 : INFO : Timer.attract_carousel_timer : Timer Complete
2026-03-02 10:48:07,331 : INFO : Timer.attract_carousel_timer : Stopping Timer
2026-03-02 10:48:07,332 : INFO : EventManager : Event: ======'timer_attract_carousel_timer_stopped'====== Args={'ticks': 1, 'ticks_remaining': 1}
2026-03-02 10:48:07,332 : INFO : EventManager : Event: ======'timer_attract_carousel_timer_complete'====== Args={'ticks': 1, 'ticks_remaining': 1}
2026-03-02 10:48:07,332 : INFO : EventManager : Event: ======'carousel_item_highlighted'====== Args={'carousel': 'attract', 'direction': 'forwards', 'item': 'credits'}
2026-03-02 10:48:07,332 : INFO : Timer.attract_carousel_timer : Starting Timer.
2026-03-02 10:48:07,332 : INFO : EventManager : Event: ======'timer_attract_carousel_timer_started'====== Args={'ticks': 0, 'ticks_remaining': 1}
2026-03-02 10:48:07,332 : INFO : EventManager : Event: ======'timer_attract_carousel_timer_tick'====== Args={'ticks': 0, 'ticks_remaining': 1}
2026-03-02 10:48:07,802 : INFO : SwitchController : <<<<<<< 's_trough_7' inactive >>>>>>>
2026-03-02 10:48:10,353 : INFO : SwitchController : <<<<<<< 's_flipper_left' active >>>>>>>
2026-03-02 10:48:10,353 : INFO : EventManager : Event: ======'s_flipper_left_active'====== Args={}
2026-03-02 10:48:10,354 : INFO : EventManager : Event: ======'carousel_item_highlighted'====== Args={'carousel': 'attract', 'direction': 'backwards', 'item': 'title'}
2026-03-02 10:48:10,354 : INFO : EventManager : Event: ======'timer_attract_carousel_timer_tick'====== Args={'ticks': 0, 'ticks_remaining': 1}
2026-03-02 10:48:10,483 : INFO : SwitchController : <<<<<<< 's_flipper_left' inactive >>>>>>>
2026-03-02 10:48:10,847 : INFO : SwitchController : <<<<<<< 's_flipper_left' active >>>>>>>
2026-03-02 10:48:10,848 : INFO : EventManager : Event: ======'s_flipper_left_active'====== Args={}
2026-03-02 10:48:10,848 : INFO : EventManager : Event: ======'carousel_item_highlighted'====== Args={'carousel': 'attract', 'direction': 'backwards', 'item': 'logo'}
2026-03-02 10:48:10,848 : INFO : EventManager : Event: ======'timer_attract_carousel_timer_tick'====== Args={'ticks': 0, 'ticks_remaining': 1}
2026-03-02 10:48:10,981 : INFO : SwitchController : <<<<<<< 's_flipper_left' inactive >>>>>>>
2026-03-02 10:48:12,726 : INFO : SwitchController : <<<<<<< 's_start' active >>>>>>>
2026-03-02 10:48:12,830 : INFO : SwitchController : <<<<<<< 's_start' inactive >>>>>>>
2026-03-02 10:48:12,830 : INFO : EventManager : Event: ======'request_to_start_game'====== Args={}
2026-03-02 10:48:12,831 : INFO : BallController : Known balls: 1
2026-03-02 10:48:12,831 : INFO : BallController : bd_trough contains 1 balls. Tags ['trough', 'home', 'drain']
2026-03-02 10:48:12,831 : INFO : BallController : bd_plunger contains 0 balls. Tags []
2026-03-02 10:48:12,831 : INFO : BallController : playfield contains 0 balls. Tags ['default']
2026-03-02 10:48:12,831 : WARNING : BallController : BallController denies game start. Not enough balls. 0 found. 6 required
2026-03-02 10:48:12,831 : INFO : BallController : Triggering ball search.
2026-03-02 10:48:13,303 : INFO : EventManager : Event: ======'balldevice_bd_trough_ball_count_changed'====== Args={'balls': 0}
2026-03-02 10:48:13,304 : WARNING : ball_device.bd_trough : Ball disappeared while idle. This should not normally happen.
2026-03-02 10:48:13,304 : INFO : EventManager : Event: ======'balldevice_playfield_ball_enter'====== Args={'new_balls': 1, 'unclaimed_balls': 1, 'device': <playfield.playfield>}
2026-03-02 10:48:13,304 : INFO : EventManager : Event: ======'playfield_ball_count_change'====== Args={'balls': 1, 'change': 1}
2026-03-02 10:48:13,304 : INFO : ball_device.bd_trough : 1 ball(s) missing from device. Mechanical eject? False
2026-03-02 10:48:13,304 : INFO : EventManager : Event: ======'balldevice_bd_trough_ball_missing'====== Args={'balls': 1}
2026-03-02 10:48:13,304 : INFO : EventManager : Event: ======'balldevice_ball_missing'====== Args={'balls': 1, 'name': 'bd_trough'}
2026-03-02 10:48:13,484 : INFO : SwitchController : <<<<<<< 's_start' active >>>>>>>
2026-03-02 10:48:13,858 : INFO : SwitchController : <<<<<<< 's_start' inactive >>>>>>>
2026-03-02 10:48:13,858 : INFO : EventManager : Event: ======'request_to_start_game'====== Args={}
2026-03-02 10:48:13,858 : INFO : BallController : Known balls: 1
2026-03-02 10:48:13,858 : INFO : BallController : bd_trough contains 0 balls. Tags ['trough', 'home', 'drain']
2026-03-02 10:48:13,858 : INFO : BallController : bd_plunger contains 0 balls. Tags []
2026-03-02 10:48:13,858 : INFO : BallController : playfield contains 1 balls. Tags ['default']
2026-03-02 10:48:13,858 : WARNING : BallController : BallController denies game start. Not enough balls. 0 found. 6 required
2026-03-02 10:48:13,858 : INFO : BallController : Triggering ball search.
2026-03-02 10:48:14,254 : INFO : SwitchController : <<<<<<< 's_start' active >>>>>>>
2026-03-02 10:48:14,368 : INFO : SwitchController : <<<<<<< 's_start' inactive >>>>>>>
2026-03-02 10:48:14,369 : INFO : EventManager : Event: ======'request_to_start_game'====== Args={}
2026-03-02 10:48:14,369 : INFO : BallController : Known balls: 1
2026-03-02 10:48:14,369 : INFO : BallController : bd_trough contains 0 balls. Tags ['trough', 'home', 'drain']
2026-03-02 10:48:14,370 : INFO : BallController : bd_plunger contains 0 balls. Tags []
2026-03-02 10:48:14,370 : INFO : BallController : playfield contains 1 balls. Tags ['default']
2026-03-02 10:48:14,370 : WARNING : BallController : BallController denies game start. Not enough balls. 0 found. 6 required
2026-03-02 10:48:14,370 : INFO : BallController : Triggering ball search.
2026-03-02 10:48:14,503 : INFO : SwitchController : <<<<<<< 's_start' active >>>>>>>
2026-03-02 10:48:14,587 : INFO : SwitchController : <<<<<<< 's_start' inactive >>>>>>>
2026-03-02 10:48:14,587 : INFO : EventManager : Event: ======'request_to_start_game'====== Args={}
2026-03-02 10:48:14,587 : INFO : BallController : Known balls: 1
2026-03-02 10:48:14,587 : INFO : BallController : bd_trough contains 0 balls. Tags ['trough', 'home', 'drain']
2026-03-02 10:48:14,587 : INFO : BallController : bd_plunger contains 0 balls. Tags []
2026-03-02 10:48:14,587 : INFO : BallController : playfield contains 1 balls. Tags ['default']
2026-03-02 10:48:14,587 : WARNING : BallController : BallController denies game start. Not enough balls. 0 found. 6 required
2026-03-02 10:48:14,587 : INFO : BallController : Triggering ball search.
2026-03-02 10:48:15,516 : INFO : SwitchController : <<<<<<< 's_trough_7' active >>>>>>>
2026-03-02 10:48:15,850 : INFO : Timer.attract_carousel_timer : Timer Complete
2026-03-02 10:48:15,850 : INFO : Timer.attract_carousel_timer : Stopping Timer
2026-03-02 10:48:15,850 : INFO : EventManager : Event: ======'timer_attract_carousel_timer_stopped'====== Args={'ticks': 1, 'ticks_remaining': 1}
2026-03-02 10:48:15,850 : INFO : EventManager : Event: ======'timer_attract_carousel_timer_complete'====== Args={'ticks': 1, 'ticks_remaining': 1}
2026-03-02 10:48:15,850 : INFO : EventManager : Event: ======'carousel_item_highlighted'====== Args={'carousel': 'attract', 'direction': 'forwards', 'item': 'title'}
2026-03-02 10:48:15,851 : INFO : Timer.attract_carousel_timer : Starting Timer.
2026-03-02 10:48:15,851 : INFO : EventManager : Event: ======'timer_attract_carousel_timer_started'====== Args={'ticks': 0, 'ticks_remaining': 1}
2026-03-02 10:48:15,851 : INFO : EventManager : Event: ======'timer_attract_carousel_timer_tick'====== Args={'ticks': 0, 'ticks_remaining': 1}
2026-03-02 10:48:16,017 : INFO : EventManager : Event: ======'balldevice_bd_trough_ball_count_changed'====== Args={'balls': 1}
2026-03-02 10:48:16,017 : INFO : ball_device.bd_trough : Received unexpected ball
2026-03-02 10:48:16,017 : INFO : EventManager : Event: ======'balldevice_captured_from_playfield'====== Args={'balls': 1}
2026-03-02 10:48:16,017 : INFO : EventManager : Event: ======'sw_playfield_active'====== Args={'balls': 1}
2026-03-02 10:48:16,018 : INFO : EventManager : Event: ======'playfield_ball_count_change'====== Args={'balls': 0, 'change': -1}
2026-03-02 10:48:16,018 : INFO : EventManager : Event: ======'balldevice_bd_trough_ball_enter'====== Args={'new_balls': 1, 'unclaimed_balls': 1, 'new_available_balls': 1, 'device': <ball_device.bd_trough>}
2026-03-02 10:48:16,018 : INFO : EventManager : Event: ======'ball_drain'====== Args={'device': <ball_device.bd_trough>, 'balls': 1}
2026-03-02 10:48:16,019 : INFO : EventManager : Event: ======'balldevice_balls_available'====== Args={}
2026-03-02 10:48:16,019 : INFO : EventManager : Event: ======'balldevice_bd_trough_ball_entered'====== Args={'new_balls': 1, 'device': <ball_device.bd_trough>}
2026-03-02 10:48:16,055 : INFO : SwitchController : <<<<<<< 's_start' active >>>>>>>
2026-03-02 10:48:16,212 : INFO : SwitchController : <<<<<<< 's_start' inactive >>>>>>>
2026-03-02 10:48:16,212 : INFO : EventManager : Event: ======'request_to_start_game'====== Args={}
2026-03-02 10:48:16,213 : INFO : BallController : Known balls: 1
2026-03-02 10:48:16,213 : INFO : BallController : bd_trough contains 1 balls. Tags ['trough', 'home', 'drain']
2026-03-02 10:48:16,213 : INFO : BallController : bd_plunger contains 0 balls. Tags []
2026-03-02 10:48:16,213 : INFO : BallController : playfield contains 0 balls. Tags ['default']
2026-03-02 10:48:16,213 : WARNING : BallController : BallController denies game start. Not enough balls. 0 found. 6 required
2026-03-02 10:48:16,213 : INFO : BallController : Triggering ball search.
2026-03-02 10:48:16,621 : INFO : SwitchController : <<<<<<< 's_start' active >>>>>>>
2026-03-02 10:48:16,780 : INFO : SwitchController : <<<<<<< 's_start' inactive >>>>>>>
2026-03-02 10:48:16,780 : INFO : EventManager : Event: ======'request_to_start_game'====== Args={}
2026-03-02 10:48:16,781 : INFO : BallController : Known balls: 1
2026-03-02 10:48:16,781 : INFO : BallController : bd_trough contains 1 balls. Tags ['trough', 'home', 'drain']
2026-03-02 10:48:16,781 : INFO : BallController : bd_plunger contains 0 balls. Tags []
2026-03-02 10:48:16,781 : INFO : BallController : playfield contains 0 balls. Tags ['default']
2026-03-02 10:48:16,781 : WARNING : BallController : BallController denies game start. Not enough balls. 0 found. 6 required
2026-03-02 10:48:16,781 : INFO : BallController : Triggering ball search.
2026-03-02 10:48:17,186 : INFO : SwitchController : <<<<<<< 's_start' active >>>>>>>
2026-03-02 10:48:17,343 : INFO : SwitchController : <<<<<<< 's_start' inactive >>>>>>>
2026-03-02 10:48:17,343 : INFO : EventManager : Event: ======'request_to_start_game'====== Args={}
2026-03-02 10:48:17,343 : INFO : BallController : Known balls: 1
2026-03-02 10:48:17,343 : INFO : BallController : bd_trough contains 1 balls. Tags ['trough', 'home', 'drain']
2026-03-02 10:48:17,344 : INFO : BallController : bd_plunger contains 0 balls. Tags []
2026-03-02 10:48:17,344 : INFO : BallController : playfield contains 0 balls. Tags ['default']
2026-03-02 10:48:17,344 : WARNING : BallController : BallController denies game start. Not enough balls. 0 found. 6 required
2026-03-02 10:48:17,344 : INFO : BallController : Triggering ball search.
2026-03-02 10:48:17,588 : INFO : SwitchController : <<<<<<< 's_start' active >>>>>>>
2026-03-02 10:48:17,719 : INFO : SwitchController : <<<<<<< 's_start' inactive >>>>>>>
2026-03-02 10:48:17,720 : INFO : EventManager : Event: ======'request_to_start_game'====== Args={}
2026-03-02 10:48:17,720 : INFO : BallController : Known balls: 1
2026-03-02 10:48:17,720 : INFO : BallController : bd_trough contains 1 balls. Tags ['trough', 'home', 'drain']
2026-03-02 10:48:17,720 : INFO : BallController : bd_plunger contains 0 balls. Tags []
2026-03-02 10:48:17,720 : INFO : BallController : playfield contains 0 balls. Tags ['default']
2026-03-02 10:48:17,720 : WARNING : BallController : BallController denies game start. Not enough balls. 0 found. 6 required
2026-03-02 10:48:17,720 : INFO : BallController : Triggering ball search.
2026-03-02 10:48:17,847 : INFO : SwitchController : <<<<<<< 's_start' active >>>>>>>
2026-03-02 10:48:17,949 : INFO : SwitchController : <<<<<<< 's_start' inactive >>>>>>>
2026-03-02 10:48:17,949 : INFO : EventManager : Event: ======'request_to_start_game'====== Args={}
2026-03-02 10:48:17,949 : INFO : BallController : Known balls: 1
2026-03-02 10:48:17,950 : INFO : BallController : bd_trough contains 1 balls. Tags ['trough', 'home', 'drain']
2026-03-02 10:48:17,950 : INFO : BallController : bd_plunger contains 0 balls. Tags []
2026-03-02 10:48:17,950 : INFO : BallController : playfield contains 0 balls. Tags ['default']
2026-03-02 10:48:17,950 : WARNING : BallController : BallController denies game start. Not enough balls. 0 found. 6 required
2026-03-02 10:48:17,950 : INFO : BallController : Triggering ball search.
2026-03-02 10:48:18,056 : INFO : SwitchController : <<<<<<< 's_start' active >>>>>>>
2026-03-02 10:48:18,176 : INFO : SwitchController : <<<<<<< 's_start' inactive >>>>>>>
2026-03-02 10:48:18,176 : INFO : EventManager : Event: ======'request_to_start_game'====== Args={}
2026-03-02 10:48:18,176 : INFO : BallController : Known balls: 1
2026-03-02 10:48:18,176 : INFO : BallController : bd_trough contains 1 balls. Tags ['trough', 'home', 'drain']
2026-03-02 10:48:18,176 : INFO : BallController : bd_plunger contains 0 balls. Tags []
2026-03-02 10:48:18,176 : INFO : BallController : playfield contains 0 balls. Tags ['default']
2026-03-02 10:48:18,176 : WARNING : BallController : BallController denies game start. Not enough balls. 0 found. 6 required
2026-03-02 10:48:18,176 : INFO : BallController : Triggering ball search.
2026-03-02 10:48:18,279 : INFO : SwitchController : <<<<<<< 's_start' active >>>>>>>
2026-03-02 10:48:18,385 : INFO : SwitchController : <<<<<<< 's_start' inactive >>>>>>>
2026-03-02 10:48:18,385 : INFO : EventManager : Event: ======'request_to_start_game'====== Args={}
2026-03-02 10:48:18,386 : INFO : BallController : Known balls: 1
2026-03-02 10:48:18,386 : INFO : BallController : bd_trough contains 1 balls. Tags ['trough', 'home', 'drain']
2026-03-02 10:48:18,386 : INFO : BallController : bd_plunger contains 0 balls. Tags []
2026-03-02 10:48:18,386 : INFO : BallController : playfield contains 0 balls. Tags ['default']
2026-03-02 10:48:18,386 : WARNING : BallController : BallController denies game start. Not enough balls. 0 found. 6 required
2026-03-02 10:48:18,386 : INFO : BallController : Triggering ball search.
2026-03-02 10:48:18,474 : INFO : SwitchController : <<<<<<< 's_start' active >>>>>>>
2026-03-02 10:48:18,566 : INFO : SwitchController : <<<<<<< 's_start' inactive >>>>>>>
2026-03-02 10:48:18,566 : INFO : EventManager : Event: ======'request_to_start_game'====== Args={}
2026-03-02 10:48:18,567 : INFO : BallController : Known balls: 1
2026-03-02 10:48:18,567 : INFO : BallController : bd_trough contains 1 balls. Tags ['trough', 'home', 'drain']
2026-03-02 10:48:18,567 : INFO : BallController : bd_plunger contains 0 balls. Tags []
2026-03-02 10:48:18,567 : INFO : BallController : playfield contains 0 balls. Tags ['default']
2026-03-02 10:48:18,567 : WARNING : BallController : BallController denies game start. Not enough balls. 0 found. 6 required
2026-03-02 10:48:18,567 : INFO : BallController : Triggering ball search.
2026-03-02 10:48:18,661 : INFO : SwitchController : <<<<<<< 's_start' active >>>>>>>
2026-03-02 10:48:18,760 : INFO : SwitchController : <<<<<<< 's_start' inactive >>>>>>>
2026-03-02 10:48:18,760 : INFO : EventManager : Event: ======'request_to_start_game'====== Args={}
2026-03-02 10:48:18,760 : INFO : BallController : Known balls: 1
2026-03-02 10:48:18,760 : INFO : BallController : bd_trough contains 1 balls. Tags ['trough', 'home', 'drain']
2026-03-02 10:48:18,760 : INFO : BallController : bd_plunger contains 0 balls. Tags []
2026-03-02 10:48:18,760 : INFO : BallController : playfield contains 0 balls. Tags ['default']
2026-03-02 10:48:18,761 : WARNING : BallController : BallController denies game start. Not enough balls. 0 found. 6 required
2026-03-02 10:48:18,761 : INFO : BallController : Triggering ball search.
2026-03-02 10:48:18,838 : INFO : SwitchController : <<<<<<< 's_start' active >>>>>>>
2026-03-02 10:48:18,948 : INFO : SwitchController : <<<<<<< 's_start' inactive >>>>>>>
2026-03-02 10:48:18,948 : INFO : EventManager : Event: ======'request_to_start_game'====== Args={}
2026-03-02 10:48:18,948 : INFO : BallController : Known balls: 1
2026-03-02 10:48:18,948 : INFO : BallController : bd_trough contains 1 balls. Tags ['trough', 'home', 'drain']
2026-03-02 10:48:18,949 : INFO : BallController : bd_plunger contains 0 balls. Tags []
2026-03-02 10:48:18,949 : INFO : BallController : playfield contains 0 balls. Tags ['default']
2026-03-02 10:48:18,949 : WARNING : BallController : BallController denies game start. Not enough balls. 0 found. 6 required
2026-03-02 10:48:18,949 : INFO : BallController : Triggering ball search.
2026-03-02 10:48:19,872 : INFO : SwitchController : <<<<<<< 's_start' active >>>>>>>
2026-03-02 10:48:20,070 : INFO : SwitchController : <<<<<<< 's_start' inactive >>>>>>>
2026-03-02 10:48:20,070 : INFO : EventManager : Event: ======'request_to_start_game'====== Args={}
2026-03-02 10:48:20,070 : INFO : BallController : Known balls: 1
2026-03-02 10:48:20,071 : INFO : BallController : bd_trough contains 1 balls. Tags ['trough', 'home', 'drain']
2026-03-02 10:48:20,071 : INFO : BallController : bd_plunger contains 0 balls. Tags []
2026-03-02 10:48:20,071 : INFO : BallController : playfield contains 0 balls. Tags ['default']
2026-03-02 10:48:20,071 : WARNING : BallController : BallController denies game start. Not enough balls. 0 found. 6 required
2026-03-02 10:48:20,071 : INFO : BallController : Triggering ball search.
2026-03-02 10:48:20,288 : INFO : SwitchController : <<<<<<< 's_start' active >>>>>>>
2026-03-02 10:48:20,469 : INFO : SwitchController : <<<<<<< 's_start' inactive >>>>>>>
2026-03-02 10:48:20,469 : INFO : EventManager : Event: ======'request_to_start_game'====== Args={}
2026-03-02 10:48:20,469 : INFO : BallController : Known balls: 1
2026-03-02 10:48:20,469 : INFO : BallController : bd_trough contains 1 balls. Tags ['trough', 'home', 'drain']
2026-03-02 10:48:20,469 : INFO : BallController : bd_plunger contains 0 balls. Tags []
2026-03-02 10:48:20,469 : INFO : BallController : playfield contains 0 balls. Tags ['default']
2026-03-02 10:48:20,469 : WARNING : BallController : BallController denies game start. Not enough balls. 0 found. 6 required
2026-03-02 10:48:20,469 : INFO : BallController : Triggering ball search.
2026-03-02 10:48:20,673 : INFO : SwitchController : <<<<<<< 's_start' active >>>>>>>
2026-03-02 10:48:20,847 : INFO : SwitchController : <<<<<<< 's_start' inactive >>>>>>>
2026-03-02 10:48:20,847 : INFO : EventManager : Event: ======'request_to_start_game'====== Args={}
2026-03-02 10:48:20,848 : INFO : BallController : Known balls: 1
2026-03-02 10:48:20,848 : INFO : BallController : bd_trough contains 1 balls. Tags ['trough', 'home', 'drain']
2026-03-02 10:48:20,848 : INFO : BallController : bd_plunger contains 0 balls. Tags []
2026-03-02 10:48:20,848 : INFO : BallController : playfield contains 0 balls. Tags ['default']
2026-03-02 10:48:20,848 : WARNING : BallController : BallController denies game start. Not enough balls. 0 found. 6 required
2026-03-02 10:48:20,848 : INFO : BallController : Triggering ball search.
2026-03-02 10:48:20,851 : INFO : Timer.attract_carousel_timer : Timer Complete
2026-03-02 10:48:20,851 : INFO : Timer.attract_carousel_timer : Stopping Timer
2026-03-02 10:48:20,851 : INFO : EventManager : Event: ======'timer_attract_carousel_timer_stopped'====== Args={'ticks': 1, 'ticks_remaining': 1}
2026-03-02 10:48:20,851 : INFO : EventManager : Event: ======'timer_attract_carousel_timer_complete'====== Args={'ticks': 1, 'ticks_remaining': 1}
2026-03-02 10:48:20,852 : INFO : EventManager : Event: ======'carousel_item_highlighted'====== Args={'carousel': 'attract', 'direction': 'forwards', 'item': 'credits'}
2026-03-02 10:48:20,852 : INFO : Timer.attract_carousel_timer : Starting Timer.
2026-03-02 10:48:20,852 : INFO : EventManager : Event: ======'timer_attract_carousel_timer_started'====== Args={'ticks': 0, 'ticks_remaining': 1}
2026-03-02 10:48:20,852 : INFO : EventManager : Event: ======'timer_attract_carousel_timer_tick'====== Args={'ticks': 0, 'ticks_remaining': 1}
2026-03-02 10:48:21,011 : INFO : SwitchController : <<<<<<< 's_start' active >>>>>>>
2026-03-02 10:48:21,154 : INFO : SwitchController : <<<<<<< 's_start' inactive >>>>>>>
2026-03-02 10:48:21,155 : INFO : EventManager : Event: ======'request_to_start_game'====== Args={}
2026-03-02 10:48:21,155 : INFO : BallController : Known balls: 1
2026-03-02 10:48:21,155 : INFO : BallController : bd_trough contains 1 balls. Tags ['trough', 'home', 'drain']
2026-03-02 10:48:21,155 : INFO : BallController : bd_plunger contains 0 balls. Tags []
2026-03-02 10:48:21,155 : INFO : BallController : playfield contains 0 balls. Tags ['default']
2026-03-02 10:48:21,155 : WARNING : BallController : BallController denies game start. Not enough balls. 0 found. 6 required
2026-03-02 10:48:21,155 : INFO : BallController : Triggering ball search.
2026-03-02 10:48:21,297 : INFO : SwitchController : <<<<<<< 's_start' active >>>>>>>
2026-03-02 10:48:21,545 : INFO : SwitchController : <<<<<<< 's_start' inactive >>>>>>>
2026-03-02 10:48:21,545 : INFO : EventManager : Event: ======'request_to_start_game'====== Args={}
2026-03-02 10:48:21,546 : INFO : BallController : Known balls: 1
2026-03-02 10:48:21,546 : INFO : BallController : bd_trough contains 1 balls. Tags ['trough', 'home', 'drain']
2026-03-02 10:48:21,546 : INFO : BallController : bd_plunger contains 0 balls. Tags []
2026-03-02 10:48:21,546 : INFO : BallController : playfield contains 0 balls. Tags ['default']
2026-03-02 10:48:21,546 : WARNING : BallController : BallController denies game start. Not enough balls. 0 found. 6 required
2026-03-02 10:48:21,546 : INFO : BallController : Triggering ball search.
2026-03-02 10:48:22,184 : INFO : SwitchController : <<<<<<< 's_start' active >>>>>>>
2026-03-02 10:48:22,357 : INFO : SwitchController : <<<<<<< 's_start' inactive >>>>>>>
2026-03-02 10:48:22,357 : INFO : EventManager : Event: ======'request_to_start_game'====== Args={}
2026-03-02 10:48:22,358 : INFO : BallController : Known balls: 1
2026-03-02 10:48:22,358 : INFO : BallController : bd_trough contains 1 balls. Tags ['trough', 'home', 'drain']
2026-03-02 10:48:22,358 : INFO : BallController : bd_plunger contains 0 balls. Tags []
2026-03-02 10:48:22,358 : INFO : BallController : playfield contains 0 balls. Tags ['default']
2026-03-02 10:48:22,358 : WARNING : BallController : BallController denies game start. Not enough balls. 0 found. 6 required
2026-03-02 10:48:22,358 : INFO : BallController : Triggering ball search.
2026-03-02 10:48:22,533 : INFO : SwitchController : <<<<<<< 's_start' active >>>>>>>
2026-03-02 10:48:22,678 : INFO : SwitchController : <<<<<<< 's_start' inactive >>>>>>>
2026-03-02 10:48:22,678 : INFO : EventManager : Event: ======'request_to_start_game'====== Args={}
2026-03-02 10:48:22,678 : INFO : BallController : Known balls: 1
2026-03-02 10:48:22,679 : INFO : BallController : bd_trough contains 1 balls. Tags ['trough', 'home', 'drain']
2026-03-02 10:48:22,679 : INFO : BallController : bd_plunger contains 0 balls. Tags []
2026-03-02 10:48:22,679 : INFO : BallController : playfield contains 0 balls. Tags ['default']
2026-03-02 10:48:22,679 : WARNING : BallController : BallController denies game start. Not enough balls. 0 found. 6 required
2026-03-02 10:48:22,679 : INFO : BallController : Triggering ball search.
2026-03-02 10:48:22,790 : INFO : SwitchController : <<<<<<< 's_start' active >>>>>>>
2026-03-02 10:48:22,916 : INFO : SwitchController : <<<<<<< 's_start' inactive >>>>>>>
2026-03-02 10:48:22,916 : INFO : EventManager : Event: ======'request_to_start_game'====== Args={}
2026-03-02 10:48:22,916 : INFO : BallController : Known balls: 1
2026-03-02 10:48:22,916 : INFO : BallController : bd_trough contains 1 balls. Tags ['trough', 'home', 'drain']
2026-03-02 10:48:22,916 : INFO : BallController : bd_plunger contains 0 balls. Tags []
2026-03-02 10:48:22,916 : INFO : BallController : playfield contains 0 balls. Tags ['default']
2026-03-02 10:48:22,916 : WARNING : BallController : BallController denies game start. Not enough balls. 0 found. 6 required
2026-03-02 10:48:22,916 : INFO : BallController : Triggering ball search.
2026-03-02 10:48:25,852 : INFO : Timer.attract_carousel_timer : Timer Complete
2026-03-02 10:48:25,852 : INFO : Timer.attract_carousel_timer : Stopping Timer
2026-03-02 10:48:25,853 : INFO : EventManager : Event: ======'timer_attract_carousel_timer_stopped'====== Args={'ticks': 1, 'ticks_remaining': 1}
2026-03-02 10:48:25,853 : INFO : EventManager : Event: ======'timer_attract_carousel_timer_complete'====== Args={'ticks': 1, 'ticks_remaining': 1}
2026-03-02 10:48:25,853 : INFO : EventManager : Event: ======'carousel_item_highlighted'====== Args={'carousel': 'attract', 'direction': 'forwards', 'item': 'logo'}
2026-03-02 10:48:25,853 : INFO : Timer.attract_carousel_timer : Starting Timer.
2026-03-02 10:48:25,853 : INFO : EventManager : Event: ======'timer_attract_carousel_timer_started'====== Args={'ticks': 0, 'ticks_remaining': 1}
2026-03-02 10:48:25,854 : INFO : EventManager : Event: ======'timer_attract_carousel_timer_tick'====== Args={'ticks': 0, 'ticks_remaining': 1}
2026-03-02 10:48:26,104 : INFO : SwitchController : <<<<<<< 's_flipper_right_lower' active >>>>>>>
2026-03-02 10:48:26,104 : INFO : EventManager : Event: ======'s_flipper_right_lower_active'====== Args={}
2026-03-02 10:48:26,105 : INFO : EventManager : Event: ======'carousel_item_highlighted'====== Args={'carousel': 'attract', 'direction': 'forwards', 'item': 'title'}
2026-03-02 10:48:26,105 : INFO : EventManager : Event: ======'timer_attract_carousel_timer_tick'====== Args={'ticks': 0, 'ticks_remaining': 1}
2026-03-02 10:48:26,107 : INFO : SwitchController : <<<<<<< 's_flipper_right_upper' active >>>>>>>
2026-03-02 10:48:26,257 : INFO : SwitchController : <<<<<<< 's_flipper_right_upper' inactive >>>>>>>
2026-03-02 10:48:26,271 : INFO : SwitchController : <<<<<<< 's_flipper_right_lower' inactive >>>>>>>
2026-03-02 10:48:26,493 : INFO : SwitchController : <<<<<<< 's_flipper_right_lower' active >>>>>>>
2026-03-02 10:48:26,493 : INFO : EventManager : Event: ======'s_flipper_right_lower_active'====== Args={}
2026-03-02 10:48:26,493 : INFO : EventManager : Event: ======'carousel_item_highlighted'====== Args={'carousel': 'attract', 'direction': 'forwards', 'item': 'credits'}
2026-03-02 10:48:26,494 : INFO : EventManager : Event: ======'timer_attract_carousel_timer_tick'====== Args={'ticks': 0, 'ticks_remaining': 1}
2026-03-02 10:48:26,495 : INFO : SwitchController : <<<<<<< 's_flipper_right_upper' active >>>>>>>
2026-03-02 10:48:26,616 : INFO : SwitchController : <<<<<<< 's_flipper_right_upper' inactive >>>>>>>
2026-03-02 10:48:26,622 : INFO : SwitchController : <<<<<<< 's_flipper_right_lower' inactive >>>>>>>
2026-03-02 10:48:26,788 : INFO : SwitchController : <<<<<<< 's_flipper_right_lower' active >>>>>>>
2026-03-02 10:48:26,788 : INFO : EventManager : Event: ======'s_flipper_right_lower_active'====== Args={}
2026-03-02 10:48:26,788 : INFO : EventManager : Event: ======'carousel_item_highlighted'====== Args={'carousel': 'attract', 'direction': 'forwards', 'item': 'logo'}
2026-03-02 10:48:26,789 : INFO : EventManager : Event: ======'timer_attract_carousel_timer_tick'====== Args={'ticks': 0, 'ticks_remaining': 1}
2026-03-02 10:48:26,789 : INFO : SwitchController : <<<<<<< 's_flipper_right_upper' active >>>>>>>
2026-03-02 10:48:26,902 : INFO : SwitchController : <<<<<<< 's_flipper_right_upper' inactive >>>>>>>
2026-03-02 10:48:26,907 : INFO : SwitchController : <<<<<<< 's_flipper_right_lower' inactive >>>>>>>
2026-03-02 10:48:31,790 : INFO : Timer.attract_carousel_timer : Timer Complete
2026-03-02 10:48:31,790 : INFO : Timer.attract_carousel_timer : Stopping Timer
2026-03-02 10:48:31,790 : INFO : EventManager : Event: ======'timer_attract_carousel_timer_stopped'====== Args={'ticks': 1, 'ticks_remaining': 1}
2026-03-02 10:48:31,790 : INFO : EventManager : Event: ======'timer_attract_carousel_timer_complete'====== Args={'ticks': 1, 'ticks_remaining': 1}
2026-03-02 10:48:31,791 : INFO : EventManager : Event: ======'carousel_item_highlighted'====== Args={'carousel': 'attract', 'direction': 'forwards', 'item': 'title'}
2026-03-02 10:48:31,791 : INFO : Timer.attract_carousel_timer : Starting Timer.
2026-03-02 10:48:31,792 : INFO : EventManager : Event: ======'timer_attract_carousel_timer_started'====== Args={'ticks': 0, 'ticks_remaining': 1}
2026-03-02 10:48:31,792 : INFO : EventManager : Event: ======'timer_attract_carousel_timer_tick'====== Args={'ticks': 0, 'ticks_remaining': 1}
2026-03-02 10:48:36,792 : INFO : Timer.attract_carousel_timer : Timer Complete
2026-03-02 10:48:36,792 : INFO : Timer.attract_carousel_timer : Stopping Timer
2026-03-02 10:48:36,792 : INFO : EventManager : Event: ======'timer_attract_carousel_timer_stopped'====== Args={'ticks': 1, 'ticks_remaining': 1}
2026-03-02 10:48:36,792 : INFO : EventManager : Event: ======'timer_attract_carousel_timer_complete'====== Args={'ticks': 1, 'ticks_remaining': 1}
2026-03-02 10:48:36,792 : INFO : EventManager : Event: ======'carousel_item_highlighted'====== Args={'carousel': 'attract', 'direction': 'forwards', 'item': 'credits'}
2026-03-02 10:48:36,793 : INFO : Timer.attract_carousel_timer : Starting Timer.
2026-03-02 10:48:36,793 : INFO : EventManager : Event: ======'timer_attract_carousel_timer_started'====== Args={'ticks': 0, 'ticks_remaining': 1}
2026-03-02 10:48:36,793 : INFO : EventManager : Event: ======'timer_attract_carousel_timer_tick'====== Args={'ticks': 0, 'ticks_remaining': 1}
2026-03-02 10:48:41,794 : INFO : Timer.attract_carousel_timer : Timer Complete
2026-03-02 10:48:41,794 : INFO : Timer.attract_carousel_timer : Stopping Timer
2026-03-02 10:48:41,794 : INFO : EventManager : Event: ======'timer_attract_carousel_timer_stopped'====== Args={'ticks': 1, 'ticks_remaining': 1}
2026-03-02 10:48:41,794 : INFO : EventManager : Event: ======'timer_attract_carousel_timer_complete'====== Args={'ticks': 1, 'ticks_remaining': 1}
2026-03-02 10:48:41,794 : INFO : EventManager : Event: ======'carousel_item_highlighted'====== Args={'carousel': 'attract', 'direction': 'forwards', 'item': 'logo'}
2026-03-02 10:48:41,795 : INFO : Timer.attract_carousel_timer : Starting Timer.
2026-03-02 10:48:41,795 : INFO : EventManager : Event: ======'timer_attract_carousel_timer_started'====== Args={'ticks': 0, 'ticks_remaining': 1}
2026-03-02 10:48:41,795 : INFO : EventManager : Event: ======'timer_attract_carousel_timer_tick'====== Args={'ticks': 0, 'ticks_remaining': 1}
2026-03-02 10:48:46,796 : INFO : Timer.attract_carousel_timer : Timer Complete
2026-03-02 10:48:46,796 : INFO : Timer.attract_carousel_timer : Stopping Timer
2026-03-02 10:48:46,796 : INFO : EventManager : Event: ======'timer_attract_carousel_timer_stopped'====== Args={'ticks': 1, 'ticks_remaining': 1}
2026-03-02 10:48:46,796 : INFO : EventManager : Event: ======'timer_attract_carousel_timer_complete'====== Args={'ticks': 1, 'ticks_remaining': 1}
2026-03-02 10:48:46,797 : INFO : EventManager : Event: ======'carousel_item_highlighted'====== Args={'carousel': 'attract', 'direction': 'forwards', 'item': 'title'}
2026-03-02 10:48:46,797 : INFO : Timer.attract_carousel_timer : Starting Timer.
2026-03-02 10:48:46,797 : INFO : EventManager : Event: ======'timer_attract_carousel_timer_started'====== Args={'ticks': 0, 'ticks_remaining': 1}
2026-03-02 10:48:46,797 : INFO : EventManager : Event: ======'timer_attract_carousel_timer_tick'====== Args={'ticks': 0, 'ticks_remaining': 1}
2026-03-02 10:48:51,798 : INFO : Timer.attract_carousel_timer : Timer Complete
2026-03-02 10:48:51,798 : INFO : Timer.attract_carousel_timer : Stopping Timer
2026-03-02 10:48:51,798 : INFO : EventManager : Event: ======'timer_attract_carousel_timer_stopped'====== Args={'ticks': 1, 'ticks_remaining': 1}
2026-03-02 10:48:51,798 : INFO : EventManager : Event: ======'timer_attract_carousel_timer_complete'====== Args={'ticks': 1, 'ticks_remaining': 1}
2026-03-02 10:48:51,799 : INFO : EventManager : Event: ======'carousel_item_highlighted'====== Args={'carousel': 'attract', 'direction': 'forwards', 'item': 'credits'}
2026-03-02 10:48:51,799 : INFO : Timer.attract_carousel_timer : Starting Timer.
2026-03-02 10:48:51,799 : INFO : EventManager : Event: ======'timer_attract_carousel_timer_started'====== Args={'ticks': 0, 'ticks_remaining': 1}
2026-03-02 10:48:51,799 : INFO : EventManager : Event: ======'timer_attract_carousel_timer_tick'====== Args={'ticks': 0, 'ticks_remaining': 1}
2026-03-02 10:48:56,799 : INFO : Timer.attract_carousel_timer : Timer Complete
2026-03-02 10:48:56,800 : INFO : Timer.attract_carousel_timer : Stopping Timer
2026-03-02 10:48:56,800 : INFO : EventManager : Event: ======'timer_attract_carousel_timer_stopped'====== Args={'ticks': 1, 'ticks_remaining': 1}
2026-03-02 10:48:56,800 : INFO : EventManager : Event: ======'timer_attract_carousel_timer_complete'====== Args={'ticks': 1, 'ticks_remaining': 1}
2026-03-02 10:48:56,800 : INFO : EventManager : Event: ======'carousel_item_highlighted'====== Args={'carousel': 'attract', 'direction': 'forwards', 'item': 'logo'}
2026-03-02 10:48:56,801 : INFO : Timer.attract_carousel_timer : Starting Timer.
2026-03-02 10:48:56,801 : INFO : EventManager : Event: ======'timer_attract_carousel_timer_started'====== Args={'ticks': 0, 'ticks_remaining': 1}
2026-03-02 10:48:56,801 : INFO : EventManager : Event: ======'timer_attract_carousel_timer_tick'====== Args={'ticks': 0, 'ticks_remaining': 1}
2026-03-02 10:49:01,801 : INFO : Timer.attract_carousel_timer : Timer Complete
2026-03-02 10:49:01,801 : INFO : Timer.attract_carousel_timer : Stopping Timer
2026-03-02 10:49:01,802 : INFO : EventManager : Event: ======'timer_attract_carousel_timer_stopped'====== Args={'ticks': 1, 'ticks_remaining': 1}
2026-03-02 10:49:01,802 : INFO : EventManager : Event: ======'timer_attract_carousel_timer_complete'====== Args={'ticks': 1, 'ticks_remaining': 1}
2026-03-02 10:49:01,802 : INFO : EventManager : Event: ======'carousel_item_highlighted'====== Args={'carousel': 'attract', 'direction': 'forwards', 'item': 'title'}
2026-03-02 10:49:01,802 : INFO : Timer.attract_carousel_timer : Starting Timer.
2026-03-02 10:49:01,803 : INFO : EventManager : Event: ======'timer_attract_carousel_timer_started'====== Args={'ticks': 0, 'ticks_remaining': 1}
2026-03-02 10:49:01,803 : INFO : EventManager : Event: ======'timer_attract_carousel_timer_tick'====== Args={'ticks': 0, 'ticks_remaining': 1}
2026-03-02 10:49:06,803 : INFO : Timer.attract_carousel_timer : Timer Complete
2026-03-02 10:49:06,803 : INFO : Timer.attract_carousel_timer : Stopping Timer
2026-03-02 10:49:06,803 : INFO : EventManager : Event: ======'timer_attract_carousel_timer_stopped'====== Args={'ticks': 1, 'ticks_remaining': 1}
2026-03-02 10:49:06,803 : INFO : EventManager : Event: ======'timer_attract_carousel_timer_complete'====== Args={'ticks': 1, 'ticks_remaining': 1}
2026-03-02 10:49:06,803 : INFO : EventManager : Event: ======'carousel_item_highlighted'====== Args={'carousel': 'attract', 'direction': 'forwards', 'item': 'credits'}
2026-03-02 10:49:06,804 : INFO : Timer.attract_carousel_timer : Starting Timer.
2026-03-02 10:49:06,804 : INFO : EventManager : Event: ======'timer_attract_carousel_timer_started'====== Args={'ticks': 0, 'ticks_remaining': 1}
2026-03-02 10:49:06,804 : INFO : EventManager : Event: ======'timer_attract_carousel_timer_tick'====== Args={'ticks': 0, 'ticks_remaining': 1}
2026-03-02 10:49:08,761 : INFO : SwitchController : <<<<<<< 's_flipper_right_lower' active >>>>>>>
2026-03-02 10:49:08,761 : INFO : EventManager : Event: ======'s_flipper_right_lower_active'====== Args={}
2026-03-02 10:49:08,761 : INFO : EventManager : Event: ======'carousel_item_highlighted'====== Args={'carousel': 'attract', 'direction': 'forwards', 'item': 'logo'}
2026-03-02 10:49:08,762 : INFO : EventManager : Event: ======'timer_attract_carousel_timer_tick'====== Args={'ticks': 0, 'ticks_remaining': 1}
2026-03-02 10:49:08,771 : INFO : SwitchController : <<<<<<< 's_flipper_right_upper' active >>>>>>>
2026-03-02 10:49:08,975 : INFO : SwitchController : <<<<<<< 's_flipper_right_upper' inactive >>>>>>>
2026-03-02 10:49:08,989 : INFO : SwitchController : <<<<<<< 's_flipper_right_lower' inactive >>>>>>>
2026-03-02 10:49:09,353 : INFO : SwitchController : <<<<<<< 's_flipper_right_lower' active >>>>>>>
2026-03-02 10:49:09,353 : INFO : EventManager : Event: ======'s_flipper_right_lower_active'====== Args={}
2026-03-02 10:49:09,354 : INFO : EventManager : Event: ======'carousel_item_highlighted'====== Args={'carousel': 'attract', 'direction': 'forwards', 'item': 'title'}
2026-03-02 10:49:09,354 : INFO : EventManager : Event: ======'timer_attract_carousel_timer_tick'====== Args={'ticks': 0, 'ticks_remaining': 1}
2026-03-02 10:49:09,367 : INFO : SwitchController : <<<<<<< 's_flipper_right_upper' active >>>>>>>
2026-03-02 10:49:09,792 : INFO : SwitchController : <<<<<<< 's_flipper_right_upper' inactive >>>>>>>
2026-03-02 10:49:09,799 : INFO : SwitchController : <<<<<<< 's_flipper_right_lower' inactive >>>>>>>
2026-03-02 10:49:10,321 : INFO : SwitchController : <<<<<<< 's_flipper_right_lower' active >>>>>>>
2026-03-02 10:49:10,321 : INFO : EventManager : Event: ======'s_flipper_right_lower_active'====== Args={}
2026-03-02 10:49:10,321 : INFO : EventManager : Event: ======'carousel_item_highlighted'====== Args={'carousel': 'attract', 'direction': 'forwards', 'item': 'credits'}
2026-03-02 10:49:10,322 : INFO : EventManager : Event: ======'timer_attract_carousel_timer_tick'====== Args={'ticks': 0, 'ticks_remaining': 1}
2026-03-02 10:49:10,344 : INFO : SwitchController : <<<<<<< 's_flipper_right_upper' active >>>>>>>
2026-03-02 10:49:10,580 : INFO : SwitchController : <<<<<<< 's_flipper_right_upper' inactive >>>>>>>
2026-03-02 10:49:10,587 : INFO : SwitchController : <<<<<<< 's_flipper_right_lower' inactive >>>>>>>
2026-03-02 10:49:10,860 : INFO : SwitchController : <<<<<<< 's_flipper_right_lower' active >>>>>>>
2026-03-02 10:49:10,860 : INFO : EventManager : Event: ======'s_flipper_right_lower_active'====== Args={}
2026-03-02 10:49:10,860 : INFO : EventManager : Event: ======'carousel_item_highlighted'====== Args={'carousel': 'attract', 'direction': 'forwards', 'item': 'logo'}
2026-03-02 10:49:10,861 : INFO : EventManager : Event: ======'timer_attract_carousel_timer_tick'====== Args={'ticks': 0, 'ticks_remaining': 1}
2026-03-02 10:49:10,874 : INFO : SwitchController : <<<<<<< 's_flipper_right_upper' active >>>>>>>
2026-03-02 10:49:11,047 : INFO : SwitchController : <<<<<<< 's_flipper_right_upper' inactive >>>>>>>
2026-03-02 10:49:11,061 : INFO : SwitchController : <<<<<<< 's_flipper_right_lower' inactive >>>>>>>
2026-03-02 10:49:11,255 : INFO : SwitchController : <<<<<<< 's_flipper_right_lower' active >>>>>>>
2026-03-02 10:49:11,255 : INFO : EventManager : Event: ======'s_flipper_right_lower_active'====== Args={}
2026-03-02 10:49:11,256 : INFO : EventManager : Event: ======'carousel_item_highlighted'====== Args={'carousel': 'attract', 'direction': 'forwards', 'item': 'title'}
2026-03-02 10:49:11,256 : INFO : EventManager : Event: ======'timer_attract_carousel_timer_tick'====== Args={'ticks': 0, 'ticks_remaining': 1}
2026-03-02 10:49:11,269 : INFO : SwitchController : <<<<<<< 's_flipper_right_upper' active >>>>>>>
2026-03-02 10:49:11,490 : INFO : SwitchController : <<<<<<< 's_flipper_right_upper' inactive >>>>>>>
2026-03-02 10:49:11,504 : INFO : SwitchController : <<<<<<< 's_flipper_right_lower' inactive >>>>>>>
2026-03-02 10:49:11,976 : INFO : SwitchController : <<<<<<< 's_flipper_right_lower' active >>>>>>>
2026-03-02 10:49:11,976 : INFO : EventManager : Event: ======'s_flipper_right_lower_active'====== Args={}
2026-03-02 10:49:11,977 : INFO : EventManager : Event: ======'carousel_item_highlighted'====== Args={'carousel': 'attract', 'direction': 'forwards', 'item': 'credits'}
2026-03-02 10:49:11,977 : INFO : EventManager : Event: ======'timer_attract_carousel_timer_tick'====== Args={'ticks': 0, 'ticks_remaining': 1}
2026-03-02 10:49:11,991 : INFO : SwitchController : <<<<<<< 's_flipper_right_upper' active >>>>>>>
2026-03-02 10:49:12,280 : INFO : SwitchController : <<<<<<< 's_flipper_right_upper' inactive >>>>>>>
2026-03-02 10:49:12,297 : INFO : SwitchController : <<<<<<< 's_flipper_right_lower' inactive >>>>>>>
2026-03-02 10:49:12,725 : INFO : SwitchController : <<<<<<< 's_flipper_right_lower' active >>>>>>>
2026-03-02 10:49:12,725 : INFO : EventManager : Event: ======'s_flipper_right_lower_active'====== Args={}
2026-03-02 10:49:12,725 : INFO : EventManager : Event: ======'carousel_item_highlighted'====== Args={'carousel': 'attract', 'direction': 'forwards', 'item': 'logo'}
2026-03-02 10:49:12,725 : INFO : EventManager : Event: ======'timer_attract_carousel_timer_tick'====== Args={'ticks': 0, 'ticks_remaining': 1}
2026-03-02 10:49:12,738 : INFO : SwitchController : <<<<<<< 's_flipper_right_upper' active >>>>>>>
2026-03-02 10:49:13,654 : INFO : SwitchController : <<<<<<< 's_flipper_right_upper' inactive >>>>>>>
2026-03-02 10:49:13,670 : INFO : SwitchController : <<<<<<< 's_flipper_right_lower' inactive >>>>>>>
2026-03-02 10:49:13,953 : INFO : SwitchController : <<<<<<< 's_flipper_right_lower' active >>>>>>>
2026-03-02 10:49:13,953 : INFO : EventManager : Event: ======'s_flipper_right_lower_active'====== Args={}
2026-03-02 10:49:13,954 : INFO : EventManager : Event: ======'carousel_item_highlighted'====== Args={'carousel': 'attract', 'direction': 'forwards', 'item': 'title'}
2026-03-02 10:49:13,954 : INFO : EventManager : Event: ======'timer_attract_carousel_timer_tick'====== Args={'ticks': 0, 'ticks_remaining': 1}
2026-03-02 10:49:13,961 : INFO : SwitchController : <<<<<<< 's_flipper_right_upper' active >>>>>>>
2026-03-02 10:49:14,194 : INFO : SwitchController : <<<<<<< 's_flipper_right_upper' inactive >>>>>>>
2026-03-02 10:49:14,204 : INFO : SwitchController : <<<<<<< 's_flipper_right_lower' inactive >>>>>>>
2026-03-02 10:49:14,419 : INFO : SwitchController : <<<<<<< 's_flipper_right_lower' active >>>>>>>
2026-03-02 10:49:14,420 : INFO : EventManager : Event: ======'s_flipper_right_lower_active'====== Args={}
2026-03-02 10:49:14,420 : INFO : EventManager : Event: ======'carousel_item_highlighted'====== Args={'carousel': 'attract', 'direction': 'forwards', 'item': 'credits'}
2026-03-02 10:49:14,420 : INFO : EventManager : Event: ======'timer_attract_carousel_timer_tick'====== Args={'ticks': 0, 'ticks_remaining': 1}
2026-03-02 10:49:14,429 : INFO : SwitchController : <<<<<<< 's_flipper_right_upper' active >>>>>>>
2026-03-02 10:49:14,648 : INFO : SwitchController : <<<<<<< 's_flipper_right_upper' inactive >>>>>>>
2026-03-02 10:49:14,657 : INFO : SwitchController : <<<<<<< 's_flipper_right_lower' inactive >>>>>>>
2026-03-02 10:49:19,421 : INFO : Timer.attract_carousel_timer : Timer Complete
2026-03-02 10:49:19,421 : INFO : Timer.attract_carousel_timer : Stopping Timer
2026-03-02 10:49:19,421 : INFO : EventManager : Event: ======'timer_attract_carousel_timer_stopped'====== Args={'ticks': 1, 'ticks_remaining': 1}
2026-03-02 10:49:19,421 : INFO : EventManager : Event: ======'timer_attract_carousel_timer_complete'====== Args={'ticks': 1, 'ticks_remaining': 1}
2026-03-02 10:49:19,421 : INFO : EventManager : Event: ======'carousel_item_highlighted'====== Args={'carousel': 'attract', 'direction': 'forwards', 'item': 'logo'}
2026-03-02 10:49:19,422 : INFO : Timer.attract_carousel_timer : Starting Timer.
2026-03-02 10:49:19,422 : INFO : EventManager : Event: ======'timer_attract_carousel_timer_started'====== Args={'ticks': 0, 'ticks_remaining': 1}
2026-03-02 10:49:19,422 : INFO : EventManager : Event: ======'timer_attract_carousel_timer_tick'====== Args={'ticks': 0, 'ticks_remaining': 1}
2026-03-02 10:49:24,423 : INFO : Timer.attract_carousel_timer : Timer Complete
2026-03-02 10:49:24,423 : INFO : Timer.attract_carousel_timer : Stopping Timer
2026-03-02 10:49:24,423 : INFO : EventManager : Event: ======'timer_attract_carousel_timer_stopped'====== Args={'ticks': 1, 'ticks_remaining': 1}
2026-03-02 10:49:24,423 : INFO : EventManager : Event: ======'timer_attract_carousel_timer_complete'====== Args={'ticks': 1, 'ticks_remaining': 1}
2026-03-02 10:49:24,424 : INFO : EventManager : Event: ======'carousel_item_highlighted'====== Args={'carousel': 'attract', 'direction': 'forwards', 'item': 'title'}
2026-03-02 10:49:24,424 : INFO : Timer.attract_carousel_timer : Starting Timer.
2026-03-02 10:49:24,424 : INFO : EventManager : Event: ======'timer_attract_carousel_timer_started'====== Args={'ticks': 0, 'ticks_remaining': 1}
2026-03-02 10:49:24,424 : INFO : EventManager : Event: ======'timer_attract_carousel_timer_tick'====== Args={'ticks': 0, 'ticks_remaining': 1}
2026-03-02 10:49:27,668 : INFO : Machine : Shutting down...
2026-03-02 10:49:27,669 : INFO : EventManager : Event: ======'shutdown'====== Args={}
2026-03-02 10:49:27,777 : INFO : root : MPF run loop ended.
