2026-02-28 21:39:40,705 : INFO : root : Loading config.
2026-02-28 21:39:41,051 : INFO : ConfigProcessor : Config spec file cache created: /var/folders/1s/015t8n3n70gcr2ch4xflj4yr0000gn/T/config_spec.mpf_cache
2026-02-28 21:39:41,052 : INFO : YamlMultifileConfigLoader : Machine config file #1: config.yaml
2026-02-28 21:39:41,052 : WARNING : ConfigProcessor : Config file in cache changed: /Users/pinball/NapoleonDynamite/config/config.yaml
2026-02-28 21:39:41,052 : INFO : ConfigProcessor : Loading config from file /Users/pinball/mpf/lib/python3.14/site-packages/mpf/mpfconfig.yaml.
2026-02-28 21:39:41,163 : INFO : ConfigProcessor : Loading config: /Users/pinball/mpf/lib/python3.14/site-packages/mpf/mpfconfig.yaml
2026-02-28 21:39:41,163 : INFO : ConfigProcessor : Loading config from file /Users/pinball/NapoleonDynamite/config/config.yaml.
2026-02-28 21:39:41,173 : INFO : ConfigProcessor : Loading config: /Users/pinball/NapoleonDynamite/config/config.yaml
2026-02-28 21:39:41,176 : INFO : ConfigProcessor : Loading config: /Users/pinball/NapoleonDynamite/config/config_ball_devices.yaml
2026-02-28 21:39:41,183 : INFO : ConfigProcessor : Loading config: /Users/pinball/NapoleonDynamite/config/config_coils.yaml
2026-02-28 21:39:41,195 : INFO : ConfigProcessor : Loading config: /Users/pinball/NapoleonDynamite/config/config_switches.yaml
2026-02-28 21:39:41,196 : INFO : ConfigProcessor : Config file cache created: /var/folders/1s/015t8n3n70gcr2ch4xflj4yr0000gn/T/954ddabc670342668a09b03520c7eb79.mpf_cache
2026-02-28 21:39:41,256 : INFO : ConfigProcessor : Loading config from cache: /var/folders/1s/015t8n3n70gcr2ch4xflj4yr0000gn/T/64218df07edc412f774c53ffb33c812d.mpf_cache
2026-02-28 21:39:41,256 : INFO : ConfigProcessor : Loading config from cache: /var/folders/1s/015t8n3n70gcr2ch4xflj4yr0000gn/T/767518d75df2d86a4d35c1fb94c70abd.mpf_cache
2026-02-28 21:39:41,257 : INFO : ConfigProcessor : Loading config from cache: /var/folders/1s/015t8n3n70gcr2ch4xflj4yr0000gn/T/64218df07edc412f774c53ffb33c812d.mpf_cache
2026-02-28 21:39:41,257 : INFO : ConfigProcessor : Loading config from cache: /var/folders/1s/015t8n3n70gcr2ch4xflj4yr0000gn/T/73548cb541cc3751ae5711fe0817282a.mpf_cache
2026-02-28 21:39:41,258 : INFO : ConfigProcessor : Loading config from cache: /var/folders/1s/015t8n3n70gcr2ch4xflj4yr0000gn/T/57f006170cd447d443f971cd8b826597.mpf_cache
2026-02-28 21:39:41,258 : INFO : ConfigProcessor : Loading config from cache: /var/folders/1s/015t8n3n70gcr2ch4xflj4yr0000gn/T/adb0ea3e4ccf2dafa758999a39c1d676.mpf_cache
2026-02-28 21:39:41,258 : INFO : Machine : Mission Pinball Framework Core Engine v0.80.0.dev13
2026-02-28 21:39:41,259 : INFO : Machine : Command line arguments: {'no_load_cache': False, 'create_config_cache': True, 'bcp': True, 'configfile': ['config.yaml'], 'force_assets_load': False, 'platform_integration_test': False, 'jsonlogging': False, 'logfile': 'logs/2026-02-28-21-39-40-mpf-ANDREs-Mac-mini.local.log', 'pause': False, 'production': False, 'text_ui': False, 'loglevel': 15, 'consoleloglevel': 20, 'force_platform': 'virtual', 'syslog_address': None, 'full_logfile_path': '/Users/pinball/NapoleonDynamite/logs/2026-02-28-21-39-40-mpf-ANDREs-Mac-mini.local.log'}
2026-02-28 21:39:41,259 : INFO : Machine : MPF path: /Users/pinball/mpf/lib/python3.14/site-packages/mpf
2026-02-28 21:39:41,259 : INFO : Machine : Machine path: /Users/pinball/NapoleonDynamite
2026-02-28 21:39:41,259 : INFO : Machine : Platform: darwin
2026-02-28 21:39:41,259 : INFO : Machine : Python executable location: /Users/pinball/mpf/bin/python3.14
2026-02-28 21:39:41,259 : INFO : Machine : Python version: 3.14.3 (64-bit)
2026-02-28 21:39:41,261 : INFO : Machine : Initializing MPF...
2026-02-28 21:39:41,324 : INFO : EventManager : Event: ======'machine_var_credits_string'====== Args={'value': 'FREE PLAY', 'prev_value': None, 'change': True}
2026-02-28 21:39:41,338 : INFO : EventManager : Event: ======'machine_var_master_volume'====== Args={'value': 0.5, 'prev_value': None, 'change': True}
2026-02-28 21:39:41,338 : INFO : EventManager : Event: ======'machine_var_mpf_version'====== Args={'value': 'Mission Pinball Framework v0.80.0.dev13', 'prev_value': None, 'change': True}
2026-02-28 21:39:41,338 : INFO : EventManager : Event: ======'machine_var_mpf_extended_version'====== Args={'value': 'Mission Pinball Framework v0.80.0.dev13, Config version:6, Show version: 6, BCP version:1.1', 'prev_value': None, 'change': True}
2026-02-28 21:39:41,346 : INFO : EventManager : Event: ======'machine_var_python_version'====== Args={'value': '3.14.3', 'prev_value': None, 'change': True}
2026-02-28 21:39:41,365 : INFO : EventManager : Event: ======'machine_var_platform'====== Args={'value': 'macOS-14.8.4-x86_64-i386-64bit-Mach-O', 'prev_value': None, 'change': True}
2026-02-28 21:39:41,366 : INFO : EventManager : Event: ======'machine_var_platform_system'====== Args={'value': 'Darwin', 'prev_value': None, 'change': True}
2026-02-28 21:39:41,366 : INFO : EventManager : Event: ======'machine_var_platform_release'====== Args={'value': '23.6.0', 'prev_value': None, 'change': True}
2026-02-28 21:39:41,366 : INFO : EventManager : Event: ======'machine_var_platform_version'====== Args={'value': 'Darwin Kernel Version 23.6.0: Mon Jan 19 22:02:22 PST 2026; root:xnu-10063.141.1.710.3~1/RELEASE_X86_64', 'prev_value': None, 'change': True}
2026-02-28 21:39:41,366 : INFO : EventManager : Event: ======'machine_var_platform_machine'====== Args={'value': 'x86_64', 'prev_value': None, 'change': True}
2026-02-28 21:39:41,366 : INFO : EventManager : Event: ======'machine_var_log_file_path'====== Args={'value': '/Users/pinball/NapoleonDynamite/logs/2026-02-28-21-39-40-mpf-ANDREs-Mac-mini.local.log', 'prev_value': None, 'change': True}
2026-02-28 21:39:41,366 : INFO : EventManager : Event: ======'init_phase_1'====== Args={}
2026-02-28 21:39:41,395 : INFO : EventManager : Event: ======'init_phase_2'====== Args={}
2026-02-28 21:39:41,400 : INFO : EventManager : Event: ======'bcp_connection_attempt'====== Args={'name': 'local_display', 'host': 'localhost', 'port': 5050}
2026-02-28 21:39:41,401 : INFO : BCPClientSocket : Connecting BCP to 'local_display' at localhost:5050...
2026-02-28 21:39:41,410 : INFO : BCPClientSocket : Connected BCP to 'local_display' localhost:5050
2026-02-28 21:39:41,410 : INFO : EventManager : Event: ======'bcp_clients_connected'====== Args={}
2026-02-28 21:39:41,411 : INFO : ball_device.bd_trough : BCH: Initial count: 0
2026-02-28 21:39:41,412 : INFO : ball_device.bd_trough : State: idle
2026-02-28 21:39:41,413 : INFO : ball_device.bd_plunger : BCH: Initial count: 0
2026-02-28 21:39:41,414 : INFO : ball_device.bd_plunger : State: idle
2026-02-28 21:39:41,438 : INFO : EventManager : Event: ======'init_phase_3'====== Args={}
2026-02-28 21:39:41,441 : INFO : EventManager : Event: ======'init_phase_4'====== Args={}
2026-02-28 21:39:41,441 : INFO : BallController : Initial balls found: 0
2026-02-28 21:39:41,443 : INFO : EventManager : Event: ======'machine_var_audits_events_game_ended'====== Args={'value': 0, 'prev_value': None, 'change': True}
2026-02-28 21:39:41,443 : INFO : EventManager : Event: ======'machine_var_audits_events_game_started'====== Args={'value': 9, 'prev_value': None, 'change': True}
2026-02-28 21:39:41,444 : INFO : EventManager : Event: ======'machine_var_audits_missing_switches_s_bumper_upper'====== Args={'value': 1, 'prev_value': None, 'change': True}
2026-02-28 21:39:41,444 : INFO : EventManager : Event: ======'machine_var_audits_missing_switches_s_flipper_left'====== Args={'value': 9, 'prev_value': None, 'change': True}
2026-02-28 21:39:41,444 : INFO : EventManager : Event: ======'machine_var_audits_missing_switches_s_flipper_right_lower'====== Args={'value': 9, 'prev_value': None, 'change': True}
2026-02-28 21:39:41,444 : INFO : EventManager : Event: ======'machine_var_audits_missing_switches_s_flipper_right_upper'====== Args={'value': 9, 'prev_value': None, 'change': True}
2026-02-28 21:39:41,444 : INFO : EventManager : Event: ======'machine_var_audits_missing_switches_s_inlane_right_1'====== Args={'value': 8, 'prev_value': None, 'change': True}
2026-02-28 21:39:41,444 : INFO : EventManager : Event: ======'machine_var_audits_missing_switches_s_plunger_lane'====== Args={'value': 9, 'prev_value': None, 'change': True}
2026-02-28 21:39:41,444 : INFO : EventManager : Event: ======'machine_var_audits_missing_switches_s_sling_left'====== Args={'value': 9, 'prev_value': None, 'change': True}
2026-02-28 21:39:41,444 : INFO : EventManager : Event: ======'machine_var_audits_missing_switches_s_sling_right'====== Args={'value': 9, 'prev_value': None, 'change': True}
2026-02-28 21:39:41,444 : INFO : EventManager : Event: ======'machine_var_audits_missing_switches_s_start'====== Args={'value': 6, 'prev_value': None, 'change': True}
2026-02-28 21:39:41,444 : INFO : EventManager : Event: ======'machine_var_audits_missing_switches_s_trough_1'====== Args={'value': 9, 'prev_value': None, 'change': True}
2026-02-28 21:39:41,444 : INFO : EventManager : Event: ======'machine_var_audits_missing_switches_s_trough_2'====== Args={'value': 9, 'prev_value': None, 'change': True}
2026-02-28 21:39:41,444 : INFO : EventManager : Event: ======'machine_var_audits_missing_switches_s_trough_3'====== Args={'value': 9, 'prev_value': None, 'change': True}
2026-02-28 21:39:41,444 : INFO : EventManager : Event: ======'machine_var_audits_missing_switches_s_trough_4'====== Args={'value': 9, 'prev_value': None, 'change': True}
2026-02-28 21:39:41,444 : INFO : EventManager : Event: ======'machine_var_audits_missing_switches_s_trough_5'====== Args={'value': 9, 'prev_value': None, 'change': True}
2026-02-28 21:39:41,444 : INFO : EventManager : Event: ======'machine_var_audits_missing_switches_s_trough_6'====== Args={'value': 9, 'prev_value': None, 'change': True}
2026-02-28 21:39:41,444 : INFO : EventManager : Event: ======'machine_var_audits_missing_switches_s_trough_7'====== Args={'value': 9, 'prev_value': None, 'change': True}
2026-02-28 21:39:41,444 : INFO : EventManager : Event: ======'machine_var_audits_player_score'====== Args={'value': {'average': 0, 'top': [], 'total': 0}, 'prev_value': None, 'change': True}
2026-02-28 21:39:41,445 : INFO : EventManager : Event: ======'machine_var_audits_shots_bumper_lower'====== Args={'value': 76, 'prev_value': None, 'change': True}
2026-02-28 21:39:41,445 : INFO : EventManager : Event: ======'machine_var_audits_shots_bumper_upper'====== Args={'value': 81, 'prev_value': None, 'change': True}
2026-02-28 21:39:41,445 : INFO : EventManager : Event: ======'machine_var_audits_shots_hurryup'====== Args={'value': 3, 'prev_value': None, 'change': True}
2026-02-28 21:39:41,445 : INFO : EventManager : Event: ======'machine_var_audits_shots_inlane_left'====== Args={'value': 17, 'prev_value': None, 'change': True}
2026-02-28 21:39:41,445 : INFO : EventManager : Event: ======'machine_var_audits_shots_left_lane'====== Args={'value': 8, 'prev_value': None, 'change': True}
2026-02-28 21:39:41,445 : INFO : EventManager : Event: ======'machine_var_audits_switches_s_bumper_lower'====== Args={'value': 76, 'prev_value': None, 'change': True}
2026-02-28 21:39:41,445 : INFO : EventManager : Event: ======'machine_var_audits_switches_s_bumper_upper'====== Args={'value': 81, 'prev_value': None, 'change': True}
2026-02-28 21:39:41,445 : INFO : EventManager : Event: ======'machine_var_audits_switches_s_flipper_left'====== Args={'value': 0, 'prev_value': None, 'change': True}
2026-02-28 21:39:41,445 : INFO : EventManager : Event: ======'machine_var_audits_switches_s_flipper_right_lower'====== Args={'value': 0, 'prev_value': None, 'change': True}
2026-02-28 21:39:41,445 : INFO : EventManager : Event: ======'machine_var_audits_switches_s_flipper_right_upper'====== Args={'value': 0, 'prev_value': None, 'change': True}
2026-02-28 21:39:41,445 : INFO : EventManager : Event: ======'machine_var_audits_switches_s_inlane_left'====== Args={'value': 27, 'prev_value': None, 'change': True}
2026-02-28 21:39:41,445 : INFO : EventManager : Event: ======'machine_var_audits_switches_s_inlane_right_1'====== Args={'value': 2, 'prev_value': None, 'change': True}
2026-02-28 21:39:41,445 : INFO : EventManager : Event: ======'machine_var_audits_switches_s_inlane_right_2'====== Args={'value': 3, 'prev_value': None, 'change': True}
2026-02-28 21:39:41,445 : INFO : EventManager : Event: ======'machine_var_audits_switches_s_plunger_lane'====== Args={'value': 0, 'prev_value': None, 'change': True}
2026-02-28 21:39:41,445 : INFO : EventManager : Event: ======'machine_var_audits_switches_s_sling_left'====== Args={'value': 0, 'prev_value': None, 'change': True}
2026-02-28 21:39:41,445 : INFO : EventManager : Event: ======'machine_var_audits_switches_s_sling_right'====== Args={'value': 0, 'prev_value': None, 'change': True}
2026-02-28 21:39:41,445 : INFO : EventManager : Event: ======'machine_var_audits_switches_s_start'====== Args={'value': 3, 'prev_value': None, 'change': True}
2026-02-28 21:39:41,446 : INFO : EventManager : Event: ======'machine_var_audits_switches_s_trough_1'====== Args={'value': 0, 'prev_value': None, 'change': True}
2026-02-28 21:39:41,446 : INFO : EventManager : Event: ======'machine_var_audits_switches_s_trough_2'====== Args={'value': 0, 'prev_value': None, 'change': True}
2026-02-28 21:39:41,446 : INFO : EventManager : Event: ======'machine_var_audits_switches_s_trough_3'====== Args={'value': 0, 'prev_value': None, 'change': True}
2026-02-28 21:39:41,446 : INFO : EventManager : Event: ======'machine_var_audits_switches_s_trough_4'====== Args={'value': 0, 'prev_value': None, 'change': True}
2026-02-28 21:39:41,446 : INFO : EventManager : Event: ======'machine_var_audits_switches_s_trough_5'====== Args={'value': 0, 'prev_value': None, 'change': True}
2026-02-28 21:39:41,446 : INFO : EventManager : Event: ======'machine_var_audits_switches_s_trough_6'====== Args={'value': 0, 'prev_value': None, 'change': True}
2026-02-28 21:39:41,446 : INFO : EventManager : Event: ======'machine_var_audits_switches_s_trough_7'====== Args={'value': 0, 'prev_value': None, 'change': True}
2026-02-28 21:39:41,446 : INFO : EventManager : Event: ======'machine_var_audits_switches_s_flipper_right_upper_eos'====== Args={'value': 0, 'prev_value': None, 'change': True}
2026-02-28 21:39:41,446 : INFO : EventManager : Event: ======'machine_var_audits_switches_s_scoop_tina'====== Args={'value': 0, 'prev_value': None, 'change': True}
2026-02-28 21:39:41,446 : INFO : EventManager : Event: ======'machine_var_audits_switches_s_flipper_right_lower_eos'====== Args={'value': 0, 'prev_value': None, 'change': True}
2026-02-28 21:39:41,446 : INFO : EventManager : Event: ======'machine_var_audits_switches_s_flipper_left_eos'====== Args={'value': 0, 'prev_value': None, 'change': True}
2026-02-28 21:39:41,447 : INFO : EventManager : Event: ======'init_phase_5'====== Args={}
2026-02-28 21:39:41,449 : INFO : EventManager : Event: ======'init_done'====== Args={}
2026-02-28 21:39:41,450 : INFO : EventManager : Event: ======'machine_reset_phase_1'====== Args={}
2026-02-28 21:39:41,494 : INFO : EventManager : Event: ======'machine_reset_phase_2'====== Args={}
2026-02-28 21:39:41,495 : INFO : EventManager : Event: ======'machine_reset_phase_3'====== Args={}
2026-02-28 21:39:41,495 : INFO : EventManager : Event: ======'reset_complete'====== Args={}
2026-02-28 21:39:41,495 : INFO : EventManager : Event: ======'mode_attract_will_start'====== Args={}
2026-02-28 21:39:41,496 : INFO : Timer.attract_carousel_timer : Starting Timer.
2026-02-28 21:39:41,496 : INFO : EventManager : Event: ======'timer_attract_carousel_timer_started'====== Args={'ticks': 0, 'ticks_remaining': 1}
2026-02-28 21:39:41,496 : INFO : EventManager : Event: ======'timer_attract_carousel_timer_tick'====== Args={'ticks': 0, 'ticks_remaining': 1}
2026-02-28 21:39:41,497 : INFO : EventManager : Event: ======'mode_attract_starting'====== Args={}
2026-02-28 21:39:41,497 : INFO : Mode.attract : Started. Priority: 10
2026-02-28 21:39:41,497 : INFO : EventManager : Event: ======'modes_active_modes_changed'====== Args={}
2026-02-28 21:39:41,497 : INFO : EventManager : Event: ======'mode_attract_started'====== Args={}
2026-02-28 21:39:41,498 : INFO : EventManager : Event: ======'collecting_balls_complete'====== Args={}
2026-02-28 21:39:41,498 : INFO : EventManager : Event: ======'carousel_item_highlighted'====== Args={'carousel': 'attract', 'direction': None, 'item': 'title'}
2026-02-28 21:39:41,499 : INFO : EventManager : Event: ======'timer_attract_carousel_timer_tick'====== Args={'ticks': 0, 'ticks_remaining': 1}
2026-02-28 21:39:41,500 : INFO : Machine : Starting the main run loop with active modes: [<Mode.attract>]
2026-02-28 21:39:41,720 : INFO : EventManager : Event: ======'slide_attract_created'====== Args={'_from_bcp': True}
2026-02-28 21:39:41,720 : INFO : EventManager : Event: ======'slide__removed'====== Args={'_from_bcp': True}
2026-02-28 21:39:41,721 : INFO : EventManager : Event: ======'slide_attract_active'====== Args={'original_context': 'attract', 'original_calling_context': 'mode_attract_started', 'priority': 10.0, 'cmd': 'slides_play', '_from_bcp': True}
2026-02-28 21:39:46,499 : INFO : Timer.attract_carousel_timer : Timer Complete
2026-02-28 21:39:46,499 : INFO : Timer.attract_carousel_timer : Stopping Timer
2026-02-28 21:39:46,499 : INFO : EventManager : Event: ======'timer_attract_carousel_timer_stopped'====== Args={'ticks': 1, 'ticks_remaining': 1}
2026-02-28 21:39:46,499 : INFO : EventManager : Event: ======'timer_attract_carousel_timer_complete'====== Args={'ticks': 1, 'ticks_remaining': 1}
2026-02-28 21:39:46,500 : INFO : EventManager : Event: ======'carousel_item_highlighted'====== Args={'carousel': 'attract', 'direction': 'forwards', 'item': 'credits'}
2026-02-28 21:39:46,500 : INFO : Timer.attract_carousel_timer : Starting Timer.
2026-02-28 21:39:46,500 : INFO : EventManager : Event: ======'timer_attract_carousel_timer_started'====== Args={'ticks': 0, 'ticks_remaining': 1}
2026-02-28 21:39:46,500 : INFO : EventManager : Event: ======'timer_attract_carousel_timer_tick'====== Args={'ticks': 0, 'ticks_remaining': 1}
2026-02-28 21:39:51,501 : INFO : Timer.attract_carousel_timer : Timer Complete
2026-02-28 21:39:51,501 : INFO : Timer.attract_carousel_timer : Stopping Timer
2026-02-28 21:39:51,501 : INFO : EventManager : Event: ======'timer_attract_carousel_timer_stopped'====== Args={'ticks': 1, 'ticks_remaining': 1}
2026-02-28 21:39:51,501 : INFO : EventManager : Event: ======'timer_attract_carousel_timer_complete'====== Args={'ticks': 1, 'ticks_remaining': 1}
2026-02-28 21:39:51,502 : INFO : EventManager : Event: ======'carousel_item_highlighted'====== Args={'carousel': 'attract', 'direction': 'forwards', 'item': 'logo'}
2026-02-28 21:39:51,502 : INFO : Timer.attract_carousel_timer : Starting Timer.
2026-02-28 21:39:51,502 : INFO : EventManager : Event: ======'timer_attract_carousel_timer_started'====== Args={'ticks': 0, 'ticks_remaining': 1}
2026-02-28 21:39:51,502 : INFO : EventManager : Event: ======'timer_attract_carousel_timer_tick'====== Args={'ticks': 0, 'ticks_remaining': 1}
2026-02-28 21:39:56,503 : INFO : Timer.attract_carousel_timer : Timer Complete
2026-02-28 21:39:56,503 : INFO : Timer.attract_carousel_timer : Stopping Timer
2026-02-28 21:39:56,503 : INFO : EventManager : Event: ======'timer_attract_carousel_timer_stopped'====== Args={'ticks': 1, 'ticks_remaining': 1}
2026-02-28 21:39:56,504 : INFO : EventManager : Event: ======'timer_attract_carousel_timer_complete'====== Args={'ticks': 1, 'ticks_remaining': 1}
2026-02-28 21:39:56,504 : INFO : EventManager : Event: ======'carousel_item_highlighted'====== Args={'carousel': 'attract', 'direction': 'forwards', 'item': 'title'}
2026-02-28 21:39:56,505 : INFO : Timer.attract_carousel_timer : Starting Timer.
2026-02-28 21:39:56,505 : INFO : EventManager : Event: ======'timer_attract_carousel_timer_started'====== Args={'ticks': 0, 'ticks_remaining': 1}
2026-02-28 21:39:56,505 : INFO : EventManager : Event: ======'timer_attract_carousel_timer_tick'====== Args={'ticks': 0, 'ticks_remaining': 1}
2026-02-28 21:40:01,506 : INFO : Timer.attract_carousel_timer : Timer Complete
2026-02-28 21:40:01,506 : INFO : Timer.attract_carousel_timer : Stopping Timer
2026-02-28 21:40:01,506 : INFO : EventManager : Event: ======'timer_attract_carousel_timer_stopped'====== Args={'ticks': 1, 'ticks_remaining': 1}
2026-02-28 21:40:01,506 : INFO : EventManager : Event: ======'timer_attract_carousel_timer_complete'====== Args={'ticks': 1, 'ticks_remaining': 1}
2026-02-28 21:40:01,506 : INFO : EventManager : Event: ======'carousel_item_highlighted'====== Args={'carousel': 'attract', 'direction': 'forwards', 'item': 'credits'}
2026-02-28 21:40:01,507 : INFO : Timer.attract_carousel_timer : Starting Timer.
2026-02-28 21:40:01,507 : INFO : EventManager : Event: ======'timer_attract_carousel_timer_started'====== Args={'ticks': 0, 'ticks_remaining': 1}
2026-02-28 21:40:01,507 : INFO : EventManager : Event: ======'timer_attract_carousel_timer_tick'====== Args={'ticks': 0, 'ticks_remaining': 1}
2026-02-28 21:40:06,508 : INFO : Timer.attract_carousel_timer : Timer Complete
2026-02-28 21:40:06,508 : INFO : Timer.attract_carousel_timer : Stopping Timer
2026-02-28 21:40:06,508 : INFO : EventManager : Event: ======'timer_attract_carousel_timer_stopped'====== Args={'ticks': 1, 'ticks_remaining': 1}
2026-02-28 21:40:06,508 : INFO : EventManager : Event: ======'timer_attract_carousel_timer_complete'====== Args={'ticks': 1, 'ticks_remaining': 1}
2026-02-28 21:40:06,508 : INFO : EventManager : Event: ======'carousel_item_highlighted'====== Args={'carousel': 'attract', 'direction': 'forwards', 'item': 'logo'}
2026-02-28 21:40:06,509 : INFO : Timer.attract_carousel_timer : Starting Timer.
2026-02-28 21:40:06,509 : INFO : EventManager : Event: ======'timer_attract_carousel_timer_started'====== Args={'ticks': 0, 'ticks_remaining': 1}
2026-02-28 21:40:06,509 : INFO : EventManager : Event: ======'timer_attract_carousel_timer_tick'====== Args={'ticks': 0, 'ticks_remaining': 1}
2026-02-28 21:40:11,510 : INFO : Timer.attract_carousel_timer : Timer Complete
2026-02-28 21:40:11,510 : INFO : Timer.attract_carousel_timer : Stopping Timer
2026-02-28 21:40:11,510 : INFO : EventManager : Event: ======'timer_attract_carousel_timer_stopped'====== Args={'ticks': 1, 'ticks_remaining': 1}
2026-02-28 21:40:11,510 : INFO : EventManager : Event: ======'timer_attract_carousel_timer_complete'====== Args={'ticks': 1, 'ticks_remaining': 1}
2026-02-28 21:40:11,511 : INFO : EventManager : Event: ======'carousel_item_highlighted'====== Args={'carousel': 'attract', 'direction': 'forwards', 'item': 'title'}
2026-02-28 21:40:11,511 : INFO : Timer.attract_carousel_timer : Starting Timer.
2026-02-28 21:40:11,511 : INFO : EventManager : Event: ======'timer_attract_carousel_timer_started'====== Args={'ticks': 0, 'ticks_remaining': 1}
2026-02-28 21:40:11,511 : INFO : EventManager : Event: ======'timer_attract_carousel_timer_tick'====== Args={'ticks': 0, 'ticks_remaining': 1}
2026-02-28 21:40:16,512 : INFO : Timer.attract_carousel_timer : Timer Complete
2026-02-28 21:40:16,512 : INFO : Timer.attract_carousel_timer : Stopping Timer
2026-02-28 21:40:16,512 : INFO : EventManager : Event: ======'timer_attract_carousel_timer_stopped'====== Args={'ticks': 1, 'ticks_remaining': 1}
2026-02-28 21:40:16,512 : INFO : EventManager : Event: ======'timer_attract_carousel_timer_complete'====== Args={'ticks': 1, 'ticks_remaining': 1}
2026-02-28 21:40:16,512 : INFO : EventManager : Event: ======'carousel_item_highlighted'====== Args={'carousel': 'attract', 'direction': 'forwards', 'item': 'credits'}
2026-02-28 21:40:16,513 : INFO : Timer.attract_carousel_timer : Starting Timer.
2026-02-28 21:40:16,513 : INFO : EventManager : Event: ======'timer_attract_carousel_timer_started'====== Args={'ticks': 0, 'ticks_remaining': 1}
2026-02-28 21:40:16,513 : INFO : EventManager : Event: ======'timer_attract_carousel_timer_tick'====== Args={'ticks': 0, 'ticks_remaining': 1}
2026-02-28 21:40:21,514 : INFO : Timer.attract_carousel_timer : Timer Complete
2026-02-28 21:40:21,514 : INFO : Timer.attract_carousel_timer : Stopping Timer
2026-02-28 21:40:21,514 : INFO : EventManager : Event: ======'timer_attract_carousel_timer_stopped'====== Args={'ticks': 1, 'ticks_remaining': 1}
2026-02-28 21:40:21,514 : INFO : EventManager : Event: ======'timer_attract_carousel_timer_complete'====== Args={'ticks': 1, 'ticks_remaining': 1}
2026-02-28 21:40:21,515 : INFO : EventManager : Event: ======'carousel_item_highlighted'====== Args={'carousel': 'attract', 'direction': 'forwards', 'item': 'logo'}
2026-02-28 21:40:21,515 : INFO : Timer.attract_carousel_timer : Starting Timer.
2026-02-28 21:40:21,515 : INFO : EventManager : Event: ======'timer_attract_carousel_timer_started'====== Args={'ticks': 0, 'ticks_remaining': 1}
2026-02-28 21:40:21,515 : INFO : EventManager : Event: ======'timer_attract_carousel_timer_tick'====== Args={'ticks': 0, 'ticks_remaining': 1}
2026-02-28 21:40:26,516 : INFO : Timer.attract_carousel_timer : Timer Complete
2026-02-28 21:40:26,516 : INFO : Timer.attract_carousel_timer : Stopping Timer
2026-02-28 21:40:26,516 : INFO : EventManager : Event: ======'timer_attract_carousel_timer_stopped'====== Args={'ticks': 1, 'ticks_remaining': 1}
2026-02-28 21:40:26,516 : INFO : EventManager : Event: ======'timer_attract_carousel_timer_complete'====== Args={'ticks': 1, 'ticks_remaining': 1}
2026-02-28 21:40:26,517 : INFO : EventManager : Event: ======'carousel_item_highlighted'====== Args={'carousel': 'attract', 'direction': 'forwards', 'item': 'title'}
2026-02-28 21:40:26,517 : INFO : Timer.attract_carousel_timer : Starting Timer.
2026-02-28 21:40:26,517 : INFO : EventManager : Event: ======'timer_attract_carousel_timer_started'====== Args={'ticks': 0, 'ticks_remaining': 1}
2026-02-28 21:40:26,517 : INFO : EventManager : Event: ======'timer_attract_carousel_timer_tick'====== Args={'ticks': 0, 'ticks_remaining': 1}
2026-02-28 21:40:31,518 : INFO : Timer.attract_carousel_timer : Timer Complete
2026-02-28 21:40:31,518 : INFO : Timer.attract_carousel_timer : Stopping Timer
2026-02-28 21:40:31,518 : INFO : EventManager : Event: ======'timer_attract_carousel_timer_stopped'====== Args={'ticks': 1, 'ticks_remaining': 1}
2026-02-28 21:40:31,518 : INFO : EventManager : Event: ======'timer_attract_carousel_timer_complete'====== Args={'ticks': 1, 'ticks_remaining': 1}
2026-02-28 21:40:31,519 : INFO : EventManager : Event: ======'carousel_item_highlighted'====== Args={'carousel': 'attract', 'direction': 'forwards', 'item': 'credits'}
2026-02-28 21:40:31,519 : INFO : Timer.attract_carousel_timer : Starting Timer.
2026-02-28 21:40:31,519 : INFO : EventManager : Event: ======'timer_attract_carousel_timer_started'====== Args={'ticks': 0, 'ticks_remaining': 1}
2026-02-28 21:40:31,519 : INFO : EventManager : Event: ======'timer_attract_carousel_timer_tick'====== Args={'ticks': 0, 'ticks_remaining': 1}
2026-02-28 21:40:36,520 : INFO : Timer.attract_carousel_timer : Timer Complete
2026-02-28 21:40:36,520 : INFO : Timer.attract_carousel_timer : Stopping Timer
2026-02-28 21:40:36,520 : INFO : EventManager : Event: ======'timer_attract_carousel_timer_stopped'====== Args={'ticks': 1, 'ticks_remaining': 1}
2026-02-28 21:40:36,520 : INFO : EventManager : Event: ======'timer_attract_carousel_timer_complete'====== Args={'ticks': 1, 'ticks_remaining': 1}
2026-02-28 21:40:36,521 : INFO : EventManager : Event: ======'carousel_item_highlighted'====== Args={'carousel': 'attract', 'direction': 'forwards', 'item': 'logo'}
2026-02-28 21:40:36,521 : INFO : Timer.attract_carousel_timer : Starting Timer.
2026-02-28 21:40:36,521 : INFO : EventManager : Event: ======'timer_attract_carousel_timer_started'====== Args={'ticks': 0, 'ticks_remaining': 1}
2026-02-28 21:40:36,521 : INFO : EventManager : Event: ======'timer_attract_carousel_timer_tick'====== Args={'ticks': 0, 'ticks_remaining': 1}
2026-02-28 21:40:41,522 : INFO : Timer.attract_carousel_timer : Timer Complete
2026-02-28 21:40:41,522 : INFO : Timer.attract_carousel_timer : Stopping Timer
2026-02-28 21:40:41,522 : INFO : EventManager : Event: ======'timer_attract_carousel_timer_stopped'====== Args={'ticks': 1, 'ticks_remaining': 1}
2026-02-28 21:40:41,522 : INFO : EventManager : Event: ======'timer_attract_carousel_timer_complete'====== Args={'ticks': 1, 'ticks_remaining': 1}
2026-02-28 21:40:41,523 : INFO : EventManager : Event: ======'carousel_item_highlighted'====== Args={'carousel': 'attract', 'direction': 'forwards', 'item': 'title'}
2026-02-28 21:40:41,523 : INFO : Timer.attract_carousel_timer : Starting Timer.
2026-02-28 21:40:41,523 : INFO : EventManager : Event: ======'timer_attract_carousel_timer_started'====== Args={'ticks': 0, 'ticks_remaining': 1}
2026-02-28 21:40:41,523 : INFO : EventManager : Event: ======'timer_attract_carousel_timer_tick'====== Args={'ticks': 0, 'ticks_remaining': 1}
2026-02-28 21:40:46,524 : INFO : Timer.attract_carousel_timer : Timer Complete
2026-02-28 21:40:46,524 : INFO : Timer.attract_carousel_timer : Stopping Timer
2026-02-28 21:40:46,524 : INFO : EventManager : Event: ======'timer_attract_carousel_timer_stopped'====== Args={'ticks': 1, 'ticks_remaining': 1}
2026-02-28 21:40:46,524 : INFO : EventManager : Event: ======'timer_attract_carousel_timer_complete'====== Args={'ticks': 1, 'ticks_remaining': 1}
2026-02-28 21:40:46,525 : INFO : EventManager : Event: ======'carousel_item_highlighted'====== Args={'carousel': 'attract', 'direction': 'forwards', 'item': 'credits'}
2026-02-28 21:40:46,525 : INFO : Timer.attract_carousel_timer : Starting Timer.
2026-02-28 21:40:46,525 : INFO : EventManager : Event: ======'timer_attract_carousel_timer_started'====== Args={'ticks': 0, 'ticks_remaining': 1}
2026-02-28 21:40:46,525 : INFO : EventManager : Event: ======'timer_attract_carousel_timer_tick'====== Args={'ticks': 0, 'ticks_remaining': 1}
2026-02-28 21:40:51,526 : INFO : Timer.attract_carousel_timer : Timer Complete
2026-02-28 21:40:51,526 : INFO : Timer.attract_carousel_timer : Stopping Timer
2026-02-28 21:40:51,526 : INFO : EventManager : Event: ======'timer_attract_carousel_timer_stopped'====== Args={'ticks': 1, 'ticks_remaining': 1}
2026-02-28 21:40:51,526 : INFO : EventManager : Event: ======'timer_attract_carousel_timer_complete'====== Args={'ticks': 1, 'ticks_remaining': 1}
2026-02-28 21:40:51,526 : INFO : EventManager : Event: ======'carousel_item_highlighted'====== Args={'carousel': 'attract', 'direction': 'forwards', 'item': 'logo'}
2026-02-28 21:40:51,526 : INFO : Timer.attract_carousel_timer : Starting Timer.
2026-02-28 21:40:51,527 : INFO : EventManager : Event: ======'timer_attract_carousel_timer_started'====== Args={'ticks': 0, 'ticks_remaining': 1}
2026-02-28 21:40:51,527 : INFO : EventManager : Event: ======'timer_attract_carousel_timer_tick'====== Args={'ticks': 0, 'ticks_remaining': 1}
2026-02-28 21:40:56,528 : INFO : Timer.attract_carousel_timer : Timer Complete
2026-02-28 21:40:56,528 : INFO : Timer.attract_carousel_timer : Stopping Timer
2026-02-28 21:40:56,528 : INFO : EventManager : Event: ======'timer_attract_carousel_timer_stopped'====== Args={'ticks': 1, 'ticks_remaining': 1}
2026-02-28 21:40:56,528 : INFO : EventManager : Event: ======'timer_attract_carousel_timer_complete'====== Args={'ticks': 1, 'ticks_remaining': 1}
2026-02-28 21:40:56,528 : INFO : EventManager : Event: ======'carousel_item_highlighted'====== Args={'carousel': 'attract', 'direction': 'forwards', 'item': 'title'}
2026-02-28 21:40:56,528 : INFO : Timer.attract_carousel_timer : Starting Timer.
2026-02-28 21:40:56,529 : INFO : EventManager : Event: ======'timer_attract_carousel_timer_started'====== Args={'ticks': 0, 'ticks_remaining': 1}
2026-02-28 21:40:56,529 : INFO : EventManager : Event: ======'timer_attract_carousel_timer_tick'====== Args={'ticks': 0, 'ticks_remaining': 1}
2026-02-28 21:41:01,529 : INFO : Timer.attract_carousel_timer : Timer Complete
2026-02-28 21:41:01,529 : INFO : Timer.attract_carousel_timer : Stopping Timer
2026-02-28 21:41:01,529 : INFO : EventManager : Event: ======'timer_attract_carousel_timer_stopped'====== Args={'ticks': 1, 'ticks_remaining': 1}
2026-02-28 21:41:01,529 : INFO : EventManager : Event: ======'timer_attract_carousel_timer_complete'====== Args={'ticks': 1, 'ticks_remaining': 1}
2026-02-28 21:41:01,530 : INFO : EventManager : Event: ======'carousel_item_highlighted'====== Args={'carousel': 'attract', 'direction': 'forwards', 'item': 'credits'}
2026-02-28 21:41:01,530 : INFO : Timer.attract_carousel_timer : Starting Timer.
2026-02-28 21:41:01,530 : INFO : EventManager : Event: ======'timer_attract_carousel_timer_started'====== Args={'ticks': 0, 'ticks_remaining': 1}
2026-02-28 21:41:01,530 : INFO : EventManager : Event: ======'timer_attract_carousel_timer_tick'====== Args={'ticks': 0, 'ticks_remaining': 1}
2026-02-28 21:41:06,531 : INFO : Timer.attract_carousel_timer : Timer Complete
2026-02-28 21:41:06,531 : INFO : Timer.attract_carousel_timer : Stopping Timer
2026-02-28 21:41:06,531 : INFO : EventManager : Event: ======'timer_attract_carousel_timer_stopped'====== Args={'ticks': 1, 'ticks_remaining': 1}
2026-02-28 21:41:06,531 : INFO : EventManager : Event: ======'timer_attract_carousel_timer_complete'====== Args={'ticks': 1, 'ticks_remaining': 1}
2026-02-28 21:41:06,532 : INFO : EventManager : Event: ======'carousel_item_highlighted'====== Args={'carousel': 'attract', 'direction': 'forwards', 'item': 'logo'}
2026-02-28 21:41:06,532 : INFO : Timer.attract_carousel_timer : Starting Timer.
2026-02-28 21:41:06,532 : INFO : EventManager : Event: ======'timer_attract_carousel_timer_started'====== Args={'ticks': 0, 'ticks_remaining': 1}
2026-02-28 21:41:06,532 : INFO : EventManager : Event: ======'timer_attract_carousel_timer_tick'====== Args={'ticks': 0, 'ticks_remaining': 1}
2026-02-28 21:41:11,533 : INFO : Timer.attract_carousel_timer : Timer Complete
2026-02-28 21:41:11,533 : INFO : Timer.attract_carousel_timer : Stopping Timer
2026-02-28 21:41:11,534 : INFO : EventManager : Event: ======'timer_attract_carousel_timer_stopped'====== Args={'ticks': 1, 'ticks_remaining': 1}
2026-02-28 21:41:11,534 : INFO : EventManager : Event: ======'timer_attract_carousel_timer_complete'====== Args={'ticks': 1, 'ticks_remaining': 1}
2026-02-28 21:41:11,534 : INFO : EventManager : Event: ======'carousel_item_highlighted'====== Args={'carousel': 'attract', 'direction': 'forwards', 'item': 'title'}
2026-02-28 21:41:11,534 : INFO : Timer.attract_carousel_timer : Starting Timer.
2026-02-28 21:41:11,535 : INFO : EventManager : Event: ======'timer_attract_carousel_timer_started'====== Args={'ticks': 0, 'ticks_remaining': 1}
2026-02-28 21:41:11,535 : INFO : EventManager : Event: ======'timer_attract_carousel_timer_tick'====== Args={'ticks': 0, 'ticks_remaining': 1}
2026-02-28 21:41:16,535 : INFO : Timer.attract_carousel_timer : Timer Complete
2026-02-28 21:41:16,536 : INFO : Timer.attract_carousel_timer : Stopping Timer
2026-02-28 21:41:16,536 : INFO : EventManager : Event: ======'timer_attract_carousel_timer_stopped'====== Args={'ticks': 1, 'ticks_remaining': 1}
2026-02-28 21:41:16,536 : INFO : EventManager : Event: ======'timer_attract_carousel_timer_complete'====== Args={'ticks': 1, 'ticks_remaining': 1}
2026-02-28 21:41:16,536 : INFO : EventManager : Event: ======'carousel_item_highlighted'====== Args={'carousel': 'attract', 'direction': 'forwards', 'item': 'credits'}
2026-02-28 21:41:16,537 : INFO : Timer.attract_carousel_timer : Starting Timer.
2026-02-28 21:41:16,537 : INFO : EventManager : Event: ======'timer_attract_carousel_timer_started'====== Args={'ticks': 0, 'ticks_remaining': 1}
2026-02-28 21:41:16,537 : INFO : EventManager : Event: ======'timer_attract_carousel_timer_tick'====== Args={'ticks': 0, 'ticks_remaining': 1}
2026-02-28 21:41:21,538 : INFO : Timer.attract_carousel_timer : Timer Complete
2026-02-28 21:41:21,538 : INFO : Timer.attract_carousel_timer : Stopping Timer
2026-02-28 21:41:21,538 : INFO : EventManager : Event: ======'timer_attract_carousel_timer_stopped'====== Args={'ticks': 1, 'ticks_remaining': 1}
2026-02-28 21:41:21,538 : INFO : EventManager : Event: ======'timer_attract_carousel_timer_complete'====== Args={'ticks': 1, 'ticks_remaining': 1}
2026-02-28 21:41:21,538 : INFO : EventManager : Event: ======'carousel_item_highlighted'====== Args={'carousel': 'attract', 'direction': 'forwards', 'item': 'logo'}
2026-02-28 21:41:21,539 : INFO : Timer.attract_carousel_timer : Starting Timer.
2026-02-28 21:41:21,539 : INFO : EventManager : Event: ======'timer_attract_carousel_timer_started'====== Args={'ticks': 0, 'ticks_remaining': 1}
2026-02-28 21:41:21,539 : INFO : EventManager : Event: ======'timer_attract_carousel_timer_tick'====== Args={'ticks': 0, 'ticks_remaining': 1}
2026-02-28 21:41:26,539 : INFO : Timer.attract_carousel_timer : Timer Complete
2026-02-28 21:41:26,539 : INFO : Timer.attract_carousel_timer : Stopping Timer
2026-02-28 21:41:26,539 : INFO : EventManager : Event: ======'timer_attract_carousel_timer_stopped'====== Args={'ticks': 1, 'ticks_remaining': 1}
2026-02-28 21:41:26,539 : INFO : EventManager : Event: ======'timer_attract_carousel_timer_complete'====== Args={'ticks': 1, 'ticks_remaining': 1}
2026-02-28 21:41:26,540 : INFO : EventManager : Event: ======'carousel_item_highlighted'====== Args={'carousel': 'attract', 'direction': 'forwards', 'item': 'title'}
2026-02-28 21:41:26,540 : INFO : Timer.attract_carousel_timer : Starting Timer.
2026-02-28 21:41:26,540 : INFO : EventManager : Event: ======'timer_attract_carousel_timer_started'====== Args={'ticks': 0, 'ticks_remaining': 1}
2026-02-28 21:41:26,540 : INFO : EventManager : Event: ======'timer_attract_carousel_timer_tick'====== Args={'ticks': 0, 'ticks_remaining': 1}
2026-02-28 21:41:31,541 : INFO : Timer.attract_carousel_timer : Timer Complete
2026-02-28 21:41:31,541 : INFO : Timer.attract_carousel_timer : Stopping Timer
2026-02-28 21:41:31,541 : INFO : EventManager : Event: ======'timer_attract_carousel_timer_stopped'====== Args={'ticks': 1, 'ticks_remaining': 1}
2026-02-28 21:41:31,541 : INFO : EventManager : Event: ======'timer_attract_carousel_timer_complete'====== Args={'ticks': 1, 'ticks_remaining': 1}
2026-02-28 21:41:31,542 : INFO : EventManager : Event: ======'carousel_item_highlighted'====== Args={'carousel': 'attract', 'direction': 'forwards', 'item': 'credits'}
2026-02-28 21:41:31,542 : INFO : Timer.attract_carousel_timer : Starting Timer.
2026-02-28 21:41:31,542 : INFO : EventManager : Event: ======'timer_attract_carousel_timer_started'====== Args={'ticks': 0, 'ticks_remaining': 1}
2026-02-28 21:41:31,542 : INFO : EventManager : Event: ======'timer_attract_carousel_timer_tick'====== Args={'ticks': 0, 'ticks_remaining': 1}
2026-02-28 21:41:36,543 : INFO : Timer.attract_carousel_timer : Timer Complete
2026-02-28 21:41:36,543 : INFO : Timer.attract_carousel_timer : Stopping Timer
2026-02-28 21:41:36,543 : INFO : EventManager : Event: ======'timer_attract_carousel_timer_stopped'====== Args={'ticks': 1, 'ticks_remaining': 1}
2026-02-28 21:41:36,544 : INFO : EventManager : Event: ======'timer_attract_carousel_timer_complete'====== Args={'ticks': 1, 'ticks_remaining': 1}
2026-02-28 21:41:36,544 : INFO : EventManager : Event: ======'carousel_item_highlighted'====== Args={'carousel': 'attract', 'direction': 'forwards', 'item': 'logo'}
2026-02-28 21:41:36,544 : INFO : Timer.attract_carousel_timer : Starting Timer.
2026-02-28 21:41:36,545 : INFO : EventManager : Event: ======'timer_attract_carousel_timer_started'====== Args={'ticks': 0, 'ticks_remaining': 1}
2026-02-28 21:41:36,545 : INFO : EventManager : Event: ======'timer_attract_carousel_timer_tick'====== Args={'ticks': 0, 'ticks_remaining': 1}
2026-02-28 21:41:41,545 : INFO : Timer.attract_carousel_timer : Timer Complete
2026-02-28 21:41:41,546 : INFO : Timer.attract_carousel_timer : Stopping Timer
2026-02-28 21:41:41,546 : INFO : EventManager : Event: ======'timer_attract_carousel_timer_stopped'====== Args={'ticks': 1, 'ticks_remaining': 1}
2026-02-28 21:41:41,546 : INFO : EventManager : Event: ======'timer_attract_carousel_timer_complete'====== Args={'ticks': 1, 'ticks_remaining': 1}
2026-02-28 21:41:41,546 : INFO : EventManager : Event: ======'carousel_item_highlighted'====== Args={'carousel': 'attract', 'direction': 'forwards', 'item': 'title'}
2026-02-28 21:41:41,547 : INFO : Timer.attract_carousel_timer : Starting Timer.
2026-02-28 21:41:41,547 : INFO : EventManager : Event: ======'timer_attract_carousel_timer_started'====== Args={'ticks': 0, 'ticks_remaining': 1}
2026-02-28 21:41:41,547 : INFO : EventManager : Event: ======'timer_attract_carousel_timer_tick'====== Args={'ticks': 0, 'ticks_remaining': 1}
2026-02-28 21:41:44,995 : INFO : Machine : Shutting down...
2026-02-28 21:41:44,996 : INFO : EventManager : Event: ======'shutdown'====== Args={}
2026-02-28 21:41:44,998 : INFO : root : MPF run loop ended.
